[vm-exec] guest identity pinned (pid 3878 start 9048)
[vm-exec] Waiting... (polls=30s elapsed=31s)

## 0. preconditions, silos
PASS: probe PASS (0)
PASS: weston-terminal image loaded (yes)
PASS: admin compositor socket present (yes)
PASS: qdshell is up (active)
PASS: profile is dev (dev)
PASS: pre: control records (0)
PASS: pre: scopes (0)
PASS: pre: labelled containers (0)
PASS: pre: runsc-bundle processes (0)
PASS: pre: state root holds no container state (0)
PASS: pre: no cleanup call scope left (0)
PASS: pre: no cleanup work dir left (0)
PASS: CreateTier3sSilo s129a (Created)
PASS: CreateTier3sSilo s129b (Created)
PASS: broker answers allow for the GUI spawn (allow)

## 1. two GUI launches up
PASS: both GUI launches up (c57484e3da8349abaa37a970c3cf1c6b, fb9b899f8e1cd4b80a748ff166fc9cc9)
PASS: pre-attack/A: bridge client pid 4898 live (starttime verified)
PASS: pre-attack/A: bridge wrapper pid 4887 live (starttime verified)
PASS: pre-attack/A: bridge client runs as admin, exec waypipe (1000:waypipe)
PASS: pre-attack/A: bridge client + wrapper in the launch unit cgroup (2)
PASS: pre-attack/A: bridge channel live (sandbox waypipe server holds channel + app sockets)
PASS: pre-attack/B: bridge client pid 5695 live (starttime verified)
PASS: pre-attack/B: bridge wrapper pid 5684 live (starttime verified)
PASS: pre-attack/B: bridge client runs as admin, exec waypipe (1000:waypipe)
PASS: pre-attack/B: bridge client + wrapper in the launch unit cgroup (2)
PASS: pre-attack/B: bridge channel live (sandbox waypipe server holds channel + app sockets)
PASS: compositor pid captured (yes)
PASS: A's secctx listener resolved (yes)
PASS: single-attach: reconnect to A's consumed link.sock is refused (refused)
FAIL: A's in-sandbox wayland socket resolved: got 'no', want 'yes'
    sandbox-hose: sandbox hose done sent=0
PASS: the sandbox hose ran (connections attempted) (1)
    hose: listener-garbage: sent 4096 bytes to /run/user/1000/wayland-secctx-4896-0
    hose: listener-truncated-frame: sent 76 bytes to /run/user/1000/wayland-secctx-4896-0
    hose: listener-flood-0: sent 128 bytes to /run/user/1000/wayland-secctx-4896-0
    hose: listener-flood-1: sent 128 bytes to /run/user/1000/wayland-secctx-4896-0
    hose: listener-flood-2: sent 128 bytes to /run/user/1000/wayland-secctx-4896-0
    hose: listener-flood-3: sent 128 bytes to /run/user/1000/wayland-secctx-4896-0
    hose: listener-flood-4: sent 128 bytes to /run/user/1000/wayland-secctx-4896-0
    hose: listener-flood-5: sent 128 bytes to /run/user/1000/wayland-secctx-4896-0
    hose: listener-flood-6: sent 128 bytes to /run/user/1000/wayland-secctx-4896-0
    hose: listener-flood-7: sent 128 bytes to /run/user/1000/wayland-secctx-4896-0
    hose: listener-flood-8: sent 128 bytes to /run/user/1000/wayland-secctx-4896-0
    hose: listener-flood-9: sent 128 bytes to /run/user/1000/wayland-secctx-4896-0
    hose: listener-flood-10: sent 128 bytes to /run/user/1000/wayland-secctx-4896-0
    hose: listener-flood-11: sent 128 bytes to /run/user/1000/wayland-secctx-4896-0
    hose: listener-flood-12: sent 128 bytes to /run/user/1000/wayland-secctx-4896-0
    hose: listener-flood-13: sent 128 bytes to /run/user/1000/wayland-secctx-4896-0
    hose: listener-flood-14: sent 128 bytes to /run/user/1000/wayland-secctx-4896-0
    hose: listener-flood-15: sent 128 bytes to /run/user/1000/wayland-secctx-4896-0
    hose: listener-flood-16: sent 128 bytes to /run/user/1000/wayland-secctx-4896-0
    hose: listener-flood-17: sent 128 bytes to /run/user/1000/wayland-secctx-4896-0
    hose: listener-flood-18: sent 128 bytes to /run/user/1000/wayland-secctx-4896-0
    hose: listener-flood-19: sent 128 bytes to /run/user/1000/wayland-secctx-4896-0
    hose: hose done
PASS: the listener hose ran to completion (1)

## 2. blast radius: only the attacked connection may die
PASS: compositor still the same pid, unit active (927:active)
PASS: qdshell still active (active)
PASS: no compositor/qdshell crash in the journal since the attack (0)

## 3. A's bridge: either dropped the bad connection or died — both in-contract
PASS: A's bridge client survived the garbage (waypipe dropped the bad stream)
PASS: A's bridge channel still established (yes)

## 4. B's launch is completely untouched
PASS: B's record still running (running)
PASS: B's bridge client still live (starttime verified) (yes)
PASS: B's bridge channel still established (yes)
PASS: B's toplevel still in the qdshell model (1)
PASS: B's container still running (running)

## 5. teardown: both launches come down clean
PASS: StopSilo s129a (Stopped)
PASS: StopSilo s129b (Stopped)
PASS: cleanup/A: bridge client+wrapper gone (pid+starttime)
PASS: cleanup/A: secctx listener wayland-secctx-4896-0 revoked
PASS: cleanup/A: launch record /run/user/1000/qdistro-tier3s-launchrec-12b859e80211b6afcaa8e1103962313f.pid removed
PASS: cleanup/A: all 13 launch processes gone (pid+starttime)
PASS: cleanup/A: scope qdistro-tier3s-c57484e3da8349abaa37a970c3cf1c6b.scope gone (unit down, /sys/fs/cgroup/system.slice/qdistro-tier3s-c57484e3da8349abaa37a970c3cf1c6b.scope absent)
PASS: cleanup/A: per-launch dir /run/qdistro-tier3s/c57484e3da8349abaa37a970c3cf1c6b gone
PASS: cleanup/A: control record /run/qdistro-tier3s-ctl/c57484e3da8349abaa37a970c3cf1c6b gone
PASS: cleanup/A: container qdistro-tier3s-s129a gone (podman exists rc=1)
PASS: cleanup/A: no runsc state for 998db2c73d14 in /run/qdistro-tier3s-runsc/1000
PASS: cleanup/B: bridge client+wrapper gone (pid+starttime)
PASS: cleanup/B: secctx listener wayland-secctx-5694-0 revoked
PASS: cleanup/B: launch record /run/user/1000/qdistro-tier3s-launchrec-6b0fa71d01d547f9c12ec3c8af66ded4.pid removed
PASS: cleanup/B: all 17 launch processes gone (pid+starttime)
PASS: cleanup/B: scope qdistro-tier3s-fb9b899f8e1cd4b80a748ff166fc9cc9.scope gone (unit down, /sys/fs/cgroup/system.slice/qdistro-tier3s-fb9b899f8e1cd4b80a748ff166fc9cc9.scope absent)
PASS: cleanup/B: per-launch dir /run/qdistro-tier3s/fb9b899f8e1cd4b80a748ff166fc9cc9 gone
PASS: cleanup/B: control record /run/qdistro-tier3s-ctl/fb9b899f8e1cd4b80a748ff166fc9cc9 gone
PASS: cleanup/B: container qdistro-tier3s-s129b gone (podman exists rc=1)
PASS: cleanup/B: no runsc state for cf04d8e868a4 in /run/qdistro-tier3s-runsc/1000
PASS: DeleteSilo s129a (absent)
PASS: DeleteSilo s129b (absent)
PASS: end: control records (0)
PASS: end: scopes (0)
PASS: end: labelled containers (0)
PASS: end: runsc-bundle processes (0)
PASS: end: state root holds no container state (0)
PASS: end: no cleanup call scope left (0)
PASS: end: no cleanup work dir left (0)
[s129] 70 passes, 1 failures
