Oct 04 10:02:03 baseweed-admin systemd[853]: Starting qdshell desktop (Quickshell QML on top of qdwin)...
Oct 04 10:02:05 baseweed-admin systemd[853]: Started qdshell desktop (Quickshell QML on top of qdwin).
Oct 04 10:02:05 baseweed-admin dbus-run-session[1036]: No running instances for "/usr/share/quickshell/qdshell/shell.qml"
Oct 04 10:02:05 baseweed-admin dbus-run-session[1036]:   INFO: Launching config: "/usr/share/quickshell/qdshell/shell.qml"
Oct 04 10:02:05 baseweed-admin dbus-run-session[1036]:   INFO: Shell ID: "0d0d1ceeb7f0392fec595c8531945b05" Path ID "0d0d1ceeb7f0392fec595c8531945b05"
Oct 04 10:02:05 baseweed-admin dbus-run-session[1036]:   INFO: Saving logs to "/run/user/1000/quickshell/by-id/sshvndmt/log.qslog"
Oct 04 10:02:06 baseweed-admin dbus-run-session[1036]: MESA-EGL: warning: failed to get driver name for fd -1
Oct 04 10:02:06 baseweed-admin dbus-run-session[1036]: MESA-EGL: warning: MESA-LOADER: failed to retrieve device information
Oct 04 10:02:06 baseweed-admin dbus-run-session[1036]: MESA-EGL: warning: failed to get driver name for fd -1
Oct 04 10:02:06 baseweed-admin dbus-run-session[1036]: MESA: error: ZINK: failed to choose pdev
Oct 04 10:02:06 baseweed-admin dbus-run-session[1036]: MESA-EGL: warning: egl: failed to create dri2 screen
Oct 04 10:02:23 baseweed-admin dbus-run-session[1036]:   INFO qml: [20261004-100223]           I18n Service started
Oct 04 10:02:23 baseweed-admin dbus-run-session[1036]:   INFO qml: [20261004-100223]           I18n Loading "en" (locale: "en-Latn-US")
Oct 04 10:02:23 baseweed-admin dbus-run-session[1036]:   INFO qml: [20261004-100223]          Shell ---------------------------
Oct 04 10:02:23 baseweed-admin dbus-run-session[1036]:   INFO qml: [20261004-100223]          Shell Qdshell Hello!
Oct 04 10:02:23 baseweed-admin dbus-run-session[1036]:   WARN scene: @Commons/I18n.qml[104:5]: Unable to assign QJSValue to QObject*
Oct 04 10:02:23 baseweed-admin dbus-run-session[1036]:   INFO: Configuration Loaded
Oct 04 10:02:23 baseweed-admin dbus-run-session[1036]:   WARN scene: @Commons/I18n.qml[104:5]: Unable to assign QJSValue to QObject*
Oct 04 10:02:23 baseweed-admin dbus-run-session[1036]:   INFO qml: [20261004-100223]       Settings Settings loaded
Oct 04 10:02:23 baseweed-admin dbus-run-session[1036]:   INFO qml: [20261004-100223]           I18n Loaded translations for "en"
Oct 04 10:02:23 baseweed-admin dbus-run-session[1036]:   INFO qml: [20261004-100223] PluginRegistry Loaded plugin states from: /home/admin/.config/qdshell/plugins.json
Oct 04 10:02:23 baseweed-admin dbus-run-session[1036]:   INFO qml: [20261004-100223] PluginRegistry Scanning plugin folder: /home/admin/.config/qdshell/plugins
Oct 04 10:02:23 baseweed-admin dbus-run-session[1036]:   INFO qml: [20261004-100223]          Icons Service started
Oct 04 10:02:23 baseweed-admin dbus-run-session[1036]:   INFO: ctrl-server: listening on /run/user/1000/qdshell.sock
Oct 04 10:02:23 baseweed-admin dbus-run-session[1036]:   WARN scene: QML Connections at @Services/Hardware/BrightnessService.qml[66:3]: Detected function "onEnableDdcSupportChanged" in Connections element. This is probably intended to be a signal handler but no signal of the target matches the name.
Oct 04 10:02:23 baseweed-admin dbus-run-session[1036]:   INFO qml: [20261004-100223]     Brightness Service started
Oct 04 10:02:24 baseweed-admin dbus-run-session[1036]:   INFO qml: [20261004-100224] DesktopWidgetR Service started
Oct 04 10:02:24 baseweed-admin dbus-run-session[1036]:   WARN scene: QML Connections at @Services/UI/BarService.qml[147:3]: Detected function "onDisplayModeChanged" in Connections element. This is probably intended to be a signal handler but no signal of the target matches the name.
Oct 04 10:02:24 baseweed-admin dbus-run-session[1036]:   WARN scene: QML Connections at @Services/UI/BarService.qml[147:3]: Detected function "onScreenOverridesChanged" in Connections element. This is probably intended to be a signal handler but no signal of the target matches the name.
Oct 04 10:02:24 baseweed-admin dbus-run-session[1036]:   INFO qml: [20261004-100224]     BarService Service started
Oct 04 10:02:24 baseweed-admin dbus-run-session[1036]:   WARN scene: QML Connections at @Services/Networking/NetworkService.qml[73:3]: Detected function "onWifiEnabledChanged" in Connections element. This is probably intended to be a signal handler but no signal of the target matches the name.
Oct 04 10:02:24 baseweed-admin dbus-run-session[1036]:   INFO qml: [20261004-100224]        Network Service started
Oct 04 10:02:24 baseweed-admin dbus-run-session[1036]:   WARN scene: QML Connections at @Modules/Panels/Dock/StaticDockPanel.qml[350:3]: Detected function "onPinnedAppsChanged" in Connections element. This is probably intended to be a signal handler but no signal of the target matches the name.
Oct 04 10:02:24 baseweed-admin dbus-run-session[1036]:   WARN scene: QML Connections at @Modules/Panels/Dock/StaticDockPanel.qml[350:3]: Detected function "onOnlySameOutputChanged" in Connections element. This is probably intended to be a signal handler but no signal of the target matches the name.
Oct 04 10:02:24 baseweed-admin dbus-run-session[1036]:   WARN scene: QML Connections at @Services/System/SystemStatService.qml[320:3]: Detected function "onEnableDgpuMonitoringChanged" in Connections element. This is probably intended to be a signal handler but no signal of the target matches the name.
Oct 04 10:02:24 baseweed-admin dbus-run-session[1036]:   INFO qml: [20261004-100224]     SystemStat Service started (polling deferred until a consumer registers).
Oct 04 10:02:24 baseweed-admin dbus-run-session[1036]:   WARN scene: QML Connections at @Modules/Panels/Dock/StaticDockPanel.qml[350:3]: Detected function "onPinnedAppsChanged" in Connections element. This is probably intended to be a signal handler but no signal of the target matches the name.
Oct 04 10:02:24 baseweed-admin dbus-run-session[1036]:   WARN scene: QML Connections at @Modules/Panels/Dock/StaticDockPanel.qml[350:3]: Detected function "onOnlySameOutputChanged" in Connections element. This is probably intended to be a signal handler but no signal of the target matches the name.
Oct 04 10:02:24 baseweed-admin dbus-run-session[1036]:   WARN scene: QML Connections at @Modules/Panels/Dock/StaticDockPanel.qml[350:3]: Detected function "onPinnedAppsChanged" in Connections element. This is probably intended to be a signal handler but no signal of the target matches the name.
Oct 04 10:02:24 baseweed-admin dbus-run-session[1036]:   WARN scene: QML Connections at @Modules/Panels/Dock/StaticDockPanel.qml[350:3]: Detected function "onOnlySameOutputChanged" in Connections element. This is probably intended to be a signal handler but no signal of the target matches the name.
Oct 04 10:02:24 baseweed-admin dbus-run-session[1036]:   WARN scene: QML Connections at @Services/UI/WallpaperService.qml[140:3]: Detected function "onWallpaperDownloaded" in Connections element. This is probably intended to be a signal handler but no signal of the target matches the name.
Oct 04 10:02:24 baseweed-admin dbus-run-session[1036]:   WARN scene: QML Connections at @Services/UI/WallpaperService.qml[61:3]: Detected function "onDirectoryChanged" in Connections element. This is probably intended to be a signal handler but no signal of the target matches the name.
Oct 04 10:02:24 baseweed-admin dbus-run-session[1036]:   WARN scene: QML Connections at @Services/UI/WallpaperService.qml[61:3]: Detected function "onEnableMultiMonitorDirectoriesChanged" in Connections element. This is probably intended to be a signal handler but no signal of the target matches the name.
Oct 04 10:02:24 baseweed-admin dbus-run-session[1036]:   WARN scene: QML Connections at @Services/UI/WallpaperService.qml[61:3]: Detected function "onAutomationEnabledChanged" in Connections element. This is probably intended to be a signal handler but no signal of the target matches the name.
Oct 04 10:02:24 baseweed-admin dbus-run-session[1036]:   WARN scene: QML Connections at @Services/UI/WallpaperService.qml[61:3]: Detected function "onRandomIntervalSecChanged" in Connections element. This is probably intended to be a signal handler but no signal of the target matches the name.
Oct 04 10:02:24 baseweed-admin dbus-run-session[1036]:   WARN scene: QML Connections at @Services/UI/WallpaperService.qml[61:3]: Detected function "onWallpaperChangeModeChanged" in Connections element. This is probably intended to be a signal handler but no signal of the target matches the name.
Oct 04 10:02:24 baseweed-admin dbus-run-session[1036]:   WARN scene: QML Connections at @Services/UI/WallpaperService.qml[61:3]: Detected function "onViewModeChanged" in Connections element. This is probably intended to be a signal handler but no signal of the target matches the name.
Oct 04 10:02:24 baseweed-admin dbus-run-session[1036]:   WARN scene: QML Connections at @Services/UI/WallpaperService.qml[61:3]: Detected function "onShowHiddenFilesChanged" in Connections element. This is probably intended to be a signal handler but no signal of the target matches the name.
Oct 04 10:02:24 baseweed-admin dbus-run-session[1036]:   WARN scene: QML Connections at @Services/UI/WallpaperService.qml[61:3]: Detected function "onUseSolidColorChanged" in Connections element. This is probably intended to be a signal handler but no signal of the target matches the name.
Oct 04 10:02:24 baseweed-admin dbus-run-session[1036]:   WARN scene: QML Connections at @Services/UI/WallpaperService.qml[61:3]: Detected function "onSolidColorChanged" in Connections element. This is probably intended to be a signal handler but no signal of the target matches the name.
Oct 04 10:02:24 baseweed-admin dbus-run-session[1036]:   WARN scene: QML Connections at @Services/UI/WallpaperService.qml[61:3]: Detected function "onSortOrderChanged" in Connections element. This is probably intended to be a signal handler but no signal of the target matches the name.
Oct 04 10:02:24 baseweed-admin dbus-run-session[1036]:   WARN scene: QML Connections at @Modules/Background/Background.qml[80:7]: Detected function "onFillModeChanged" in Connections element. This is probably intended to be a signal handler but no signal of the target matches the name.
Oct 04 10:02:24 baseweed-admin dbus-run-session[1036]:   WARN scene: QML Connections at @Modules/Background/Background.qml[80:7]: Detected function "onFillModeChanged" in Connections element. This is probably intended to be a signal handler but no signal of the target matches the name.
Oct 04 10:02:24 baseweed-admin dbus-run-session[1036]:   WARN scene: QML Connections at @Modules/Background/Background.qml[80:7]: Detected function "onFillModeChanged" in Connections element. This is probably intended to be a signal handler but no signal of the target matches the name.
Oct 04 10:02:24 baseweed-admin dbus-run-session[1036]:   WARN scene: QML Connections at @Modules/Dock/Dock.qml[45:7]: Detected function "onPinnedAppsChanged" in Connections element. This is probably intended to be a signal handler but no signal of the target matches the name.
Oct 04 10:02:24 baseweed-admin dbus-run-session[1036]:   WARN scene: QML Connections at @Modules/Dock/Dock.qml[45:7]: Detected function "onOnlySameOutputChanged" in Connections element. This is probably intended to be a signal handler but no signal of the target matches the name.
Oct 04 10:02:24 baseweed-admin dbus-run-session[1036]:   WARN scene: QML Connections at @Modules/Dock/Dock.qml[45:7]: Detected function "onPinnedAppsChanged" in Connections element. This is probably intended to be a signal handler but no signal of the target matches the name.
Oct 04 10:02:24 baseweed-admin dbus-run-session[1036]:   WARN scene: QML Connections at @Modules/Dock/Dock.qml[45:7]: Detected function "onOnlySameOutputChanged" in Connections element. This is probably intended to be a signal handler but no signal of the target matches the name.
Oct 04 10:02:24 baseweed-admin dbus-run-session[1036]:   WARN scene: QML Connections at @Modules/Dock/Dock.qml[45:7]: Detected function "onPinnedAppsChanged" in Connections element. This is probably intended to be a signal handler but no signal of the target matches the name.
Oct 04 10:02:24 baseweed-admin dbus-run-session[1036]:   WARN scene: QML Connections at @Modules/Dock/Dock.qml[45:7]: Detected function "onOnlySameOutputChanged" in Connections element. This is probably intended to be a signal handler but no signal of the target matches the name.
Oct 04 10:02:24 baseweed-admin dbus-run-session[1036]:   INFO qml: [20261004-100224]          Shell ---------------------------
Oct 04 10:02:24 baseweed-admin dbus-run-session[1036]:   INFO qml: [20261004-100224]      Wallpaper Service started
Oct 04 10:02:24 baseweed-admin dbus-run-session[1036]:   INFO qml: [20261004-100224]     ImageCache Service started
Oct 04 10:02:24 baseweed-admin dbus-run-session[1036]:   WARN scene: QML Connections at @Services/Theming/AppThemeService.qml[30:3]: Detected function "onDarkModeChanged" in Connections element. This is probably intended to be a signal handler but no signal of the target matches the name.
Oct 04 10:02:24 baseweed-admin dbus-run-session[1036]:   WARN scene: QML Connections at @Services/Theming/AppThemeService.qml[30:3]: Detected function "onMonitorForColorsChanged" in Connections element. This is probably intended to be a signal handler but no signal of the target matches the name.
Oct 04 10:02:24 baseweed-admin dbus-run-session[1036]:   WARN scene: QML Connections at @Services/Theming/AppThemeService.qml[30:3]: Detected function "onGenerationMethodChanged" in Connections element. This is probably intended to be a signal handler but no signal of the target matches the name.
Oct 04 10:02:24 baseweed-admin dbus-run-session[1036]:   INFO qml: [20261004-100224] AppThemeServic Service started
Oct 04 10:02:24 baseweed-admin dbus-run-session[1036]:   WARN scene: QML Connections at @Services/Theming/ColorSchemeService.qml[20:3]: Detected function "onDarkModeChanged" in Connections element. This is probably intended to be a signal handler but no signal of the target matches the name.
Oct 04 10:02:24 baseweed-admin dbus-run-session[1036]:   INFO qml: [20261004-100224]    ColorScheme Service started
Oct 04 10:02:24 baseweed-admin dbus-run-session[1036]:   INFO qml: [20261004-100224] AppPresentatio Service started
Oct 04 10:02:24 baseweed-admin dbus-run-session[1036]:   WARN scene: QML Connections at @Services/Location/DarkModeService.qml[43:3]: Detected function "onSchedulingModeChanged" in Connections element. This is probably intended to be a signal handler but no signal of the target matches the name.
Oct 04 10:02:24 baseweed-admin dbus-run-session[1036]:   WARN scene: QML Connections at @Services/Location/DarkModeService.qml[28:3]: Detected function "onManualSunriseChanged" in Connections element. This is probably intended to be a signal handler but no signal of the target matches the name.
Oct 04 10:02:24 baseweed-admin dbus-run-session[1036]:   WARN scene: QML Connections at @Services/Location/DarkModeService.qml[28:3]: Detected function "onManualSunsetChanged" in Connections element. This is probably intended to be a signal handler but no signal of the target matches the name.
Oct 04 10:02:24 baseweed-admin dbus-run-session[1036]:   INFO qml: [20261004-100224] DarkModeServic Service started
Oct 04 10:02:24 baseweed-admin dbus-run-session[1036]:   WARN scene: @Services/Location/DarkModeService.qml[29:5]: Unable to assign QJSValue to QObject*
Oct 04 10:02:24 baseweed-admin dbus-run-session[1036]:   WARN scene: @Services/Location/DarkModeService.qml[44:5]: Unable to assign QJSValue to QObject*
Oct 04 10:02:24 baseweed-admin dbus-run-session[1036]:   WARN scene: @Services/Theming/ColorSchemeService.qml[21:5]: Unable to assign QJSValue to QObject*
Oct 04 10:02:24 baseweed-admin dbus-run-session[1036]:   WARN scene: @Services/Theming/AppThemeService.qml[31:5]: Unable to assign QJSValue to QObject*
Oct 04 10:02:24 baseweed-admin dbus-run-session[1036]:   WARN scene: @Modules/Dock/Dock.qml[46:9]: Unable to assign QJSValue to QObject*
Oct 04 10:02:24 baseweed-admin dbus-run-session[1036]:   WARN scene: @Modules/Dock/Dock.qml[46:9]: Unable to assign QJSValue to QObject*
Oct 04 10:02:24 baseweed-admin dbus-run-session[1036]:   WARN scene: @Modules/Dock/Dock.qml[46:9]: Unable to assign QJSValue to QObject*
Oct 04 10:02:24 baseweed-admin dbus-run-session[1036]:   WARN scene: @Modules/Background/Background.qml[81:9]: Unable to assign QJSValue to QObject*
Oct 04 10:02:24 baseweed-admin dbus-run-session[1036]:   WARN scene: @Modules/Background/Background.qml[81:9]: Unable to assign QJSValue to QObject*
Oct 04 10:02:24 baseweed-admin dbus-run-session[1036]:   WARN scene: @Modules/Background/Background.qml[81:9]: Unable to assign QJSValue to QObject*
Oct 04 10:02:24 baseweed-admin dbus-run-session[1036]:   WARN scene: @Services/UI/WallpaperService.qml[62:5]: Unable to assign QJSValue to QObject*
Oct 04 10:02:24 baseweed-admin dbus-run-session[1036]:   WARN scene: @Modules/Panels/SessionMenu/SessionMenu.qml[152:5]: Unable to assign QJSValue to QObject*
Oct 04 10:02:24 baseweed-admin dbus-run-session[1036]:   WARN scene: @Modules/Panels/Dock/StaticDockPanel.qml[351:5]: Unable to assign QJSValue to QObject*
Oct 04 10:02:24 baseweed-admin dbus-run-session[1036]:   WARN scene: @Modules/Panels/SessionMenu/SessionMenu.qml[152:5]: Unable to assign QJSValue to QObject*
Oct 04 10:02:24 baseweed-admin dbus-run-session[1036]:   WARN scene: @Modules/Panels/Dock/StaticDockPanel.qml[351:5]: Unable to assign QJSValue to QObject*
Oct 04 10:02:24 baseweed-admin dbus-run-session[1036]:   WARN scene: @Services/System/SystemStatService.qml[321:5]: Unable to assign QJSValue to QObject*
Oct 04 10:02:24 baseweed-admin dbus-run-session[1036]:   WARN scene: @Modules/Panels/SessionMenu/SessionMenu.qml[152:5]: Unable to assign QJSValue to QObject*
Oct 04 10:02:24 baseweed-admin dbus-run-session[1036]:   WARN scene: @Services/Networking/NetworkService.qml[74:5]: Unable to assign QJSValue to QObject*
Oct 04 10:02:24 baseweed-admin dbus-run-session[1036]:   WARN scene: @Modules/Panels/Dock/StaticDockPanel.qml[351:5]: Unable to assign QJSValue to QObject*
Oct 04 10:02:24 baseweed-admin dbus-run-session[1036]:   WARN scene: @Services/UI/BarService.qml[148:5]: Unable to assign QJSValue to QObject*
Oct 04 10:02:24 baseweed-admin dbus-run-session[1036]:   WARN scene: @Services/Hardware/BrightnessService.qml[67:5]: Unable to assign QJSValue to QObject*
Oct 04 10:02:24 baseweed-admin dbus-run-session[1036]:   INFO qml: [20261004-100224]      Wallpaper Starting scan for Virtual-1 in /home/admin/Pictures/Wallpapers recursive: false
Oct 04 10:02:24 baseweed-admin dbus-run-session[1036]:   INFO qml: [20261004-100224]      Wallpaper Starting scan for pipewire-0 in /home/admin/Pictures/Wallpapers recursive: false
Oct 04 10:02:24 baseweed-admin dbus-run-session[1036]:   INFO qml: [20261004-100224]      Wallpaper Starting scan for pipewire-1 in /home/admin/Pictures/Wallpapers recursive: false
Oct 04 10:02:24 baseweed-admin dbus-run-session[1036]:   INFO qml: [20261004-100224]       Location Service started
Oct 04 10:02:24 baseweed-admin dbus-run-session[1036]:   WARN scene: QML Connections at @Services/Location/NightLightService.qml[96:3]: Detected function "onEnabledChanged" in Connections element. This is probably intended to be a signal handler but no signal of the target matches the name.
Oct 04 10:02:24 baseweed-admin dbus-run-session[1036]:   WARN scene: QML Connections at @Services/Location/NightLightService.qml[96:3]: Detected function "onForcedChanged" in Connections element. This is probably intended to be a signal handler but no signal of the target matches the name.
Oct 04 10:02:24 baseweed-admin dbus-run-session[1036]:   WARN scene: QML Connections at @Services/Location/NightLightService.qml[96:3]: Detected function "onNightTempChanged" in Connections element. This is probably intended to be a signal handler but no signal of the target matches the name.
Oct 04 10:02:24 baseweed-admin dbus-run-session[1036]:   WARN scene: QML Connections at @Services/Location/NightLightService.qml[96:3]: Detected function "onDayTempChanged" in Connections element. This is probably intended to be a signal handler but no signal of the target matches the name.
Oct 04 10:02:24 baseweed-admin dbus-run-session[1036]:   WARN scene: QML Connections at @Services/Control/HooksService.qml[16:3]: Detected function "onDarkModeChanged" in Connections element. This is probably intended to be a signal handler but no signal of the target matches the name.
Oct 04 10:02:24 baseweed-admin dbus-run-session[1036]:   INFO qml: [20261004-100224]   HooksService Service started
Oct 04 10:02:24 baseweed-admin dbus-run-session[1036]:   WARN quickshell.dbus.objectmanager: Failed to create DBusObjectManagerInterface for "org.bluez" "/" : QDBusError("org.freedesktop.DBus.Error.ServiceUnknown", "The name is not activatable")
Oct 04 10:02:24 baseweed-admin dbus-run-session[1036]:   INFO qml: [20261004-100224]      Bluetooth Service started
Oct 04 10:02:24 baseweed-admin dbus-run-session[1036]:   INFO qml: [20261004-100224]  IdleInhibitor Service started
Oct 04 10:02:24 baseweed-admin dbus-run-session[1036]:   INFO qml: [20261004-100224] CapabilityServ qdwin live-apply capabilities: pointer=false xkb=false wm=false output=false workspace=false idleDpms=false keybind=false
Oct 04 10:02:24 baseweed-admin dbus-run-session[1036]:   INFO qml: [20261004-100224]   PowerService Service started
Oct 04 10:02:24 baseweed-admin dbus-run-session[1036]:   INFO qml: [20261004-100224] AccessibilityS Service started
Oct 04 10:02:24 baseweed-admin dbus-run-session[1036]:   INFO qml: [20261004-100224]  KeyboardInput Service started
Oct 04 10:02:24 baseweed-admin dbus-run-session[1036]:   INFO qml: [20261004-100224] PointerInputSe Service started (qdwin live-apply: persist-only until shell binds >= v28)
Oct 04 10:02:24 baseweed-admin dbus-run-session[1036]:   INFO qml: [20261004-100224] WindowManagerS Service started (qdwin v25 live-apply: false, shortcuts: false)
Oct 04 10:02:24 baseweed-admin dbus-run-session[1036]:   INFO qml: [20261004-100224] SessionService started; saved=0 canApplyPlacement=false
Oct 04 10:02:24 baseweed-admin dbus-run-session[1036]:   INFO qml: [20261004-100224]    HostService Service started
Oct 04 10:02:24 baseweed-admin dbus-run-session[1036]:   INFO qml: [20261004-100224] CustomButtonIP Service started
Oct 04 10:02:24 baseweed-admin dbus-run-session[1036]:   INFO qml: [20261004-100224]     IPCService Service started
Oct 04 10:02:24 baseweed-admin dbus-run-session[1036]:   INFO qml: [20261004-100224]        PodApps service started
Oct 04 10:02:24 baseweed-admin dbus-run-session[1036]:   INFO qml: [20261004-100224]         VMApps service started
Oct 04 10:02:24 baseweed-admin dbus-run-session[1036]:   INFO qml: [20261004-100224]      Tier3Apps service started
Oct 04 10:02:24 baseweed-admin dbus-run-session[1036]:   INFO qml: [20261004-100224]     Tier3sApps service started
Oct 04 10:02:24 baseweed-admin dbus-run-session[1036]:   INFO qml: [20261004-100224]      Tier4Apps service started
Oct 04 10:02:24 baseweed-admin dbus-run-session[1036]:   INFO qml: [20261004-100224] RemoteMachineW service started
Oct 04 10:02:24 baseweed-admin dbus-run-session[1036]:   INFO qml: [20261004-100224]  Tier3FocusIPC service started
Oct 04 10:02:24 baseweed-admin dbus-run-session[1036]:   WARN quickshell.dbus: Could not launch service org.freedesktop.UPower.PowerProfiles: QDBusError(org.freedesktop.DBus.Error.ServiceUnknown, The name is not activatable)
Oct 04 10:02:24 baseweed-admin dbus-run-session[1036]:   WARN quickshell.service.powerprofiles: Could not start PowerProfilesDaemon. The PowerProfiles service will not work.
Oct 04 10:02:24 baseweed-admin dbus-run-session[1036]:   INFO qml: [20261004-100224]          Qdwin qdwin_shell_v1 bound v34
Oct 04 10:02:24 baseweed-admin dbus-run-session[1036]:   INFO qml: [20261004-100224]  ClipboardGate wired to qdwin_shell_v1; broker default=deny
Oct 04 10:02:24 baseweed-admin dbus-run-session[1036]:   INFO qml: [20261004-100224] WindowManagerS applied WM policy focus=click placement=smart snap=true/16
Oct 04 10:02:24 baseweed-admin dbus-run-session[1036]:   INFO qml: [20261004-100224] CapabilityServ wmPolicy -> true
Oct 04 10:02:24 baseweed-admin dbus-run-session[1036]:   INFO qml: [20261004-100224] WindowManagerS registered WM shortcuts (5 active)
Oct 04 10:02:24 baseweed-admin dbus-run-session[1036]:   INFO qml: [20261004-100224] CapabilityServ keybindRegistration -> true
Oct 04 10:02:24 baseweed-admin dbus-run-session[1036]:   INFO qml: [20261004-100224] PointerInputSe applied pointer config accelSpeed=0 profile=0 natural=0 tap=1 scroll=1
Oct 04 10:02:24 baseweed-admin dbus-run-session[1036]:   INFO qml: [20261004-100224] CapabilityServ pointerConfig -> true
Oct 04 10:02:24 baseweed-admin dbus-run-session[1036]:   INFO qml: [20261004-100224]  KeyboardInput applied qdwin key-repeat rate=25 delay=500
Oct 04 10:02:24 baseweed-admin dbus-run-session[1036]:   INFO qml: [20261004-100224] CapabilityServ xkbRepeat -> true
Oct 04 10:02:24 baseweed-admin dbus-run-session[1036]:   INFO qml: [20261004-100224]   PowerService idle policy armed: inactivity=0ms (nothing), displayOff=0ms, presentation=false
Oct 04 10:02:24 baseweed-admin dbus-run-session[1036]:   INFO qml: [20261004-100224] CapabilityServ idleDpms -> true
Oct 04 10:02:24 baseweed-admin dbus-run-session[1036]:   INFO qml: [20261004-100224] CapabilityServ outputManagement -> true
Oct 04 10:02:25 baseweed-admin dbus-run-session[1036]:   WARN qml: [20261004-100225]       Location Weather is still fetching
Oct 04 10:02:25 baseweed-admin dbus-run-session[1036]:   WARN quickshell.dbus: Could not launch service org.freedesktop.UPower: QDBusError(org.freedesktop.DBus.Error.ServiceUnknown, The name is not activatable)
Oct 04 10:02:25 baseweed-admin dbus-run-session[1036]:   WARN quickshell.service.upower: Could not start UPower. The UPower service will not work.
Oct 04 10:02:25 baseweed-admin dbus-run-session[1036]:   INFO qml: [20261004-100225]    HostService Detected openSUSE Tumbleweed
Oct 04 10:02:25 baseweed-admin dbus-run-session[1036]:   INFO qml: [20261004-100225]    HostService Looking for logo icon: distributor-logo-Tumbleweed
Oct 04 10:02:25 baseweed-admin dbus-run-session[1036]:   INFO qml: [20261004-100225]    HostService resolved hostname baseweed-admin
Oct 04 10:02:25 baseweed-admin dbus-run-session[1036]:   WARN: Process failed to start, likely because the binary could not be found. Command: QList("bluetoothctl", "show")
Oct 04 10:02:25 baseweed-admin dbus-run-session[1036]:   WARN: Process failed to start, likely because the binary could not be found. Command: QList("udisksctl", "monitor")
Oct 04 10:02:25 baseweed-admin dbus-run-session[1036]:  ERROR qml: [20261004-100225]       Location Geocoding error: 0
Oct 04 10:02:25 baseweed-admin dbus-run-session[1036]:   INFO qml: [20261004-100225] PluginRegistry All plugin manifests loaded. Total plugins: 0
Oct 04 10:02:25 baseweed-admin dbus-run-session[1036]:   INFO qml: [20261004-100225]  PluginService Initializing plugin system
Oct 04 10:02:25 baseweed-admin dbus-run-session[1036]:   INFO qml: [20261004-100225]  PluginService Found 0 enabled plugins: []
Oct 04 10:02:25 baseweed-admin dbus-run-session[1036]:   INFO qml: [20261004-100225]  PluginService No plugins to load
Oct 04 10:02:25 baseweed-admin dbus-run-session[1036]:   INFO qml: [20261004-100225]  PluginService Refreshing available plugins
Oct 04 10:02:25 baseweed-admin dbus-run-session[1036]:   WARN qml: [20261004-100225]     ImageCache ImageMagick not found, using Qt fallback
Oct 04 10:02:25 baseweed-admin dbus-run-session[1036]:   WARN qml: [20261004-100225]      Wallpaper Scan failed for Virtual-1 exit code: 1 (directory might not exist)
Oct 04 10:02:25 baseweed-admin dbus-run-session[1036]:   WARN qml: [20261004-100225]      Wallpaper Scan failed for pipewire-0 exit code: 1 (directory might not exist)
Oct 04 10:02:25 baseweed-admin dbus-run-session[1036]:   WARN qml: [20261004-100225]      Wallpaper Scan failed for pipewire-1 exit code: 1 (directory might not exist)
Oct 04 10:02:25 baseweed-admin dbus-run-session[1036]:   WARN qml: [20261004-100225]   PowerService Button monitor unavailable (exit 1); releasing key inhibitors, logind will handle power/sleep keys
Oct 04 10:02:25 baseweed-admin dbus-run-session[1036]:   INFO qml: [20261004-100225]  KeyboardInput applied qdwin key-repeat rate=25 delay=500
Oct 04 10:02:25 baseweed-admin dbus-run-session[1036]:   INFO qml: [20261004-100225] PointerInputSe enumerated 3 pointer device(s) via proc
Oct 04 10:02:25 baseweed-admin dbus-run-session[1036]:   INFO qml: [20261004-100225]        PodApps cache refresh loaded 0 apps
Oct 04 10:02:33 baseweed-admin dbus-run-session[1036]:   WARN scene: QML Connections at qs:/usr/share/quickshell/qdshell/Modules/Bar/Widgets/Taskbar.qml[981:3]: Detected function "onPinnedAppsChanged" in Connections element. This is probably intended to be a signal handler but no signal of the target matches the name.
Oct 04 10:02:33 baseweed-admin dbus-run-session[1036]:   WARN scene: QML Connections at qs:/usr/share/quickshell/qdshell/Modules/Bar/Widgets/Taskbar.qml[981:3]: Detected function "onPinnedAppsChanged" in Connections element. This is probably intended to be a signal handler but no signal of the target matches the name.
Oct 04 10:02:33 baseweed-admin dbus-run-session[1036]:   WARN scene: QML Connections at qs:/usr/share/quickshell/qdshell/Modules/Bar/Widgets/Taskbar.qml[981:3]: Detected function "onPinnedAppsChanged" in Connections element. This is probably intended to be a signal handler but no signal of the target matches the name.
Oct 04 10:02:33 baseweed-admin dbus-run-session[1036]:   WARN: Could not load icon "user-desktop?fallback=application-x-executable" at size QSize(19, 19) from request
Oct 04 10:02:33 baseweed-admin dbus-run-session[1036]:   WARN scene: qs:/usr/share/quickshell/qdshell/Modules/Bar/Widgets/Taskbar.qml[982:5]: Unable to assign QJSValue to QObject*
Oct 04 10:02:33 baseweed-admin dbus-run-session[1036]:   WARN scene: qs:/usr/share/quickshell/qdshell/Modules/Bar/Widgets/Taskbar.qml[982:5]: Unable to assign QJSValue to QObject*
Oct 04 10:02:33 baseweed-admin dbus-run-session[1036]:   WARN scene: qs:/usr/share/quickshell/qdshell/Modules/Bar/Widgets/Taskbar.qml[982:5]: Unable to assign QJSValue to QObject*
Oct 04 10:02:33 baseweed-admin dbus-run-session[1036]:   WARN scene: @Services/Control/HooksService.qml[17:5]: Unable to assign QJSValue to QObject*
Oct 04 10:02:33 baseweed-admin dbus-run-session[1036]:   WARN scene: @Services/Location/NightLightService.qml[97:5]: Unable to assign QJSValue to QObject*
Oct 04 10:02:33 baseweed-admin dbus-run-session[1036]:   INFO qml: [20261004-100233]    ColorScheme Applying color scheme: Qdshell (default)
Oct 04 10:02:33 baseweed-admin dbus-run-session[1036]:   INFO qml: [20261004-100233]           Font Service started
Oct 04 10:02:33 baseweed-admin dbus-run-session[1036]:  ERROR qml: [20261004-100233]  PluginService Empty response from Qdshell Plugins
Oct 04 10:02:33 baseweed-admin dbus-run-session[1036]:  ERROR qml: [20261004-100233]  PluginService Failed to fetch registry from Qdshell Plugins - exit code: 1
Oct 04 10:02:34 baseweed-admin dbus-run-session[1036]:   INFO qml: [20261004-100234]        PodApps cache refresh loaded 0 apps
Oct 04 10:02:34 baseweed-admin dbus-run-session[1036]:   WARN: Process failed to start, likely because the binary could not be found. Command: QList("bluetoothctl", "show")
Oct 04 10:02:36 baseweed-admin dbus-run-session[1036]:   INFO qml: [20261004-100236]           Font Loaded 11 fonts, 3 monospace
Oct 04 10:02:38 baseweed-admin dbus-run-session[1036]:   INFO qml: [20261004-100238]           Time Time jump detected (13s) - likely system resume
Oct 04 10:02:38 baseweed-admin dbus-run-session[1036]:   INFO qml: [20261004-100238]        Network System resumed - forcing state poll
Oct 04 10:02:38 baseweed-admin dbus-run-session[1036]:   INFO qml: [20261004-100238]     SystemStat System resumed - resetting differential state
Oct 04 10:02:38 baseweed-admin dbus-run-session[1036]:   INFO qml: [20261004-100238] DarkModeServic System resumed - re-evaluating dark mode
Oct 04 10:02:38 baseweed-admin dbus-run-session[1036]:   INFO qml: [20261004-100238]     NightLight System resumed - re-applying night light
Oct 04 10:02:38 baseweed-admin dbus-run-session[1036]:   INFO qml: [20261004-100238]      Bluetooth System resumed - forcing state poll
Oct 04 10:02:39 baseweed-admin dbus-run-session[1036]:   WARN: Process failed to start, likely because the binary could not be found. Command: QList("bluetoothctl", "show")
Oct 04 10:02:39 baseweed-admin dbus-run-session[1036]:   WARN qml: [20261004-100239]        Network Connectivity check error: Error: Not authorized to recheck connectivity.
Oct 04 10:02:39 baseweed-admin dbus-run-session[1036]:   WARN: Process failed to start, likely because the binary could not be found. Command: QList("bluetoothctl", "show")
Oct 04 10:02:39 baseweed-admin dbus-run-session[1036]:   WARN qml: [20261004-100239]     SystemStat No supported temperature sensor found
Oct 04 10:02:41 baseweed-admin dbus-run-session[1036]:   INFO qml: [20261004-100241] DarkModeServic Resume retry - re-evaluating dark mode again
Oct 04 10:02:41 baseweed-admin dbus-run-session[1036]:   INFO qml: [20261004-100241]     NightLight Resume retry - re-applying night light again
Oct 04 10:02:41 baseweed-admin dbus-run-session[1036]:   WARN: Process failed to start, likely because the binary could not be found. Command: QList("bluetoothctl", "show")
Oct 04 10:02:43 baseweed-admin dbus-run-session[1036]:   WARN: Process failed to start, likely because the binary could not be found. Command: QList("bluetoothctl", "show")
Oct 04 10:02:44 baseweed-admin dbus-run-session[1036]:   WARN qml: [20261004-100244]       Location Weather is still fetching
Oct 04 10:02:44 baseweed-admin dbus-run-session[1036]:  ERROR qml: [20261004-100244]       Location Geocoding error: 0
Oct 04 10:02:45 baseweed-admin dbus-run-session[1036]:   WARN: Process failed to start, likely because the binary could not be found. Command: QList("bluetoothctl", "show")
Oct 04 10:02:47 baseweed-admin dbus-run-session[1036]:   WARN: Process failed to start, likely because the binary could not be found. Command: QList("bluetoothctl", "show")
Oct 04 10:02:48 baseweed-admin dbus-run-session[1036]:   WARN qml: [20261004-100248]        Network Connectivity check error: Error: Not authorized to recheck connectivity.
Oct 04 10:02:49 baseweed-admin dbus-run-session[1036]:   WARN: Process failed to start, likely because the binary could not be found. Command: QList("bluetoothctl", "show")
Oct 04 10:02:51 baseweed-admin dbus-run-session[1036]:   WARN: Process failed to start, likely because the binary could not be found. Command: QList("bluetoothctl", "show")
Oct 04 10:02:53 baseweed-admin dbus-run-session[1036]:   WARN: Process failed to start, likely because the binary could not be found. Command: QList("bluetoothctl", "show")
Oct 04 10:02:54 baseweed-admin dbus-run-session[1036]:   INFO qml: [20261004-100254]        PodApps cache refresh loaded 0 apps
Oct 04 10:02:55 baseweed-admin dbus-run-session[1036]:   WARN: Process failed to start, likely because the binary could not be found. Command: QList("bluetoothctl", "show")
Oct 04 10:02:57 baseweed-admin dbus-run-session[1036]:   WARN: Process failed to start, likely because the binary could not be found. Command: QList("bluetoothctl", "show")
Oct 04 10:02:59 baseweed-admin dbus-run-session[1036]:   WARN: Process failed to start, likely because the binary could not be found. Command: QList("bluetoothctl", "show")
Oct 04 10:03:01 baseweed-admin dbus-run-session[1036]:   WARN: Process failed to start, likely because the binary could not be found. Command: QList("bluetoothctl", "show")
Oct 04 10:03:03 baseweed-admin dbus-run-session[1036]:   WARN: Process failed to start, likely because the binary could not be found. Command: QList("bluetoothctl", "show")
Oct 04 10:03:04 baseweed-admin dbus-run-session[1036]:   WARN qml: [20261004-100304]       Location Weather is still fetching
Oct 04 10:03:04 baseweed-admin dbus-run-session[1036]:  ERROR qml: [20261004-100304]       Location Geocoding error: 0
Oct 04 10:03:05 baseweed-admin dbus-run-session[1036]:   WARN qml: [20261004-100305]        Network Connectivity check error: Error: Not authorized to recheck connectivity.
Oct 04 10:03:05 baseweed-admin dbus-run-session[1036]:   WARN: Process failed to start, likely because the binary could not be found. Command: QList("bluetoothctl", "show")
Oct 04 10:03:07 baseweed-admin dbus-run-session[1036]:   WARN: Process failed to start, likely because the binary could not be found. Command: QList("bluetoothctl", "show")
Oct 04 10:03:09 baseweed-admin dbus-run-session[1036]:   WARN: Process failed to start, likely because the binary could not be found. Command: QList("bluetoothctl", "show")
Oct 04 10:03:11 baseweed-admin dbus-run-session[1036]:   WARN: Process failed to start, likely because the binary could not be found. Command: QList("bluetoothctl", "show")
Oct 04 10:03:13 baseweed-admin dbus-run-session[1036]:   WARN: Process failed to start, likely because the binary could not be found. Command: QList("bluetoothctl", "show")
Oct 04 10:03:15 baseweed-admin dbus-run-session[1036]:   WARN: Process failed to start, likely because the binary could not be found. Command: QList("bluetoothctl", "show")
Oct 04 10:03:17 baseweed-admin dbus-run-session[1036]:   WARN: Process failed to start, likely because the binary could not be found. Command: QList("bluetoothctl", "show")
Oct 04 10:03:18 baseweed-admin dbus-run-session[1036]:   WARN qml: [20261004-100318]        Network Connectivity check error: Error: Not authorized to recheck connectivity.
Oct 04 10:03:19 baseweed-admin dbus-run-session[1036]:   WARN: Process failed to start, likely because the binary could not be found. Command: QList("bluetoothctl", "show")
Oct 04 10:03:21 baseweed-admin dbus-run-session[1036]:   WARN: Process failed to start, likely because the binary could not be found. Command: QList("bluetoothctl", "show")
Oct 04 10:03:23 baseweed-admin dbus-run-session[1036]:   WARN: Process failed to start, likely because the binary could not be found. Command: QList("bluetoothctl", "show")
Oct 04 10:03:24 baseweed-admin dbus-run-session[1036]:   WARN qml: [20261004-100324]       Location Weather is still fetching
Oct 04 10:03:24 baseweed-admin dbus-run-session[1036]:  ERROR qml: [20261004-100324]       Location Geocoding error: 0
Oct 04 10:03:24 baseweed-admin dbus-run-session[1036]:   INFO qml: [20261004-100324]        PodApps cache refresh loaded 0 apps
Oct 04 10:03:25 baseweed-admin dbus-run-session[1036]:   WARN: Process failed to start, likely because the binary could not be found. Command: QList("bluetoothctl", "show")
Oct 04 10:03:27 baseweed-admin dbus-run-session[1036]:   WARN: Process failed to start, likely because the binary could not be found. Command: QList("bluetoothctl", "show")
Oct 04 10:03:29 baseweed-admin dbus-run-session[1036]:   WARN: Process failed to start, likely because the binary could not be found. Command: QList("bluetoothctl", "show")
Oct 04 10:03:31 baseweed-admin dbus-run-session[1036]:   WARN: Process failed to start, likely because the binary could not be found. Command: QList("bluetoothctl", "show")
Oct 04 10:03:33 baseweed-admin dbus-run-session[1036]:   WARN: Process failed to start, likely because the binary could not be found. Command: QList("bluetoothctl", "show")
Oct 04 10:03:33 baseweed-admin dbus-run-session[1036]:   WARN qml: [20261004-100333]        Network Connectivity check error: Error: Not authorized to recheck connectivity.
Oct 04 10:03:35 baseweed-admin dbus-run-session[1036]:   WARN: Process failed to start, likely because the binary could not be found. Command: QList("bluetoothctl", "show")
Oct 04 10:03:37 baseweed-admin dbus-run-session[1036]:   WARN: Process failed to start, likely because the binary could not be found. Command: QList("bluetoothctl", "show")
Oct 04 10:03:39 baseweed-admin dbus-run-session[1036]:   WARN: Process failed to start, likely because the binary could not be found. Command: QList("bluetoothctl", "show")
Oct 04 10:03:41 baseweed-admin dbus-run-session[1036]:   WARN: Process failed to start, likely because the binary could not be found. Command: QList("bluetoothctl", "show")
Oct 04 10:03:43 baseweed-admin dbus-run-session[1036]:   WARN: Process failed to start, likely because the binary could not be found. Command: QList("bluetoothctl", "show")
Oct 04 10:03:44 baseweed-admin dbus-run-session[1036]:   WARN qml: [20261004-100344]       Location Weather is still fetching
Oct 04 10:03:44 baseweed-admin dbus-run-session[1036]:  ERROR qml: [20261004-100344]       Location Geocoding error: 0
Oct 04 10:03:45 baseweed-admin dbus-run-session[1036]:   WARN: Process failed to start, likely because the binary could not be found. Command: QList("bluetoothctl", "show")
Oct 04 10:03:47 baseweed-admin dbus-run-session[1036]:   WARN: Process failed to start, likely because the binary could not be found. Command: QList("bluetoothctl", "show")
Oct 04 10:03:48 baseweed-admin dbus-run-session[1036]:   WARN qml: [20261004-100348]        Network Connectivity check error: Error: Not authorized to recheck connectivity.
Oct 04 10:03:49 baseweed-admin dbus-run-session[1036]:   WARN: Process failed to start, likely because the binary could not be found. Command: QList("bluetoothctl", "show")
Oct 04 10:03:51 baseweed-admin dbus-run-session[1036]:   WARN: Process failed to start, likely because the binary could not be found. Command: QList("bluetoothctl", "show")
Oct 04 10:03:52 baseweed-admin dbus-run-session[1036]:   INFO qml: [20261004-100352]          Qdwin toplevel_security_context handle=1 engine=qdistro.tier3s app_id=qdistro.tier3s.s125a instance=1c9f72726d2a575b7da5ffa620aba950
Oct 04 10:03:52 baseweed-admin dbus-run-session[1036]:   INFO qml: [20261004-100352]     Tier3sApps [tier3s] toplevel observed silo=s125a secctx=qdistro.tier3s.s125a color=#26c6da handle=1
Oct 04 10:03:52 baseweed-admin dbus-run-session[1036]:   INFO qml: [20261004-100352]     Tier3sApps [tier3s] silo=s125a color=#26c6da
Oct 04 10:03:52 baseweed-admin dbus-run-session[1036]:   WARN: Could not load icon "org.freedesktop.weston.wayland-terminal?fallback=application-x-executable" at size QSize(19, 19) from request
Oct 04 10:03:53 baseweed-admin dbus-run-session[1036]:   WARN: Process failed to start, likely because the binary could not be found. Command: QList("bluetoothctl", "show")
Oct 04 10:03:54 baseweed-admin dbus-run-session[1036]:   INFO qml: [20261004-100354]        PodApps cache refresh loaded 0 apps
Oct 04 10:03:55 baseweed-admin dbus-run-session[1036]:   WARN: Process failed to start, likely because the binary could not be found. Command: QList("bluetoothctl", "show")
Oct 04 10:03:57 baseweed-admin dbus-run-session[1036]:   WARN: Process failed to start, likely because the binary could not be found. Command: QList("bluetoothctl", "show")
Oct 04 10:03:57 baseweed-admin dbus-run-session[1036]:   INFO qml: [20261004-100357]          Qdwin toplevel_security_context handle=2 engine=qdistro.tier3s app_id=qdistro.tier3s.s125a instance=a604b3b6b1a47236416d9f30a9511c02
Oct 04 10:03:57 baseweed-admin dbus-run-session[1036]:   INFO qml: [20261004-100357]     Tier3sApps [tier3s] toplevel observed silo=s125a secctx=qdistro.tier3s.s125a color=#26c6da handle=2
Oct 04 10:03:57 baseweed-admin dbus-run-session[1036]:   INFO qml: [20261004-100357]     Tier3sApps [tier3s] silo=s125a color=#26c6da
Oct 04 10:03:57 baseweed-admin dbus-run-session[1036]:   INFO qml: [20261004-100357]        PodApps auto-scan: qdistro-tier3s-s125a transitioned to running
Oct 04 10:03:59 baseweed-admin dbus-run-session[1036]:   WARN: Process failed to start, likely because the binary could not be found. Command: QList("bluetoothctl", "show")
Oct 04 10:03:59 baseweed-admin dbus-run-session[1036]:   INFO qml: [20261004-100359]          Qdwin toplevel_security_context handle=3 engine=qdistro.tier3s app_id=qdistro.tier3s.s125b instance=af55d2aa29053bbf30b325baad71c7e0
Oct 04 10:03:59 baseweed-admin dbus-run-session[1036]:   INFO qml: [20261004-100359]     Tier3sApps [tier3s] toplevel observed silo=s125b secctx=qdistro.tier3s.s125b color=#8bc34a handle=3
Oct 04 10:03:59 baseweed-admin dbus-run-session[1036]:   INFO qml: [20261004-100359]     Tier3sApps [tier3s] silo=s125b color=#8bc34a
Oct 04 10:04:00 baseweed-admin podman[12662]: 2026-10-04 10:04:00.22515608 +0000 UTC m=+0.227715226 container exec 87aa423a62a481ba3a8371e929474f6addcffe1adb3bac9b0ee769ad0724945c (image=localhost/qdistro/tier3s-weston-terminal:latest, name=qdistro-tier3s-s125a, org.opensuse.base.source=https://build.opensuse.org/package/show/openSUSE:Factory/opensuse-tumbleweed-image?rev=561f9d4c8e4e1a441f95ad4ec6b5a914, org.opensuse.lifecycle-url=https://en.opensuse.org/Lifetime, org.openbuildservice.disturl=obs://build.opensuse.org/openSUSE:Factory/images/561f9d4c8e4e1a441f95ad4ec6b5a914-opensuse-tumbleweed-image:docker, org.qdistro.snapshot=20260930, qdistro_tier3s_unit=qdistro-tier3s-silo@s125a.service, org.opensuse.base.title=openSUSE Tumbleweed Base Container, org.opencontainers.image.source=https://build.opensuse.org/package/show/openSUSE:Factory/opensuse-tumbleweed-image?rev=561f9d4c8e4e1a441f95ad4ec6b5a914, org.opensuse.base.version=20260930.37.208, org.qdistro.tier3s.workload=weston-terminal, org.opensuse.base.disturl=obs://build.opensuse.org/openSUSE:Factory/images/561f9d4c8e4e1a441f95ad4ec6b5a914-opensuse-tumbleweed-image:docker, org.opencontainers.image.title=openSUSE Tumbleweed Base Container, org.opencontainers.image.vendor=openSUSE Project, org.opensuse.base.created=2026-09-30T20:05:54.126624488Z, org.opensuse.base.url=https://www.opensuse.org, org.opensuse.base.lifecycle-url=https://en.opensuse.org/Lifetime, io.buildah.version=1.44.1, org.opensuse.base.description=Image containing a minimal environment for containers based on openSUSE Tumbleweed., org.opensuse.reference=registry.opensuse.org/opensuse/tumbleweed:20260930.37.208, org.opensuse.base.vendor=openSUSE Project, org.opencontainers.image.url=https://www.opensuse.org, org.opencontainers.image.created=2026-09-30T20:05:54.126624488Z, org.opencontainers.image.description=Image containing a minimal environment for containers based on openSUSE Tumbleweed., org.opencontainers.image.version=20260930.37.208, qdistro_tier3s_token=a604b3b6b1a47236416d9f30a9511c02, org.opensuse.base.reference=registry.opensuse.org/opensuse/tumbleweed:20260930.37.208)
Oct 04 10:04:00 baseweed-admin conmon[12693]: conmon 87aa423a62a481ba3a83 <nwarn>: Failed to open cgroups file: /sys/fs/cgroup/user.slice/user-1000.slice/user@1000.service/app.slice/qdshell.service/memory.events
Oct 04 10:04:00 baseweed-admin podman[12708]: 2026-10-04 10:04:00.364753397 +0000 UTC m=+0.117972498 container exec_died 87aa423a62a481ba3a8371e929474f6addcffe1adb3bac9b0ee769ad0724945c (image=localhost/qdistro/tier3s-weston-terminal:latest, name=qdistro-tier3s-s125a, qdistro_tier3s_unit=qdistro-tier3s-silo@s125a.service, org.qdistro.tier3s.workload=weston-terminal, io.buildah.version=1.44.1, org.openbuildservice.disturl=obs://build.opensuse.org/openSUSE:Factory/images/561f9d4c8e4e1a441f95ad4ec6b5a914-opensuse-tumbleweed-image:docker, org.opencontainers.image.created=2026-09-30T20:05:54.126624488Z, org.opensuse.base.created=2026-09-30T20:05:54.126624488Z, org.opensuse.base.vendor=openSUSE Project, org.opencontainers.image.vendor=openSUSE Project, org.opensuse.base.source=https://build.opensuse.org/package/show/openSUSE:Factory/opensuse-tumbleweed-image?rev=561f9d4c8e4e1a441f95ad4ec6b5a914, org.opensuse.base.title=openSUSE Tumbleweed Base Container, execID=cd96323ec0095d52efabba499b37ad4faf19901ff461fd1fb725c38033d19ba7, org.opensuse.base.lifecycle-url=https://en.opensuse.org/Lifetime, org.opensuse.base.reference=registry.opensuse.org/opensuse/tumbleweed:20260930.37.208, org.opencontainers.image.source=https://build.opensuse.org/package/show/openSUSE:Factory/opensuse-tumbleweed-image?rev=561f9d4c8e4e1a441f95ad4ec6b5a914, qdistro_tier3s_token=a604b3b6b1a47236416d9f30a9511c02, org.opensuse.base.disturl=obs://build.opensuse.org/openSUSE:Factory/images/561f9d4c8e4e1a441f95ad4ec6b5a914-opensuse-tumbleweed-image:docker, org.opensuse.base.url=https://www.opensuse.org, org.qdistro.snapshot=20260930, org.opensuse.base.version=20260930.37.208, org.opensuse.lifecycle-url=https://en.opensuse.org/Lifetime, org.opencontainers.image.description=Image containing a minimal environment for containers based on openSUSE Tumbleweed., org.opencontainers.image.url=https://www.opensuse.org, org.opensuse.base.description=Image containing a minimal environment for containers based on openSUSE Tumbleweed., org.opensuse.reference=registry.opensuse.org/opensuse/tumbleweed:20260930.37.208, org.opencontainers.image.title=openSUSE Tumbleweed Base Container, org.opencontainers.image.version=20260930.37.208)
Oct 04 10:04:00 baseweed-admin podman[12662]: 2026-10-04 10:04:00.40416268 +0000 UTC m=+0.406721826 container exec_died 87aa423a62a481ba3a8371e929474f6addcffe1adb3bac9b0ee769ad0724945c (image=localhost/qdistro/tier3s-weston-terminal:latest, name=qdistro-tier3s-s125a, org.opencontainers.image.created=2026-09-30T20:05:54.126624488Z, org.opencontainers.image.version=20260930.37.208, org.opencontainers.image.title=openSUSE Tumbleweed Base Container, org.qdistro.snapshot=20260930, org.opencontainers.image.url=https://www.opensuse.org, org.opensuse.base.version=20260930.37.208, org.opensuse.base.disturl=obs://build.opensuse.org/openSUSE:Factory/images/561f9d4c8e4e1a441f95ad4ec6b5a914-opensuse-tumbleweed-image:docker, org.opensuse.reference=registry.opensuse.org/opensuse/tumbleweed:20260930.37.208, qdistro_tier3s_token=a604b3b6b1a47236416d9f30a9511c02, qdistro_tier3s_unit=qdistro-tier3s-silo@s125a.service, org.opensuse.base.title=openSUSE Tumbleweed Base Container, org.opencontainers.image.source=https://build.opensuse.org/package/show/openSUSE:Factory/opensuse-tumbleweed-image?rev=561f9d4c8e4e1a441f95ad4ec6b5a914, org.qdistro.tier3s.workload=weston-terminal, execID=cd96323ec0095d52efabba499b37ad4faf19901ff461fd1fb725c38033d19ba7, org.opensuse.base.description=Image containing a minimal environment for containers based on openSUSE Tumbleweed., org.openbuildservice.disturl=obs://build.opensuse.org/openSUSE:Factory/images/561f9d4c8e4e1a441f95ad4ec6b5a914-opensuse-tumbleweed-image:docker, org.opensuse.base.reference=registry.opensuse.org/opensuse/tumbleweed:20260930.37.208, org.opensuse.base.created=2026-09-30T20:05:54.126624488Z, org.opensuse.base.url=https://www.opensuse.org, org.opencontainers.image.description=Image containing a minimal environment for containers based on openSUSE Tumbleweed., org.opencontainers.image.vendor=openSUSE Project, org.opensuse.base.source=https://build.opensuse.org/package/show/openSUSE:Factory/opensuse-tumbleweed-image?rev=561f9d4c8e4e1a441f95ad4ec6b5a914, org.opensuse.base.vendor=openSUSE Project, org.opensuse.lifecycle-url=https://en.opensuse.org/Lifetime, org.opensuse.base.lifecycle-url=https://en.opensuse.org/Lifetime, io.buildah.version=1.44.1)
Oct 04 10:04:00 baseweed-admin dbus-run-session[1036]:   INFO qml: [20261004-100400]        PodApps cache refresh loaded 0 apps
Oct 04 10:04:00 baseweed-admin dbus-run-session[1036]:   INFO qml: [20261004-100400]        PodApps auto-scan: qdistro-tier3s-s125b transitioned to running
Oct 04 10:04:01 baseweed-admin dbus-run-session[1036]:   WARN: Process failed to start, likely because the binary could not be found. Command: QList("bluetoothctl", "show")
Oct 04 10:04:03 baseweed-admin podman[13025]: 2026-10-04 10:04:03.146351052 +0000 UTC m=+0.119585606 container exec 759cfe68e58b2d56d1b4ae4b7f3af79abb1a65eae0009d525ed5ee5ee9d5d78e (image=localhost/qdistro/tier3s-weston-terminal:latest, name=qdistro-tier3s-s125b, io.buildah.version=1.44.1, org.opencontainers.image.title=openSUSE Tumbleweed Base Container, org.openbuildservice.disturl=obs://build.opensuse.org/openSUSE:Factory/images/561f9d4c8e4e1a441f95ad4ec6b5a914-opensuse-tumbleweed-image:docker, org.opencontainers.image.url=https://www.opensuse.org, org.opensuse.base.url=https://www.opensuse.org, org.opensuse.base.title=openSUSE Tumbleweed Base Container, org.opensuse.base.vendor=openSUSE Project, org.opensuse.lifecycle-url=https://en.opensuse.org/Lifetime, org.qdistro.snapshot=20260930, org.opensuse.base.lifecycle-url=https://en.opensuse.org/Lifetime, org.opensuse.base.source=https://build.opensuse.org/package/show/openSUSE:Factory/opensuse-tumbleweed-image?rev=561f9d4c8e4e1a441f95ad4ec6b5a914, org.opensuse.reference=registry.opensuse.org/opensuse/tumbleweed:20260930.37.208, org.qdistro.tier3s.workload=weston-terminal, org.opencontainers.image.version=20260930.37.208, org.opencontainers.image.created=2026-09-30T20:05:54.126624488Z, org.opensuse.base.reference=registry.opensuse.org/opensuse/tumbleweed:20260930.37.208, org.opensuse.base.version=20260930.37.208, qdistro_tier3s_token=af55d2aa29053bbf30b325baad71c7e0, org.opencontainers.image.description=Image containing a minimal environment for containers based on openSUSE Tumbleweed., org.opensuse.base.description=Image containing a minimal environment for containers based on openSUSE Tumbleweed., org.opensuse.base.disturl=obs://build.opensuse.org/openSUSE:Factory/images/561f9d4c8e4e1a441f95ad4ec6b5a914-opensuse-tumbleweed-image:docker, org.opencontainers.image.source=https://build.opensuse.org/package/show/openSUSE:Factory/opensuse-tumbleweed-image?rev=561f9d4c8e4e1a441f95ad4ec6b5a914, org.opencontainers.image.vendor=openSUSE Project, org.opensuse.base.created=2026-09-30T20:05:54.126624488Z, qdistro_tier3s_unit=qdistro-tier3s-silo@s125b.service)
Oct 04 10:04:03 baseweed-admin conmon[13052]: conmon 759cfe68e58b2d56d1b4 <nwarn>: Failed to open cgroups file: /sys/fs/cgroup/user.slice/user-1000.slice/user@1000.service/app.slice/qdshell.service/memory.events
Oct 04 10:04:03 baseweed-admin podman[13078]: 2026-10-04 10:04:03.211094249 +0000 UTC m=+0.041852086 container exec_died 759cfe68e58b2d56d1b4ae4b7f3af79abb1a65eae0009d525ed5ee5ee9d5d78e (image=localhost/qdistro/tier3s-weston-terminal:latest, name=qdistro-tier3s-s125b, org.openbuildservice.disturl=obs://build.opensuse.org/openSUSE:Factory/images/561f9d4c8e4e1a441f95ad4ec6b5a914-opensuse-tumbleweed-image:docker, org.opensuse.base.lifecycle-url=https://en.opensuse.org/Lifetime, org.opensuse.base.version=20260930.37.208, org.qdistro.tier3s.workload=weston-terminal, org.opensuse.reference=registry.opensuse.org/opensuse/tumbleweed:20260930.37.208, org.opensuse.base.reference=registry.opensuse.org/opensuse/tumbleweed:20260930.37.208, org.opensuse.lifecycle-url=https://en.opensuse.org/Lifetime, org.opensuse.base.vendor=openSUSE Project, io.buildah.version=1.44.1, execID=15d0e1120e4786ddd9d932a547e397cef2d31f3e3f3631db34aae5ae6d8bd5c3, org.opensuse.base.created=2026-09-30T20:05:54.126624488Z, org.opencontainers.image.version=20260930.37.208, qdistro_tier3s_unit=qdistro-tier3s-silo@s125b.service, qdistro_tier3s_token=af55d2aa29053bbf30b325baad71c7e0, org.opencontainers.image.description=Image containing a minimal environment for containers based on openSUSE Tumbleweed., org.opencontainers.image.title=openSUSE Tumbleweed Base Container, org.opensuse.base.description=Image containing a minimal environment for containers based on openSUSE Tumbleweed., org.opensuse.base.source=https://build.opensuse.org/package/show/openSUSE:Factory/opensuse-tumbleweed-image?rev=561f9d4c8e4e1a441f95ad4ec6b5a914, org.opencontainers.image.url=https://www.opensuse.org, org.opencontainers.image.vendor=openSUSE Project, org.opensuse.base.disturl=obs://build.opensuse.org/openSUSE:Factory/images/561f9d4c8e4e1a441f95ad4ec6b5a914-opensuse-tumbleweed-image:docker, org.opensuse.base.title=openSUSE Tumbleweed Base Container, org.opencontainers.image.source=https://build.opensuse.org/package/show/openSUSE:Factory/opensuse-tumbleweed-image?rev=561f9d4c8e4e1a441f95ad4ec6b5a914, org.opencontainers.image.created=2026-09-30T20:05:54.126624488Z, org.qdistro.snapshot=20260930, org.opensuse.base.url=https://www.opensuse.org)
Oct 04 10:04:03 baseweed-admin podman[13025]: 2026-10-04 10:04:03.250180191 +0000 UTC m=+0.223414725 container exec_died 759cfe68e58b2d56d1b4ae4b7f3af79abb1a65eae0009d525ed5ee5ee9d5d78e (image=localhost/qdistro/tier3s-weston-terminal:latest, name=qdistro-tier3s-s125b, org.opensuse.base.disturl=obs://build.opensuse.org/openSUSE:Factory/images/561f9d4c8e4e1a441f95ad4ec6b5a914-opensuse-tumbleweed-image:docker, org.openbuildservice.disturl=obs://build.opensuse.org/openSUSE:Factory/images/561f9d4c8e4e1a441f95ad4ec6b5a914-opensuse-tumbleweed-image:docker, org.opencontainers.image.vendor=openSUSE Project, org.opensuse.base.vendor=openSUSE Project, qdistro_tier3s_token=af55d2aa29053bbf30b325baad71c7e0, org.qdistro.tier3s.workload=weston-terminal, org.opensuse.base.created=2026-09-30T20:05:54.126624488Z, org.opensuse.base.source=https://build.opensuse.org/package/show/openSUSE:Factory/opensuse-tumbleweed-image?rev=561f9d4c8e4e1a441f95ad4ec6b5a914, org.opensuse.base.url=https://www.opensuse.org, org.opencontainers.image.description=Image containing a minimal environment for containers based on openSUSE Tumbleweed., org.opensuse.reference=registry.opensuse.org/opensuse/tumbleweed:20260930.37.208, org.opensuse.base.description=Image containing a minimal environment for containers based on openSUSE Tumbleweed., org.opencontainers.image.source=https://build.opensuse.org/package/show/openSUSE:Factory/opensuse-tumbleweed-image?rev=561f9d4c8e4e1a441f95ad4ec6b5a914, org.opencontainers.image.url=https://www.opensuse.org, execID=15d0e1120e4786ddd9d932a547e397cef2d31f3e3f3631db34aae5ae6d8bd5c3, org.opensuse.base.reference=registry.opensuse.org/opensuse/tumbleweed:20260930.37.208, org.opensuse.base.title=openSUSE Tumbleweed Base Container, org.opensuse.base.version=20260930.37.208, org.qdistro.snapshot=20260930, org.opencontainers.image.version=20260930.37.208, org.opensuse.base.lifecycle-url=https://en.opensuse.org/Lifetime, org.opencontainers.image.created=2026-09-30T20:05:54.126624488Z, qdistro_tier3s_unit=qdistro-tier3s-silo@s125b.service, io.buildah.version=1.44.1, org.opencontainers.image.title=openSUSE Tumbleweed Base Container, org.opensuse.lifecycle-url=https://en.opensuse.org/Lifetime)
Oct 04 10:04:03 baseweed-admin dbus-run-session[1036]:   INFO qml: [20261004-100403]  Tier3FocusIPC findSiloHandle silo=s125b → HANDLE=3
Oct 04 10:04:03 baseweed-admin dbus-run-session[1036]:   INFO qml: [20261004-100403]        PodApps cache refresh loaded 0 apps
Oct 04 10:04:03 baseweed-admin dbus-run-session[1036]:   WARN: Process failed to start, likely because the binary could not be found. Command: QList("bluetoothctl", "show")
Oct 04 10:04:03 baseweed-admin dbus-run-session[1036]:   WARN qml: [20261004-100403]        Network Connectivity check error: Error: Not authorized to recheck connectivity.
Oct 04 10:04:04 baseweed-admin dbus-run-session[1036]:   WARN qml: [20261004-100404]       Location Weather is still fetching
Oct 04 10:04:04 baseweed-admin dbus-run-session[1036]:  ERROR qml: [20261004-100404]       Location Geocoding error: 0
Oct 04 10:04:05 baseweed-admin dbus-run-session[1036]:   WARN: Process failed to start, likely because the binary could not be found. Command: QList("bluetoothctl", "show")
Oct 04 10:04:07 baseweed-admin dbus-run-session[1036]:   WARN: Process failed to start, likely because the binary could not be found. Command: QList("bluetoothctl", "show")
