Oct 04 10:02:03 baseweed-admin systemd[842]: Starting qdshell desktop (Quickshell QML on top of qdwin)...
Oct 04 10:02:05 baseweed-admin systemd[842]: Started qdshell desktop (Quickshell QML on top of qdwin).
Oct 04 10:02:05 baseweed-admin dbus-run-session[1043]: No running instances for "/usr/share/quickshell/qdshell/shell.qml"
Oct 04 10:02:05 baseweed-admin dbus-run-session[1043]:   INFO: Launching config: "/usr/share/quickshell/qdshell/shell.qml"
Oct 04 10:02:05 baseweed-admin dbus-run-session[1043]:   INFO: Shell ID: "0d0d1ceeb7f0392fec595c8531945b05" Path ID "0d0d1ceeb7f0392fec595c8531945b05"
Oct 04 10:02:05 baseweed-admin dbus-run-session[1043]:   INFO: Saving logs to "/run/user/1000/quickshell/by-id/zshvndmt/log.qslog"
Oct 04 10:02:06 baseweed-admin dbus-run-session[1043]: MESA-EGL: warning: failed to get driver name for fd -1
Oct 04 10:02:06 baseweed-admin dbus-run-session[1043]: MESA-EGL: warning: MESA-LOADER: failed to retrieve device information
Oct 04 10:02:06 baseweed-admin dbus-run-session[1043]: MESA-EGL: warning: failed to get driver name for fd -1
Oct 04 10:02:06 baseweed-admin dbus-run-session[1043]: MESA: error: ZINK: failed to choose pdev
Oct 04 10:02:06 baseweed-admin dbus-run-session[1043]: MESA-EGL: warning: egl: failed to create dri2 screen
Oct 04 10:02:23 baseweed-admin dbus-run-session[1043]:   INFO qml: [20261004-100223]           I18n Service started
Oct 04 10:02:23 baseweed-admin dbus-run-session[1043]:   INFO qml: [20261004-100223]           I18n Loading "en" (locale: "en-Latn-US")
Oct 04 10:02:23 baseweed-admin dbus-run-session[1043]:   INFO qml: [20261004-100223]          Shell ---------------------------
Oct 04 10:02:23 baseweed-admin dbus-run-session[1043]:   INFO qml: [20261004-100223]          Shell Qdshell Hello!
Oct 04 10:02:23 baseweed-admin dbus-run-session[1043]:   WARN scene: @Commons/I18n.qml[104:5]: Unable to assign QJSValue to QObject*
Oct 04 10:02:23 baseweed-admin dbus-run-session[1043]:   INFO: Configuration Loaded
Oct 04 10:02:23 baseweed-admin dbus-run-session[1043]:   WARN scene: @Commons/I18n.qml[104:5]: Unable to assign QJSValue to QObject*
Oct 04 10:02:23 baseweed-admin dbus-run-session[1043]:   INFO qml: [20261004-100223]       Settings Settings loaded
Oct 04 10:02:23 baseweed-admin dbus-run-session[1043]:   INFO qml: [20261004-100223]           I18n Loaded translations for "en"
Oct 04 10:02:23 baseweed-admin dbus-run-session[1043]:   INFO qml: [20261004-100223] PluginRegistry Loaded plugin states from: /home/admin/.config/qdshell/plugins.json
Oct 04 10:02:23 baseweed-admin dbus-run-session[1043]:   INFO qml: [20261004-100223] PluginRegistry Scanning plugin folder: /home/admin/.config/qdshell/plugins
Oct 04 10:02:23 baseweed-admin dbus-run-session[1043]:   INFO qml: [20261004-100223]          Icons Service started
Oct 04 10:02:23 baseweed-admin dbus-run-session[1043]:   INFO: ctrl-server: listening on /run/user/1000/qdshell.sock
Oct 04 10:02:23 baseweed-admin dbus-run-session[1043]:   WARN scene: QML Connections at @Services/Hardware/BrightnessService.qml[66:3]: Detected function "onEnableDdcSupportChanged" in Connections element. This is probably intended to be a signal handler but no signal of the target matches the name.
Oct 04 10:02:23 baseweed-admin dbus-run-session[1043]:   INFO qml: [20261004-100223]     Brightness Service started
Oct 04 10:02:24 baseweed-admin dbus-run-session[1043]:   INFO qml: [20261004-100224] DesktopWidgetR Service started
Oct 04 10:02:24 baseweed-admin dbus-run-session[1043]:   WARN scene: QML Connections at @Services/UI/BarService.qml[147:3]: Detected function "onDisplayModeChanged" in Connections element. This is probably intended to be a signal handler but no signal of the target matches the name.
Oct 04 10:02:24 baseweed-admin dbus-run-session[1043]:   WARN scene: QML Connections at @Services/UI/BarService.qml[147:3]: Detected function "onScreenOverridesChanged" in Connections element. This is probably intended to be a signal handler but no signal of the target matches the name.
Oct 04 10:02:24 baseweed-admin dbus-run-session[1043]:   INFO qml: [20261004-100224]     BarService Service started
Oct 04 10:02:24 baseweed-admin dbus-run-session[1043]:   WARN scene: QML Connections at @Services/Networking/NetworkService.qml[73:3]: Detected function "onWifiEnabledChanged" in Connections element. This is probably intended to be a signal handler but no signal of the target matches the name.
Oct 04 10:02:24 baseweed-admin dbus-run-session[1043]:   INFO qml: [20261004-100224]        Network Service started
Oct 04 10:02:24 baseweed-admin dbus-run-session[1043]:   WARN scene: QML Connections at @Modules/Panels/Dock/StaticDockPanel.qml[350:3]: Detected function "onPinnedAppsChanged" in Connections element. This is probably intended to be a signal handler but no signal of the target matches the name.
Oct 04 10:02:24 baseweed-admin dbus-run-session[1043]:   WARN scene: QML Connections at @Modules/Panels/Dock/StaticDockPanel.qml[350:3]: Detected function "onOnlySameOutputChanged" in Connections element. This is probably intended to be a signal handler but no signal of the target matches the name.
Oct 04 10:02:24 baseweed-admin dbus-run-session[1043]:   WARN scene: QML Connections at @Services/System/SystemStatService.qml[320:3]: Detected function "onEnableDgpuMonitoringChanged" in Connections element. This is probably intended to be a signal handler but no signal of the target matches the name.
Oct 04 10:02:24 baseweed-admin dbus-run-session[1043]:   INFO qml: [20261004-100224]     SystemStat Service started (polling deferred until a consumer registers).
Oct 04 10:02:24 baseweed-admin dbus-run-session[1043]:   WARN scene: QML Connections at @Modules/Panels/Dock/StaticDockPanel.qml[350:3]: Detected function "onPinnedAppsChanged" in Connections element. This is probably intended to be a signal handler but no signal of the target matches the name.
Oct 04 10:02:24 baseweed-admin dbus-run-session[1043]:   WARN scene: QML Connections at @Modules/Panels/Dock/StaticDockPanel.qml[350:3]: Detected function "onOnlySameOutputChanged" in Connections element. This is probably intended to be a signal handler but no signal of the target matches the name.
Oct 04 10:02:24 baseweed-admin dbus-run-session[1043]:   WARN scene: QML Connections at @Modules/Panels/Dock/StaticDockPanel.qml[350:3]: Detected function "onPinnedAppsChanged" in Connections element. This is probably intended to be a signal handler but no signal of the target matches the name.
Oct 04 10:02:24 baseweed-admin dbus-run-session[1043]:   WARN scene: QML Connections at @Modules/Panels/Dock/StaticDockPanel.qml[350:3]: Detected function "onOnlySameOutputChanged" in Connections element. This is probably intended to be a signal handler but no signal of the target matches the name.
Oct 04 10:02:24 baseweed-admin dbus-run-session[1043]:   WARN scene: QML Connections at @Services/UI/WallpaperService.qml[140:3]: Detected function "onWallpaperDownloaded" in Connections element. This is probably intended to be a signal handler but no signal of the target matches the name.
Oct 04 10:02:24 baseweed-admin dbus-run-session[1043]:   WARN scene: QML Connections at @Services/UI/WallpaperService.qml[61:3]: Detected function "onDirectoryChanged" in Connections element. This is probably intended to be a signal handler but no signal of the target matches the name.
Oct 04 10:02:24 baseweed-admin dbus-run-session[1043]:   WARN scene: QML Connections at @Services/UI/WallpaperService.qml[61:3]: Detected function "onEnableMultiMonitorDirectoriesChanged" in Connections element. This is probably intended to be a signal handler but no signal of the target matches the name.
Oct 04 10:02:24 baseweed-admin dbus-run-session[1043]:   WARN scene: QML Connections at @Services/UI/WallpaperService.qml[61:3]: Detected function "onAutomationEnabledChanged" in Connections element. This is probably intended to be a signal handler but no signal of the target matches the name.
Oct 04 10:02:24 baseweed-admin dbus-run-session[1043]:   WARN scene: QML Connections at @Services/UI/WallpaperService.qml[61:3]: Detected function "onRandomIntervalSecChanged" in Connections element. This is probably intended to be a signal handler but no signal of the target matches the name.
Oct 04 10:02:24 baseweed-admin dbus-run-session[1043]:   WARN scene: QML Connections at @Services/UI/WallpaperService.qml[61:3]: Detected function "onWallpaperChangeModeChanged" in Connections element. This is probably intended to be a signal handler but no signal of the target matches the name.
Oct 04 10:02:24 baseweed-admin dbus-run-session[1043]:   WARN scene: QML Connections at @Services/UI/WallpaperService.qml[61:3]: Detected function "onViewModeChanged" in Connections element. This is probably intended to be a signal handler but no signal of the target matches the name.
Oct 04 10:02:24 baseweed-admin dbus-run-session[1043]:   WARN scene: QML Connections at @Services/UI/WallpaperService.qml[61:3]: Detected function "onShowHiddenFilesChanged" in Connections element. This is probably intended to be a signal handler but no signal of the target matches the name.
Oct 04 10:02:24 baseweed-admin dbus-run-session[1043]:   WARN scene: QML Connections at @Services/UI/WallpaperService.qml[61:3]: Detected function "onUseSolidColorChanged" in Connections element. This is probably intended to be a signal handler but no signal of the target matches the name.
Oct 04 10:02:24 baseweed-admin dbus-run-session[1043]:   WARN scene: QML Connections at @Services/UI/WallpaperService.qml[61:3]: Detected function "onSolidColorChanged" in Connections element. This is probably intended to be a signal handler but no signal of the target matches the name.
Oct 04 10:02:24 baseweed-admin dbus-run-session[1043]:   WARN scene: QML Connections at @Services/UI/WallpaperService.qml[61:3]: Detected function "onSortOrderChanged" in Connections element. This is probably intended to be a signal handler but no signal of the target matches the name.
Oct 04 10:02:24 baseweed-admin dbus-run-session[1043]:   WARN scene: QML Connections at @Modules/Background/Background.qml[80:7]: Detected function "onFillModeChanged" in Connections element. This is probably intended to be a signal handler but no signal of the target matches the name.
Oct 04 10:02:24 baseweed-admin dbus-run-session[1043]:   WARN scene: QML Connections at @Modules/Background/Background.qml[80:7]: Detected function "onFillModeChanged" in Connections element. This is probably intended to be a signal handler but no signal of the target matches the name.
Oct 04 10:02:24 baseweed-admin dbus-run-session[1043]:   WARN scene: QML Connections at @Modules/Background/Background.qml[80:7]: Detected function "onFillModeChanged" in Connections element. This is probably intended to be a signal handler but no signal of the target matches the name.
Oct 04 10:02:24 baseweed-admin dbus-run-session[1043]:   WARN scene: QML Connections at @Modules/Dock/Dock.qml[45:7]: Detected function "onPinnedAppsChanged" in Connections element. This is probably intended to be a signal handler but no signal of the target matches the name.
Oct 04 10:02:24 baseweed-admin dbus-run-session[1043]:   WARN scene: QML Connections at @Modules/Dock/Dock.qml[45:7]: Detected function "onOnlySameOutputChanged" in Connections element. This is probably intended to be a signal handler but no signal of the target matches the name.
Oct 04 10:02:24 baseweed-admin dbus-run-session[1043]:   WARN scene: QML Connections at @Modules/Dock/Dock.qml[45:7]: Detected function "onPinnedAppsChanged" in Connections element. This is probably intended to be a signal handler but no signal of the target matches the name.
Oct 04 10:02:24 baseweed-admin dbus-run-session[1043]:   WARN scene: QML Connections at @Modules/Dock/Dock.qml[45:7]: Detected function "onOnlySameOutputChanged" in Connections element. This is probably intended to be a signal handler but no signal of the target matches the name.
Oct 04 10:02:24 baseweed-admin dbus-run-session[1043]:   WARN scene: QML Connections at @Modules/Dock/Dock.qml[45:7]: Detected function "onPinnedAppsChanged" in Connections element. This is probably intended to be a signal handler but no signal of the target matches the name.
Oct 04 10:02:24 baseweed-admin dbus-run-session[1043]:   WARN scene: QML Connections at @Modules/Dock/Dock.qml[45:7]: Detected function "onOnlySameOutputChanged" in Connections element. This is probably intended to be a signal handler but no signal of the target matches the name.
Oct 04 10:02:24 baseweed-admin dbus-run-session[1043]:   INFO qml: [20261004-100224]          Shell ---------------------------
Oct 04 10:02:24 baseweed-admin dbus-run-session[1043]:   INFO qml: [20261004-100224]      Wallpaper Service started
Oct 04 10:02:24 baseweed-admin dbus-run-session[1043]:   INFO qml: [20261004-100224]     ImageCache Service started
Oct 04 10:02:24 baseweed-admin dbus-run-session[1043]:   WARN scene: QML Connections at @Services/Theming/AppThemeService.qml[30:3]: Detected function "onDarkModeChanged" in Connections element. This is probably intended to be a signal handler but no signal of the target matches the name.
Oct 04 10:02:24 baseweed-admin dbus-run-session[1043]:   WARN scene: QML Connections at @Services/Theming/AppThemeService.qml[30:3]: Detected function "onMonitorForColorsChanged" in Connections element. This is probably intended to be a signal handler but no signal of the target matches the name.
Oct 04 10:02:24 baseweed-admin dbus-run-session[1043]:   WARN scene: QML Connections at @Services/Theming/AppThemeService.qml[30:3]: Detected function "onGenerationMethodChanged" in Connections element. This is probably intended to be a signal handler but no signal of the target matches the name.
Oct 04 10:02:24 baseweed-admin dbus-run-session[1043]:   INFO qml: [20261004-100224] AppThemeServic Service started
Oct 04 10:02:24 baseweed-admin dbus-run-session[1043]:   WARN scene: QML Connections at @Services/Theming/ColorSchemeService.qml[20:3]: Detected function "onDarkModeChanged" in Connections element. This is probably intended to be a signal handler but no signal of the target matches the name.
Oct 04 10:02:24 baseweed-admin dbus-run-session[1043]:   INFO qml: [20261004-100224]    ColorScheme Service started
Oct 04 10:02:24 baseweed-admin dbus-run-session[1043]:   INFO qml: [20261004-100224] AppPresentatio Service started
Oct 04 10:02:24 baseweed-admin dbus-run-session[1043]:   WARN scene: QML Connections at @Services/Location/DarkModeService.qml[43:3]: Detected function "onSchedulingModeChanged" in Connections element. This is probably intended to be a signal handler but no signal of the target matches the name.
Oct 04 10:02:24 baseweed-admin dbus-run-session[1043]:   WARN scene: QML Connections at @Services/Location/DarkModeService.qml[28:3]: Detected function "onManualSunriseChanged" in Connections element. This is probably intended to be a signal handler but no signal of the target matches the name.
Oct 04 10:02:24 baseweed-admin dbus-run-session[1043]:   WARN scene: QML Connections at @Services/Location/DarkModeService.qml[28:3]: Detected function "onManualSunsetChanged" in Connections element. This is probably intended to be a signal handler but no signal of the target matches the name.
Oct 04 10:02:24 baseweed-admin dbus-run-session[1043]:   INFO qml: [20261004-100224] DarkModeServic Service started
Oct 04 10:02:24 baseweed-admin dbus-run-session[1043]:   WARN scene: @Services/Location/DarkModeService.qml[29:5]: Unable to assign QJSValue to QObject*
Oct 04 10:02:24 baseweed-admin dbus-run-session[1043]:   WARN scene: @Services/Location/DarkModeService.qml[44:5]: Unable to assign QJSValue to QObject*
Oct 04 10:02:24 baseweed-admin dbus-run-session[1043]:   WARN scene: @Services/Theming/ColorSchemeService.qml[21:5]: Unable to assign QJSValue to QObject*
Oct 04 10:02:24 baseweed-admin dbus-run-session[1043]:   WARN scene: @Services/Theming/AppThemeService.qml[31:5]: Unable to assign QJSValue to QObject*
Oct 04 10:02:24 baseweed-admin dbus-run-session[1043]:   WARN scene: @Modules/Dock/Dock.qml[46:9]: Unable to assign QJSValue to QObject*
Oct 04 10:02:24 baseweed-admin dbus-run-session[1043]:   WARN scene: @Modules/Dock/Dock.qml[46:9]: Unable to assign QJSValue to QObject*
Oct 04 10:02:24 baseweed-admin dbus-run-session[1043]:   WARN scene: @Modules/Dock/Dock.qml[46:9]: Unable to assign QJSValue to QObject*
Oct 04 10:02:24 baseweed-admin dbus-run-session[1043]:   WARN scene: @Modules/Background/Background.qml[81:9]: Unable to assign QJSValue to QObject*
Oct 04 10:02:24 baseweed-admin dbus-run-session[1043]:   WARN scene: @Modules/Background/Background.qml[81:9]: Unable to assign QJSValue to QObject*
Oct 04 10:02:24 baseweed-admin dbus-run-session[1043]:   WARN scene: @Modules/Background/Background.qml[81:9]: Unable to assign QJSValue to QObject*
Oct 04 10:02:24 baseweed-admin dbus-run-session[1043]:   WARN scene: @Services/UI/WallpaperService.qml[62:5]: Unable to assign QJSValue to QObject*
Oct 04 10:02:24 baseweed-admin dbus-run-session[1043]:   WARN scene: @Modules/Panels/SessionMenu/SessionMenu.qml[152:5]: Unable to assign QJSValue to QObject*
Oct 04 10:02:24 baseweed-admin dbus-run-session[1043]:   WARN scene: @Modules/Panels/Dock/StaticDockPanel.qml[351:5]: Unable to assign QJSValue to QObject*
Oct 04 10:02:24 baseweed-admin dbus-run-session[1043]:   WARN scene: @Modules/Panels/SessionMenu/SessionMenu.qml[152:5]: Unable to assign QJSValue to QObject*
Oct 04 10:02:24 baseweed-admin dbus-run-session[1043]:   WARN scene: @Modules/Panels/Dock/StaticDockPanel.qml[351:5]: Unable to assign QJSValue to QObject*
Oct 04 10:02:24 baseweed-admin dbus-run-session[1043]:   WARN scene: @Services/System/SystemStatService.qml[321:5]: Unable to assign QJSValue to QObject*
Oct 04 10:02:24 baseweed-admin dbus-run-session[1043]:   WARN scene: @Modules/Panels/SessionMenu/SessionMenu.qml[152:5]: Unable to assign QJSValue to QObject*
Oct 04 10:02:24 baseweed-admin dbus-run-session[1043]:   WARN scene: @Services/Networking/NetworkService.qml[74:5]: Unable to assign QJSValue to QObject*
Oct 04 10:02:24 baseweed-admin dbus-run-session[1043]:   WARN scene: @Modules/Panels/Dock/StaticDockPanel.qml[351:5]: Unable to assign QJSValue to QObject*
Oct 04 10:02:24 baseweed-admin dbus-run-session[1043]:   WARN scene: @Services/UI/BarService.qml[148:5]: Unable to assign QJSValue to QObject*
Oct 04 10:02:24 baseweed-admin dbus-run-session[1043]:   WARN scene: @Services/Hardware/BrightnessService.qml[67:5]: Unable to assign QJSValue to QObject*
Oct 04 10:02:24 baseweed-admin dbus-run-session[1043]:   INFO qml: [20261004-100224]      Wallpaper Starting scan for Virtual-1 in /home/admin/Pictures/Wallpapers recursive: false
Oct 04 10:02:24 baseweed-admin dbus-run-session[1043]:   INFO qml: [20261004-100224]      Wallpaper Starting scan for pipewire-0 in /home/admin/Pictures/Wallpapers recursive: false
Oct 04 10:02:24 baseweed-admin dbus-run-session[1043]:   INFO qml: [20261004-100224]      Wallpaper Starting scan for pipewire-1 in /home/admin/Pictures/Wallpapers recursive: false
Oct 04 10:02:24 baseweed-admin dbus-run-session[1043]:   INFO qml: [20261004-100224]       Location Service started
Oct 04 10:02:24 baseweed-admin dbus-run-session[1043]:   WARN scene: QML Connections at @Services/Location/NightLightService.qml[96:3]: Detected function "onEnabledChanged" in Connections element. This is probably intended to be a signal handler but no signal of the target matches the name.
Oct 04 10:02:24 baseweed-admin dbus-run-session[1043]:   WARN scene: QML Connections at @Services/Location/NightLightService.qml[96:3]: Detected function "onForcedChanged" in Connections element. This is probably intended to be a signal handler but no signal of the target matches the name.
Oct 04 10:02:24 baseweed-admin dbus-run-session[1043]:   WARN scene: QML Connections at @Services/Location/NightLightService.qml[96:3]: Detected function "onNightTempChanged" in Connections element. This is probably intended to be a signal handler but no signal of the target matches the name.
Oct 04 10:02:24 baseweed-admin dbus-run-session[1043]:   WARN scene: QML Connections at @Services/Location/NightLightService.qml[96:3]: Detected function "onDayTempChanged" in Connections element. This is probably intended to be a signal handler but no signal of the target matches the name.
Oct 04 10:02:24 baseweed-admin dbus-run-session[1043]:   WARN scene: QML Connections at @Services/Control/HooksService.qml[16:3]: Detected function "onDarkModeChanged" in Connections element. This is probably intended to be a signal handler but no signal of the target matches the name.
Oct 04 10:02:24 baseweed-admin dbus-run-session[1043]:   INFO qml: [20261004-100224]   HooksService Service started
Oct 04 10:02:24 baseweed-admin dbus-run-session[1043]:   WARN quickshell.dbus.objectmanager: Failed to create DBusObjectManagerInterface for "org.bluez" "/" : QDBusError("org.freedesktop.DBus.Error.ServiceUnknown", "The name is not activatable")
Oct 04 10:02:24 baseweed-admin dbus-run-session[1043]:   INFO qml: [20261004-100224]      Bluetooth Service started
Oct 04 10:02:24 baseweed-admin dbus-run-session[1043]:   INFO qml: [20261004-100224]  IdleInhibitor Service started
Oct 04 10:02:24 baseweed-admin dbus-run-session[1043]:   INFO qml: [20261004-100224] CapabilityServ qdwin live-apply capabilities: pointer=false xkb=false wm=false output=false workspace=false idleDpms=false keybind=false
Oct 04 10:02:24 baseweed-admin dbus-run-session[1043]:   INFO qml: [20261004-100224]   PowerService Service started
Oct 04 10:02:24 baseweed-admin dbus-run-session[1043]:   INFO qml: [20261004-100224] AccessibilityS Service started
Oct 04 10:02:24 baseweed-admin dbus-run-session[1043]:   INFO qml: [20261004-100224]  KeyboardInput Service started
Oct 04 10:02:24 baseweed-admin dbus-run-session[1043]:   INFO qml: [20261004-100224] PointerInputSe Service started (qdwin live-apply: persist-only until shell binds >= v28)
Oct 04 10:02:24 baseweed-admin dbus-run-session[1043]:   INFO qml: [20261004-100224] WindowManagerS Service started (qdwin v25 live-apply: false, shortcuts: false)
Oct 04 10:02:24 baseweed-admin dbus-run-session[1043]:   INFO qml: [20261004-100224] SessionService started; saved=0 canApplyPlacement=false
Oct 04 10:02:24 baseweed-admin dbus-run-session[1043]:   INFO qml: [20261004-100224]    HostService Service started
Oct 04 10:02:24 baseweed-admin dbus-run-session[1043]:   INFO qml: [20261004-100224] CustomButtonIP Service started
Oct 04 10:02:24 baseweed-admin dbus-run-session[1043]:   INFO qml: [20261004-100224]     IPCService Service started
Oct 04 10:02:24 baseweed-admin dbus-run-session[1043]:   INFO qml: [20261004-100224]        PodApps service started
Oct 04 10:02:24 baseweed-admin dbus-run-session[1043]:   INFO qml: [20261004-100224]         VMApps service started
Oct 04 10:02:24 baseweed-admin dbus-run-session[1043]:   INFO qml: [20261004-100224]      Tier3Apps service started
Oct 04 10:02:24 baseweed-admin dbus-run-session[1043]:   INFO qml: [20261004-100224]     Tier3sApps service started
Oct 04 10:02:24 baseweed-admin dbus-run-session[1043]:   INFO qml: [20261004-100224]      Tier4Apps service started
Oct 04 10:02:24 baseweed-admin dbus-run-session[1043]:   INFO qml: [20261004-100224] RemoteMachineW service started
Oct 04 10:02:24 baseweed-admin dbus-run-session[1043]:   INFO qml: [20261004-100224]  Tier3FocusIPC service started
Oct 04 10:02:24 baseweed-admin dbus-run-session[1043]:   WARN quickshell.dbus: Could not launch service org.freedesktop.UPower.PowerProfiles: QDBusError(org.freedesktop.DBus.Error.ServiceUnknown, The name is not activatable)
Oct 04 10:02:24 baseweed-admin dbus-run-session[1043]:   WARN quickshell.service.powerprofiles: Could not start PowerProfilesDaemon. The PowerProfiles service will not work.
Oct 04 10:02:24 baseweed-admin dbus-run-session[1043]:   INFO qml: [20261004-100224]          Qdwin qdwin_shell_v1 bound v34
Oct 04 10:02:24 baseweed-admin dbus-run-session[1043]:   INFO qml: [20261004-100224]  ClipboardGate wired to qdwin_shell_v1; broker default=deny
Oct 04 10:02:24 baseweed-admin dbus-run-session[1043]:   INFO qml: [20261004-100224] WindowManagerS applied WM policy focus=click placement=smart snap=true/16
Oct 04 10:02:24 baseweed-admin dbus-run-session[1043]:   INFO qml: [20261004-100224] CapabilityServ wmPolicy -> true
Oct 04 10:02:24 baseweed-admin dbus-run-session[1043]:   INFO qml: [20261004-100224] WindowManagerS registered WM shortcuts (5 active)
Oct 04 10:02:24 baseweed-admin dbus-run-session[1043]:   INFO qml: [20261004-100224] CapabilityServ keybindRegistration -> true
Oct 04 10:02:24 baseweed-admin dbus-run-session[1043]:   INFO qml: [20261004-100224] PointerInputSe applied pointer config accelSpeed=0 profile=0 natural=0 tap=1 scroll=1
Oct 04 10:02:24 baseweed-admin dbus-run-session[1043]:   INFO qml: [20261004-100224] CapabilityServ pointerConfig -> true
Oct 04 10:02:24 baseweed-admin dbus-run-session[1043]:   INFO qml: [20261004-100224]  KeyboardInput applied qdwin key-repeat rate=25 delay=500
Oct 04 10:02:24 baseweed-admin dbus-run-session[1043]:   INFO qml: [20261004-100224] CapabilityServ xkbRepeat -> true
Oct 04 10:02:24 baseweed-admin dbus-run-session[1043]:   INFO qml: [20261004-100224]   PowerService idle policy armed: inactivity=0ms (nothing), displayOff=0ms, presentation=false
Oct 04 10:02:24 baseweed-admin dbus-run-session[1043]:   INFO qml: [20261004-100224] CapabilityServ idleDpms -> true
Oct 04 10:02:24 baseweed-admin dbus-run-session[1043]:   INFO qml: [20261004-100224] CapabilityServ outputManagement -> true
Oct 04 10:02:25 baseweed-admin dbus-run-session[1043]:   WARN qml: [20261004-100225]       Location Weather is still fetching
Oct 04 10:02:25 baseweed-admin dbus-run-session[1043]:   WARN quickshell.dbus: Could not launch service org.freedesktop.UPower: QDBusError(org.freedesktop.DBus.Error.ServiceUnknown, The name is not activatable)
Oct 04 10:02:25 baseweed-admin dbus-run-session[1043]:   WARN quickshell.service.upower: Could not start UPower. The UPower service will not work.
Oct 04 10:02:25 baseweed-admin dbus-run-session[1043]:   INFO qml: [20261004-100225]    HostService Detected openSUSE Tumbleweed
Oct 04 10:02:25 baseweed-admin dbus-run-session[1043]:   INFO qml: [20261004-100225]    HostService Looking for logo icon: distributor-logo-Tumbleweed
Oct 04 10:02:25 baseweed-admin dbus-run-session[1043]:   INFO qml: [20261004-100225]    HostService resolved hostname baseweed-admin
Oct 04 10:02:25 baseweed-admin dbus-run-session[1043]:   WARN: Process failed to start, likely because the binary could not be found. Command: QList("bluetoothctl", "show")
Oct 04 10:02:25 baseweed-admin dbus-run-session[1043]:   WARN: Process failed to start, likely because the binary could not be found. Command: QList("udisksctl", "monitor")
Oct 04 10:02:25 baseweed-admin dbus-run-session[1043]:  ERROR qml: [20261004-100225]       Location Geocoding error: 0
Oct 04 10:02:25 baseweed-admin dbus-run-session[1043]:   INFO qml: [20261004-100225] PluginRegistry All plugin manifests loaded. Total plugins: 0
Oct 04 10:02:25 baseweed-admin dbus-run-session[1043]:   INFO qml: [20261004-100225]  PluginService Initializing plugin system
Oct 04 10:02:25 baseweed-admin dbus-run-session[1043]:   INFO qml: [20261004-100225]  PluginService Found 0 enabled plugins: []
Oct 04 10:02:25 baseweed-admin dbus-run-session[1043]:   INFO qml: [20261004-100225]  PluginService No plugins to load
Oct 04 10:02:25 baseweed-admin dbus-run-session[1043]:   INFO qml: [20261004-100225]  PluginService Refreshing available plugins
Oct 04 10:02:25 baseweed-admin dbus-run-session[1043]:   WARN qml: [20261004-100225]     ImageCache ImageMagick not found, using Qt fallback
Oct 04 10:02:25 baseweed-admin dbus-run-session[1043]:   WARN qml: [20261004-100225]      Wallpaper Scan failed for Virtual-1 exit code: 1 (directory might not exist)
Oct 04 10:02:25 baseweed-admin dbus-run-session[1043]:   WARN qml: [20261004-100225]      Wallpaper Scan failed for pipewire-0 exit code: 1 (directory might not exist)
Oct 04 10:02:25 baseweed-admin dbus-run-session[1043]:   WARN qml: [20261004-100225]      Wallpaper Scan failed for pipewire-1 exit code: 1 (directory might not exist)
Oct 04 10:02:25 baseweed-admin dbus-run-session[1043]:   WARN qml: [20261004-100225]   PowerService Button monitor unavailable (exit 1); releasing key inhibitors, logind will handle power/sleep keys
Oct 04 10:02:25 baseweed-admin dbus-run-session[1043]:   INFO qml: [20261004-100225]  KeyboardInput applied qdwin key-repeat rate=25 delay=500
Oct 04 10:02:25 baseweed-admin dbus-run-session[1043]:   INFO qml: [20261004-100225] PointerInputSe enumerated 3 pointer device(s) via proc
Oct 04 10:02:25 baseweed-admin dbus-run-session[1043]:   INFO qml: [20261004-100225]        PodApps cache refresh loaded 0 apps
Oct 04 10:02:33 baseweed-admin dbus-run-session[1043]:   WARN scene: QML Connections at qs:/usr/share/quickshell/qdshell/Modules/Bar/Widgets/Taskbar.qml[981:3]: Detected function "onPinnedAppsChanged" in Connections element. This is probably intended to be a signal handler but no signal of the target matches the name.
Oct 04 10:02:33 baseweed-admin dbus-run-session[1043]:   WARN scene: QML Connections at qs:/usr/share/quickshell/qdshell/Modules/Bar/Widgets/Taskbar.qml[981:3]: Detected function "onPinnedAppsChanged" in Connections element. This is probably intended to be a signal handler but no signal of the target matches the name.
Oct 04 10:02:33 baseweed-admin dbus-run-session[1043]:   WARN scene: QML Connections at qs:/usr/share/quickshell/qdshell/Modules/Bar/Widgets/Taskbar.qml[981:3]: Detected function "onPinnedAppsChanged" in Connections element. This is probably intended to be a signal handler but no signal of the target matches the name.
Oct 04 10:02:33 baseweed-admin dbus-run-session[1043]:   WARN: Could not load icon "user-desktop?fallback=application-x-executable" at size QSize(19, 19) from request
Oct 04 10:02:33 baseweed-admin dbus-run-session[1043]:   WARN: Could not load icon "user-desktop?fallback=application-x-executable" at size QSize(2, 2) from request
Oct 04 10:02:33 baseweed-admin dbus-run-session[1043]:   WARN: Could not load icon "user-desktop?fallback=application-x-executable" at size QSize(2, 2) from request
Oct 04 10:02:33 baseweed-admin dbus-run-session[1043]:   WARN scene: qs:/usr/share/quickshell/qdshell/Modules/Bar/Widgets/Taskbar.qml[982:5]: Unable to assign QJSValue to QObject*
Oct 04 10:02:33 baseweed-admin dbus-run-session[1043]:   WARN scene: qs:/usr/share/quickshell/qdshell/Modules/Bar/Widgets/Taskbar.qml[982:5]: Unable to assign QJSValue to QObject*
Oct 04 10:02:33 baseweed-admin dbus-run-session[1043]:   WARN scene: qs:/usr/share/quickshell/qdshell/Modules/Bar/Widgets/Taskbar.qml[982:5]: Unable to assign QJSValue to QObject*
Oct 04 10:02:33 baseweed-admin dbus-run-session[1043]:   WARN scene: @Services/Control/HooksService.qml[17:5]: Unable to assign QJSValue to QObject*
Oct 04 10:02:33 baseweed-admin dbus-run-session[1043]:   WARN scene: @Services/Location/NightLightService.qml[97:5]: Unable to assign QJSValue to QObject*
Oct 04 10:02:33 baseweed-admin dbus-run-session[1043]:   INFO qml: [20261004-100233]           Time Time jump detected (10s) - likely system resume
Oct 04 10:02:33 baseweed-admin dbus-run-session[1043]:   INFO qml: [20261004-100233]        Network System resumed - forcing state poll
Oct 04 10:02:33 baseweed-admin dbus-run-session[1043]:   INFO qml: [20261004-100233]     SystemStat System resumed - resetting differential state
Oct 04 10:02:33 baseweed-admin dbus-run-session[1043]:   INFO qml: [20261004-100233] DarkModeServic System resumed - re-evaluating dark mode
Oct 04 10:02:33 baseweed-admin dbus-run-session[1043]:   INFO qml: [20261004-100233]     NightLight System resumed - re-applying night light
Oct 04 10:02:33 baseweed-admin dbus-run-session[1043]:   INFO qml: [20261004-100233]      Bluetooth System resumed - forcing state poll
Oct 04 10:02:33 baseweed-admin dbus-run-session[1043]:   INFO qml: [20261004-100233]    ColorScheme Applying color scheme: Qdshell (default)
Oct 04 10:02:33 baseweed-admin dbus-run-session[1043]:   INFO qml: [20261004-100233]           Font Service started
Oct 04 10:02:33 baseweed-admin dbus-run-session[1043]:  ERROR qml: [20261004-100233]  PluginService Empty response from Qdshell Plugins
Oct 04 10:02:33 baseweed-admin dbus-run-session[1043]:  ERROR qml: [20261004-100233]  PluginService Failed to fetch registry from Qdshell Plugins - exit code: 1
Oct 04 10:02:34 baseweed-admin dbus-run-session[1043]:   INFO qml: [20261004-100234]        PodApps cache refresh loaded 0 apps
Oct 04 10:02:34 baseweed-admin dbus-run-session[1043]:   WARN qml: [20261004-100234]        Network Connectivity check error: Error: Not authorized to recheck connectivity.
Oct 04 10:02:35 baseweed-admin dbus-run-session[1043]:   INFO qml: [20261004-100235]           Font Loaded 11 fonts, 3 monospace
Oct 04 10:02:39 baseweed-admin dbus-run-session[1043]:   INFO qml: [20261004-100239] DarkModeServic Resume retry - re-evaluating dark mode again
Oct 04 10:02:39 baseweed-admin dbus-run-session[1043]:   INFO qml: [20261004-100239]     NightLight Resume retry - re-applying night light again
Oct 04 10:02:39 baseweed-admin dbus-run-session[1043]:   INFO qml: [20261004-100239]           Time Time jump detected (6s) - likely system resume
Oct 04 10:02:39 baseweed-admin dbus-run-session[1043]:   INFO qml: [20261004-100239]        Network System resumed - forcing state poll
Oct 04 10:02:39 baseweed-admin dbus-run-session[1043]:   INFO qml: [20261004-100239]     SystemStat System resumed - resetting differential state
Oct 04 10:02:39 baseweed-admin dbus-run-session[1043]:   INFO qml: [20261004-100239] DarkModeServic System resumed - re-evaluating dark mode
Oct 04 10:02:39 baseweed-admin dbus-run-session[1043]:   INFO qml: [20261004-100239]     NightLight System resumed - re-applying night light
Oct 04 10:02:39 baseweed-admin dbus-run-session[1043]:   INFO qml: [20261004-100239]      Bluetooth System resumed - forcing state poll
Oct 04 10:02:39 baseweed-admin dbus-run-session[1043]:   WARN: Process failed to start, likely because the binary could not be found. Command: QList("bluetoothctl", "show")
Oct 04 10:02:39 baseweed-admin dbus-run-session[1043]:   WARN qml: [20261004-100239]        Network Connectivity check error: Error: Not authorized to recheck connectivity.
Oct 04 10:02:40 baseweed-admin dbus-run-session[1043]:   WARN: Process failed to start, likely because the binary could not be found. Command: QList("bluetoothctl", "show")
Oct 04 10:02:40 baseweed-admin dbus-run-session[1043]:   WARN qml: [20261004-100240]     SystemStat No supported temperature sensor found
Oct 04 10:02:41 baseweed-admin dbus-run-session[1043]:   INFO qml: [20261004-100241] DarkModeServic Resume retry - re-evaluating dark mode again
Oct 04 10:02:41 baseweed-admin dbus-run-session[1043]:   INFO qml: [20261004-100241]     NightLight Resume retry - re-applying night light again
Oct 04 10:02:41 baseweed-admin dbus-run-session[1043]:   WARN: Process failed to start, likely because the binary could not be found. Command: QList("bluetoothctl", "show")
Oct 04 10:02:42 baseweed-admin dbus-run-session[1043]:   WARN: Process failed to start, likely because the binary could not be found. Command: QList("bluetoothctl", "show")
Oct 04 10:02:43 baseweed-admin dbus-run-session[1043]:   WARN: Process failed to start, likely because the binary could not be found. Command: QList("bluetoothctl", "show")
Oct 04 10:02:44 baseweed-admin dbus-run-session[1043]:   WARN qml: [20261004-100244]       Location Weather is still fetching
Oct 04 10:02:44 baseweed-admin dbus-run-session[1043]:  ERROR qml: [20261004-100244]       Location Geocoding error: 0
Oct 04 10:02:45 baseweed-admin dbus-run-session[1043]:   WARN: Process failed to start, likely because the binary could not be found. Command: QList("bluetoothctl", "show")
Oct 04 10:02:47 baseweed-admin dbus-run-session[1043]:   WARN: Process failed to start, likely because the binary could not be found. Command: QList("bluetoothctl", "show")
Oct 04 10:02:48 baseweed-admin dbus-run-session[1043]:   WARN qml: [20261004-100248]        Network Connectivity check error: Error: Not authorized to recheck connectivity.
Oct 04 10:02:49 baseweed-admin dbus-run-session[1043]:   WARN: Process failed to start, likely because the binary could not be found. Command: QList("bluetoothctl", "show")
Oct 04 10:02:51 baseweed-admin dbus-run-session[1043]:   WARN: Process failed to start, likely because the binary could not be found. Command: QList("bluetoothctl", "show")
Oct 04 10:02:53 baseweed-admin dbus-run-session[1043]:   WARN: Process failed to start, likely because the binary could not be found. Command: QList("bluetoothctl", "show")
Oct 04 10:02:54 baseweed-admin dbus-run-session[1043]:   INFO qml: [20261004-100254]        PodApps cache refresh loaded 0 apps
Oct 04 10:02:55 baseweed-admin dbus-run-session[1043]:   WARN: Process failed to start, likely because the binary could not be found. Command: QList("bluetoothctl", "show")
Oct 04 10:02:57 baseweed-admin dbus-run-session[1043]:   WARN: Process failed to start, likely because the binary could not be found. Command: QList("bluetoothctl", "show")
Oct 04 10:02:59 baseweed-admin dbus-run-session[1043]:   WARN: Process failed to start, likely because the binary could not be found. Command: QList("bluetoothctl", "show")
Oct 04 10:03:01 baseweed-admin dbus-run-session[1043]:   WARN: Process failed to start, likely because the binary could not be found. Command: QList("bluetoothctl", "show")
Oct 04 10:03:03 baseweed-admin dbus-run-session[1043]:   WARN qml: [20261004-100303]        Network Connectivity check error: Error: Not authorized to recheck connectivity.
Oct 04 10:03:03 baseweed-admin dbus-run-session[1043]:   WARN: Process failed to start, likely because the binary could not be found. Command: QList("bluetoothctl", "show")
Oct 04 10:03:04 baseweed-admin dbus-run-session[1043]:   WARN qml: [20261004-100304]       Location Weather is still fetching
Oct 04 10:03:04 baseweed-admin dbus-run-session[1043]:  ERROR qml: [20261004-100304]       Location Geocoding error: 0
Oct 04 10:03:05 baseweed-admin dbus-run-session[1043]:   WARN: Process failed to start, likely because the binary could not be found. Command: QList("bluetoothctl", "show")
Oct 04 10:03:07 baseweed-admin dbus-run-session[1043]:   INFO qml: [20261004-100307]        PodApps auto-scan: qdistro-tier3s-s120x transitioned to running
Oct 04 10:03:07 baseweed-admin dbus-run-session[1043]:   WARN: Process failed to start, likely because the binary could not be found. Command: QList("bluetoothctl", "show")
Oct 04 10:03:09 baseweed-admin podman[4810]: 2026-10-04 10:03:09.303579601 +0000 UTC m=+0.160727633 container exec f858e7913b74630aa86a6604f48784a96454e71b63b6b37b9e26ef4320084ab1 (image=localhost/qdistro/tier3s-headless-smoke:latest, name=qdistro-tier3s-s120x, org.opencontainers.image.source=https://build.opensuse.org/package/show/openSUSE:Factory/opensuse-tumbleweed-image?rev=561f9d4c8e4e1a441f95ad4ec6b5a914, org.opensuse.base.created=2026-09-30T20:05:54.126624488Z, org.opensuse.base.url=https://www.opensuse.org, org.opensuse.base.vendor=openSUSE Project, org.opencontainers.image.version=20260930.37.208, org.opensuse.base.lifecycle-url=https://en.opensuse.org/Lifetime, qdistro_tier3s_token=3d1864855d5bf7ecd308d862bfff53b4, org.qdistro.tier3s.workload=headless-smoke, org.opencontainers.image.vendor=openSUSE Project, org.opensuse.base.description=Image containing a minimal environment for containers based on openSUSE Tumbleweed., qdistro_tier3s_unit=qdistro-tier3s-silo@s120x.service, org.opencontainers.image.description=Image containing a minimal environment for containers based on openSUSE Tumbleweed., org.openbuildservice.disturl=obs://build.opensuse.org/openSUSE:Factory/images/561f9d4c8e4e1a441f95ad4ec6b5a914-opensuse-tumbleweed-image:docker, org.opensuse.base.title=openSUSE Tumbleweed Base Container, org.opensuse.base.version=20260930.37.208, org.opencontainers.image.title=openSUSE Tumbleweed Base Container, org.opensuse.base.reference=registry.opensuse.org/opensuse/tumbleweed:20260930.37.208, io.buildah.version=1.44.1, org.opensuse.lifecycle-url=https://en.opensuse.org/Lifetime, org.qdistro.snapshot=20260930, org.opencontainers.image.created=2026-09-30T20:05:54.126624488Z, org.opencontainers.image.url=https://www.opensuse.org, org.opensuse.base.disturl=obs://build.opensuse.org/openSUSE:Factory/images/561f9d4c8e4e1a441f95ad4ec6b5a914-opensuse-tumbleweed-image:docker, org.opensuse.reference=registry.opensuse.org/opensuse/tumbleweed:20260930.37.208, org.opensuse.base.source=https://build.opensuse.org/package/show/openSUSE:Factory/opensuse-tumbleweed-image?rev=561f9d4c8e4e1a441f95ad4ec6b5a914)
Oct 04 10:03:09 baseweed-admin conmon[4825]: conmon f858e7913b74630aa86a <nwarn>: Failed to open cgroups file: /sys/fs/cgroup/user.slice/user-1000.slice/user@1000.service/app.slice/qdshell.service/memory.events
Oct 04 10:03:09 baseweed-admin dbus-run-session[1043]:   WARN: Process failed to start, likely because the binary could not be found. Command: QList("bluetoothctl", "show")
Oct 04 10:03:10 baseweed-admin podman[4810]: 2026-10-04 10:03:10.946737231 +0000 UTC m=+1.803885263 container exec_died f858e7913b74630aa86a6604f48784a96454e71b63b6b37b9e26ef4320084ab1 (image=localhost/qdistro/tier3s-headless-smoke:latest, name=qdistro-tier3s-s120x, org.opencontainers.image.url=https://www.opensuse.org, org.opensuse.base.created=2026-09-30T20:05:54.126624488Z, org.opencontainers.image.title=openSUSE Tumbleweed Base Container, org.opencontainers.image.vendor=openSUSE Project, qdistro_tier3s_unit=qdistro-tier3s-silo@s120x.service, org.opensuse.base.disturl=obs://build.opensuse.org/openSUSE:Factory/images/561f9d4c8e4e1a441f95ad4ec6b5a914-opensuse-tumbleweed-image:docker, io.buildah.version=1.44.1, org.opencontainers.image.version=20260930.37.208, org.opencontainers.image.source=https://build.opensuse.org/package/show/openSUSE:Factory/opensuse-tumbleweed-image?rev=561f9d4c8e4e1a441f95ad4ec6b5a914, org.opensuse.base.version=20260930.37.208, org.opensuse.base.description=Image containing a minimal environment for containers based on openSUSE Tumbleweed., org.opensuse.base.url=https://www.opensuse.org, org.opensuse.base.vendor=openSUSE Project, org.opensuse.reference=registry.opensuse.org/opensuse/tumbleweed:20260930.37.208, org.opensuse.base.source=https://build.opensuse.org/package/show/openSUSE:Factory/opensuse-tumbleweed-image?rev=561f9d4c8e4e1a441f95ad4ec6b5a914, org.opensuse.lifecycle-url=https://en.opensuse.org/Lifetime, org.opensuse.base.reference=registry.opensuse.org/opensuse/tumbleweed:20260930.37.208, org.opensuse.base.lifecycle-url=https://en.opensuse.org/Lifetime, org.qdistro.snapshot=20260930, qdistro_tier3s_token=3d1864855d5bf7ecd308d862bfff53b4, org.openbuildservice.disturl=obs://build.opensuse.org/openSUSE:Factory/images/561f9d4c8e4e1a441f95ad4ec6b5a914-opensuse-tumbleweed-image:docker, org.opensuse.base.title=openSUSE Tumbleweed Base Container, execID=67ea8611c620a1dcac5e00a7fe72f7c7a0d6eb085c75b0a77754d9dba8f5bf94, org.qdistro.tier3s.workload=headless-smoke, org.opencontainers.image.description=Image containing a minimal environment for containers based on openSUSE Tumbleweed., org.opencontainers.image.created=2026-09-30T20:05:54.126624488Z)
Oct 04 10:03:11 baseweed-admin dbus-run-session[1043]:   INFO qml: [20261004-100311]        PodApps cache refresh loaded 0 apps
Oct 04 10:03:11 baseweed-admin dbus-run-session[1043]:   WARN: Process failed to start, likely because the binary could not be found. Command: QList("bluetoothctl", "show")
Oct 04 10:03:13 baseweed-admin dbus-run-session[1043]:   WARN: Process failed to start, likely because the binary could not be found. Command: QList("bluetoothctl", "show")
Oct 04 10:03:15 baseweed-admin dbus-run-session[1043]:   WARN: Process failed to start, likely because the binary could not be found. Command: QList("bluetoothctl", "show")
Oct 04 10:03:17 baseweed-admin dbus-run-session[1043]:   WARN: Process failed to start, likely because the binary could not be found. Command: QList("bluetoothctl", "show")
Oct 04 10:03:18 baseweed-admin dbus-run-session[1043]:   WARN qml: [20261004-100318]        Network Connectivity check error: Error: Not authorized to recheck connectivity.
Oct 04 10:03:19 baseweed-admin dbus-run-session[1043]:   WARN: Process failed to start, likely because the binary could not be found. Command: QList("bluetoothctl", "show")
Oct 04 10:03:21 baseweed-admin dbus-run-session[1043]:   WARN: Process failed to start, likely because the binary could not be found. Command: QList("bluetoothctl", "show")
Oct 04 10:03:23 baseweed-admin dbus-run-session[1043]:   WARN: Process failed to start, likely because the binary could not be found. Command: QList("bluetoothctl", "show")
Oct 04 10:03:24 baseweed-admin dbus-run-session[1043]:   WARN qml: [20261004-100324]       Location Weather is still fetching
Oct 04 10:03:25 baseweed-admin dbus-run-session[1043]:   INFO qml: [20261004-100325]        PodApps cache refresh loaded 0 apps
Oct 04 10:03:25 baseweed-admin dbus-run-session[1043]:  ERROR qml: [20261004-100325]       Location Geocoding error: 0
Oct 04 10:03:25 baseweed-admin dbus-run-session[1043]:   INFO qml: [20261004-100325]        PodApps auto-scan: qdistro-tier3s-s120a transitioned to running
Oct 04 10:03:25 baseweed-admin dbus-run-session[1043]:   WARN: Process failed to start, likely because the binary could not be found. Command: QList("bluetoothctl", "show")
Oct 04 10:03:27 baseweed-admin dbus-run-session[1043]:   WARN: Process failed to start, likely because the binary could not be found. Command: QList("bluetoothctl", "show")
Oct 04 10:03:29 baseweed-admin dbus-run-session[1043]:   WARN: Process failed to start, likely because the binary could not be found. Command: QList("bluetoothctl", "show")
Oct 04 10:03:31 baseweed-admin podman[7602]: 2026-10-04 10:03:31.132017467 +0000 UTC m=+3.905234647 container exec d8c62ec67221f65646e4a2c3d1260768c70f6580f9897ee4b42244bc04d6c3e1 (image=localhost/qdistro/tier3s-headless-smoke:latest, name=qdistro-tier3s-s120a, org.opensuse.base.version=20260930.37.208, org.opencontainers.image.created=2026-09-30T20:05:54.126624488Z, org.opensuse.base.description=Image containing a minimal environment for containers based on openSUSE Tumbleweed., org.opensuse.base.title=openSUSE Tumbleweed Base Container, org.opensuse.reference=registry.opensuse.org/opensuse/tumbleweed:20260930.37.208, org.opencontainers.image.source=https://build.opensuse.org/package/show/openSUSE:Factory/opensuse-tumbleweed-image?rev=561f9d4c8e4e1a441f95ad4ec6b5a914, org.opensuse.base.reference=registry.opensuse.org/opensuse/tumbleweed:20260930.37.208, org.qdistro.tier3s.workload=headless-smoke, org.opencontainers.image.version=20260930.37.208, org.opensuse.base.lifecycle-url=https://en.opensuse.org/Lifetime, org.opencontainers.image.description=Image containing a minimal environment for containers based on openSUSE Tumbleweed., org.opensuse.base.disturl=obs://build.opensuse.org/openSUSE:Factory/images/561f9d4c8e4e1a441f95ad4ec6b5a914-opensuse-tumbleweed-image:docker, qdistro_tier3s_token=9957c43d22b609e97e6eaf019ebcc283, org.opensuse.base.source=https://build.opensuse.org/package/show/openSUSE:Factory/opensuse-tumbleweed-image?rev=561f9d4c8e4e1a441f95ad4ec6b5a914, org.opensuse.base.vendor=openSUSE Project, io.buildah.version=1.44.1, org.opensuse.base.url=https://www.opensuse.org, org.qdistro.snapshot=20260930, qdistro_tier3s_unit=qdistro-tier3s-silo@s120a.service, org.opencontainers.image.title=openSUSE Tumbleweed Base Container, org.opencontainers.image.vendor=openSUSE Project, org.opensuse.lifecycle-url=https://en.opensuse.org/Lifetime, org.opencontainers.image.url=https://www.opensuse.org, org.opensuse.base.created=2026-09-30T20:05:54.126624488Z, org.openbuildservice.disturl=obs://build.opensuse.org/openSUSE:Factory/images/561f9d4c8e4e1a441f95ad4ec6b5a914-opensuse-tumbleweed-image:docker)
Oct 04 10:03:31 baseweed-admin conmon[7698]: conmon d8c62ec67221f65646e4 <nwarn>: Failed to open cgroups file: /sys/fs/cgroup/user.slice/user-1000.slice/user@1000.service/app.slice/qdshell.service/memory.events
Oct 04 10:03:31 baseweed-admin dbus-run-session[1043]:   INFO qml: [20261004-100331]        PodApps auto-scan: qdistro-tier3s-s120a transitioned to running
Oct 04 10:03:31 baseweed-admin podman[7602]: 2026-10-04 10:03:31.270700068 +0000 UTC m=+4.043917258 container exec_died d8c62ec67221f65646e4a2c3d1260768c70f6580f9897ee4b42244bc04d6c3e1 (image=localhost/qdistro/tier3s-headless-smoke:latest, name=qdistro-tier3s-s120a, org.opensuse.base.title=openSUSE Tumbleweed Base Container, org.opensuse.reference=registry.opensuse.org/opensuse/tumbleweed:20260930.37.208, execID=c6a27e195298e2c87fcd8f285623f39635d82cf41783b890b9477cf05968e666, org.opensuse.base.version=20260930.37.208, org.opensuse.base.created=2026-09-30T20:05:54.126624488Z, org.opensuse.base.disturl=obs://build.opensuse.org/openSUSE:Factory/images/561f9d4c8e4e1a441f95ad4ec6b5a914-opensuse-tumbleweed-image:docker, org.opencontainers.image.vendor=openSUSE Project, org.opensuse.base.vendor=openSUSE Project, org.opensuse.lifecycle-url=https://en.opensuse.org/Lifetime, org.opencontainers.image.created=2026-09-30T20:05:54.126624488Z, org.opensuse.base.reference=registry.opensuse.org/opensuse/tumbleweed:20260930.37.208, io.buildah.version=1.44.1, org.opensuse.base.description=Image containing a minimal environment for containers based on openSUSE Tumbleweed., org.qdistro.tier3s.workload=headless-smoke, org.opencontainers.image.version=20260930.37.208, org.opensuse.base.lifecycle-url=https://en.opensuse.org/Lifetime, org.opensuse.base.url=https://www.opensuse.org, org.opencontainers.image.source=https://build.opensuse.org/package/show/openSUSE:Factory/opensuse-tumbleweed-image?rev=561f9d4c8e4e1a441f95ad4ec6b5a914, qdistro_tier3s_token=9957c43d22b609e97e6eaf019ebcc283, org.openbuildservice.disturl=obs://build.opensuse.org/openSUSE:Factory/images/561f9d4c8e4e1a441f95ad4ec6b5a914-opensuse-tumbleweed-image:docker, org.opencontainers.image.title=openSUSE Tumbleweed Base Container, org.opencontainers.image.description=Image containing a minimal environment for containers based on openSUSE Tumbleweed., org.qdistro.snapshot=20260930, qdistro_tier3s_unit=qdistro-tier3s-silo@s120a.service, org.opensuse.base.source=https://build.opensuse.org/package/show/openSUSE:Factory/opensuse-tumbleweed-image?rev=561f9d4c8e4e1a441f95ad4ec6b5a914, org.opencontainers.image.url=https://www.opensuse.org)
Oct 04 10:03:31 baseweed-admin dbus-run-session[1043]:   INFO qml: [20261004-100331]        PodApps cache refresh loaded 0 apps
Oct 04 10:03:31 baseweed-admin dbus-run-session[1043]:   WARN: Process failed to start, likely because the binary could not be found. Command: QList("bluetoothctl", "show")
Oct 04 10:03:33 baseweed-admin dbus-run-session[1043]:   WARN qml: [20261004-100333]        Network Connectivity check error: Error: Not authorized to recheck connectivity.
Oct 04 10:03:33 baseweed-admin podman[8092]: 2026-10-04 10:03:33.607756952 +0000 UTC m=+0.210554018 container exec d8c62ec67221f65646e4a2c3d1260768c70f6580f9897ee4b42244bc04d6c3e1 (image=localhost/qdistro/tier3s-headless-smoke:latest, name=qdistro-tier3s-s120a, org.opensuse.base.created=2026-09-30T20:05:54.126624488Z, org.opensuse.base.vendor=openSUSE Project, org.openbuildservice.disturl=obs://build.opensuse.org/openSUSE:Factory/images/561f9d4c8e4e1a441f95ad4ec6b5a914-opensuse-tumbleweed-image:docker, org.opencontainers.image.source=https://build.opensuse.org/package/show/openSUSE:Factory/opensuse-tumbleweed-image?rev=561f9d4c8e4e1a441f95ad4ec6b5a914, org.opensuse.lifecycle-url=https://en.opensuse.org/Lifetime, io.buildah.version=1.44.1, org.opencontainers.image.description=Image containing a minimal environment for containers based on openSUSE Tumbleweed., org.qdistro.tier3s.workload=headless-smoke, org.opensuse.base.disturl=obs://build.opensuse.org/openSUSE:Factory/images/561f9d4c8e4e1a441f95ad4ec6b5a914-opensuse-tumbleweed-image:docker, org.opensuse.base.title=openSUSE Tumbleweed Base Container, org.opencontainers.image.title=openSUSE Tumbleweed Base Container, org.qdistro.snapshot=20260930, org.opensuse.base.description=Image containing a minimal environment for containers based on openSUSE Tumbleweed., org.opensuse.base.reference=registry.opensuse.org/opensuse/tumbleweed:20260930.37.208, qdistro_tier3s_token=9957c43d22b609e97e6eaf019ebcc283, org.opencontainers.image.url=https://www.opensuse.org, org.opensuse.base.url=https://www.opensuse.org, org.opensuse.reference=registry.opensuse.org/opensuse/tumbleweed:20260930.37.208, qdistro_tier3s_unit=qdistro-tier3s-silo@s120a.service, org.opencontainers.image.created=2026-09-30T20:05:54.126624488Z, org.opensuse.base.source=https://build.opensuse.org/package/show/openSUSE:Factory/opensuse-tumbleweed-image?rev=561f9d4c8e4e1a441f95ad4ec6b5a914, org.opencontainers.image.vendor=openSUSE Project, org.opensuse.base.lifecycle-url=https://en.opensuse.org/Lifetime, org.opensuse.base.version=20260930.37.208, org.opencontainers.image.version=20260930.37.208)
Oct 04 10:03:33 baseweed-admin conmon[8128]: conmon d8c62ec67221f65646e4 <nwarn>: Failed to open cgroups file: /sys/fs/cgroup/user.slice/user-1000.slice/user@1000.service/app.slice/qdshell.service/memory.events
Oct 04 10:03:33 baseweed-admin podman[8145]: 2026-10-04 10:03:33.713697314 +0000 UTC m=+0.080543398 container exec_died d8c62ec67221f65646e4a2c3d1260768c70f6580f9897ee4b42244bc04d6c3e1 (image=localhost/qdistro/tier3s-headless-smoke:latest, name=qdistro-tier3s-s120a, org.opensuse.base.lifecycle-url=https://en.opensuse.org/Lifetime, org.opensuse.base.title=openSUSE Tumbleweed Base Container, org.qdistro.tier3s.workload=headless-smoke, org.opensuse.base.version=20260930.37.208, qdistro_tier3s_token=9957c43d22b609e97e6eaf019ebcc283, org.opencontainers.image.url=https://www.opensuse.org, org.opensuse.base.created=2026-09-30T20:05:54.126624488Z, org.opencontainers.image.created=2026-09-30T20:05:54.126624488Z, org.opensuse.base.description=Image containing a minimal environment for containers based on openSUSE Tumbleweed., org.qdistro.snapshot=20260930, org.opencontainers.image.description=Image containing a minimal environment for containers based on openSUSE Tumbleweed., org.opensuse.base.disturl=obs://build.opensuse.org/openSUSE:Factory/images/561f9d4c8e4e1a441f95ad4ec6b5a914-opensuse-tumbleweed-image:docker, io.buildah.version=1.44.1, org.opencontainers.image.source=https://build.opensuse.org/package/show/openSUSE:Factory/opensuse-tumbleweed-image?rev=561f9d4c8e4e1a441f95ad4ec6b5a914, org.opencontainers.image.version=20260930.37.208, org.opensuse.base.source=https://build.opensuse.org/package/show/openSUSE:Factory/opensuse-tumbleweed-image?rev=561f9d4c8e4e1a441f95ad4ec6b5a914, org.opensuse.base.url=https://www.opensuse.org, qdistro_tier3s_unit=qdistro-tier3s-silo@s120a.service, org.opensuse.base.reference=registry.opensuse.org/opensuse/tumbleweed:20260930.37.208, org.opensuse.reference=registry.opensuse.org/opensuse/tumbleweed:20260930.37.208, org.opencontainers.image.vendor=openSUSE Project, org.openbuildservice.disturl=obs://build.opensuse.org/openSUSE:Factory/images/561f9d4c8e4e1a441f95ad4ec6b5a914-opensuse-tumbleweed-image:docker, org.opensuse.base.vendor=openSUSE Project, org.opencontainers.image.title=openSUSE Tumbleweed Base Container, org.opensuse.lifecycle-url=https://en.opensuse.org/Lifetime, execID=254ce8767ab6674e513addd0039e76ec68ea7f5cfd501bd4cbd5bd7d8e0b1e85)
Oct 04 10:03:33 baseweed-admin podman[8092]: 2026-10-04 10:03:33.75830055 +0000 UTC m=+0.361097616 container exec_died d8c62ec67221f65646e4a2c3d1260768c70f6580f9897ee4b42244bc04d6c3e1 (image=localhost/qdistro/tier3s-headless-smoke:latest, name=qdistro-tier3s-s120a, io.buildah.version=1.44.1, org.opencontainers.image.title=openSUSE Tumbleweed Base Container, org.opencontainers.image.vendor=openSUSE Project, org.opensuse.base.version=20260930.37.208, org.opensuse.base.created=2026-09-30T20:05:54.126624488Z, org.opensuse.base.description=Image containing a minimal environment for containers based on openSUSE Tumbleweed., org.opensuse.base.vendor=openSUSE Project, org.qdistro.tier3s.workload=headless-smoke, org.opencontainers.image.source=https://build.opensuse.org/package/show/openSUSE:Factory/opensuse-tumbleweed-image?rev=561f9d4c8e4e1a441f95ad4ec6b5a914, org.opensuse.base.title=openSUSE Tumbleweed Base Container, org.opencontainers.image.description=Image containing a minimal environment for containers based on openSUSE Tumbleweed., org.openbuildservice.disturl=obs://build.opensuse.org/openSUSE:Factory/images/561f9d4c8e4e1a441f95ad4ec6b5a914-opensuse-tumbleweed-image:docker, org.opensuse.base.reference=registry.opensuse.org/opensuse/tumbleweed:20260930.37.208, org.opensuse.lifecycle-url=https://en.opensuse.org/Lifetime, qdistro_tier3s_token=9957c43d22b609e97e6eaf019ebcc283, org.opensuse.base.url=https://www.opensuse.org, org.opensuse.base.lifecycle-url=https://en.opensuse.org/Lifetime, org.qdistro.snapshot=20260930, org.opencontainers.image.version=20260930.37.208, qdistro_tier3s_unit=qdistro-tier3s-silo@s120a.service, org.opencontainers.image.created=2026-09-30T20:05:54.126624488Z, org.opencontainers.image.url=https://www.opensuse.org, execID=254ce8767ab6674e513addd0039e76ec68ea7f5cfd501bd4cbd5bd7d8e0b1e85, org.opensuse.base.disturl=obs://build.opensuse.org/openSUSE:Factory/images/561f9d4c8e4e1a441f95ad4ec6b5a914-opensuse-tumbleweed-image:docker, org.opensuse.base.source=https://build.opensuse.org/package/show/openSUSE:Factory/opensuse-tumbleweed-image?rev=561f9d4c8e4e1a441f95ad4ec6b5a914, org.opensuse.reference=registry.opensuse.org/opensuse/tumbleweed:20260930.37.208)
Oct 04 10:03:33 baseweed-admin dbus-run-session[1043]:   WARN: Process failed to start, likely because the binary could not be found. Command: QList("bluetoothctl", "show")
Oct 04 10:03:33 baseweed-admin dbus-run-session[1043]:   INFO qml: [20261004-100333]        PodApps cache refresh loaded 0 apps
Oct 04 10:03:34 baseweed-admin dbus-run-session[1043]:   INFO qml: [20261004-100334]        PodApps auto-scan: qdistro-tier3s-s120b transitioned to running
Oct 04 10:03:35 baseweed-admin dbus-run-session[1043]:   WARN: Process failed to start, likely because the binary could not be found. Command: QList("bluetoothctl", "show")
Oct 04 10:03:36 baseweed-admin podman[9259]: 2026-10-04 10:03:36.377328361 +0000 UTC m=+0.154715567 container exec 8e05f880b58b1527647585aa20e72b7d074683b34a5358cae570044f21be9d0a (image=localhost/qdistro/tier3s-headless-smoke:latest, name=qdistro-tier3s-s120b, org.opencontainers.image.source=https://build.opensuse.org/package/show/openSUSE:Factory/opensuse-tumbleweed-image?rev=561f9d4c8e4e1a441f95ad4ec6b5a914, org.opensuse.base.description=Image containing a minimal environment for containers based on openSUSE Tumbleweed., org.opensuse.base.url=https://www.opensuse.org, org.qdistro.snapshot=20260930, org.opencontainers.image.version=20260930.37.208, qdistro_tier3s_unit=qdistro-tier3s-silo@s120b.service, org.opencontainers.image.vendor=openSUSE Project, org.opensuse.lifecycle-url=https://en.opensuse.org/Lifetime, org.opensuse.reference=registry.opensuse.org/opensuse/tumbleweed:20260930.37.208, org.qdistro.tier3s.workload=headless-smoke, org.opencontainers.image.description=Image containing a minimal environment for containers based on openSUSE Tumbleweed., org.opencontainers.image.url=https://www.opensuse.org, org.opensuse.base.created=2026-09-30T20:05:54.126624488Z, org.opencontainers.image.created=2026-09-30T20:05:54.126624488Z, org.opensuse.base.version=20260930.37.208, org.opensuse.base.vendor=openSUSE Project, qdistro_tier3s_token=8fbc37fa6bdcd3813f51158d6f1eee43, org.opensuse.base.disturl=obs://build.opensuse.org/openSUSE:Factory/images/561f9d4c8e4e1a441f95ad4ec6b5a914-opensuse-tumbleweed-image:docker, org.openbuildservice.disturl=obs://build.opensuse.org/openSUSE:Factory/images/561f9d4c8e4e1a441f95ad4ec6b5a914-opensuse-tumbleweed-image:docker, org.opencontainers.image.title=openSUSE Tumbleweed Base Container, org.opensuse.base.source=https://build.opensuse.org/package/show/openSUSE:Factory/opensuse-tumbleweed-image?rev=561f9d4c8e4e1a441f95ad4ec6b5a914, org.opensuse.base.reference=registry.opensuse.org/opensuse/tumbleweed:20260930.37.208, org.opensuse.base.title=openSUSE Tumbleweed Base Container, org.opensuse.base.lifecycle-url=https://en.opensuse.org/Lifetime, io.buildah.version=1.44.1)
Oct 04 10:03:36 baseweed-admin conmon[9281]: conmon 8e05f880b58b15276475 <nwarn>: Failed to open cgroups file: /sys/fs/cgroup/user.slice/user-1000.slice/user@1000.service/app.slice/qdshell.service/memory.events
Oct 04 10:03:36 baseweed-admin podman[9306]: 2026-10-04 10:03:36.467899653 +0000 UTC m=+0.063533762 container exec_died 8e05f880b58b1527647585aa20e72b7d074683b34a5358cae570044f21be9d0a (image=localhost/qdistro/tier3s-headless-smoke:latest, name=qdistro-tier3s-s120b, execID=f2985646a120222660f5d3273d0dc432eeb43c0c3261de26812bbda2bf9b9883, org.opencontainers.image.description=Image containing a minimal environment for containers based on openSUSE Tumbleweed., qdistro_tier3s_token=8fbc37fa6bdcd3813f51158d6f1eee43, qdistro_tier3s_unit=qdistro-tier3s-silo@s120b.service, org.opensuse.base.lifecycle-url=https://en.opensuse.org/Lifetime, org.opencontainers.image.vendor=openSUSE Project, org.opencontainers.image.created=2026-09-30T20:05:54.126624488Z, org.opensuse.base.version=20260930.37.208, org.opensuse.lifecycle-url=https://en.opensuse.org/Lifetime, org.opencontainers.image.url=https://www.opensuse.org, org.opensuse.base.reference=registry.opensuse.org/opensuse/tumbleweed:20260930.37.208, org.openbuildservice.disturl=obs://build.opensuse.org/openSUSE:Factory/images/561f9d4c8e4e1a441f95ad4ec6b5a914-opensuse-tumbleweed-image:docker, org.opencontainers.image.source=https://build.opensuse.org/package/show/openSUSE:Factory/opensuse-tumbleweed-image?rev=561f9d4c8e4e1a441f95ad4ec6b5a914, org.opencontainers.image.title=openSUSE Tumbleweed Base Container, org.opensuse.base.disturl=obs://build.opensuse.org/openSUSE:Factory/images/561f9d4c8e4e1a441f95ad4ec6b5a914-opensuse-tumbleweed-image:docker, org.opensuse.base.vendor=openSUSE Project, org.qdistro.tier3s.workload=headless-smoke, org.qdistro.snapshot=20260930, org.opensuse.reference=registry.opensuse.org/opensuse/tumbleweed:20260930.37.208, org.opensuse.base.description=Image containing a minimal environment for containers based on openSUSE Tumbleweed., org.opensuse.base.source=https://build.opensuse.org/package/show/openSUSE:Factory/opensuse-tumbleweed-image?rev=561f9d4c8e4e1a441f95ad4ec6b5a914, org.opencontainers.image.version=20260930.37.208, org.opensuse.base.title=openSUSE Tumbleweed Base Container, org.opensuse.base.url=https://www.opensuse.org, io.buildah.version=1.44.1, org.opensuse.base.created=2026-09-30T20:05:54.126624488Z)
Oct 04 10:03:36 baseweed-admin podman[9259]: 2026-10-04 10:03:36.528752477 +0000 UTC m=+0.306139693 container exec_died 8e05f880b58b1527647585aa20e72b7d074683b34a5358cae570044f21be9d0a (image=localhost/qdistro/tier3s-headless-smoke:latest, name=qdistro-tier3s-s120b, qdistro_tier3s_token=8fbc37fa6bdcd3813f51158d6f1eee43, execID=f2985646a120222660f5d3273d0dc432eeb43c0c3261de26812bbda2bf9b9883, org.opensuse.base.disturl=obs://build.opensuse.org/openSUSE:Factory/images/561f9d4c8e4e1a441f95ad4ec6b5a914-opensuse-tumbleweed-image:docker, org.opensuse.base.source=https://build.opensuse.org/package/show/openSUSE:Factory/opensuse-tumbleweed-image?rev=561f9d4c8e4e1a441f95ad4ec6b5a914, org.opensuse.base.version=20260930.37.208, org.opensuse.reference=registry.opensuse.org/opensuse/tumbleweed:20260930.37.208, org.opencontainers.image.vendor=openSUSE Project, org.opensuse.lifecycle-url=https://en.opensuse.org/Lifetime, io.buildah.version=1.44.1, org.openbuildservice.disturl=obs://build.opensuse.org/openSUSE:Factory/images/561f9d4c8e4e1a441f95ad4ec6b5a914-opensuse-tumbleweed-image:docker, org.opencontainers.image.created=2026-09-30T20:05:54.126624488Z, org.opencontainers.image.source=https://build.opensuse.org/package/show/openSUSE:Factory/opensuse-tumbleweed-image?rev=561f9d4c8e4e1a441f95ad4ec6b5a914, org.opencontainers.image.title=openSUSE Tumbleweed Base Container, org.opensuse.base.description=Image containing a minimal environment for containers based on openSUSE Tumbleweed., org.opensuse.base.created=2026-09-30T20:05:54.126624488Z, org.opensuse.base.url=https://www.opensuse.org, org.opensuse.base.reference=registry.opensuse.org/opensuse/tumbleweed:20260930.37.208, org.qdistro.snapshot=20260930, org.qdistro.tier3s.workload=headless-smoke, qdistro_tier3s_unit=qdistro-tier3s-silo@s120b.service, org.opencontainers.image.url=https://www.opensuse.org, org.opensuse.base.title=openSUSE Tumbleweed Base Container, org.opensuse.base.lifecycle-url=https://en.opensuse.org/Lifetime, org.opencontainers.image.description=Image containing a minimal environment for containers based on openSUSE Tumbleweed., org.opencontainers.image.version=20260930.37.208, org.opensuse.base.vendor=openSUSE Project)
Oct 04 10:03:36 baseweed-admin dbus-run-session[1043]:   INFO qml: [20261004-100336]        PodApps cache refresh loaded 0 apps
Oct 04 10:03:37 baseweed-admin dbus-run-session[1043]:   WARN: Process failed to start, likely because the binary could not be found. Command: QList("bluetoothctl", "show")
Oct 04 10:03:39 baseweed-admin dbus-run-session[1043]:   WARN: Process failed to start, likely because the binary could not be found. Command: QList("bluetoothctl", "show")
Oct 04 10:03:41 baseweed-admin dbus-run-session[1043]:   WARN: Process failed to start, likely because the binary could not be found. Command: QList("bluetoothctl", "show")
Oct 04 10:03:43 baseweed-admin dbus-run-session[1043]:   WARN: Process failed to start, likely because the binary could not be found. Command: QList("bluetoothctl", "show")
Oct 04 10:03:44 baseweed-admin dbus-run-session[1043]:   WARN qml: [20261004-100344]       Location Weather is still fetching
Oct 04 10:03:45 baseweed-admin dbus-run-session[1043]:  ERROR qml: [20261004-100345]       Location Geocoding error: 0
Oct 04 10:03:45 baseweed-admin dbus-run-session[1043]:   WARN: Process failed to start, likely because the binary could not be found. Command: QList("bluetoothctl", "show")
Oct 04 10:03:47 baseweed-admin dbus-run-session[1043]:   WARN: Process failed to start, likely because the binary could not be found. Command: QList("bluetoothctl", "show")
Oct 04 10:03:48 baseweed-admin dbus-run-session[1043]:   WARN qml: [20261004-100348]        Network Connectivity check error: Error: Not authorized to recheck connectivity.
Oct 04 10:03:49 baseweed-admin dbus-run-session[1043]:   WARN: Process failed to start, likely because the binary could not be found. Command: QList("bluetoothctl", "show")
Oct 04 10:03:51 baseweed-admin dbus-run-session[1043]:   WARN: Process failed to start, likely because the binary could not be found. Command: QList("bluetoothctl", "show")
Oct 04 10:03:53 baseweed-admin dbus-run-session[1043]:   WARN: Process failed to start, likely because the binary could not be found. Command: QList("bluetoothctl", "show")
Oct 04 10:03:54 baseweed-admin dbus-run-session[1043]:   INFO qml: [20261004-100354]        PodApps cache refresh loaded 0 apps
Oct 04 10:03:55 baseweed-admin dbus-run-session[1043]:   WARN: Process failed to start, likely because the binary could not be found. Command: QList("bluetoothctl", "show")
Oct 04 10:03:57 baseweed-admin dbus-run-session[1043]:   WARN: Process failed to start, likely because the binary could not be found. Command: QList("bluetoothctl", "show")
Oct 04 10:03:59 baseweed-admin dbus-run-session[1043]:   WARN: Process failed to start, likely because the binary could not be found. Command: QList("bluetoothctl", "show")
Oct 04 10:04:01 baseweed-admin dbus-run-session[1043]:   WARN: Process failed to start, likely because the binary could not be found. Command: QList("bluetoothctl", "show")
Oct 04 10:04:03 baseweed-admin dbus-run-session[1043]:   WARN qml: [20261004-100403]        Network Connectivity check error: Error: Not authorized to recheck connectivity.
Oct 04 10:04:03 baseweed-admin dbus-run-session[1043]:   WARN: Process failed to start, likely because the binary could not be found. Command: QList("bluetoothctl", "show")
Oct 04 10:04:04 baseweed-admin dbus-run-session[1043]:   WARN qml: [20261004-100404]       Location Weather is still fetching
Oct 04 10:04:04 baseweed-admin dbus-run-session[1043]:  ERROR qml: [20261004-100404]       Location Geocoding error: 0
Oct 04 10:04:05 baseweed-admin dbus-run-session[1043]:   WARN: Process failed to start, likely because the binary could not be found. Command: QList("bluetoothctl", "show")
Oct 04 10:04:07 baseweed-admin dbus-run-session[1043]:   WARN: Process failed to start, likely because the binary could not be found. Command: QList("bluetoothctl", "show")
Oct 04 10:04:09 baseweed-admin dbus-run-session[1043]:   WARN: Process failed to start, likely because the binary could not be found. Command: QList("bluetoothctl", "show")
Oct 04 10:04:11 baseweed-admin dbus-run-session[1043]:   WARN: Process failed to start, likely because the binary could not be found. Command: QList("bluetoothctl", "show")
Oct 04 10:04:13 baseweed-admin dbus-run-session[1043]:   WARN: Process failed to start, likely because the binary could not be found. Command: QList("bluetoothctl", "show")
Oct 04 10:04:15 baseweed-admin dbus-run-session[1043]:   WARN: Process failed to start, likely because the binary could not be found. Command: QList("bluetoothctl", "show")
Oct 04 10:04:16 baseweed-admin dbus-run-session[1043]:   INFO qml: [20261004-100416]        PodApps auto-scan: qdistro-tier3s-s120a transitioned to running
Oct 04 10:04:17 baseweed-admin dbus-run-session[1043]:   WARN: Process failed to start, likely because the binary could not be found. Command: QList("bluetoothctl", "show")
Oct 04 10:04:18 baseweed-admin dbus-run-session[1043]:   WARN qml: [20261004-100418]        PodApps scan failed for qdistro-tier3s-s120a (exit 2)
Oct 04 10:04:18 baseweed-admin dbus-run-session[1043]:   WARN qml: [20261004-100418]        Network Connectivity check error: Error: Not authorized to recheck connectivity.
Oct 04 10:04:19 baseweed-admin dbus-run-session[1043]:   WARN: Process failed to start, likely because the binary could not be found. Command: QList("bluetoothctl", "show")
