Oct 04 10:02:03 baseweed-admin systemd[858]: Started qdwin compositor (libweston + qdwin-shell.so).
Oct 04 10:02:03 baseweed-admin weston[919]: Date: 2026-10-04 UTC
Oct 04 10:02:03 baseweed-admin weston[919]: [10:02:03.591] weston 16.0.0
Oct 04 10:02:03 baseweed-admin weston[919]:                https://wayland.freedesktop.org
Oct 04 10:02:03 baseweed-admin weston[919]:                Bug reports to: https://gitlab.freedesktop.org/wayland/weston/issues/
Oct 04 10:02:03 baseweed-admin weston[919]:                Build: 16.0.0
Oct 04 10:02:03 baseweed-admin weston[919]: [10:02:03.591] Command line: /usr/bin/weston --config=/home/admin/weston.ini --socket=wayland-1
Oct 04 10:02:03 baseweed-admin weston[919]: [10:02:03.591] OS: Linux, 7.2.8-1-default, #1 SMP PREEMPT_DYNAMIC Sat Sep 26 07:00:58 UTC 2026 (9b36732), x86_64
Oct 04 10:02:03 baseweed-admin weston[919]: [10:02:03.591] Flight recorder: enabled, scopes subscribed: log
Oct 04 10:02:03 baseweed-admin weston[919]: [10:02:03.596] Using config file '/home/admin/weston.ini'
Oct 04 10:02:03 baseweed-admin weston[919]: [10:02:03.598] Output repaint window is 7 ms maximum.
Oct 04 10:02:03 baseweed-admin weston[919]: [10:02:03.604] Loading module '/usr/libexec/qdistro/qdwin-libweston/lib64/libweston-16/drm-backend.so'
Oct 04 10:02:03 baseweed-admin weston[919]: [10:02:03.621] initializing drm backend
Oct 04 10:02:03 baseweed-admin weston[919]: [10:02:03.621] Trying libseat launcher...
Oct 04 10:02:03 baseweed-admin weston[919]: [10:02:03.634] [libseat/libseat.c:73] Seat opened with backend 'seatd'
Oct 04 10:02:03 baseweed-admin weston[919]: [10:02:03.635] [libseat/backend/seatd.c:218] Enabling seat
Oct 04 10:02:03 baseweed-admin weston[919]: [10:02:03.635] libseat: session control granted
Oct 04 10:02:03 baseweed-admin weston[919]: [10:02:03.716] using /dev/dri/card0
Oct 04 10:02:03 baseweed-admin weston[919]: [10:02:03.716] DRM: supports atomic modesetting
Oct 04 10:02:03 baseweed-admin weston[919]: [10:02:03.716] DRM: supports cursor-plane hotspot (virtualized cursor)
Oct 04 10:02:03 baseweed-admin weston[919]: [10:02:03.716] DRM: does not support GBM modifiers
Oct 04 10:02:03 baseweed-admin weston[919]: [10:02:03.716] DRM: does not support Atomic async page flip
Oct 04 10:02:03 baseweed-admin weston[919]: [10:02:03.716] DRM: supports picture aspect ratio
Oct 04 10:02:03 baseweed-admin weston[919]: [10:02:03.717] DRM: EDID for the following head fails conformity:
Oct 04 10:02:03 baseweed-admin weston[919]: Block 1, CTA-861 Extension Block:
Oct 04 10:02:03 baseweed-admin weston[919]:   Padding: Contains non-zero bytes.
Oct 04 10:02:03 baseweed-admin weston[919]: [10:02:03.717] DRM: head 'Virtual-1' found, connector 40 is connected, EDID make 'Red Hat, Inc.', model 'QEMU Monitor', serial ''
Oct 04 10:02:03 baseweed-admin weston[919]:                Supported EOTF modes: SDR
Oct 04 10:02:03 baseweed-admin weston[919]:                Supported colorimetry modes: default
Oct 04 10:02:03 baseweed-admin weston[919]:                Supported VRR modes: (none),
Oct 04 10:02:03 baseweed-admin weston[919]:                Supported color formats: AUTO
Oct 04 10:02:04 baseweed-admin weston[919]: [10:02:04.596] Loading module '/usr/libexec/qdistro/qdwin-libweston/lib64/libweston-16/gl-renderer.so'
Oct 04 10:02:04 baseweed-admin weston[919]: [10:02:04.628] warning: failed to query rendering device from EGL
Oct 04 10:02:04 baseweed-admin weston[919]: [10:02:04.628] EGL version: 1.5
Oct 04 10:02:04 baseweed-admin weston[919]: [10:02:04.628] EGL vendor: Mesa Project
Oct 04 10:02:04 baseweed-admin weston[919]: [10:02:04.628] EGL client APIs: OpenGL OpenGL_ES
Oct 04 10:02:04 baseweed-admin weston[919]: [10:02:04.628] EGL features:
Oct 04 10:02:04 baseweed-admin weston[919]:                EGL Wayland extension: no
Oct 04 10:02:04 baseweed-admin weston[919]:                context priority: no
Oct 04 10:02:04 baseweed-admin weston[919]:                buffer age: yes
Oct 04 10:02:04 baseweed-admin weston[919]:                partial update: no
Oct 04 10:02:04 baseweed-admin weston[919]:                swap buffers with damage: no
Oct 04 10:02:04 baseweed-admin weston[919]:                configless context: yes
Oct 04 10:02:04 baseweed-admin weston[919]:                surfaceless context: yes
Oct 04 10:02:04 baseweed-admin weston[919]:                dmabuf support: modifiers
Oct 04 10:02:04 baseweed-admin weston[919]:                fence sync: yes (wait)
Oct 04 10:02:04 baseweed-admin weston[919]: [10:02:04.943] GL version: OpenGL ES 3.2 Mesa 26.2.3
Oct 04 10:02:04 baseweed-admin weston[919]: [10:02:04.943] GLSL version: OpenGL ES GLSL ES 3.20
Oct 04 10:02:04 baseweed-admin weston[919]: [10:02:04.943] GL vendor: Mesa
Oct 04 10:02:04 baseweed-admin weston[919]: [10:02:04.943] GL renderer: llvmpipe (LLVM 23.1.1, 256 bits)
Oct 04 10:02:04 baseweed-admin weston[919]: [10:02:04.965] GL ES 3.2 - renderer features:
Oct 04 10:02:04 baseweed-admin weston[919]:                read-back format: ARGB8888
Oct 04 10:02:04 baseweed-admin weston[919]:                glReadPixels supports y-flip: yes
Oct 04 10:02:04 baseweed-admin weston[919]:                glReadPixels supports PBO: yes
Oct 04 10:02:04 baseweed-admin weston[919]:                wl_shm 10 bpc formats: yes
Oct 04 10:02:04 baseweed-admin weston[919]:                wl_shm 16 bpc formats: yes
Oct 04 10:02:04 baseweed-admin weston[919]:                wl_shm half-float formats: yes
Oct 04 10:02:04 baseweed-admin weston[919]:                internal R and RG formats: yes
Oct 04 10:02:04 baseweed-admin weston[919]:                OES_EGL_image_external: yes
Oct 04 10:02:04 baseweed-admin weston[919]:                GPU timeline: no
Oct 04 10:02:04 baseweed-admin weston[919]:                Texture immutability: yes
Oct 04 10:02:04 baseweed-admin weston[919]:                Required precision: yes
Oct 04 10:02:04 baseweed-admin weston[919]:                In-shader blending: yes
Oct 04 10:02:04 baseweed-admin weston[919]: [10:02:04.967] Using GL renderer
Oct 04 10:02:05 baseweed-admin weston[919]: [10:02:05.167] event3  - QEMU QEMU USB Tablet: is tagged by udev as: Mouse
Oct 04 10:02:05 baseweed-admin weston[919]: [10:02:05.167] event3  - QEMU QEMU USB Tablet: device is a pointer
Oct 04 10:02:05 baseweed-admin weston[919]: [10:02:05.168] event4  - Power Button: is tagged by udev as: Keyboard
Oct 04 10:02:05 baseweed-admin weston[919]: [10:02:05.168] event4  - Power Button: device is a keyboard
Oct 04 10:02:05 baseweed-admin weston[919]: [10:02:05.169] event0  - AT Translated Set 2 keyboard: is tagged by udev as: Keyboard
Oct 04 10:02:05 baseweed-admin weston[919]: [10:02:05.169] event0  - AT Translated Set 2 keyboard: device is a keyboard
Oct 04 10:02:05 baseweed-admin weston[919]: [10:02:05.171] event2  - VirtualPS/2 VMware VMMouse: is tagged by udev as: Mouse
Oct 04 10:02:05 baseweed-admin weston[919]: [10:02:05.171] event2  - VirtualPS/2 VMware VMMouse: emulating high-resolution scroll wheel events.
Oct 04 10:02:05 baseweed-admin weston[919]: [10:02:05.171] event2  - VirtualPS/2 VMware VMMouse: device is a pointer
Oct 04 10:02:05 baseweed-admin weston[919]: [10:02:05.172] event1  - VirtualPS/2 VMware VMMouse: is tagged by udev as: Mouse
Oct 04 10:02:05 baseweed-admin weston[919]: [10:02:05.172] event1  - VirtualPS/2 VMware VMMouse: device is a pointer
Oct 04 10:02:05 baseweed-admin weston[919]: [10:02:05.173] event5  - PC Speaker: not tagged as supported input device
Oct 04 10:02:05 baseweed-admin weston[919]: [10:02:05.187] event5  - not using input device '/dev/input/event5'
Oct 04 10:02:05 baseweed-admin weston[919]: [10:02:05.188] event6  - ydotoold virtual device: is tagged by udev as: Keyboard
Oct 04 10:02:05 baseweed-admin weston[919]: [10:02:05.188] event6  - ydotoold virtual device: emulating high-resolution scroll wheel events.
Oct 04 10:02:05 baseweed-admin weston[919]: [10:02:05.188] event6  - ydotoold virtual device: device is a keyboard
Oct 04 10:02:05 baseweed-admin weston[919]: [10:02:05.189] libinput: configuring device "QEMU QEMU USB Tablet".
Oct 04 10:02:05 baseweed-admin weston[919]: [10:02:05.189] input device event3 has no enabled output associated (none named), skipping calibration for now.
Oct 04 10:02:05 baseweed-admin weston[919]: [10:02:05.232] libinput: configuring device "Power Button".
Oct 04 10:02:05 baseweed-admin weston[919]: [10:02:05.232] libinput: configuring device "AT Translated Set 2 keyboard".
Oct 04 10:02:05 baseweed-admin weston[919]: [10:02:05.232] libinput: configuring device "VirtualPS/2 VMware VMMouse".
Oct 04 10:02:05 baseweed-admin weston[919]: [10:02:05.232] libinput: configuring device "VirtualPS/2 VMware VMMouse".
Oct 04 10:02:05 baseweed-admin weston[919]: [10:02:05.232] input device event1 has no enabled output associated (none named), skipping calibration for now.
Oct 04 10:02:05 baseweed-admin weston[919]: [10:02:05.232] libinput: configuring device "ydotoold virtual device".
Oct 04 10:02:05 baseweed-admin weston[919]: [10:02:05.233] Registered plugin API 'weston_drm_output_api_v1' of size 40
Oct 04 10:02:05 baseweed-admin weston[919]: [10:02:05.233] Loading module '/usr/libexec/qdistro/qdwin-libweston/lib64/libweston-16/pipewire-backend.so'
Oct 04 10:02:05 baseweed-admin weston[919]: [10:02:05.234] Initializing PipeWire backend
Oct 04 10:02:05 baseweed-admin weston[919]: [10:02:05.249] Registered plugin API 'weston_pipewire_output_api_v2' of size 24
Oct 04 10:02:05 baseweed-admin weston[919]: [10:02:05.249] Color manager: no-op
Oct 04 10:02:05 baseweed-admin weston[919]:                  protocol support: no
Oct 04 10:02:05 baseweed-admin weston[919]: [10:02:05.250] Setting output 'Virtual-1' to color AUTO format
Oct 04 10:02:05 baseweed-admin weston[919]: [10:02:05.250] Output 'Virtual-1' attempts EOTF mode SDR and colorimetry mode default.
Oct 04 10:02:05 baseweed-admin weston[919]: [10:02:05.250] Output 'Virtual-1' using color profile: stock sRGB color profile
Oct 04 10:02:05 baseweed-admin weston[919]: [10:02:05.250] Chosen EGL config details: id:  46 rgba: 8 8 8 0 buf: 24 dep:  0 stcl: 0 int: 1-1 type: win val: fix vis_id: XRGB8888 (0x34325258)
Oct 04 10:02:05 baseweed-admin weston[919]: [10:02:05.251] Output Virtual-1 (crtc 39) video modes:
Oct 04 10:02:05 baseweed-admin weston[919]:                1280x800@75.0, preferred, 107.3 MHz
Oct 04 10:02:05 baseweed-admin weston[919]:                5120x2160@50.0 64:27, 742.5 MHz
Oct 04 10:02:05 baseweed-admin weston[919]:                4096x2160@50.0 256:135, 594.0 MHz
Oct 04 10:02:05 baseweed-admin weston[919]:                3840x2160@60.0 16:9, 594.0 MHz
Oct 04 10:02:05 baseweed-admin weston[919]:                3840x2160@59.9 16:9, 593.4 MHz
Oct 04 10:02:05 baseweed-admin weston[919]:                3840x2160@50.0 16:9, 594.0 MHz
Oct 04 10:02:05 baseweed-admin weston[919]:                1920x1440@60.0, 234.0 MHz
Oct 04 10:02:05 baseweed-admin weston[919]:                2560x1080@50.0 64:27, 185.6 MHz
Oct 04 10:02:05 baseweed-admin weston[919]:                1856x1392@60.0, 218.2 MHz
Oct 04 10:02:05 baseweed-admin weston[919]:                1792x1344@60.0, 204.8 MHz
Oct 04 10:02:05 baseweed-admin weston[919]:                2048x1152@60.0, 162.0 MHz
Oct 04 10:02:05 baseweed-admin weston[919]:                1920x1200@59.9, 193.2 MHz
Oct 04 10:02:05 baseweed-admin weston[919]:                1920x1080@60.0, current, 148.5 MHz
Oct 04 10:02:05 baseweed-admin weston[919]:                1920x1080@50.0 16:9, 148.5 MHz
Oct 04 10:02:05 baseweed-admin weston[919]:                1600x1200@60.0, 162.0 MHz
Oct 04 10:02:05 baseweed-admin weston[919]:                1680x1050@60.0, 146.2 MHz
Oct 04 10:02:05 baseweed-admin weston[919]:                1400x1050@60.0, 121.8 MHz
Oct 04 10:02:05 baseweed-admin weston[919]:                1280x1024@60.0, 108.0 MHz
Oct 04 10:02:05 baseweed-admin weston[919]:                1440x900@59.9, 106.5 MHz
Oct 04 10:02:05 baseweed-admin weston[919]:                1280x960@60.0, 108.0 MHz
Oct 04 10:02:05 baseweed-admin weston[919]:                1360x768@60.0, 85.5 MHz
Oct 04 10:02:05 baseweed-admin weston[919]:                1280x768@59.9, 79.5 MHz
Oct 04 10:02:05 baseweed-admin weston[919]:                1024x768@60.0, 65.0 MHz
Oct 04 10:02:05 baseweed-admin weston[919]:                800x600@60.3, 40.0 MHz
Oct 04 10:02:05 baseweed-admin weston[919]:                640x480@60.0 4:3, 25.2 MHz
Oct 04 10:02:05 baseweed-admin weston[919]:                640x480@59.9, 25.2 MHz
Oct 04 10:02:05 baseweed-admin weston[919]: [10:02:05.251] associating input device event3 with output Virtual-1 (none by udev)
Oct 04 10:02:05 baseweed-admin weston[919]: [10:02:05.252] associating input device event4 with output Virtual-1 (none by udev)
Oct 04 10:02:05 baseweed-admin weston[919]: [10:02:05.252] associating input device event0 with output Virtual-1 (none by udev)
Oct 04 10:02:05 baseweed-admin weston[919]: [10:02:05.252] associating input device event2 with output Virtual-1 (none by udev)
Oct 04 10:02:05 baseweed-admin weston[919]: [10:02:05.252] associating input device event1 with output Virtual-1 (none by udev)
Oct 04 10:02:05 baseweed-admin weston[919]: [10:02:05.252] associating input device event6 with output Virtual-1 (none by udev)
Oct 04 10:02:05 baseweed-admin weston[919]: [10:02:05.252] Output 'Virtual-1' enabled with head(s) Virtual-1
Oct 04 10:02:05 baseweed-admin weston[919]: [10:02:05.252] pipewire_backend_output_configure.. Done
Oct 04 10:02:05 baseweed-admin weston[919]: [10:02:05.252] Output 'pipewire-0' attempts EOTF mode SDR and colorimetry mode default.
Oct 04 10:02:05 baseweed-admin weston[919]: [10:02:05.252] Output 'pipewire-0' using color profile: stock sRGB color profile
Oct 04 10:02:05 baseweed-admin weston[919]: [10:02:05.342] Output 'pipewire-0' enabled with head(s) pipewire-0
Oct 04 10:02:05 baseweed-admin weston[919]: [10:02:05.343] pipewire_backend_output_configure.. Done
Oct 04 10:02:05 baseweed-admin weston[919]: [10:02:05.343] Output 'pipewire-1' attempts EOTF mode SDR and colorimetry mode default.
Oct 04 10:02:05 baseweed-admin weston[919]: [10:02:05.343] Output 'pipewire-1' using color profile: stock sRGB color profile
Oct 04 10:02:05 baseweed-admin weston[919]: [10:02:05.343] Output 'pipewire-1' enabled with head(s) pipewire-1
Oct 04 10:02:05 baseweed-admin weston[919]: [10:02:05.343] Compositor capabilities:
Oct 04 10:02:05 baseweed-admin weston[919]:                arbitrary surface rotation: yes
Oct 04 10:02:05 baseweed-admin weston[919]:                screen capture uses y-flip: yes
Oct 04 10:02:05 baseweed-admin weston[919]:                cursor planes: yes
Oct 04 10:02:05 baseweed-admin weston[919]:                arbitrary resolutions: yes
Oct 04 10:02:05 baseweed-admin weston[919]:                view mask clipping: yes
Oct 04 10:02:05 baseweed-admin weston[919]:                explicit sync: no
Oct 04 10:02:05 baseweed-admin weston[919]:                color operations: yes
Oct 04 10:02:05 baseweed-admin weston[919]:                color representation: yes
Oct 04 10:02:05 baseweed-admin weston[919]:                in-shader blending: yes
Oct 04 10:02:05 baseweed-admin weston[919]:                presentation clock: CLOCK_MONOTONIC, id 1
Oct 04 10:02:05 baseweed-admin weston[919]:                presentation clock resolution: 0.000000001 s
Oct 04 10:02:05 baseweed-admin weston[919]: [10:02:05.347] Loading module '/usr/lib64/weston/qdwin-shell.so'
Oct 04 10:02:05 baseweed-admin weston[919]: [10:02:05.350] qdwin: locker bind policy defaulting to entrypoint=/usr/local/bin/qdlocker:/usr/bin/qdlocker (system interpreter + root-owned entrypoint; no explicit policy configured); set --qdwin-allowed-locker-any to override to uid-only
Oct 04 10:02:05 baseweed-admin weston[919]: [10:02:05.350] qdwin: locker bind policy uid=1000 entrypoint=/usr/local/bin/qdlocker:/usr/bin/qdlocker exe=(any) label=(any)
Oct 04 10:02:05 baseweed-admin weston[919]: [10:02:05.350] qdwin: ext-idle-notify idle_time=0 internal_mode=1
Oct 04 10:02:05 baseweed-admin weston[919]: [10:02:05.351] qdwin: cursor-shape theme=(default) size=24 loaded=0/36
Oct 04 10:02:05 baseweed-admin weston[919]: [10:02:05.351] qdwin: layer-popup grab handler registered
Oct 04 10:02:05 baseweed-admin weston[919]: [10:02:05.351] qdwin/nested-proxy: default keyboard grab installed on seat 'default'
Oct 04 10:02:05 baseweed-admin weston[919]: [10:02:05.351] qdwin: background curtain 3200x1080 installed
Oct 04 10:02:05 baseweed-admin weston[919]: [10:02:05.351] qdwin: WARNING shell-authorized output capture enabled via QDWIN_ENABLE_SHELL_CAPTURE — dev/test only, do not use in production
Oct 04 10:02:05 baseweed-admin weston[919]: [10:02:05.351] qdwin: retained-frame capture armed on output=Virtual-1
Oct 04 10:02:05 baseweed-admin weston[919]: [10:02:05.351] qdwin: shell loaded (allowed_uid=1000); desktop + qdwin_shell_v1 ready
Oct 04 10:02:05 baseweed-admin weston[919]: [10:02:05.353] Loading module '/usr/lib64/libweston-16/xwayland.so'
Oct 04 10:02:05 baseweed-admin weston[919]: [10:02:05.359] Registered plugin API 'weston_xwayland_v3' of size 32
Oct 04 10:02:05 baseweed-admin weston[919]: [10:02:05.359] Registered plugin API 'weston_xwayland_surface_v2' of size 24
Oct 04 10:02:05 baseweed-admin weston[919]: [10:02:05.359] xserver listening on display :0
Oct 04 10:02:05 baseweed-admin weston[919]: [10:02:05.585] qdwin: bind attempt pid=1037 uid=1000 (allowed_uid=1000)
Oct 04 10:02:05 baseweed-admin weston[919]: [10:02:05.585] qdwin: bind accepted for uid=1000, hello sent
Oct 04 10:02:05 baseweed-admin weston[919]: [10:02:05.589] qdwin: cursor-sprite registered shape=default hotspot=3,1
Oct 04 10:02:05 baseweed-admin weston[919]: [10:02:05.589] qdwin: cursor_retry_install: scheduling first retry in 1000ms
Oct 04 10:02:05 baseweed-admin weston[919]: [10:02:05.594] qdwin: cursor-sprite registered shape=context-menu hotspot=3,1
Oct 04 10:02:05 baseweed-admin weston[919]: [10:02:05.594] qdwin: cursor-sprite registered shape=help hotspot=12,21
Oct 04 10:02:05 baseweed-admin weston[919]: [10:02:05.596] qdwin: cursor-sprite registered shape=pointer hotspot=7,5
Oct 04 10:02:05 baseweed-admin weston[919]: [10:02:05.633] qdwin: cursor-sprite registered shape=progress hotspot=3,1
Oct 04 10:02:05 baseweed-admin weston[919]: [10:02:05.672] qdwin: cursor-sprite registered shape=wait hotspot=11,11
Oct 04 10:02:05 baseweed-admin weston[919]: [10:02:05.673] qdwin: cursor-sprite registered shape=cell hotspot=11,11
Oct 04 10:02:05 baseweed-admin weston[919]: [10:02:05.673] qdwin: cursor-sprite registered shape=crosshair hotspot=11,11
Oct 04 10:02:05 baseweed-admin weston[919]: [10:02:05.674] qdwin: cursor-sprite registered shape=text hotspot=11,12
Oct 04 10:02:05 baseweed-admin weston[919]: [10:02:05.675] qdwin: cursor-sprite registered shape=vertical-text hotspot=12,11
Oct 04 10:02:05 baseweed-admin weston[919]: [10:02:05.675] qdwin: cursor-sprite registered shape=alias hotspot=18,5
Oct 04 10:02:05 baseweed-admin weston[919]: [10:02:05.676] qdwin: cursor-sprite registered shape=copy hotspot=3,1
Oct 04 10:02:05 baseweed-admin weston[919]: [10:02:05.676] qdwin: cursor-sprite registered shape=move hotspot=3,1
Oct 04 10:02:05 baseweed-admin weston[919]: [10:02:05.676] qdwin: cursor-sprite registered shape=no-drop hotspot=3,1
Oct 04 10:02:05 baseweed-admin weston[919]: [10:02:05.676] qdwin: cursor-sprite registered shape=not-allowed hotspot=12,12
Oct 04 10:02:05 baseweed-admin weston[919]: [10:02:05.676] qdwin: cursor-sprite registered shape=grab hotspot=11,2
Oct 04 10:02:05 baseweed-admin weston[919]: [10:02:05.678] qdwin: cursor-sprite registered shape=grabbing hotspot=9,5
Oct 04 10:02:05 baseweed-admin weston[919]: [10:02:05.678] qdwin: cursor-sprite registered shape=e-resize hotspot=19,13
Oct 04 10:02:05 baseweed-admin weston[919]: [10:02:05.678] qdwin: cursor-sprite registered shape=n-resize hotspot=13,6
Oct 04 10:02:05 baseweed-admin weston[919]: [10:02:05.678] qdwin: cursor-sprite registered shape=ne-resize hotspot=15,10
Oct 04 10:02:05 baseweed-admin weston[919]: [10:02:05.679] qdwin: cursor-sprite registered shape=nw-resize hotspot=10,10
Oct 04 10:02:05 baseweed-admin weston[919]: [10:02:05.680] qdwin: cursor-sprite registered shape=s-resize hotspot=13,18
Oct 04 10:02:05 baseweed-admin weston[919]: [10:02:05.681] qdwin: cursor-sprite registered shape=se-resize hotspot=15,15
Oct 04 10:02:05 baseweed-admin weston[919]: [10:02:05.681] qdwin: cursor-sprite registered shape=sw-resize hotspot=10,15
Oct 04 10:02:05 baseweed-admin weston[919]: [10:02:05.681] qdwin: cursor-sprite registered shape=w-resize hotspot=6,13
Oct 04 10:02:05 baseweed-admin weston[919]: [10:02:05.681] qdwin: cursor-sprite registered shape=ew-resize hotspot=12,12
Oct 04 10:02:05 baseweed-admin weston[919]: [10:02:05.682] qdwin: cursor-sprite registered shape=ns-resize hotspot=12,13
Oct 04 10:02:05 baseweed-admin weston[919]: [10:02:05.684] qdwin: cursor-sprite registered shape=nesw-resize hotspot=11,11
Oct 04 10:02:05 baseweed-admin weston[919]: [10:02:05.689] qdwin: cursor-sprite registered shape=nwse-resize hotspot=11,11
Oct 04 10:02:05 baseweed-admin weston[919]: [10:02:05.690] qdwin: cursor-sprite registered shape=col-resize hotspot=12,12
Oct 04 10:02:05 baseweed-admin weston[919]: [10:02:05.691] qdwin: cursor-sprite registered shape=row-resize hotspot=12,13
Oct 04 10:02:05 baseweed-admin weston[919]: [10:02:05.691] qdwin: cursor-sprite registered shape=all-scroll hotspot=11,11
Oct 04 10:02:05 baseweed-admin weston[919]: [10:02:05.692] qdwin: cursor-sprite registered shape=zoom-in hotspot=11,10
Oct 04 10:02:05 baseweed-admin weston[919]: [10:02:05.695] qdwin: cursor-sprite registered shape=zoom-out hotspot=11,10
Oct 04 10:02:05 baseweed-admin weston[919]: [10:02:05.695] qdwin: cursor-sprite registered shape=dnd-ask hotspot=3,1
Oct 04 10:02:05 baseweed-admin weston[919]: [10:02:05.696] qdwin: cursor-sprite registered shape=all-resize hotspot=12,11
Oct 04 10:02:06 baseweed-admin weston[919]: [10:02:06.345] qdwin: locker bind attempt pid=1034 uid=1000 (allowed_locker_uid=1000)
Oct 04 10:02:06 baseweed-admin weston[919]: [10:02:06.345] qdwin: locker bound pid=1034 uid=1000 (initially_locked=0)
Oct 04 10:02:24 baseweed-admin weston[919]: [10:02:24.475] qdwin: bind attempt pid=1039 uid=1000 (allowed_uid=1000)
Oct 04 10:02:24 baseweed-admin weston[919]: [10:02:24.475] qdwin: bind accepted for uid=1000, hello sent
Oct 04 10:02:24 baseweed-admin weston[919]: [10:02:24.475] qdwin: ext_workspace_manager bound (count=4 active=0)
Oct 04 10:02:24 baseweed-admin weston[919]: [10:02:24.475] qdwin: zwlr_output_manager bound (serial=1)
Oct 04 10:02:24 baseweed-admin weston[919]: [10:02:24.475] qdwin: shell bound (uid=1000 pid=1039); replaying 0 toplevels
Oct 04 10:02:24 baseweed-admin weston[919]: [10:02:24.475] qdwin: seat_focus_changed seat=default handle=4294967295
Oct 04 10:02:24 baseweed-admin weston[919]: [10:02:24.477] qdwin: workspace 0 name="1"
Oct 04 10:02:24 baseweed-admin weston[919]: [10:02:24.477] qdwin: workspace 1 name="2"
Oct 04 10:02:24 baseweed-admin weston[919]: [10:02:24.477] qdwin: workspace 2 name="3"
Oct 04 10:02:24 baseweed-admin weston[919]: [10:02:24.477] qdwin: workspace 3 name="4"
Oct 04 10:02:24 baseweed-admin weston[919]: [10:02:24.478] qdwin: set_wm_policy focus=0 ffm_delay=0 raise_click=1 raise_hover=0 placement=2 snap=1 dist=16
Oct 04 10:02:24 baseweed-admin weston[919]: [10:02:24.478] qdwin: register_hotkey id=7101 mods=0x2 key=62
Oct 04 10:02:24 baseweed-admin weston[919]: [10:02:24.478] qdwin: register_hotkey id=7102 mods=0x4 key=103
Oct 04 10:02:24 baseweed-admin weston[919]: [10:02:24.478] qdwin: register_hotkey id=7103 mods=0x4 key=33
Oct 04 10:02:24 baseweed-admin weston[919]: [10:02:24.478] qdwin: register_hotkey id=7104 mods=0x4 key=105
Oct 04 10:02:24 baseweed-admin weston[919]: [10:02:24.478] qdwin: register_hotkey id=7105 mods=0x4 key=106
Oct 04 10:02:24 baseweed-admin weston[919]: [10:02:24.478] qdwin: set_pointer_config accel=0 profile=0 natural=0 tap=1 left=0 middle=0 dwt=1 scroll=1 (6 devices)
Oct 04 10:02:24 baseweed-admin weston[919]: [10:02:24.478] qdwin: set_key_repeat rate=25 delay=500
Oct 04 10:02:24 baseweed-admin weston[919]: [10:02:24.692] qdwin: layer-shell get_layer_surface ns=qdshell-background-Virtual-1 layer=2 output=0x55ba69029c60
Oct 04 10:02:24 baseweed-admin weston[919]: [10:02:24.692] qdwin: layer-shell configure ns=qdshell-background-Virtual-1 layer=2 box=0,0 1920x1080 serial=1
Oct 04 10:02:24 baseweed-admin weston[919]: [10:02:24.692] qdwin: layer-shell get_layer_surface ns=qdshell-bar-content-Virtual-1 layer=2 output=0x55ba69029c60
Oct 04 10:02:24 baseweed-admin weston[919]: [10:02:24.692] qdwin: layer-shell configure ns=qdshell-bar-content-Virtual-1 layer=2 box=0,0 1920x31 serial=2
Oct 04 10:02:24 baseweed-admin weston[919]: [10:02:24.692] qdwin: layer-shell get_layer_surface ns=qdshell-bar-exclusion-top-Virtual-1 layer=2 output=0x55ba69029c60
Oct 04 10:02:24 baseweed-admin weston[919]: [10:02:24.692] qdwin: layer-shell configure ns=qdshell-bar-exclusion-top-Virtual-1 layer=2 box=0,0 1920x31 serial=3
Oct 04 10:02:24 baseweed-admin weston[919]: [10:02:24.692] qdwin: layer-shell get_layer_surface ns=qdshell-background-pipewire-0 layer=2 output=0x55ba6902b1c0
Oct 04 10:02:24 baseweed-admin weston[919]: [10:02:24.692] qdwin: layer-shell configure ns=qdshell-background-pipewire-0 layer=2 box=1920,0 640x480 serial=4
Oct 04 10:02:24 baseweed-admin weston[919]: [10:02:24.692] qdwin: layer-shell get_layer_surface ns=qdshell-bar-content-pipewire-0 layer=2 output=0x55ba6902b1c0
Oct 04 10:02:24 baseweed-admin weston[919]: [10:02:24.692] qdwin: layer-shell configure ns=qdshell-bar-content-pipewire-0 layer=2 box=1920,0 640x31 serial=5
Oct 04 10:02:24 baseweed-admin weston[919]: [10:02:24.692] qdwin: layer-shell get_layer_surface ns=qdshell-bar-exclusion-top-pipewire-0 layer=2 output=0x55ba6902b1c0
Oct 04 10:02:24 baseweed-admin weston[919]: [10:02:24.692] qdwin: layer-shell configure ns=qdshell-bar-exclusion-top-pipewire-0 layer=2 box=1920,0 640x31 serial=6
Oct 04 10:02:24 baseweed-admin weston[919]: [10:02:24.692] qdwin: layer-shell get_layer_surface ns=qdshell-background-pipewire-1 layer=2 output=0x55ba69050ac0
Oct 04 10:02:24 baseweed-admin weston[919]: [10:02:24.692] qdwin: layer-shell configure ns=qdshell-background-pipewire-1 layer=2 box=2560,0 640x480 serial=7
Oct 04 10:02:24 baseweed-admin weston[919]: [10:02:24.692] qdwin: layer-shell get_layer_surface ns=qdshell-bar-content-pipewire-1 layer=2 output=0x55ba69050ac0
Oct 04 10:02:24 baseweed-admin weston[919]: [10:02:24.692] qdwin: layer-shell configure ns=qdshell-bar-content-pipewire-1 layer=2 box=2560,0 640x31 serial=8
Oct 04 10:02:24 baseweed-admin weston[919]: [10:02:24.692] qdwin: layer-shell get_layer_surface ns=qdshell-bar-exclusion-top-pipewire-1 layer=2 output=0x55ba69050ac0
Oct 04 10:02:24 baseweed-admin weston[919]: [10:02:24.692] qdwin: layer-shell configure ns=qdshell-bar-exclusion-top-pipewire-1 layer=2 box=2560,0 640x31 serial=9
Oct 04 10:02:24 baseweed-admin weston[919]: [10:02:24.692] qdwin: layer-shell get_layer_surface ns=qdshell-dock-peek-Virtual-1 layer=2 output=0x55ba69029c60
Oct 04 10:02:24 baseweed-admin weston[919]: [10:02:24.692] qdwin: layer-shell configure ns=qdshell-dock-peek-Virtual-1 layer=2 box=0,1079 1920x1 serial=10
Oct 04 10:02:24 baseweed-admin weston[919]: [10:02:24.692] qdwin: layer-shell get_layer_surface ns=qdshell-dock-peek-pipewire-0 layer=2 output=0x55ba6902b1c0
Oct 04 10:02:24 baseweed-admin weston[919]: [10:02:24.692] qdwin: layer-shell configure ns=qdshell-dock-peek-pipewire-0 layer=2 box=1920,479 640x1 serial=11
Oct 04 10:02:24 baseweed-admin weston[919]: [10:02:24.692] qdwin: layer-shell get_layer_surface ns=qdshell-dock-peek-pipewire-1 layer=2 output=0x55ba69050ac0
Oct 04 10:02:24 baseweed-admin weston[919]: [10:02:24.692] qdwin: layer-shell configure ns=qdshell-dock-peek-pipewire-1 layer=2 box=2560,479 640x1 serial=12
Oct 04 10:02:24 baseweed-admin weston[919]: [10:02:24.692] qdwin: layer-shell get_layer_surface ns=qdshell-image-cache-renderer layer=2 output=(nil)
Oct 04 10:02:24 baseweed-admin weston[919]: [10:02:24.692] qdwin: layer-shell configure ns=qdshell-image-cache-renderer layer=2 box=960,540 1x1 serial=13
Oct 04 10:02:25 baseweed-admin weston[919]: [10:02:25.754] qdwin: layer-shell mapped ns=qdshell-background-Virtual-1 layer=2 at 0,0 1920x1080
Oct 04 10:02:25 baseweed-admin weston[919]: [10:02:25.925] qdwin: layer-shell mapped ns=qdshell-bar-content-Virtual-1 layer=2 at 0,0 1920x31
Oct 04 10:02:26 baseweed-admin weston[919]: [10:02:26.782] qdwin: layer-shell mapped ns=qdshell-bar-exclusion-top-Virtual-1 layer=2 at 0,0 1920x31
Oct 04 10:02:27 baseweed-admin weston[919]: [10:02:27.526] qdwin: layer-shell mapped ns=qdshell-background-pipewire-0 layer=2 at 1920,0 640x480
Oct 04 10:02:28 baseweed-admin weston[919]: [10:02:28.188] qdwin: layer-shell mapped ns=qdshell-bar-content-pipewire-0 layer=2 at 1920,0 640x31
Oct 04 10:02:28 baseweed-admin weston[919]: [10:02:28.710] qdwin: layer-shell mapped ns=qdshell-bar-exclusion-top-pipewire-0 layer=2 at 1920,0 640x31
Oct 04 10:02:29 baseweed-admin weston[919]: [10:02:29.365] qdwin: layer-shell mapped ns=qdshell-background-pipewire-1 layer=2 at 2560,0 640x480
Oct 04 10:02:29 baseweed-admin weston[919]: [10:02:29.891] qdwin: layer-shell mapped ns=qdshell-bar-content-pipewire-1 layer=2 at 2560,0 640x31
Oct 04 10:02:30 baseweed-admin weston[919]: [10:02:30.504] qdwin: layer-shell mapped ns=qdshell-bar-exclusion-top-pipewire-1 layer=2 at 2560,0 640x31
Oct 04 10:02:30 baseweed-admin weston[919]: [10:02:30.914] qdwin: layer-shell mapped ns=qdshell-dock-peek-Virtual-1 layer=2 at 0,1079 1920x1
Oct 04 10:02:31 baseweed-admin weston[919]: [10:02:31.397] qdwin: layer-shell mapped ns=qdshell-dock-peek-pipewire-0 layer=2 at 1920,479 640x1
Oct 04 10:02:31 baseweed-admin weston[919]: [10:02:31.966] qdwin: layer-shell mapped ns=qdshell-dock-peek-pipewire-1 layer=2 at 2560,479 640x1
Oct 04 10:02:32 baseweed-admin weston[919]: [10:02:32.227] qdwin: layer-shell mapped ns=qdshell-image-cache-renderer layer=2 at 960,540 1x1
Oct 04 10:02:32 baseweed-admin weston[919]: [10:02:32.598] qdwin: set_key_repeat rate=25 delay=500
Oct 04 10:02:32 baseweed-admin weston[919]: [10:02:32.926] qdwin: layer-shell get_layer_surface ns=qdshell-osd-Virtual-1 layer=3 output=0x55ba69029c60
Oct 04 10:02:32 baseweed-admin weston[919]: [10:02:32.926] qdwin: layer-shell configure ns=qdshell-osd-Virtual-1 layer=3 box=1591,40 320x72 serial=14
Oct 04 10:02:32 baseweed-admin weston[919]: [10:02:32.926] qdwin: layer-shell get_layer_surface ns=qdshell-osd-pipewire-0 layer=3 output=0x55ba6902b1c0
Oct 04 10:02:32 baseweed-admin weston[919]: [10:02:32.926] qdwin: layer-shell configure ns=qdshell-osd-pipewire-0 layer=3 box=2231,40 320x72 serial=15
Oct 04 10:02:32 baseweed-admin weston[919]: [10:02:32.926] qdwin: layer-shell get_layer_surface ns=qdshell-osd-pipewire-1 layer=3 output=0x55ba69050ac0
Oct 04 10:02:32 baseweed-admin weston[919]: [10:02:32.926] qdwin: layer-shell configure ns=qdshell-osd-pipewire-1 layer=3 box=2871,40 320x72 serial=16
Oct 04 10:02:34 baseweed-admin weston[919]: [10:02:34.218] qdwin: layer-shell mapped ns=qdshell-osd-Virtual-1 layer=3 at 1591,40 320x72
Oct 04 10:02:34 baseweed-admin weston[919]: [10:02:34.621] qdwin: layer-shell mapped ns=qdshell-osd-pipewire-0 layer=3 at 2231,40 320x72
Oct 04 10:02:34 baseweed-admin weston[919]: [10:02:34.710] qdwin: layer-shell mapped ns=qdshell-osd-pipewire-1 layer=3 at 2871,40 320x72
Oct 04 10:02:34 baseweed-admin weston[919]: [10:02:34.964] qdwin: layer-shell get_layer_surface ns=qdshell-wallpaper-Virtual-1 layer=0 output=0x55ba69029c60
Oct 04 10:02:34 baseweed-admin weston[919]: [10:02:34.964] qdwin: layer-shell configure ns=qdshell-wallpaper-Virtual-1 layer=0 box=0,0 1920x1080 serial=17
Oct 04 10:02:34 baseweed-admin weston[919]: [10:02:34.964] qdwin: layer-shell get_layer_surface ns=qdshell-wallpaper-pipewire-0 layer=0 output=0x55ba6902b1c0
Oct 04 10:02:34 baseweed-admin weston[919]: [10:02:34.964] qdwin: layer-shell configure ns=qdshell-wallpaper-pipewire-0 layer=0 box=1920,0 640x480 serial=18
Oct 04 10:02:34 baseweed-admin weston[919]: [10:02:34.964] qdwin: layer-shell get_layer_surface ns=qdshell-wallpaper-pipewire-1 layer=0 output=0x55ba69050ac0
Oct 04 10:02:34 baseweed-admin weston[919]: [10:02:34.964] qdwin: layer-shell configure ns=qdshell-wallpaper-pipewire-1 layer=0 box=2560,0 640x480 serial=19
Oct 04 10:02:36 baseweed-admin weston[919]: [10:02:36.057] qdwin: layer-shell mapped ns=qdshell-wallpaper-Virtual-1 layer=0 at 0,0 1920x1080
Oct 04 10:02:36 baseweed-admin weston[919]: [10:02:36.885] qdwin: layer-shell mapped ns=qdshell-wallpaper-pipewire-0 layer=0 at 1920,0 640x480
Oct 04 10:02:37 baseweed-admin weston[919]: [10:02:37.556] qdwin: layer-shell mapped ns=qdshell-wallpaper-pipewire-1 layer=0 at 2560,0 640x480
