Oct 04 10:02:03 baseweed-admin systemd[853]: Started qdwin compositor (libweston + qdwin-shell.so).
Oct 04 10:02:03 baseweed-admin weston[938]: Date: 2026-10-04 UTC
Oct 04 10:02:03 baseweed-admin weston[938]: [10:02:03.961] weston 16.0.0
Oct 04 10:02:03 baseweed-admin weston[938]:                https://wayland.freedesktop.org
Oct 04 10:02:03 baseweed-admin weston[938]:                Bug reports to: https://gitlab.freedesktop.org/wayland/weston/issues/
Oct 04 10:02:03 baseweed-admin weston[938]:                Build: 16.0.0
Oct 04 10:02:03 baseweed-admin weston[938]: [10:02:03.961] Command line: /usr/bin/weston --config=/home/admin/weston.ini --socket=wayland-1
Oct 04 10:02:03 baseweed-admin weston[938]: [10:02:03.961] OS: Linux, 7.2.8-1-default, #1 SMP PREEMPT_DYNAMIC Sat Sep 26 07:00:58 UTC 2026 (9b36732), x86_64
Oct 04 10:02:03 baseweed-admin weston[938]: [10:02:03.961] Flight recorder: enabled, scopes subscribed: log
Oct 04 10:02:03 baseweed-admin weston[938]: [10:02:03.969] Using config file '/home/admin/weston.ini'
Oct 04 10:02:03 baseweed-admin weston[938]: [10:02:03.969] Output repaint window is 7 ms maximum.
Oct 04 10:02:03 baseweed-admin weston[938]: [10:02:03.976] Loading module '/usr/libexec/qdistro/qdwin-libweston/lib64/libweston-16/drm-backend.so'
Oct 04 10:02:03 baseweed-admin weston[938]: [10:02:03.984] initializing drm backend
Oct 04 10:02:03 baseweed-admin weston[938]: [10:02:03.984] Trying libseat launcher...
Oct 04 10:02:04 baseweed-admin weston[938]: [10:02:04.026] [libseat/libseat.c:73] Seat opened with backend 'seatd'
Oct 04 10:02:04 baseweed-admin weston[938]: [10:02:04.026] [libseat/backend/seatd.c:218] Enabling seat
Oct 04 10:02:04 baseweed-admin weston[938]: [10:02:04.026] libseat: session control granted
Oct 04 10:02:04 baseweed-admin weston[938]: [10:02:04.031] using /dev/dri/card0
Oct 04 10:02:04 baseweed-admin weston[938]: [10:02:04.031] DRM: supports atomic modesetting
Oct 04 10:02:04 baseweed-admin weston[938]: [10:02:04.031] DRM: supports cursor-plane hotspot (virtualized cursor)
Oct 04 10:02:04 baseweed-admin weston[938]: [10:02:04.031] DRM: does not support GBM modifiers
Oct 04 10:02:04 baseweed-admin weston[938]: [10:02:04.031] DRM: does not support Atomic async page flip
Oct 04 10:02:04 baseweed-admin weston[938]: [10:02:04.031] DRM: supports picture aspect ratio
Oct 04 10:02:04 baseweed-admin weston[938]: [10:02:04.032] DRM: EDID for the following head fails conformity:
Oct 04 10:02:04 baseweed-admin weston[938]: Block 1, CTA-861 Extension Block:
Oct 04 10:02:04 baseweed-admin weston[938]:   Padding: Contains non-zero bytes.
Oct 04 10:02:04 baseweed-admin weston[938]: [10:02:04.032] DRM: head 'Virtual-1' found, connector 40 is connected, EDID make 'Red Hat, Inc.', model 'QEMU Monitor', serial ''
Oct 04 10:02:04 baseweed-admin weston[938]:                Supported EOTF modes: SDR
Oct 04 10:02:04 baseweed-admin weston[938]:                Supported colorimetry modes: default
Oct 04 10:02:04 baseweed-admin weston[938]:                Supported VRR modes: (none),
Oct 04 10:02:04 baseweed-admin weston[938]:                Supported color formats: AUTO
Oct 04 10:02:05 baseweed-admin weston[938]: [10:02:05.005] Loading module '/usr/libexec/qdistro/qdwin-libweston/lib64/libweston-16/gl-renderer.so'
Oct 04 10:02:05 baseweed-admin weston[938]: [10:02:05.028] warning: failed to query rendering device from EGL
Oct 04 10:02:05 baseweed-admin weston[938]: [10:02:05.028] EGL version: 1.5
Oct 04 10:02:05 baseweed-admin weston[938]: [10:02:05.028] EGL vendor: Mesa Project
Oct 04 10:02:05 baseweed-admin weston[938]: [10:02:05.028] EGL client APIs: OpenGL OpenGL_ES
Oct 04 10:02:05 baseweed-admin weston[938]: [10:02:05.028] EGL features:
Oct 04 10:02:05 baseweed-admin weston[938]:                EGL Wayland extension: no
Oct 04 10:02:05 baseweed-admin weston[938]:                context priority: no
Oct 04 10:02:05 baseweed-admin weston[938]:                buffer age: yes
Oct 04 10:02:05 baseweed-admin weston[938]:                partial update: no
Oct 04 10:02:05 baseweed-admin weston[938]:                swap buffers with damage: no
Oct 04 10:02:05 baseweed-admin weston[938]:                configless context: yes
Oct 04 10:02:05 baseweed-admin weston[938]:                surfaceless context: yes
Oct 04 10:02:05 baseweed-admin weston[938]:                dmabuf support: modifiers
Oct 04 10:02:05 baseweed-admin weston[938]:                fence sync: yes (wait)
Oct 04 10:02:05 baseweed-admin weston[938]: [10:02:05.145] GL version: OpenGL ES 3.2 Mesa 26.2.3
Oct 04 10:02:05 baseweed-admin weston[938]: [10:02:05.145] GLSL version: OpenGL ES GLSL ES 3.20
Oct 04 10:02:05 baseweed-admin weston[938]: [10:02:05.145] GL vendor: Mesa
Oct 04 10:02:05 baseweed-admin weston[938]: [10:02:05.145] GL renderer: llvmpipe (LLVM 23.1.1, 256 bits)
Oct 04 10:02:05 baseweed-admin weston[938]: [10:02:05.155] GL ES 3.2 - renderer features:
Oct 04 10:02:05 baseweed-admin weston[938]:                read-back format: ARGB8888
Oct 04 10:02:05 baseweed-admin weston[938]:                glReadPixels supports y-flip: yes
Oct 04 10:02:05 baseweed-admin weston[938]:                glReadPixels supports PBO: yes
Oct 04 10:02:05 baseweed-admin weston[938]:                wl_shm 10 bpc formats: yes
Oct 04 10:02:05 baseweed-admin weston[938]:                wl_shm 16 bpc formats: yes
Oct 04 10:02:05 baseweed-admin weston[938]:                wl_shm half-float formats: yes
Oct 04 10:02:05 baseweed-admin weston[938]:                internal R and RG formats: yes
Oct 04 10:02:05 baseweed-admin weston[938]:                OES_EGL_image_external: yes
Oct 04 10:02:05 baseweed-admin weston[938]:                GPU timeline: no
Oct 04 10:02:05 baseweed-admin weston[938]:                Texture immutability: yes
Oct 04 10:02:05 baseweed-admin weston[938]:                Required precision: yes
Oct 04 10:02:05 baseweed-admin weston[938]:                In-shader blending: yes
Oct 04 10:02:05 baseweed-admin weston[938]: [10:02:05.155] Using GL renderer
Oct 04 10:02:05 baseweed-admin weston[938]: [10:02:05.353] event3  - QEMU QEMU USB Tablet: is tagged by udev as: Mouse
Oct 04 10:02:05 baseweed-admin weston[938]: [10:02:05.353] event3  - QEMU QEMU USB Tablet: device is a pointer
Oct 04 10:02:05 baseweed-admin weston[938]: [10:02:05.355] event4  - Power Button: is tagged by udev as: Keyboard
Oct 04 10:02:05 baseweed-admin weston[938]: [10:02:05.355] event4  - Power Button: device is a keyboard
Oct 04 10:02:05 baseweed-admin weston[938]: [10:02:05.356] event0  - AT Translated Set 2 keyboard: is tagged by udev as: Keyboard
Oct 04 10:02:05 baseweed-admin weston[938]: [10:02:05.357] event0  - AT Translated Set 2 keyboard: device is a keyboard
Oct 04 10:02:05 baseweed-admin weston[938]: [10:02:05.360] event2  - VirtualPS/2 VMware VMMouse: is tagged by udev as: Mouse
Oct 04 10:02:05 baseweed-admin weston[938]: [10:02:05.360] event2  - VirtualPS/2 VMware VMMouse: emulating high-resolution scroll wheel events.
Oct 04 10:02:05 baseweed-admin weston[938]: [10:02:05.360] event2  - VirtualPS/2 VMware VMMouse: device is a pointer
Oct 04 10:02:05 baseweed-admin weston[938]: [10:02:05.361] event1  - VirtualPS/2 VMware VMMouse: is tagged by udev as: Mouse
Oct 04 10:02:05 baseweed-admin weston[938]: [10:02:05.362] event1  - VirtualPS/2 VMware VMMouse: device is a pointer
Oct 04 10:02:05 baseweed-admin weston[938]: [10:02:05.364] event5  - PC Speaker: not tagged as supported input device
Oct 04 10:02:05 baseweed-admin weston[938]: [10:02:05.380] event5  - not using input device '/dev/input/event5'
Oct 04 10:02:05 baseweed-admin weston[938]: [10:02:05.382] event6  - ydotoold virtual device: is tagged by udev as: Keyboard
Oct 04 10:02:05 baseweed-admin weston[938]: [10:02:05.383] event6  - ydotoold virtual device: emulating high-resolution scroll wheel events.
Oct 04 10:02:05 baseweed-admin weston[938]: [10:02:05.383] event6  - ydotoold virtual device: device is a keyboard
Oct 04 10:02:05 baseweed-admin weston[938]: [10:02:05.384] libinput: configuring device "QEMU QEMU USB Tablet".
Oct 04 10:02:05 baseweed-admin weston[938]: [10:02:05.384] input device event3 has no enabled output associated (none named), skipping calibration for now.
Oct 04 10:02:05 baseweed-admin weston[938]: [10:02:05.398] libinput: configuring device "Power Button".
Oct 04 10:02:05 baseweed-admin weston[938]: [10:02:05.399] libinput: configuring device "AT Translated Set 2 keyboard".
Oct 04 10:02:05 baseweed-admin weston[938]: [10:02:05.399] libinput: configuring device "VirtualPS/2 VMware VMMouse".
Oct 04 10:02:05 baseweed-admin weston[938]: [10:02:05.399] libinput: configuring device "VirtualPS/2 VMware VMMouse".
Oct 04 10:02:05 baseweed-admin weston[938]: [10:02:05.399] input device event1 has no enabled output associated (none named), skipping calibration for now.
Oct 04 10:02:05 baseweed-admin weston[938]: [10:02:05.399] libinput: configuring device "ydotoold virtual device".
Oct 04 10:02:05 baseweed-admin weston[938]: [10:02:05.399] Registered plugin API 'weston_drm_output_api_v1' of size 40
Oct 04 10:02:05 baseweed-admin weston[938]: [10:02:05.400] Loading module '/usr/libexec/qdistro/qdwin-libweston/lib64/libweston-16/pipewire-backend.so'
Oct 04 10:02:05 baseweed-admin weston[938]: [10:02:05.401] Initializing PipeWire backend
Oct 04 10:02:05 baseweed-admin weston[938]: [10:02:05.411] Registered plugin API 'weston_pipewire_output_api_v2' of size 24
Oct 04 10:02:05 baseweed-admin weston[938]: [10:02:05.411] Color manager: no-op
Oct 04 10:02:05 baseweed-admin weston[938]:                  protocol support: no
Oct 04 10:02:05 baseweed-admin weston[938]: [10:02:05.411] Setting output 'Virtual-1' to color AUTO format
Oct 04 10:02:05 baseweed-admin weston[938]: [10:02:05.411] Output 'Virtual-1' attempts EOTF mode SDR and colorimetry mode default.
Oct 04 10:02:05 baseweed-admin weston[938]: [10:02:05.411] Output 'Virtual-1' using color profile: stock sRGB color profile
Oct 04 10:02:05 baseweed-admin weston[938]: [10:02:05.411] Chosen EGL config details: id:  46 rgba: 8 8 8 0 buf: 24 dep:  0 stcl: 0 int: 1-1 type: win val: fix vis_id: XRGB8888 (0x34325258)
Oct 04 10:02:05 baseweed-admin weston[938]: [10:02:05.412] Output Virtual-1 (crtc 39) video modes:
Oct 04 10:02:05 baseweed-admin weston[938]:                1280x800@75.0, preferred, 107.3 MHz
Oct 04 10:02:05 baseweed-admin weston[938]:                5120x2160@50.0 64:27, 742.5 MHz
Oct 04 10:02:05 baseweed-admin weston[938]:                4096x2160@50.0 256:135, 594.0 MHz
Oct 04 10:02:05 baseweed-admin weston[938]:                3840x2160@60.0 16:9, 594.0 MHz
Oct 04 10:02:05 baseweed-admin weston[938]:                3840x2160@59.9 16:9, 593.4 MHz
Oct 04 10:02:05 baseweed-admin weston[938]:                3840x2160@50.0 16:9, 594.0 MHz
Oct 04 10:02:05 baseweed-admin weston[938]:                1920x1440@60.0, 234.0 MHz
Oct 04 10:02:05 baseweed-admin weston[938]:                2560x1080@50.0 64:27, 185.6 MHz
Oct 04 10:02:05 baseweed-admin weston[938]:                1856x1392@60.0, 218.2 MHz
Oct 04 10:02:05 baseweed-admin weston[938]:                1792x1344@60.0, 204.8 MHz
Oct 04 10:02:05 baseweed-admin weston[938]:                2048x1152@60.0, 162.0 MHz
Oct 04 10:02:05 baseweed-admin weston[938]:                1920x1200@59.9, 193.2 MHz
Oct 04 10:02:05 baseweed-admin weston[938]:                1920x1080@60.0, current, 148.5 MHz
Oct 04 10:02:05 baseweed-admin weston[938]:                1920x1080@50.0 16:9, 148.5 MHz
Oct 04 10:02:05 baseweed-admin weston[938]:                1600x1200@60.0, 162.0 MHz
Oct 04 10:02:05 baseweed-admin weston[938]:                1680x1050@60.0, 146.2 MHz
Oct 04 10:02:05 baseweed-admin weston[938]:                1400x1050@60.0, 121.8 MHz
Oct 04 10:02:05 baseweed-admin weston[938]:                1280x1024@60.0, 108.0 MHz
Oct 04 10:02:05 baseweed-admin weston[938]:                1440x900@59.9, 106.5 MHz
Oct 04 10:02:05 baseweed-admin weston[938]:                1280x960@60.0, 108.0 MHz
Oct 04 10:02:05 baseweed-admin weston[938]:                1360x768@60.0, 85.5 MHz
Oct 04 10:02:05 baseweed-admin weston[938]:                1280x768@59.9, 79.5 MHz
Oct 04 10:02:05 baseweed-admin weston[938]:                1024x768@60.0, 65.0 MHz
Oct 04 10:02:05 baseweed-admin weston[938]:                800x600@60.3, 40.0 MHz
Oct 04 10:02:05 baseweed-admin weston[938]:                640x480@60.0 4:3, 25.2 MHz
Oct 04 10:02:05 baseweed-admin weston[938]:                640x480@59.9, 25.2 MHz
Oct 04 10:02:05 baseweed-admin weston[938]: [10:02:05.412] associating input device event3 with output Virtual-1 (none by udev)
Oct 04 10:02:05 baseweed-admin weston[938]: [10:02:05.412] associating input device event4 with output Virtual-1 (none by udev)
Oct 04 10:02:05 baseweed-admin weston[938]: [10:02:05.412] associating input device event0 with output Virtual-1 (none by udev)
Oct 04 10:02:05 baseweed-admin weston[938]: [10:02:05.412] associating input device event2 with output Virtual-1 (none by udev)
Oct 04 10:02:05 baseweed-admin weston[938]: [10:02:05.412] associating input device event1 with output Virtual-1 (none by udev)
Oct 04 10:02:05 baseweed-admin weston[938]: [10:02:05.412] associating input device event6 with output Virtual-1 (none by udev)
Oct 04 10:02:05 baseweed-admin weston[938]: [10:02:05.412] Output 'Virtual-1' enabled with head(s) Virtual-1
Oct 04 10:02:05 baseweed-admin weston[938]: [10:02:05.412] pipewire_backend_output_configure.. Done
Oct 04 10:02:05 baseweed-admin weston[938]: [10:02:05.412] Output 'pipewire-0' attempts EOTF mode SDR and colorimetry mode default.
Oct 04 10:02:05 baseweed-admin weston[938]: [10:02:05.412] Output 'pipewire-0' using color profile: stock sRGB color profile
Oct 04 10:02:05 baseweed-admin weston[938]: [10:02:05.478] Output 'pipewire-0' enabled with head(s) pipewire-0
Oct 04 10:02:05 baseweed-admin weston[938]: [10:02:05.478] pipewire_backend_output_configure.. Done
Oct 04 10:02:05 baseweed-admin weston[938]: [10:02:05.478] Output 'pipewire-1' attempts EOTF mode SDR and colorimetry mode default.
Oct 04 10:02:05 baseweed-admin weston[938]: [10:02:05.478] Output 'pipewire-1' using color profile: stock sRGB color profile
Oct 04 10:02:05 baseweed-admin weston[938]: [10:02:05.479] Output 'pipewire-1' enabled with head(s) pipewire-1
Oct 04 10:02:05 baseweed-admin weston[938]: [10:02:05.479] Compositor capabilities:
Oct 04 10:02:05 baseweed-admin weston[938]:                arbitrary surface rotation: yes
Oct 04 10:02:05 baseweed-admin weston[938]:                screen capture uses y-flip: yes
Oct 04 10:02:05 baseweed-admin weston[938]:                cursor planes: yes
Oct 04 10:02:05 baseweed-admin weston[938]:                arbitrary resolutions: yes
Oct 04 10:02:05 baseweed-admin weston[938]:                view mask clipping: yes
Oct 04 10:02:05 baseweed-admin weston[938]:                explicit sync: no
Oct 04 10:02:05 baseweed-admin weston[938]:                color operations: yes
Oct 04 10:02:05 baseweed-admin weston[938]:                color representation: yes
Oct 04 10:02:05 baseweed-admin weston[938]:                in-shader blending: yes
Oct 04 10:02:05 baseweed-admin weston[938]:                presentation clock: CLOCK_MONOTONIC, id 1
Oct 04 10:02:05 baseweed-admin weston[938]:                presentation clock resolution: 0.000000001 s
Oct 04 10:02:05 baseweed-admin weston[938]: [10:02:05.479] Loading module '/usr/lib64/weston/qdwin-shell.so'
Oct 04 10:02:05 baseweed-admin weston[938]: [10:02:05.481] qdwin: locker bind policy defaulting to entrypoint=/usr/local/bin/qdlocker:/usr/bin/qdlocker (system interpreter + root-owned entrypoint; no explicit policy configured); set --qdwin-allowed-locker-any to override to uid-only
Oct 04 10:02:05 baseweed-admin weston[938]: [10:02:05.481] qdwin: locker bind policy uid=1000 entrypoint=/usr/local/bin/qdlocker:/usr/bin/qdlocker exe=(any) label=(any)
Oct 04 10:02:05 baseweed-admin weston[938]: [10:02:05.481] qdwin: ext-idle-notify idle_time=0 internal_mode=1
Oct 04 10:02:05 baseweed-admin weston[938]: [10:02:05.482] qdwin: cursor-shape theme=(default) size=24 loaded=0/36
Oct 04 10:02:05 baseweed-admin weston[938]: [10:02:05.482] qdwin: layer-popup grab handler registered
Oct 04 10:02:05 baseweed-admin weston[938]: [10:02:05.482] qdwin/nested-proxy: default keyboard grab installed on seat 'default'
Oct 04 10:02:05 baseweed-admin weston[938]: [10:02:05.482] qdwin: background curtain 3200x1080 installed
Oct 04 10:02:05 baseweed-admin weston[938]: [10:02:05.482] qdwin: WARNING shell-authorized output capture enabled via QDWIN_ENABLE_SHELL_CAPTURE — dev/test only, do not use in production
Oct 04 10:02:05 baseweed-admin weston[938]: [10:02:05.482] qdwin: retained-frame capture armed on output=Virtual-1
Oct 04 10:02:05 baseweed-admin weston[938]: [10:02:05.482] qdwin: shell loaded (allowed_uid=1000); desktop + qdwin_shell_v1 ready
Oct 04 10:02:05 baseweed-admin weston[938]: [10:02:05.483] Loading module '/usr/lib64/libweston-16/xwayland.so'
Oct 04 10:02:05 baseweed-admin weston[938]: [10:02:05.486] Registered plugin API 'weston_xwayland_v3' of size 32
Oct 04 10:02:05 baseweed-admin weston[938]: [10:02:05.486] Registered plugin API 'weston_xwayland_surface_v2' of size 24
Oct 04 10:02:05 baseweed-admin weston[938]: [10:02:05.486] xserver listening on display :0
Oct 04 10:02:05 baseweed-admin weston[938]: [10:02:05.545] qdwin: bind attempt pid=1034 uid=1000 (allowed_uid=1000)
Oct 04 10:02:05 baseweed-admin weston[938]: [10:02:05.545] qdwin: bind accepted for uid=1000, hello sent
Oct 04 10:02:05 baseweed-admin weston[938]: [10:02:05.551] qdwin: cursor-sprite registered shape=default hotspot=3,1
Oct 04 10:02:05 baseweed-admin weston[938]: [10:02:05.551] qdwin: cursor_retry_install: scheduling first retry in 1000ms
Oct 04 10:02:05 baseweed-admin weston[938]: [10:02:05.552] qdwin: cursor-sprite registered shape=context-menu hotspot=3,1
Oct 04 10:02:05 baseweed-admin weston[938]: [10:02:05.553] qdwin: cursor-sprite registered shape=help hotspot=12,21
Oct 04 10:02:05 baseweed-admin weston[938]: [10:02:05.553] qdwin: cursor-sprite registered shape=pointer hotspot=7,5
Oct 04 10:02:05 baseweed-admin weston[938]: [10:02:05.583] qdwin: cursor-sprite registered shape=progress hotspot=3,1
Oct 04 10:02:05 baseweed-admin weston[938]: [10:02:05.602] qdwin: cursor-sprite registered shape=wait hotspot=11,11
Oct 04 10:02:05 baseweed-admin weston[938]: [10:02:05.602] qdwin: cursor-sprite registered shape=cell hotspot=11,11
Oct 04 10:02:05 baseweed-admin weston[938]: [10:02:05.604] qdwin: cursor-sprite registered shape=crosshair hotspot=11,11
Oct 04 10:02:05 baseweed-admin weston[938]: [10:02:05.604] qdwin: cursor-sprite registered shape=text hotspot=11,12
Oct 04 10:02:05 baseweed-admin weston[938]: [10:02:05.604] qdwin: cursor-sprite registered shape=vertical-text hotspot=12,11
Oct 04 10:02:05 baseweed-admin weston[938]: [10:02:05.605] qdwin: cursor-sprite registered shape=alias hotspot=18,5
Oct 04 10:02:05 baseweed-admin weston[938]: [10:02:05.605] qdwin: cursor-sprite registered shape=copy hotspot=3,1
Oct 04 10:02:05 baseweed-admin weston[938]: [10:02:05.605] qdwin: cursor-sprite registered shape=move hotspot=3,1
Oct 04 10:02:05 baseweed-admin weston[938]: [10:02:05.605] qdwin: cursor-sprite registered shape=no-drop hotspot=3,1
Oct 04 10:02:05 baseweed-admin weston[938]: [10:02:05.606] qdwin: cursor-sprite registered shape=not-allowed hotspot=12,12
Oct 04 10:02:05 baseweed-admin weston[938]: [10:02:05.607] qdwin: cursor-sprite registered shape=grab hotspot=11,2
Oct 04 10:02:05 baseweed-admin weston[938]: [10:02:05.607] qdwin: cursor-sprite registered shape=grabbing hotspot=9,5
Oct 04 10:02:05 baseweed-admin weston[938]: [10:02:05.607] qdwin: cursor-sprite registered shape=e-resize hotspot=19,13
Oct 04 10:02:05 baseweed-admin weston[938]: [10:02:05.608] qdwin: cursor-sprite registered shape=n-resize hotspot=13,6
Oct 04 10:02:05 baseweed-admin weston[938]: [10:02:05.608] qdwin: cursor-sprite registered shape=ne-resize hotspot=15,10
Oct 04 10:02:05 baseweed-admin weston[938]: [10:02:05.609] qdwin: cursor-sprite registered shape=nw-resize hotspot=10,10
Oct 04 10:02:05 baseweed-admin weston[938]: [10:02:05.609] qdwin: cursor-sprite registered shape=s-resize hotspot=13,18
Oct 04 10:02:05 baseweed-admin weston[938]: [10:02:05.609] qdwin: cursor-sprite registered shape=se-resize hotspot=15,15
Oct 04 10:02:05 baseweed-admin weston[938]: [10:02:05.610] qdwin: cursor-sprite registered shape=sw-resize hotspot=10,15
Oct 04 10:02:05 baseweed-admin weston[938]: [10:02:05.611] qdwin: cursor-sprite registered shape=w-resize hotspot=6,13
Oct 04 10:02:05 baseweed-admin weston[938]: [10:02:05.611] qdwin: cursor-sprite registered shape=ew-resize hotspot=12,12
Oct 04 10:02:05 baseweed-admin weston[938]: [10:02:05.611] qdwin: cursor-sprite registered shape=ns-resize hotspot=12,13
Oct 04 10:02:05 baseweed-admin weston[938]: [10:02:05.611] qdwin: cursor-sprite registered shape=nesw-resize hotspot=11,11
Oct 04 10:02:05 baseweed-admin weston[938]: [10:02:05.612] qdwin: cursor-sprite registered shape=nwse-resize hotspot=11,11
Oct 04 10:02:05 baseweed-admin weston[938]: [10:02:05.612] qdwin: cursor-sprite registered shape=col-resize hotspot=12,12
Oct 04 10:02:05 baseweed-admin weston[938]: [10:02:05.612] qdwin: cursor-sprite registered shape=row-resize hotspot=12,13
Oct 04 10:02:05 baseweed-admin weston[938]: [10:02:05.613] qdwin: cursor-sprite registered shape=all-scroll hotspot=11,11
Oct 04 10:02:05 baseweed-admin weston[938]: [10:02:05.613] qdwin: cursor-sprite registered shape=zoom-in hotspot=11,10
Oct 04 10:02:05 baseweed-admin weston[938]: [10:02:05.613] qdwin: cursor-sprite registered shape=zoom-out hotspot=11,10
Oct 04 10:02:05 baseweed-admin weston[938]: [10:02:05.613] qdwin: cursor-sprite registered shape=dnd-ask hotspot=3,1
Oct 04 10:02:05 baseweed-admin weston[938]: [10:02:05.614] qdwin: cursor-sprite registered shape=all-resize hotspot=12,11
Oct 04 10:02:06 baseweed-admin weston[938]: [10:02:06.594] qdwin: locker bind attempt pid=1039 uid=1000 (allowed_locker_uid=1000)
Oct 04 10:02:06 baseweed-admin weston[938]: [10:02:06.594] qdwin: locker bound pid=1039 uid=1000 (initially_locked=0)
Oct 04 10:02:24 baseweed-admin weston[938]: [10:02:24.831] qdwin: bind attempt pid=1036 uid=1000 (allowed_uid=1000)
Oct 04 10:02:24 baseweed-admin weston[938]: [10:02:24.831] qdwin: bind accepted for uid=1000, hello sent
Oct 04 10:02:24 baseweed-admin weston[938]: [10:02:24.831] qdwin: ext_workspace_manager bound (count=4 active=0)
Oct 04 10:02:24 baseweed-admin weston[938]: [10:02:24.831] qdwin: zwlr_output_manager bound (serial=1)
Oct 04 10:02:24 baseweed-admin weston[938]: [10:02:24.831] qdwin: shell bound (uid=1000 pid=1036); replaying 0 toplevels
Oct 04 10:02:24 baseweed-admin weston[938]: [10:02:24.831] qdwin: seat_focus_changed seat=default handle=4294967295
Oct 04 10:02:24 baseweed-admin weston[938]: [10:02:24.836] qdwin: workspace 0 name="1"
Oct 04 10:02:24 baseweed-admin weston[938]: [10:02:24.836] qdwin: workspace 1 name="2"
Oct 04 10:02:24 baseweed-admin weston[938]: [10:02:24.836] qdwin: workspace 2 name="3"
Oct 04 10:02:24 baseweed-admin weston[938]: [10:02:24.836] qdwin: workspace 3 name="4"
Oct 04 10:02:24 baseweed-admin weston[938]: [10:02:24.836] qdwin: set_wm_policy focus=0 ffm_delay=0 raise_click=1 raise_hover=0 placement=2 snap=1 dist=16
Oct 04 10:02:24 baseweed-admin weston[938]: [10:02:24.837] qdwin: register_hotkey id=7101 mods=0x2 key=62
Oct 04 10:02:24 baseweed-admin weston[938]: [10:02:24.837] qdwin: register_hotkey id=7102 mods=0x4 key=103
Oct 04 10:02:24 baseweed-admin weston[938]: [10:02:24.837] qdwin: register_hotkey id=7103 mods=0x4 key=33
Oct 04 10:02:24 baseweed-admin weston[938]: [10:02:24.837] qdwin: register_hotkey id=7104 mods=0x4 key=105
Oct 04 10:02:24 baseweed-admin weston[938]: [10:02:24.837] qdwin: register_hotkey id=7105 mods=0x4 key=106
Oct 04 10:02:24 baseweed-admin weston[938]: [10:02:24.838] qdwin: set_pointer_config accel=0 profile=0 natural=0 tap=1 left=0 middle=0 dwt=1 scroll=1 (6 devices)
Oct 04 10:02:24 baseweed-admin weston[938]: [10:02:24.839] qdwin: set_key_repeat rate=25 delay=500
Oct 04 10:02:25 baseweed-admin weston[938]: [10:02:25.136] qdwin: layer-shell get_layer_surface ns=qdshell-background-Virtual-1 layer=2 output=0x55feeac64b00
Oct 04 10:02:25 baseweed-admin weston[938]: [10:02:25.137] qdwin: layer-shell configure ns=qdshell-background-Virtual-1 layer=2 box=0,0 1920x1080 serial=1
Oct 04 10:02:25 baseweed-admin weston[938]: [10:02:25.137] qdwin: layer-shell get_layer_surface ns=qdshell-bar-content-Virtual-1 layer=2 output=0x55feeac64b00
Oct 04 10:02:25 baseweed-admin weston[938]: [10:02:25.137] qdwin: layer-shell configure ns=qdshell-bar-content-Virtual-1 layer=2 box=0,0 1920x31 serial=2
Oct 04 10:02:25 baseweed-admin weston[938]: [10:02:25.137] qdwin: layer-shell get_layer_surface ns=qdshell-bar-exclusion-top-Virtual-1 layer=2 output=0x55feeac64b00
Oct 04 10:02:25 baseweed-admin weston[938]: [10:02:25.137] qdwin: layer-shell configure ns=qdshell-bar-exclusion-top-Virtual-1 layer=2 box=0,0 1920x31 serial=3
Oct 04 10:02:25 baseweed-admin weston[938]: [10:02:25.137] qdwin: layer-shell get_layer_surface ns=qdshell-background-pipewire-0 layer=2 output=0x55feeac65f60
Oct 04 10:02:25 baseweed-admin weston[938]: [10:02:25.137] qdwin: layer-shell configure ns=qdshell-background-pipewire-0 layer=2 box=1920,0 640x480 serial=4
Oct 04 10:02:25 baseweed-admin weston[938]: [10:02:25.137] qdwin: layer-shell get_layer_surface ns=qdshell-bar-content-pipewire-0 layer=2 output=0x55feeac65f60
Oct 04 10:02:25 baseweed-admin weston[938]: [10:02:25.137] qdwin: layer-shell configure ns=qdshell-bar-content-pipewire-0 layer=2 box=1920,0 640x31 serial=5
Oct 04 10:02:25 baseweed-admin weston[938]: [10:02:25.137] qdwin: layer-shell get_layer_surface ns=qdshell-bar-exclusion-top-pipewire-0 layer=2 output=0x55feeac65f60
Oct 04 10:02:25 baseweed-admin weston[938]: [10:02:25.137] qdwin: layer-shell configure ns=qdshell-bar-exclusion-top-pipewire-0 layer=2 box=1920,0 640x31 serial=6
Oct 04 10:02:25 baseweed-admin weston[938]: [10:02:25.137] qdwin: layer-shell get_layer_surface ns=qdshell-background-pipewire-1 layer=2 output=0x55feeac8b8b0
Oct 04 10:02:25 baseweed-admin weston[938]: [10:02:25.137] qdwin: layer-shell configure ns=qdshell-background-pipewire-1 layer=2 box=2560,0 640x480 serial=7
Oct 04 10:02:25 baseweed-admin weston[938]: [10:02:25.137] qdwin: layer-shell get_layer_surface ns=qdshell-bar-content-pipewire-1 layer=2 output=0x55feeac8b8b0
Oct 04 10:02:25 baseweed-admin weston[938]: [10:02:25.137] qdwin: layer-shell configure ns=qdshell-bar-content-pipewire-1 layer=2 box=2560,0 640x31 serial=8
Oct 04 10:02:25 baseweed-admin weston[938]: [10:02:25.137] qdwin: layer-shell get_layer_surface ns=qdshell-bar-exclusion-top-pipewire-1 layer=2 output=0x55feeac8b8b0
Oct 04 10:02:25 baseweed-admin weston[938]: [10:02:25.137] qdwin: layer-shell configure ns=qdshell-bar-exclusion-top-pipewire-1 layer=2 box=2560,0 640x31 serial=9
Oct 04 10:02:25 baseweed-admin weston[938]: [10:02:25.137] qdwin: layer-shell get_layer_surface ns=qdshell-dock-peek-Virtual-1 layer=2 output=0x55feeac64b00
Oct 04 10:02:25 baseweed-admin weston[938]: [10:02:25.137] qdwin: layer-shell configure ns=qdshell-dock-peek-Virtual-1 layer=2 box=0,1079 1920x1 serial=10
Oct 04 10:02:25 baseweed-admin weston[938]: [10:02:25.137] qdwin: layer-shell get_layer_surface ns=qdshell-dock-peek-pipewire-0 layer=2 output=0x55feeac65f60
Oct 04 10:02:25 baseweed-admin weston[938]: [10:02:25.137] qdwin: layer-shell configure ns=qdshell-dock-peek-pipewire-0 layer=2 box=1920,479 640x1 serial=11
Oct 04 10:02:25 baseweed-admin weston[938]: [10:02:25.137] qdwin: layer-shell get_layer_surface ns=qdshell-dock-peek-pipewire-1 layer=2 output=0x55feeac8b8b0
Oct 04 10:02:25 baseweed-admin weston[938]: [10:02:25.137] qdwin: layer-shell configure ns=qdshell-dock-peek-pipewire-1 layer=2 box=2560,479 640x1 serial=12
Oct 04 10:02:25 baseweed-admin weston[938]: [10:02:25.137] qdwin: layer-shell get_layer_surface ns=qdshell-image-cache-renderer layer=2 output=(nil)
Oct 04 10:02:25 baseweed-admin weston[938]: [10:02:25.137] qdwin: layer-shell configure ns=qdshell-image-cache-renderer layer=2 box=960,540 1x1 serial=13
Oct 04 10:02:25 baseweed-admin weston[938]: [10:02:25.286] qdwin: set_key_repeat rate=25 delay=500
Oct 04 10:02:26 baseweed-admin weston[938]: [10:02:26.879] qdwin: layer-shell mapped ns=qdshell-background-Virtual-1 layer=2 at 0,0 1920x1080
Oct 04 10:02:27 baseweed-admin weston[938]: [10:02:27.136] qdwin: layer-shell mapped ns=qdshell-bar-content-Virtual-1 layer=2 at 0,0 1920x31
Oct 04 10:02:28 baseweed-admin weston[938]: [10:02:28.140] qdwin: layer-shell mapped ns=qdshell-bar-exclusion-top-Virtual-1 layer=2 at 0,0 1920x31
Oct 04 10:02:28 baseweed-admin weston[938]: [10:02:28.764] qdwin: layer-shell mapped ns=qdshell-background-pipewire-0 layer=2 at 1920,0 640x480
Oct 04 10:02:29 baseweed-admin weston[938]: [10:02:29.425] qdwin: layer-shell mapped ns=qdshell-bar-content-pipewire-0 layer=2 at 1920,0 640x31
Oct 04 10:02:29 baseweed-admin weston[938]: [10:02:29.942] qdwin: layer-shell mapped ns=qdshell-bar-exclusion-top-pipewire-0 layer=2 at 1920,0 640x31
Oct 04 10:02:30 baseweed-admin weston[938]: [10:02:30.521] qdwin: layer-shell mapped ns=qdshell-background-pipewire-1 layer=2 at 2560,0 640x480
Oct 04 10:02:30 baseweed-admin weston[938]: [10:02:30.990] qdwin: layer-shell mapped ns=qdshell-bar-content-pipewire-1 layer=2 at 2560,0 640x31
Oct 04 10:02:31 baseweed-admin weston[938]: [10:02:31.469] qdwin: layer-shell mapped ns=qdshell-bar-exclusion-top-pipewire-1 layer=2 at 2560,0 640x31
Oct 04 10:02:31 baseweed-admin weston[938]: [10:02:31.920] qdwin: layer-shell mapped ns=qdshell-dock-peek-Virtual-1 layer=2 at 0,1079 1920x1
Oct 04 10:02:32 baseweed-admin weston[938]: [10:02:32.397] qdwin: layer-shell mapped ns=qdshell-dock-peek-pipewire-0 layer=2 at 1920,479 640x1
Oct 04 10:02:32 baseweed-admin weston[938]: [10:02:32.810] qdwin: layer-shell mapped ns=qdshell-dock-peek-pipewire-1 layer=2 at 2560,479 640x1
Oct 04 10:02:33 baseweed-admin weston[938]: [10:02:33.293] qdwin: layer-shell mapped ns=qdshell-image-cache-renderer layer=2 at 960,540 1x1
Oct 04 10:02:34 baseweed-admin weston[938]: [10:02:34.415] qdwin: layer-shell get_layer_surface ns=qdshell-osd-Virtual-1 layer=3 output=0x55feeac64b00
Oct 04 10:02:34 baseweed-admin weston[938]: [10:02:34.415] qdwin: layer-shell configure ns=qdshell-osd-Virtual-1 layer=3 box=1591,40 320x72 serial=14
Oct 04 10:02:34 baseweed-admin weston[938]: [10:02:34.415] qdwin: layer-shell get_layer_surface ns=qdshell-osd-pipewire-0 layer=3 output=0x55feeac65f60
Oct 04 10:02:34 baseweed-admin weston[938]: [10:02:34.415] qdwin: layer-shell configure ns=qdshell-osd-pipewire-0 layer=3 box=2231,40 320x72 serial=15
Oct 04 10:02:34 baseweed-admin weston[938]: [10:02:34.415] qdwin: layer-shell get_layer_surface ns=qdshell-osd-pipewire-1 layer=3 output=0x55feeac8b8b0
Oct 04 10:02:34 baseweed-admin weston[938]: [10:02:34.415] qdwin: layer-shell configure ns=qdshell-osd-pipewire-1 layer=3 box=2871,40 320x72 serial=16
Oct 04 10:02:35 baseweed-admin weston[938]: [10:02:35.043] qdwin: layer-shell mapped ns=qdshell-osd-Virtual-1 layer=3 at 1591,40 320x72
Oct 04 10:02:35 baseweed-admin weston[938]: [10:02:35.159] qdwin: layer-shell mapped ns=qdshell-osd-pipewire-0 layer=3 at 2231,40 320x72
Oct 04 10:02:36 baseweed-admin weston[938]: [10:02:36.067] qdwin: layer-shell mapped ns=qdshell-osd-pipewire-1 layer=3 at 2871,40 320x72
Oct 04 10:02:36 baseweed-admin weston[938]: [10:02:36.146] qdwin: layer-shell get_layer_surface ns=qdshell-wallpaper-Virtual-1 layer=0 output=0x55feeac64b00
Oct 04 10:02:36 baseweed-admin weston[938]: [10:02:36.146] qdwin: layer-shell configure ns=qdshell-wallpaper-Virtual-1 layer=0 box=0,0 1920x1080 serial=17
Oct 04 10:02:36 baseweed-admin weston[938]: [10:02:36.146] qdwin: layer-shell get_layer_surface ns=qdshell-wallpaper-pipewire-0 layer=0 output=0x55feeac65f60
Oct 04 10:02:36 baseweed-admin weston[938]: [10:02:36.146] qdwin: layer-shell configure ns=qdshell-wallpaper-pipewire-0 layer=0 box=1920,0 640x480 serial=18
Oct 04 10:02:36 baseweed-admin weston[938]: [10:02:36.146] qdwin: layer-shell get_layer_surface ns=qdshell-wallpaper-pipewire-1 layer=0 output=0x55feeac8b8b0
Oct 04 10:02:36 baseweed-admin weston[938]: [10:02:36.146] qdwin: layer-shell configure ns=qdshell-wallpaper-pipewire-1 layer=0 box=2560,0 640x480 serial=19
Oct 04 10:02:36 baseweed-admin weston[938]: [10:02:36.994] qdwin: layer-shell mapped ns=qdshell-wallpaper-Virtual-1 layer=0 at 0,0 1920x1080
Oct 04 10:02:37 baseweed-admin weston[938]: [10:02:37.585] qdwin: layer-shell mapped ns=qdshell-wallpaper-pipewire-0 layer=0 at 1920,0 640x480
Oct 04 10:02:38 baseweed-admin weston[938]: [10:02:38.146] qdwin: layer-shell mapped ns=qdshell-wallpaper-pipewire-1 layer=0 at 2560,0 640x480
Oct 04 10:03:43 baseweed-admin weston[938]: [10:03:43.398] qdwin/secctx: helper pid=7229 launcher parent pid=7219 exe unreadable; falling back to verified root-parent + stable-starttime attestation
Oct 04 10:03:43 baseweed-admin weston[938]: [10:03:43.398] qdwin/secctx: helper pid=7229 launcher parent pid=7219 exe unreadable; falling back to verified root-parent + stable-starttime attestation
Oct 04 10:03:43 baseweed-admin weston[938]: [10:03:43.399] qdwin/secctx: helper pid=7229 launcher parent pid=7219 exe unreadable; falling back to verified root-parent + stable-starttime attestation
Oct 04 10:03:43 baseweed-admin weston[938]: [10:03:43.400] qdwin/secctx: helper pid=7229 launcher parent pid=7219 exe unreadable; falling back to verified root-parent + stable-starttime attestation
Oct 04 10:03:43 baseweed-admin weston[938]: [10:03:43.400] qdwin/secctx: manager bound by uid=1000 pid=7229 (helper)
Oct 04 10:03:43 baseweed-admin weston[938]: [10:03:43.400] qdwin/secctx: committed engine=qdistro.tier3s app_id=qdistro.tier3s.s125a instance_id=a924412b722034f2330b51575b94bd22 listen_fd=72 close_fd=73
Oct 04 10:03:43 baseweed-admin weston[938]: [10:03:43.402] qdwin/secctx: client accepted engine=qdistro.tier3s app_id=qdistro.tier3s.s125a instance_id=a924412b722034f2330b51575b94bd22 (total tagged: 1)
Oct 04 10:03:49 baseweed-admin weston[938]: [10:03:49.733] qdwin/secctx: helper pid=9200 launcher parent pid=9190 exe unreadable; falling back to verified root-parent + stable-starttime attestation
Oct 04 10:03:49 baseweed-admin weston[938]: [10:03:49.734] qdwin/secctx: helper pid=9200 launcher parent pid=9190 exe unreadable; falling back to verified root-parent + stable-starttime attestation
Oct 04 10:03:49 baseweed-admin weston[938]: [10:03:49.734] qdwin/secctx: helper pid=9200 launcher parent pid=9190 exe unreadable; falling back to verified root-parent + stable-starttime attestation
Oct 04 10:03:49 baseweed-admin weston[938]: [10:03:49.734] qdwin/secctx: helper pid=9200 launcher parent pid=9190 exe unreadable; falling back to verified root-parent + stable-starttime attestation
Oct 04 10:03:49 baseweed-admin weston[938]: [10:03:49.734] qdwin/secctx: manager bound by uid=1000 pid=9200 (helper)
Oct 04 10:03:49 baseweed-admin weston[938]: [10:03:49.734] qdwin/secctx: committed engine=qdistro.tier3s app_id=qdistro.tier3s.s125a instance_id=1c9f72726d2a575b7da5ffa620aba950 listen_fd=76 close_fd=77
Oct 04 10:03:49 baseweed-admin weston[938]: [10:03:49.735] qdwin/secctx: client accepted engine=qdistro.tier3s app_id=qdistro.tier3s.s125a instance_id=1c9f72726d2a575b7da5ffa620aba950 (total tagged: 1)
Oct 04 10:03:52 baseweed-admin weston[938]: [10:03:52.585] qdwin: toplevel_added handle=1 uid=1000 pid=9201 app_id=(null) title=""
Oct 04 10:03:52 baseweed-admin weston[938]: [10:03:52.585] qdwin: toplevel_security_context handle=1 engine=qdistro.tier3s app_id=qdistro.tier3s.s125a instance=1c9f72726d2a575b7da5ffa620aba950
Oct 04 10:03:52 baseweed-admin weston[938]: [10:03:52.585] qdwin: toplevel_peer_identity handle=1 pid=9201 starttime=9886 uid=1000 exe=/usr/bin/waypipe label=system_u:system_r:unconfined_service_t:s0
Oct 04 10:03:52 baseweed-admin weston[938]: [10:03:52.585] qdwin: holding_released handle=1 via default_toplevel_policy (held → normal)
Oct 04 10:03:52 baseweed-admin weston[938]: [10:03:52.589] Detected an unmapped surface or view in the layer list, which should not occur.
Oct 04 10:03:52 baseweed-admin weston[938]:                Warning: the above message will not be printed again.
Oct 04 10:03:52 baseweed-admin weston[938]: [10:03:52.623] qdwin: toplevel_title handle=1 title="[3s:s125a] Wayland Terminal"
Oct 04 10:03:52 baseweed-admin weston[938]: [10:03:52.623] qdwin: toplevel_app_id handle=1 app_id="org.freedesktop.weston.wayland-terminal"
Oct 04 10:03:52 baseweed-admin weston[938]: [10:03:52.623] qdwin: mapped handle=1 size=806x491 pos=557,310 (normal)
Oct 04 10:03:52 baseweed-admin weston[938]: [10:03:52.623] qdwin: focus handle=1 (was 4294967295) seat=default
Oct 04 10:03:52 baseweed-admin weston[938]: [10:03:52.623] qdwin: seat_focus_changed seat=default handle=1
Oct 04 10:03:53 baseweed-admin weston[938]: [10:03:53.044] qdwin: toplevel_removed handle=1
Oct 04 10:03:53 baseweed-admin weston[938]: [10:03:53.044] qdwin: focus handle=4294967295 (was 1) seat=default
Oct 04 10:03:53 baseweed-admin weston[938]: [10:03:53.044] qdwin: seat_focus_changed seat=default handle=4294967295
Oct 04 10:03:57 baseweed-admin weston[938]: [10:03:57.095] qdwin/secctx: helper pid=11816 launcher parent pid=11806 exe unreadable; falling back to verified root-parent + stable-starttime attestation
Oct 04 10:03:57 baseweed-admin weston[938]: [10:03:57.095] qdwin/secctx: helper pid=11816 launcher parent pid=11806 exe unreadable; falling back to verified root-parent + stable-starttime attestation
Oct 04 10:03:57 baseweed-admin weston[938]: [10:03:57.096] qdwin/secctx: helper pid=11816 launcher parent pid=11806 exe unreadable; falling back to verified root-parent + stable-starttime attestation
Oct 04 10:03:57 baseweed-admin weston[938]: [10:03:57.096] qdwin/secctx: helper pid=11816 launcher parent pid=11806 exe unreadable; falling back to verified root-parent + stable-starttime attestation
Oct 04 10:03:57 baseweed-admin weston[938]: [10:03:57.096] qdwin/secctx: manager bound by uid=1000 pid=11816 (helper)
Oct 04 10:03:57 baseweed-admin weston[938]: [10:03:57.096] qdwin/secctx: committed engine=qdistro.tier3s app_id=qdistro.tier3s.s125a instance_id=a604b3b6b1a47236416d9f30a9511c02 listen_fd=80 close_fd=81
Oct 04 10:03:57 baseweed-admin weston[938]: [10:03:57.097] qdwin/secctx: client accepted engine=qdistro.tier3s app_id=qdistro.tier3s.s125a instance_id=a604b3b6b1a47236416d9f30a9511c02 (total tagged: 1)
Oct 04 10:03:57 baseweed-admin weston[938]: [10:03:57.558] qdwin: toplevel_added handle=2 uid=1000 pid=11817 app_id=(null) title=""
Oct 04 10:03:57 baseweed-admin weston[938]: [10:03:57.558] qdwin: toplevel_security_context handle=2 engine=qdistro.tier3s app_id=qdistro.tier3s.s125a instance=a604b3b6b1a47236416d9f30a9511c02
Oct 04 10:03:57 baseweed-admin weston[938]: [10:03:57.558] qdwin: toplevel_peer_identity handle=2 pid=11817 starttime=10622 uid=1000 exe=/usr/bin/waypipe label=system_u:system_r:unconfined_service_t:s0
Oct 04 10:03:57 baseweed-admin weston[938]: [10:03:57.558] qdwin: holding_released handle=2 via default_toplevel_policy (held → normal)
Oct 04 10:03:57 baseweed-admin weston[938]: [10:03:57.583] qdwin: toplevel_title handle=2 title="[3s:s125a] Wayland Terminal"
Oct 04 10:03:57 baseweed-admin weston[938]: [10:03:57.583] qdwin: toplevel_app_id handle=2 app_id="org.freedesktop.weston.wayland-terminal"
Oct 04 10:03:57 baseweed-admin weston[938]: [10:03:57.583] qdwin: mapped handle=2 size=806x491 pos=557,310 (normal)
Oct 04 10:03:57 baseweed-admin weston[938]: [10:03:57.583] qdwin: focus handle=2 (was 4294967295) seat=default
Oct 04 10:03:57 baseweed-admin weston[938]: [10:03:57.583] qdwin: seat_focus_changed seat=default handle=2
Oct 04 10:03:59 baseweed-admin weston[938]: [10:03:59.136] qdwin/secctx: helper pid=12367 launcher parent pid=12358 exe unreadable; falling back to verified root-parent + stable-starttime attestation
Oct 04 10:03:59 baseweed-admin weston[938]: [10:03:59.136] qdwin/secctx: helper pid=12367 launcher parent pid=12358 exe unreadable; falling back to verified root-parent + stable-starttime attestation
Oct 04 10:03:59 baseweed-admin weston[938]: [10:03:59.136] qdwin/secctx: helper pid=12367 launcher parent pid=12358 exe unreadable; falling back to verified root-parent + stable-starttime attestation
Oct 04 10:03:59 baseweed-admin weston[938]: [10:03:59.136] qdwin/secctx: helper pid=12367 launcher parent pid=12358 exe unreadable; falling back to verified root-parent + stable-starttime attestation
Oct 04 10:03:59 baseweed-admin weston[938]: [10:03:59.136] qdwin/secctx: manager bound by uid=1000 pid=12367 (helper)
Oct 04 10:03:59 baseweed-admin weston[938]: [10:03:59.136] qdwin/secctx: committed engine=qdistro.tier3s app_id=qdistro.tier3s.s125b instance_id=af55d2aa29053bbf30b325baad71c7e0 listen_fd=88 close_fd=89
Oct 04 10:03:59 baseweed-admin weston[938]: [10:03:59.138] qdwin/secctx: client accepted engine=qdistro.tier3s app_id=qdistro.tier3s.s125b instance_id=af55d2aa29053bbf30b325baad71c7e0 (total tagged: 2)
Oct 04 10:03:59 baseweed-admin weston[938]: [10:03:59.586] qdwin: toplevel_added handle=3 uid=1000 pid=12369 app_id=(null) title=""
Oct 04 10:03:59 baseweed-admin weston[938]: [10:03:59.586] qdwin: toplevel_security_context handle=3 engine=qdistro.tier3s app_id=qdistro.tier3s.s125b instance=af55d2aa29053bbf30b325baad71c7e0
Oct 04 10:03:59 baseweed-admin weston[938]: [10:03:59.586] qdwin: toplevel_peer_identity handle=3 pid=12369 starttime=10826 uid=1000 exe=/usr/bin/waypipe label=system_u:system_r:unconfined_service_t:s0
Oct 04 10:03:59 baseweed-admin weston[938]: [10:03:59.586] qdwin: holding_released handle=3 via default_toplevel_policy (held → normal)
Oct 04 10:03:59 baseweed-admin weston[938]: [10:03:59.608] qdwin: toplevel_title handle=3 title="[3s:s125b] Wayland Terminal"
Oct 04 10:03:59 baseweed-admin weston[938]: [10:03:59.608] qdwin: toplevel_app_id handle=3 app_id="org.freedesktop.weston.wayland-terminal"
Oct 04 10:03:59 baseweed-admin weston[938]: [10:03:59.608] qdwin: mapped handle=3 size=806x491 pos=0,31 (normal)
Oct 04 10:03:59 baseweed-admin weston[938]: [10:03:59.608] qdwin: focus handle=3 (was 2) seat=default
Oct 04 10:03:59 baseweed-admin weston[938]: [10:03:59.608] qdwin: seat_focus_changed seat=default handle=3
Oct 04 10:04:00 baseweed-admin weston[938]: [10:04:00.633] qdwin: toplevel_removed handle=2
Oct 04 10:04:03 baseweed-admin weston[938]: [10:04:03.654] qdwin: toplevel_removed handle=3
Oct 04 10:04:03 baseweed-admin weston[938]: [10:04:03.654] qdwin: focus handle=4294967295 (was 3) seat=default
Oct 04 10:04:03 baseweed-admin weston[938]: [10:04:03.654] qdwin: seat_focus_changed seat=default handle=4294967295
