Oct 04 10:02:03 baseweed-admin systemd[857]: Started qdwin compositor (libweston + qdwin-shell.so).
Oct 04 10:02:03 baseweed-admin systemd[857]: Starting qdistro screen locker (qdlocker)...
Oct 04 10:02:03 baseweed-admin systemd[857]: Starting qdshell desktop (Quickshell QML on top of qdwin)...
Oct 04 10:02:04 baseweed-admin weston[915]: Date: 2026-10-04 UTC
Oct 04 10:02:04 baseweed-admin weston[915]: [10:02:04.129] weston 16.0.0
Oct 04 10:02:04 baseweed-admin weston[915]:                https://wayland.freedesktop.org
Oct 04 10:02:04 baseweed-admin weston[915]:                Bug reports to: https://gitlab.freedesktop.org/wayland/weston/issues/
Oct 04 10:02:04 baseweed-admin weston[915]:                Build: 16.0.0
Oct 04 10:02:04 baseweed-admin weston[915]: [10:02:04.129] Command line: /usr/bin/weston --config=/home/admin/weston.ini --socket=wayland-1
Oct 04 10:02:04 baseweed-admin weston[915]: [10:02:04.129] OS: Linux, 7.2.8-1-default, #1 SMP PREEMPT_DYNAMIC Sat Sep 26 07:00:58 UTC 2026 (9b36732), x86_64
Oct 04 10:02:04 baseweed-admin weston[915]: [10:02:04.129] Flight recorder: enabled, scopes subscribed: log
Oct 04 10:02:04 baseweed-admin weston[915]: [10:02:04.130] Using config file '/home/admin/weston.ini'
Oct 04 10:02:04 baseweed-admin weston[915]: [10:02:04.131] Output repaint window is 7 ms maximum.
Oct 04 10:02:04 baseweed-admin weston[915]: [10:02:04.133] Loading module '/usr/libexec/qdistro/qdwin-libweston/lib64/libweston-16/drm-backend.so'
Oct 04 10:02:04 baseweed-admin weston[915]: [10:02:04.145] initializing drm backend
Oct 04 10:02:04 baseweed-admin weston[915]: [10:02:04.145] Trying libseat launcher...
Oct 04 10:02:04 baseweed-admin weston[915]: [10:02:04.152] [libseat/libseat.c:73] Seat opened with backend 'seatd'
Oct 04 10:02:04 baseweed-admin weston[915]: [10:02:04.152] [libseat/backend/seatd.c:218] Enabling seat
Oct 04 10:02:04 baseweed-admin weston[915]: [10:02:04.152] libseat: session control granted
Oct 04 10:02:04 baseweed-admin weston[915]: [10:02:04.162] using /dev/dri/card0
Oct 04 10:02:04 baseweed-admin weston[915]: [10:02:04.162] DRM: supports atomic modesetting
Oct 04 10:02:04 baseweed-admin weston[915]: [10:02:04.162] DRM: supports cursor-plane hotspot (virtualized cursor)
Oct 04 10:02:04 baseweed-admin weston[915]: [10:02:04.162] DRM: does not support GBM modifiers
Oct 04 10:02:04 baseweed-admin weston[915]: [10:02:04.162] DRM: does not support Atomic async page flip
Oct 04 10:02:04 baseweed-admin weston[915]: [10:02:04.162] DRM: supports picture aspect ratio
Oct 04 10:02:04 baseweed-admin weston[915]: [10:02:04.164] DRM: EDID for the following head fails conformity:
Oct 04 10:02:04 baseweed-admin weston[915]: Block 1, CTA-861 Extension Block:
Oct 04 10:02:04 baseweed-admin weston[915]:   Padding: Contains non-zero bytes.
Oct 04 10:02:04 baseweed-admin weston[915]: [10:02:04.165] DRM: head 'Virtual-1' found, connector 40 is connected, EDID make 'Red Hat, Inc.', model 'QEMU Monitor', serial ''
Oct 04 10:02:04 baseweed-admin weston[915]:                Supported EOTF modes: SDR
Oct 04 10:02:04 baseweed-admin weston[915]:                Supported colorimetry modes: default
Oct 04 10:02:04 baseweed-admin weston[915]:                Supported VRR modes: (none),
Oct 04 10:02:04 baseweed-admin weston[915]:                Supported color formats: AUTO
Oct 04 10:02:05 baseweed-admin weston[915]: [10:02:05.216] Loading module '/usr/libexec/qdistro/qdwin-libweston/lib64/libweston-16/gl-renderer.so'
Oct 04 10:02:05 baseweed-admin weston[915]: [10:02:05.273] warning: failed to query rendering device from EGL
Oct 04 10:02:05 baseweed-admin weston[915]: [10:02:05.273] EGL version: 1.5
Oct 04 10:02:05 baseweed-admin weston[915]: [10:02:05.273] EGL vendor: Mesa Project
Oct 04 10:02:05 baseweed-admin weston[915]: [10:02:05.273] EGL client APIs: OpenGL OpenGL_ES
Oct 04 10:02:05 baseweed-admin weston[915]: [10:02:05.273] EGL features:
Oct 04 10:02:05 baseweed-admin weston[915]:                EGL Wayland extension: no
Oct 04 10:02:05 baseweed-admin weston[915]:                context priority: no
Oct 04 10:02:05 baseweed-admin weston[915]:                buffer age: yes
Oct 04 10:02:05 baseweed-admin weston[915]:                partial update: no
Oct 04 10:02:05 baseweed-admin weston[915]:                swap buffers with damage: no
Oct 04 10:02:05 baseweed-admin weston[915]:                configless context: yes
Oct 04 10:02:05 baseweed-admin weston[915]:                surfaceless context: yes
Oct 04 10:02:05 baseweed-admin weston[915]:                dmabuf support: modifiers
Oct 04 10:02:05 baseweed-admin weston[915]:                fence sync: yes (wait)
Oct 04 10:02:05 baseweed-admin weston[915]: [10:02:05.521] GL version: OpenGL ES 3.2 Mesa 26.2.3
Oct 04 10:02:05 baseweed-admin weston[915]: [10:02:05.521] GLSL version: OpenGL ES GLSL ES 3.20
Oct 04 10:02:05 baseweed-admin weston[915]: [10:02:05.521] GL vendor: Mesa
Oct 04 10:02:05 baseweed-admin weston[915]: [10:02:05.521] GL renderer: llvmpipe (LLVM 23.1.1, 256 bits)
Oct 04 10:02:05 baseweed-admin weston[915]: [10:02:05.535] GL ES 3.2 - renderer features:
Oct 04 10:02:05 baseweed-admin weston[915]:                read-back format: ARGB8888
Oct 04 10:02:05 baseweed-admin weston[915]:                glReadPixels supports y-flip: yes
Oct 04 10:02:05 baseweed-admin weston[915]:                glReadPixels supports PBO: yes
Oct 04 10:02:05 baseweed-admin weston[915]:                wl_shm 10 bpc formats: yes
Oct 04 10:02:05 baseweed-admin weston[915]:                wl_shm 16 bpc formats: yes
Oct 04 10:02:05 baseweed-admin weston[915]:                wl_shm half-float formats: yes
Oct 04 10:02:05 baseweed-admin weston[915]:                internal R and RG formats: yes
Oct 04 10:02:05 baseweed-admin weston[915]:                OES_EGL_image_external: yes
Oct 04 10:02:05 baseweed-admin weston[915]:                GPU timeline: no
Oct 04 10:02:05 baseweed-admin weston[915]:                Texture immutability: yes
Oct 04 10:02:05 baseweed-admin weston[915]:                Required precision: yes
Oct 04 10:02:05 baseweed-admin weston[915]:                In-shader blending: yes
Oct 04 10:02:05 baseweed-admin weston[915]: [10:02:05.535] Using GL renderer
Oct 04 10:02:05 baseweed-admin weston[915]: [10:02:05.721] event3  - QEMU QEMU USB Tablet: is tagged by udev as: Mouse
Oct 04 10:02:05 baseweed-admin weston[915]: [10:02:05.722] event3  - QEMU QEMU USB Tablet: device is a pointer
Oct 04 10:02:05 baseweed-admin weston[915]: [10:02:05.723] event4  - Power Button: is tagged by udev as: Keyboard
Oct 04 10:02:05 baseweed-admin weston[915]: [10:02:05.723] event4  - Power Button: device is a keyboard
Oct 04 10:02:05 baseweed-admin weston[915]: [10:02:05.725] event0  - AT Translated Set 2 keyboard: is tagged by udev as: Keyboard
Oct 04 10:02:05 baseweed-admin weston[915]: [10:02:05.725] event0  - AT Translated Set 2 keyboard: device is a keyboard
Oct 04 10:02:05 baseweed-admin weston[915]: [10:02:05.726] event2  - VirtualPS/2 VMware VMMouse: is tagged by udev as: Mouse
Oct 04 10:02:05 baseweed-admin weston[915]: [10:02:05.726] event2  - VirtualPS/2 VMware VMMouse: emulating high-resolution scroll wheel events.
Oct 04 10:02:05 baseweed-admin weston[915]: [10:02:05.726] event2  - VirtualPS/2 VMware VMMouse: device is a pointer
Oct 04 10:02:05 baseweed-admin weston[915]: [10:02:05.727] event1  - VirtualPS/2 VMware VMMouse: is tagged by udev as: Mouse
Oct 04 10:02:05 baseweed-admin weston[915]: [10:02:05.727] event1  - VirtualPS/2 VMware VMMouse: device is a pointer
Oct 04 10:02:05 baseweed-admin weston[915]: [10:02:05.728] event5  - PC Speaker: not tagged as supported input device
Oct 04 10:02:05 baseweed-admin weston[915]: [10:02:05.741] event5  - not using input device '/dev/input/event5'
Oct 04 10:02:05 baseweed-admin weston[915]: [10:02:05.743] event6  - ydotoold virtual device: is tagged by udev as: Keyboard
Oct 04 10:02:05 baseweed-admin weston[915]: [10:02:05.743] event6  - ydotoold virtual device: emulating high-resolution scroll wheel events.
Oct 04 10:02:05 baseweed-admin weston[915]: [10:02:05.743] event6  - ydotoold virtual device: device is a keyboard
Oct 04 10:02:05 baseweed-admin weston[915]: [10:02:05.743] libinput: configuring device "QEMU QEMU USB Tablet".
Oct 04 10:02:05 baseweed-admin weston[915]: [10:02:05.743] input device event3 has no enabled output associated (none named), skipping calibration for now.
Oct 04 10:02:05 baseweed-admin weston[915]: [10:02:05.753] libinput: configuring device "Power Button".
Oct 04 10:02:05 baseweed-admin weston[915]: [10:02:05.753] libinput: configuring device "AT Translated Set 2 keyboard".
Oct 04 10:02:05 baseweed-admin weston[915]: [10:02:05.753] libinput: configuring device "VirtualPS/2 VMware VMMouse".
Oct 04 10:02:05 baseweed-admin weston[915]: [10:02:05.753] libinput: configuring device "VirtualPS/2 VMware VMMouse".
Oct 04 10:02:05 baseweed-admin weston[915]: [10:02:05.753] input device event1 has no enabled output associated (none named), skipping calibration for now.
Oct 04 10:02:05 baseweed-admin weston[915]: [10:02:05.753] libinput: configuring device "ydotoold virtual device".
Oct 04 10:02:05 baseweed-admin weston[915]: [10:02:05.753] Registered plugin API 'weston_drm_output_api_v1' of size 40
Oct 04 10:02:05 baseweed-admin weston[915]: [10:02:05.753] Loading module '/usr/libexec/qdistro/qdwin-libweston/lib64/libweston-16/pipewire-backend.so'
Oct 04 10:02:05 baseweed-admin weston[915]: [10:02:05.754] Initializing PipeWire backend
Oct 04 10:02:05 baseweed-admin weston[915]: [10:02:05.759] Registered plugin API 'weston_pipewire_output_api_v2' of size 24
Oct 04 10:02:05 baseweed-admin weston[915]: [10:02:05.759] Color manager: no-op
Oct 04 10:02:05 baseweed-admin weston[915]:                  protocol support: no
Oct 04 10:02:05 baseweed-admin weston[915]: [10:02:05.759] Setting output 'Virtual-1' to color AUTO format
Oct 04 10:02:05 baseweed-admin weston[915]: [10:02:05.759] Output 'Virtual-1' attempts EOTF mode SDR and colorimetry mode default.
Oct 04 10:02:05 baseweed-admin weston[915]: [10:02:05.759] Output 'Virtual-1' using color profile: stock sRGB color profile
Oct 04 10:02:05 baseweed-admin weston[915]: [10:02:05.759] Chosen EGL config details: id:  46 rgba: 8 8 8 0 buf: 24 dep:  0 stcl: 0 int: 1-1 type: win val: fix vis_id: XRGB8888 (0x34325258)
Oct 04 10:02:05 baseweed-admin weston[915]: [10:02:05.759] Output Virtual-1 (crtc 39) video modes:
Oct 04 10:02:05 baseweed-admin weston[915]:                1280x800@75.0, preferred, 107.3 MHz
Oct 04 10:02:05 baseweed-admin weston[915]:                5120x2160@50.0 64:27, 742.5 MHz
Oct 04 10:02:05 baseweed-admin weston[915]:                4096x2160@50.0 256:135, 594.0 MHz
Oct 04 10:02:05 baseweed-admin weston[915]:                3840x2160@60.0 16:9, 594.0 MHz
Oct 04 10:02:05 baseweed-admin weston[915]:                3840x2160@59.9 16:9, 593.4 MHz
Oct 04 10:02:05 baseweed-admin weston[915]:                3840x2160@50.0 16:9, 594.0 MHz
Oct 04 10:02:05 baseweed-admin weston[915]:                1920x1440@60.0, 234.0 MHz
Oct 04 10:02:05 baseweed-admin weston[915]:                2560x1080@50.0 64:27, 185.6 MHz
Oct 04 10:02:05 baseweed-admin weston[915]:                1856x1392@60.0, 218.2 MHz
Oct 04 10:02:05 baseweed-admin weston[915]:                1792x1344@60.0, 204.8 MHz
Oct 04 10:02:05 baseweed-admin weston[915]:                2048x1152@60.0, 162.0 MHz
Oct 04 10:02:05 baseweed-admin weston[915]:                1920x1200@59.9, 193.2 MHz
Oct 04 10:02:05 baseweed-admin weston[915]:                1920x1080@60.0, current, 148.5 MHz
Oct 04 10:02:05 baseweed-admin weston[915]:                1920x1080@50.0 16:9, 148.5 MHz
Oct 04 10:02:05 baseweed-admin weston[915]:                1600x1200@60.0, 162.0 MHz
Oct 04 10:02:05 baseweed-admin weston[915]:                1680x1050@60.0, 146.2 MHz
Oct 04 10:02:05 baseweed-admin weston[915]:                1400x1050@60.0, 121.8 MHz
Oct 04 10:02:05 baseweed-admin weston[915]:                1280x1024@60.0, 108.0 MHz
Oct 04 10:02:05 baseweed-admin weston[915]:                1440x900@59.9, 106.5 MHz
Oct 04 10:02:05 baseweed-admin weston[915]:                1280x960@60.0, 108.0 MHz
Oct 04 10:02:05 baseweed-admin weston[915]:                1360x768@60.0, 85.5 MHz
Oct 04 10:02:05 baseweed-admin weston[915]:                1280x768@59.9, 79.5 MHz
Oct 04 10:02:05 baseweed-admin weston[915]:                1024x768@60.0, 65.0 MHz
Oct 04 10:02:05 baseweed-admin weston[915]:                800x600@60.3, 40.0 MHz
Oct 04 10:02:05 baseweed-admin weston[915]:                640x480@60.0 4:3, 25.2 MHz
Oct 04 10:02:05 baseweed-admin weston[915]:                640x480@59.9, 25.2 MHz
Oct 04 10:02:05 baseweed-admin weston[915]: [10:02:05.759] associating input device event3 with output Virtual-1 (none by udev)
Oct 04 10:02:05 baseweed-admin weston[915]: [10:02:05.760] associating input device event4 with output Virtual-1 (none by udev)
Oct 04 10:02:05 baseweed-admin weston[915]: [10:02:05.760] associating input device event0 with output Virtual-1 (none by udev)
Oct 04 10:02:05 baseweed-admin weston[915]: [10:02:05.760] associating input device event2 with output Virtual-1 (none by udev)
Oct 04 10:02:05 baseweed-admin weston[915]: [10:02:05.760] associating input device event1 with output Virtual-1 (none by udev)
Oct 04 10:02:05 baseweed-admin weston[915]: [10:02:05.760] associating input device event6 with output Virtual-1 (none by udev)
Oct 04 10:02:05 baseweed-admin weston[915]: [10:02:05.760] Output 'Virtual-1' enabled with head(s) Virtual-1
Oct 04 10:02:05 baseweed-admin weston[915]: [10:02:05.760] pipewire_backend_output_configure.. Done
Oct 04 10:02:05 baseweed-admin weston[915]: [10:02:05.760] Output 'pipewire-0' attempts EOTF mode SDR and colorimetry mode default.
Oct 04 10:02:05 baseweed-admin weston[915]: [10:02:05.760] Output 'pipewire-0' using color profile: stock sRGB color profile
Oct 04 10:02:05 baseweed-admin weston[915]: [10:02:05.802] Output 'pipewire-0' enabled with head(s) pipewire-0
Oct 04 10:02:05 baseweed-admin weston[915]: [10:02:05.803] pipewire_backend_output_configure.. Done
Oct 04 10:02:05 baseweed-admin weston[915]: [10:02:05.803] Output 'pipewire-1' attempts EOTF mode SDR and colorimetry mode default.
Oct 04 10:02:05 baseweed-admin weston[915]: [10:02:05.803] Output 'pipewire-1' using color profile: stock sRGB color profile
Oct 04 10:02:05 baseweed-admin weston[915]: [10:02:05.803] Output 'pipewire-1' enabled with head(s) pipewire-1
Oct 04 10:02:05 baseweed-admin weston[915]: [10:02:05.803] Compositor capabilities:
Oct 04 10:02:05 baseweed-admin weston[915]:                arbitrary surface rotation: yes
Oct 04 10:02:05 baseweed-admin weston[915]:                screen capture uses y-flip: yes
Oct 04 10:02:05 baseweed-admin weston[915]:                cursor planes: yes
Oct 04 10:02:05 baseweed-admin weston[915]:                arbitrary resolutions: yes
Oct 04 10:02:05 baseweed-admin weston[915]:                view mask clipping: yes
Oct 04 10:02:05 baseweed-admin weston[915]:                explicit sync: no
Oct 04 10:02:05 baseweed-admin weston[915]:                color operations: yes
Oct 04 10:02:05 baseweed-admin weston[915]:                color representation: yes
Oct 04 10:02:05 baseweed-admin weston[915]:                in-shader blending: yes
Oct 04 10:02:05 baseweed-admin weston[915]:                presentation clock: CLOCK_MONOTONIC, id 1
Oct 04 10:02:05 baseweed-admin weston[915]:                presentation clock resolution: 0.000000001 s
Oct 04 10:02:05 baseweed-admin weston[915]: [10:02:05.803] Loading module '/usr/lib64/weston/qdwin-shell.so'
Oct 04 10:02:05 baseweed-admin weston[915]: [10:02:05.805] qdwin: locker bind policy defaulting to entrypoint=/usr/local/bin/qdlocker:/usr/bin/qdlocker (system interpreter + root-owned entrypoint; no explicit policy configured); set --qdwin-allowed-locker-any to override to uid-only
Oct 04 10:02:05 baseweed-admin weston[915]: [10:02:05.805] qdwin: locker bind policy uid=1000 entrypoint=/usr/local/bin/qdlocker:/usr/bin/qdlocker exe=(any) label=(any)
Oct 04 10:02:05 baseweed-admin weston[915]: [10:02:05.805] qdwin: ext-idle-notify idle_time=0 internal_mode=1
Oct 04 10:02:05 baseweed-admin weston[915]: [10:02:05.805] qdwin: cursor-shape theme=(default) size=24 loaded=0/36
Oct 04 10:02:05 baseweed-admin weston[915]: [10:02:05.805] qdwin: layer-popup grab handler registered
Oct 04 10:02:05 baseweed-admin weston[915]: [10:02:05.805] qdwin/nested-proxy: default keyboard grab installed on seat 'default'
Oct 04 10:02:05 baseweed-admin weston[915]: [10:02:05.805] qdwin: background curtain 3200x1080 installed
Oct 04 10:02:05 baseweed-admin weston[915]: [10:02:05.805] qdwin: WARNING shell-authorized output capture enabled via QDWIN_ENABLE_SHELL_CAPTURE — dev/test only, do not use in production
Oct 04 10:02:05 baseweed-admin weston[915]: [10:02:05.805] qdwin: retained-frame capture armed on output=Virtual-1
Oct 04 10:02:05 baseweed-admin weston[915]: [10:02:05.805] qdwin: shell loaded (allowed_uid=1000); desktop + qdwin_shell_v1 ready
Oct 04 10:02:05 baseweed-admin weston[915]: [10:02:05.805] Loading module '/usr/lib64/libweston-16/xwayland.so'
Oct 04 10:02:05 baseweed-admin weston[915]: [10:02:05.807] Registered plugin API 'weston_xwayland_v3' of size 32
Oct 04 10:02:05 baseweed-admin weston[915]: [10:02:05.807] Registered plugin API 'weston_xwayland_surface_v2' of size 24
Oct 04 10:02:05 baseweed-admin weston[915]: [10:02:05.807] xserver listening on display :0
Oct 04 10:02:05 baseweed-admin systemd[857]: Started qdistro screen locker (qdlocker).
Oct 04 10:02:05 baseweed-admin systemd[857]: Started qdshell desktop (Quickshell QML on top of qdwin).
Oct 04 10:02:05 baseweed-admin weston[915]: [10:02:05.968] qdwin: bind attempt pid=1038 uid=1000 (allowed_uid=1000)
Oct 04 10:02:05 baseweed-admin weston[915]: [10:02:05.968] qdwin: bind accepted for uid=1000, hello sent
Oct 04 10:02:05 baseweed-admin weston[915]: [10:02:05.969] qdwin: cursor-sprite registered shape=default hotspot=3,1
Oct 04 10:02:05 baseweed-admin weston[915]: [10:02:05.969] qdwin: cursor_retry_install: scheduling first retry in 1000ms
Oct 04 10:02:05 baseweed-admin weston[915]: [10:02:05.969] qdwin: cursor-sprite registered shape=context-menu hotspot=3,1
Oct 04 10:02:05 baseweed-admin weston[915]: [10:02:05.969] qdwin: cursor-sprite registered shape=help hotspot=12,21
Oct 04 10:02:05 baseweed-admin weston[915]: [10:02:05.970] qdwin: cursor-sprite registered shape=pointer hotspot=7,5
Oct 04 10:02:05 baseweed-admin weston[915]: [10:02:05.978] qdwin: cursor-sprite registered shape=progress hotspot=3,1
Oct 04 10:02:05 baseweed-admin weston[915]: [10:02:05.989] qdwin: cursor-sprite registered shape=wait hotspot=11,11
Oct 04 10:02:05 baseweed-admin weston[915]: [10:02:05.990] qdwin: cursor-sprite registered shape=cell hotspot=11,11
Oct 04 10:02:05 baseweed-admin weston[915]: [10:02:05.990] qdwin: cursor-sprite registered shape=crosshair hotspot=11,11
Oct 04 10:02:05 baseweed-admin weston[915]: [10:02:05.990] qdwin: cursor-sprite registered shape=text hotspot=11,12
Oct 04 10:02:05 baseweed-admin weston[915]: [10:02:05.990] qdwin: cursor-sprite registered shape=vertical-text hotspot=12,11
Oct 04 10:02:05 baseweed-admin weston[915]: [10:02:05.990] qdwin: cursor-sprite registered shape=alias hotspot=18,5
Oct 04 10:02:05 baseweed-admin weston[915]: [10:02:05.991] qdwin: cursor-sprite registered shape=copy hotspot=3,1
Oct 04 10:02:05 baseweed-admin weston[915]: [10:02:05.991] qdwin: cursor-sprite registered shape=move hotspot=3,1
Oct 04 10:02:05 baseweed-admin weston[915]: [10:02:05.991] qdwin: cursor-sprite registered shape=no-drop hotspot=3,1
Oct 04 10:02:05 baseweed-admin weston[915]: [10:02:05.992] qdwin: cursor-sprite registered shape=not-allowed hotspot=12,12
Oct 04 10:02:05 baseweed-admin weston[915]: [10:02:05.992] qdwin: cursor-sprite registered shape=grab hotspot=11,2
Oct 04 10:02:05 baseweed-admin weston[915]: [10:02:05.993] qdwin: cursor-sprite registered shape=grabbing hotspot=9,5
Oct 04 10:02:05 baseweed-admin weston[915]: [10:02:05.993] qdwin: cursor-sprite registered shape=e-resize hotspot=19,13
Oct 04 10:02:05 baseweed-admin weston[915]: [10:02:05.994] qdwin: cursor-sprite registered shape=n-resize hotspot=13,6
Oct 04 10:02:05 baseweed-admin weston[915]: [10:02:05.994] qdwin: cursor-sprite registered shape=ne-resize hotspot=15,10
Oct 04 10:02:05 baseweed-admin weston[915]: [10:02:05.994] qdwin: cursor-sprite registered shape=nw-resize hotspot=10,10
Oct 04 10:02:05 baseweed-admin weston[915]: [10:02:05.994] qdwin: cursor-sprite registered shape=s-resize hotspot=13,18
Oct 04 10:02:05 baseweed-admin weston[915]: [10:02:05.994] qdwin: cursor-sprite registered shape=se-resize hotspot=15,15
Oct 04 10:02:05 baseweed-admin weston[915]: [10:02:05.995] qdwin: cursor-sprite registered shape=sw-resize hotspot=10,15
Oct 04 10:02:05 baseweed-admin weston[915]: [10:02:05.995] qdwin: cursor-sprite registered shape=w-resize hotspot=6,13
Oct 04 10:02:05 baseweed-admin weston[915]: [10:02:05.995] qdwin: cursor-sprite registered shape=ew-resize hotspot=12,12
Oct 04 10:02:05 baseweed-admin weston[915]: [10:02:05.995] qdwin: cursor-sprite registered shape=ns-resize hotspot=12,13
Oct 04 10:02:05 baseweed-admin weston[915]: [10:02:05.995] qdwin: cursor-sprite registered shape=nesw-resize hotspot=11,11
Oct 04 10:02:05 baseweed-admin weston[915]: [10:02:05.995] qdwin: cursor-sprite registered shape=nwse-resize hotspot=11,11
Oct 04 10:02:05 baseweed-admin weston[915]: [10:02:05.996] qdwin: cursor-sprite registered shape=col-resize hotspot=12,12
Oct 04 10:02:05 baseweed-admin weston[915]: [10:02:05.996] qdwin: cursor-sprite registered shape=row-resize hotspot=12,13
Oct 04 10:02:05 baseweed-admin weston[915]: [10:02:05.996] qdwin: cursor-sprite registered shape=all-scroll hotspot=11,11
Oct 04 10:02:05 baseweed-admin weston[915]: [10:02:05.996] qdwin: cursor-sprite registered shape=zoom-in hotspot=11,10
Oct 04 10:02:05 baseweed-admin weston[915]: [10:02:05.997] qdwin: cursor-sprite registered shape=zoom-out hotspot=11,10
Oct 04 10:02:05 baseweed-admin weston[915]: [10:02:05.998] qdwin: cursor-sprite registered shape=dnd-ask hotspot=3,1
Oct 04 10:02:05 baseweed-admin weston[915]: [10:02:05.998] qdwin: cursor-sprite registered shape=all-resize hotspot=12,11
Oct 04 10:02:06 baseweed-admin dbus-run-session[1040]: No running instances for "/usr/share/quickshell/qdshell/shell.qml"
Oct 04 10:02:06 baseweed-admin dbus-run-session[1040]:   INFO: Launching config: "/usr/share/quickshell/qdshell/shell.qml"
Oct 04 10:02:06 baseweed-admin dbus-run-session[1040]:   INFO: Shell ID: "0d0d1ceeb7f0392fec595c8531945b05" Path ID "0d0d1ceeb7f0392fec595c8531945b05"
Oct 04 10:02:06 baseweed-admin dbus-run-session[1040]:   INFO: Saving logs to "/run/user/1000/quickshell/by-id/wsivndmt/log.qslog"
Oct 04 10:02:06 baseweed-admin qdlocker[1035]: 2026-10-04 10:02:06,156 qdlocker.app INFO using built-in defaults (no trusted config file found)
Oct 04 10:02:06 baseweed-admin qdlocker[1035]: 2026-10-04 10:02:06,189 qdlocker.auth INFO PAM service from env: qdlocker
Oct 04 10:02:06 baseweed-admin weston[915]: [10:02:06.449] qdwin: locker bind attempt pid=1035 uid=1000 (allowed_locker_uid=1000)
Oct 04 10:02:06 baseweed-admin weston[915]: [10:02:06.450] qdwin: locker bound pid=1035 uid=1000 (initially_locked=0)
Oct 04 10:02:06 baseweed-admin qdlocker[1035]: 2026-10-04 10:02:06,450 qdlocker.wayland INFO locker connected
Oct 04 10:02:06 baseweed-admin qdlocker[1035]: 2026-10-04 10:02:06,456 qdlocker.idle INFO idle watcher started; timeout=300000ms
Oct 04 10:02:06 baseweed-admin qdlocker[1035]: 2026-10-04 10:02:06,459 qdlocker.ctrl INFO ctrl socket at /run/user/1000/qdlocker.sock
Oct 04 10:02:06 baseweed-admin qdlocker[1035]: 2026-10-04 10:02:06,464 qdlocker.app INFO locker bound; initially_locked=False
Oct 04 10:02:06 baseweed-admin dbus-run-session[1040]: MESA-EGL: warning: failed to get driver name for fd -1
Oct 04 10:02:06 baseweed-admin dbus-run-session[1040]: MESA-EGL: warning: MESA-LOADER: failed to retrieve device information
Oct 04 10:02:06 baseweed-admin dbus-run-session[1040]: MESA-EGL: warning: failed to get driver name for fd -1
Oct 04 10:02:06 baseweed-admin qdlocker[1035]: 2026-10-04 10:02:06,580 qdlocker.logind INFO logind sleep delay-inhibitor acquired (fd=19)
Oct 04 10:02:06 baseweed-admin qdlocker[1035]: 2026-10-04 10:02:06,583 qdlocker.logind WARNING cannot identify one owned active Wayland session (0 candidates); session lock unavailable
Oct 04 10:02:06 baseweed-admin qdlocker[1035]: 2026-10-04 10:02:06,584 qdlocker.logind INFO logind automatic sleep locking ready; session=None
Oct 04 10:02:06 baseweed-admin dbus-run-session[1040]: MESA: error: ZINK: failed to choose pdev
Oct 04 10:02:06 baseweed-admin dbus-run-session[1040]: MESA-EGL: warning: egl: failed to create dri2 screen
Oct 04 10:02:24 baseweed-admin dbus-run-session[1040]:   INFO qml: [20261004-100224]           I18n Service started
Oct 04 10:02:24 baseweed-admin dbus-run-session[1040]:   INFO qml: [20261004-100224]           I18n Loading "en" (locale: "en-Latn-US")
Oct 04 10:02:24 baseweed-admin dbus-run-session[1040]:   INFO qml: [20261004-100224]          Shell ---------------------------
Oct 04 10:02:24 baseweed-admin dbus-run-session[1040]:   INFO qml: [20261004-100224]          Shell Qdshell Hello!
Oct 04 10:02:24 baseweed-admin dbus-run-session[1040]:   WARN scene: @Commons/I18n.qml[104:5]: Unable to assign QJSValue to QObject*
Oct 04 10:02:24 baseweed-admin dbus-run-session[1040]:   INFO: Configuration Loaded
Oct 04 10:02:24 baseweed-admin dbus-run-session[1040]:   WARN scene: @Commons/I18n.qml[104:5]: Unable to assign QJSValue to QObject*
Oct 04 10:02:24 baseweed-admin dbus-run-session[1040]:   INFO qml: [20261004-100224]       Settings Settings loaded
Oct 04 10:02:24 baseweed-admin dbus-run-session[1040]:   INFO qml: [20261004-100224]           I18n Loaded translations for "en"
Oct 04 10:02:24 baseweed-admin dbus-run-session[1040]:   INFO qml: [20261004-100224] PluginRegistry Loaded plugin states from: /home/admin/.config/qdshell/plugins.json
Oct 04 10:02:24 baseweed-admin dbus-run-session[1040]:   INFO qml: [20261004-100224] PluginRegistry Scanning plugin folder: /home/admin/.config/qdshell/plugins
Oct 04 10:02:24 baseweed-admin dbus-run-session[1040]:   INFO qml: [20261004-100224]          Icons Service started
Oct 04 10:02:24 baseweed-admin dbus-run-session[1040]:   INFO: ctrl-server: listening on /run/user/1000/qdshell.sock
Oct 04 10:02:24 baseweed-admin dbus-run-session[1040]:   WARN scene: QML Connections at @Services/Hardware/BrightnessService.qml[66:3]: Detected function "onEnableDdcSupportChanged" in Connections element. This is probably intended to be a signal handler but no signal of the target matches the name.
Oct 04 10:02:24 baseweed-admin dbus-run-session[1040]:   INFO qml: [20261004-100224]     Brightness Service started
Oct 04 10:02:24 baseweed-admin dbus-run-session[1040]:   INFO qml: [20261004-100224] DesktopWidgetR Service started
Oct 04 10:02:24 baseweed-admin dbus-run-session[1040]:   WARN scene: QML Connections at @Services/UI/BarService.qml[147:3]: Detected function "onDisplayModeChanged" in Connections element. This is probably intended to be a signal handler but no signal of the target matches the name.
Oct 04 10:02:24 baseweed-admin dbus-run-session[1040]:   WARN scene: QML Connections at @Services/UI/BarService.qml[147:3]: Detected function "onScreenOverridesChanged" in Connections element. This is probably intended to be a signal handler but no signal of the target matches the name.
Oct 04 10:02:24 baseweed-admin dbus-run-session[1040]:   INFO qml: [20261004-100224]     BarService Service started
Oct 04 10:02:24 baseweed-admin dbus-run-session[1040]:   WARN scene: QML Connections at @Services/Networking/NetworkService.qml[73:3]: Detected function "onWifiEnabledChanged" in Connections element. This is probably intended to be a signal handler but no signal of the target matches the name.
Oct 04 10:02:24 baseweed-admin dbus-run-session[1040]:   INFO qml: [20261004-100224]        Network Service started
Oct 04 10:02:24 baseweed-admin dbus-run-session[1040]:   WARN scene: QML Connections at @Modules/Panels/Dock/StaticDockPanel.qml[350:3]: Detected function "onPinnedAppsChanged" in Connections element. This is probably intended to be a signal handler but no signal of the target matches the name.
Oct 04 10:02:24 baseweed-admin dbus-run-session[1040]:   WARN scene: QML Connections at @Modules/Panels/Dock/StaticDockPanel.qml[350:3]: Detected function "onOnlySameOutputChanged" in Connections element. This is probably intended to be a signal handler but no signal of the target matches the name.
Oct 04 10:02:24 baseweed-admin dbus-run-session[1040]:   WARN scene: QML Connections at @Services/System/SystemStatService.qml[320:3]: Detected function "onEnableDgpuMonitoringChanged" in Connections element. This is probably intended to be a signal handler but no signal of the target matches the name.
Oct 04 10:02:24 baseweed-admin dbus-run-session[1040]:   INFO qml: [20261004-100224]     SystemStat Service started (polling deferred until a consumer registers).
Oct 04 10:02:24 baseweed-admin dbus-run-session[1040]:   WARN scene: QML Connections at @Modules/Panels/Dock/StaticDockPanel.qml[350:3]: Detected function "onPinnedAppsChanged" in Connections element. This is probably intended to be a signal handler but no signal of the target matches the name.
Oct 04 10:02:24 baseweed-admin dbus-run-session[1040]:   WARN scene: QML Connections at @Modules/Panels/Dock/StaticDockPanel.qml[350:3]: Detected function "onOnlySameOutputChanged" in Connections element. This is probably intended to be a signal handler but no signal of the target matches the name.
Oct 04 10:02:24 baseweed-admin dbus-run-session[1040]:   WARN scene: QML Connections at @Modules/Panels/Dock/StaticDockPanel.qml[350:3]: Detected function "onPinnedAppsChanged" in Connections element. This is probably intended to be a signal handler but no signal of the target matches the name.
Oct 04 10:02:24 baseweed-admin dbus-run-session[1040]:   WARN scene: QML Connections at @Modules/Panels/Dock/StaticDockPanel.qml[350:3]: Detected function "onOnlySameOutputChanged" in Connections element. This is probably intended to be a signal handler but no signal of the target matches the name.
Oct 04 10:02:24 baseweed-admin dbus-run-session[1040]:   WARN scene: QML Connections at @Services/UI/WallpaperService.qml[140:3]: Detected function "onWallpaperDownloaded" in Connections element. This is probably intended to be a signal handler but no signal of the target matches the name.
Oct 04 10:02:24 baseweed-admin dbus-run-session[1040]:   WARN scene: QML Connections at @Services/UI/WallpaperService.qml[61:3]: Detected function "onDirectoryChanged" in Connections element. This is probably intended to be a signal handler but no signal of the target matches the name.
Oct 04 10:02:24 baseweed-admin dbus-run-session[1040]:   WARN scene: QML Connections at @Services/UI/WallpaperService.qml[61:3]: Detected function "onEnableMultiMonitorDirectoriesChanged" in Connections element. This is probably intended to be a signal handler but no signal of the target matches the name.
Oct 04 10:02:24 baseweed-admin dbus-run-session[1040]:   WARN scene: QML Connections at @Services/UI/WallpaperService.qml[61:3]: Detected function "onAutomationEnabledChanged" in Connections element. This is probably intended to be a signal handler but no signal of the target matches the name.
Oct 04 10:02:24 baseweed-admin dbus-run-session[1040]:   WARN scene: QML Connections at @Services/UI/WallpaperService.qml[61:3]: Detected function "onRandomIntervalSecChanged" in Connections element. This is probably intended to be a signal handler but no signal of the target matches the name.
Oct 04 10:02:24 baseweed-admin dbus-run-session[1040]:   WARN scene: QML Connections at @Services/UI/WallpaperService.qml[61:3]: Detected function "onWallpaperChangeModeChanged" in Connections element. This is probably intended to be a signal handler but no signal of the target matches the name.
Oct 04 10:02:24 baseweed-admin dbus-run-session[1040]:   WARN scene: QML Connections at @Services/UI/WallpaperService.qml[61:3]: Detected function "onViewModeChanged" in Connections element. This is probably intended to be a signal handler but no signal of the target matches the name.
Oct 04 10:02:24 baseweed-admin dbus-run-session[1040]:   WARN scene: QML Connections at @Services/UI/WallpaperService.qml[61:3]: Detected function "onShowHiddenFilesChanged" in Connections element. This is probably intended to be a signal handler but no signal of the target matches the name.
Oct 04 10:02:24 baseweed-admin dbus-run-session[1040]:   WARN scene: QML Connections at @Services/UI/WallpaperService.qml[61:3]: Detected function "onUseSolidColorChanged" in Connections element. This is probably intended to be a signal handler but no signal of the target matches the name.
Oct 04 10:02:24 baseweed-admin dbus-run-session[1040]:   WARN scene: QML Connections at @Services/UI/WallpaperService.qml[61:3]: Detected function "onSolidColorChanged" in Connections element. This is probably intended to be a signal handler but no signal of the target matches the name.
Oct 04 10:02:24 baseweed-admin dbus-run-session[1040]:   WARN scene: QML Connections at @Services/UI/WallpaperService.qml[61:3]: Detected function "onSortOrderChanged" in Connections element. This is probably intended to be a signal handler but no signal of the target matches the name.
Oct 04 10:02:24 baseweed-admin dbus-run-session[1040]:   WARN scene: QML Connections at @Modules/Background/Background.qml[80:7]: Detected function "onFillModeChanged" in Connections element. This is probably intended to be a signal handler but no signal of the target matches the name.
Oct 04 10:02:24 baseweed-admin dbus-run-session[1040]:   WARN scene: QML Connections at @Modules/Background/Background.qml[80:7]: Detected function "onFillModeChanged" in Connections element. This is probably intended to be a signal handler but no signal of the target matches the name.
Oct 04 10:02:24 baseweed-admin dbus-run-session[1040]:   WARN scene: QML Connections at @Modules/Background/Background.qml[80:7]: Detected function "onFillModeChanged" in Connections element. This is probably intended to be a signal handler but no signal of the target matches the name.
Oct 04 10:02:24 baseweed-admin dbus-run-session[1040]:   WARN scene: QML Connections at @Modules/Dock/Dock.qml[45:7]: Detected function "onPinnedAppsChanged" in Connections element. This is probably intended to be a signal handler but no signal of the target matches the name.
Oct 04 10:02:24 baseweed-admin dbus-run-session[1040]:   WARN scene: QML Connections at @Modules/Dock/Dock.qml[45:7]: Detected function "onOnlySameOutputChanged" in Connections element. This is probably intended to be a signal handler but no signal of the target matches the name.
Oct 04 10:02:24 baseweed-admin dbus-run-session[1040]:   WARN scene: QML Connections at @Modules/Dock/Dock.qml[45:7]: Detected function "onPinnedAppsChanged" in Connections element. This is probably intended to be a signal handler but no signal of the target matches the name.
Oct 04 10:02:24 baseweed-admin dbus-run-session[1040]:   WARN scene: QML Connections at @Modules/Dock/Dock.qml[45:7]: Detected function "onOnlySameOutputChanged" in Connections element. This is probably intended to be a signal handler but no signal of the target matches the name.
Oct 04 10:02:24 baseweed-admin dbus-run-session[1040]:   WARN scene: QML Connections at @Modules/Dock/Dock.qml[45:7]: Detected function "onPinnedAppsChanged" in Connections element. This is probably intended to be a signal handler but no signal of the target matches the name.
Oct 04 10:02:24 baseweed-admin dbus-run-session[1040]:   WARN scene: QML Connections at @Modules/Dock/Dock.qml[45:7]: Detected function "onOnlySameOutputChanged" in Connections element. This is probably intended to be a signal handler but no signal of the target matches the name.
Oct 04 10:02:24 baseweed-admin dbus-run-session[1040]:   INFO qml: [20261004-100224]          Shell ---------------------------
Oct 04 10:02:24 baseweed-admin dbus-run-session[1040]:   INFO qml: [20261004-100224]      Wallpaper Service started
Oct 04 10:02:24 baseweed-admin dbus-run-session[1040]:   INFO qml: [20261004-100224]     ImageCache Service started
Oct 04 10:02:25 baseweed-admin dbus-run-session[1040]:   WARN scene: QML Connections at @Services/Theming/AppThemeService.qml[30:3]: Detected function "onDarkModeChanged" in Connections element. This is probably intended to be a signal handler but no signal of the target matches the name.
Oct 04 10:02:25 baseweed-admin dbus-run-session[1040]:   WARN scene: QML Connections at @Services/Theming/AppThemeService.qml[30:3]: Detected function "onMonitorForColorsChanged" in Connections element. This is probably intended to be a signal handler but no signal of the target matches the name.
Oct 04 10:02:25 baseweed-admin dbus-run-session[1040]:   WARN scene: QML Connections at @Services/Theming/AppThemeService.qml[30:3]: Detected function "onGenerationMethodChanged" in Connections element. This is probably intended to be a signal handler but no signal of the target matches the name.
Oct 04 10:02:25 baseweed-admin dbus-run-session[1040]:   INFO qml: [20261004-100225] AppThemeServic Service started
Oct 04 10:02:25 baseweed-admin dbus-run-session[1040]:   WARN scene: QML Connections at @Services/Theming/ColorSchemeService.qml[20:3]: Detected function "onDarkModeChanged" in Connections element. This is probably intended to be a signal handler but no signal of the target matches the name.
Oct 04 10:02:25 baseweed-admin dbus-run-session[1040]:   INFO qml: [20261004-100225]    ColorScheme Service started
Oct 04 10:02:25 baseweed-admin dbus-run-session[1040]:   INFO qml: [20261004-100225] AppPresentatio Service started
Oct 04 10:02:25 baseweed-admin dbus-run-session[1040]:   WARN scene: QML Connections at @Services/Location/DarkModeService.qml[43:3]: Detected function "onSchedulingModeChanged" in Connections element. This is probably intended to be a signal handler but no signal of the target matches the name.
Oct 04 10:02:25 baseweed-admin dbus-run-session[1040]:   WARN scene: QML Connections at @Services/Location/DarkModeService.qml[28:3]: Detected function "onManualSunriseChanged" in Connections element. This is probably intended to be a signal handler but no signal of the target matches the name.
Oct 04 10:02:25 baseweed-admin dbus-run-session[1040]:   WARN scene: QML Connections at @Services/Location/DarkModeService.qml[28:3]: Detected function "onManualSunsetChanged" in Connections element. This is probably intended to be a signal handler but no signal of the target matches the name.
Oct 04 10:02:25 baseweed-admin dbus-run-session[1040]:   INFO qml: [20261004-100225] DarkModeServic Service started
Oct 04 10:02:25 baseweed-admin dbus-run-session[1040]:   WARN scene: @Services/Location/DarkModeService.qml[29:5]: Unable to assign QJSValue to QObject*
Oct 04 10:02:25 baseweed-admin dbus-run-session[1040]:   WARN scene: @Services/Location/DarkModeService.qml[44:5]: Unable to assign QJSValue to QObject*
Oct 04 10:02:25 baseweed-admin dbus-run-session[1040]:   WARN scene: @Services/Theming/ColorSchemeService.qml[21:5]: Unable to assign QJSValue to QObject*
Oct 04 10:02:25 baseweed-admin dbus-run-session[1040]:   WARN scene: @Services/Theming/AppThemeService.qml[31:5]: Unable to assign QJSValue to QObject*
Oct 04 10:02:25 baseweed-admin dbus-run-session[1040]:   WARN scene: @Modules/Dock/Dock.qml[46:9]: Unable to assign QJSValue to QObject*
Oct 04 10:02:25 baseweed-admin dbus-run-session[1040]:   WARN scene: @Modules/Dock/Dock.qml[46:9]: Unable to assign QJSValue to QObject*
Oct 04 10:02:25 baseweed-admin dbus-run-session[1040]:   WARN scene: @Modules/Dock/Dock.qml[46:9]: Unable to assign QJSValue to QObject*
Oct 04 10:02:25 baseweed-admin dbus-run-session[1040]:   WARN scene: @Modules/Background/Background.qml[81:9]: Unable to assign QJSValue to QObject*
Oct 04 10:02:25 baseweed-admin dbus-run-session[1040]:   WARN scene: @Modules/Background/Background.qml[81:9]: Unable to assign QJSValue to QObject*
Oct 04 10:02:25 baseweed-admin dbus-run-session[1040]:   WARN scene: @Modules/Background/Background.qml[81:9]: Unable to assign QJSValue to QObject*
Oct 04 10:02:25 baseweed-admin dbus-run-session[1040]:   WARN scene: @Services/UI/WallpaperService.qml[62:5]: Unable to assign QJSValue to QObject*
Oct 04 10:02:25 baseweed-admin dbus-run-session[1040]:   WARN scene: @Modules/Panels/SessionMenu/SessionMenu.qml[152:5]: Unable to assign QJSValue to QObject*
Oct 04 10:02:25 baseweed-admin dbus-run-session[1040]:   WARN scene: @Modules/Panels/Dock/StaticDockPanel.qml[351:5]: Unable to assign QJSValue to QObject*
Oct 04 10:02:25 baseweed-admin dbus-run-session[1040]:   WARN scene: @Modules/Panels/SessionMenu/SessionMenu.qml[152:5]: Unable to assign QJSValue to QObject*
Oct 04 10:02:25 baseweed-admin dbus-run-session[1040]:   WARN scene: @Modules/Panels/Dock/StaticDockPanel.qml[351:5]: Unable to assign QJSValue to QObject*
Oct 04 10:02:25 baseweed-admin dbus-run-session[1040]:   WARN scene: @Services/System/SystemStatService.qml[321:5]: Unable to assign QJSValue to QObject*
Oct 04 10:02:25 baseweed-admin dbus-run-session[1040]:   WARN scene: @Modules/Panels/SessionMenu/SessionMenu.qml[152:5]: Unable to assign QJSValue to QObject*
Oct 04 10:02:25 baseweed-admin dbus-run-session[1040]:   WARN scene: @Services/Networking/NetworkService.qml[74:5]: Unable to assign QJSValue to QObject*
Oct 04 10:02:25 baseweed-admin dbus-run-session[1040]:   WARN scene: @Modules/Panels/Dock/StaticDockPanel.qml[351:5]: Unable to assign QJSValue to QObject*
Oct 04 10:02:25 baseweed-admin dbus-run-session[1040]:   WARN scene: @Services/UI/BarService.qml[148:5]: Unable to assign QJSValue to QObject*
Oct 04 10:02:25 baseweed-admin dbus-run-session[1040]:   WARN scene: @Services/Hardware/BrightnessService.qml[67:5]: Unable to assign QJSValue to QObject*
Oct 04 10:02:25 baseweed-admin dbus-run-session[1040]:   INFO qml: [20261004-100225]      Wallpaper Starting scan for Virtual-1 in /home/admin/Pictures/Wallpapers recursive: false
Oct 04 10:02:25 baseweed-admin dbus-run-session[1040]:   INFO qml: [20261004-100225]      Wallpaper Starting scan for pipewire-0 in /home/admin/Pictures/Wallpapers recursive: false
Oct 04 10:02:25 baseweed-admin dbus-run-session[1040]:   INFO qml: [20261004-100225]      Wallpaper Starting scan for pipewire-1 in /home/admin/Pictures/Wallpapers recursive: false
Oct 04 10:02:25 baseweed-admin dbus-run-session[1040]:   INFO qml: [20261004-100225]       Location Service started
Oct 04 10:02:25 baseweed-admin dbus-run-session[1040]:   WARN scene: QML Connections at @Services/Location/NightLightService.qml[96:3]: Detected function "onEnabledChanged" in Connections element. This is probably intended to be a signal handler but no signal of the target matches the name.
Oct 04 10:02:25 baseweed-admin dbus-run-session[1040]:   WARN scene: QML Connections at @Services/Location/NightLightService.qml[96:3]: Detected function "onForcedChanged" in Connections element. This is probably intended to be a signal handler but no signal of the target matches the name.
Oct 04 10:02:25 baseweed-admin dbus-run-session[1040]:   WARN scene: QML Connections at @Services/Location/NightLightService.qml[96:3]: Detected function "onNightTempChanged" in Connections element. This is probably intended to be a signal handler but no signal of the target matches the name.
Oct 04 10:02:25 baseweed-admin dbus-run-session[1040]:   WARN scene: QML Connections at @Services/Location/NightLightService.qml[96:3]: Detected function "onDayTempChanged" in Connections element. This is probably intended to be a signal handler but no signal of the target matches the name.
Oct 04 10:02:25 baseweed-admin dbus-run-session[1040]:   WARN scene: QML Connections at @Services/Control/HooksService.qml[16:3]: Detected function "onDarkModeChanged" in Connections element. This is probably intended to be a signal handler but no signal of the target matches the name.
Oct 04 10:02:25 baseweed-admin dbus-run-session[1040]:   INFO qml: [20261004-100225]   HooksService Service started
Oct 04 10:02:25 baseweed-admin dbus-run-session[1040]:   WARN quickshell.dbus.objectmanager: Failed to create DBusObjectManagerInterface for "org.bluez" "/" : QDBusError("org.freedesktop.DBus.Error.ServiceUnknown", "The name is not activatable")
Oct 04 10:02:25 baseweed-admin dbus-run-session[1040]:   INFO qml: [20261004-100225]      Bluetooth Service started
Oct 04 10:02:25 baseweed-admin dbus-run-session[1040]:   INFO qml: [20261004-100225]  IdleInhibitor Service started
Oct 04 10:02:25 baseweed-admin dbus-run-session[1040]:   INFO qml: [20261004-100225] CapabilityServ qdwin live-apply capabilities: pointer=false xkb=false wm=false output=false workspace=false idleDpms=false keybind=false
Oct 04 10:02:25 baseweed-admin dbus-run-session[1040]:   INFO qml: [20261004-100225]   PowerService Service started
Oct 04 10:02:25 baseweed-admin dbus-run-session[1040]:   INFO qml: [20261004-100225] AccessibilityS Service started
Oct 04 10:02:25 baseweed-admin dbus-run-session[1040]:   INFO qml: [20261004-100225]  KeyboardInput Service started
Oct 04 10:02:25 baseweed-admin dbus-run-session[1040]:   INFO qml: [20261004-100225] PointerInputSe Service started (qdwin live-apply: persist-only until shell binds >= v28)
Oct 04 10:02:25 baseweed-admin dbus-run-session[1040]:   INFO qml: [20261004-100225] WindowManagerS Service started (qdwin v25 live-apply: false, shortcuts: false)
Oct 04 10:02:25 baseweed-admin dbus-run-session[1040]:   INFO qml: [20261004-100225] SessionService started; saved=0 canApplyPlacement=false
Oct 04 10:02:25 baseweed-admin dbus-run-session[1040]:   INFO qml: [20261004-100225]    HostService Service started
Oct 04 10:02:25 baseweed-admin dbus-run-session[1040]:   INFO qml: [20261004-100225] CustomButtonIP Service started
Oct 04 10:02:25 baseweed-admin dbus-run-session[1040]:   INFO qml: [20261004-100225]     IPCService Service started
Oct 04 10:02:25 baseweed-admin dbus-run-session[1040]:   INFO qml: [20261004-100225]        PodApps service started
Oct 04 10:02:25 baseweed-admin dbus-run-session[1040]:   INFO qml: [20261004-100225]         VMApps service started
Oct 04 10:02:25 baseweed-admin dbus-run-session[1040]:   INFO qml: [20261004-100225]      Tier3Apps service started
Oct 04 10:02:25 baseweed-admin dbus-run-session[1040]:   INFO qml: [20261004-100225]     Tier3sApps service started
Oct 04 10:02:25 baseweed-admin dbus-run-session[1040]:   INFO qml: [20261004-100225]      Tier4Apps service started
Oct 04 10:02:25 baseweed-admin dbus-run-session[1040]:   INFO qml: [20261004-100225] RemoteMachineW service started
Oct 04 10:02:25 baseweed-admin dbus-run-session[1040]:   INFO qml: [20261004-100225]  Tier3FocusIPC service started
Oct 04 10:02:25 baseweed-admin dbus-run-session[1040]:   WARN quickshell.dbus: Could not launch service org.freedesktop.UPower.PowerProfiles: QDBusError(org.freedesktop.DBus.Error.ServiceUnknown, The name is not activatable)
Oct 04 10:02:25 baseweed-admin dbus-run-session[1040]:   WARN quickshell.service.powerprofiles: Could not start PowerProfilesDaemon. The PowerProfiles service will not work.
Oct 04 10:02:25 baseweed-admin weston[915]: [10:02:25.492] qdwin: bind attempt pid=1040 uid=1000 (allowed_uid=1000)
Oct 04 10:02:25 baseweed-admin weston[915]: [10:02:25.492] qdwin: bind accepted for uid=1000, hello sent
Oct 04 10:02:25 baseweed-admin weston[915]: [10:02:25.492] qdwin: ext_workspace_manager bound (count=4 active=0)
Oct 04 10:02:25 baseweed-admin weston[915]: [10:02:25.492] qdwin: zwlr_output_manager bound (serial=1)
Oct 04 10:02:25 baseweed-admin weston[915]: [10:02:25.492] qdwin: shell bound (uid=1000 pid=1040); replaying 0 toplevels
Oct 04 10:02:25 baseweed-admin weston[915]: [10:02:25.492] qdwin: seat_focus_changed seat=default handle=4294967295
Oct 04 10:02:25 baseweed-admin dbus-run-session[1040]:   INFO qml: [20261004-100225]          Qdwin qdwin_shell_v1 bound v34
Oct 04 10:02:25 baseweed-admin dbus-run-session[1040]:   INFO qml: [20261004-100225]  ClipboardGate wired to qdwin_shell_v1; broker default=deny
Oct 04 10:02:25 baseweed-admin weston[915]: [10:02:25.498] qdwin: workspace 0 name="1"
Oct 04 10:02:25 baseweed-admin weston[915]: [10:02:25.498] qdwin: workspace 1 name="2"
Oct 04 10:02:25 baseweed-admin weston[915]: [10:02:25.498] qdwin: workspace 2 name="3"
Oct 04 10:02:25 baseweed-admin weston[915]: [10:02:25.498] qdwin: workspace 3 name="4"
Oct 04 10:02:25 baseweed-admin weston[915]: [10:02:25.499] qdwin: set_wm_policy focus=0 ffm_delay=0 raise_click=1 raise_hover=0 placement=2 snap=1 dist=16
Oct 04 10:02:25 baseweed-admin dbus-run-session[1040]:   INFO qml: [20261004-100225] WindowManagerS applied WM policy focus=click placement=smart snap=true/16
Oct 04 10:02:25 baseweed-admin dbus-run-session[1040]:   INFO qml: [20261004-100225] CapabilityServ wmPolicy -> true
Oct 04 10:02:25 baseweed-admin weston[915]: [10:02:25.500] qdwin: register_hotkey id=7101 mods=0x2 key=62
Oct 04 10:02:25 baseweed-admin weston[915]: [10:02:25.501] qdwin: register_hotkey id=7102 mods=0x4 key=103
Oct 04 10:02:25 baseweed-admin weston[915]: [10:02:25.501] qdwin: register_hotkey id=7103 mods=0x4 key=33
Oct 04 10:02:25 baseweed-admin weston[915]: [10:02:25.501] qdwin: register_hotkey id=7104 mods=0x4 key=105
Oct 04 10:02:25 baseweed-admin weston[915]: [10:02:25.501] qdwin: register_hotkey id=7105 mods=0x4 key=106
Oct 04 10:02:25 baseweed-admin dbus-run-session[1040]:   INFO qml: [20261004-100225] WindowManagerS registered WM shortcuts (5 active)
Oct 04 10:02:25 baseweed-admin dbus-run-session[1040]:   INFO qml: [20261004-100225] CapabilityServ keybindRegistration -> true
Oct 04 10:02:25 baseweed-admin weston[915]: [10:02:25.502] qdwin: set_pointer_config accel=0 profile=0 natural=0 tap=1 left=0 middle=0 dwt=1 scroll=1 (6 devices)
Oct 04 10:02:25 baseweed-admin dbus-run-session[1040]:   INFO qml: [20261004-100225] PointerInputSe applied pointer config accelSpeed=0 profile=0 natural=0 tap=1 scroll=1
Oct 04 10:02:25 baseweed-admin dbus-run-session[1040]:   INFO qml: [20261004-100225] CapabilityServ pointerConfig -> true
Oct 04 10:02:25 baseweed-admin weston[915]: [10:02:25.502] qdwin: set_key_repeat rate=25 delay=500
Oct 04 10:02:25 baseweed-admin dbus-run-session[1040]:   INFO qml: [20261004-100225]  KeyboardInput applied qdwin key-repeat rate=25 delay=500
Oct 04 10:02:25 baseweed-admin dbus-run-session[1040]:   INFO qml: [20261004-100225] CapabilityServ xkbRepeat -> true
Oct 04 10:02:25 baseweed-admin dbus-run-session[1040]:   INFO qml: [20261004-100225]   PowerService idle policy armed: inactivity=0ms (nothing), displayOff=0ms, presentation=false
Oct 04 10:02:25 baseweed-admin dbus-run-session[1040]:   INFO qml: [20261004-100225] CapabilityServ idleDpms -> true
Oct 04 10:02:25 baseweed-admin dbus-run-session[1040]:   INFO qml: [20261004-100225] CapabilityServ outputManagement -> true
Oct 04 10:02:25 baseweed-admin dbus-run-session[1040]:   WARN qml: [20261004-100225]       Location Weather is still fetching
Oct 04 10:02:25 baseweed-admin dbus-run-session[1040]:   WARN quickshell.dbus: Could not launch service org.freedesktop.UPower: QDBusError(org.freedesktop.DBus.Error.ServiceUnknown, The name is not activatable)
Oct 04 10:02:25 baseweed-admin dbus-run-session[1040]:   WARN quickshell.service.upower: Could not start UPower. The UPower service will not work.
Oct 04 10:02:25 baseweed-admin dbus-run-session[1040]:   INFO qml: [20261004-100225]    HostService Detected openSUSE Tumbleweed
Oct 04 10:02:25 baseweed-admin dbus-run-session[1040]:   INFO qml: [20261004-100225]    HostService Looking for logo icon: distributor-logo-Tumbleweed
Oct 04 10:02:25 baseweed-admin dbus-run-session[1040]:   INFO qml: [20261004-100225]    HostService resolved hostname baseweed-admin
Oct 04 10:02:25 baseweed-admin dbus-run-session[1040]:   WARN: Process failed to start, likely because the binary could not be found. Command: QList("bluetoothctl", "show")
Oct 04 10:02:25 baseweed-admin dbus-run-session[1040]:   WARN: Process failed to start, likely because the binary could not be found. Command: QList("udisksctl", "monitor")
Oct 04 10:02:25 baseweed-admin dbus-run-session[1040]:   INFO qml: [20261004-100225] PluginRegistry All plugin manifests loaded. Total plugins: 0
Oct 04 10:02:25 baseweed-admin dbus-run-session[1040]:   INFO qml: [20261004-100225]  PluginService Initializing plugin system
Oct 04 10:02:25 baseweed-admin dbus-run-session[1040]:   INFO qml: [20261004-100225]  PluginService Found 0 enabled plugins: []
Oct 04 10:02:25 baseweed-admin dbus-run-session[1040]:   INFO qml: [20261004-100225]  PluginService No plugins to load
Oct 04 10:02:25 baseweed-admin dbus-run-session[1040]:   INFO qml: [20261004-100225]  PluginService Refreshing available plugins
Oct 04 10:02:25 baseweed-admin weston[915]: [10:02:25.792] qdwin: layer-shell get_layer_surface ns=qdshell-background-Virtual-1 layer=2 output=0x55d51331b9f0
Oct 04 10:02:25 baseweed-admin weston[915]: [10:02:25.792] qdwin: layer-shell configure ns=qdshell-background-Virtual-1 layer=2 box=0,0 1920x1080 serial=1
Oct 04 10:02:25 baseweed-admin weston[915]: [10:02:25.792] qdwin: layer-shell get_layer_surface ns=qdshell-bar-content-Virtual-1 layer=2 output=0x55d51331b9f0
Oct 04 10:02:25 baseweed-admin weston[915]: [10:02:25.792] qdwin: layer-shell configure ns=qdshell-bar-content-Virtual-1 layer=2 box=0,0 1920x31 serial=2
Oct 04 10:02:25 baseweed-admin weston[915]: [10:02:25.792] qdwin: layer-shell get_layer_surface ns=qdshell-bar-exclusion-top-Virtual-1 layer=2 output=0x55d51331b9f0
Oct 04 10:02:25 baseweed-admin weston[915]: [10:02:25.792] qdwin: layer-shell configure ns=qdshell-bar-exclusion-top-Virtual-1 layer=2 box=0,0 1920x31 serial=3
Oct 04 10:02:25 baseweed-admin weston[915]: [10:02:25.792] qdwin: layer-shell get_layer_surface ns=qdshell-background-pipewire-0 layer=2 output=0x55d51331cf50
Oct 04 10:02:25 baseweed-admin weston[915]: [10:02:25.792] qdwin: layer-shell configure ns=qdshell-background-pipewire-0 layer=2 box=1920,0 640x480 serial=4
Oct 04 10:02:25 baseweed-admin weston[915]: [10:02:25.792] qdwin: layer-shell get_layer_surface ns=qdshell-bar-content-pipewire-0 layer=2 output=0x55d51331cf50
Oct 04 10:02:25 baseweed-admin weston[915]: [10:02:25.792] qdwin: layer-shell configure ns=qdshell-bar-content-pipewire-0 layer=2 box=1920,0 640x31 serial=5
Oct 04 10:02:25 baseweed-admin weston[915]: [10:02:25.792] qdwin: layer-shell get_layer_surface ns=qdshell-bar-exclusion-top-pipewire-0 layer=2 output=0x55d51331cf50
Oct 04 10:02:25 baseweed-admin weston[915]: [10:02:25.792] qdwin: layer-shell configure ns=qdshell-bar-exclusion-top-pipewire-0 layer=2 box=1920,0 640x31 serial=6
Oct 04 10:02:25 baseweed-admin weston[915]: [10:02:25.792] qdwin: layer-shell get_layer_surface ns=qdshell-background-pipewire-1 layer=2 output=0x55d513342910
Oct 04 10:02:25 baseweed-admin weston[915]: [10:02:25.792] qdwin: layer-shell configure ns=qdshell-background-pipewire-1 layer=2 box=2560,0 640x480 serial=7
Oct 04 10:02:25 baseweed-admin weston[915]: [10:02:25.792] qdwin: layer-shell get_layer_surface ns=qdshell-bar-content-pipewire-1 layer=2 output=0x55d513342910
Oct 04 10:02:25 baseweed-admin weston[915]: [10:02:25.792] qdwin: layer-shell configure ns=qdshell-bar-content-pipewire-1 layer=2 box=2560,0 640x31 serial=8
Oct 04 10:02:25 baseweed-admin weston[915]: [10:02:25.792] qdwin: layer-shell get_layer_surface ns=qdshell-bar-exclusion-top-pipewire-1 layer=2 output=0x55d513342910
Oct 04 10:02:25 baseweed-admin dbus-run-session[1040]:  ERROR qml: [20261004-100225]       Location Geocoding error: 0
Oct 04 10:02:25 baseweed-admin weston[915]: [10:02:25.792] qdwin: layer-shell configure ns=qdshell-bar-exclusion-top-pipewire-1 layer=2 box=2560,0 640x31 serial=9
Oct 04 10:02:25 baseweed-admin weston[915]: [10:02:25.792] qdwin: layer-shell get_layer_surface ns=qdshell-dock-peek-Virtual-1 layer=2 output=0x55d51331b9f0
Oct 04 10:02:25 baseweed-admin weston[915]: [10:02:25.792] qdwin: layer-shell configure ns=qdshell-dock-peek-Virtual-1 layer=2 box=0,1079 1920x1 serial=10
Oct 04 10:02:25 baseweed-admin weston[915]: [10:02:25.792] qdwin: layer-shell get_layer_surface ns=qdshell-dock-peek-pipewire-0 layer=2 output=0x55d51331cf50
Oct 04 10:02:25 baseweed-admin weston[915]: [10:02:25.792] qdwin: layer-shell configure ns=qdshell-dock-peek-pipewire-0 layer=2 box=1920,479 640x1 serial=11
Oct 04 10:02:25 baseweed-admin weston[915]: [10:02:25.792] qdwin: layer-shell get_layer_surface ns=qdshell-dock-peek-pipewire-1 layer=2 output=0x55d513342910
Oct 04 10:02:25 baseweed-admin weston[915]: [10:02:25.792] qdwin: layer-shell configure ns=qdshell-dock-peek-pipewire-1 layer=2 box=2560,479 640x1 serial=12
Oct 04 10:02:25 baseweed-admin weston[915]: [10:02:25.792] qdwin: layer-shell get_layer_surface ns=qdshell-image-cache-renderer layer=2 output=(nil)
Oct 04 10:02:25 baseweed-admin weston[915]: [10:02:25.792] qdwin: layer-shell configure ns=qdshell-image-cache-renderer layer=2 box=960,540 1x1 serial=13
Oct 04 10:02:25 baseweed-admin dbus-run-session[1040]:   WARN qml: [20261004-100225]     ImageCache ImageMagick not found, using Qt fallback
Oct 04 10:02:25 baseweed-admin dbus-run-session[1040]:   WARN qml: [20261004-100225]      Wallpaper Scan failed for Virtual-1 exit code: 1 (directory might not exist)
Oct 04 10:02:25 baseweed-admin dbus-run-session[1040]:   WARN qml: [20261004-100225]      Wallpaper Scan failed for pipewire-0 exit code: 1 (directory might not exist)
Oct 04 10:02:25 baseweed-admin dbus-run-session[1040]:   WARN qml: [20261004-100225]      Wallpaper Scan failed for pipewire-1 exit code: 1 (directory might not exist)
Oct 04 10:02:25 baseweed-admin dbus-run-session[1040]:   WARN qml: [20261004-100225]   PowerService Button monitor unavailable (exit 1); releasing key inhibitors, logind will handle power/sleep keys
Oct 04 10:02:25 baseweed-admin weston[915]: [10:02:25.920] qdwin: set_key_repeat rate=25 delay=500
Oct 04 10:02:25 baseweed-admin dbus-run-session[1040]:   INFO qml: [20261004-100225]  KeyboardInput applied qdwin key-repeat rate=25 delay=500
Oct 04 10:02:25 baseweed-admin dbus-run-session[1040]:   INFO qml: [20261004-100225] PointerInputSe enumerated 3 pointer device(s) via proc
Oct 04 10:02:25 baseweed-admin dbus-run-session[1040]:   INFO qml: [20261004-100225]        PodApps cache refresh loaded 0 apps
Oct 04 10:02:27 baseweed-admin weston[915]: [10:02:27.770] qdwin: layer-shell mapped ns=qdshell-background-Virtual-1 layer=2 at 0,0 1920x1080
Oct 04 10:02:27 baseweed-admin weston[915]: [10:02:27.982] qdwin: layer-shell mapped ns=qdshell-bar-content-Virtual-1 layer=2 at 0,0 1920x31
Oct 04 10:02:28 baseweed-admin weston[915]: [10:02:28.875] qdwin: layer-shell mapped ns=qdshell-bar-exclusion-top-Virtual-1 layer=2 at 0,0 1920x31
Oct 04 10:02:29 baseweed-admin weston[915]: [10:02:29.504] qdwin: layer-shell mapped ns=qdshell-background-pipewire-0 layer=2 at 1920,0 640x480
Oct 04 10:02:30 baseweed-admin weston[915]: [10:02:30.031] qdwin: layer-shell mapped ns=qdshell-bar-content-pipewire-0 layer=2 at 1920,0 640x31
Oct 04 10:02:30 baseweed-admin weston[915]: [10:02:30.543] qdwin: layer-shell mapped ns=qdshell-bar-exclusion-top-pipewire-0 layer=2 at 1920,0 640x31
Oct 04 10:02:30 baseweed-admin qdlocker[1035]: 2026-10-04 10:02:30,796 qdlocker.logind INFO logind session rebound in place; session=None
Oct 04 10:02:31 baseweed-admin weston[915]: [10:02:31.122] qdwin: layer-shell mapped ns=qdshell-background-pipewire-1 layer=2 at 2560,0 640x480
Oct 04 10:02:31 baseweed-admin weston[915]: [10:02:31.758] qdwin: layer-shell mapped ns=qdshell-bar-content-pipewire-1 layer=2 at 2560,0 640x31
Oct 04 10:02:32 baseweed-admin weston[915]: [10:02:32.163] qdwin: layer-shell mapped ns=qdshell-bar-exclusion-top-pipewire-1 layer=2 at 2560,0 640x31
Oct 04 10:02:32 baseweed-admin weston[915]: [10:02:32.644] qdwin: layer-shell mapped ns=qdshell-dock-peek-Virtual-1 layer=2 at 0,1079 1920x1
Oct 04 10:02:33 baseweed-admin weston[915]: [10:02:33.160] qdwin: layer-shell mapped ns=qdshell-dock-peek-pipewire-0 layer=2 at 1920,479 640x1
Oct 04 10:02:33 baseweed-admin weston[915]: [10:02:33.692] qdwin: layer-shell mapped ns=qdshell-dock-peek-pipewire-1 layer=2 at 2560,479 640x1
Oct 04 10:02:34 baseweed-admin weston[915]: [10:02:34.145] qdwin: layer-shell mapped ns=qdshell-image-cache-renderer layer=2 at 960,540 1x1
Oct 04 10:02:34 baseweed-admin dbus-run-session[1040]:   WARN scene: QML Connections at qs:/usr/share/quickshell/qdshell/Modules/Bar/Widgets/Taskbar.qml[981:3]: Detected function "onPinnedAppsChanged" in Connections element. This is probably intended to be a signal handler but no signal of the target matches the name.
Oct 04 10:02:34 baseweed-admin dbus-run-session[1040]:   WARN scene: QML Connections at qs:/usr/share/quickshell/qdshell/Modules/Bar/Widgets/Taskbar.qml[981:3]: Detected function "onPinnedAppsChanged" in Connections element. This is probably intended to be a signal handler but no signal of the target matches the name.
Oct 04 10:02:34 baseweed-admin dbus-run-session[1040]:   WARN scene: QML Connections at qs:/usr/share/quickshell/qdshell/Modules/Bar/Widgets/Taskbar.qml[981:3]: Detected function "onPinnedAppsChanged" in Connections element. This is probably intended to be a signal handler but no signal of the target matches the name.
Oct 04 10:02:34 baseweed-admin dbus-run-session[1040]:   WARN: Could not load icon "user-desktop?fallback=application-x-executable" at size QSize(19, 19) from request
Oct 04 10:02:34 baseweed-admin dbus-run-session[1040]:   WARN scene: qs:/usr/share/quickshell/qdshell/Modules/Bar/Widgets/Taskbar.qml[982:5]: Unable to assign QJSValue to QObject*
Oct 04 10:02:34 baseweed-admin dbus-run-session[1040]:   WARN scene: qs:/usr/share/quickshell/qdshell/Modules/Bar/Widgets/Taskbar.qml[982:5]: Unable to assign QJSValue to QObject*
Oct 04 10:02:34 baseweed-admin dbus-run-session[1040]:   WARN scene: qs:/usr/share/quickshell/qdshell/Modules/Bar/Widgets/Taskbar.qml[982:5]: Unable to assign QJSValue to QObject*
Oct 04 10:02:34 baseweed-admin dbus-run-session[1040]:   WARN scene: @Services/Control/HooksService.qml[17:5]: Unable to assign QJSValue to QObject*
Oct 04 10:02:34 baseweed-admin dbus-run-session[1040]:   WARN scene: @Services/Location/NightLightService.qml[97:5]: Unable to assign QJSValue to QObject*
Oct 04 10:02:34 baseweed-admin dbus-run-session[1040]:   INFO qml: [20261004-100234]    ColorScheme Applying color scheme: Qdshell (default)
Oct 04 10:02:34 baseweed-admin dbus-run-session[1040]:  ERROR qml: [20261004-100234]  PluginService Empty response from Qdshell Plugins
Oct 04 10:02:34 baseweed-admin dbus-run-session[1040]:  ERROR qml: [20261004-100234]  PluginService Failed to fetch registry from Qdshell Plugins - exit code: 1
Oct 04 10:02:34 baseweed-admin dbus-run-session[1040]:   INFO qml: [20261004-100234]           Time Time jump detected (11s) - likely system resume
Oct 04 10:02:34 baseweed-admin dbus-run-session[1040]:   INFO qml: [20261004-100234]        Network System resumed - forcing state poll
Oct 04 10:02:34 baseweed-admin dbus-run-session[1040]:   INFO qml: [20261004-100234]     SystemStat System resumed - resetting differential state
Oct 04 10:02:34 baseweed-admin dbus-run-session[1040]:   INFO qml: [20261004-100234] DarkModeServic System resumed - re-evaluating dark mode
Oct 04 10:02:34 baseweed-admin dbus-run-session[1040]:   INFO qml: [20261004-100234]     NightLight System resumed - re-applying night light
Oct 04 10:02:34 baseweed-admin dbus-run-session[1040]:   INFO qml: [20261004-100234]      Bluetooth System resumed - forcing state poll
Oct 04 10:02:34 baseweed-admin dbus-run-session[1040]:   INFO qml: [20261004-100234]           Font Service started
Oct 04 10:02:35 baseweed-admin dbus-run-session[1040]:   INFO qml: [20261004-100235]        PodApps cache refresh loaded 0 apps
Oct 04 10:02:35 baseweed-admin dbus-run-session[1040]:   WARN qml: [20261004-100235]        Network Connectivity check error: Error: Not authorized to recheck connectivity.
Oct 04 10:02:35 baseweed-admin weston[915]: [10:02:35.409] qdwin: layer-shell get_layer_surface ns=qdshell-osd-Virtual-1 layer=3 output=0x55d51331b9f0
Oct 04 10:02:35 baseweed-admin weston[915]: [10:02:35.409] qdwin: layer-shell configure ns=qdshell-osd-Virtual-1 layer=3 box=1591,40 320x72 serial=14
Oct 04 10:02:35 baseweed-admin weston[915]: [10:02:35.409] qdwin: layer-shell get_layer_surface ns=qdshell-osd-pipewire-0 layer=3 output=0x55d51331cf50
Oct 04 10:02:35 baseweed-admin weston[915]: [10:02:35.409] qdwin: layer-shell configure ns=qdshell-osd-pipewire-0 layer=3 box=2231,40 320x72 serial=15
Oct 04 10:02:35 baseweed-admin weston[915]: [10:02:35.409] qdwin: layer-shell get_layer_surface ns=qdshell-osd-pipewire-1 layer=3 output=0x55d513342910
Oct 04 10:02:35 baseweed-admin weston[915]: [10:02:35.409] qdwin: layer-shell configure ns=qdshell-osd-pipewire-1 layer=3 box=2871,40 320x72 serial=16
Oct 04 10:02:35 baseweed-admin weston[915]: [10:02:35.876] qdwin: layer-shell mapped ns=qdshell-osd-Virtual-1 layer=3 at 1591,40 320x72
Oct 04 10:02:36 baseweed-admin weston[915]: [10:02:36.016] qdwin: layer-shell mapped ns=qdshell-osd-pipewire-0 layer=3 at 2231,40 320x72
Oct 04 10:02:36 baseweed-admin weston[915]: [10:02:36.992] qdwin: layer-shell mapped ns=qdshell-osd-pipewire-1 layer=3 at 2871,40 320x72
Oct 04 10:02:37 baseweed-admin dbus-run-session[1040]:   INFO qml: [20261004-100237]           Font Loaded 11 fonts, 3 monospace
Oct 04 10:02:37 baseweed-admin weston[915]: [10:02:37.102] qdwin: layer-shell get_layer_surface ns=qdshell-wallpaper-Virtual-1 layer=0 output=0x55d51331b9f0
Oct 04 10:02:37 baseweed-admin weston[915]: [10:02:37.102] qdwin: layer-shell configure ns=qdshell-wallpaper-Virtual-1 layer=0 box=0,0 1920x1080 serial=17
Oct 04 10:02:37 baseweed-admin weston[915]: [10:02:37.102] qdwin: layer-shell get_layer_surface ns=qdshell-wallpaper-pipewire-0 layer=0 output=0x55d51331cf50
Oct 04 10:02:37 baseweed-admin weston[915]: [10:02:37.102] qdwin: layer-shell configure ns=qdshell-wallpaper-pipewire-0 layer=0 box=1920,0 640x480 serial=18
Oct 04 10:02:37 baseweed-admin weston[915]: [10:02:37.102] qdwin: layer-shell get_layer_surface ns=qdshell-wallpaper-pipewire-1 layer=0 output=0x55d513342910
Oct 04 10:02:37 baseweed-admin weston[915]: [10:02:37.102] qdwin: layer-shell configure ns=qdshell-wallpaper-pipewire-1 layer=0 box=2560,0 640x480 serial=19
Oct 04 10:02:37 baseweed-admin weston[915]: [10:02:37.898] qdwin: layer-shell mapped ns=qdshell-wallpaper-Virtual-1 layer=0 at 0,0 1920x1080
Oct 04 10:02:38 baseweed-admin weston[915]: [10:02:38.475] qdwin: layer-shell mapped ns=qdshell-wallpaper-pipewire-0 layer=0 at 1920,0 640x480
Oct 04 10:02:39 baseweed-admin weston[915]: [10:02:39.345] qdwin: layer-shell mapped ns=qdshell-wallpaper-pipewire-1 layer=0 at 2560,0 640x480
Oct 04 10:02:39 baseweed-admin dbus-run-session[1040]:   INFO qml: [20261004-100239] DarkModeServic Resume retry - re-evaluating dark mode again
Oct 04 10:02:39 baseweed-admin dbus-run-session[1040]:   INFO qml: [20261004-100239]     NightLight Resume retry - re-applying night light again
Oct 04 10:02:39 baseweed-admin dbus-run-session[1040]:   WARN: Process failed to start, likely because the binary could not be found. Command: QList("bluetoothctl", "show")
Oct 04 10:02:40 baseweed-admin dbus-run-session[1040]:   WARN qml: [20261004-100240]     SystemStat No supported temperature sensor found
Oct 04 10:02:41 baseweed-admin dbus-run-session[1040]:   WARN: Process failed to start, likely because the binary could not be found. Command: QList("bluetoothctl", "show")
Oct 04 10:02:43 baseweed-admin dbus-run-session[1040]:   WARN: Process failed to start, likely because the binary could not be found. Command: QList("bluetoothctl", "show")
Oct 04 10:02:45 baseweed-admin dbus-run-session[1040]:   WARN: Process failed to start, likely because the binary could not be found. Command: QList("bluetoothctl", "show")
Oct 04 10:02:45 baseweed-admin dbus-run-session[1040]:   WARN qml: [20261004-100245]       Location Weather is still fetching
Oct 04 10:02:45 baseweed-admin dbus-run-session[1040]:  ERROR qml: [20261004-100245]       Location Geocoding error: 0
Oct 04 10:02:47 baseweed-admin dbus-run-session[1040]:   WARN: Process failed to start, likely because the binary could not be found. Command: QList("bluetoothctl", "show")
Oct 04 10:02:49 baseweed-admin dbus-run-session[1040]:   WARN: Process failed to start, likely because the binary could not be found. Command: QList("bluetoothctl", "show")
Oct 04 10:02:49 baseweed-admin dbus-run-session[1040]:   WARN qml: [20261004-100249]        Network Connectivity check error: Error: Not authorized to recheck connectivity.
Oct 04 10:02:51 baseweed-admin dbus-run-session[1040]:   WARN: Process failed to start, likely because the binary could not be found. Command: QList("bluetoothctl", "show")
Oct 04 10:02:53 baseweed-admin dbus-run-session[1040]:   WARN: Process failed to start, likely because the binary could not be found. Command: QList("bluetoothctl", "show")
Oct 04 10:02:55 baseweed-admin dbus-run-session[1040]:   WARN: Process failed to start, likely because the binary could not be found. Command: QList("bluetoothctl", "show")
Oct 04 10:02:55 baseweed-admin dbus-run-session[1040]:   INFO qml: [20261004-100255]        PodApps cache refresh loaded 0 apps
Oct 04 10:02:57 baseweed-admin dbus-run-session[1040]:   WARN: Process failed to start, likely because the binary could not be found. Command: QList("bluetoothctl", "show")
Oct 04 10:03:00 baseweed-admin dbus-run-session[1040]:   WARN: Process failed to start, likely because the binary could not be found. Command: QList("bluetoothctl", "show")
Oct 04 10:03:01 baseweed-admin dbus-run-session[1040]:   WARN: Process failed to start, likely because the binary could not be found. Command: QList("bluetoothctl", "show")
Oct 04 10:03:03 baseweed-admin dbus-run-session[1040]:   WARN: Process failed to start, likely because the binary could not be found. Command: QList("bluetoothctl", "show")
Oct 04 10:03:05 baseweed-admin dbus-run-session[1040]:   WARN qml: [20261004-100305]        Network Connectivity check error: Error: Not authorized to recheck connectivity.
Oct 04 10:03:05 baseweed-admin dbus-run-session[1040]:   WARN: Process failed to start, likely because the binary could not be found. Command: QList("bluetoothctl", "show")
Oct 04 10:03:05 baseweed-admin dbus-run-session[1040]:   WARN qml: [20261004-100305]       Location Weather is still fetching
Oct 04 10:03:05 baseweed-admin dbus-run-session[1040]:  ERROR qml: [20261004-100305]       Location Geocoding error: 0
Oct 04 10:03:07 baseweed-admin dbus-run-session[1040]:   WARN: Process failed to start, likely because the binary could not be found. Command: QList("bluetoothctl", "show")
Oct 04 10:03:09 baseweed-admin dbus-run-session[1040]:   WARN: Process failed to start, likely because the binary could not be found. Command: QList("bluetoothctl", "show")
Oct 04 10:03:11 baseweed-admin dbus-run-session[1040]:   WARN: Process failed to start, likely because the binary could not be found. Command: QList("bluetoothctl", "show")
Oct 04 10:03:13 baseweed-admin dbus-run-session[1040]:   WARN: Process failed to start, likely because the binary could not be found. Command: QList("bluetoothctl", "show")
Oct 04 10:03:15 baseweed-admin dbus-run-session[1040]:   WARN: Process failed to start, likely because the binary could not be found. Command: QList("bluetoothctl", "show")
Oct 04 10:03:17 baseweed-admin dbus-run-session[1040]:   WARN: Process failed to start, likely because the binary could not be found. Command: QList("bluetoothctl", "show")
Oct 04 10:03:19 baseweed-admin dbus-run-session[1040]:   WARN: Process failed to start, likely because the binary could not be found. Command: QList("bluetoothctl", "show")
Oct 04 10:03:19 baseweed-admin dbus-run-session[1040]:   WARN qml: [20261004-100319]        Network Connectivity check error: Error: Not authorized to recheck connectivity.
Oct 04 10:03:21 baseweed-admin dbus-run-session[1040]:   WARN: Process failed to start, likely because the binary could not be found. Command: QList("bluetoothctl", "show")
Oct 04 10:03:22 baseweed-admin weston[915]: [10:03:22.427] qdwin/secctx: helper pid=4751 launcher parent pid=4741 exe unreadable; falling back to verified root-parent + stable-starttime attestation
Oct 04 10:03:22 baseweed-admin weston[915]: [10:03:22.427] qdwin/secctx: helper pid=4751 launcher parent pid=4741 exe unreadable; falling back to verified root-parent + stable-starttime attestation
Oct 04 10:03:22 baseweed-admin weston[915]: [10:03:22.428] qdwin/secctx: helper pid=4751 launcher parent pid=4741 exe unreadable; falling back to verified root-parent + stable-starttime attestation
Oct 04 10:03:22 baseweed-admin weston[915]: [10:03:22.428] qdwin/secctx: helper pid=4751 launcher parent pid=4741 exe unreadable; falling back to verified root-parent + stable-starttime attestation
Oct 04 10:03:22 baseweed-admin weston[915]: [10:03:22.428] qdwin/secctx: manager bound by uid=1000 pid=4751 (helper)
Oct 04 10:03:22 baseweed-admin weston[915]: [10:03:22.428] qdwin/secctx: committed engine=qdistro.tier3s app_id=qdistro.tier3s.s126a instance_id=097f28926b0984ba2a511cf1448cda07 listen_fd=72 close_fd=73
Oct 04 10:03:22 baseweed-admin weston[915]: [10:03:22.431] qdwin/secctx: client accepted engine=qdistro.tier3s app_id=qdistro.tier3s.s126a instance_id=097f28926b0984ba2a511cf1448cda07 (total tagged: 1)
Oct 04 10:03:23 baseweed-admin dbus-run-session[1040]:   WARN: Process failed to start, likely because the binary could not be found. Command: QList("bluetoothctl", "show")
Oct 04 10:03:25 baseweed-admin dbus-run-session[1040]:   WARN: Process failed to start, likely because the binary could not be found. Command: QList("bluetoothctl", "show")
Oct 04 10:03:25 baseweed-admin dbus-run-session[1040]:   WARN qml: [20261004-100325]       Location Weather is still fetching
Oct 04 10:03:25 baseweed-admin dbus-run-session[1040]:  ERROR qml: [20261004-100325]       Location Geocoding error: 0
Oct 04 10:03:25 baseweed-admin dbus-run-session[1040]:   INFO qml: [20261004-100325]        PodApps cache refresh loaded 0 apps
Oct 04 10:03:27 baseweed-admin dbus-run-session[1040]:   WARN: Process failed to start, likely because the binary could not be found. Command: QList("bluetoothctl", "show")
Oct 04 10:03:29 baseweed-admin dbus-run-session[1040]:   WARN: Process failed to start, likely because the binary could not be found. Command: QList("bluetoothctl", "show")
Oct 04 10:03:31 baseweed-admin dbus-run-session[1040]:   WARN: Process failed to start, likely because the binary could not be found. Command: QList("bluetoothctl", "show")
Oct 04 10:03:31 baseweed-admin dbus-run-session[1040]:   INFO qml: [20261004-100331]        PodApps auto-scan: qdistro-tier3s-s126a transitioned to running
Oct 04 10:03:32 baseweed-admin weston[915]: [10:03:32.182] qdwin: toplevel_added handle=1 uid=1000 pid=4752 app_id=(null) title=""
Oct 04 10:03:32 baseweed-admin weston[915]: [10:03:32.183] qdwin: toplevel_security_context handle=1 engine=qdistro.tier3s app_id=qdistro.tier3s.s126a instance=097f28926b0984ba2a511cf1448cda07
Oct 04 10:03:32 baseweed-admin weston[915]: [10:03:32.183] qdwin: toplevel_peer_identity handle=1 pid=4752 starttime=7157 uid=1000 exe=/usr/bin/waypipe label=system_u:system_r:unconfined_service_t:s0
Oct 04 10:03:32 baseweed-admin weston[915]: [10:03:32.183] qdwin: holding_released handle=1 via default_toplevel_policy (held → normal)
Oct 04 10:03:32 baseweed-admin weston[915]: [10:03:32.188] Detected an unmapped surface or view in the layer list, which should not occur.
Oct 04 10:03:32 baseweed-admin weston[915]:                Warning: the above message will not be printed again.
Oct 04 10:03:32 baseweed-admin dbus-run-session[1040]:   INFO qml: [20261004-100332]          Qdwin toplevel_security_context handle=1 engine=qdistro.tier3s app_id=qdistro.tier3s.s126a instance=097f28926b0984ba2a511cf1448cda07
Oct 04 10:03:32 baseweed-admin dbus-run-session[1040]:   INFO qml: [20261004-100332]     Tier3sApps [tier3s] toplevel observed silo=s126a secctx=qdistro.tier3s.s126a color=#8bc34a handle=1
Oct 04 10:03:32 baseweed-admin dbus-run-session[1040]:   INFO qml: [20261004-100332]     Tier3sApps [tier3s] silo=s126a color=#8bc34a
Oct 04 10:03:32 baseweed-admin weston[915]: [10:03:32.220] qdwin: toplevel_title handle=1 title="[3s:s126a] Wayland Terminal"
Oct 04 10:03:32 baseweed-admin weston[915]: [10:03:32.220] qdwin: toplevel_app_id handle=1 app_id="org.freedesktop.weston.wayland-terminal"
Oct 04 10:03:32 baseweed-admin weston[915]: [10:03:32.220] qdwin: mapped handle=1 size=806x491 pos=557,310 (normal)
Oct 04 10:03:32 baseweed-admin weston[915]: [10:03:32.220] qdwin: focus handle=1 (was 4294967295) seat=default
Oct 04 10:03:32 baseweed-admin weston[915]: [10:03:32.220] qdwin: seat_focus_changed seat=default handle=1
Oct 04 10:03:32 baseweed-admin dbus-run-session[1040]:   WARN: Could not load icon "org.freedesktop.weston.wayland-terminal?fallback=application-x-executable" at size QSize(19, 19) from request
Oct 04 10:03:32 baseweed-admin dbus-run-session[1040]:   INFO qml: [20261004-100332]  Tier3FocusIPC findSiloHandle silo=s126a → HANDLE=1
Oct 04 10:03:32 baseweed-admin dbus-run-session[1040]:   WARN qml: [20261004-100332]  Tier3FocusIPC injectFocus REJECTED — handle=9999 is not a tier-3/tier3s/tier-4 toplevel (see Tier3Apps/Tier3sApps/Tier4Apps models)
Oct 04 10:03:32 baseweed-admin weston[915]: [10:03:32.742] qdwin/secctx: helper pid=5156 launcher parent pid=5155 exe unreadable; falling back to verified root-parent + stable-starttime attestation
Oct 04 10:03:32 baseweed-admin weston[915]: [10:03:32.742] qdwin/secctx: helper pid=5156 launcher parent pid=5155 exe unreadable; falling back to verified root-parent + stable-starttime attestation
Oct 04 10:03:32 baseweed-admin weston[915]: [10:03:32.743] qdwin/secctx: helper pid=5156 launcher parent pid=5155 exe unreadable; falling back to verified root-parent + stable-starttime attestation
Oct 04 10:03:32 baseweed-admin weston[915]: [10:03:32.743] qdwin/secctx: helper pid=5156 launcher parent pid=5155 exe unreadable; falling back to verified root-parent + stable-starttime attestation
Oct 04 10:03:32 baseweed-admin weston[915]: [10:03:32.743] qdwin/secctx: manager bound by uid=1000 pid=5156 (helper)
Oct 04 10:03:32 baseweed-admin weston[915]: [10:03:32.743] qdwin/secctx: committed engine=qdistro.tier3s app_id=qdistro.tier3s.s126probe instance_id=deadbeefcafe0000 listen_fd=80 close_fd=81
Oct 04 10:03:32 baseweed-admin weston[915]: [10:03:32.807] qdwin/secctx: client accepted engine=qdistro.tier3s app_id=qdistro.tier3s.s126probe instance_id=deadbeefcafe0000 (total tagged: 2)
Oct 04 10:03:33 baseweed-admin weston[915]: [10:03:33.212] qdwin: toplevel_removed handle=1
Oct 04 10:03:33 baseweed-admin weston[915]: [10:03:33.213] qdwin: focus handle=4294967295 (was 1) seat=default
Oct 04 10:03:33 baseweed-admin weston[915]: [10:03:33.213] qdwin: seat_focus_changed seat=default handle=4294967295
Oct 04 10:03:33 baseweed-admin dbus-run-session[1040]:   WARN: Process failed to start, likely because the binary could not be found. Command: QList("bluetoothctl", "show")
Oct 04 10:03:33 baseweed-admin dbus-run-session[1040]:   WARN qml: [20261004-100333]        PodApps scan failed for qdistro-tier3s-s126a (exit 2)
Oct 04 10:03:34 baseweed-admin dbus-run-session[1040]:   WARN qml: [20261004-100334]        Network Connectivity check error: Error: Not authorized to recheck connectivity.
Oct 04 10:03:35 baseweed-admin dbus-run-session[1040]:   WARN: Process failed to start, likely because the binary could not be found. Command: QList("bluetoothctl", "show")
Oct 04 10:03:37 baseweed-admin dbus-run-session[1040]:   WARN: Process failed to start, likely because the binary could not be found. Command: QList("bluetoothctl", "show")
