Oct 04 10:02:02 baseweed-admin systemd[857]: Started qdwin compositor (libweston + qdwin-shell.so).
Oct 04 10:02:02 baseweed-admin systemd[857]: Starting qdistro screen locker (qdlocker)...
Oct 04 10:02:02 baseweed-admin systemd[857]: Starting qdshell desktop (Quickshell QML on top of qdwin)...
Oct 04 10:02:03 baseweed-admin weston[926]: Date: 2026-10-04 UTC
Oct 04 10:02:03 baseweed-admin weston[926]: [10:02:03.269] weston 16.0.0
Oct 04 10:02:03 baseweed-admin weston[926]:                https://wayland.freedesktop.org
Oct 04 10:02:03 baseweed-admin weston[926]:                Bug reports to: https://gitlab.freedesktop.org/wayland/weston/issues/
Oct 04 10:02:03 baseweed-admin weston[926]:                Build: 16.0.0
Oct 04 10:02:03 baseweed-admin weston[926]: [10:02:03.269] Command line: /usr/bin/weston --config=/home/admin/weston.ini --socket=wayland-1
Oct 04 10:02:03 baseweed-admin weston[926]: [10:02:03.269] OS: Linux, 7.2.8-1-default, #1 SMP PREEMPT_DYNAMIC Sat Sep 26 07:00:58 UTC 2026 (9b36732), x86_64
Oct 04 10:02:03 baseweed-admin weston[926]: [10:02:03.269] Flight recorder: enabled, scopes subscribed: log
Oct 04 10:02:03 baseweed-admin weston[926]: [10:02:03.273] Using config file '/home/admin/weston.ini'
Oct 04 10:02:03 baseweed-admin weston[926]: [10:02:03.273] Output repaint window is 7 ms maximum.
Oct 04 10:02:03 baseweed-admin weston[926]: [10:02:03.280] Loading module '/usr/libexec/qdistro/qdwin-libweston/lib64/libweston-16/drm-backend.so'
Oct 04 10:02:03 baseweed-admin weston[926]: [10:02:03.293] initializing drm backend
Oct 04 10:02:03 baseweed-admin weston[926]: [10:02:03.293] Trying libseat launcher...
Oct 04 10:02:03 baseweed-admin weston[926]: [10:02:03.302] [libseat/libseat.c:73] Seat opened with backend 'seatd'
Oct 04 10:02:03 baseweed-admin weston[926]: [10:02:03.302] [libseat/backend/seatd.c:218] Enabling seat
Oct 04 10:02:03 baseweed-admin weston[926]: [10:02:03.302] libseat: session control granted
Oct 04 10:02:03 baseweed-admin weston[926]: [10:02:03.307] using /dev/dri/card0
Oct 04 10:02:03 baseweed-admin weston[926]: [10:02:03.307] DRM: supports atomic modesetting
Oct 04 10:02:03 baseweed-admin weston[926]: [10:02:03.307] DRM: supports cursor-plane hotspot (virtualized cursor)
Oct 04 10:02:03 baseweed-admin weston[926]: [10:02:03.307] DRM: does not support GBM modifiers
Oct 04 10:02:03 baseweed-admin weston[926]: [10:02:03.307] DRM: does not support Atomic async page flip
Oct 04 10:02:03 baseweed-admin weston[926]: [10:02:03.307] DRM: supports picture aspect ratio
Oct 04 10:02:03 baseweed-admin weston[926]: [10:02:03.309] DRM: EDID for the following head fails conformity:
Oct 04 10:02:03 baseweed-admin weston[926]: Block 1, CTA-861 Extension Block:
Oct 04 10:02:03 baseweed-admin weston[926]:   Padding: Contains non-zero bytes.
Oct 04 10:02:03 baseweed-admin weston[926]: [10:02:03.316] DRM: head 'Virtual-1' found, connector 40 is connected, EDID make 'Red Hat, Inc.', model 'QEMU Monitor', serial ''
Oct 04 10:02:03 baseweed-admin weston[926]:                Supported EOTF modes: SDR
Oct 04 10:02:03 baseweed-admin weston[926]:                Supported colorimetry modes: default
Oct 04 10:02:03 baseweed-admin weston[926]:                Supported VRR modes: (none),
Oct 04 10:02:03 baseweed-admin weston[926]:                Supported color formats: AUTO
Oct 04 10:02:04 baseweed-admin weston[926]: [10:02:04.411] Loading module '/usr/libexec/qdistro/qdwin-libweston/lib64/libweston-16/gl-renderer.so'
Oct 04 10:02:04 baseweed-admin weston[926]: [10:02:04.420] warning: failed to query rendering device from EGL
Oct 04 10:02:04 baseweed-admin weston[926]: [10:02:04.420] EGL version: 1.5
Oct 04 10:02:04 baseweed-admin weston[926]: [10:02:04.420] EGL vendor: Mesa Project
Oct 04 10:02:04 baseweed-admin weston[926]: [10:02:04.420] EGL client APIs: OpenGL OpenGL_ES
Oct 04 10:02:04 baseweed-admin weston[926]: [10:02:04.420] EGL features:
Oct 04 10:02:04 baseweed-admin weston[926]:                EGL Wayland extension: no
Oct 04 10:02:04 baseweed-admin weston[926]:                context priority: no
Oct 04 10:02:04 baseweed-admin weston[926]:                buffer age: yes
Oct 04 10:02:04 baseweed-admin weston[926]:                partial update: no
Oct 04 10:02:04 baseweed-admin weston[926]:                swap buffers with damage: no
Oct 04 10:02:04 baseweed-admin weston[926]:                configless context: yes
Oct 04 10:02:04 baseweed-admin weston[926]:                surfaceless context: yes
Oct 04 10:02:04 baseweed-admin weston[926]:                dmabuf support: modifiers
Oct 04 10:02:04 baseweed-admin weston[926]:                fence sync: yes (wait)
Oct 04 10:02:04 baseweed-admin weston[926]: [10:02:04.596] GL version: OpenGL ES 3.2 Mesa 26.2.3
Oct 04 10:02:04 baseweed-admin weston[926]: [10:02:04.596] GLSL version: OpenGL ES GLSL ES 3.20
Oct 04 10:02:04 baseweed-admin weston[926]: [10:02:04.596] GL vendor: Mesa
Oct 04 10:02:04 baseweed-admin weston[926]: [10:02:04.596] GL renderer: llvmpipe (LLVM 23.1.1, 256 bits)
Oct 04 10:02:04 baseweed-admin weston[926]: [10:02:04.607] GL ES 3.2 - renderer features:
Oct 04 10:02:04 baseweed-admin weston[926]:                read-back format: ARGB8888
Oct 04 10:02:04 baseweed-admin weston[926]:                glReadPixels supports y-flip: yes
Oct 04 10:02:04 baseweed-admin weston[926]:                glReadPixels supports PBO: yes
Oct 04 10:02:04 baseweed-admin weston[926]:                wl_shm 10 bpc formats: yes
Oct 04 10:02:04 baseweed-admin weston[926]:                wl_shm 16 bpc formats: yes
Oct 04 10:02:04 baseweed-admin weston[926]:                wl_shm half-float formats: yes
Oct 04 10:02:04 baseweed-admin weston[926]:                internal R and RG formats: yes
Oct 04 10:02:04 baseweed-admin weston[926]:                OES_EGL_image_external: yes
Oct 04 10:02:04 baseweed-admin weston[926]:                GPU timeline: no
Oct 04 10:02:04 baseweed-admin weston[926]:                Texture immutability: yes
Oct 04 10:02:04 baseweed-admin weston[926]:                Required precision: yes
Oct 04 10:02:04 baseweed-admin weston[926]:                In-shader blending: yes
Oct 04 10:02:04 baseweed-admin weston[926]: [10:02:04.608] Using GL renderer
Oct 04 10:02:04 baseweed-admin weston[926]: [10:02:04.824] event3  - QEMU QEMU USB Tablet: is tagged by udev as: Mouse
Oct 04 10:02:04 baseweed-admin weston[926]: [10:02:04.825] event3  - QEMU QEMU USB Tablet: device is a pointer
Oct 04 10:02:04 baseweed-admin weston[926]: [10:02:04.826] event4  - Power Button: is tagged by udev as: Keyboard
Oct 04 10:02:04 baseweed-admin weston[926]: [10:02:04.826] event4  - Power Button: device is a keyboard
Oct 04 10:02:04 baseweed-admin weston[926]: [10:02:04.828] event0  - AT Translated Set 2 keyboard: is tagged by udev as: Keyboard
Oct 04 10:02:04 baseweed-admin weston[926]: [10:02:04.828] event0  - AT Translated Set 2 keyboard: device is a keyboard
Oct 04 10:02:04 baseweed-admin weston[926]: [10:02:04.831] event2  - VirtualPS/2 VMware VMMouse: is tagged by udev as: Mouse
Oct 04 10:02:04 baseweed-admin weston[926]: [10:02:04.833] event2  - VirtualPS/2 VMware VMMouse: emulating high-resolution scroll wheel events.
Oct 04 10:02:04 baseweed-admin weston[926]: [10:02:04.834] event2  - VirtualPS/2 VMware VMMouse: device is a pointer
Oct 04 10:02:04 baseweed-admin weston[926]: [10:02:04.838] event1  - VirtualPS/2 VMware VMMouse: is tagged by udev as: Mouse
Oct 04 10:02:04 baseweed-admin weston[926]: [10:02:04.838] event1  - VirtualPS/2 VMware VMMouse: device is a pointer
Oct 04 10:02:04 baseweed-admin weston[926]: [10:02:04.839] event5  - PC Speaker: not tagged as supported input device
Oct 04 10:02:04 baseweed-admin weston[926]: [10:02:04.848] event5  - not using input device '/dev/input/event5'
Oct 04 10:02:04 baseweed-admin weston[926]: [10:02:04.852] event6  - ydotoold virtual device: is tagged by udev as: Keyboard
Oct 04 10:02:04 baseweed-admin weston[926]: [10:02:04.852] event6  - ydotoold virtual device: emulating high-resolution scroll wheel events.
Oct 04 10:02:04 baseweed-admin weston[926]: [10:02:04.853] event6  - ydotoold virtual device: device is a keyboard
Oct 04 10:02:04 baseweed-admin weston[926]: [10:02:04.854] libinput: configuring device "QEMU QEMU USB Tablet".
Oct 04 10:02:04 baseweed-admin weston[926]: [10:02:04.854] input device event3 has no enabled output associated (none named), skipping calibration for now.
Oct 04 10:02:04 baseweed-admin weston[926]: [10:02:04.875] libinput: configuring device "Power Button".
Oct 04 10:02:04 baseweed-admin weston[926]: [10:02:04.876] libinput: configuring device "AT Translated Set 2 keyboard".
Oct 04 10:02:04 baseweed-admin weston[926]: [10:02:04.876] libinput: configuring device "VirtualPS/2 VMware VMMouse".
Oct 04 10:02:04 baseweed-admin weston[926]: [10:02:04.876] libinput: configuring device "VirtualPS/2 VMware VMMouse".
Oct 04 10:02:04 baseweed-admin weston[926]: [10:02:04.876] input device event1 has no enabled output associated (none named), skipping calibration for now.
Oct 04 10:02:04 baseweed-admin weston[926]: [10:02:04.876] libinput: configuring device "ydotoold virtual device".
Oct 04 10:02:04 baseweed-admin weston[926]: [10:02:04.876] Registered plugin API 'weston_drm_output_api_v1' of size 40
Oct 04 10:02:04 baseweed-admin weston[926]: [10:02:04.877] Loading module '/usr/libexec/qdistro/qdwin-libweston/lib64/libweston-16/pipewire-backend.so'
Oct 04 10:02:04 baseweed-admin weston[926]: [10:02:04.878] Initializing PipeWire backend
Oct 04 10:02:04 baseweed-admin weston[926]: [10:02:04.887] Registered plugin API 'weston_pipewire_output_api_v2' of size 24
Oct 04 10:02:04 baseweed-admin weston[926]: [10:02:04.887] Color manager: no-op
Oct 04 10:02:04 baseweed-admin weston[926]:                  protocol support: no
Oct 04 10:02:04 baseweed-admin weston[926]: [10:02:04.887] Setting output 'Virtual-1' to color AUTO format
Oct 04 10:02:04 baseweed-admin weston[926]: [10:02:04.888] Output 'Virtual-1' attempts EOTF mode SDR and colorimetry mode default.
Oct 04 10:02:04 baseweed-admin weston[926]: [10:02:04.888] Output 'Virtual-1' using color profile: stock sRGB color profile
Oct 04 10:02:04 baseweed-admin weston[926]: [10:02:04.888] Chosen EGL config details: id:  46 rgba: 8 8 8 0 buf: 24 dep:  0 stcl: 0 int: 1-1 type: win val: fix vis_id: XRGB8888 (0x34325258)
Oct 04 10:02:04 baseweed-admin weston[926]: [10:02:04.888] Output Virtual-1 (crtc 39) video modes:
Oct 04 10:02:04 baseweed-admin weston[926]:                1280x800@75.0, preferred, 107.3 MHz
Oct 04 10:02:04 baseweed-admin weston[926]:                5120x2160@50.0 64:27, 742.5 MHz
Oct 04 10:02:04 baseweed-admin weston[926]:                4096x2160@50.0 256:135, 594.0 MHz
Oct 04 10:02:04 baseweed-admin weston[926]:                3840x2160@60.0 16:9, 594.0 MHz
Oct 04 10:02:04 baseweed-admin weston[926]:                3840x2160@59.9 16:9, 593.4 MHz
Oct 04 10:02:04 baseweed-admin weston[926]:                3840x2160@50.0 16:9, 594.0 MHz
Oct 04 10:02:04 baseweed-admin weston[926]:                1920x1440@60.0, 234.0 MHz
Oct 04 10:02:04 baseweed-admin weston[926]:                2560x1080@50.0 64:27, 185.6 MHz
Oct 04 10:02:04 baseweed-admin weston[926]:                1856x1392@60.0, 218.2 MHz
Oct 04 10:02:04 baseweed-admin weston[926]:                1792x1344@60.0, 204.8 MHz
Oct 04 10:02:04 baseweed-admin weston[926]:                2048x1152@60.0, 162.0 MHz
Oct 04 10:02:04 baseweed-admin weston[926]:                1920x1200@59.9, 193.2 MHz
Oct 04 10:02:04 baseweed-admin weston[926]:                1920x1080@60.0, current, 148.5 MHz
Oct 04 10:02:04 baseweed-admin weston[926]:                1920x1080@50.0 16:9, 148.5 MHz
Oct 04 10:02:04 baseweed-admin weston[926]:                1600x1200@60.0, 162.0 MHz
Oct 04 10:02:04 baseweed-admin weston[926]:                1680x1050@60.0, 146.2 MHz
Oct 04 10:02:04 baseweed-admin weston[926]:                1400x1050@60.0, 121.8 MHz
Oct 04 10:02:04 baseweed-admin weston[926]:                1280x1024@60.0, 108.0 MHz
Oct 04 10:02:04 baseweed-admin weston[926]:                1440x900@59.9, 106.5 MHz
Oct 04 10:02:04 baseweed-admin weston[926]:                1280x960@60.0, 108.0 MHz
Oct 04 10:02:04 baseweed-admin weston[926]:                1360x768@60.0, 85.5 MHz
Oct 04 10:02:04 baseweed-admin weston[926]:                1280x768@59.9, 79.5 MHz
Oct 04 10:02:04 baseweed-admin weston[926]:                1024x768@60.0, 65.0 MHz
Oct 04 10:02:04 baseweed-admin weston[926]:                800x600@60.3, 40.0 MHz
Oct 04 10:02:04 baseweed-admin weston[926]:                640x480@60.0 4:3, 25.2 MHz
Oct 04 10:02:04 baseweed-admin weston[926]:                640x480@59.9, 25.2 MHz
Oct 04 10:02:04 baseweed-admin weston[926]: [10:02:04.888] associating input device event3 with output Virtual-1 (none by udev)
Oct 04 10:02:04 baseweed-admin weston[926]: [10:02:04.889] associating input device event4 with output Virtual-1 (none by udev)
Oct 04 10:02:04 baseweed-admin weston[926]: [10:02:04.889] associating input device event0 with output Virtual-1 (none by udev)
Oct 04 10:02:04 baseweed-admin weston[926]: [10:02:04.889] associating input device event2 with output Virtual-1 (none by udev)
Oct 04 10:02:04 baseweed-admin weston[926]: [10:02:04.889] associating input device event1 with output Virtual-1 (none by udev)
Oct 04 10:02:04 baseweed-admin weston[926]: [10:02:04.889] associating input device event6 with output Virtual-1 (none by udev)
Oct 04 10:02:04 baseweed-admin weston[926]: [10:02:04.889] Output 'Virtual-1' enabled with head(s) Virtual-1
Oct 04 10:02:04 baseweed-admin weston[926]: [10:02:04.889] pipewire_backend_output_configure.. Done
Oct 04 10:02:04 baseweed-admin weston[926]: [10:02:04.889] Output 'pipewire-0' attempts EOTF mode SDR and colorimetry mode default.
Oct 04 10:02:04 baseweed-admin weston[926]: [10:02:04.889] Output 'pipewire-0' using color profile: stock sRGB color profile
Oct 04 10:02:04 baseweed-admin weston[926]: [10:02:04.953] Output 'pipewire-0' enabled with head(s) pipewire-0
Oct 04 10:02:04 baseweed-admin weston[926]: [10:02:04.953] pipewire_backend_output_configure.. Done
Oct 04 10:02:04 baseweed-admin weston[926]: [10:02:04.953] Output 'pipewire-1' attempts EOTF mode SDR and colorimetry mode default.
Oct 04 10:02:04 baseweed-admin weston[926]: [10:02:04.953] Output 'pipewire-1' using color profile: stock sRGB color profile
Oct 04 10:02:04 baseweed-admin weston[926]: [10:02:04.953] Output 'pipewire-1' enabled with head(s) pipewire-1
Oct 04 10:02:04 baseweed-admin weston[926]: [10:02:04.953] Compositor capabilities:
Oct 04 10:02:04 baseweed-admin weston[926]:                arbitrary surface rotation: yes
Oct 04 10:02:04 baseweed-admin weston[926]:                screen capture uses y-flip: yes
Oct 04 10:02:04 baseweed-admin weston[926]:                cursor planes: yes
Oct 04 10:02:04 baseweed-admin weston[926]:                arbitrary resolutions: yes
Oct 04 10:02:04 baseweed-admin weston[926]:                view mask clipping: yes
Oct 04 10:02:04 baseweed-admin weston[926]:                explicit sync: no
Oct 04 10:02:04 baseweed-admin weston[926]:                color operations: yes
Oct 04 10:02:04 baseweed-admin weston[926]:                color representation: yes
Oct 04 10:02:04 baseweed-admin weston[926]:                in-shader blending: yes
Oct 04 10:02:04 baseweed-admin weston[926]:                presentation clock: CLOCK_MONOTONIC, id 1
Oct 04 10:02:04 baseweed-admin weston[926]:                presentation clock resolution: 0.000000001 s
Oct 04 10:02:04 baseweed-admin weston[926]: [10:02:04.954] Loading module '/usr/lib64/weston/qdwin-shell.so'
Oct 04 10:02:04 baseweed-admin weston[926]: [10:02:04.959] qdwin: locker bind policy defaulting to entrypoint=/usr/local/bin/qdlocker:/usr/bin/qdlocker (system interpreter + root-owned entrypoint; no explicit policy configured); set --qdwin-allowed-locker-any to override to uid-only
Oct 04 10:02:04 baseweed-admin weston[926]: [10:02:04.959] qdwin: locker bind policy uid=1000 entrypoint=/usr/local/bin/qdlocker:/usr/bin/qdlocker exe=(any) label=(any)
Oct 04 10:02:04 baseweed-admin weston[926]: [10:02:04.959] qdwin: ext-idle-notify idle_time=0 internal_mode=1
Oct 04 10:02:04 baseweed-admin weston[926]: [10:02:04.960] qdwin: cursor-shape theme=(default) size=24 loaded=0/36
Oct 04 10:02:04 baseweed-admin weston[926]: [10:02:04.960] qdwin: layer-popup grab handler registered
Oct 04 10:02:04 baseweed-admin weston[926]: [10:02:04.960] qdwin/nested-proxy: default keyboard grab installed on seat 'default'
Oct 04 10:02:04 baseweed-admin weston[926]: [10:02:04.961] qdwin: background curtain 3200x1080 installed
Oct 04 10:02:04 baseweed-admin weston[926]: [10:02:04.961] qdwin: WARNING shell-authorized output capture enabled via QDWIN_ENABLE_SHELL_CAPTURE — dev/test only, do not use in production
Oct 04 10:02:04 baseweed-admin weston[926]: [10:02:04.961] qdwin: retained-frame capture armed on output=Virtual-1
Oct 04 10:02:04 baseweed-admin weston[926]: [10:02:04.961] qdwin: shell loaded (allowed_uid=1000); desktop + qdwin_shell_v1 ready
Oct 04 10:02:04 baseweed-admin weston[926]: [10:02:04.962] Loading module '/usr/lib64/libweston-16/xwayland.so'
Oct 04 10:02:04 baseweed-admin weston[926]: [10:02:04.964] Registered plugin API 'weston_xwayland_v3' of size 32
Oct 04 10:02:04 baseweed-admin weston[926]: [10:02:04.964] Registered plugin API 'weston_xwayland_surface_v2' of size 24
Oct 04 10:02:04 baseweed-admin weston[926]: [10:02:04.965] xserver listening on display :0
Oct 04 10:02:05 baseweed-admin systemd[857]: Started qdshell desktop (Quickshell QML on top of qdwin).
Oct 04 10:02:05 baseweed-admin systemd[857]: Started qdistro screen locker (qdlocker).
Oct 04 10:02:05 baseweed-admin weston[926]: [10:02:05.154] qdwin: bind attempt pid=1039 uid=1000 (allowed_uid=1000)
Oct 04 10:02:05 baseweed-admin weston[926]: [10:02:05.154] qdwin: bind accepted for uid=1000, hello sent
Oct 04 10:02:05 baseweed-admin weston[926]: [10:02:05.156] qdwin: cursor-sprite registered shape=default hotspot=3,1
Oct 04 10:02:05 baseweed-admin weston[926]: [10:02:05.156] qdwin: cursor_retry_install: scheduling first retry in 1000ms
Oct 04 10:02:05 baseweed-admin weston[926]: [10:02:05.157] qdwin: cursor-sprite registered shape=context-menu hotspot=3,1
Oct 04 10:02:05 baseweed-admin weston[926]: [10:02:05.159] qdwin: cursor-sprite registered shape=help hotspot=12,21
Oct 04 10:02:05 baseweed-admin weston[926]: [10:02:05.160] qdwin: cursor-sprite registered shape=pointer hotspot=7,5
Oct 04 10:02:05 baseweed-admin weston[926]: [10:02:05.186] qdwin: cursor-sprite registered shape=progress hotspot=3,1
Oct 04 10:02:05 baseweed-admin weston[926]: [10:02:05.201] qdwin: cursor-sprite registered shape=wait hotspot=11,11
Oct 04 10:02:05 baseweed-admin weston[926]: [10:02:05.202] qdwin: cursor-sprite registered shape=cell hotspot=11,11
Oct 04 10:02:05 baseweed-admin weston[926]: [10:02:05.202] qdwin: cursor-sprite registered shape=crosshair hotspot=11,11
Oct 04 10:02:05 baseweed-admin weston[926]: [10:02:05.202] qdwin: cursor-sprite registered shape=text hotspot=11,12
Oct 04 10:02:05 baseweed-admin weston[926]: [10:02:05.203] qdwin: cursor-sprite registered shape=vertical-text hotspot=12,11
Oct 04 10:02:05 baseweed-admin weston[926]: [10:02:05.203] qdwin: cursor-sprite registered shape=alias hotspot=18,5
Oct 04 10:02:05 baseweed-admin weston[926]: [10:02:05.203] qdwin: cursor-sprite registered shape=copy hotspot=3,1
Oct 04 10:02:05 baseweed-admin weston[926]: [10:02:05.203] qdwin: cursor-sprite registered shape=move hotspot=3,1
Oct 04 10:02:05 baseweed-admin weston[926]: [10:02:05.203] qdwin: cursor-sprite registered shape=no-drop hotspot=3,1
Oct 04 10:02:05 baseweed-admin weston[926]: [10:02:05.204] qdwin: cursor-sprite registered shape=not-allowed hotspot=12,12
Oct 04 10:02:05 baseweed-admin weston[926]: [10:02:05.204] qdwin: cursor-sprite registered shape=grab hotspot=11,2
Oct 04 10:02:05 baseweed-admin weston[926]: [10:02:05.205] qdwin: cursor-sprite registered shape=grabbing hotspot=9,5
Oct 04 10:02:05 baseweed-admin weston[926]: [10:02:05.205] qdwin: cursor-sprite registered shape=e-resize hotspot=19,13
Oct 04 10:02:05 baseweed-admin weston[926]: [10:02:05.205] qdwin: cursor-sprite registered shape=n-resize hotspot=13,6
Oct 04 10:02:05 baseweed-admin weston[926]: [10:02:05.205] qdwin: cursor-sprite registered shape=ne-resize hotspot=15,10
Oct 04 10:02:05 baseweed-admin weston[926]: [10:02:05.205] qdwin: cursor-sprite registered shape=nw-resize hotspot=10,10
Oct 04 10:02:05 baseweed-admin weston[926]: [10:02:05.206] qdwin: cursor-sprite registered shape=s-resize hotspot=13,18
Oct 04 10:02:05 baseweed-admin weston[926]: [10:02:05.207] qdwin: cursor-sprite registered shape=se-resize hotspot=15,15
Oct 04 10:02:05 baseweed-admin weston[926]: [10:02:05.207] qdwin: cursor-sprite registered shape=sw-resize hotspot=10,15
Oct 04 10:02:05 baseweed-admin weston[926]: [10:02:05.207] qdwin: cursor-sprite registered shape=w-resize hotspot=6,13
Oct 04 10:02:05 baseweed-admin weston[926]: [10:02:05.208] qdwin: cursor-sprite registered shape=ew-resize hotspot=12,12
Oct 04 10:02:05 baseweed-admin weston[926]: [10:02:05.208] qdwin: cursor-sprite registered shape=ns-resize hotspot=12,13
Oct 04 10:02:05 baseweed-admin weston[926]: [10:02:05.208] qdwin: cursor-sprite registered shape=nesw-resize hotspot=11,11
Oct 04 10:02:05 baseweed-admin weston[926]: [10:02:05.208] qdwin: cursor-sprite registered shape=nwse-resize hotspot=11,11
Oct 04 10:02:05 baseweed-admin weston[926]: [10:02:05.209] qdwin: cursor-sprite registered shape=col-resize hotspot=12,12
Oct 04 10:02:05 baseweed-admin weston[926]: [10:02:05.209] qdwin: cursor-sprite registered shape=row-resize hotspot=12,13
Oct 04 10:02:05 baseweed-admin weston[926]: [10:02:05.209] qdwin: cursor-sprite registered shape=all-scroll hotspot=11,11
Oct 04 10:02:05 baseweed-admin weston[926]: [10:02:05.210] qdwin: cursor-sprite registered shape=zoom-in hotspot=11,10
Oct 04 10:02:05 baseweed-admin weston[926]: [10:02:05.210] qdwin: cursor-sprite registered shape=zoom-out hotspot=11,10
Oct 04 10:02:05 baseweed-admin weston[926]: [10:02:05.210] qdwin: cursor-sprite registered shape=dnd-ask hotspot=3,1
Oct 04 10:02:05 baseweed-admin weston[926]: [10:02:05.210] qdwin: cursor-sprite registered shape=all-resize hotspot=12,11
Oct 04 10:02:05 baseweed-admin dbus-run-session[1042]: No running instances for "/usr/share/quickshell/qdshell/shell.qml"
Oct 04 10:02:05 baseweed-admin dbus-run-session[1042]:   INFO: Launching config: "/usr/share/quickshell/qdshell/shell.qml"
Oct 04 10:02:05 baseweed-admin dbus-run-session[1042]:   INFO: Shell ID: "0d0d1ceeb7f0392fec595c8531945b05" Path ID "0d0d1ceeb7f0392fec595c8531945b05"
Oct 04 10:02:05 baseweed-admin dbus-run-session[1042]:   INFO: Saving logs to "/run/user/1000/quickshell/by-id/yshvndmt/log.qslog"
Oct 04 10:02:05 baseweed-admin qdlocker[1040]: 2026-10-04 10:02:05,493 qdlocker.app INFO using built-in defaults (no trusted config file found)
Oct 04 10:02:05 baseweed-admin qdlocker[1040]: 2026-10-04 10:02:05,530 qdlocker.auth INFO PAM service from env: qdlocker
Oct 04 10:02:05 baseweed-admin dbus-run-session[1042]: MESA-EGL: warning: failed to get driver name for fd -1
Oct 04 10:02:05 baseweed-admin dbus-run-session[1042]: MESA-EGL: warning: MESA-LOADER: failed to retrieve device information
Oct 04 10:02:05 baseweed-admin dbus-run-session[1042]: MESA-EGL: warning: failed to get driver name for fd -1
Oct 04 10:02:05 baseweed-admin dbus-run-session[1042]: MESA: error: ZINK: failed to choose pdev
Oct 04 10:02:05 baseweed-admin dbus-run-session[1042]: MESA-EGL: warning: egl: failed to create dri2 screen
Oct 04 10:02:05 baseweed-admin weston[926]: [10:02:05.811] qdwin: locker bind attempt pid=1040 uid=1000 (allowed_locker_uid=1000)
Oct 04 10:02:05 baseweed-admin weston[926]: [10:02:05.811] qdwin: locker bound pid=1040 uid=1000 (initially_locked=0)
Oct 04 10:02:05 baseweed-admin qdlocker[1040]: 2026-10-04 10:02:05,811 qdlocker.wayland INFO locker connected
Oct 04 10:02:05 baseweed-admin qdlocker[1040]: 2026-10-04 10:02:05,816 qdlocker.idle INFO idle watcher started; timeout=300000ms
Oct 04 10:02:05 baseweed-admin qdlocker[1040]: 2026-10-04 10:02:05,819 qdlocker.ctrl INFO ctrl socket at /run/user/1000/qdlocker.sock
Oct 04 10:02:05 baseweed-admin qdlocker[1040]: 2026-10-04 10:02:05,826 qdlocker.app INFO locker bound; initially_locked=False
Oct 04 10:02:05 baseweed-admin qdlocker[1040]: 2026-10-04 10:02:05,942 qdlocker.logind INFO logind sleep delay-inhibitor acquired (fd=20)
Oct 04 10:02:05 baseweed-admin qdlocker[1040]: 2026-10-04 10:02:05,945 qdlocker.logind WARNING cannot identify one owned active Wayland session (0 candidates); session lock unavailable
Oct 04 10:02:05 baseweed-admin qdlocker[1040]: 2026-10-04 10:02:05,947 qdlocker.logind INFO logind automatic sleep locking ready; session=None
Oct 04 10:02:23 baseweed-admin dbus-run-session[1042]:   INFO qml: [20261004-100223]           I18n Service started
Oct 04 10:02:23 baseweed-admin dbus-run-session[1042]:   INFO qml: [20261004-100223]           I18n Loading "en" (locale: "en-Latn-US")
Oct 04 10:02:23 baseweed-admin dbus-run-session[1042]:   INFO qml: [20261004-100223]          Shell ---------------------------
Oct 04 10:02:23 baseweed-admin dbus-run-session[1042]:   INFO qml: [20261004-100223]          Shell Qdshell Hello!
Oct 04 10:02:23 baseweed-admin dbus-run-session[1042]:   WARN scene: @Commons/I18n.qml[104:5]: Unable to assign QJSValue to QObject*
Oct 04 10:02:23 baseweed-admin dbus-run-session[1042]:   INFO: Configuration Loaded
Oct 04 10:02:23 baseweed-admin dbus-run-session[1042]:   WARN scene: @Commons/I18n.qml[104:5]: Unable to assign QJSValue to QObject*
Oct 04 10:02:23 baseweed-admin dbus-run-session[1042]:   INFO qml: [20261004-100223]       Settings Settings loaded
Oct 04 10:02:23 baseweed-admin dbus-run-session[1042]:   INFO qml: [20261004-100223]           I18n Loaded translations for "en"
Oct 04 10:02:23 baseweed-admin dbus-run-session[1042]:   INFO qml: [20261004-100223] PluginRegistry Loaded plugin states from: /home/admin/.config/qdshell/plugins.json
Oct 04 10:02:23 baseweed-admin dbus-run-session[1042]:   INFO qml: [20261004-100223] PluginRegistry Scanning plugin folder: /home/admin/.config/qdshell/plugins
Oct 04 10:02:23 baseweed-admin dbus-run-session[1042]:   INFO qml: [20261004-100223]          Icons Service started
Oct 04 10:02:23 baseweed-admin dbus-run-session[1042]:   INFO: ctrl-server: listening on /run/user/1000/qdshell.sock
Oct 04 10:02:23 baseweed-admin dbus-run-session[1042]:   WARN scene: QML Connections at @Services/Hardware/BrightnessService.qml[66:3]: Detected function "onEnableDdcSupportChanged" in Connections element. This is probably intended to be a signal handler but no signal of the target matches the name.
Oct 04 10:02:23 baseweed-admin dbus-run-session[1042]:   INFO qml: [20261004-100223]     Brightness Service started
Oct 04 10:02:24 baseweed-admin dbus-run-session[1042]:   INFO qml: [20261004-100224] DesktopWidgetR Service started
Oct 04 10:02:24 baseweed-admin dbus-run-session[1042]:   WARN scene: QML Connections at @Services/UI/BarService.qml[147:3]: Detected function "onDisplayModeChanged" in Connections element. This is probably intended to be a signal handler but no signal of the target matches the name.
Oct 04 10:02:24 baseweed-admin dbus-run-session[1042]:   WARN scene: QML Connections at @Services/UI/BarService.qml[147:3]: Detected function "onScreenOverridesChanged" in Connections element. This is probably intended to be a signal handler but no signal of the target matches the name.
Oct 04 10:02:24 baseweed-admin dbus-run-session[1042]:   INFO qml: [20261004-100224]     BarService Service started
Oct 04 10:02:24 baseweed-admin dbus-run-session[1042]:   WARN scene: QML Connections at @Services/Networking/NetworkService.qml[73:3]: Detected function "onWifiEnabledChanged" in Connections element. This is probably intended to be a signal handler but no signal of the target matches the name.
Oct 04 10:02:24 baseweed-admin dbus-run-session[1042]:   INFO qml: [20261004-100224]        Network Service started
Oct 04 10:02:24 baseweed-admin dbus-run-session[1042]:   WARN scene: QML Connections at @Modules/Panels/Dock/StaticDockPanel.qml[350:3]: Detected function "onPinnedAppsChanged" in Connections element. This is probably intended to be a signal handler but no signal of the target matches the name.
Oct 04 10:02:24 baseweed-admin dbus-run-session[1042]:   WARN scene: QML Connections at @Modules/Panels/Dock/StaticDockPanel.qml[350:3]: Detected function "onOnlySameOutputChanged" in Connections element. This is probably intended to be a signal handler but no signal of the target matches the name.
Oct 04 10:02:24 baseweed-admin dbus-run-session[1042]:   WARN scene: QML Connections at @Services/System/SystemStatService.qml[320:3]: Detected function "onEnableDgpuMonitoringChanged" in Connections element. This is probably intended to be a signal handler but no signal of the target matches the name.
Oct 04 10:02:24 baseweed-admin dbus-run-session[1042]:   INFO qml: [20261004-100224]     SystemStat Service started (polling deferred until a consumer registers).
Oct 04 10:02:24 baseweed-admin dbus-run-session[1042]:   WARN scene: QML Connections at @Modules/Panels/Dock/StaticDockPanel.qml[350:3]: Detected function "onPinnedAppsChanged" in Connections element. This is probably intended to be a signal handler but no signal of the target matches the name.
Oct 04 10:02:24 baseweed-admin dbus-run-session[1042]:   WARN scene: QML Connections at @Modules/Panels/Dock/StaticDockPanel.qml[350:3]: Detected function "onOnlySameOutputChanged" in Connections element. This is probably intended to be a signal handler but no signal of the target matches the name.
Oct 04 10:02:24 baseweed-admin dbus-run-session[1042]:   WARN scene: QML Connections at @Modules/Panels/Dock/StaticDockPanel.qml[350:3]: Detected function "onPinnedAppsChanged" in Connections element. This is probably intended to be a signal handler but no signal of the target matches the name.
Oct 04 10:02:24 baseweed-admin dbus-run-session[1042]:   WARN scene: QML Connections at @Modules/Panels/Dock/StaticDockPanel.qml[350:3]: Detected function "onOnlySameOutputChanged" in Connections element. This is probably intended to be a signal handler but no signal of the target matches the name.
Oct 04 10:02:24 baseweed-admin dbus-run-session[1042]:   WARN scene: QML Connections at @Services/UI/WallpaperService.qml[140:3]: Detected function "onWallpaperDownloaded" in Connections element. This is probably intended to be a signal handler but no signal of the target matches the name.
Oct 04 10:02:24 baseweed-admin dbus-run-session[1042]:   WARN scene: QML Connections at @Services/UI/WallpaperService.qml[61:3]: Detected function "onDirectoryChanged" in Connections element. This is probably intended to be a signal handler but no signal of the target matches the name.
Oct 04 10:02:24 baseweed-admin dbus-run-session[1042]:   WARN scene: QML Connections at @Services/UI/WallpaperService.qml[61:3]: Detected function "onEnableMultiMonitorDirectoriesChanged" in Connections element. This is probably intended to be a signal handler but no signal of the target matches the name.
Oct 04 10:02:24 baseweed-admin dbus-run-session[1042]:   WARN scene: QML Connections at @Services/UI/WallpaperService.qml[61:3]: Detected function "onAutomationEnabledChanged" in Connections element. This is probably intended to be a signal handler but no signal of the target matches the name.
Oct 04 10:02:24 baseweed-admin dbus-run-session[1042]:   WARN scene: QML Connections at @Services/UI/WallpaperService.qml[61:3]: Detected function "onRandomIntervalSecChanged" in Connections element. This is probably intended to be a signal handler but no signal of the target matches the name.
Oct 04 10:02:24 baseweed-admin dbus-run-session[1042]:   WARN scene: QML Connections at @Services/UI/WallpaperService.qml[61:3]: Detected function "onWallpaperChangeModeChanged" in Connections element. This is probably intended to be a signal handler but no signal of the target matches the name.
Oct 04 10:02:24 baseweed-admin dbus-run-session[1042]:   WARN scene: QML Connections at @Services/UI/WallpaperService.qml[61:3]: Detected function "onViewModeChanged" in Connections element. This is probably intended to be a signal handler but no signal of the target matches the name.
Oct 04 10:02:24 baseweed-admin dbus-run-session[1042]:   WARN scene: QML Connections at @Services/UI/WallpaperService.qml[61:3]: Detected function "onShowHiddenFilesChanged" in Connections element. This is probably intended to be a signal handler but no signal of the target matches the name.
Oct 04 10:02:24 baseweed-admin dbus-run-session[1042]:   WARN scene: QML Connections at @Services/UI/WallpaperService.qml[61:3]: Detected function "onUseSolidColorChanged" in Connections element. This is probably intended to be a signal handler but no signal of the target matches the name.
Oct 04 10:02:24 baseweed-admin dbus-run-session[1042]:   WARN scene: QML Connections at @Services/UI/WallpaperService.qml[61:3]: Detected function "onSolidColorChanged" in Connections element. This is probably intended to be a signal handler but no signal of the target matches the name.
Oct 04 10:02:24 baseweed-admin dbus-run-session[1042]:   WARN scene: QML Connections at @Services/UI/WallpaperService.qml[61:3]: Detected function "onSortOrderChanged" in Connections element. This is probably intended to be a signal handler but no signal of the target matches the name.
Oct 04 10:02:24 baseweed-admin dbus-run-session[1042]:   WARN scene: QML Connections at @Modules/Background/Background.qml[80:7]: Detected function "onFillModeChanged" in Connections element. This is probably intended to be a signal handler but no signal of the target matches the name.
Oct 04 10:02:24 baseweed-admin dbus-run-session[1042]:   WARN scene: QML Connections at @Modules/Background/Background.qml[80:7]: Detected function "onFillModeChanged" in Connections element. This is probably intended to be a signal handler but no signal of the target matches the name.
Oct 04 10:02:24 baseweed-admin dbus-run-session[1042]:   WARN scene: QML Connections at @Modules/Background/Background.qml[80:7]: Detected function "onFillModeChanged" in Connections element. This is probably intended to be a signal handler but no signal of the target matches the name.
Oct 04 10:02:24 baseweed-admin dbus-run-session[1042]:   WARN scene: QML Connections at @Modules/Dock/Dock.qml[45:7]: Detected function "onPinnedAppsChanged" in Connections element. This is probably intended to be a signal handler but no signal of the target matches the name.
Oct 04 10:02:24 baseweed-admin dbus-run-session[1042]:   WARN scene: QML Connections at @Modules/Dock/Dock.qml[45:7]: Detected function "onOnlySameOutputChanged" in Connections element. This is probably intended to be a signal handler but no signal of the target matches the name.
Oct 04 10:02:24 baseweed-admin dbus-run-session[1042]:   WARN scene: QML Connections at @Modules/Dock/Dock.qml[45:7]: Detected function "onPinnedAppsChanged" in Connections element. This is probably intended to be a signal handler but no signal of the target matches the name.
Oct 04 10:02:24 baseweed-admin dbus-run-session[1042]:   WARN scene: QML Connections at @Modules/Dock/Dock.qml[45:7]: Detected function "onOnlySameOutputChanged" in Connections element. This is probably intended to be a signal handler but no signal of the target matches the name.
Oct 04 10:02:24 baseweed-admin dbus-run-session[1042]:   WARN scene: QML Connections at @Modules/Dock/Dock.qml[45:7]: Detected function "onPinnedAppsChanged" in Connections element. This is probably intended to be a signal handler but no signal of the target matches the name.
Oct 04 10:02:24 baseweed-admin dbus-run-session[1042]:   WARN scene: QML Connections at @Modules/Dock/Dock.qml[45:7]: Detected function "onOnlySameOutputChanged" in Connections element. This is probably intended to be a signal handler but no signal of the target matches the name.
Oct 04 10:02:24 baseweed-admin dbus-run-session[1042]:   INFO qml: [20261004-100224]          Shell ---------------------------
Oct 04 10:02:24 baseweed-admin dbus-run-session[1042]:   INFO qml: [20261004-100224]      Wallpaper Service started
Oct 04 10:02:24 baseweed-admin dbus-run-session[1042]:   INFO qml: [20261004-100224]     ImageCache Service started
Oct 04 10:02:24 baseweed-admin dbus-run-session[1042]:   WARN scene: QML Connections at @Services/Theming/AppThemeService.qml[30:3]: Detected function "onDarkModeChanged" in Connections element. This is probably intended to be a signal handler but no signal of the target matches the name.
Oct 04 10:02:24 baseweed-admin dbus-run-session[1042]:   WARN scene: QML Connections at @Services/Theming/AppThemeService.qml[30:3]: Detected function "onMonitorForColorsChanged" in Connections element. This is probably intended to be a signal handler but no signal of the target matches the name.
Oct 04 10:02:24 baseweed-admin dbus-run-session[1042]:   WARN scene: QML Connections at @Services/Theming/AppThemeService.qml[30:3]: Detected function "onGenerationMethodChanged" in Connections element. This is probably intended to be a signal handler but no signal of the target matches the name.
Oct 04 10:02:24 baseweed-admin dbus-run-session[1042]:   INFO qml: [20261004-100224] AppThemeServic Service started
Oct 04 10:02:24 baseweed-admin dbus-run-session[1042]:   WARN scene: QML Connections at @Services/Theming/ColorSchemeService.qml[20:3]: Detected function "onDarkModeChanged" in Connections element. This is probably intended to be a signal handler but no signal of the target matches the name.
Oct 04 10:02:24 baseweed-admin dbus-run-session[1042]:   INFO qml: [20261004-100224]    ColorScheme Service started
Oct 04 10:02:24 baseweed-admin dbus-run-session[1042]:   INFO qml: [20261004-100224] AppPresentatio Service started
Oct 04 10:02:24 baseweed-admin dbus-run-session[1042]:   WARN scene: QML Connections at @Services/Location/DarkModeService.qml[43:3]: Detected function "onSchedulingModeChanged" in Connections element. This is probably intended to be a signal handler but no signal of the target matches the name.
Oct 04 10:02:24 baseweed-admin dbus-run-session[1042]:   WARN scene: QML Connections at @Services/Location/DarkModeService.qml[28:3]: Detected function "onManualSunriseChanged" in Connections element. This is probably intended to be a signal handler but no signal of the target matches the name.
Oct 04 10:02:24 baseweed-admin dbus-run-session[1042]:   WARN scene: QML Connections at @Services/Location/DarkModeService.qml[28:3]: Detected function "onManualSunsetChanged" in Connections element. This is probably intended to be a signal handler but no signal of the target matches the name.
Oct 04 10:02:24 baseweed-admin dbus-run-session[1042]:   INFO qml: [20261004-100224] DarkModeServic Service started
Oct 04 10:02:24 baseweed-admin dbus-run-session[1042]:   WARN scene: @Services/Location/DarkModeService.qml[29:5]: Unable to assign QJSValue to QObject*
Oct 04 10:02:24 baseweed-admin dbus-run-session[1042]:   WARN scene: @Services/Location/DarkModeService.qml[44:5]: Unable to assign QJSValue to QObject*
Oct 04 10:02:24 baseweed-admin dbus-run-session[1042]:   WARN scene: @Services/Theming/ColorSchemeService.qml[21:5]: Unable to assign QJSValue to QObject*
Oct 04 10:02:24 baseweed-admin dbus-run-session[1042]:   WARN scene: @Services/Theming/AppThemeService.qml[31:5]: Unable to assign QJSValue to QObject*
Oct 04 10:02:24 baseweed-admin dbus-run-session[1042]:   WARN scene: @Modules/Dock/Dock.qml[46:9]: Unable to assign QJSValue to QObject*
Oct 04 10:02:24 baseweed-admin dbus-run-session[1042]:   WARN scene: @Modules/Dock/Dock.qml[46:9]: Unable to assign QJSValue to QObject*
Oct 04 10:02:24 baseweed-admin dbus-run-session[1042]:   WARN scene: @Modules/Dock/Dock.qml[46:9]: Unable to assign QJSValue to QObject*
Oct 04 10:02:24 baseweed-admin dbus-run-session[1042]:   WARN scene: @Modules/Background/Background.qml[81:9]: Unable to assign QJSValue to QObject*
Oct 04 10:02:24 baseweed-admin dbus-run-session[1042]:   WARN scene: @Modules/Background/Background.qml[81:9]: Unable to assign QJSValue to QObject*
Oct 04 10:02:24 baseweed-admin dbus-run-session[1042]:   WARN scene: @Modules/Background/Background.qml[81:9]: Unable to assign QJSValue to QObject*
Oct 04 10:02:24 baseweed-admin dbus-run-session[1042]:   WARN scene: @Services/UI/WallpaperService.qml[62:5]: Unable to assign QJSValue to QObject*
Oct 04 10:02:24 baseweed-admin dbus-run-session[1042]:   WARN scene: @Modules/Panels/SessionMenu/SessionMenu.qml[152:5]: Unable to assign QJSValue to QObject*
Oct 04 10:02:24 baseweed-admin dbus-run-session[1042]:   WARN scene: @Modules/Panels/Dock/StaticDockPanel.qml[351:5]: Unable to assign QJSValue to QObject*
Oct 04 10:02:24 baseweed-admin dbus-run-session[1042]:   WARN scene: @Modules/Panels/SessionMenu/SessionMenu.qml[152:5]: Unable to assign QJSValue to QObject*
Oct 04 10:02:24 baseweed-admin dbus-run-session[1042]:   WARN scene: @Modules/Panels/Dock/StaticDockPanel.qml[351:5]: Unable to assign QJSValue to QObject*
Oct 04 10:02:24 baseweed-admin dbus-run-session[1042]:   WARN scene: @Services/System/SystemStatService.qml[321:5]: Unable to assign QJSValue to QObject*
Oct 04 10:02:24 baseweed-admin dbus-run-session[1042]:   WARN scene: @Modules/Panels/SessionMenu/SessionMenu.qml[152:5]: Unable to assign QJSValue to QObject*
Oct 04 10:02:24 baseweed-admin dbus-run-session[1042]:   WARN scene: @Services/Networking/NetworkService.qml[74:5]: Unable to assign QJSValue to QObject*
Oct 04 10:02:24 baseweed-admin dbus-run-session[1042]:   WARN scene: @Modules/Panels/Dock/StaticDockPanel.qml[351:5]: Unable to assign QJSValue to QObject*
Oct 04 10:02:24 baseweed-admin dbus-run-session[1042]:   WARN scene: @Services/UI/BarService.qml[148:5]: Unable to assign QJSValue to QObject*
Oct 04 10:02:24 baseweed-admin dbus-run-session[1042]:   WARN scene: @Services/Hardware/BrightnessService.qml[67:5]: Unable to assign QJSValue to QObject*
Oct 04 10:02:24 baseweed-admin dbus-run-session[1042]:   INFO qml: [20261004-100224]      Wallpaper Starting scan for Virtual-1 in /home/admin/Pictures/Wallpapers recursive: false
Oct 04 10:02:24 baseweed-admin dbus-run-session[1042]:   INFO qml: [20261004-100224]      Wallpaper Starting scan for pipewire-0 in /home/admin/Pictures/Wallpapers recursive: false
Oct 04 10:02:24 baseweed-admin dbus-run-session[1042]:   INFO qml: [20261004-100224]      Wallpaper Starting scan for pipewire-1 in /home/admin/Pictures/Wallpapers recursive: false
Oct 04 10:02:24 baseweed-admin dbus-run-session[1042]:   INFO qml: [20261004-100224]       Location Service started
Oct 04 10:02:24 baseweed-admin dbus-run-session[1042]:   WARN scene: QML Connections at @Services/Location/NightLightService.qml[96:3]: Detected function "onEnabledChanged" in Connections element. This is probably intended to be a signal handler but no signal of the target matches the name.
Oct 04 10:02:24 baseweed-admin dbus-run-session[1042]:   WARN scene: QML Connections at @Services/Location/NightLightService.qml[96:3]: Detected function "onForcedChanged" in Connections element. This is probably intended to be a signal handler but no signal of the target matches the name.
Oct 04 10:02:24 baseweed-admin dbus-run-session[1042]:   WARN scene: QML Connections at @Services/Location/NightLightService.qml[96:3]: Detected function "onNightTempChanged" in Connections element. This is probably intended to be a signal handler but no signal of the target matches the name.
Oct 04 10:02:24 baseweed-admin dbus-run-session[1042]:   WARN scene: QML Connections at @Services/Location/NightLightService.qml[96:3]: Detected function "onDayTempChanged" in Connections element. This is probably intended to be a signal handler but no signal of the target matches the name.
Oct 04 10:02:24 baseweed-admin dbus-run-session[1042]:   WARN scene: QML Connections at @Services/Control/HooksService.qml[16:3]: Detected function "onDarkModeChanged" in Connections element. This is probably intended to be a signal handler but no signal of the target matches the name.
Oct 04 10:02:24 baseweed-admin dbus-run-session[1042]:   INFO qml: [20261004-100224]   HooksService Service started
Oct 04 10:02:24 baseweed-admin dbus-run-session[1042]:   WARN quickshell.dbus.objectmanager: Failed to create DBusObjectManagerInterface for "org.bluez" "/" : QDBusError("org.freedesktop.DBus.Error.ServiceUnknown", "The name is not activatable")
Oct 04 10:02:24 baseweed-admin dbus-run-session[1042]:   INFO qml: [20261004-100224]      Bluetooth Service started
Oct 04 10:02:24 baseweed-admin dbus-run-session[1042]:   INFO qml: [20261004-100224]  IdleInhibitor Service started
Oct 04 10:02:24 baseweed-admin dbus-run-session[1042]:   INFO qml: [20261004-100224] CapabilityServ qdwin live-apply capabilities: pointer=false xkb=false wm=false output=false workspace=false idleDpms=false keybind=false
Oct 04 10:02:24 baseweed-admin dbus-run-session[1042]:   INFO qml: [20261004-100224]   PowerService Service started
Oct 04 10:02:24 baseweed-admin dbus-run-session[1042]:   INFO qml: [20261004-100224] AccessibilityS Service started
Oct 04 10:02:24 baseweed-admin dbus-run-session[1042]:   INFO qml: [20261004-100224]  KeyboardInput Service started
Oct 04 10:02:24 baseweed-admin dbus-run-session[1042]:   INFO qml: [20261004-100224] PointerInputSe Service started (qdwin live-apply: persist-only until shell binds >= v28)
Oct 04 10:02:24 baseweed-admin dbus-run-session[1042]:   INFO qml: [20261004-100224] WindowManagerS Service started (qdwin v25 live-apply: false, shortcuts: false)
Oct 04 10:02:24 baseweed-admin dbus-run-session[1042]:   INFO qml: [20261004-100224] SessionService started; saved=0 canApplyPlacement=false
Oct 04 10:02:24 baseweed-admin dbus-run-session[1042]:   INFO qml: [20261004-100224]    HostService Service started
Oct 04 10:02:24 baseweed-admin dbus-run-session[1042]:   INFO qml: [20261004-100224] CustomButtonIP Service started
Oct 04 10:02:24 baseweed-admin dbus-run-session[1042]:   INFO qml: [20261004-100224]     IPCService Service started
Oct 04 10:02:24 baseweed-admin dbus-run-session[1042]:   INFO qml: [20261004-100224]        PodApps service started
Oct 04 10:02:24 baseweed-admin dbus-run-session[1042]:   INFO qml: [20261004-100224]         VMApps service started
Oct 04 10:02:24 baseweed-admin dbus-run-session[1042]:   INFO qml: [20261004-100224]      Tier3Apps service started
Oct 04 10:02:24 baseweed-admin dbus-run-session[1042]:   INFO qml: [20261004-100224]     Tier3sApps service started
Oct 04 10:02:24 baseweed-admin dbus-run-session[1042]:   INFO qml: [20261004-100224]      Tier4Apps service started
Oct 04 10:02:24 baseweed-admin dbus-run-session[1042]:   INFO qml: [20261004-100224] RemoteMachineW service started
Oct 04 10:02:24 baseweed-admin dbus-run-session[1042]:   INFO qml: [20261004-100224]  Tier3FocusIPC service started
Oct 04 10:02:24 baseweed-admin dbus-run-session[1042]:   WARN quickshell.dbus: Could not launch service org.freedesktop.UPower.PowerProfiles: QDBusError(org.freedesktop.DBus.Error.ServiceUnknown, The name is not activatable)
Oct 04 10:02:24 baseweed-admin dbus-run-session[1042]:   WARN quickshell.service.powerprofiles: Could not start PowerProfilesDaemon. The PowerProfiles service will not work.
Oct 04 10:02:24 baseweed-admin weston[926]: [10:02:24.647] qdwin: bind attempt pid=1042 uid=1000 (allowed_uid=1000)
Oct 04 10:02:24 baseweed-admin weston[926]: [10:02:24.647] qdwin: bind accepted for uid=1000, hello sent
Oct 04 10:02:24 baseweed-admin weston[926]: [10:02:24.647] qdwin: ext_workspace_manager bound (count=4 active=0)
Oct 04 10:02:24 baseweed-admin weston[926]: [10:02:24.647] qdwin: zwlr_output_manager bound (serial=1)
Oct 04 10:02:24 baseweed-admin weston[926]: [10:02:24.647] qdwin: shell bound (uid=1000 pid=1042); replaying 0 toplevels
Oct 04 10:02:24 baseweed-admin weston[926]: [10:02:24.647] qdwin: seat_focus_changed seat=default handle=4294967295
Oct 04 10:02:24 baseweed-admin dbus-run-session[1042]:   INFO qml: [20261004-100224]          Qdwin qdwin_shell_v1 bound v34
Oct 04 10:02:24 baseweed-admin dbus-run-session[1042]:   INFO qml: [20261004-100224]  ClipboardGate wired to qdwin_shell_v1; broker default=deny
Oct 04 10:02:24 baseweed-admin weston[926]: [10:02:24.650] qdwin: workspace 0 name="1"
Oct 04 10:02:24 baseweed-admin weston[926]: [10:02:24.650] qdwin: workspace 1 name="2"
Oct 04 10:02:24 baseweed-admin dbus-run-session[1042]:   INFO qml: [20261004-100224] WindowManagerS applied WM policy focus=click placement=smart snap=true/16
Oct 04 10:02:24 baseweed-admin dbus-run-session[1042]:   INFO qml: [20261004-100224] CapabilityServ wmPolicy -> true
Oct 04 10:02:24 baseweed-admin dbus-run-session[1042]:   INFO qml: [20261004-100224] WindowManagerS registered WM shortcuts (5 active)
Oct 04 10:02:24 baseweed-admin dbus-run-session[1042]:   INFO qml: [20261004-100224] CapabilityServ keybindRegistration -> true
Oct 04 10:02:24 baseweed-admin weston[926]: [10:02:24.651] qdwin: workspace 2 name="3"
Oct 04 10:02:24 baseweed-admin weston[926]: [10:02:24.651] qdwin: workspace 3 name="4"
Oct 04 10:02:24 baseweed-admin weston[926]: [10:02:24.651] qdwin: set_wm_policy focus=0 ffm_delay=0 raise_click=1 raise_hover=0 placement=2 snap=1 dist=16
Oct 04 10:02:24 baseweed-admin weston[926]: [10:02:24.651] qdwin: register_hotkey id=7101 mods=0x2 key=62
Oct 04 10:02:24 baseweed-admin weston[926]: [10:02:24.651] qdwin: register_hotkey id=7102 mods=0x4 key=103
Oct 04 10:02:24 baseweed-admin weston[926]: [10:02:24.651] qdwin: register_hotkey id=7103 mods=0x4 key=33
Oct 04 10:02:24 baseweed-admin weston[926]: [10:02:24.651] qdwin: register_hotkey id=7104 mods=0x4 key=105
Oct 04 10:02:24 baseweed-admin weston[926]: [10:02:24.651] qdwin: register_hotkey id=7105 mods=0x4 key=106
Oct 04 10:02:24 baseweed-admin weston[926]: [10:02:24.651] qdwin: set_pointer_config accel=0 profile=0 natural=0 tap=1 left=0 middle=0 dwt=1 scroll=1 (6 devices)
Oct 04 10:02:24 baseweed-admin dbus-run-session[1042]:   INFO qml: [20261004-100224] PointerInputSe applied pointer config accelSpeed=0 profile=0 natural=0 tap=1 scroll=1
Oct 04 10:02:24 baseweed-admin dbus-run-session[1042]:   INFO qml: [20261004-100224] CapabilityServ pointerConfig -> true
Oct 04 10:02:24 baseweed-admin dbus-run-session[1042]:   INFO qml: [20261004-100224]  KeyboardInput applied qdwin key-repeat rate=25 delay=500
Oct 04 10:02:24 baseweed-admin weston[926]: [10:02:24.651] qdwin: set_key_repeat rate=25 delay=500
Oct 04 10:02:24 baseweed-admin dbus-run-session[1042]:   INFO qml: [20261004-100224] CapabilityServ xkbRepeat -> true
Oct 04 10:02:24 baseweed-admin dbus-run-session[1042]:   INFO qml: [20261004-100224]   PowerService idle policy armed: inactivity=0ms (nothing), displayOff=0ms, presentation=false
Oct 04 10:02:24 baseweed-admin dbus-run-session[1042]:   INFO qml: [20261004-100224] CapabilityServ idleDpms -> true
Oct 04 10:02:24 baseweed-admin dbus-run-session[1042]:   INFO qml: [20261004-100224] CapabilityServ outputManagement -> true
Oct 04 10:02:24 baseweed-admin dbus-run-session[1042]:   WARN qml: [20261004-100224]       Location Weather is still fetching
Oct 04 10:02:24 baseweed-admin dbus-run-session[1042]:   WARN quickshell.dbus: Could not launch service org.freedesktop.UPower: QDBusError(org.freedesktop.DBus.Error.ServiceUnknown, The name is not activatable)
Oct 04 10:02:24 baseweed-admin dbus-run-session[1042]:   WARN quickshell.service.upower: Could not start UPower. The UPower service will not work.
Oct 04 10:02:24 baseweed-admin dbus-run-session[1042]:   INFO qml: [20261004-100224]    HostService Detected openSUSE Tumbleweed
Oct 04 10:02:24 baseweed-admin dbus-run-session[1042]:   INFO qml: [20261004-100224]    HostService Looking for logo icon: distributor-logo-Tumbleweed
Oct 04 10:02:24 baseweed-admin dbus-run-session[1042]:   INFO qml: [20261004-100224]    HostService resolved hostname baseweed-admin
Oct 04 10:02:24 baseweed-admin dbus-run-session[1042]:   WARN: Process failed to start, likely because the binary could not be found. Command: QList("bluetoothctl", "show")
Oct 04 10:02:24 baseweed-admin dbus-run-session[1042]:   WARN: Process failed to start, likely because the binary could not be found. Command: QList("udisksctl", "monitor")
Oct 04 10:02:24 baseweed-admin weston[926]: [10:02:24.850] qdwin: layer-shell get_layer_surface ns=qdshell-background-Virtual-1 layer=2 output=0x5636f62c79e0
Oct 04 10:02:24 baseweed-admin weston[926]: [10:02:24.850] qdwin: layer-shell configure ns=qdshell-background-Virtual-1 layer=2 box=0,0 1920x1080 serial=1
Oct 04 10:02:24 baseweed-admin weston[926]: [10:02:24.850] qdwin: layer-shell get_layer_surface ns=qdshell-bar-content-Virtual-1 layer=2 output=0x5636f62c79e0
Oct 04 10:02:24 baseweed-admin weston[926]: [10:02:24.850] qdwin: layer-shell configure ns=qdshell-bar-content-Virtual-1 layer=2 box=0,0 1920x31 serial=2
Oct 04 10:02:24 baseweed-admin weston[926]: [10:02:24.850] qdwin: layer-shell get_layer_surface ns=qdshell-bar-exclusion-top-Virtual-1 layer=2 output=0x5636f62c79e0
Oct 04 10:02:24 baseweed-admin weston[926]: [10:02:24.850] qdwin: layer-shell configure ns=qdshell-bar-exclusion-top-Virtual-1 layer=2 box=0,0 1920x31 serial=3
Oct 04 10:02:24 baseweed-admin weston[926]: [10:02:24.850] qdwin: layer-shell get_layer_surface ns=qdshell-background-pipewire-0 layer=2 output=0x5636f62c8ec0
Oct 04 10:02:24 baseweed-admin weston[926]: [10:02:24.850] qdwin: layer-shell configure ns=qdshell-background-pipewire-0 layer=2 box=1920,0 640x480 serial=4
Oct 04 10:02:24 baseweed-admin weston[926]: [10:02:24.850] qdwin: layer-shell get_layer_surface ns=qdshell-bar-content-pipewire-0 layer=2 output=0x5636f62c8ec0
Oct 04 10:02:24 baseweed-admin weston[926]: [10:02:24.850] qdwin: layer-shell configure ns=qdshell-bar-content-pipewire-0 layer=2 box=1920,0 640x31 serial=5
Oct 04 10:02:24 baseweed-admin weston[926]: [10:02:24.850] qdwin: layer-shell get_layer_surface ns=qdshell-bar-exclusion-top-pipewire-0 layer=2 output=0x5636f62c8ec0
Oct 04 10:02:24 baseweed-admin weston[926]: [10:02:24.850] qdwin: layer-shell configure ns=qdshell-bar-exclusion-top-pipewire-0 layer=2 box=1920,0 640x31 serial=6
Oct 04 10:02:24 baseweed-admin weston[926]: [10:02:24.850] qdwin: layer-shell get_layer_surface ns=qdshell-background-pipewire-1 layer=2 output=0x5636f62ee670
Oct 04 10:02:24 baseweed-admin weston[926]: [10:02:24.850] qdwin: layer-shell configure ns=qdshell-background-pipewire-1 layer=2 box=2560,0 640x480 serial=7
Oct 04 10:02:24 baseweed-admin weston[926]: [10:02:24.850] qdwin: layer-shell get_layer_surface ns=qdshell-bar-content-pipewire-1 layer=2 output=0x5636f62ee670
Oct 04 10:02:24 baseweed-admin weston[926]: [10:02:24.850] qdwin: layer-shell configure ns=qdshell-bar-content-pipewire-1 layer=2 box=2560,0 640x31 serial=8
Oct 04 10:02:24 baseweed-admin weston[926]: [10:02:24.850] qdwin: layer-shell get_layer_surface ns=qdshell-bar-exclusion-top-pipewire-1 layer=2 output=0x5636f62ee670
Oct 04 10:02:24 baseweed-admin weston[926]: [10:02:24.850] qdwin: layer-shell configure ns=qdshell-bar-exclusion-top-pipewire-1 layer=2 box=2560,0 640x31 serial=9
Oct 04 10:02:24 baseweed-admin weston[926]: [10:02:24.850] qdwin: layer-shell get_layer_surface ns=qdshell-dock-peek-Virtual-1 layer=2 output=0x5636f62c79e0
Oct 04 10:02:24 baseweed-admin weston[926]: [10:02:24.850] qdwin: layer-shell configure ns=qdshell-dock-peek-Virtual-1 layer=2 box=0,1079 1920x1 serial=10
Oct 04 10:02:24 baseweed-admin weston[926]: [10:02:24.850] qdwin: layer-shell get_layer_surface ns=qdshell-dock-peek-pipewire-0 layer=2 output=0x5636f62c8ec0
Oct 04 10:02:24 baseweed-admin weston[926]: [10:02:24.850] qdwin: layer-shell configure ns=qdshell-dock-peek-pipewire-0 layer=2 box=1920,479 640x1 serial=11
Oct 04 10:02:24 baseweed-admin weston[926]: [10:02:24.850] qdwin: layer-shell get_layer_surface ns=qdshell-dock-peek-pipewire-1 layer=2 output=0x5636f62ee670
Oct 04 10:02:24 baseweed-admin weston[926]: [10:02:24.850] qdwin: layer-shell configure ns=qdshell-dock-peek-pipewire-1 layer=2 box=2560,479 640x1 serial=12
Oct 04 10:02:24 baseweed-admin weston[926]: [10:02:24.850] qdwin: layer-shell get_layer_surface ns=qdshell-image-cache-renderer layer=2 output=(nil)
Oct 04 10:02:24 baseweed-admin weston[926]: [10:02:24.850] qdwin: layer-shell configure ns=qdshell-image-cache-renderer layer=2 box=960,540 1x1 serial=13
Oct 04 10:02:24 baseweed-admin dbus-run-session[1042]:  ERROR qml: [20261004-100224]       Location Geocoding error: 0
Oct 04 10:02:24 baseweed-admin dbus-run-session[1042]:   WARN scene: QML Connections at qs:/usr/share/quickshell/qdshell/Modules/Bar/Widgets/Taskbar.qml[981:3]: Detected function "onPinnedAppsChanged" in Connections element. This is probably intended to be a signal handler but no signal of the target matches the name.
Oct 04 10:02:24 baseweed-admin dbus-run-session[1042]:   WARN scene: QML Connections at qs:/usr/share/quickshell/qdshell/Modules/Bar/Widgets/Taskbar.qml[981:3]: Detected function "onPinnedAppsChanged" in Connections element. This is probably intended to be a signal handler but no signal of the target matches the name.
Oct 04 10:02:24 baseweed-admin dbus-run-session[1042]:   WARN scene: QML Connections at qs:/usr/share/quickshell/qdshell/Modules/Bar/Widgets/Taskbar.qml[981:3]: Detected function "onPinnedAppsChanged" in Connections element. This is probably intended to be a signal handler but no signal of the target matches the name.
Oct 04 10:02:25 baseweed-admin dbus-run-session[1042]:   INFO qml: [20261004-100225] PluginRegistry All plugin manifests loaded. Total plugins: 0
Oct 04 10:02:25 baseweed-admin dbus-run-session[1042]:   INFO qml: [20261004-100225]  PluginService Initializing plugin system
Oct 04 10:02:25 baseweed-admin dbus-run-session[1042]:   INFO qml: [20261004-100225]  PluginService Found 0 enabled plugins: []
Oct 04 10:02:25 baseweed-admin dbus-run-session[1042]:   INFO qml: [20261004-100225]  PluginService No plugins to load
Oct 04 10:02:25 baseweed-admin dbus-run-session[1042]:   INFO qml: [20261004-100225]  PluginService Refreshing available plugins
Oct 04 10:02:25 baseweed-admin dbus-run-session[1042]:   WARN: Could not load icon "user-desktop?fallback=application-x-executable" at size QSize(19, 19) from request
Oct 04 10:02:25 baseweed-admin dbus-run-session[1042]:   WARN qml: [20261004-100225]     ImageCache ImageMagick not found, using Qt fallback
Oct 04 10:02:25 baseweed-admin dbus-run-session[1042]:   WARN qml: [20261004-100225]      Wallpaper Scan failed for Virtual-1 exit code: 1 (directory might not exist)
Oct 04 10:02:25 baseweed-admin dbus-run-session[1042]:   WARN qml: [20261004-100225]      Wallpaper Scan failed for pipewire-0 exit code: 1 (directory might not exist)
Oct 04 10:02:25 baseweed-admin dbus-run-session[1042]:   WARN qml: [20261004-100225]      Wallpaper Scan failed for pipewire-1 exit code: 1 (directory might not exist)
Oct 04 10:02:25 baseweed-admin dbus-run-session[1042]:   WARN qml: [20261004-100225]   PowerService Button monitor unavailable (exit 1); releasing key inhibitors, logind will handle power/sleep keys
Oct 04 10:02:25 baseweed-admin dbus-run-session[1042]:   INFO qml: [20261004-100225]  KeyboardInput applied qdwin key-repeat rate=25 delay=500
Oct 04 10:02:25 baseweed-admin weston[926]: [10:02:25.099] qdwin: set_key_repeat rate=25 delay=500
Oct 04 10:02:25 baseweed-admin dbus-run-session[1042]:   INFO qml: [20261004-100225] PointerInputSe enumerated 3 pointer device(s) via proc
Oct 04 10:02:25 baseweed-admin dbus-run-session[1042]:   INFO qml: [20261004-100225]        PodApps cache refresh loaded 0 apps
Oct 04 10:02:26 baseweed-admin weston[926]: [10:02:26.056] qdwin: layer-shell mapped ns=qdshell-background-Virtual-1 layer=2 at 0,0 1920x1080
Oct 04 10:02:27 baseweed-admin weston[926]: [10:02:27.116] qdwin: layer-shell mapped ns=qdshell-bar-content-Virtual-1 layer=2 at 0,0 1920x31
Oct 04 10:02:27 baseweed-admin weston[926]: [10:02:27.722] qdwin: layer-shell mapped ns=qdshell-bar-exclusion-top-Virtual-1 layer=2 at 0,0 1920x31
Oct 04 10:02:28 baseweed-admin weston[926]: [10:02:28.412] qdwin: layer-shell mapped ns=qdshell-background-pipewire-0 layer=2 at 1920,0 640x480
Oct 04 10:02:28 baseweed-admin weston[926]: [10:02:28.939] qdwin: layer-shell mapped ns=qdshell-bar-content-pipewire-0 layer=2 at 1920,0 640x31
Oct 04 10:02:29 baseweed-admin weston[926]: [10:02:29.392] qdwin: layer-shell mapped ns=qdshell-bar-exclusion-top-pipewire-0 layer=2 at 1920,0 640x31
Oct 04 10:02:30 baseweed-admin weston[926]: [10:02:30.072] qdwin: layer-shell mapped ns=qdshell-background-pipewire-1 layer=2 at 2560,0 640x480
Oct 04 10:02:30 baseweed-admin weston[926]: [10:02:30.581] qdwin: layer-shell mapped ns=qdshell-bar-content-pipewire-1 layer=2 at 2560,0 640x31
Oct 04 10:02:31 baseweed-admin weston[926]: [10:02:31.004] qdwin: layer-shell mapped ns=qdshell-bar-exclusion-top-pipewire-1 layer=2 at 2560,0 640x31
Oct 04 10:02:31 baseweed-admin weston[926]: [10:02:31.487] qdwin: layer-shell mapped ns=qdshell-dock-peek-Virtual-1 layer=2 at 0,1079 1920x1
Oct 04 10:02:32 baseweed-admin weston[926]: [10:02:32.032] qdwin: layer-shell mapped ns=qdshell-dock-peek-pipewire-0 layer=2 at 1920,479 640x1
Oct 04 10:02:32 baseweed-admin weston[926]: [10:02:32.464] qdwin: layer-shell mapped ns=qdshell-dock-peek-pipewire-1 layer=2 at 2560,479 640x1
Oct 04 10:02:32 baseweed-admin weston[926]: [10:02:32.916] qdwin: layer-shell mapped ns=qdshell-image-cache-renderer layer=2 at 960,540 1x1
Oct 04 10:02:33 baseweed-admin dbus-run-session[1042]:   WARN scene: qs:/usr/share/quickshell/qdshell/Modules/Bar/Widgets/Taskbar.qml[982:5]: Unable to assign QJSValue to QObject*
Oct 04 10:02:33 baseweed-admin dbus-run-session[1042]:   WARN scene: qs:/usr/share/quickshell/qdshell/Modules/Bar/Widgets/Taskbar.qml[982:5]: Unable to assign QJSValue to QObject*
Oct 04 10:02:33 baseweed-admin dbus-run-session[1042]:   WARN scene: qs:/usr/share/quickshell/qdshell/Modules/Bar/Widgets/Taskbar.qml[982:5]: Unable to assign QJSValue to QObject*
Oct 04 10:02:33 baseweed-admin dbus-run-session[1042]:   WARN scene: @Services/Control/HooksService.qml[17:5]: Unable to assign QJSValue to QObject*
Oct 04 10:02:33 baseweed-admin dbus-run-session[1042]:   WARN scene: @Services/Location/NightLightService.qml[97:5]: Unable to assign QJSValue to QObject*
Oct 04 10:02:33 baseweed-admin dbus-run-session[1042]:   INFO qml: [20261004-100233]           Time Time jump detected (9s) - likely system resume
Oct 04 10:02:33 baseweed-admin dbus-run-session[1042]:   INFO qml: [20261004-100233]        Network System resumed - forcing state poll
Oct 04 10:02:33 baseweed-admin dbus-run-session[1042]:   INFO qml: [20261004-100233]     SystemStat System resumed - resetting differential state
Oct 04 10:02:33 baseweed-admin dbus-run-session[1042]:   INFO qml: [20261004-100233] DarkModeServic System resumed - re-evaluating dark mode
Oct 04 10:02:33 baseweed-admin dbus-run-session[1042]:   INFO qml: [20261004-100233]     NightLight System resumed - re-applying night light
Oct 04 10:02:33 baseweed-admin dbus-run-session[1042]:   INFO qml: [20261004-100233]      Bluetooth System resumed - forcing state poll
Oct 04 10:02:33 baseweed-admin dbus-run-session[1042]:   INFO qml: [20261004-100233]    ColorScheme Applying color scheme: Qdshell (default)
Oct 04 10:02:33 baseweed-admin dbus-run-session[1042]:   INFO qml: [20261004-100233]           Font Service started
Oct 04 10:02:33 baseweed-admin weston[926]: [10:02:33.232] qdwin: layer-shell get_layer_surface ns=qdshell-osd-Virtual-1 layer=3 output=0x5636f62c79e0
Oct 04 10:02:33 baseweed-admin weston[926]: [10:02:33.232] qdwin: layer-shell configure ns=qdshell-osd-Virtual-1 layer=3 box=1591,40 320x72 serial=14
Oct 04 10:02:33 baseweed-admin weston[926]: [10:02:33.232] qdwin: layer-shell get_layer_surface ns=qdshell-osd-pipewire-0 layer=3 output=0x5636f62c8ec0
Oct 04 10:02:33 baseweed-admin weston[926]: [10:02:33.232] qdwin: layer-shell configure ns=qdshell-osd-pipewire-0 layer=3 box=2231,40 320x72 serial=15
Oct 04 10:02:33 baseweed-admin weston[926]: [10:02:33.232] qdwin: layer-shell get_layer_surface ns=qdshell-osd-pipewire-1 layer=3 output=0x5636f62ee670
Oct 04 10:02:33 baseweed-admin weston[926]: [10:02:33.232] qdwin: layer-shell configure ns=qdshell-osd-pipewire-1 layer=3 box=2871,40 320x72 serial=16
Oct 04 10:02:33 baseweed-admin dbus-run-session[1042]:  ERROR qml: [20261004-100233]  PluginService Empty response from Qdshell Plugins
Oct 04 10:02:33 baseweed-admin dbus-run-session[1042]:  ERROR qml: [20261004-100233]  PluginService Failed to fetch registry from Qdshell Plugins - exit code: 1
Oct 04 10:02:33 baseweed-admin dbus-run-session[1042]:   INFO qml: [20261004-100233]        PodApps cache refresh loaded 0 apps
Oct 04 10:02:34 baseweed-admin weston[926]: [10:02:34.247] qdwin: layer-shell mapped ns=qdshell-osd-Virtual-1 layer=3 at 1591,40 320x72
Oct 04 10:02:34 baseweed-admin weston[926]: [10:02:34.362] qdwin: layer-shell mapped ns=qdshell-osd-pipewire-0 layer=3 at 2231,40 320x72
Oct 04 10:02:35 baseweed-admin weston[926]: [10:02:35.018] qdwin: layer-shell mapped ns=qdshell-osd-pipewire-1 layer=3 at 2871,40 320x72
Oct 04 10:02:35 baseweed-admin dbus-run-session[1042]:   WARN qml: [20261004-100235]        Network Connectivity check error: Error: Not authorized to recheck connectivity.
Oct 04 10:02:35 baseweed-admin dbus-run-session[1042]:   INFO qml: [20261004-100235]           Font Loaded 11 fonts, 3 monospace
Oct 04 10:02:35 baseweed-admin weston[926]: [10:02:35.241] qdwin: layer-shell get_layer_surface ns=qdshell-wallpaper-Virtual-1 layer=0 output=0x5636f62c79e0
Oct 04 10:02:35 baseweed-admin weston[926]: [10:02:35.244] qdwin: layer-shell configure ns=qdshell-wallpaper-Virtual-1 layer=0 box=0,0 1920x1080 serial=17
Oct 04 10:02:35 baseweed-admin weston[926]: [10:02:35.244] qdwin: layer-shell get_layer_surface ns=qdshell-wallpaper-pipewire-0 layer=0 output=0x5636f62c8ec0
Oct 04 10:02:35 baseweed-admin weston[926]: [10:02:35.244] qdwin: layer-shell configure ns=qdshell-wallpaper-pipewire-0 layer=0 box=1920,0 640x480 serial=18
Oct 04 10:02:35 baseweed-admin weston[926]: [10:02:35.244] qdwin: layer-shell get_layer_surface ns=qdshell-wallpaper-pipewire-1 layer=0 output=0x5636f62ee670
Oct 04 10:02:35 baseweed-admin weston[926]: [10:02:35.244] qdwin: layer-shell configure ns=qdshell-wallpaper-pipewire-1 layer=0 box=2560,0 640x480 serial=19
Oct 04 10:02:36 baseweed-admin weston[926]: [10:02:35.999] qdwin: layer-shell mapped ns=qdshell-wallpaper-Virtual-1 layer=0 at 0,0 1920x1080
Oct 04 10:02:36 baseweed-admin weston[926]: [10:02:36.778] qdwin: layer-shell mapped ns=qdshell-wallpaper-pipewire-0 layer=0 at 1920,0 640x480
Oct 04 10:02:37 baseweed-admin weston[926]: [10:02:37.670] qdwin: layer-shell mapped ns=qdshell-wallpaper-pipewire-1 layer=0 at 2560,0 640x480
Oct 04 10:02:37 baseweed-admin dbus-run-session[1042]:   INFO qml: [20261004-100237] DarkModeServic Resume retry - re-evaluating dark mode again
Oct 04 10:02:37 baseweed-admin dbus-run-session[1042]:   INFO qml: [20261004-100237]     NightLight Resume retry - re-applying night light again
Oct 04 10:02:38 baseweed-admin dbus-run-session[1042]:   WARN: Process failed to start, likely because the binary could not be found. Command: QList("bluetoothctl", "show")
Oct 04 10:02:38 baseweed-admin dbus-run-session[1042]:   WARN qml: [20261004-100238]     SystemStat No supported temperature sensor found
Oct 04 10:02:39 baseweed-admin dbus-run-session[1042]:   WARN: Process failed to start, likely because the binary could not be found. Command: QList("bluetoothctl", "show")
Oct 04 10:02:40 baseweed-admin dbus-run-session[1042]:   WARN: Process failed to start, likely because the binary could not be found. Command: QList("bluetoothctl", "show")
Oct 04 10:02:42 baseweed-admin dbus-run-session[1042]:   WARN: Process failed to start, likely because the binary could not be found. Command: QList("bluetoothctl", "show")
Oct 04 10:02:44 baseweed-admin dbus-run-session[1042]:   WARN: Process failed to start, likely because the binary could not be found. Command: QList("bluetoothctl", "show")
Oct 04 10:02:44 baseweed-admin dbus-run-session[1042]:   WARN qml: [20261004-100244]       Location Weather is still fetching
Oct 04 10:02:44 baseweed-admin dbus-run-session[1042]:  ERROR qml: [20261004-100244]       Location Geocoding error: 0
Oct 04 10:02:46 baseweed-admin dbus-run-session[1042]:   WARN: Process failed to start, likely because the binary could not be found. Command: QList("bluetoothctl", "show")
Oct 04 10:02:48 baseweed-admin dbus-run-session[1042]:   WARN: Process failed to start, likely because the binary could not be found. Command: QList("bluetoothctl", "show")
Oct 04 10:02:48 baseweed-admin dbus-run-session[1042]:   WARN qml: [20261004-100248]        Network Connectivity check error: Error: Not authorized to recheck connectivity.
Oct 04 10:02:50 baseweed-admin dbus-run-session[1042]:   WARN: Process failed to start, likely because the binary could not be found. Command: QList("bluetoothctl", "show")
Oct 04 10:02:52 baseweed-admin dbus-run-session[1042]:   WARN: Process failed to start, likely because the binary could not be found. Command: QList("bluetoothctl", "show")
Oct 04 10:02:54 baseweed-admin dbus-run-session[1042]:   WARN: Process failed to start, likely because the binary could not be found. Command: QList("bluetoothctl", "show")
Oct 04 10:02:54 baseweed-admin dbus-run-session[1042]:   INFO qml: [20261004-100254]        PodApps cache refresh loaded 0 apps
Oct 04 10:02:56 baseweed-admin dbus-run-session[1042]:   WARN: Process failed to start, likely because the binary could not be found. Command: QList("bluetoothctl", "show")
Oct 04 10:02:58 baseweed-admin dbus-run-session[1042]:   WARN: Process failed to start, likely because the binary could not be found. Command: QList("bluetoothctl", "show")
Oct 04 10:03:00 baseweed-admin dbus-run-session[1042]:   WARN: Process failed to start, likely because the binary could not be found. Command: QList("bluetoothctl", "show")
Oct 04 10:03:02 baseweed-admin dbus-run-session[1042]:   WARN: Process failed to start, likely because the binary could not be found. Command: QList("bluetoothctl", "show")
Oct 04 10:03:03 baseweed-admin dbus-run-session[1042]:   WARN qml: [20261004-100303]        Network Connectivity check error: Error: Not authorized to recheck connectivity.
Oct 04 10:03:04 baseweed-admin dbus-run-session[1042]:   WARN: Process failed to start, likely because the binary could not be found. Command: QList("bluetoothctl", "show")
Oct 04 10:03:04 baseweed-admin dbus-run-session[1042]:   WARN qml: [20261004-100304]       Location Weather is still fetching
Oct 04 10:03:04 baseweed-admin dbus-run-session[1042]:  ERROR qml: [20261004-100304]       Location Geocoding error: 0
Oct 04 10:03:06 baseweed-admin dbus-run-session[1042]:   WARN: Process failed to start, likely because the binary could not be found. Command: QList("bluetoothctl", "show")
Oct 04 10:03:06 baseweed-admin dbus-run-session[1042]:   INFO qml: [20261004-100306]        PodApps auto-scan: qdistro-tier3s-s122a transitioned to running
Oct 04 10:03:08 baseweed-admin dbus-run-session[1042]:   WARN: Process failed to start, likely because the binary could not be found. Command: QList("bluetoothctl", "show")
Oct 04 10:03:09 baseweed-admin dbus-run-session[1042]:   WARN qml: [20261004-100309]        PodApps scan failed for qdistro-tier3s-s122a (exit 2)
Oct 04 10:03:10 baseweed-admin dbus-run-session[1042]:   WARN: Process failed to start, likely because the binary could not be found. Command: QList("bluetoothctl", "show")
Oct 04 10:03:12 baseweed-admin dbus-run-session[1042]:   WARN: Process failed to start, likely because the binary could not be found. Command: QList("bluetoothctl", "show")
Oct 04 10:03:14 baseweed-admin dbus-run-session[1042]:   WARN: Process failed to start, likely because the binary could not be found. Command: QList("bluetoothctl", "show")
Oct 04 10:03:16 baseweed-admin dbus-run-session[1042]:   WARN: Process failed to start, likely because the binary could not be found. Command: QList("bluetoothctl", "show")
Oct 04 10:03:16 baseweed-admin dbus-run-session[1042]:   INFO qml: [20261004-100316]        PodApps auto-scan: qdistro-tier3s-s122a transitioned to running
Oct 04 10:03:18 baseweed-admin dbus-run-session[1042]:   WARN: Process failed to start, likely because the binary could not be found. Command: QList("bluetoothctl", "show")
Oct 04 10:03:18 baseweed-admin dbus-run-session[1042]:   WARN qml: [20261004-100318]        Network Connectivity check error: Error: Not authorized to recheck connectivity.
Oct 04 10:03:18 baseweed-admin dbus-run-session[1042]:   WARN qml: [20261004-100318]        PodApps scan failed for qdistro-tier3s-s122a (exit 2)
Oct 04 10:03:20 baseweed-admin dbus-run-session[1042]:   WARN: Process failed to start, likely because the binary could not be found. Command: QList("bluetoothctl", "show")
Oct 04 10:03:22 baseweed-admin dbus-run-session[1042]:   WARN: Process failed to start, likely because the binary could not be found. Command: QList("bluetoothctl", "show")
Oct 04 10:03:24 baseweed-admin dbus-run-session[1042]:   WARN: Process failed to start, likely because the binary could not be found. Command: QList("bluetoothctl", "show")
Oct 04 10:03:24 baseweed-admin dbus-run-session[1042]:   WARN qml: [20261004-100324]       Location Weather is still fetching
Oct 04 10:03:24 baseweed-admin dbus-run-session[1042]:  ERROR qml: [20261004-100324]       Location Geocoding error: 0
Oct 04 10:03:24 baseweed-admin dbus-run-session[1042]:   INFO qml: [20261004-100324]        PodApps cache refresh loaded 0 apps
Oct 04 10:03:26 baseweed-admin dbus-run-session[1042]:   WARN: Process failed to start, likely because the binary could not be found. Command: QList("bluetoothctl", "show")
Oct 04 10:03:28 baseweed-admin dbus-run-session[1042]:   WARN: Process failed to start, likely because the binary could not be found. Command: QList("bluetoothctl", "show")
Oct 04 10:03:30 baseweed-admin dbus-run-session[1042]:   WARN: Process failed to start, likely because the binary could not be found. Command: QList("bluetoothctl", "show")
Oct 04 10:03:32 baseweed-admin dbus-run-session[1042]:   WARN: Process failed to start, likely because the binary could not be found. Command: QList("bluetoothctl", "show")
Oct 04 10:03:33 baseweed-admin dbus-run-session[1042]:   WARN qml: [20261004-100333]        Network Connectivity check error: Error: Not authorized to recheck connectivity.
Oct 04 10:03:33 baseweed-admin dbus-run-session[1042]:   INFO qml: [20261004-100333]        PodApps auto-scan: qdistro-tier3s-s122a transitioned to running
Oct 04 10:03:34 baseweed-admin dbus-run-session[1042]:   WARN: Process failed to start, likely because the binary could not be found. Command: QList("bluetoothctl", "show")
Oct 04 10:03:36 baseweed-admin dbus-run-session[1042]:   WARN: Process failed to start, likely because the binary could not be found. Command: QList("bluetoothctl", "show")
Oct 04 10:03:36 baseweed-admin podman[7644]: 2026-10-04 10:03:36.134286988 +0000 UTC m=+0.296186066 container exec 23d98f4c13583558f9c58ad79111e40d6542ac808e423095e40a898711032c30 (image=localhost/qdistro/tier3s-headless-smoke:latest, name=qdistro-tier3s-s122a, io.buildah.version=1.44.1, org.opensuse.base.created=2026-09-30T20:05:54.126624488Z, org.opensuse.base.description=Image containing a minimal environment for containers based on openSUSE Tumbleweed., org.opensuse.base.source=https://build.opensuse.org/package/show/openSUSE:Factory/opensuse-tumbleweed-image?rev=561f9d4c8e4e1a441f95ad4ec6b5a914, org.opensuse.lifecycle-url=https://en.opensuse.org/Lifetime, qdistro_tier3s_token=b4e7160ad03c62ae8706769994e7b57a, org.opencontainers.image.title=openSUSE Tumbleweed Base Container, org.opencontainers.image.created=2026-09-30T20:05:54.126624488Z, org.opensuse.base.lifecycle-url=https://en.opensuse.org/Lifetime, org.opensuse.base.url=https://www.opensuse.org, org.opencontainers.image.source=https://build.opensuse.org/package/show/openSUSE:Factory/opensuse-tumbleweed-image?rev=561f9d4c8e4e1a441f95ad4ec6b5a914, org.qdistro.snapshot=20260930, org.opensuse.base.vendor=openSUSE Project, org.qdistro.tier3s.workload=headless-smoke, org.openbuildservice.disturl=obs://build.opensuse.org/openSUSE:Factory/images/561f9d4c8e4e1a441f95ad4ec6b5a914-opensuse-tumbleweed-image:docker, org.opencontainers.image.url=https://www.opensuse.org, org.opencontainers.image.version=20260930.37.208, org.opensuse.reference=registry.opensuse.org/opensuse/tumbleweed:20260930.37.208, org.opensuse.base.version=20260930.37.208, qdistro_tier3s_unit=qdistro-tier3s-silo@s122a.service, org.opencontainers.image.description=Image containing a minimal environment for containers based on openSUSE Tumbleweed., org.opensuse.base.reference=registry.opensuse.org/opensuse/tumbleweed:20260930.37.208, org.opensuse.base.title=openSUSE Tumbleweed Base Container, org.opencontainers.image.vendor=openSUSE Project, org.opensuse.base.disturl=obs://build.opensuse.org/openSUSE:Factory/images/561f9d4c8e4e1a441f95ad4ec6b5a914-opensuse-tumbleweed-image:docker)
Oct 04 10:03:36 baseweed-admin conmon[7695]: conmon 23d98f4c13583558f9c5 <nwarn>: Failed to open cgroups file: /sys/fs/cgroup/user.slice/user-1000.slice/user@1000.service/app.slice/qdshell.service/memory.events
Oct 04 10:03:36 baseweed-admin podman[7644]: 2026-10-04 10:03:36.279086721 +0000 UTC m=+0.440985789 container exec_died 23d98f4c13583558f9c58ad79111e40d6542ac808e423095e40a898711032c30 (image=localhost/qdistro/tier3s-headless-smoke:latest, name=qdistro-tier3s-s122a, org.opensuse.base.disturl=obs://build.opensuse.org/openSUSE:Factory/images/561f9d4c8e4e1a441f95ad4ec6b5a914-opensuse-tumbleweed-image:docker, org.opensuse.base.vendor=openSUSE Project, org.qdistro.tier3s.workload=headless-smoke, org.openbuildservice.disturl=obs://build.opensuse.org/openSUSE:Factory/images/561f9d4c8e4e1a441f95ad4ec6b5a914-opensuse-tumbleweed-image:docker, org.opensuse.base.description=Image containing a minimal environment for containers based on openSUSE Tumbleweed., org.opencontainers.image.url=https://www.opensuse.org, org.opensuse.reference=registry.opensuse.org/opensuse/tumbleweed:20260930.37.208, org.qdistro.snapshot=20260930, qdistro_tier3s_token=b4e7160ad03c62ae8706769994e7b57a, io.buildah.version=1.44.1, org.opencontainers.image.title=openSUSE Tumbleweed Base Container, org.opensuse.base.source=https://build.opensuse.org/package/show/openSUSE:Factory/opensuse-tumbleweed-image?rev=561f9d4c8e4e1a441f95ad4ec6b5a914, qdistro_tier3s_unit=qdistro-tier3s-silo@s122a.service, org.opencontainers.image.description=Image containing a minimal environment for containers based on openSUSE Tumbleweed., org.opensuse.base.lifecycle-url=https://en.opensuse.org/Lifetime, org.opensuse.base.reference=registry.opensuse.org/opensuse/tumbleweed:20260930.37.208, org.opensuse.base.title=openSUSE Tumbleweed Base Container, org.opencontainers.image.source=https://build.opensuse.org/package/show/openSUSE:Factory/opensuse-tumbleweed-image?rev=561f9d4c8e4e1a441f95ad4ec6b5a914, execID=95724dc97b2a2aed0b689ccffe76a7ae6d51e89a236c56efafe895d8506a0e60, org.opensuse.base.version=20260930.37.208, org.opencontainers.image.created=2026-09-30T20:05:54.126624488Z, org.opencontainers.image.version=20260930.37.208, org.opensuse.base.url=https://www.opensuse.org, org.opencontainers.image.vendor=openSUSE Project, org.opensuse.base.created=2026-09-30T20:05:54.126624488Z, org.opensuse.lifecycle-url=https://en.opensuse.org/Lifetime)
Oct 04 10:03:36 baseweed-admin dbus-run-session[1042]:   INFO qml: [20261004-100336]        PodApps cache refresh loaded 0 apps
Oct 04 10:03:36 baseweed-admin dbus-run-session[1042]:   INFO qml: [20261004-100336]        PodApps auto-scan: qdistro-tier3s-s122b transitioned to running
Oct 04 10:03:38 baseweed-admin dbus-run-session[1042]:   WARN: Process failed to start, likely because the binary could not be found. Command: QList("bluetoothctl", "show")
Oct 04 10:03:38 baseweed-admin dbus-run-session[1042]:   WARN qml: [20261004-100338]        PodApps scan failed for qdistro-tier3s-s122b (exit 2)
Oct 04 10:03:40 baseweed-admin dbus-run-session[1042]:   WARN: Process failed to start, likely because the binary could not be found. Command: QList("bluetoothctl", "show")
Oct 04 10:03:42 baseweed-admin dbus-run-session[1042]:   WARN: Process failed to start, likely because the binary could not be found. Command: QList("bluetoothctl", "show")
Oct 04 10:03:42 baseweed-admin dbus-run-session[1042]:   INFO qml: [20261004-100342]        PodApps auto-scan: qdistro-tier3s-s122a transitioned to running
Oct 04 10:03:44 baseweed-admin dbus-run-session[1042]:   WARN: Process failed to start, likely because the binary could not be found. Command: QList("bluetoothctl", "show")
Oct 04 10:03:44 baseweed-admin dbus-run-session[1042]:   WARN qml: [20261004-100344]       Location Weather is still fetching
Oct 04 10:03:44 baseweed-admin dbus-run-session[1042]:  ERROR qml: [20261004-100344]       Location Geocoding error: 0
Oct 04 10:03:44 baseweed-admin dbus-run-session[1042]:   WARN qml: [20261004-100344]        PodApps scan failed for qdistro-tier3s-s122a (exit 2)
Oct 04 10:03:46 baseweed-admin dbus-run-session[1042]:   WARN: Process failed to start, likely because the binary could not be found. Command: QList("bluetoothctl", "show")
Oct 04 10:03:48 baseweed-admin dbus-run-session[1042]:   WARN: Process failed to start, likely because the binary could not be found. Command: QList("bluetoothctl", "show")
Oct 04 10:03:48 baseweed-admin dbus-run-session[1042]:   WARN qml: [20261004-100348]        Network Connectivity check error: Error: Not authorized to recheck connectivity.
Oct 04 10:03:48 baseweed-admin dbus-run-session[1042]:   INFO qml: [20261004-100348]        PodApps auto-scan: qdistro-tier3s-s122a transitioned to running
Oct 04 10:03:50 baseweed-admin dbus-run-session[1042]:   WARN: Process failed to start, likely because the binary could not be found. Command: QList("bluetoothctl", "show")
Oct 04 10:03:50 baseweed-admin dbus-run-session[1042]:   WARN qml: [20261004-100350]        PodApps scan failed for qdistro-tier3s-s122a (exit 2)
Oct 04 10:03:52 baseweed-admin dbus-run-session[1042]:   WARN: Process failed to start, likely because the binary could not be found. Command: QList("bluetoothctl", "show")
Oct 04 10:03:54 baseweed-admin dbus-run-session[1042]:   WARN: Process failed to start, likely because the binary could not be found. Command: QList("bluetoothctl", "show")
Oct 04 10:03:54 baseweed-admin dbus-run-session[1042]:   INFO qml: [20261004-100354]        PodApps cache refresh loaded 0 apps
Oct 04 10:03:56 baseweed-admin dbus-run-session[1042]:   WARN: Process failed to start, likely because the binary could not be found. Command: QList("bluetoothctl", "show")
Oct 04 10:03:58 baseweed-admin dbus-run-session[1042]:   WARN: Process failed to start, likely because the binary could not be found. Command: QList("bluetoothctl", "show")
Oct 04 10:04:00 baseweed-admin dbus-run-session[1042]:   WARN: Process failed to start, likely because the binary could not be found. Command: QList("bluetoothctl", "show")
Oct 04 10:04:02 baseweed-admin dbus-run-session[1042]:   WARN: Process failed to start, likely because the binary could not be found. Command: QList("bluetoothctl", "show")
Oct 04 10:04:03 baseweed-admin dbus-run-session[1042]:   WARN qml: [20261004-100403]        Network Connectivity check error: Error: Not authorized to recheck connectivity.
Oct 04 10:04:03 baseweed-admin dbus-run-session[1042]:   INFO qml: [20261004-100403]        PodApps auto-scan: qdistro-tier3s-s122a transitioned to running
Oct 04 10:04:04 baseweed-admin dbus-run-session[1042]:   WARN: Process failed to start, likely because the binary could not be found. Command: QList("bluetoothctl", "show")
Oct 04 10:04:04 baseweed-admin dbus-run-session[1042]:   WARN qml: [20261004-100404]       Location Weather is still fetching
Oct 04 10:04:04 baseweed-admin dbus-run-session[1042]:  ERROR qml: [20261004-100404]       Location Geocoding error: 0
Oct 04 10:04:05 baseweed-admin dbus-run-session[1042]:   WARN qml: [20261004-100405]        PodApps scan failed for qdistro-tier3s-s122a (exit 2)
Oct 04 10:04:06 baseweed-admin dbus-run-session[1042]:   WARN: Process failed to start, likely because the binary could not be found. Command: QList("bluetoothctl", "show")
Oct 04 10:04:08 baseweed-admin dbus-run-session[1042]:   WARN: Process failed to start, likely because the binary could not be found. Command: QList("bluetoothctl", "show")
Oct 04 10:04:10 baseweed-admin dbus-run-session[1042]:   WARN: Process failed to start, likely because the binary could not be found. Command: QList("bluetoothctl", "show")
Oct 04 10:04:12 baseweed-admin dbus-run-session[1042]:   WARN: Process failed to start, likely because the binary could not be found. Command: QList("bluetoothctl", "show")
Oct 04 10:04:14 baseweed-admin dbus-run-session[1042]:   WARN: Process failed to start, likely because the binary could not be found. Command: QList("bluetoothctl", "show")
