Oct 04 10:02:03 baseweed-admin systemd[839]: Starting qdshell desktop (Quickshell QML on top of qdwin)...
Oct 04 10:02:05 baseweed-admin systemd[839]: Started qdshell desktop (Quickshell QML on top of qdwin).
Oct 04 10:02:05 baseweed-admin dbus-run-session[1042]: No running instances for "/usr/share/quickshell/qdshell/shell.qml"
Oct 04 10:02:05 baseweed-admin dbus-run-session[1042]:   INFO: Launching config: "/usr/share/quickshell/qdshell/shell.qml"
Oct 04 10:02:05 baseweed-admin dbus-run-session[1042]:   INFO: Shell ID: "0d0d1ceeb7f0392fec595c8531945b05" Path ID "0d0d1ceeb7f0392fec595c8531945b05"
Oct 04 10:02:05 baseweed-admin dbus-run-session[1042]:   INFO: Saving logs to "/run/user/1000/quickshell/by-id/yshvndmt/log.qslog"
Oct 04 10:02:06 baseweed-admin dbus-run-session[1042]: MESA-EGL: warning: failed to get driver name for fd -1
Oct 04 10:02:06 baseweed-admin dbus-run-session[1042]: MESA-EGL: warning: MESA-LOADER: failed to retrieve device information
Oct 04 10:02:06 baseweed-admin dbus-run-session[1042]: MESA-EGL: warning: failed to get driver name for fd -1
Oct 04 10:02:06 baseweed-admin dbus-run-session[1042]: MESA: error: ZINK: failed to choose pdev
Oct 04 10:02:06 baseweed-admin dbus-run-session[1042]: MESA-EGL: warning: egl: failed to create dri2 screen
Oct 04 10:02:23 baseweed-admin dbus-run-session[1042]:   INFO qml: [20261004-100223]           I18n Service started
Oct 04 10:02:23 baseweed-admin dbus-run-session[1042]:   INFO qml: [20261004-100223]           I18n Loading "en" (locale: "en-Latn-US")
Oct 04 10:02:23 baseweed-admin dbus-run-session[1042]:   INFO qml: [20261004-100223]          Shell ---------------------------
Oct 04 10:02:23 baseweed-admin dbus-run-session[1042]:   INFO qml: [20261004-100223]          Shell Qdshell Hello!
Oct 04 10:02:23 baseweed-admin dbus-run-session[1042]:   WARN scene: @Commons/I18n.qml[104:5]: Unable to assign QJSValue to QObject*
Oct 04 10:02:23 baseweed-admin dbus-run-session[1042]:   INFO: Configuration Loaded
Oct 04 10:02:24 baseweed-admin dbus-run-session[1042]:   WARN scene: @Commons/I18n.qml[104:5]: Unable to assign QJSValue to QObject*
Oct 04 10:02:24 baseweed-admin dbus-run-session[1042]:   INFO qml: [20261004-100224]       Settings Settings loaded
Oct 04 10:02:24 baseweed-admin dbus-run-session[1042]:   INFO qml: [20261004-100224]           I18n Loaded translations for "en"
Oct 04 10:02:24 baseweed-admin dbus-run-session[1042]:   INFO qml: [20261004-100224] PluginRegistry Loaded plugin states from: /home/admin/.config/qdshell/plugins.json
Oct 04 10:02:24 baseweed-admin dbus-run-session[1042]:   INFO qml: [20261004-100224] PluginRegistry Scanning plugin folder: /home/admin/.config/qdshell/plugins
Oct 04 10:02:24 baseweed-admin dbus-run-session[1042]:   INFO qml: [20261004-100224]          Icons Service started
Oct 04 10:02:24 baseweed-admin dbus-run-session[1042]:   INFO: ctrl-server: listening on /run/user/1000/qdshell.sock
Oct 04 10:02:24 baseweed-admin dbus-run-session[1042]:   WARN scene: QML Connections at @Services/Hardware/BrightnessService.qml[66:3]: Detected function "onEnableDdcSupportChanged" in Connections element. This is probably intended to be a signal handler but no signal of the target matches the name.
Oct 04 10:02:24 baseweed-admin dbus-run-session[1042]:   INFO qml: [20261004-100224]     Brightness Service started
Oct 04 10:02:24 baseweed-admin dbus-run-session[1042]:   INFO qml: [20261004-100224] DesktopWidgetR Service started
Oct 04 10:02:24 baseweed-admin dbus-run-session[1042]:   WARN scene: QML Connections at @Services/UI/BarService.qml[147:3]: Detected function "onDisplayModeChanged" in Connections element. This is probably intended to be a signal handler but no signal of the target matches the name.
Oct 04 10:02:24 baseweed-admin dbus-run-session[1042]:   WARN scene: QML Connections at @Services/UI/BarService.qml[147:3]: Detected function "onScreenOverridesChanged" in Connections element. This is probably intended to be a signal handler but no signal of the target matches the name.
Oct 04 10:02:24 baseweed-admin dbus-run-session[1042]:   INFO qml: [20261004-100224]     BarService Service started
Oct 04 10:02:24 baseweed-admin dbus-run-session[1042]:   WARN scene: QML Connections at @Services/Networking/NetworkService.qml[73:3]: Detected function "onWifiEnabledChanged" in Connections element. This is probably intended to be a signal handler but no signal of the target matches the name.
Oct 04 10:02:24 baseweed-admin dbus-run-session[1042]:   INFO qml: [20261004-100224]        Network Service started
Oct 04 10:02:24 baseweed-admin dbus-run-session[1042]:   WARN scene: QML Connections at @Modules/Panels/Dock/StaticDockPanel.qml[350:3]: Detected function "onPinnedAppsChanged" in Connections element. This is probably intended to be a signal handler but no signal of the target matches the name.
Oct 04 10:02:24 baseweed-admin dbus-run-session[1042]:   WARN scene: QML Connections at @Modules/Panels/Dock/StaticDockPanel.qml[350:3]: Detected function "onOnlySameOutputChanged" in Connections element. This is probably intended to be a signal handler but no signal of the target matches the name.
Oct 04 10:02:24 baseweed-admin dbus-run-session[1042]:   WARN scene: QML Connections at @Services/System/SystemStatService.qml[320:3]: Detected function "onEnableDgpuMonitoringChanged" in Connections element. This is probably intended to be a signal handler but no signal of the target matches the name.
Oct 04 10:02:24 baseweed-admin dbus-run-session[1042]:   INFO qml: [20261004-100224]     SystemStat Service started (polling deferred until a consumer registers).
Oct 04 10:02:24 baseweed-admin dbus-run-session[1042]:   WARN scene: QML Connections at @Modules/Panels/Dock/StaticDockPanel.qml[350:3]: Detected function "onPinnedAppsChanged" in Connections element. This is probably intended to be a signal handler but no signal of the target matches the name.
Oct 04 10:02:24 baseweed-admin dbus-run-session[1042]:   WARN scene: QML Connections at @Modules/Panels/Dock/StaticDockPanel.qml[350:3]: Detected function "onOnlySameOutputChanged" in Connections element. This is probably intended to be a signal handler but no signal of the target matches the name.
Oct 04 10:02:24 baseweed-admin dbus-run-session[1042]:   WARN scene: QML Connections at @Modules/Panels/Dock/StaticDockPanel.qml[350:3]: Detected function "onPinnedAppsChanged" in Connections element. This is probably intended to be a signal handler but no signal of the target matches the name.
Oct 04 10:02:24 baseweed-admin dbus-run-session[1042]:   WARN scene: QML Connections at @Modules/Panels/Dock/StaticDockPanel.qml[350:3]: Detected function "onOnlySameOutputChanged" in Connections element. This is probably intended to be a signal handler but no signal of the target matches the name.
Oct 04 10:02:24 baseweed-admin dbus-run-session[1042]:   WARN scene: QML Connections at @Services/UI/WallpaperService.qml[140:3]: Detected function "onWallpaperDownloaded" in Connections element. This is probably intended to be a signal handler but no signal of the target matches the name.
Oct 04 10:02:24 baseweed-admin dbus-run-session[1042]:   WARN scene: QML Connections at @Services/UI/WallpaperService.qml[61:3]: Detected function "onDirectoryChanged" in Connections element. This is probably intended to be a signal handler but no signal of the target matches the name.
Oct 04 10:02:24 baseweed-admin dbus-run-session[1042]:   WARN scene: QML Connections at @Services/UI/WallpaperService.qml[61:3]: Detected function "onEnableMultiMonitorDirectoriesChanged" in Connections element. This is probably intended to be a signal handler but no signal of the target matches the name.
Oct 04 10:02:24 baseweed-admin dbus-run-session[1042]:   WARN scene: QML Connections at @Services/UI/WallpaperService.qml[61:3]: Detected function "onAutomationEnabledChanged" in Connections element. This is probably intended to be a signal handler but no signal of the target matches the name.
Oct 04 10:02:24 baseweed-admin dbus-run-session[1042]:   WARN scene: QML Connections at @Services/UI/WallpaperService.qml[61:3]: Detected function "onRandomIntervalSecChanged" in Connections element. This is probably intended to be a signal handler but no signal of the target matches the name.
Oct 04 10:02:24 baseweed-admin dbus-run-session[1042]:   WARN scene: QML Connections at @Services/UI/WallpaperService.qml[61:3]: Detected function "onWallpaperChangeModeChanged" in Connections element. This is probably intended to be a signal handler but no signal of the target matches the name.
Oct 04 10:02:24 baseweed-admin dbus-run-session[1042]:   WARN scene: QML Connections at @Services/UI/WallpaperService.qml[61:3]: Detected function "onViewModeChanged" in Connections element. This is probably intended to be a signal handler but no signal of the target matches the name.
Oct 04 10:02:24 baseweed-admin dbus-run-session[1042]:   WARN scene: QML Connections at @Services/UI/WallpaperService.qml[61:3]: Detected function "onShowHiddenFilesChanged" in Connections element. This is probably intended to be a signal handler but no signal of the target matches the name.
Oct 04 10:02:24 baseweed-admin dbus-run-session[1042]:   WARN scene: QML Connections at @Services/UI/WallpaperService.qml[61:3]: Detected function "onUseSolidColorChanged" in Connections element. This is probably intended to be a signal handler but no signal of the target matches the name.
Oct 04 10:02:24 baseweed-admin dbus-run-session[1042]:   WARN scene: QML Connections at @Services/UI/WallpaperService.qml[61:3]: Detected function "onSolidColorChanged" in Connections element. This is probably intended to be a signal handler but no signal of the target matches the name.
Oct 04 10:02:24 baseweed-admin dbus-run-session[1042]:   WARN scene: QML Connections at @Services/UI/WallpaperService.qml[61:3]: Detected function "onSortOrderChanged" in Connections element. This is probably intended to be a signal handler but no signal of the target matches the name.
Oct 04 10:02:24 baseweed-admin dbus-run-session[1042]:   WARN scene: QML Connections at @Modules/Background/Background.qml[80:7]: Detected function "onFillModeChanged" in Connections element. This is probably intended to be a signal handler but no signal of the target matches the name.
Oct 04 10:02:24 baseweed-admin dbus-run-session[1042]:   WARN scene: QML Connections at @Modules/Background/Background.qml[80:7]: Detected function "onFillModeChanged" in Connections element. This is probably intended to be a signal handler but no signal of the target matches the name.
Oct 04 10:02:24 baseweed-admin dbus-run-session[1042]:   WARN scene: QML Connections at @Modules/Background/Background.qml[80:7]: Detected function "onFillModeChanged" in Connections element. This is probably intended to be a signal handler but no signal of the target matches the name.
Oct 04 10:02:24 baseweed-admin dbus-run-session[1042]:   WARN scene: QML Connections at @Modules/Dock/Dock.qml[45:7]: Detected function "onPinnedAppsChanged" in Connections element. This is probably intended to be a signal handler but no signal of the target matches the name.
Oct 04 10:02:24 baseweed-admin dbus-run-session[1042]:   WARN scene: QML Connections at @Modules/Dock/Dock.qml[45:7]: Detected function "onOnlySameOutputChanged" in Connections element. This is probably intended to be a signal handler but no signal of the target matches the name.
Oct 04 10:02:24 baseweed-admin dbus-run-session[1042]:   WARN scene: QML Connections at @Modules/Dock/Dock.qml[45:7]: Detected function "onPinnedAppsChanged" in Connections element. This is probably intended to be a signal handler but no signal of the target matches the name.
Oct 04 10:02:24 baseweed-admin dbus-run-session[1042]:   WARN scene: QML Connections at @Modules/Dock/Dock.qml[45:7]: Detected function "onOnlySameOutputChanged" in Connections element. This is probably intended to be a signal handler but no signal of the target matches the name.
Oct 04 10:02:24 baseweed-admin dbus-run-session[1042]:   WARN scene: QML Connections at @Modules/Dock/Dock.qml[45:7]: Detected function "onPinnedAppsChanged" in Connections element. This is probably intended to be a signal handler but no signal of the target matches the name.
Oct 04 10:02:24 baseweed-admin dbus-run-session[1042]:   WARN scene: QML Connections at @Modules/Dock/Dock.qml[45:7]: Detected function "onOnlySameOutputChanged" in Connections element. This is probably intended to be a signal handler but no signal of the target matches the name.
Oct 04 10:02:24 baseweed-admin dbus-run-session[1042]:   INFO qml: [20261004-100224]          Shell ---------------------------
Oct 04 10:02:24 baseweed-admin dbus-run-session[1042]:   INFO qml: [20261004-100224]      Wallpaper Service started
Oct 04 10:02:24 baseweed-admin dbus-run-session[1042]:   INFO qml: [20261004-100224]     ImageCache Service started
Oct 04 10:02:24 baseweed-admin dbus-run-session[1042]:   WARN scene: QML Connections at @Services/Theming/AppThemeService.qml[30:3]: Detected function "onDarkModeChanged" in Connections element. This is probably intended to be a signal handler but no signal of the target matches the name.
Oct 04 10:02:24 baseweed-admin dbus-run-session[1042]:   WARN scene: QML Connections at @Services/Theming/AppThemeService.qml[30:3]: Detected function "onMonitorForColorsChanged" in Connections element. This is probably intended to be a signal handler but no signal of the target matches the name.
Oct 04 10:02:24 baseweed-admin dbus-run-session[1042]:   WARN scene: QML Connections at @Services/Theming/AppThemeService.qml[30:3]: Detected function "onGenerationMethodChanged" in Connections element. This is probably intended to be a signal handler but no signal of the target matches the name.
Oct 04 10:02:24 baseweed-admin dbus-run-session[1042]:   INFO qml: [20261004-100224] AppThemeServic Service started
Oct 04 10:02:24 baseweed-admin dbus-run-session[1042]:   WARN scene: QML Connections at @Services/Theming/ColorSchemeService.qml[20:3]: Detected function "onDarkModeChanged" in Connections element. This is probably intended to be a signal handler but no signal of the target matches the name.
Oct 04 10:02:24 baseweed-admin dbus-run-session[1042]:   INFO qml: [20261004-100224]    ColorScheme Service started
Oct 04 10:02:24 baseweed-admin dbus-run-session[1042]:   INFO qml: [20261004-100224] AppPresentatio Service started
Oct 04 10:02:24 baseweed-admin dbus-run-session[1042]:   WARN scene: QML Connections at @Services/Location/DarkModeService.qml[43:3]: Detected function "onSchedulingModeChanged" in Connections element. This is probably intended to be a signal handler but no signal of the target matches the name.
Oct 04 10:02:24 baseweed-admin dbus-run-session[1042]:   WARN scene: QML Connections at @Services/Location/DarkModeService.qml[28:3]: Detected function "onManualSunriseChanged" in Connections element. This is probably intended to be a signal handler but no signal of the target matches the name.
Oct 04 10:02:24 baseweed-admin dbus-run-session[1042]:   WARN scene: QML Connections at @Services/Location/DarkModeService.qml[28:3]: Detected function "onManualSunsetChanged" in Connections element. This is probably intended to be a signal handler but no signal of the target matches the name.
Oct 04 10:02:24 baseweed-admin dbus-run-session[1042]:   INFO qml: [20261004-100224] DarkModeServic Service started
Oct 04 10:02:24 baseweed-admin dbus-run-session[1042]:   WARN scene: @Services/Location/DarkModeService.qml[29:5]: Unable to assign QJSValue to QObject*
Oct 04 10:02:24 baseweed-admin dbus-run-session[1042]:   WARN scene: @Services/Location/DarkModeService.qml[44:5]: Unable to assign QJSValue to QObject*
Oct 04 10:02:24 baseweed-admin dbus-run-session[1042]:   WARN scene: @Services/Theming/ColorSchemeService.qml[21:5]: Unable to assign QJSValue to QObject*
Oct 04 10:02:24 baseweed-admin dbus-run-session[1042]:   WARN scene: @Services/Theming/AppThemeService.qml[31:5]: Unable to assign QJSValue to QObject*
Oct 04 10:02:24 baseweed-admin dbus-run-session[1042]:   WARN scene: @Modules/Dock/Dock.qml[46:9]: Unable to assign QJSValue to QObject*
Oct 04 10:02:24 baseweed-admin dbus-run-session[1042]:   WARN scene: @Modules/Dock/Dock.qml[46:9]: Unable to assign QJSValue to QObject*
Oct 04 10:02:24 baseweed-admin dbus-run-session[1042]:   WARN scene: @Modules/Dock/Dock.qml[46:9]: Unable to assign QJSValue to QObject*
Oct 04 10:02:24 baseweed-admin dbus-run-session[1042]:   WARN scene: @Modules/Background/Background.qml[81:9]: Unable to assign QJSValue to QObject*
Oct 04 10:02:24 baseweed-admin dbus-run-session[1042]:   WARN scene: @Modules/Background/Background.qml[81:9]: Unable to assign QJSValue to QObject*
Oct 04 10:02:24 baseweed-admin dbus-run-session[1042]:   WARN scene: @Modules/Background/Background.qml[81:9]: Unable to assign QJSValue to QObject*
Oct 04 10:02:24 baseweed-admin dbus-run-session[1042]:   WARN scene: @Services/UI/WallpaperService.qml[62:5]: Unable to assign QJSValue to QObject*
Oct 04 10:02:24 baseweed-admin dbus-run-session[1042]:   WARN scene: @Modules/Panels/SessionMenu/SessionMenu.qml[152:5]: Unable to assign QJSValue to QObject*
Oct 04 10:02:24 baseweed-admin dbus-run-session[1042]:   WARN scene: @Modules/Panels/Dock/StaticDockPanel.qml[351:5]: Unable to assign QJSValue to QObject*
Oct 04 10:02:24 baseweed-admin dbus-run-session[1042]:   WARN scene: @Modules/Panels/SessionMenu/SessionMenu.qml[152:5]: Unable to assign QJSValue to QObject*
Oct 04 10:02:24 baseweed-admin dbus-run-session[1042]:   WARN scene: @Modules/Panels/Dock/StaticDockPanel.qml[351:5]: Unable to assign QJSValue to QObject*
Oct 04 10:02:24 baseweed-admin dbus-run-session[1042]:   WARN scene: @Services/System/SystemStatService.qml[321:5]: Unable to assign QJSValue to QObject*
Oct 04 10:02:24 baseweed-admin dbus-run-session[1042]:   WARN scene: @Modules/Panels/SessionMenu/SessionMenu.qml[152:5]: Unable to assign QJSValue to QObject*
Oct 04 10:02:24 baseweed-admin dbus-run-session[1042]:   WARN scene: @Services/Networking/NetworkService.qml[74:5]: Unable to assign QJSValue to QObject*
Oct 04 10:02:24 baseweed-admin dbus-run-session[1042]:   WARN scene: @Modules/Panels/Dock/StaticDockPanel.qml[351:5]: Unable to assign QJSValue to QObject*
Oct 04 10:02:24 baseweed-admin dbus-run-session[1042]:   WARN scene: @Services/UI/BarService.qml[148:5]: Unable to assign QJSValue to QObject*
Oct 04 10:02:24 baseweed-admin dbus-run-session[1042]:   WARN scene: @Services/Hardware/BrightnessService.qml[67:5]: Unable to assign QJSValue to QObject*
Oct 04 10:02:25 baseweed-admin dbus-run-session[1042]:   INFO qml: [20261004-100225]      Wallpaper Starting scan for Virtual-1 in /home/admin/Pictures/Wallpapers recursive: false
Oct 04 10:02:25 baseweed-admin dbus-run-session[1042]:   INFO qml: [20261004-100225]      Wallpaper Starting scan for pipewire-0 in /home/admin/Pictures/Wallpapers recursive: false
Oct 04 10:02:25 baseweed-admin dbus-run-session[1042]:   INFO qml: [20261004-100225]      Wallpaper Starting scan for pipewire-1 in /home/admin/Pictures/Wallpapers recursive: false
Oct 04 10:02:25 baseweed-admin dbus-run-session[1042]:   INFO qml: [20261004-100225]       Location Service started
Oct 04 10:02:25 baseweed-admin dbus-run-session[1042]:   WARN scene: QML Connections at @Services/Location/NightLightService.qml[96:3]: Detected function "onEnabledChanged" in Connections element. This is probably intended to be a signal handler but no signal of the target matches the name.
Oct 04 10:02:25 baseweed-admin dbus-run-session[1042]:   WARN scene: QML Connections at @Services/Location/NightLightService.qml[96:3]: Detected function "onForcedChanged" in Connections element. This is probably intended to be a signal handler but no signal of the target matches the name.
Oct 04 10:02:25 baseweed-admin dbus-run-session[1042]:   WARN scene: QML Connections at @Services/Location/NightLightService.qml[96:3]: Detected function "onNightTempChanged" in Connections element. This is probably intended to be a signal handler but no signal of the target matches the name.
Oct 04 10:02:25 baseweed-admin dbus-run-session[1042]:   WARN scene: QML Connections at @Services/Location/NightLightService.qml[96:3]: Detected function "onDayTempChanged" in Connections element. This is probably intended to be a signal handler but no signal of the target matches the name.
Oct 04 10:02:25 baseweed-admin dbus-run-session[1042]:   WARN scene: QML Connections at @Services/Control/HooksService.qml[16:3]: Detected function "onDarkModeChanged" in Connections element. This is probably intended to be a signal handler but no signal of the target matches the name.
Oct 04 10:02:25 baseweed-admin dbus-run-session[1042]:   INFO qml: [20261004-100225]   HooksService Service started
Oct 04 10:02:25 baseweed-admin dbus-run-session[1042]:   WARN quickshell.dbus.objectmanager: Failed to create DBusObjectManagerInterface for "org.bluez" "/" : QDBusError("org.freedesktop.DBus.Error.ServiceUnknown", "The name is not activatable")
Oct 04 10:02:25 baseweed-admin dbus-run-session[1042]:   INFO qml: [20261004-100225]      Bluetooth Service started
Oct 04 10:02:25 baseweed-admin dbus-run-session[1042]:   INFO qml: [20261004-100225]  IdleInhibitor Service started
Oct 04 10:02:25 baseweed-admin dbus-run-session[1042]:   INFO qml: [20261004-100225] CapabilityServ qdwin live-apply capabilities: pointer=false xkb=false wm=false output=false workspace=false idleDpms=false keybind=false
Oct 04 10:02:25 baseweed-admin dbus-run-session[1042]:   INFO qml: [20261004-100225]   PowerService Service started
Oct 04 10:02:25 baseweed-admin dbus-run-session[1042]:   INFO qml: [20261004-100225] AccessibilityS Service started
Oct 04 10:02:25 baseweed-admin dbus-run-session[1042]:   INFO qml: [20261004-100225]  KeyboardInput Service started
Oct 04 10:02:25 baseweed-admin dbus-run-session[1042]:   INFO qml: [20261004-100225] PointerInputSe Service started (qdwin live-apply: persist-only until shell binds >= v28)
Oct 04 10:02:25 baseweed-admin dbus-run-session[1042]:   INFO qml: [20261004-100225] WindowManagerS Service started (qdwin v25 live-apply: false, shortcuts: false)
Oct 04 10:02:25 baseweed-admin dbus-run-session[1042]:   INFO qml: [20261004-100225] SessionService started; saved=0 canApplyPlacement=false
Oct 04 10:02:25 baseweed-admin dbus-run-session[1042]:   INFO qml: [20261004-100225]    HostService Service started
Oct 04 10:02:25 baseweed-admin dbus-run-session[1042]:   INFO qml: [20261004-100225] CustomButtonIP Service started
Oct 04 10:02:25 baseweed-admin dbus-run-session[1042]:   INFO qml: [20261004-100225]     IPCService Service started
Oct 04 10:02:25 baseweed-admin dbus-run-session[1042]:   INFO qml: [20261004-100225]        PodApps service started
Oct 04 10:02:25 baseweed-admin dbus-run-session[1042]:   INFO qml: [20261004-100225]         VMApps service started
Oct 04 10:02:25 baseweed-admin dbus-run-session[1042]:   INFO qml: [20261004-100225]      Tier3Apps service started
Oct 04 10:02:25 baseweed-admin dbus-run-session[1042]:   INFO qml: [20261004-100225]     Tier3sApps service started
Oct 04 10:02:25 baseweed-admin dbus-run-session[1042]:   INFO qml: [20261004-100225]      Tier4Apps service started
Oct 04 10:02:25 baseweed-admin dbus-run-session[1042]:   INFO qml: [20261004-100225] RemoteMachineW service started
Oct 04 10:02:25 baseweed-admin dbus-run-session[1042]:   INFO qml: [20261004-100225]  Tier3FocusIPC service started
Oct 04 10:02:25 baseweed-admin dbus-run-session[1042]:   WARN quickshell.dbus: Could not launch service org.freedesktop.UPower.PowerProfiles: QDBusError(org.freedesktop.DBus.Error.ServiceUnknown, The name is not activatable)
Oct 04 10:02:25 baseweed-admin dbus-run-session[1042]:   WARN quickshell.service.powerprofiles: Could not start PowerProfilesDaemon. The PowerProfiles service will not work.
Oct 04 10:02:25 baseweed-admin dbus-run-session[1042]:   INFO qml: [20261004-100225]          Qdwin qdwin_shell_v1 bound v34
Oct 04 10:02:25 baseweed-admin dbus-run-session[1042]:   INFO qml: [20261004-100225]  ClipboardGate wired to qdwin_shell_v1; broker default=deny
Oct 04 10:02:25 baseweed-admin dbus-run-session[1042]:   INFO qml: [20261004-100225] WindowManagerS applied WM policy focus=click placement=smart snap=true/16
Oct 04 10:02:25 baseweed-admin dbus-run-session[1042]:   INFO qml: [20261004-100225] CapabilityServ wmPolicy -> true
Oct 04 10:02:25 baseweed-admin dbus-run-session[1042]:   INFO qml: [20261004-100225] WindowManagerS registered WM shortcuts (5 active)
Oct 04 10:02:25 baseweed-admin dbus-run-session[1042]:   INFO qml: [20261004-100225] CapabilityServ keybindRegistration -> true
Oct 04 10:02:25 baseweed-admin dbus-run-session[1042]:   INFO qml: [20261004-100225] PointerInputSe applied pointer config accelSpeed=0 profile=0 natural=0 tap=1 scroll=1
Oct 04 10:02:25 baseweed-admin dbus-run-session[1042]:   INFO qml: [20261004-100225] CapabilityServ pointerConfig -> true
Oct 04 10:02:25 baseweed-admin dbus-run-session[1042]:   INFO qml: [20261004-100225]  KeyboardInput applied qdwin key-repeat rate=25 delay=500
Oct 04 10:02:25 baseweed-admin dbus-run-session[1042]:   INFO qml: [20261004-100225] CapabilityServ xkbRepeat -> true
Oct 04 10:02:25 baseweed-admin dbus-run-session[1042]:   INFO qml: [20261004-100225]   PowerService idle policy armed: inactivity=0ms (nothing), displayOff=0ms, presentation=false
Oct 04 10:02:25 baseweed-admin dbus-run-session[1042]:   INFO qml: [20261004-100225] CapabilityServ idleDpms -> true
Oct 04 10:02:25 baseweed-admin dbus-run-session[1042]:   INFO qml: [20261004-100225] CapabilityServ outputManagement -> true
Oct 04 10:02:25 baseweed-admin dbus-run-session[1042]:   WARN qml: [20261004-100225]       Location Weather is still fetching
Oct 04 10:02:25 baseweed-admin dbus-run-session[1042]:   WARN quickshell.dbus: Could not launch service org.freedesktop.UPower: QDBusError(org.freedesktop.DBus.Error.ServiceUnknown, The name is not activatable)
Oct 04 10:02:25 baseweed-admin dbus-run-session[1042]:   WARN quickshell.service.upower: Could not start UPower. The UPower service will not work.
Oct 04 10:02:25 baseweed-admin dbus-run-session[1042]:   INFO qml: [20261004-100225]    HostService resolved hostname baseweed-admin
Oct 04 10:02:25 baseweed-admin dbus-run-session[1042]:   INFO qml: [20261004-100225]    HostService Detected openSUSE Tumbleweed
Oct 04 10:02:25 baseweed-admin dbus-run-session[1042]:   INFO qml: [20261004-100225]    HostService Looking for logo icon: distributor-logo-Tumbleweed
Oct 04 10:02:25 baseweed-admin dbus-run-session[1042]:   WARN: Process failed to start, likely because the binary could not be found. Command: QList("bluetoothctl", "show")
Oct 04 10:02:25 baseweed-admin dbus-run-session[1042]:   WARN: Process failed to start, likely because the binary could not be found. Command: QList("udisksctl", "monitor")
Oct 04 10:02:25 baseweed-admin dbus-run-session[1042]:   WARN scene: QML Connections at qs:/usr/share/quickshell/qdshell/Modules/Bar/Widgets/Taskbar.qml[981:3]: Detected function "onPinnedAppsChanged" in Connections element. This is probably intended to be a signal handler but no signal of the target matches the name.
Oct 04 10:02:25 baseweed-admin dbus-run-session[1042]:   WARN scene: QML Connections at qs:/usr/share/quickshell/qdshell/Modules/Bar/Widgets/Taskbar.qml[981:3]: Detected function "onPinnedAppsChanged" in Connections element. This is probably intended to be a signal handler but no signal of the target matches the name.
Oct 04 10:02:25 baseweed-admin dbus-run-session[1042]:   WARN scene: QML Connections at qs:/usr/share/quickshell/qdshell/Modules/Bar/Widgets/Taskbar.qml[981:3]: Detected function "onPinnedAppsChanged" in Connections element. This is probably intended to be a signal handler but no signal of the target matches the name.
Oct 04 10:02:25 baseweed-admin dbus-run-session[1042]:   INFO qml: [20261004-100225] PluginRegistry All plugin manifests loaded. Total plugins: 0
Oct 04 10:02:25 baseweed-admin dbus-run-session[1042]:   INFO qml: [20261004-100225]  PluginService Initializing plugin system
Oct 04 10:02:25 baseweed-admin dbus-run-session[1042]:   INFO qml: [20261004-100225]  PluginService Found 0 enabled plugins: []
Oct 04 10:02:25 baseweed-admin dbus-run-session[1042]:   INFO qml: [20261004-100225]  PluginService No plugins to load
Oct 04 10:02:25 baseweed-admin dbus-run-session[1042]:   INFO qml: [20261004-100225]  PluginService Refreshing available plugins
Oct 04 10:02:25 baseweed-admin dbus-run-session[1042]:   WARN qml: [20261004-100225]     ImageCache ImageMagick not found, using Qt fallback
Oct 04 10:02:25 baseweed-admin dbus-run-session[1042]:   WARN qml: [20261004-100225]      Wallpaper Scan failed for Virtual-1 exit code: 1 (directory might not exist)
Oct 04 10:02:25 baseweed-admin dbus-run-session[1042]:   WARN qml: [20261004-100225]      Wallpaper Scan failed for pipewire-0 exit code: 1 (directory might not exist)
Oct 04 10:02:25 baseweed-admin dbus-run-session[1042]:   WARN qml: [20261004-100225]      Wallpaper Scan failed for pipewire-1 exit code: 1 (directory might not exist)
Oct 04 10:02:25 baseweed-admin dbus-run-session[1042]:   WARN qml: [20261004-100225]   PowerService Button monitor unavailable (exit 1); releasing key inhibitors, logind will handle power/sleep keys
Oct 04 10:02:25 baseweed-admin dbus-run-session[1042]:   INFO qml: [20261004-100225]  KeyboardInput applied qdwin key-repeat rate=25 delay=500
Oct 04 10:02:25 baseweed-admin dbus-run-session[1042]:   INFO qml: [20261004-100225] PointerInputSe enumerated 3 pointer device(s) via proc
Oct 04 10:02:25 baseweed-admin dbus-run-session[1042]:   INFO qml: [20261004-100225]        PodApps cache refresh loaded 0 apps
Oct 04 10:02:34 baseweed-admin dbus-run-session[1042]:   WARN: Could not load icon "user-desktop?fallback=application-x-executable" at size QSize(19, 19) from request
Oct 04 10:02:34 baseweed-admin dbus-run-session[1042]:   WARN scene: qs:/usr/share/quickshell/qdshell/Modules/Bar/Widgets/Taskbar.qml[982:5]: Unable to assign QJSValue to QObject*
Oct 04 10:02:34 baseweed-admin dbus-run-session[1042]:   WARN scene: qs:/usr/share/quickshell/qdshell/Modules/Bar/Widgets/Taskbar.qml[982:5]: Unable to assign QJSValue to QObject*
Oct 04 10:02:34 baseweed-admin dbus-run-session[1042]:   WARN scene: qs:/usr/share/quickshell/qdshell/Modules/Bar/Widgets/Taskbar.qml[982:5]: Unable to assign QJSValue to QObject*
Oct 04 10:02:34 baseweed-admin dbus-run-session[1042]:   WARN scene: @Services/Control/HooksService.qml[17:5]: Unable to assign QJSValue to QObject*
Oct 04 10:02:34 baseweed-admin dbus-run-session[1042]:   WARN scene: @Services/Location/NightLightService.qml[97:5]: Unable to assign QJSValue to QObject*
Oct 04 10:02:34 baseweed-admin dbus-run-session[1042]:  ERROR qml: [20261004-100234]       Location Geocoding error: 0
Oct 04 10:02:34 baseweed-admin dbus-run-session[1042]:   INFO qml: [20261004-100234]    ColorScheme Applying color scheme: Qdshell (default)
Oct 04 10:02:34 baseweed-admin dbus-run-session[1042]:   INFO qml: [20261004-100234]           Font Service started
Oct 04 10:02:34 baseweed-admin dbus-run-session[1042]:   WARN: Process failed to start, likely because the binary could not be found. Command: QList("bluetoothctl", "show")
Oct 04 10:02:34 baseweed-admin dbus-run-session[1042]:  ERROR qml: [20261004-100234]  PluginService Empty response from Qdshell Plugins
Oct 04 10:02:34 baseweed-admin dbus-run-session[1042]:  ERROR qml: [20261004-100234]  PluginService Failed to fetch registry from Qdshell Plugins - exit code: 1
Oct 04 10:02:35 baseweed-admin dbus-run-session[1042]:   INFO qml: [20261004-100235]        PodApps cache refresh loaded 0 apps
Oct 04 10:02:39 baseweed-admin dbus-run-session[1042]:   INFO qml: [20261004-100239]           Font Loaded 11 fonts, 3 monospace
Oct 04 10:02:39 baseweed-admin dbus-run-session[1042]:   INFO qml: [20261004-100239]           Time Time jump detected (14s) - likely system resume
Oct 04 10:02:39 baseweed-admin dbus-run-session[1042]:   INFO qml: [20261004-100239]        Network System resumed - forcing state poll
Oct 04 10:02:39 baseweed-admin dbus-run-session[1042]:   INFO qml: [20261004-100239]     SystemStat System resumed - resetting differential state
Oct 04 10:02:39 baseweed-admin dbus-run-session[1042]:   INFO qml: [20261004-100239] DarkModeServic System resumed - re-evaluating dark mode
Oct 04 10:02:39 baseweed-admin dbus-run-session[1042]:   INFO qml: [20261004-100239]     NightLight System resumed - re-applying night light
Oct 04 10:02:39 baseweed-admin dbus-run-session[1042]:   INFO qml: [20261004-100239]      Bluetooth System resumed - forcing state poll
Oct 04 10:02:39 baseweed-admin dbus-run-session[1042]:   WARN qml: [20261004-100239]        Network Connectivity check error: Error: Not authorized to recheck connectivity.
Oct 04 10:02:40 baseweed-admin dbus-run-session[1042]:   WARN: Process failed to start, likely because the binary could not be found. Command: QList("bluetoothctl", "show")
Oct 04 10:02:40 baseweed-admin dbus-run-session[1042]:   WARN qml: [20261004-100240]     SystemStat No supported temperature sensor found
Oct 04 10:02:40 baseweed-admin dbus-run-session[1042]:   INFO qml: [20261004-100240] DarkModeServic Resume retry - re-evaluating dark mode again
Oct 04 10:02:40 baseweed-admin dbus-run-session[1042]:   INFO qml: [20261004-100240]     NightLight Resume retry - re-applying night light again
Oct 04 10:02:41 baseweed-admin dbus-run-session[1042]:   WARN: Process failed to start, likely because the binary could not be found. Command: QList("bluetoothctl", "show")
Oct 04 10:02:41 baseweed-admin dbus-run-session[1042]:   WARN: Process failed to start, likely because the binary could not be found. Command: QList("bluetoothctl", "show")
Oct 04 10:02:43 baseweed-admin dbus-run-session[1042]:   WARN: Process failed to start, likely because the binary could not be found. Command: QList("bluetoothctl", "show")
Oct 04 10:02:45 baseweed-admin dbus-run-session[1042]:   WARN: Process failed to start, likely because the binary could not be found. Command: QList("bluetoothctl", "show")
Oct 04 10:02:45 baseweed-admin dbus-run-session[1042]:   WARN qml: [20261004-100245]       Location Weather is still fetching
Oct 04 10:02:45 baseweed-admin dbus-run-session[1042]:  ERROR qml: [20261004-100245]       Location Geocoding error: 0
Oct 04 10:02:47 baseweed-admin dbus-run-session[1042]:   WARN: Process failed to start, likely because the binary could not be found. Command: QList("bluetoothctl", "show")
Oct 04 10:02:49 baseweed-admin dbus-run-session[1042]:   WARN qml: [20261004-100249]        Network Connectivity check error: Error: Not authorized to recheck connectivity.
Oct 04 10:02:49 baseweed-admin dbus-run-session[1042]:   WARN: Process failed to start, likely because the binary could not be found. Command: QList("bluetoothctl", "show")
Oct 04 10:02:51 baseweed-admin dbus-run-session[1042]:   WARN: Process failed to start, likely because the binary could not be found. Command: QList("bluetoothctl", "show")
Oct 04 10:02:53 baseweed-admin dbus-run-session[1042]:   WARN: Process failed to start, likely because the binary could not be found. Command: QList("bluetoothctl", "show")
Oct 04 10:02:55 baseweed-admin dbus-run-session[1042]:   WARN: Process failed to start, likely because the binary could not be found. Command: QList("bluetoothctl", "show")
Oct 04 10:02:55 baseweed-admin dbus-run-session[1042]:   INFO qml: [20261004-100255]        PodApps cache refresh loaded 0 apps
Oct 04 10:02:57 baseweed-admin dbus-run-session[1042]:   WARN: Process failed to start, likely because the binary could not be found. Command: QList("bluetoothctl", "show")
Oct 04 10:02:59 baseweed-admin dbus-run-session[1042]:   WARN: Process failed to start, likely because the binary could not be found. Command: QList("bluetoothctl", "show")
Oct 04 10:03:01 baseweed-admin dbus-run-session[1042]:   WARN: Process failed to start, likely because the binary could not be found. Command: QList("bluetoothctl", "show")
Oct 04 10:03:03 baseweed-admin dbus-run-session[1042]:   WARN: Process failed to start, likely because the binary could not be found. Command: QList("bluetoothctl", "show")
Oct 04 10:03:05 baseweed-admin dbus-run-session[1042]:   WARN qml: [20261004-100305]        Network Connectivity check error: Error: Not authorized to recheck connectivity.
Oct 04 10:03:05 baseweed-admin dbus-run-session[1042]:   WARN: Process failed to start, likely because the binary could not be found. Command: QList("bluetoothctl", "show")
Oct 04 10:03:05 baseweed-admin dbus-run-session[1042]:   WARN qml: [20261004-100305]       Location Weather is still fetching
Oct 04 10:03:05 baseweed-admin dbus-run-session[1042]:  ERROR qml: [20261004-100305]       Location Geocoding error: 0
Oct 04 10:03:07 baseweed-admin dbus-run-session[1042]:   WARN: Process failed to start, likely because the binary could not be found. Command: QList("bluetoothctl", "show")
Oct 04 10:03:09 baseweed-admin dbus-run-session[1042]:   WARN: Process failed to start, likely because the binary could not be found. Command: QList("bluetoothctl", "show")
Oct 04 10:03:11 baseweed-admin dbus-run-session[1042]:   WARN: Process failed to start, likely because the binary could not be found. Command: QList("bluetoothctl", "show")
Oct 04 10:03:13 baseweed-admin dbus-run-session[1042]:   WARN: Process failed to start, likely because the binary could not be found. Command: QList("bluetoothctl", "show")
Oct 04 10:03:15 baseweed-admin dbus-run-session[1042]:   WARN: Process failed to start, likely because the binary could not be found. Command: QList("bluetoothctl", "show")
Oct 04 10:03:17 baseweed-admin dbus-run-session[1042]:   WARN: Process failed to start, likely because the binary could not be found. Command: QList("bluetoothctl", "show")
Oct 04 10:03:19 baseweed-admin dbus-run-session[1042]:   WARN qml: [20261004-100319]        Network Connectivity check error: Error: Not authorized to recheck connectivity.
Oct 04 10:03:19 baseweed-admin dbus-run-session[1042]:   WARN: Process failed to start, likely because the binary could not be found. Command: QList("bluetoothctl", "show")
Oct 04 10:03:21 baseweed-admin dbus-run-session[1042]:   WARN: Process failed to start, likely because the binary could not be found. Command: QList("bluetoothctl", "show")
Oct 04 10:03:23 baseweed-admin dbus-run-session[1042]:   WARN: Process failed to start, likely because the binary could not be found. Command: QList("bluetoothctl", "show")
Oct 04 10:03:25 baseweed-admin dbus-run-session[1042]:   WARN: Process failed to start, likely because the binary could not be found. Command: QList("bluetoothctl", "show")
Oct 04 10:03:25 baseweed-admin dbus-run-session[1042]:   WARN qml: [20261004-100325]       Location Weather is still fetching
Oct 04 10:03:25 baseweed-admin dbus-run-session[1042]:  ERROR qml: [20261004-100325]       Location Geocoding error: 0
Oct 04 10:03:25 baseweed-admin dbus-run-session[1042]:   INFO qml: [20261004-100325]        PodApps cache refresh loaded 0 apps
Oct 04 10:03:27 baseweed-admin dbus-run-session[1042]:   WARN: Process failed to start, likely because the binary could not be found. Command: QList("bluetoothctl", "show")
Oct 04 10:03:29 baseweed-admin dbus-run-session[1042]:   WARN: Process failed to start, likely because the binary could not be found. Command: QList("bluetoothctl", "show")
Oct 04 10:03:31 baseweed-admin dbus-run-session[1042]:   WARN: Process failed to start, likely because the binary could not be found. Command: QList("bluetoothctl", "show")
Oct 04 10:03:32 baseweed-admin dbus-run-session[1042]:   INFO qml: [20261004-100332]          Qdwin toplevel_security_context handle=1 engine=qdistro.tier3s app_id=qdistro.tier3s.s129a instance=598919ce02da5e1c0c38367b5cbe3de1
Oct 04 10:03:32 baseweed-admin dbus-run-session[1042]:   INFO qml: [20261004-100332]     Tier3sApps [tier3s] toplevel observed silo=s129a secctx=qdistro.tier3s.s129a color=#ce93d8 handle=1
Oct 04 10:03:32 baseweed-admin dbus-run-session[1042]:   INFO qml: [20261004-100332]     Tier3sApps [tier3s] silo=s129a color=#ce93d8
Oct 04 10:03:32 baseweed-admin dbus-run-session[1042]:   WARN: Could not load icon "org.freedesktop.weston.wayland-terminal?fallback=application-x-executable" at size QSize(19, 19) from request
Oct 04 10:03:33 baseweed-admin dbus-run-session[1042]:   WARN: Process failed to start, likely because the binary could not be found. Command: QList("bluetoothctl", "show")
Oct 04 10:03:34 baseweed-admin dbus-run-session[1042]:   WARN qml: [20261004-100334]        Network Connectivity check error: Error: Not authorized to recheck connectivity.
Oct 04 10:03:34 baseweed-admin dbus-run-session[1042]:   INFO qml: [20261004-100334]        PodApps auto-scan: qdistro-tier3s-s129a transitioned to running
Oct 04 10:03:35 baseweed-admin dbus-run-session[1042]:   INFO qml: [20261004-100335]          Qdwin toplevel_security_context handle=2 engine=qdistro.tier3s app_id=qdistro.tier3s.s129b instance=950af21e7a8b256e97691193bf508141
Oct 04 10:03:35 baseweed-admin dbus-run-session[1042]:   INFO qml: [20261004-100335]     Tier3sApps [tier3s] toplevel observed silo=s129b secctx=qdistro.tier3s.s129b color=#80deea handle=2
Oct 04 10:03:35 baseweed-admin dbus-run-session[1042]:   INFO qml: [20261004-100335]     Tier3sApps [tier3s] silo=s129b color=#80deea
Oct 04 10:03:35 baseweed-admin dbus-run-session[1042]:   WARN: Process failed to start, likely because the binary could not be found. Command: QList("bluetoothctl", "show")
Oct 04 10:03:37 baseweed-admin dbus-run-session[1042]:   INFO qml: [20261004-100337]        PodApps cache refresh loaded 0 apps
Oct 04 10:03:37 baseweed-admin dbus-run-session[1042]:   WARN: Process failed to start, likely because the binary could not be found. Command: QList("bluetoothctl", "show")
Oct 04 10:03:37 baseweed-admin dbus-run-session[1042]:   INFO qml: [20261004-100337]        PodApps auto-scan: qdistro-tier3s-s129b transitioned to running
Oct 04 10:03:38 baseweed-admin dbus-run-session[1042]:   INFO qml: [20261004-100338]  Tier3FocusIPC findSiloHandle silo=s129a → HANDLE=-1
Oct 04 10:03:39 baseweed-admin dbus-run-session[1042]:   INFO qml: [20261004-100339]  Tier3FocusIPC findSiloHandle silo=s129b → HANDLE=2
Oct 04 10:03:39 baseweed-admin dbus-run-session[1042]:   WARN: Process failed to start, likely because the binary could not be found. Command: QList("bluetoothctl", "show")
Oct 04 10:03:39 baseweed-admin podman[6265]: 2026-10-04 10:03:39.617938008 +0000 UTC m=+0.148474006 container exec 003e323d44b9863e5de630067ba445925f2386291550bc6551edd1b33e3709cb (image=localhost/qdistro/tier3s-weston-terminal:latest, name=qdistro-tier3s-s129b, org.opensuse.base.url=https://www.opensuse.org, org.opensuse.base.description=Image containing a minimal environment for containers based on openSUSE Tumbleweed., qdistro_tier3s_unit=qdistro-tier3s-silo@s129b.service, org.opensuse.base.version=20260930.37.208, org.qdistro.tier3s.workload=weston-terminal, org.opencontainers.image.description=Image containing a minimal environment for containers based on openSUSE Tumbleweed., org.opensuse.reference=registry.opensuse.org/opensuse/tumbleweed:20260930.37.208, org.openbuildservice.disturl=obs://build.opensuse.org/openSUSE:Factory/images/561f9d4c8e4e1a441f95ad4ec6b5a914-opensuse-tumbleweed-image:docker, org.opensuse.base.created=2026-09-30T20:05:54.126624488Z, org.opencontainers.image.created=2026-09-30T20:05:54.126624488Z, org.opensuse.base.lifecycle-url=https://en.opensuse.org/Lifetime, org.opensuse.base.source=https://build.opensuse.org/package/show/openSUSE:Factory/opensuse-tumbleweed-image?rev=561f9d4c8e4e1a441f95ad4ec6b5a914, org.opensuse.base.vendor=openSUSE Project, org.opensuse.lifecycle-url=https://en.opensuse.org/Lifetime, org.opencontainers.image.title=openSUSE Tumbleweed Base Container, qdistro_tier3s_token=950af21e7a8b256e97691193bf508141, org.opensuse.base.disturl=obs://build.opensuse.org/openSUSE:Factory/images/561f9d4c8e4e1a441f95ad4ec6b5a914-opensuse-tumbleweed-image:docker, org.opencontainers.image.url=https://www.opensuse.org, org.opencontainers.image.version=20260930.37.208, io.buildah.version=1.44.1, org.opensuse.base.title=openSUSE Tumbleweed Base Container, org.opencontainers.image.vendor=openSUSE Project, org.qdistro.snapshot=20260930, org.opensuse.base.reference=registry.opensuse.org/opensuse/tumbleweed:20260930.37.208, org.opencontainers.image.source=https://build.opensuse.org/package/show/openSUSE:Factory/opensuse-tumbleweed-image?rev=561f9d4c8e4e1a441f95ad4ec6b5a914)
Oct 04 10:03:39 baseweed-admin conmon[6481]: conmon 003e323d44b9863e5de6 <nwarn>: Failed to open cgroups file: /sys/fs/cgroup/user.slice/user-1000.slice/user@1000.service/app.slice/qdshell.service/memory.events
Oct 04 10:03:39 baseweed-admin podman[6265]: 2026-10-04 10:03:39.730047523 +0000 UTC m=+0.260583491 container exec_died 003e323d44b9863e5de630067ba445925f2386291550bc6551edd1b33e3709cb (image=localhost/qdistro/tier3s-weston-terminal:latest, name=qdistro-tier3s-s129b, org.opensuse.base.reference=registry.opensuse.org/opensuse/tumbleweed:20260930.37.208, org.opencontainers.image.created=2026-09-30T20:05:54.126624488Z, org.opensuse.base.lifecycle-url=https://en.opensuse.org/Lifetime, org.opensuse.base.vendor=openSUSE Project, org.opensuse.base.created=2026-09-30T20:05:54.126624488Z, qdistro_tier3s_token=950af21e7a8b256e97691193bf508141, org.opencontainers.image.description=Image containing a minimal environment for containers based on openSUSE Tumbleweed., org.opensuse.reference=registry.opensuse.org/opensuse/tumbleweed:20260930.37.208, org.opensuse.base.disturl=obs://build.opensuse.org/openSUSE:Factory/images/561f9d4c8e4e1a441f95ad4ec6b5a914-opensuse-tumbleweed-image:docker, org.opensuse.lifecycle-url=https://en.opensuse.org/Lifetime, org.opensuse.base.title=openSUSE Tumbleweed Base Container, org.opensuse.base.version=20260930.37.208, org.opensuse.base.description=Image containing a minimal environment for containers based on openSUSE Tumbleweed., org.opencontainers.image.source=https://build.opensuse.org/package/show/openSUSE:Factory/opensuse-tumbleweed-image?rev=561f9d4c8e4e1a441f95ad4ec6b5a914, org.opencontainers.image.url=https://www.opensuse.org, io.buildah.version=1.44.1, org.opencontainers.image.title=openSUSE Tumbleweed Base Container, org.opencontainers.image.vendor=openSUSE Project, org.qdistro.snapshot=20260930, qdistro_tier3s_unit=qdistro-tier3s-silo@s129b.service, org.openbuildservice.disturl=obs://build.opensuse.org/openSUSE:Factory/images/561f9d4c8e4e1a441f95ad4ec6b5a914-opensuse-tumbleweed-image:docker, org.opencontainers.image.version=20260930.37.208, org.opensuse.base.source=https://build.opensuse.org/package/show/openSUSE:Factory/opensuse-tumbleweed-image?rev=561f9d4c8e4e1a441f95ad4ec6b5a914, org.opensuse.base.url=https://www.opensuse.org, execID=a8c9e9bfdf48ad5db5ba39dd2c9546efeb28880408b5e7afdf86573f5a8c13ab, org.qdistro.tier3s.workload=weston-terminal)
Oct 04 10:03:40 baseweed-admin dbus-run-session[1042]:   INFO qml: [20261004-100340]        PodApps cache refresh loaded 0 apps
Oct 04 10:03:41 baseweed-admin dbus-run-session[1042]:   WARN: Process failed to start, likely because the binary could not be found. Command: QList("bluetoothctl", "show")
Oct 04 10:03:43 baseweed-admin dbus-run-session[1042]:   WARN: Process failed to start, likely because the binary could not be found. Command: QList("bluetoothctl", "show")
