[vm-exec] guest identity pinned (pid 3441 start 5301)
[vm-exec] Waiting... (polls=30s elapsed=31s)
[vm-exec] Waiting... (polls=60s elapsed=63s)
[vm-exec] Waiting... (polls=90s elapsed=94s)

## 0. preconditions
PASS: probe PASS (0)
PASS: broker allows the smoke spawn (allow)
PASS: launch unit carries StopPropagatedFrom= the manager (O11) (qdistro-session-manager.service)
PASS: pre: control records (0)
PASS: pre: scopes (0)
PASS: pre: labelled containers (0)
PASS: pre: runsc-bundle processes (0)
PASS: pre: state root holds no container state (0)
PASS: pre: no cleanup call scope left (0)
PASS: pre: no cleanup work dir left (0)
PASS: CreateTier3sSilo s122a (Created)
PASS: CreateTier3sSilo s122b (Created)
    silos.yaml: s122a argv -> ["qdistro-tier3s-smoke", "--hold", "600"]
    silos.yaml: s122b argv -> ["qdistro-tier3s-smoke", "--hold", "600"]

## 1. launcher SIGKILL (service failure), three times (ExecStopPost races the scope stop)
PASS: sigkill#1: launch 68035af9adc80965c3615f09f9bdf121 up
PASS: sigkill#1: launch unit failed visibly (failed:signal)
    unit: qdistro-tier3s-silo@s122a.service: Sent signal SIGKILL to main process 4251 (spawn-tier3s.sh) on client request.
    unit: qdistro-tier3s-silo@s122a.service: Main process exited, code=killed, status=9/KILL
    unit: qdistro-tier3s-cleanup: 68035af9adc80965c3615f09f9bdf121: torn down (qdistro-tier3s-s122a)
    unit: qdistro-tier3s-silo@s122a.service: Failed with result 'signal'.
    unit: qdistro-tier3s-silo@s122a.service: Consumed 2.228s CPU time over 8.351s wall clock time.
PASS: launcher-sigkill#1: all 19 launch processes gone (pid+starttime)
PASS: launcher-sigkill#1: scope qdistro-tier3s-68035af9adc80965c3615f09f9bdf121.scope gone (unit down, /sys/fs/cgroup/system.slice/qdistro-tier3s-68035af9adc80965c3615f09f9bdf121.scope absent)
PASS: launcher-sigkill#1: per-launch dir /run/qdistro-tier3s/68035af9adc80965c3615f09f9bdf121 gone
PASS: launcher-sigkill#1: control record /run/qdistro-tier3s-ctl/68035af9adc80965c3615f09f9bdf121 gone
PASS: launcher-sigkill#1: container qdistro-tier3s-s122a gone (podman exists rc=1)
PASS: launcher-sigkill#1: no runsc state for 9d00d2714367 in /run/qdistro-tier3s-runsc/1000
PASS: sigkill#1: StopSilo afterwards reaches Stopped (Stopped)
PASS: sigkill#2: launch 9ff007994c35788cf7876645f80c5555 up
PASS: sigkill#2: launch unit failed visibly (failed:signal)
    unit: qdistro-tier3s-silo@s122a.service: Sent signal SIGKILL to main process 5133 (spawn-tier3s.sh) on client request.
    unit: qdistro-tier3s-silo@s122a.service: Main process exited, code=killed, status=9/KILL
    unit: qdistro-tier3s-cleanup: 9ff007994c35788cf7876645f80c5555: torn down (qdistro-tier3s-s122a)
    unit: qdistro-tier3s-silo@s122a.service: Failed with result 'signal'.
    unit: qdistro-tier3s-silo@s122a.service: Consumed 1.536s CPU time over 8.789s wall clock time.
PASS: launcher-sigkill#2: all 17 launch processes gone (pid+starttime)
PASS: launcher-sigkill#2: scope qdistro-tier3s-9ff007994c35788cf7876645f80c5555.scope gone (unit down, /sys/fs/cgroup/system.slice/qdistro-tier3s-9ff007994c35788cf7876645f80c5555.scope absent)
PASS: launcher-sigkill#2: per-launch dir /run/qdistro-tier3s/9ff007994c35788cf7876645f80c5555 gone
PASS: launcher-sigkill#2: control record /run/qdistro-tier3s-ctl/9ff007994c35788cf7876645f80c5555 gone
PASS: launcher-sigkill#2: container qdistro-tier3s-s122a gone (podman exists rc=1)
PASS: launcher-sigkill#2: no runsc state for b01d321c776d in /run/qdistro-tier3s-runsc/1000
PASS: sigkill#2: StopSilo afterwards reaches Stopped (Stopped)
PASS: sigkill#3: launch 934bbebb7863934aee15fbe80cb91f70 up
PASS: sigkill#3: launch unit failed visibly (failed:signal)
    unit: qdistro-tier3s-silo@s122a.service: Sent signal SIGKILL to main process 5998 (spawn-tier3s.sh) on client request.
    unit: qdistro-tier3s-silo@s122a.service: Main process exited, code=killed, status=9/KILL
    unit: qdistro-tier3s-cleanup: 934bbebb7863934aee15fbe80cb91f70: torn down (qdistro-tier3s-s122a)
    unit: qdistro-tier3s-silo@s122a.service: Failed with result 'signal'.
    unit: qdistro-tier3s-silo@s122a.service: Consumed 1.509s CPU time over 10.677s wall clock time.
PASS: launcher-sigkill#3: all 17 launch processes gone (pid+starttime)
PASS: launcher-sigkill#3: scope qdistro-tier3s-934bbebb7863934aee15fbe80cb91f70.scope gone (unit down, /sys/fs/cgroup/system.slice/qdistro-tier3s-934bbebb7863934aee15fbe80cb91f70.scope absent)
PASS: launcher-sigkill#3: per-launch dir /run/qdistro-tier3s/934bbebb7863934aee15fbe80cb91f70 gone
PASS: launcher-sigkill#3: control record /run/qdistro-tier3s-ctl/934bbebb7863934aee15fbe80cb91f70 gone
PASS: launcher-sigkill#3: container qdistro-tier3s-s122a gone (podman exists rc=1)
PASS: launcher-sigkill#3: no runsc state for 09d53bcb8b53 in /run/qdistro-tier3s-runsc/1000
PASS: sigkill#3: StopSilo afterwards reaches Stopped (Stopped)

## 2. O11: session-manager STOP tears down every live launch
PASS: manager-stop: two launches up (0726aed79d615f03af4ad3376759bc1f, 32dfb125ed14809155de22de1d21ee2f)
PASS: manager-stop: systemctl stop qdistro-session-manager.service rc (0)
PASS: manager-stop: manager inactive (inactive)
PASS: manager-stop: qdistro-tier3s-silo@s122a.service stopped through the verified cleanup (1)
PASS: manager-stop: qdistro-tier3s-silo@s122a.service stopped before the manager (After= order) (yes)
PASS: manager-stop/s122a: all 19 launch processes gone (pid+starttime)
PASS: manager-stop/s122a: scope qdistro-tier3s-0726aed79d615f03af4ad3376759bc1f.scope gone (unit down, /sys/fs/cgroup/system.slice/qdistro-tier3s-0726aed79d615f03af4ad3376759bc1f.scope absent)
PASS: manager-stop/s122a: per-launch dir /run/qdistro-tier3s/0726aed79d615f03af4ad3376759bc1f gone
PASS: manager-stop/s122a: control record /run/qdistro-tier3s-ctl/0726aed79d615f03af4ad3376759bc1f gone
PASS: manager-stop/s122a: container qdistro-tier3s-s122a gone (podman exists rc=1)
PASS: manager-stop/s122a: no runsc state for bf7454674e1d in /run/qdistro-tier3s-runsc/1000
PASS: manager-stop: qdistro-tier3s-silo@s122b.service stopped through the verified cleanup (1)
PASS: manager-stop: qdistro-tier3s-silo@s122b.service stopped before the manager (After= order) (yes)
PASS: manager-stop/s122b: all 19 launch processes gone (pid+starttime)
PASS: manager-stop/s122b: scope qdistro-tier3s-32dfb125ed14809155de22de1d21ee2f.scope gone (unit down, /sys/fs/cgroup/system.slice/qdistro-tier3s-32dfb125ed14809155de22de1d21ee2f.scope absent)
PASS: manager-stop/s122b: per-launch dir /run/qdistro-tier3s/32dfb125ed14809155de22de1d21ee2f gone
PASS: manager-stop/s122b: control record /run/qdistro-tier3s-ctl/32dfb125ed14809155de22de1d21ee2f gone
PASS: manager-stop/s122b: container qdistro-tier3s-s122b gone (podman exists rc=1)
PASS: manager-stop/s122b: no runsc state for eba86fa8f642 in /run/qdistro-tier3s-runsc/1000
PASS: manager-stop: control records (0)
PASS: manager-stop: scopes (0)
PASS: manager-stop: labelled containers (0)
PASS: manager-stop: runsc-bundle processes (0)
PASS: manager-stop: state root holds no container state (0)
PASS: manager-stop: no cleanup call scope left (0)
PASS: manager-stop: no cleanup work dir left (0)
PASS: manager-stop: manager started again (yes)
PASS: manager-stop/s122a: relaunched with a fresh token (98a1aa984b84867d1c06169528f7ac94, was 0726aed79d615f03af4ad3376759bc1f)
PASS: manager-stop/s122a: the new launch is recorded running (running)
PASS: manager-stop/s122a: its container runs under the new token (running:98a1aa984b84867d1c06169528f7ac94)
PASS: manager-stop/s122a: its owning scope is live (active)
PASS: manager-stop/s122b: relaunched with a fresh token (d9220615c7b480d2d89de973e7802e70, was 32dfb125ed14809155de22de1d21ee2f)
PASS: manager-stop/s122b: the new launch is recorded running (running)
PASS: manager-stop/s122b: its container runs under the new token (running:d9220615c7b480d2d89de973e7802e70)
PASS: manager-stop/s122b: its owning scope is live (active)
PASS: manager-stop-after: control records (0)
PASS: manager-stop-after: scopes (0)
PASS: manager-stop-after: labelled containers (0)
PASS: manager-stop-after: runsc-bundle processes (0)
PASS: manager-stop-after: state root holds no container state (0)
PASS: manager-stop-after: no cleanup call scope left (0)
PASS: manager-stop-after: no cleanup work dir left (0)

## 3. session-manager crash (SIGKILL) and restart
PASS: manager-crash: launch 9001c256c91bd910de13361b7bcdaa4b up
PASS: manager-crash: manager back with a new pid (yes)
PASS: manager-crash: all 17 launch processes gone (pid+starttime)
PASS: manager-crash: scope qdistro-tier3s-9001c256c91bd910de13361b7bcdaa4b.scope gone (unit down, /sys/fs/cgroup/system.slice/qdistro-tier3s-9001c256c91bd910de13361b7bcdaa4b.scope absent)
PASS: manager-crash: per-launch dir /run/qdistro-tier3s/9001c256c91bd910de13361b7bcdaa4b gone
PASS: manager-crash: control record /run/qdistro-tier3s-ctl/9001c256c91bd910de13361b7bcdaa4b gone
PASS: manager-crash: container qdistro-tier3s-s122a gone (podman exists rc=1)
PASS: manager-crash: no runsc state for 76dc2f33f043 in /run/qdistro-tier3s-runsc/1000
PASS: manager-crash: relaunched with a fresh token (e722e263c231a6585d9fa368ac121f72, was 9001c256c91bd910de13361b7bcdaa4b)
PASS: manager-crash: the new launch is recorded running (running)
PASS: manager-crash: its container runs under the new token (running:e722e263c231a6585d9fa368ac121f72)
PASS: manager-crash: its owning scope is live (active)
    unit: Stopping qdistro tier-3s (gVisor) silo s122a (Experimental, dev profile only)...
    unit: qdistro-tier3s-cleanup: 9001c256c91bd910de13361b7bcdaa4b: torn down (qdistro-tier3s-s122a)
    unit: spawn-tier3s: signal: tearing down 9001c256c91bd910de13361b7bcdaa4b
    unit: Stopped qdistro tier-3s (gVisor) silo s122a (Experimental, dev profile only).
PASS: manager-crash: systemd completed a stop job for the old launch unit (yes)
PASS: manager-crash: the old launch got the verified cleanup (1)
PASS: manager-crash: StopSilo (Stopped)
PASS: manager-restart: launch 0bd20770312414e30115c328061341fc up
PASS: manager-restart: manager back with a new pid (yes)
PASS: manager-restart: all 23 launch processes gone (pid+starttime)
PASS: manager-restart: scope qdistro-tier3s-0bd20770312414e30115c328061341fc.scope gone (unit down, /sys/fs/cgroup/system.slice/qdistro-tier3s-0bd20770312414e30115c328061341fc.scope absent)
PASS: manager-restart: per-launch dir /run/qdistro-tier3s/0bd20770312414e30115c328061341fc gone
PASS: manager-restart: control record /run/qdistro-tier3s-ctl/0bd20770312414e30115c328061341fc gone
PASS: manager-restart: container qdistro-tier3s-s122a gone (podman exists rc=1)
PASS: manager-restart: no runsc state for 9d6e84f7bed0 in /run/qdistro-tier3s-runsc/1000
PASS: manager-restart: relaunched with a fresh token (22c6fae38c166adc8a2da4d0f9032041, was 0bd20770312414e30115c328061341fc)
PASS: manager-restart: the new launch is recorded running (running)
PASS: manager-restart: its container runs under the new token (running:22c6fae38c166adc8a2da4d0f9032041)
PASS: manager-restart: its owning scope is live (active)
    unit: Stopping qdistro tier-3s (gVisor) silo s122a (Experimental, dev profile only)...
    unit: qdistro-tier3s-cleanup: 0bd20770312414e30115c328061341fc: torn down (qdistro-tier3s-s122a)
    unit: spawn-tier3s: signal: tearing down 0bd20770312414e30115c328061341fc
    unit: Stopped qdistro tier-3s (gVisor) silo s122a (Experimental, dev profile only).
PASS: manager-restart: systemd completed a stop job for the old launch unit (yes)
PASS: manager-restart: the old launch got the verified cleanup (1)
PASS: manager-restart: StopSilo (Stopped)
PASS: manager-restarts: control records (0)
PASS: manager-restarts: scopes (0)
PASS: manager-restarts: labelled containers (0)
PASS: manager-restarts: runsc-bundle processes (0)
PASS: manager-restarts: state root holds no container state (0)
PASS: manager-restarts: no cleanup call scope left (0)
PASS: manager-restarts: no cleanup work dir left (0)

## 4. reconciliation: the manager's in-memory state is lost
PASS: reconcile/recorded: live launch 22177c44ec85d17c1f5fd6ee7b12d7dd started while the manager was down
PASS: reconcile/recorded: the launch is live and labelled (running:22177c44ec85d17c1f5fd6ee7b12d7dd)
PASS: reconcile/recorded: the restarted manager stopped the unknown launch unit (1)
PASS: reconcile/recorded: all 17 launch processes gone (pid+starttime)
PASS: reconcile/recorded: scope qdistro-tier3s-22177c44ec85d17c1f5fd6ee7b12d7dd.scope gone (unit down, /sys/fs/cgroup/system.slice/qdistro-tier3s-22177c44ec85d17c1f5fd6ee7b12d7dd.scope absent)
PASS: reconcile/recorded: per-launch dir /run/qdistro-tier3s/22177c44ec85d17c1f5fd6ee7b12d7dd gone
PASS: reconcile/recorded: control record /run/qdistro-tier3s-ctl/22177c44ec85d17c1f5fd6ee7b12d7dd gone
PASS: reconcile/recorded: container qdistro-tier3s-s122a gone (podman exists rc=1)
PASS: reconcile/recorded: no runsc state for 7dfa2ca4bdaa in /run/qdistro-tier3s-runsc/1000
PASS: reconcile/recorded: silo not relaunched (it was Stopped) (Stopped)
PASS: reconcile/unrecorded: live launch 828b1a45da1ea4c73b122b1b1a120d79 started while the manager was down
PASS: reconcile/unrecorded: the launch is live and labelled (running:828b1a45da1ea4c73b122b1b1a120d79)
PASS: reconcile/unrecorded: control record removed by hand (no)
PASS: reconcile/unrecorded: the restarted manager stopped the unknown launch unit (1)
PASS: reconcile/unrecorded: all 17 launch processes gone (pid+starttime)
PASS: reconcile/unrecorded: scope qdistro-tier3s-828b1a45da1ea4c73b122b1b1a120d79.scope gone (unit down, /sys/fs/cgroup/system.slice/qdistro-tier3s-828b1a45da1ea4c73b122b1b1a120d79.scope absent)
PASS: reconcile/unrecorded: per-launch dir /run/qdistro-tier3s/828b1a45da1ea4c73b122b1b1a120d79 gone
PASS: reconcile/unrecorded: control record /run/qdistro-tier3s-ctl/828b1a45da1ea4c73b122b1b1a120d79 gone
PASS: reconcile/unrecorded: container qdistro-tier3s-s122a gone (podman exists rc=1)
PASS: reconcile/unrecorded: no runsc state for 5b9926278835 in /run/qdistro-tier3s-runsc/1000
PASS: reconcile/unrecorded: silo not relaunched (it was Stopped) (Stopped)

## 5. reconciliation: a live labelled container with no launch unit at all
PASS: ghost: labelled container live with no unit and no record (running:no:inactive)
PASS: ghost: reconciliation reaped the labelled container (podman exists rc) (1)
PASS: ghost: its sandbox (State.Pid 18049) is gone (no)
PASS: ghost: the manager reported no reconciliation failure (0)

## 6. cleanup
PASS: DeleteSilo s122a (absent)
PASS: DeleteSilo s122b (absent)
PASS: end: control records (0)
PASS: end: scopes (0)
PASS: end: labelled containers (0)
PASS: end: runsc-bundle processes (0)
PASS: end: state root holds no container state (0)
PASS: end: no cleanup call scope left (0)
PASS: end: no cleanup work dir left (0)
[s122] 152 passes, 0 failures
