original sha256 a9d5577bb0a9a435e2ab4d104564a5c209ccec0c94a47eb069e9f32bdf04a57a  tier3s/probe.sh
original sha256 f6b6694625635a43ef1cab9951acd8848932f7e15572d504675096b9b672bbce  tier3s/provision-runsc.sh
original sha256 3d55537c56376d12767d8de902ec76f968915f71d2a5433b5d93ab1296c33a85  tier3s/tier3s-runsc
original sha256 b5101a2098b910bea8bab470a2a0b15f4ccb347e56d6b914082d878a2c291cc8  tier3s/spawn-tier3s.sh
original sha256 f446d7dbb20f43ea07b6764fc3e1dbd39b336b9de78d9fe70979dd9d5d901dbe  tier3s/qdistro-tier3s-cleanup
original sha256 10fb1a965d97087637f939b979d1c43dbdc4f15fa98f66e961477342434c7e4b  tier3s/qdistro-tier3s-scope
original sha256 3ebd1aa48c282e1b48d6c5d6fdcd753dd7e4ff046b83ddeb259b402b85e82163  tier3s/seccomp/make-profiles.py
original sha256 80ea08342bc8a04c510ed8eac2267158732ec934d22cddc62b8b69d69bbc2e56  session_manager/qdistro_session_manager.py
original sha256 95ad7076f1ec33145b62ed3afe9be65a29c9ea959f7eea98582f757297e33384  session_manager/qdistro-tier3s-silo-launch
original sha256 5de1758c990b139e4dbbdc20f7bb7de027ae3e576a8d9c2f631bb70c5704d3fd  session_manager/qdistro-tier3s-silo@.service
original sha256 11a9717242eccca4a59219a9621dc9a0ba0cd93602771dc8276d75ee478a5aa8  broker/qdistro_admin_broker.py
original sha256 0137c01e6cd480662de1febb0e05384ada456a80be009d6354f79ef9ab09b2dd  scripts/install/install-session-manager.sh
BASELINE (no mutation): rc=0 316 passed, 1 skipped, 1 warning in 13.12s
MUTATION P1 exec gate removed [tier3s/probe.sh]: CAUGHT; pytest rc=1; 2 failed in 0.59s
    FAILED  test_byte_only_tamper_of_sidecar_hits_the_hash_loop
    FAILED  test_writable_ancestor_is_never_executed
MUTATION P2 fd identity re-check removed [tier3s/probe.sh]: CAUGHT; pytest rc=1; 1 failed in 0.68s
    FAILED  test_swap_between_validation_and_open_is_never_executed
MUTATION P3 fd sha512 re-check removed [tier3s/probe.sh]: CAUGHT; pytest rc=1; 1 failed in 0.62s
    FAILED  test_in_place_rewrite_between_validation_and_open_is_never_executed
MUTATION P4 exec by path instead of the verified fd [tier3s/probe.sh]: CAUGHT; pytest rc=1; 1 failed in 0.61s
    FAILED  test_swap_between_verify_and_exec_runs_the_verified_inode
MUTATION P5 TEST-PASS exits 0 [tier3s/probe.sh]: CAUGHT; pytest rc=1; 1 failed in 0.46s
    FAILED  test_test_root_never_exits_zero
MUTATION P6 per-file sha512 loop removed [tier3s/probe.sh]: CAUGHT; pytest rc=1; 3 failed in 0.63s
    FAILED  test_byte_only_tamper_of_sidecar_hits_the_hash_loop
    FAILED  test_byte_only_tamper_of_runsc_is_never_executed
    FAILED  test_replaced_runsc_with_correct_stamp_is_never_executed
MUTATION P7 trusted-ancestor check removed [tier3s/probe.sh]: CAUGHT; pytest rc=1; 2 failed in 0.51s
    FAILED  test_symlinked_runsc_dir_is_never_executed
    FAILED  test_writable_ancestor_is_never_executed
MUTATION P8 version rc ignored [tier3s/probe.sh]: CAUGHT; pytest rc=1; 1 failed in 0.51s
    FAILED  test_version_text_with_nonzero_exit_fails
MUTATION P9 unverified wrapper handed to podman [tier3s/probe.sh]: CAUGHT; pytest rc=1; 1 failed in 0.47s
    FAILED  test_unverified_wrapper_is_not_handed_to_podman
MUTATION P10 test hooks honoured without the test root [tier3s/probe.sh]: CAUGHT; pytest rc=1; 2 failed in 0.42s
    FAILED  test_pin_hook_refused_without_test_root
    FAILED  test_test_hooks_refused_without_test_root
MUTATION P11 exact file-set check removed [tier3s/probe.sh]: CAUGHT; pytest rc=1; 1 failed in 0.48s
    FAILED  test_group_writable_runsc_is_never_executed
MUTATION P12 content read under an untrusted path [tier3s/probe.sh]: CAUGHT; pytest rc=1; 2 failed in 20.47s
    FAILED  test_fifo_swapped_in_under_untrusted_path_does_not_hang
    FAILED  test_writable_ancestor_is_never_executed
MUTATION P13 scratch image built in a temporary directory again [tier3s/probe.sh]: CAUGHT; pytest rc=1; 1 failed in 0.49s
    FAILED  test_scratch_image_import_needs_no_temporary_path
MUTATION P14 import failure ignored [tier3s/probe.sh]: CAUGHT; pytest rc=1; 1 failed in 0.53s
    FAILED  test_scratch_image_import_failure_is_reported
MUTATION P15 root runs from an untrusted checkout [tier3s/probe.sh]: CAUGHT; pytest rc=1; 2 failed in 0.47s
    FAILED  test_root_refuses_untrusted_checkout[dir]
    FAILED  test_root_refuses_untrusted_checkout[pin]
MUTATION P16 caller PATH used before the pin [tier3s/probe.sh]: CAUGHT; pytest rc=1; 1 failed in 0.45s
    FAILED  test_probe_never_uses_caller_path_tools
MUTATION V1 provisioning lock not taken [tier3s/provision-runsc.sh]: CAUGHT; pytest rc=1; 1 failed in 0.66s
    FAILED  test_concurrent_provisions_are_serialized
MUTATION V2 --pin guard removed [tier3s/provision-runsc.sh]: CAUGHT; pytest rc=1; 1 failed in 0.43s
    FAILED  test_pin_override_refused_for_root
MUTATION V3 prefix-for-root guard removed [tier3s/provision-runsc.sh]: CAUGHT; pytest rc=1; 1 failed in 0.44s
    FAILED  test_prefix_hook_refused_for_root
MUTATION V4 test-hook refusal removed [tier3s/provision-runsc.sh]: CAUGHT; pytest rc=1; 2 failed in 0.45s
    FAILED  test_test_hooks_refused_for_root[QDISTRO_RUNSC_FAIL_AFTER_SWAP]
    FAILED  test_test_hooks_refused_for_root[QDISTRO_RUNSC_PAUSE_AFTER_SWAP]
MUTATION V5 version rc ignored [tier3s/provision-runsc.sh]: CAUGHT; pytest rc=1; 1 failed in 0.48s
    FAILED  test_version_text_with_nonzero_exit_fails_closed
MUTATION V6 failed rollback cleans up anyway [tier3s/provision-runsc.sh]: CAUGHT; pytest rc=1; 1 failed in 0.70s
    FAILED  test_failed_rollback_preserves_recovery_material
MUTATION V7 trusted_chain disabled [tier3s/provision-runsc.sh]: CAUGHT; pytest rc=1; 2 failed in 0.57s
    FAILED  test_untrusted_lock_dir_is_refused
    FAILED  test_symlinked_lock_dir_is_refused
MUTATION V8 download published before verification [tier3s/provision-runsc.sh]: CAUGHT; pytest rc=1; 1 failed in 0.47s
    FAILED  test_download_is_verified_before_it_is_published
MUTATION V9 download into an unchecked cache dir [tier3s/provision-runsc.sh]: CAUGHT; pytest rc=1; 2 failed in 0.48s
    FAILED  test_download_refused_into_writable_cache_dir
    FAILED  test_download_refused_through_symlinked_cache_dir
MUTATION V10 root runs from an untrusted checkout [tier3s/provision-runsc.sh]: CAUGHT; pytest rc=1; 2 failed in 0.44s
    FAILED  test_root_refuses_untrusted_checkout[dir]
    FAILED  test_root_refuses_untrusted_checkout[pin]
MUTATION V11 caller PATH used before the pin [tier3s/provision-runsc.sh]: CAUGHT; pytest rc=1; 1 failed in 0.47s
    FAILED  test_provision_never_uses_caller_path_tools
MUTATION W2 wrapper finds env through the caller PATH [tier3s/tier3s-runsc]: CAUGHT; pytest rc=1; 1 failed in 0.43s
    FAILED  test_wrapper_never_uses_caller_path_env
MUTATION W1 wrapper keeps the caller environment [tier3s/tier3s-runsc]: CAUGHT; pytest rc=1; 1 failed in 0.44s
    FAILED  test_wrapper_scrubs_environment_and_fixes_flags
MUTATION W3 wrapper creates a missing state root [tier3s/tier3s-runsc]: CAUGHT; pytest rc=1; 2 failed in 0.47s
    FAILED  test_wrapper_never_creates_the_state_root
    FAILED  test_wrapper_refuses_bad_state_root_without_creating_it[root-missing]
MUTATION W4 wrapper accepts a caller --root [tier3s/tier3s-runsc]: CAUGHT; pytest rc=1; 1 failed in 0.44s
    FAILED  test_wrapper_refuses_caller_root[--root=/run/user/1000/runsc]
MUTATION W5 wrapper state-root owner/mode check removed [tier3s/tier3s-runsc]: CAUGHT; pytest rc=1; 1 failed in 0.41s
    FAILED  test_wrapper_refuses_bad_state_root_without_creating_it[root-mode]
MUTATION P17 probe state_root check removed [tier3s/probe.sh]: CAUGHT; pytest rc=1; 2 failed in 0.56s
    FAILED  test_state_root_missing_or_loose_fails[missing]
    FAILED  test_state_root_missing_or_loose_fails[mode]
MUTATION A1 broker gate removed [tier3s/spawn-tier3s.sh]: CAUGHT; pytest rc=1; 2 failed in 1.10s
    FAILED  test_every_non_allow_reply_refuses_before_activation_and_podman[deny-decision=deny]
    FAILED  test_gate_order_probe_resolve_gate_record_then_podman
MUTATION A2 activation recorded before the broker gate [tier3s/spawn-tier3s.sh]: CAUGHT; pytest rc=1; 2 failed in 0.81s
    FAILED  test_every_non_allow_reply_refuses_before_activation_and_podman[deny-decision=deny]
    FAILED  test_gate_order_probe_resolve_gate_record_then_podman
MUTATION A3 podman run before the broker gate [tier3s/spawn-tier3s.sh]: CAUGHT; pytest rc=1; 2 failed in 1.07s
    FAILED  test_every_non_allow_reply_refuses_before_activation_and_podman[deny-decision=deny]
    FAILED  test_gate_order_probe_resolve_gate_record_then_podman
MUTATION A4 control record inside the exported per-launch dir [tier3s/spawn-tier3s.sh]: CAUGHT; pytest rc=1; 2 failed in 0.46s
    FAILED  test_plan_control_record_is_outside_the_per_launch_dir
    FAILED  test_launch_records_then_cleans_up_on_normal_exit
MUTATION A5 cleanup reads records from the exported parent [tier3s/qdistro-tier3s-cleanup]: CAUGHT; pytest rc=1; 1 failed in 0.40s
    FAILED  test_cleanup_tears_down_a_running_launch
MUTATION A6 dev-profile gate removed [tier3s/spawn-tier3s.sh]: CAUGHT; pytest rc=1; 1 failed in 0.72s
    FAILED  test_hardened_profile_refused[daily-driver]
MUTATION A7 probe failure ignored [tier3s/spawn-tier3s.sh]: CAUGHT; pytest rc=1; 1 failed in 0.77s
    FAILED  test_probe_failure_refuses_with_its_result
MUTATION A8 literal tmpfs uid= instead of U [tier3s/spawn-tier3s.sh]: CAUGHT; pytest rc=1; 1 failed in 0.43s
    FAILED  test_plan_podman_command_shape
MUTATION A9 scope placement check removed [tier3s/spawn-tier3s.sh]: CAUGHT; pytest rc=1; 1 failed in 13.41s
    FAILED  test_sentry_outside_the_scope_tears_down
MUTATION A10 failed podman query read as no container [tier3s/qdistro-tier3s-cleanup]: CAUGHT; pytest rc=1; 1 failed in 1.26s
    FAILED  test_cleanup_failed_podman_query_is_not_no_container
MUTATION A11 cleanup ignores the state root [tier3s/qdistro-tier3s-cleanup]: CAUGHT; pytest rc=1; 3 failed in 0.54s
    FAILED  test_cleanup_with_missing_state_root_preserves_record_and_scope
    FAILED  test_cleanup_with_replaced_state_root_preserves_record[mode]
    FAILED  test_cleanup_with_replaced_state_root_preserves_record[symlink]
MUTATION A12 cleanup accepts any recorded runsc root [tier3s/qdistro-tier3s-cleanup]: CAUGHT; pytest rc=1; 1 failed in 0.45s
    FAILED  test_cleanup_with_replaced_state_root_preserves_record[owner-record]
MUTATION A13 record dropped after a failed stop [tier3s/qdistro-tier3s-cleanup]: CAUGHT; pytest rc=1; 1 failed in 0.45s
    FAILED  test_cleanup_failed_stop_preserves_record_and_scope
MUTATION A14 escaped-process check removed [tier3s/qdistro-tier3s-cleanup]: CAUGHT; pytest rc=1; 1 failed in 0.47s
    FAILED  test_cleanup_reports_a_recorded_process_alive_outside_the_scope
MUTATION A15 --unit tears down every record [tier3s/qdistro-tier3s-cleanup]: CAUGHT; pytest rc=1; 1 failed in 0.52s
    FAILED  test_two_launches_tearing_down_one_preserves_the_other
MUTATION A16 failed label listing read as nothing to reap [tier3s/qdistro-tier3s-cleanup]: CAUGHT; pytest rc=1; 1 failed in 0.42s
    FAILED  test_reap_stale_podman_listing_failure_is_an_error
MUTATION A17 scope helper delegates the limit files too [tier3s/qdistro-tier3s-scope]: CAUGHT; pytest rc=1; 1 failed in 0.44s
    FAILED  test_helper_delegates_exactly_four_paths_and_runs_podman_as_admin
MUTATION A18 scope helper accepts a foreign scope [tier3s/qdistro-tier3s-scope]: CAUGHT; pytest rc=1; 1 failed in 0.41s
    FAILED  test_helper_refuses_bad_invocations[foreign-scope]
MUTATION A19 scope helper accepts an occupied scope [tier3s/qdistro-tier3s-scope]: CAUGHT; pytest rc=1; 1 failed in 0.42s
    FAILED  test_helper_refuses_a_scope_that_already_holds_processes
MUTATION A20 cleanup does not verify the scope target [tier3s/qdistro-tier3s-cleanup]: CAUGHT; pytest rc=1; 1 failed in 0.45s
    FAILED  test_cleanup_refuses_a_scope_at_another_cgroup
MUTATION G1 converter-drop guard removed [tier3s/seccomp/make-profiles.py]: CAUGHT; pytest rc=1; 1 failed in 0.39s
    FAILED  test_seccomp_generator_refuses_an_inert_allow
MUTATION G2 decision flipped without a re-render [tier3s/seccomp/make-profiles.py]: CAUGHT; pytest rc=1; 1 failed in 0.41s
    FAILED  test_seccomp_profile_is_rendered_and_decided
MUTATION A21 pod-app launch no longer refused [tier3s/spawn-tier3s.sh]: CAUGHT; pytest rc=1; 1 failed in 0.40s
    FAILED  test_podapp_launch_is_refused_in_phase_a
MUTATION A22 silo name resolved instead of the row's binding [tier3s/spawn-tier3s.sh]: CAUGHT; pytest rc=1; 1 failed in 0.42s
    FAILED  test_template_binding_is_resolved_instead_of_the_silo_name
MUTATION S1 tier3s start branch removed (falls back to the tier-3 launcher) [session_manager/qdistro_session_manager.py]: CAUGHT; pytest rc=1; 2 failed, 1 warning in 0.48s
    FAILED  test_start_exports_the_stanza_and_starts_only_the_tier3s_unit
    FAILED  test_failed_start_rolls_back_and_falls_back_to_nothing
MUTATION S2 start no longer refuses a non-dev profile [session_manager/qdistro_session_manager.py]: CAUGHT; pytest rc=1; 1 failed, 1 warning in 0.47s
    FAILED  test_start_on_a_non_dev_profile_is_refused_before_any_state_change
MUTATION S3 create no longer refuses a non-dev profile [session_manager/qdistro_session_manager.py]: CAUGHT; pytest rc=1; 2 failed, 1 warning in 0.47s
    FAILED  test_create_refused_on_a_non_dev_profile[daily-driver]
    FAILED  test_create_refused_on_a_non_dev_profile[release]
MUTATION S4 profile gate accepts any profile [session_manager/qdistro_session_manager.py]: CAUGHT; pytest rc=1; 2 failed, 1 warning in 0.46s
    FAILED  test_create_refused_on_a_non_dev_profile[release]
    FAILED  test_start_on_a_non_dev_profile_is_refused_before_any_state_change
MUTATION S5 freeze refusal removed [session_manager/qdistro_session_manager.py]: CAUGHT; pytest rc=1; 1 failed, 1 warning in 0.46s
    FAILED  test_freeze_and_resume_are_unsupported[freeze]
MUTATION S6 resume refusal removed [session_manager/qdistro_session_manager.py]: CAUGHT; pytest rc=1; 1 failed, 1 warning in 0.44s
    FAILED  test_freeze_and_resume_are_unsupported[resume]
MUTATION S7 stop reports STOPPED over a surviving launch [session_manager/qdistro_session_manager.py]: CAUGHT; pytest rc=1; 1 failed, 1 warning in 0.44s
    FAILED  test_stop_fails_closed_when_the_launch_survives
MUTATION S8 failed podman query read as stopped [session_manager/qdistro_session_manager.py]: CAUGHT; pytest rc=1; 1 failed, 1 warning in 0.45s
    FAILED  test_running_true_when_the_container_exists_or_the_query_fails[125]
MUTATION S9 surviving control record ignored [session_manager/qdistro_session_manager.py]: CAUGHT; pytest rc=1; 1 failed, 1 warning in 0.44s
    FAILED  test_running_true_while_a_control_record_of_the_unit_survives
MUTATION S10 startup reconciliation removed [session_manager/qdistro_session_manager.py]: CAUGHT; pytest rc=1; 1 failed, 1 warning in 0.45s
    FAILED  test_restart_reconciles_before_relaunching_with_a_fresh_token
MUTATION S11 tier3s uid not checked [session_manager/qdistro_session_manager.py]: CAUGHT; pytest rc=1; 1 failed, 1 warning in 0.46s
    FAILED  test_uid_must_be_the_admin_launch_owner
MUTATION S12 tier3s network other than none accepted [session_manager/qdistro_session_manager.py]: CAUGHT; pytest rc=1; 1 failed, 1 warning in 0.45s
    FAILED  test_launch_network_is_none_only[pasta]
MUTATION L1 trusted-stanza check removed [session_manager/qdistro-tier3s-silo-launch]: CAUGHT; pytest rc=1; 2 failed, 1 warning in 0.49s
    FAILED  test_helper_refuses_a_writable_stanza[g+w]
    FAILED  test_helper_refuses_a_symlinked_stanza
MUTATION L2 ambient environment reaches the spawn [session_manager/qdistro-tier3s-silo-launch]: CAUGHT; pytest rc=1; 1 failed, 1 warning in 0.46s
    FAILED  test_helper_execs_the_spawn_with_exactly_the_stanza
MUTATION L3 stanza of another silo accepted [session_manager/qdistro-tier3s-silo-launch]: CAUGHT; pytest rc=1; 1 failed, 1 warning in 0.47s
    FAILED  test_helper_refuses_a_bad_stanza[silo-mismatch]
MUTATION L4 unknown stanza key accepted [session_manager/qdistro-tier3s-silo-launch]: CAUGHT; pytest rc=1; 1 failed, 1 warning in 0.45s
    FAILED  test_helper_refuses_a_bad_stanza[unknown-key]
MUTATION L5 test overrides honoured for root [session_manager/qdistro-tier3s-silo-launch]: CAUGHT; pytest rc=1; 1 failed, 1 warning in 0.42s
    FAILED  test_helper_test_overrides_are_ignored_for_root
MUTATION B1 tier3s spawn prefix dropped from the rules-only set [broker/qdistro_admin_broker.py]: CAUGHT; pytest rc=1; 2 failed, 1 warning in 0.48s
    FAILED  TestCheckPermissionResolution
    FAILED  TestCheckPermissionResolution
MUTATION I1 installer drops the cleanup helper [scripts/install/install-session-manager.sh]: CAUGHT; pytest rc=1; 1 failed, 1 warning in 0.42s
    FAILED  test_installer_installs_exactly_the_contract_paths
MUTATION I2 installer skips the tmpfiles creation [scripts/install/install-session-manager.sh]: CAUGHT; pytest rc=1; 1 failed, 1 warning in 0.42s
    FAILED  test_installer_installs_exactly_the_contract_paths
MUTATION U1 unit loses its ExecStopPost cleanup [session_manager/qdistro-tier3s-silo@.service]: CAUGHT; pytest rc=1; 1 failed, 1 warning in 0.42s
    FAILED  test_unit_file_shape
MUTATION I3 installer gate removed (tier3s installed without the flag) [scripts/install/install-session-manager.sh]: CAUGHT; pytest rc=1; 2 failed, 1 warning in 0.44s
    FAILED  test_installer_installs_nothing_tier3s_without_the_flag[None]
    FAILED  test_installer_installs_nothing_tier3s_without_the_flag[0]
MUTATION I4 unset flag treated as opt-in [scripts/install/install-session-manager.sh]: CAUGHT; pytest rc=1; 1 failed, 1 warning in 0.45s
    FAILED  test_installer_installs_nothing_tier3s_without_the_flag[None]
MUTATION I5 unrecognised flag value silently skips [scripts/install/install-session-manager.sh]: CAUGHT; pytest rc=1; 1 failed, 1 warning in 0.46s
    FAILED  test_installer_refuses_an_unrecognised_flag_value[yes]
MUTATION U2 manager stop no longer stops the launch unit [session_manager/qdistro-tier3s-silo@.service]: CAUGHT; pytest rc=1; 1 failed, 1 warning in 0.44s
    FAILED  test_unit_file_shape
MUTATION R1 reaper lists labels with index .Labels (podman 6 rejects it) [tier3s/qdistro-tier3s-cleanup]: CAUGHT; pytest rc=1; 1 failed in 0.41s
    FAILED  test_reap_stale_reaps_an_unrecorded_labelled_container
MUTATION R2 reaper never stops a stale scope (orphan per-launch dir left) [tier3s/qdistro-tier3s-cleanup]: CAUGHT; pytest rc=1; 1 failed in 1.52s
    FAILED  test_reap_stale_stops_a_stale_scope_then_removes_the_orphan_dir
MUTATION R3 reaper ignores the scope's live launch unit [tier3s/qdistro-tier3s-cleanup]: CAUGHT; pytest rc=1; 1 failed in 0.41s
    FAILED  test_reap_stale_leaves_an_orphan_dir_whose_scope_serves_a_live_unit
MUTATION R4 a container removed during inspect fails the teardown [tier3s/qdistro-tier3s-cleanup]: CAUGHT; pytest rc=1; 1 failed in 0.43s
    FAILED  test_cleanup_container_removed_concurrently_is_torn_down[inspect_vanish]
MUTATION R5 a container removed during stop fails the teardown [tier3s/qdistro-tier3s-cleanup]: CAUGHT; pytest rc=1; 1 failed in 0.45s
    FAILED  test_cleanup_container_removed_concurrently_is_torn_down[stop_vanish]
MUTATION R6 reaper trusts an unknown/empty BindsTo (sol r1 P1) [tier3s/qdistro-tier3s-cleanup]: CAUGHT; pytest rc=1; 2 failed in 2.61s
    FAILED  test_reap_stale_preserves_a_live_scope_whose_owner_is_unknown[no-bindsto]
    FAILED  test_reap_stale_preserves_a_live_scope_whose_owner_is_unknown[foreign-bindsto]
MUTATION R7 reaper does not recheck the launch unit before the stop (sol r1 P1) [tier3s/qdistro-tier3s-cleanup]: CAUGHT; pytest rc=1; 1 failed in 1.51s
    FAILED  test_reap_stale_rechecks_the_launch_unit_before_stopping_the_scope
MUTATION R8 a failed unit-state query reads as 'dead' (sol r2 P1) [tier3s/qdistro-tier3s-cleanup]: CAUGHT; pytest rc=1; 4 failed in 1.62s
    FAILED  test_reap_stale_unknown_unit_state_preserves_a_recorded_launch
    FAILED  test_reap_stale_unknown_unit_state_preserves_an_unrecorded_container
    FAILED  test_reap_stale_unknown_state_preserves_an_orphan_scope[scope]
    FAILED  test_reap_stale_unknown_state_preserves_an_orphan_scope[bound-unit]
MUTATION U3 stop propagation replaced by PartOf (restart would relaunch) [session_manager/qdistro-tier3s-silo@.service]: CAUGHT; pytest rc=1; 1 failed, 1 warning in 0.44s
    FAILED  test_unit_file_shape
restored OK sha256 a9d5577bb0a9a435e2ab4d104564a5c209ccec0c94a47eb069e9f32bdf04a57a  tier3s/probe.sh
restored OK sha256 f6b6694625635a43ef1cab9951acd8848932f7e15572d504675096b9b672bbce  tier3s/provision-runsc.sh
restored OK sha256 3d55537c56376d12767d8de902ec76f968915f71d2a5433b5d93ab1296c33a85  tier3s/tier3s-runsc
restored OK sha256 b5101a2098b910bea8bab470a2a0b15f4ccb347e56d6b914082d878a2c291cc8  tier3s/spawn-tier3s.sh
restored OK sha256 f446d7dbb20f43ea07b6764fc3e1dbd39b336b9de78d9fe70979dd9d5d901dbe  tier3s/qdistro-tier3s-cleanup
restored OK sha256 10fb1a965d97087637f939b979d1c43dbdc4f15fa98f66e961477342434c7e4b  tier3s/qdistro-tier3s-scope
restored OK sha256 3ebd1aa48c282e1b48d6c5d6fdcd753dd7e4ff046b83ddeb259b402b85e82163  tier3s/seccomp/make-profiles.py
restored OK sha256 80ea08342bc8a04c510ed8eac2267158732ec934d22cddc62b8b69d69bbc2e56  session_manager/qdistro_session_manager.py
restored OK sha256 95ad7076f1ec33145b62ed3afe9be65a29c9ea959f7eea98582f757297e33384  session_manager/qdistro-tier3s-silo-launch
restored OK sha256 5de1758c990b139e4dbbdc20f7bb7de027ae3e576a8d9c2f631bb70c5704d3fd  session_manager/qdistro-tier3s-silo@.service
restored OK sha256 11a9717242eccca4a59219a9621dc9a0ba0cd93602771dc8276d75ee478a5aa8  broker/qdistro_admin_broker.py
restored OK sha256 0137c01e6cd480662de1febb0e05384ada456a80be009d6354f79ef9ab09b2dd  scripts/install/install-session-manager.sh
AFTER RESTORE: rc=0 316 passed, 1 skipped, 1 warning in 12.87s
RESULT PASS: 91 mutations, 0 problem(s)
