=== python3 -m pytest -q tests/unit  (at 1bec207b2, 2026-10-02T19:22:07Z)
........................................................................ [  1%]
........................................................................ [  2%]
........................................................................ [  3%]
........................................................................ [  4%]
........................................................................ [  5%]
........................................................................ [  6%]
........................................................................ [  7%]
........................................................................ [  8%]
........................................................................ [  9%]
........................................................................ [ 10%]
........................................................................ [ 11%]
........................................................................ [ 12%]
........................................................................ [ 13%]
........................................................................ [ 14%]
........................................................................ [ 15%]
........................................................................ [ 16%]
........................................................................ [ 17%]
........................................................................ [ 19%]
........................................................................ [ 20%]
........................................................................ [ 21%]
........................................................................ [ 22%]
........................................................................ [ 23%]
........................................................................ [ 24%]
........................................................................ [ 25%]
........................................................................ [ 26%]
........................................................................ [ 27%]
........................................................................ [ 28%]
........................................................................ [ 29%]
........................................................................ [ 30%]
........................................................................ [ 31%]
........................................................................ [ 32%]
........................................................................ [ 33%]
........................................................................ [ 34%]
........................................................................ [ 35%]
........................................................................ [ 37%]
........................................................................ [ 38%]
........................................................................ [ 39%]
........................................................................ [ 40%]
........................................................................ [ 41%]
........................................................................ [ 42%]
................sss........................sss.......................... [ 43%]
........................................................................ [ 44%]
........................................................................ [ 45%]
........................................................................ [ 46%]
........................................................................ [ 47%]
........................................................................ [ 48%]
........................................................................ [ 49%]
........................................................................ [ 50%]
........................................................................ [ 51%]
........................................................................ [ 52%]
........................................................................ [ 53%]
........................................................................ [ 54%]
........................................................................ [ 56%]
........................................................................ [ 57%]
........................................................................ [ 58%]
........................................................................ [ 59%]
........................................................................ [ 60%]
........................................................................ [ 61%]
........................................................................ [ 62%]
........................................................................ [ 63%]
........................................................................ [ 64%]
........................................................................ [ 65%]
........................................................................ [ 66%]
........................................................................ [ 67%]
........................................................................ [ 68%]
........................................................................ [ 69%]
........................................................................ [ 70%]
........................................................................ [ 71%]
........................................................................ [ 72%]
........................................................................ [ 74%]
........................................................................ [ 75%]
........................................................................ [ 76%]
........................................................................ [ 77%]
........................................................................ [ 78%]
........................................................................ [ 79%]
........................................................................ [ 80%]
........................................................................ [ 81%]
........................................................................ [ 82%]
........................................................................ [ 83%]
.s...................................................................... [ 84%]
........................................................................ [ 85%]
........................................................................ [ 86%]
........................................................................ [ 87%]
........................................................................ [ 88%]
........................................................................ [ 89%]
........................................................................ [ 90%]
........................................................................ [ 92%]
........................................................................ [ 93%]
........................................................................ [ 94%]
........................................................................ [ 95%]
........................................................................ [ 96%]
........................................................................ [ 97%]
........................................................................ [ 98%]
........................................................................ [ 99%]
........................................                                 [100%]/usr/lib/python3.13/site-packages/_pytest/unraisableexception.py:67: PytestUnraisableExceptionWarning: Exception ignored in: <function BusName.__del__ at 0x7fb4f0766fc0>

Traceback (most recent call last):
  File "/usr/lib/python3.13/site-packages/dbus/service.py", line 172, in __del__
    self._bus.release_name(self._name)
    ~~~~~~~~~~~~~~~~~~~~~~^^^^^^^^^^^^
  File "/usr/lib/python3.13/site-packages/dbus/bus.py", line 316, in release_name
    return self.call_blocking(BUS_DAEMON_NAME, BUS_DAEMON_PATH,
           ~~~~~~~~~~~~~~~~~~^^^^^^^^^^^^^^^^^^^^^^^^^^^^^^^^^^
                              BUS_DAEMON_IFACE, 'ReleaseName',
                              ^^^^^^^^^^^^^^^^^^^^^^^^^^^^^^^^
                              's', (name,))
                              ^^^^^^^^^^^^^
  File "/usr/lib/python3.13/site-packages/dbus/connection.py", line 634, in call_blocking
    reply_message = self.send_message_with_reply_and_block(
        message, timeout)
dbus.exceptions.DBusException: org.freedesktop.DBus.Error.Disconnected: Connection is closed

Enable tracemalloc to get traceback where the object was allocated.
See https://docs.pytest.org/en/stable/how-to/capture-warnings.html#resource-warnings for more info.
  warnings.warn(pytest.PytestUnraisableExceptionWarning(msg))

=============================== warnings summary ===============================
../../../../../usr/lib64/python3.13/site-packages/gi/overrides/__init__.py:159
  /usr/lib64/python3.13/site-packages/gi/overrides/__init__.py:159: PyGIDeprecationWarning: GLib.unix_signal_add_full is deprecated; use GLibUnix.signal_add_full instead
    value = getattr(proxy, attr)

tests/unit/test_tier3s_spawn.py::test_a_wedged_podman_call_is_bounded_and_blocks_no_other_launch
  /usr/lib/python3.13/site-packages/_pytest/threadexception.py:58: PytestUnhandledThreadExceptionWarning: Exception in thread cgroup-read
  
  Traceback (most recent call last):
    File "/usr/lib64/python3.13/threading.py", line 1044, in _bootstrap_inner
      self.run()
      ~~~~~~~~^^
    File "/usr/lib64/python3.13/threading.py", line 995, in run
      self._target(*self._args, **self._kwargs)
      ~~~~~~~~~~~~^^^^^^^^^^^^^^^^^^^^^^^^^^^^^
    File "/home/play2/qdistro/.worktrees/qdistro-tier3s/session_manager/qdistro_session_manager.py", line 2917, in _read
      with open(f"/proc/{int(pid)}/cgroup") as f:
           ~~~~^^^^^^^^^^^^^^^^^^^^^^^^^^^^
    File "/home/play2/qdistro/.worktrees/qdistro-tier3s/tests/unit/test_session_manager.py", line 3280, in hung_open
      raise AssertionError("unexpected open")
  AssertionError: unexpected open
  
  Enable tracemalloc to get traceback where the object was allocated.
  See https://docs.pytest.org/en/stable/how-to/capture-warnings.html#resource-warnings for more info.
    warnings.warn(pytest.PytestUnhandledThreadExceptionWarning(msg))

-- Docs: https://docs.pytest.org/en/stable/how-to/capture-warnings.html
6801 passed, 8 skipped, 2 warnings in 477.83s (0:07:57)
