[vm-exec] guest identity pinned (pid 3358 start 2084)
[vm-exec] Waiting... (polls=30s elapsed=30s)

## 0. preconditions
PASS: probe PASS (0)
PASS: broker allows the smoke spawn (allow)
PASS: launch unit carries StopPropagatedFrom= the manager (O11) (qdistro-session-manager.service)
PASS: pre: control records (0)
PASS: pre: scopes (0)
PASS: pre: labelled containers (0)
PASS: pre: runsc-bundle processes (0)
PASS: pre: state root holds no container state (0)
PASS: pre: no cleanup call scope left (0)
PASS: pre: no cleanup work dir left (0)
PASS: CreateTier3sSilo s122a (Created)
PASS: CreateTier3sSilo s122b (Created)
    silos.yaml: s122a argv -> ["qdistro-tier3s-smoke", "--hold", "600"]
    silos.yaml: s122b argv -> ["qdistro-tier3s-smoke", "--hold", "600"]

## 1. launcher SIGKILL (service failure), three times (ExecStopPost races the scope stop)
PASS: sigkill#1: launch d8ef5b4767367c527c870cb34f61f1a9 up
PASS: sigkill#1: launch unit failed visibly (failed:signal)
    unit: qdistro-tier3s-silo@s122a.service: Sent signal SIGKILL to main process 4152 (spawn-tier3s.sh) on client request.
    unit: qdistro-tier3s-silo@s122a.service: Main process exited, code=killed, status=9/KILL
    unit: qdistro-tier3s-cleanup: d8ef5b4767367c527c870cb34f61f1a9: torn down (qdistro-tier3s-s122a)
    unit: qdistro-tier3s-silo@s122a.service: Failed with result 'signal'.
    unit: qdistro-tier3s-silo@s122a.service: Consumed 1.005s CPU time over 4.922s wall clock time.
PASS: launcher-sigkill#1: all 17 launch processes gone (pid+starttime)
PASS: launcher-sigkill#1: scope qdistro-tier3s-d8ef5b4767367c527c870cb34f61f1a9.scope gone (unit down, /sys/fs/cgroup/system.slice/qdistro-tier3s-d8ef5b4767367c527c870cb34f61f1a9.scope absent)
PASS: launcher-sigkill#1: per-launch dir /run/qdistro-tier3s/d8ef5b4767367c527c870cb34f61f1a9 gone
PASS: launcher-sigkill#1: control record /run/qdistro-tier3s-ctl/d8ef5b4767367c527c870cb34f61f1a9 gone
PASS: launcher-sigkill#1: container qdistro-tier3s-s122a gone (podman exists rc=1)
PASS: launcher-sigkill#1: no runsc state for 0b4b68fb58d0 in /run/qdistro-tier3s-runsc/1000
PASS: sigkill#1: StopSilo afterwards reaches Stopped (Stopped)
PASS: sigkill#2: launch a9aed6e75f01f85bdbd776861b565b1f up
PASS: sigkill#2: launch unit failed visibly (failed:signal)
    unit: qdistro-tier3s-silo@s122a.service: Sent signal SIGKILL to main process 5048 (spawn-tier3s.sh) on client request.
    unit: qdistro-tier3s-silo@s122a.service: Main process exited, code=killed, status=9/KILL
    unit: qdistro-tier3s-cleanup: a9aed6e75f01f85bdbd776861b565b1f: torn down (qdistro-tier3s-s122a)
    unit: qdistro-tier3s-silo@s122a.service: Failed with result 'signal'.
    unit: qdistro-tier3s-silo@s122a.service: Consumed 1.004s CPU time over 4.374s wall clock time.
PASS: launcher-sigkill#2: all 17 launch processes gone (pid+starttime)
PASS: launcher-sigkill#2: scope qdistro-tier3s-a9aed6e75f01f85bdbd776861b565b1f.scope gone (unit down, /sys/fs/cgroup/system.slice/qdistro-tier3s-a9aed6e75f01f85bdbd776861b565b1f.scope absent)
PASS: launcher-sigkill#2: per-launch dir /run/qdistro-tier3s/a9aed6e75f01f85bdbd776861b565b1f gone
PASS: launcher-sigkill#2: control record /run/qdistro-tier3s-ctl/a9aed6e75f01f85bdbd776861b565b1f gone
PASS: launcher-sigkill#2: container qdistro-tier3s-s122a gone (podman exists rc=1)
PASS: launcher-sigkill#2: no runsc state for debeb345914f in /run/qdistro-tier3s-runsc/1000
PASS: sigkill#2: StopSilo afterwards reaches Stopped (Stopped)
PASS: sigkill#3: launch 680453cb629f0e9d5f3fedb78a4ee2fc up
PASS: sigkill#3: launch unit failed visibly (failed:signal)
    unit: qdistro-tier3s-silo@s122a.service: Sent signal SIGKILL to main process 5894 (spawn-tier3s.sh) on client request.
    unit: qdistro-tier3s-silo@s122a.service: Main process exited, code=killed, status=9/KILL
    unit: qdistro-tier3s-cleanup: 680453cb629f0e9d5f3fedb78a4ee2fc: torn down (qdistro-tier3s-s122a)
    unit: qdistro-tier3s-silo@s122a.service: Failed with result 'signal'.
    unit: qdistro-tier3s-silo@s122a.service: Consumed 1.015s CPU time over 4.446s wall clock time.
PASS: launcher-sigkill#3: all 17 launch processes gone (pid+starttime)
PASS: launcher-sigkill#3: scope qdistro-tier3s-680453cb629f0e9d5f3fedb78a4ee2fc.scope gone (unit down, /sys/fs/cgroup/system.slice/qdistro-tier3s-680453cb629f0e9d5f3fedb78a4ee2fc.scope absent)
PASS: launcher-sigkill#3: per-launch dir /run/qdistro-tier3s/680453cb629f0e9d5f3fedb78a4ee2fc gone
PASS: launcher-sigkill#3: control record /run/qdistro-tier3s-ctl/680453cb629f0e9d5f3fedb78a4ee2fc gone
PASS: launcher-sigkill#3: container qdistro-tier3s-s122a gone (podman exists rc=1)
PASS: launcher-sigkill#3: no runsc state for df68898e7efa in /run/qdistro-tier3s-runsc/1000
PASS: sigkill#3: StopSilo afterwards reaches Stopped (Stopped)

## 2. O11: session-manager STOP tears down every live launch
PASS: manager-stop: two launches up (c29b703ed93714b2850a73a5269019ec, 8b38554350a44448b34ac7e85ee9d7e9)
PASS: manager-stop: systemctl stop qdistro-session-manager.service rc (0)
PASS: manager-stop: manager inactive (inactive)
PASS: manager-stop: qdistro-tier3s-silo@s122a.service stopped through the verified cleanup (1)
PASS: manager-stop: qdistro-tier3s-silo@s122a.service stopped before the manager (After= order) (yes)
PASS: manager-stop/s122a: all 17 launch processes gone (pid+starttime)
PASS: manager-stop/s122a: scope qdistro-tier3s-c29b703ed93714b2850a73a5269019ec.scope gone (unit down, /sys/fs/cgroup/system.slice/qdistro-tier3s-c29b703ed93714b2850a73a5269019ec.scope absent)
PASS: manager-stop/s122a: per-launch dir /run/qdistro-tier3s/c29b703ed93714b2850a73a5269019ec gone
PASS: manager-stop/s122a: control record /run/qdistro-tier3s-ctl/c29b703ed93714b2850a73a5269019ec gone
PASS: manager-stop/s122a: container qdistro-tier3s-s122a gone (podman exists rc=1)
PASS: manager-stop/s122a: no runsc state for e0f9679538d7 in /run/qdistro-tier3s-runsc/1000
PASS: manager-stop: qdistro-tier3s-silo@s122b.service stopped through the verified cleanup (1)
PASS: manager-stop: qdistro-tier3s-silo@s122b.service stopped before the manager (After= order) (yes)
PASS: manager-stop/s122b: all 17 launch processes gone (pid+starttime)
PASS: manager-stop/s122b: scope qdistro-tier3s-8b38554350a44448b34ac7e85ee9d7e9.scope gone (unit down, /sys/fs/cgroup/system.slice/qdistro-tier3s-8b38554350a44448b34ac7e85ee9d7e9.scope absent)
PASS: manager-stop/s122b: per-launch dir /run/qdistro-tier3s/8b38554350a44448b34ac7e85ee9d7e9 gone
PASS: manager-stop/s122b: control record /run/qdistro-tier3s-ctl/8b38554350a44448b34ac7e85ee9d7e9 gone
PASS: manager-stop/s122b: container qdistro-tier3s-s122b gone (podman exists rc=1)
PASS: manager-stop/s122b: no runsc state for 1f321fe75db2 in /run/qdistro-tier3s-runsc/1000
PASS: manager-stop: control records (0)
PASS: manager-stop: scopes (0)
PASS: manager-stop: labelled containers (0)
PASS: manager-stop: runsc-bundle processes (0)
PASS: manager-stop: state root holds no container state (0)
PASS: manager-stop: no cleanup call scope left (0)
PASS: manager-stop: no cleanup work dir left (0)
PASS: manager-stop: manager started again (yes)
PASS: manager-stop/s122a: relaunched with a fresh token (e450ebd463de4830baa9a36ea756abf6, was c29b703ed93714b2850a73a5269019ec)
PASS: manager-stop/s122a: the new launch is recorded running (running)
PASS: manager-stop/s122a: its container runs under the new token (running:e450ebd463de4830baa9a36ea756abf6)
PASS: manager-stop/s122a: its owning scope is live (active)
PASS: manager-stop/s122b: relaunched with a fresh token (a4ea41beada42a25d04b0111f414faa1, was 8b38554350a44448b34ac7e85ee9d7e9)
PASS: manager-stop/s122b: the new launch is recorded running (running)
PASS: manager-stop/s122b: its container runs under the new token (running:a4ea41beada42a25d04b0111f414faa1)
PASS: manager-stop/s122b: its owning scope is live (active)
PASS: manager-stop-after: control records (0)
PASS: manager-stop-after: scopes (0)
PASS: manager-stop-after: labelled containers (0)
PASS: manager-stop-after: runsc-bundle processes (0)
PASS: manager-stop-after: state root holds no container state (0)
PASS: manager-stop-after: no cleanup call scope left (0)
PASS: manager-stop-after: no cleanup work dir left (0)

## 3. session-manager crash (SIGKILL) and restart
PASS: manager-crash: launch f1c769be4d331a5fc40765a2ec976dc5 up
PASS: manager-crash: manager back with a new pid (yes)
PASS: manager-crash: all 17 launch processes gone (pid+starttime)
PASS: manager-crash: scope qdistro-tier3s-f1c769be4d331a5fc40765a2ec976dc5.scope gone (unit down, /sys/fs/cgroup/system.slice/qdistro-tier3s-f1c769be4d331a5fc40765a2ec976dc5.scope absent)
PASS: manager-crash: per-launch dir /run/qdistro-tier3s/f1c769be4d331a5fc40765a2ec976dc5 gone
PASS: manager-crash: control record /run/qdistro-tier3s-ctl/f1c769be4d331a5fc40765a2ec976dc5 gone
PASS: manager-crash: container qdistro-tier3s-s122a gone (podman exists rc=1)
PASS: manager-crash: no runsc state for ae25317ccdb3 in /run/qdistro-tier3s-runsc/1000
PASS: manager-crash: relaunched with a fresh token (5347485d3ab57a713bfe70d9bd300d14, was f1c769be4d331a5fc40765a2ec976dc5)
PASS: manager-crash: the new launch is recorded running (running)
PASS: manager-crash: its container runs under the new token (running:5347485d3ab57a713bfe70d9bd300d14)
PASS: manager-crash: its owning scope is live (active)
    unit: Stopping qdistro tier-3s (gVisor) silo s122a (Experimental, dev profile only)...
    unit: qdistro-tier3s-cleanup: f1c769be4d331a5fc40765a2ec976dc5: torn down (qdistro-tier3s-s122a)
    unit: Stopped qdistro tier-3s (gVisor) silo s122a (Experimental, dev profile only).
PASS: manager-crash: systemd completed a stop job for the old launch unit (yes)
PASS: manager-crash: the old launch got the verified cleanup (1)
PASS: manager-crash: StopSilo (Stopped)
PASS: manager-restart: launch 15915b789084998662fffbf53371609c up
PASS: manager-restart: manager back with a new pid (yes)
PASS: manager-restart: all 17 launch processes gone (pid+starttime)
PASS: manager-restart: scope qdistro-tier3s-15915b789084998662fffbf53371609c.scope gone (unit down, /sys/fs/cgroup/system.slice/qdistro-tier3s-15915b789084998662fffbf53371609c.scope absent)
PASS: manager-restart: per-launch dir /run/qdistro-tier3s/15915b789084998662fffbf53371609c gone
PASS: manager-restart: control record /run/qdistro-tier3s-ctl/15915b789084998662fffbf53371609c gone
PASS: manager-restart: container qdistro-tier3s-s122a gone (podman exists rc=1)
PASS: manager-restart: no runsc state for fc1dc624c3c2 in /run/qdistro-tier3s-runsc/1000
PASS: manager-restart: relaunched with a fresh token (49f054bd426004927fda9e803be19630, was 15915b789084998662fffbf53371609c)
PASS: manager-restart: the new launch is recorded running (running)
PASS: manager-restart: its container runs under the new token (running:49f054bd426004927fda9e803be19630)
PASS: manager-restart: its owning scope is live (active)
    unit: Stopping qdistro tier-3s (gVisor) silo s122a (Experimental, dev profile only)...
    unit: qdistro-tier3s-cleanup: 15915b789084998662fffbf53371609c: torn down (qdistro-tier3s-s122a)
    unit: Stopped qdistro tier-3s (gVisor) silo s122a (Experimental, dev profile only).
PASS: manager-restart: systemd completed a stop job for the old launch unit (yes)
PASS: manager-restart: the old launch got the verified cleanup (1)
PASS: manager-restart: StopSilo (Stopped)
PASS: manager-restarts: control records (0)
PASS: manager-restarts: scopes (0)
PASS: manager-restarts: labelled containers (0)
PASS: manager-restarts: runsc-bundle processes (0)
PASS: manager-restarts: state root holds no container state (0)
PASS: manager-restarts: no cleanup call scope left (0)
PASS: manager-restarts: no cleanup work dir left (0)

## 4. reconciliation: the manager's in-memory state is lost
PASS: reconcile/recorded: live launch 3d81b88215aa60134dc2ad58271dc463 started while the manager was down
PASS: reconcile/recorded: the launch is live and labelled (running:3d81b88215aa60134dc2ad58271dc463)
PASS: reconcile/recorded: the restarted manager stopped the unknown launch unit (1)
PASS: reconcile/recorded: all 17 launch processes gone (pid+starttime)
PASS: reconcile/recorded: scope qdistro-tier3s-3d81b88215aa60134dc2ad58271dc463.scope gone (unit down, /sys/fs/cgroup/system.slice/qdistro-tier3s-3d81b88215aa60134dc2ad58271dc463.scope absent)
PASS: reconcile/recorded: per-launch dir /run/qdistro-tier3s/3d81b88215aa60134dc2ad58271dc463 gone
PASS: reconcile/recorded: control record /run/qdistro-tier3s-ctl/3d81b88215aa60134dc2ad58271dc463 gone
PASS: reconcile/recorded: container qdistro-tier3s-s122a gone (podman exists rc=1)
PASS: reconcile/recorded: no runsc state for 1d739fbfe46f in /run/qdistro-tier3s-runsc/1000
PASS: reconcile/recorded: silo not relaunched (it was Stopped) (Stopped)
PASS: reconcile/unrecorded: live launch 6a089bded62611c16af03cf5142b64ed started while the manager was down
PASS: reconcile/unrecorded: the launch is live and labelled (running:6a089bded62611c16af03cf5142b64ed)
PASS: reconcile/unrecorded: control record removed by hand (no)
PASS: reconcile/unrecorded: the restarted manager stopped the unknown launch unit (1)
PASS: reconcile/unrecorded: all 17 launch processes gone (pid+starttime)
PASS: reconcile/unrecorded: scope qdistro-tier3s-6a089bded62611c16af03cf5142b64ed.scope gone (unit down, /sys/fs/cgroup/system.slice/qdistro-tier3s-6a089bded62611c16af03cf5142b64ed.scope absent)
PASS: reconcile/unrecorded: per-launch dir /run/qdistro-tier3s/6a089bded62611c16af03cf5142b64ed gone
PASS: reconcile/unrecorded: control record /run/qdistro-tier3s-ctl/6a089bded62611c16af03cf5142b64ed gone
PASS: reconcile/unrecorded: container qdistro-tier3s-s122a gone (podman exists rc=1)
PASS: reconcile/unrecorded: no runsc state for b39dc1d47cf0 in /run/qdistro-tier3s-runsc/1000
PASS: reconcile/unrecorded: silo not relaunched (it was Stopped) (Stopped)

## 5. reconciliation: a live labelled container with no launch unit at all
PASS: ghost: labelled container live with no unit and no record (running:no:inactive)
PASS: ghost: reconciliation reaped the labelled container (podman exists rc) (1)
PASS: ghost: its sandbox (State.Pid 17140) is gone (no)
PASS: ghost: the manager reported no reconciliation failure (0)

## 6. cleanup
PASS: DeleteSilo s122a (absent)
PASS: DeleteSilo s122b (absent)
PASS: end: control records (0)
PASS: end: scopes (0)
PASS: end: labelled containers (0)
PASS: end: runsc-bundle processes (0)
PASS: end: state root holds no container state (0)
PASS: end: no cleanup call scope left (0)
PASS: end: no cleanup work dir left (0)
[s122] 152 passes, 0 failures
