Oct 04 06:12:21 baseweed-admin systemd[878]: Starting qdshell desktop (Quickshell QML on top of qdwin)...
Oct 04 06:12:22 baseweed-admin systemd[878]: Started qdshell desktop (Quickshell QML on top of qdwin).
Oct 04 06:12:22 baseweed-admin dbus-run-session[1024]: No running instances for "/usr/share/quickshell/qdshell/shell.qml"
Oct 04 06:12:22 baseweed-admin dbus-run-session[1024]:   INFO: Launching config: "/usr/share/quickshell/qdshell/shell.qml"
Oct 04 06:12:22 baseweed-admin dbus-run-session[1024]:   INFO: Shell ID: "0d0d1ceeb7f0392fec595c8531945b05" Path ID "0d0d1ceeb7f0392fec595c8531945b05"
Oct 04 06:12:22 baseweed-admin dbus-run-session[1024]:   INFO: Saving logs to "/run/user/1000/quickshell/by-id/gsm8ddmt/log.qslog"
Oct 04 06:12:22 baseweed-admin dbus-run-session[1024]: MESA-EGL: warning: failed to get driver name for fd -1
Oct 04 06:12:22 baseweed-admin dbus-run-session[1024]: MESA-EGL: warning: MESA-LOADER: failed to retrieve device information
Oct 04 06:12:22 baseweed-admin dbus-run-session[1024]: MESA-EGL: warning: failed to get driver name for fd -1
Oct 04 06:12:22 baseweed-admin dbus-run-session[1024]: MESA: error: ZINK: failed to choose pdev
Oct 04 06:12:22 baseweed-admin dbus-run-session[1024]: MESA-EGL: warning: egl: failed to create dri2 screen
Oct 04 06:12:23 baseweed-admin dbus-run-session[1024]:   INFO qml: [20261004-061223]           I18n Service started
Oct 04 06:12:23 baseweed-admin dbus-run-session[1024]:   INFO qml: [20261004-061223]           I18n Loading "en" (locale: "en-Latn-US")
Oct 04 06:12:23 baseweed-admin dbus-run-session[1024]:   INFO qml: [20261004-061223]          Shell ---------------------------
Oct 04 06:12:23 baseweed-admin dbus-run-session[1024]:   INFO qml: [20261004-061223]          Shell Qdshell Hello!
Oct 04 06:12:23 baseweed-admin dbus-run-session[1024]:   WARN scene: @Commons/I18n.qml[104:5]: Unable to assign QJSValue to QObject*
Oct 04 06:12:23 baseweed-admin dbus-run-session[1024]:   INFO: Configuration Loaded
Oct 04 06:12:23 baseweed-admin dbus-run-session[1024]:   WARN scene: @Commons/I18n.qml[104:5]: Unable to assign QJSValue to QObject*
Oct 04 06:12:23 baseweed-admin dbus-run-session[1024]:   INFO qml: [20261004-061223]       Settings Settings loaded
Oct 04 06:12:23 baseweed-admin dbus-run-session[1024]:   INFO qml: [20261004-061223]           I18n Loaded translations for "en"
Oct 04 06:12:23 baseweed-admin dbus-run-session[1024]:   INFO qml: [20261004-061223] PluginRegistry Loaded plugin states from: /home/admin/.config/qdshell/plugins.json
Oct 04 06:12:23 baseweed-admin dbus-run-session[1024]:   INFO qml: [20261004-061223] PluginRegistry Scanning plugin folder: /home/admin/.config/qdshell/plugins
Oct 04 06:12:23 baseweed-admin dbus-run-session[1024]:   INFO qml: [20261004-061223]          Icons Service started
Oct 04 06:12:23 baseweed-admin dbus-run-session[1024]:   INFO: ctrl-server: listening on /run/user/1000/qdshell.sock
Oct 04 06:12:23 baseweed-admin dbus-run-session[1024]:   WARN scene: QML Connections at @Services/Hardware/BrightnessService.qml[66:3]: Detected function "onEnableDdcSupportChanged" in Connections element. This is probably intended to be a signal handler but no signal of the target matches the name.
Oct 04 06:12:23 baseweed-admin dbus-run-session[1024]:   INFO qml: [20261004-061223]     Brightness Service started
Oct 04 06:12:23 baseweed-admin dbus-run-session[1024]:   INFO qml: [20261004-061223] DesktopWidgetR Service started
Oct 04 06:12:23 baseweed-admin dbus-run-session[1024]:   WARN scene: QML Connections at @Services/UI/BarService.qml[147:3]: Detected function "onDisplayModeChanged" in Connections element. This is probably intended to be a signal handler but no signal of the target matches the name.
Oct 04 06:12:23 baseweed-admin dbus-run-session[1024]:   WARN scene: QML Connections at @Services/UI/BarService.qml[147:3]: Detected function "onScreenOverridesChanged" in Connections element. This is probably intended to be a signal handler but no signal of the target matches the name.
Oct 04 06:12:23 baseweed-admin dbus-run-session[1024]:   INFO qml: [20261004-061223]     BarService Service started
Oct 04 06:12:23 baseweed-admin dbus-run-session[1024]:   WARN scene: QML Connections at @Services/Networking/NetworkService.qml[73:3]: Detected function "onWifiEnabledChanged" in Connections element. This is probably intended to be a signal handler but no signal of the target matches the name.
Oct 04 06:12:23 baseweed-admin dbus-run-session[1024]:   INFO qml: [20261004-061223]        Network Service started
Oct 04 06:12:23 baseweed-admin dbus-run-session[1024]:   WARN scene: QML Connections at @Modules/Panels/Dock/StaticDockPanel.qml[350:3]: Detected function "onPinnedAppsChanged" in Connections element. This is probably intended to be a signal handler but no signal of the target matches the name.
Oct 04 06:12:23 baseweed-admin dbus-run-session[1024]:   WARN scene: QML Connections at @Modules/Panels/Dock/StaticDockPanel.qml[350:3]: Detected function "onOnlySameOutputChanged" in Connections element. This is probably intended to be a signal handler but no signal of the target matches the name.
Oct 04 06:12:23 baseweed-admin dbus-run-session[1024]:   WARN scene: QML Connections at @Services/System/SystemStatService.qml[320:3]: Detected function "onEnableDgpuMonitoringChanged" in Connections element. This is probably intended to be a signal handler but no signal of the target matches the name.
Oct 04 06:12:23 baseweed-admin dbus-run-session[1024]:   INFO qml: [20261004-061223]     SystemStat Service started (polling deferred until a consumer registers).
Oct 04 06:12:23 baseweed-admin dbus-run-session[1024]:   WARN scene: QML Connections at @Modules/Panels/Dock/StaticDockPanel.qml[350:3]: Detected function "onPinnedAppsChanged" in Connections element. This is probably intended to be a signal handler but no signal of the target matches the name.
Oct 04 06:12:23 baseweed-admin dbus-run-session[1024]:   WARN scene: QML Connections at @Modules/Panels/Dock/StaticDockPanel.qml[350:3]: Detected function "onOnlySameOutputChanged" in Connections element. This is probably intended to be a signal handler but no signal of the target matches the name.
Oct 04 06:12:23 baseweed-admin dbus-run-session[1024]:   WARN scene: QML Connections at @Modules/Panels/Dock/StaticDockPanel.qml[350:3]: Detected function "onPinnedAppsChanged" in Connections element. This is probably intended to be a signal handler but no signal of the target matches the name.
Oct 04 06:12:23 baseweed-admin dbus-run-session[1024]:   WARN scene: QML Connections at @Modules/Panels/Dock/StaticDockPanel.qml[350:3]: Detected function "onOnlySameOutputChanged" in Connections element. This is probably intended to be a signal handler but no signal of the target matches the name.
Oct 04 06:12:23 baseweed-admin dbus-run-session[1024]:   WARN scene: QML Connections at @Services/UI/WallpaperService.qml[140:3]: Detected function "onWallpaperDownloaded" in Connections element. This is probably intended to be a signal handler but no signal of the target matches the name.
Oct 04 06:12:23 baseweed-admin dbus-run-session[1024]:   WARN scene: QML Connections at @Services/UI/WallpaperService.qml[61:3]: Detected function "onDirectoryChanged" in Connections element. This is probably intended to be a signal handler but no signal of the target matches the name.
Oct 04 06:12:23 baseweed-admin dbus-run-session[1024]:   WARN scene: QML Connections at @Services/UI/WallpaperService.qml[61:3]: Detected function "onEnableMultiMonitorDirectoriesChanged" in Connections element. This is probably intended to be a signal handler but no signal of the target matches the name.
Oct 04 06:12:23 baseweed-admin dbus-run-session[1024]:   WARN scene: QML Connections at @Services/UI/WallpaperService.qml[61:3]: Detected function "onAutomationEnabledChanged" in Connections element. This is probably intended to be a signal handler but no signal of the target matches the name.
Oct 04 06:12:23 baseweed-admin dbus-run-session[1024]:   WARN scene: QML Connections at @Services/UI/WallpaperService.qml[61:3]: Detected function "onRandomIntervalSecChanged" in Connections element. This is probably intended to be a signal handler but no signal of the target matches the name.
Oct 04 06:12:23 baseweed-admin dbus-run-session[1024]:   WARN scene: QML Connections at @Services/UI/WallpaperService.qml[61:3]: Detected function "onWallpaperChangeModeChanged" in Connections element. This is probably intended to be a signal handler but no signal of the target matches the name.
Oct 04 06:12:23 baseweed-admin dbus-run-session[1024]:   WARN scene: QML Connections at @Services/UI/WallpaperService.qml[61:3]: Detected function "onViewModeChanged" in Connections element. This is probably intended to be a signal handler but no signal of the target matches the name.
Oct 04 06:12:23 baseweed-admin dbus-run-session[1024]:   WARN scene: QML Connections at @Services/UI/WallpaperService.qml[61:3]: Detected function "onShowHiddenFilesChanged" in Connections element. This is probably intended to be a signal handler but no signal of the target matches the name.
Oct 04 06:12:23 baseweed-admin dbus-run-session[1024]:   WARN scene: QML Connections at @Services/UI/WallpaperService.qml[61:3]: Detected function "onUseSolidColorChanged" in Connections element. This is probably intended to be a signal handler but no signal of the target matches the name.
Oct 04 06:12:23 baseweed-admin dbus-run-session[1024]:   WARN scene: QML Connections at @Services/UI/WallpaperService.qml[61:3]: Detected function "onSolidColorChanged" in Connections element. This is probably intended to be a signal handler but no signal of the target matches the name.
Oct 04 06:12:23 baseweed-admin dbus-run-session[1024]:   WARN scene: QML Connections at @Services/UI/WallpaperService.qml[61:3]: Detected function "onSortOrderChanged" in Connections element. This is probably intended to be a signal handler but no signal of the target matches the name.
Oct 04 06:12:23 baseweed-admin dbus-run-session[1024]:   WARN scene: QML Connections at @Modules/Background/Background.qml[80:7]: Detected function "onFillModeChanged" in Connections element. This is probably intended to be a signal handler but no signal of the target matches the name.
Oct 04 06:12:23 baseweed-admin dbus-run-session[1024]:   WARN scene: QML Connections at @Modules/Background/Background.qml[80:7]: Detected function "onFillModeChanged" in Connections element. This is probably intended to be a signal handler but no signal of the target matches the name.
Oct 04 06:12:23 baseweed-admin dbus-run-session[1024]:   WARN scene: QML Connections at @Modules/Background/Background.qml[80:7]: Detected function "onFillModeChanged" in Connections element. This is probably intended to be a signal handler but no signal of the target matches the name.
Oct 04 06:12:23 baseweed-admin dbus-run-session[1024]:   WARN scene: QML Connections at @Modules/Dock/Dock.qml[45:7]: Detected function "onPinnedAppsChanged" in Connections element. This is probably intended to be a signal handler but no signal of the target matches the name.
Oct 04 06:12:23 baseweed-admin dbus-run-session[1024]:   WARN scene: QML Connections at @Modules/Dock/Dock.qml[45:7]: Detected function "onOnlySameOutputChanged" in Connections element. This is probably intended to be a signal handler but no signal of the target matches the name.
Oct 04 06:12:23 baseweed-admin dbus-run-session[1024]:   WARN scene: QML Connections at @Modules/Dock/Dock.qml[45:7]: Detected function "onPinnedAppsChanged" in Connections element. This is probably intended to be a signal handler but no signal of the target matches the name.
Oct 04 06:12:23 baseweed-admin dbus-run-session[1024]:   WARN scene: QML Connections at @Modules/Dock/Dock.qml[45:7]: Detected function "onOnlySameOutputChanged" in Connections element. This is probably intended to be a signal handler but no signal of the target matches the name.
Oct 04 06:12:23 baseweed-admin dbus-run-session[1024]:   WARN scene: QML Connections at @Modules/Dock/Dock.qml[45:7]: Detected function "onPinnedAppsChanged" in Connections element. This is probably intended to be a signal handler but no signal of the target matches the name.
Oct 04 06:12:23 baseweed-admin dbus-run-session[1024]:   WARN scene: QML Connections at @Modules/Dock/Dock.qml[45:7]: Detected function "onOnlySameOutputChanged" in Connections element. This is probably intended to be a signal handler but no signal of the target matches the name.
Oct 04 06:12:23 baseweed-admin dbus-run-session[1024]:   INFO qml: [20261004-061223]          Shell ---------------------------
Oct 04 06:12:23 baseweed-admin dbus-run-session[1024]:   INFO qml: [20261004-061223]      Wallpaper Service started
Oct 04 06:12:23 baseweed-admin dbus-run-session[1024]:   INFO qml: [20261004-061223]     ImageCache Service started
Oct 04 06:12:23 baseweed-admin dbus-run-session[1024]:   WARN scene: QML Connections at @Services/Theming/AppThemeService.qml[30:3]: Detected function "onDarkModeChanged" in Connections element. This is probably intended to be a signal handler but no signal of the target matches the name.
Oct 04 06:12:23 baseweed-admin dbus-run-session[1024]:   WARN scene: QML Connections at @Services/Theming/AppThemeService.qml[30:3]: Detected function "onMonitorForColorsChanged" in Connections element. This is probably intended to be a signal handler but no signal of the target matches the name.
Oct 04 06:12:23 baseweed-admin dbus-run-session[1024]:   WARN scene: QML Connections at @Services/Theming/AppThemeService.qml[30:3]: Detected function "onGenerationMethodChanged" in Connections element. This is probably intended to be a signal handler but no signal of the target matches the name.
Oct 04 06:12:23 baseweed-admin dbus-run-session[1024]:   INFO qml: [20261004-061223] AppThemeServic Service started
Oct 04 06:12:23 baseweed-admin dbus-run-session[1024]:   WARN scene: QML Connections at @Services/Theming/ColorSchemeService.qml[20:3]: Detected function "onDarkModeChanged" in Connections element. This is probably intended to be a signal handler but no signal of the target matches the name.
Oct 04 06:12:23 baseweed-admin dbus-run-session[1024]:   INFO qml: [20261004-061223]    ColorScheme Service started
Oct 04 06:12:23 baseweed-admin dbus-run-session[1024]:   INFO qml: [20261004-061223] AppPresentatio Service started
Oct 04 06:12:23 baseweed-admin dbus-run-session[1024]:   WARN scene: QML Connections at @Services/Location/DarkModeService.qml[43:3]: Detected function "onSchedulingModeChanged" in Connections element. This is probably intended to be a signal handler but no signal of the target matches the name.
Oct 04 06:12:23 baseweed-admin dbus-run-session[1024]:   WARN scene: QML Connections at @Services/Location/DarkModeService.qml[28:3]: Detected function "onManualSunriseChanged" in Connections element. This is probably intended to be a signal handler but no signal of the target matches the name.
Oct 04 06:12:23 baseweed-admin dbus-run-session[1024]:   WARN scene: QML Connections at @Services/Location/DarkModeService.qml[28:3]: Detected function "onManualSunsetChanged" in Connections element. This is probably intended to be a signal handler but no signal of the target matches the name.
Oct 04 06:12:23 baseweed-admin dbus-run-session[1024]:   INFO qml: [20261004-061223] DarkModeServic Service started
Oct 04 06:12:23 baseweed-admin dbus-run-session[1024]:   WARN scene: @Services/Location/DarkModeService.qml[29:5]: Unable to assign QJSValue to QObject*
Oct 04 06:12:23 baseweed-admin dbus-run-session[1024]:   WARN scene: @Services/Location/DarkModeService.qml[44:5]: Unable to assign QJSValue to QObject*
Oct 04 06:12:23 baseweed-admin dbus-run-session[1024]:   WARN scene: @Services/Theming/ColorSchemeService.qml[21:5]: Unable to assign QJSValue to QObject*
Oct 04 06:12:23 baseweed-admin dbus-run-session[1024]:   WARN scene: @Services/Theming/AppThemeService.qml[31:5]: Unable to assign QJSValue to QObject*
Oct 04 06:12:23 baseweed-admin dbus-run-session[1024]:   WARN scene: @Modules/Dock/Dock.qml[46:9]: Unable to assign QJSValue to QObject*
Oct 04 06:12:23 baseweed-admin dbus-run-session[1024]:   WARN scene: @Modules/Dock/Dock.qml[46:9]: Unable to assign QJSValue to QObject*
Oct 04 06:12:23 baseweed-admin dbus-run-session[1024]:   WARN scene: @Modules/Dock/Dock.qml[46:9]: Unable to assign QJSValue to QObject*
Oct 04 06:12:23 baseweed-admin dbus-run-session[1024]:   WARN scene: @Modules/Background/Background.qml[81:9]: Unable to assign QJSValue to QObject*
Oct 04 06:12:23 baseweed-admin dbus-run-session[1024]:   WARN scene: @Modules/Background/Background.qml[81:9]: Unable to assign QJSValue to QObject*
Oct 04 06:12:23 baseweed-admin dbus-run-session[1024]:   WARN scene: @Modules/Background/Background.qml[81:9]: Unable to assign QJSValue to QObject*
Oct 04 06:12:23 baseweed-admin dbus-run-session[1024]:   WARN scene: @Services/UI/WallpaperService.qml[62:5]: Unable to assign QJSValue to QObject*
Oct 04 06:12:23 baseweed-admin dbus-run-session[1024]:   WARN scene: @Modules/Panels/SessionMenu/SessionMenu.qml[152:5]: Unable to assign QJSValue to QObject*
Oct 04 06:12:23 baseweed-admin dbus-run-session[1024]:   WARN scene: @Modules/Panels/Dock/StaticDockPanel.qml[351:5]: Unable to assign QJSValue to QObject*
Oct 04 06:12:23 baseweed-admin dbus-run-session[1024]:   WARN scene: @Modules/Panels/SessionMenu/SessionMenu.qml[152:5]: Unable to assign QJSValue to QObject*
Oct 04 06:12:23 baseweed-admin dbus-run-session[1024]:   WARN scene: @Modules/Panels/Dock/StaticDockPanel.qml[351:5]: Unable to assign QJSValue to QObject*
Oct 04 06:12:23 baseweed-admin dbus-run-session[1024]:   WARN scene: @Services/System/SystemStatService.qml[321:5]: Unable to assign QJSValue to QObject*
Oct 04 06:12:23 baseweed-admin dbus-run-session[1024]:   WARN scene: @Modules/Panels/SessionMenu/SessionMenu.qml[152:5]: Unable to assign QJSValue to QObject*
Oct 04 06:12:23 baseweed-admin dbus-run-session[1024]:   WARN scene: @Services/Networking/NetworkService.qml[74:5]: Unable to assign QJSValue to QObject*
Oct 04 06:12:23 baseweed-admin dbus-run-session[1024]:   WARN scene: @Modules/Panels/Dock/StaticDockPanel.qml[351:5]: Unable to assign QJSValue to QObject*
Oct 04 06:12:23 baseweed-admin dbus-run-session[1024]:   WARN scene: @Services/UI/BarService.qml[148:5]: Unable to assign QJSValue to QObject*
Oct 04 06:12:23 baseweed-admin dbus-run-session[1024]:   WARN scene: @Services/Hardware/BrightnessService.qml[67:5]: Unable to assign QJSValue to QObject*
Oct 04 06:12:23 baseweed-admin dbus-run-session[1024]:   INFO qml: [20261004-061223]      Wallpaper Starting scan for Virtual-1 in /home/admin/Pictures/Wallpapers recursive: false
Oct 04 06:12:23 baseweed-admin dbus-run-session[1024]:   INFO qml: [20261004-061223]      Wallpaper Starting scan for pipewire-0 in /home/admin/Pictures/Wallpapers recursive: false
Oct 04 06:12:23 baseweed-admin dbus-run-session[1024]:   INFO qml: [20261004-061223]      Wallpaper Starting scan for pipewire-1 in /home/admin/Pictures/Wallpapers recursive: false
Oct 04 06:12:23 baseweed-admin dbus-run-session[1024]:   INFO qml: [20261004-061223]       Location Service started
Oct 04 06:12:23 baseweed-admin dbus-run-session[1024]:   WARN scene: QML Connections at @Services/Location/NightLightService.qml[96:3]: Detected function "onEnabledChanged" in Connections element. This is probably intended to be a signal handler but no signal of the target matches the name.
Oct 04 06:12:23 baseweed-admin dbus-run-session[1024]:   WARN scene: QML Connections at @Services/Location/NightLightService.qml[96:3]: Detected function "onForcedChanged" in Connections element. This is probably intended to be a signal handler but no signal of the target matches the name.
Oct 04 06:12:23 baseweed-admin dbus-run-session[1024]:   WARN scene: QML Connections at @Services/Location/NightLightService.qml[96:3]: Detected function "onNightTempChanged" in Connections element. This is probably intended to be a signal handler but no signal of the target matches the name.
Oct 04 06:12:23 baseweed-admin dbus-run-session[1024]:   WARN scene: QML Connections at @Services/Location/NightLightService.qml[96:3]: Detected function "onDayTempChanged" in Connections element. This is probably intended to be a signal handler but no signal of the target matches the name.
Oct 04 06:12:23 baseweed-admin dbus-run-session[1024]:   WARN scene: QML Connections at @Services/Control/HooksService.qml[16:3]: Detected function "onDarkModeChanged" in Connections element. This is probably intended to be a signal handler but no signal of the target matches the name.
Oct 04 06:12:23 baseweed-admin dbus-run-session[1024]:   INFO qml: [20261004-061223]   HooksService Service started
Oct 04 06:12:23 baseweed-admin dbus-run-session[1024]:   WARN quickshell.dbus.objectmanager: Failed to create DBusObjectManagerInterface for "org.bluez" "/" : QDBusError("org.freedesktop.DBus.Error.ServiceUnknown", "The name is not activatable")
Oct 04 06:12:23 baseweed-admin dbus-run-session[1024]:   INFO qml: [20261004-061223]      Bluetooth Service started
Oct 04 06:12:23 baseweed-admin dbus-run-session[1024]:   INFO qml: [20261004-061223]  IdleInhibitor Service started
Oct 04 06:12:23 baseweed-admin dbus-run-session[1024]:   INFO qml: [20261004-061223] CapabilityServ qdwin live-apply capabilities: pointer=false xkb=false wm=false output=false workspace=false idleDpms=false keybind=false
Oct 04 06:12:23 baseweed-admin dbus-run-session[1024]:   INFO qml: [20261004-061223]   PowerService Service started
Oct 04 06:12:23 baseweed-admin dbus-run-session[1024]:   INFO qml: [20261004-061223] AccessibilityS Service started
Oct 04 06:12:23 baseweed-admin dbus-run-session[1024]:   INFO qml: [20261004-061223]  KeyboardInput Service started
Oct 04 06:12:23 baseweed-admin dbus-run-session[1024]:   INFO qml: [20261004-061223] PointerInputSe Service started (qdwin live-apply: persist-only until shell binds >= v28)
Oct 04 06:12:23 baseweed-admin dbus-run-session[1024]:   INFO qml: [20261004-061223] WindowManagerS Service started (qdwin v25 live-apply: false, shortcuts: false)
Oct 04 06:12:23 baseweed-admin dbus-run-session[1024]:   INFO qml: [20261004-061223] SessionService started; saved=0 canApplyPlacement=false
Oct 04 06:12:23 baseweed-admin dbus-run-session[1024]:   INFO qml: [20261004-061223]    HostService Service started
Oct 04 06:12:23 baseweed-admin dbus-run-session[1024]:   INFO qml: [20261004-061223] CustomButtonIP Service started
Oct 04 06:12:23 baseweed-admin dbus-run-session[1024]:   INFO qml: [20261004-061223]     IPCService Service started
Oct 04 06:12:23 baseweed-admin dbus-run-session[1024]:   INFO qml: [20261004-061223]        PodApps service started
Oct 04 06:12:23 baseweed-admin dbus-run-session[1024]:   INFO qml: [20261004-061223]         VMApps service started
Oct 04 06:12:23 baseweed-admin dbus-run-session[1024]:   INFO qml: [20261004-061223]      Tier3Apps service started
Oct 04 06:12:23 baseweed-admin dbus-run-session[1024]:   INFO qml: [20261004-061223]     Tier3sApps service started
Oct 04 06:12:23 baseweed-admin dbus-run-session[1024]:   INFO qml: [20261004-061223]      Tier4Apps service started
Oct 04 06:12:23 baseweed-admin dbus-run-session[1024]:   INFO qml: [20261004-061223] RemoteMachineW service started
Oct 04 06:12:23 baseweed-admin dbus-run-session[1024]:   INFO qml: [20261004-061223]  Tier3FocusIPC service started
Oct 04 06:12:23 baseweed-admin dbus-run-session[1024]:   WARN quickshell.dbus: Could not launch service org.freedesktop.UPower.PowerProfiles: QDBusError(org.freedesktop.DBus.Error.ServiceUnknown, The name is not activatable)
Oct 04 06:12:23 baseweed-admin dbus-run-session[1024]:   WARN quickshell.service.powerprofiles: Could not start PowerProfilesDaemon. The PowerProfiles service will not work.
Oct 04 06:12:23 baseweed-admin dbus-run-session[1024]:   INFO qml: [20261004-061223]          Qdwin qdwin_shell_v1 bound v34
Oct 04 06:12:23 baseweed-admin dbus-run-session[1024]:   INFO qml: [20261004-061223]  ClipboardGate wired to qdwin_shell_v1; broker default=deny
Oct 04 06:12:23 baseweed-admin dbus-run-session[1024]:   INFO qml: [20261004-061223] WindowManagerS applied WM policy focus=click placement=smart snap=true/16
Oct 04 06:12:23 baseweed-admin dbus-run-session[1024]:   INFO qml: [20261004-061223] CapabilityServ wmPolicy -> true
Oct 04 06:12:23 baseweed-admin dbus-run-session[1024]:   INFO qml: [20261004-061223] WindowManagerS registered WM shortcuts (5 active)
Oct 04 06:12:23 baseweed-admin dbus-run-session[1024]:   INFO qml: [20261004-061223] CapabilityServ keybindRegistration -> true
Oct 04 06:12:23 baseweed-admin dbus-run-session[1024]:   INFO qml: [20261004-061223] PointerInputSe applied pointer config accelSpeed=0 profile=0 natural=0 tap=1 scroll=1
Oct 04 06:12:23 baseweed-admin dbus-run-session[1024]:   INFO qml: [20261004-061223] CapabilityServ pointerConfig -> true
Oct 04 06:12:23 baseweed-admin dbus-run-session[1024]:   INFO qml: [20261004-061223]  KeyboardInput applied qdwin key-repeat rate=25 delay=500
Oct 04 06:12:23 baseweed-admin dbus-run-session[1024]:   INFO qml: [20261004-061223] CapabilityServ xkbRepeat -> true
Oct 04 06:12:23 baseweed-admin dbus-run-session[1024]:   INFO qml: [20261004-061223]   PowerService idle policy armed: inactivity=0ms (nothing), displayOff=0ms, presentation=false
Oct 04 06:12:23 baseweed-admin dbus-run-session[1024]:   INFO qml: [20261004-061223] CapabilityServ idleDpms -> true
Oct 04 06:12:23 baseweed-admin dbus-run-session[1024]:   INFO qml: [20261004-061223] CapabilityServ outputManagement -> true
Oct 04 06:12:23 baseweed-admin dbus-run-session[1024]:   WARN qml: [20261004-061223]       Location Weather is still fetching
Oct 04 06:12:23 baseweed-admin dbus-run-session[1024]:   WARN quickshell.dbus: Could not launch service org.freedesktop.UPower: QDBusError(org.freedesktop.DBus.Error.ServiceUnknown, The name is not activatable)
Oct 04 06:12:23 baseweed-admin dbus-run-session[1024]:   WARN quickshell.service.upower: Could not start UPower. The UPower service will not work.
Oct 04 06:12:23 baseweed-admin dbus-run-session[1024]:   INFO qml: [20261004-061223]    HostService resolved hostname baseweed-admin
Oct 04 06:12:23 baseweed-admin dbus-run-session[1024]:   INFO qml: [20261004-061223]    HostService Detected openSUSE Tumbleweed
Oct 04 06:12:23 baseweed-admin dbus-run-session[1024]:   INFO qml: [20261004-061223]    HostService Looking for logo icon: distributor-logo-Tumbleweed
Oct 04 06:12:23 baseweed-admin dbus-run-session[1024]:   WARN: Process failed to start, likely because the binary could not be found. Command: QList("bluetoothctl", "show")
Oct 04 06:12:23 baseweed-admin dbus-run-session[1024]:   WARN: Process failed to start, likely because the binary could not be found. Command: QList("udisksctl", "monitor")
Oct 04 06:12:23 baseweed-admin dbus-run-session[1024]:  ERROR qml: [20261004-061223]       Location Geocoding error: 0
Oct 04 06:12:23 baseweed-admin dbus-run-session[1024]:   WARN scene: QML Connections at qs:/usr/share/quickshell/qdshell/Modules/Bar/Widgets/Taskbar.qml[981:3]: Detected function "onPinnedAppsChanged" in Connections element. This is probably intended to be a signal handler but no signal of the target matches the name.
Oct 04 06:12:23 baseweed-admin dbus-run-session[1024]:   WARN scene: QML Connections at qs:/usr/share/quickshell/qdshell/Modules/Bar/Widgets/Taskbar.qml[981:3]: Detected function "onPinnedAppsChanged" in Connections element. This is probably intended to be a signal handler but no signal of the target matches the name.
Oct 04 06:12:23 baseweed-admin dbus-run-session[1024]:   WARN scene: QML Connections at qs:/usr/share/quickshell/qdshell/Modules/Bar/Widgets/Taskbar.qml[981:3]: Detected function "onPinnedAppsChanged" in Connections element. This is probably intended to be a signal handler but no signal of the target matches the name.
Oct 04 06:12:23 baseweed-admin dbus-run-session[1024]:   WARN: Could not load icon "user-desktop?fallback=application-x-executable" at size QSize(19, 19) from request
Oct 04 06:12:23 baseweed-admin dbus-run-session[1024]:   WARN: Could not load icon "user-desktop?fallback=application-x-executable" at size QSize(2, 2) from request
Oct 04 06:12:23 baseweed-admin dbus-run-session[1024]:   WARN: Could not load icon "user-desktop?fallback=application-x-executable" at size QSize(2, 2) from request
Oct 04 06:12:23 baseweed-admin dbus-run-session[1024]:   WARN scene: qs:/usr/share/quickshell/qdshell/Modules/Bar/Widgets/Taskbar.qml[982:5]: Unable to assign QJSValue to QObject*
Oct 04 06:12:23 baseweed-admin dbus-run-session[1024]:   WARN scene: qs:/usr/share/quickshell/qdshell/Modules/Bar/Widgets/Taskbar.qml[982:5]: Unable to assign QJSValue to QObject*
Oct 04 06:12:23 baseweed-admin dbus-run-session[1024]:   WARN scene: qs:/usr/share/quickshell/qdshell/Modules/Bar/Widgets/Taskbar.qml[982:5]: Unable to assign QJSValue to QObject*
Oct 04 06:12:23 baseweed-admin dbus-run-session[1024]:   WARN scene: @Services/Control/HooksService.qml[17:5]: Unable to assign QJSValue to QObject*
Oct 04 06:12:23 baseweed-admin dbus-run-session[1024]:   WARN scene: @Services/Location/NightLightService.qml[97:5]: Unable to assign QJSValue to QObject*
Oct 04 06:12:23 baseweed-admin dbus-run-session[1024]:   INFO qml: [20261004-061223] PluginRegistry All plugin manifests loaded. Total plugins: 0
Oct 04 06:12:23 baseweed-admin dbus-run-session[1024]:   INFO qml: [20261004-061223]  PluginService Initializing plugin system
Oct 04 06:12:23 baseweed-admin dbus-run-session[1024]:   INFO qml: [20261004-061223]  PluginService Found 0 enabled plugins: []
Oct 04 06:12:23 baseweed-admin dbus-run-session[1024]:   INFO qml: [20261004-061223]  PluginService No plugins to load
Oct 04 06:12:23 baseweed-admin dbus-run-session[1024]:   INFO qml: [20261004-061223]  PluginService Refreshing available plugins
Oct 04 06:12:23 baseweed-admin dbus-run-session[1024]:   WARN qml: [20261004-061223]     ImageCache ImageMagick not found, using Qt fallback
Oct 04 06:12:23 baseweed-admin dbus-run-session[1024]:   WARN qml: [20261004-061223]      Wallpaper Scan failed for Virtual-1 exit code: 1 (directory might not exist)
Oct 04 06:12:23 baseweed-admin dbus-run-session[1024]:   WARN qml: [20261004-061223]      Wallpaper Scan failed for pipewire-0 exit code: 1 (directory might not exist)
Oct 04 06:12:23 baseweed-admin dbus-run-session[1024]:   WARN qml: [20261004-061223]      Wallpaper Scan failed for pipewire-1 exit code: 1 (directory might not exist)
Oct 04 06:12:23 baseweed-admin dbus-run-session[1024]:   WARN qml: [20261004-061223]   PowerService Button monitor unavailable (exit 1); releasing key inhibitors, logind will handle power/sleep keys
Oct 04 06:12:23 baseweed-admin dbus-run-session[1024]:   INFO qml: [20261004-061223]  KeyboardInput applied qdwin key-repeat rate=25 delay=500
Oct 04 06:12:23 baseweed-admin dbus-run-session[1024]:   INFO qml: [20261004-061223] PointerInputSe enumerated 3 pointer device(s) via proc
Oct 04 06:12:23 baseweed-admin dbus-run-session[1024]:   INFO qml: [20261004-061223]        PodApps cache refresh loaded 0 apps
Oct 04 06:12:24 baseweed-admin dbus-run-session[1024]:   INFO qml: [20261004-061224]    ColorScheme Applying color scheme: Qdshell (default)
Oct 04 06:12:24 baseweed-admin dbus-run-session[1024]:   INFO qml: [20261004-061224]        PodApps cache refresh loaded 0 apps
Oct 04 06:12:24 baseweed-admin dbus-run-session[1024]:   WARN qml: [20261004-061224]     SystemStat No supported temperature sensor found
Oct 04 06:12:24 baseweed-admin dbus-run-session[1024]:  ERROR qml: [20261004-061224]  PluginService Empty response from Qdshell Plugins
Oct 04 06:12:24 baseweed-admin dbus-run-session[1024]:  ERROR qml: [20261004-061224]  PluginService Failed to fetch registry from Qdshell Plugins - exit code: 1
Oct 04 06:12:25 baseweed-admin dbus-run-session[1024]:   INFO qml: [20261004-061225]           Font Service started
Oct 04 06:12:25 baseweed-admin dbus-run-session[1024]:   INFO qml: [20261004-061225]           Font Loaded 11 fonts, 3 monospace
Oct 04 06:12:25 baseweed-admin dbus-run-session[1024]:   WARN: Process failed to start, likely because the binary could not be found. Command: QList("bluetoothctl", "show")
Oct 04 06:12:42 baseweed-admin dbus-run-session[1024]:   INFO qml: [20261004-061242]           Time Time jump detected (17s) - likely system resume
Oct 04 06:12:42 baseweed-admin dbus-run-session[1024]:   INFO qml: [20261004-061242]        Network System resumed - forcing state poll
Oct 04 06:12:42 baseweed-admin dbus-run-session[1024]:   INFO qml: [20261004-061242]     SystemStat System resumed - resetting differential state
Oct 04 06:12:42 baseweed-admin dbus-run-session[1024]:   INFO qml: [20261004-061242] DarkModeServic System resumed - re-evaluating dark mode
Oct 04 06:12:42 baseweed-admin dbus-run-session[1024]:   INFO qml: [20261004-061242]     NightLight System resumed - re-applying night light
Oct 04 06:12:42 baseweed-admin dbus-run-session[1024]:   INFO qml: [20261004-061242]      Bluetooth System resumed - forcing state poll
Oct 04 06:12:43 baseweed-admin dbus-run-session[1024]:   WARN qml: [20261004-061243]        Network Connectivity check error: Error: Not authorized to recheck connectivity.
Oct 04 06:12:43 baseweed-admin dbus-run-session[1024]:   WARN: Process failed to start, likely because the binary could not be found. Command: QList("bluetoothctl", "show")
Oct 04 06:12:44 baseweed-admin dbus-run-session[1024]:   INFO qml: [20261004-061244] DarkModeServic Resume retry - re-evaluating dark mode again
Oct 04 06:12:44 baseweed-admin dbus-run-session[1024]:   INFO qml: [20261004-061244]     NightLight Resume retry - re-applying night light again
Oct 04 06:12:45 baseweed-admin dbus-run-session[1024]:   WARN: Process failed to start, likely because the binary could not be found. Command: QList("bluetoothctl", "show")
Oct 04 06:12:47 baseweed-admin dbus-run-session[1024]:   WARN: Process failed to start, likely because the binary could not be found. Command: QList("bluetoothctl", "show")
Oct 04 06:12:49 baseweed-admin dbus-run-session[1024]:   WARN: Process failed to start, likely because the binary could not be found. Command: QList("bluetoothctl", "show")
Oct 04 06:12:51 baseweed-admin dbus-run-session[1024]:   WARN: Process failed to start, likely because the binary could not be found. Command: QList("bluetoothctl", "show")
Oct 04 06:12:53 baseweed-admin dbus-run-session[1024]:   WARN: Process failed to start, likely because the binary could not be found. Command: QList("bluetoothctl", "show")
Oct 04 06:12:55 baseweed-admin dbus-run-session[1024]:   WARN: Process failed to start, likely because the binary could not be found. Command: QList("bluetoothctl", "show")
Oct 04 06:12:55 baseweed-admin dbus-run-session[1024]:   WARN qml: [20261004-061255]        Network Connectivity check error: Error: Not authorized to recheck connectivity.
Oct 04 06:12:57 baseweed-admin dbus-run-session[1024]:   WARN: Process failed to start, likely because the binary could not be found. Command: QList("bluetoothctl", "show")
Oct 04 06:12:59 baseweed-admin dbus-run-session[1024]:   WARN: Process failed to start, likely because the binary could not be found. Command: QList("bluetoothctl", "show")
Oct 04 06:12:59 baseweed-admin dbus-run-session[1024]:   WARN qml: [20261004-061259]       Location Weather is still fetching
Oct 04 06:12:59 baseweed-admin dbus-run-session[1024]:  ERROR qml: [20261004-061259]       Location Geocoding error: 0
Oct 04 06:13:01 baseweed-admin dbus-run-session[1024]:   WARN: Process failed to start, likely because the binary could not be found. Command: QList("bluetoothctl", "show")
Oct 04 06:13:03 baseweed-admin dbus-run-session[1024]:   WARN: Process failed to start, likely because the binary could not be found. Command: QList("bluetoothctl", "show")
Oct 04 06:13:05 baseweed-admin dbus-run-session[1024]:   WARN: Process failed to start, likely because the binary could not be found. Command: QList("bluetoothctl", "show")
Oct 04 06:13:07 baseweed-admin dbus-run-session[1024]:   WARN: Process failed to start, likely because the binary could not be found. Command: QList("bluetoothctl", "show")
Oct 04 06:13:09 baseweed-admin dbus-run-session[1024]:   WARN: Process failed to start, likely because the binary could not be found. Command: QList("bluetoothctl", "show")
Oct 04 06:13:09 baseweed-admin dbus-run-session[1024]:   INFO qml: [20261004-061309]        PodApps cache refresh loaded 0 apps
Oct 04 06:13:10 baseweed-admin dbus-run-session[1024]:   WARN qml: [20261004-061310]        Network Connectivity check error: Error: Not authorized to recheck connectivity.
Oct 04 06:13:10 baseweed-admin dbus-run-session[1024]:   INFO qml: [20261004-061310]          Qdwin toplevel_security_context handle=1 engine=qdistro.tier3s app_id=qdistro.tier3s.s127a instance=8bb1c2b3bc2bb095592fba9dc79c0e92
Oct 04 06:13:10 baseweed-admin dbus-run-session[1024]:   INFO qml: [20261004-061310]     Tier3sApps [tier3s] toplevel observed silo=s127a secctx=qdistro.tier3s.s127a color=#ffe54c handle=1
Oct 04 06:13:10 baseweed-admin dbus-run-session[1024]:   INFO qml: [20261004-061310]     Tier3sApps [tier3s] silo=s127a color=#ffe54c
Oct 04 06:13:10 baseweed-admin dbus-run-session[1024]:   WARN: Could not load icon "org.freedesktop.weston.wayland-terminal?fallback=application-x-executable" at size QSize(19, 19) from request
Oct 04 06:13:11 baseweed-admin dbus-run-session[1024]:   WARN: Process failed to start, likely because the binary could not be found. Command: QList("bluetoothctl", "show")
Oct 04 06:13:13 baseweed-admin dbus-run-session[1024]:   INFO qml: [20261004-061313]        PodApps auto-scan: qdistro-tier3s-s127a transitioned to running
Oct 04 06:13:13 baseweed-admin dbus-run-session[1024]:   WARN: Process failed to start, likely because the binary could not be found. Command: QList("bluetoothctl", "show")
Oct 04 06:13:14 baseweed-admin dbus-run-session[1024]:   INFO qml: [20261004-061314]          Qdwin toplevel_security_context handle=2 engine=qdistro.tier3s app_id=qdistro.tier3s.s127b instance=3b2baae8dd73535ca8fb07d3cb245473
Oct 04 06:13:14 baseweed-admin dbus-run-session[1024]:   INFO qml: [20261004-061314]     Tier3sApps [tier3s] toplevel observed silo=s127b secctx=qdistro.tier3s.s127b color=#64b5f6 handle=2
Oct 04 06:13:14 baseweed-admin dbus-run-session[1024]:   INFO qml: [20261004-061314]     Tier3sApps [tier3s] silo=s127b color=#64b5f6
Oct 04 06:13:14 baseweed-admin dbus-run-session[1024]:   INFO qml: [20261004-061314]  Tier3FocusIPC findSiloHandle silo=s127a → HANDLE=1
Oct 04 06:13:15 baseweed-admin dbus-run-session[1024]:   INFO qml: [20261004-061315]  Tier3FocusIPC findSiloHandle silo=s127b → HANDLE=2
Oct 04 06:13:15 baseweed-admin dbus-run-session[1024]:   INFO qml: [20261004-061315]  Tier3FocusIPC injectFocus handle=2 seat=default
Oct 04 06:13:15 baseweed-admin dbus-run-session[1024]:   INFO qml: [20261004-061315]          Qdwin ipc injectFocus handle=2 seat=default
Oct 04 06:13:15 baseweed-admin dbus-run-session[1024]:   INFO qml: [20261004-061315]  ClipboardGate CLIPBOARD_GATE seat=default src_silo=s127a dst_silo=s127b mime_types=text/plain verdict=deny reason=broker:deny
Oct 04 06:13:15 baseweed-admin dbus-run-session[1024]:   INFO qml: [20261004-061315]  ClipboardGate CLIPBOARD_GATE seat=default src_silo=s127a dst_silo=s127b mime_types=text/plain verdict=deny reason=broker:deny
Oct 04 06:13:15 baseweed-admin dbus-run-session[1024]:   INFO qml: [20261004-061315]  ClipboardGate CLIPBOARD_GATE seat=default src_silo=s127a dst_silo=s127b mime_types=text/plain verdict=deny reason=broker:deny
Oct 04 06:13:15 baseweed-admin dbus-run-session[1024]:   INFO qml: [20261004-061315]  ClipboardGate CLIPBOARD_GATE seat=default src_silo=s127b dst_silo=s127b mime_types=text/plain verdict=deny reason=broker:deny
Oct 04 06:13:15 baseweed-admin podman[5592]: 2026-10-04 06:13:15.286706307 +0000 UTC m=+0.119325307 container exec 67421b1599c90257776ff54fbbb78075c6cc6f8fa3b7515b6dbee1e5ff78a57a (image=localhost/qdistro/tier3s-weston-terminal:latest, name=qdistro-tier3s-s127a, org.opencontainers.image.url=https://www.opensuse.org, org.opensuse.base.vendor=openSUSE Project, org.opensuse.base.version=20260930.37.208, io.buildah.version=1.44.1, org.opencontainers.image.vendor=openSUSE Project, qdistro_tier3s_unit=qdistro-tier3s-silo@s127a.service, org.opensuse.base.url=https://www.opensuse.org, org.opencontainers.image.description=Image containing a minimal environment for containers based on openSUSE Tumbleweed., org.opencontainers.image.version=20260930.37.208, org.opensuse.base.created=2026-09-30T20:05:54.126624488Z, org.qdistro.snapshot=20260930, org.opencontainers.image.source=https://build.opensuse.org/package/show/openSUSE:Factory/opensuse-tumbleweed-image?rev=561f9d4c8e4e1a441f95ad4ec6b5a914, org.opensuse.base.title=openSUSE Tumbleweed Base Container, org.opencontainers.image.created=2026-09-30T20:05:54.126624488Z, org.opensuse.base.lifecycle-url=https://en.opensuse.org/Lifetime, org.opensuse.base.source=https://build.opensuse.org/package/show/openSUSE:Factory/opensuse-tumbleweed-image?rev=561f9d4c8e4e1a441f95ad4ec6b5a914, org.qdistro.tier3s.workload=weston-terminal, org.opensuse.base.description=Image containing a minimal environment for containers based on openSUSE Tumbleweed., org.opensuse.base.reference=registry.opensuse.org/opensuse/tumbleweed:20260930.37.208, org.openbuildservice.disturl=obs://build.opensuse.org/openSUSE:Factory/images/561f9d4c8e4e1a441f95ad4ec6b5a914-opensuse-tumbleweed-image:docker, org.opensuse.reference=registry.opensuse.org/opensuse/tumbleweed:20260930.37.208, org.opencontainers.image.title=openSUSE Tumbleweed Base Container, org.opensuse.lifecycle-url=https://en.opensuse.org/Lifetime, qdistro_tier3s_token=8bb1c2b3bc2bb095592fba9dc79c0e92, org.opensuse.base.disturl=obs://build.opensuse.org/openSUSE:Factory/images/561f9d4c8e4e1a441f95ad4ec6b5a914-opensuse-tumbleweed-image:docker)
Oct 04 06:13:15 baseweed-admin conmon[5605]: conmon 67421b1599c90257776f <nwarn>: Failed to open cgroups file: /sys/fs/cgroup/user.slice/user-1000.slice/user@1000.service/app.slice/qdshell.service/memory.events
Oct 04 06:13:15 baseweed-admin dbus-run-session[1024]:   INFO qml: [20261004-061315]  ClipboardGate CLIPBOARD_GATE seat=default src_silo=s127b dst_silo=s127b mime_types=text/plain verdict=deny reason=broker:deny
Oct 04 06:13:15 baseweed-admin dbus-run-session[1024]:   INFO qml: [20261004-061315]  ClipboardGate CLIPBOARD_GATE seat=default src_silo=s127b dst_silo=s127b mime_types=text/plain verdict=deny reason=broker:deny
Oct 04 06:13:15 baseweed-admin podman[5622]: 2026-10-04 06:13:15.350429358 +0000 UTC m=+0.042129821 container exec_died 67421b1599c90257776ff54fbbb78075c6cc6f8fa3b7515b6dbee1e5ff78a57a (image=localhost/qdistro/tier3s-weston-terminal:latest, name=qdistro-tier3s-s127a, org.opensuse.base.url=https://www.opensuse.org, org.opensuse.base.vendor=openSUSE Project, org.opensuse.lifecycle-url=https://en.opensuse.org/Lifetime, org.opencontainers.image.source=https://build.opensuse.org/package/show/openSUSE:Factory/opensuse-tumbleweed-image?rev=561f9d4c8e4e1a441f95ad4ec6b5a914, org.opencontainers.image.vendor=openSUSE Project, org.opencontainers.image.created=2026-09-30T20:05:54.126624488Z, org.opensuse.base.created=2026-09-30T20:05:54.126624488Z, qdistro_tier3s_unit=qdistro-tier3s-silo@s127a.service, org.opencontainers.image.version=20260930.37.208, org.opensuse.base.source=https://build.opensuse.org/package/show/openSUSE:Factory/opensuse-tumbleweed-image?rev=561f9d4c8e4e1a441f95ad4ec6b5a914, org.opensuse.base.disturl=obs://build.opensuse.org/openSUSE:Factory/images/561f9d4c8e4e1a441f95ad4ec6b5a914-opensuse-tumbleweed-image:docker, org.openbuildservice.disturl=obs://build.opensuse.org/openSUSE:Factory/images/561f9d4c8e4e1a441f95ad4ec6b5a914-opensuse-tumbleweed-image:docker, org.opensuse.base.title=openSUSE Tumbleweed Base Container, org.opensuse.base.version=20260930.37.208, io.buildah.version=1.44.1, execID=ba772e2a61e994c2d71c54efcf127e712ebff6bbd5243fb200208b76e7c97bab, org.opensuse.base.reference=registry.opensuse.org/opensuse/tumbleweed:20260930.37.208, org.qdistro.snapshot=20260930, org.qdistro.tier3s.workload=weston-terminal, org.opencontainers.image.description=Image containing a minimal environment for containers based on openSUSE Tumbleweed., org.opensuse.base.description=Image containing a minimal environment for containers based on openSUSE Tumbleweed., org.opensuse.reference=registry.opensuse.org/opensuse/tumbleweed:20260930.37.208, org.opensuse.base.lifecycle-url=https://en.opensuse.org/Lifetime, qdistro_tier3s_token=8bb1c2b3bc2bb095592fba9dc79c0e92, org.opencontainers.image.title=openSUSE Tumbleweed Base Container, org.opencontainers.image.url=https://www.opensuse.org)
Oct 04 06:13:15 baseweed-admin podman[5592]: 2026-10-04 06:13:15.426887873 +0000 UTC m=+0.259506873 container exec_died 67421b1599c90257776ff54fbbb78075c6cc6f8fa3b7515b6dbee1e5ff78a57a (image=localhost/qdistro/tier3s-weston-terminal:latest, name=qdistro-tier3s-s127a, qdistro_tier3s_unit=qdistro-tier3s-silo@s127a.service, org.openbuildservice.disturl=obs://build.opensuse.org/openSUSE:Factory/images/561f9d4c8e4e1a441f95ad4ec6b5a914-opensuse-tumbleweed-image:docker, org.opencontainers.image.source=https://build.opensuse.org/package/show/openSUSE:Factory/opensuse-tumbleweed-image?rev=561f9d4c8e4e1a441f95ad4ec6b5a914, org.opensuse.reference=registry.opensuse.org/opensuse/tumbleweed:20260930.37.208, execID=ba772e2a61e994c2d71c54efcf127e712ebff6bbd5243fb200208b76e7c97bab, org.opencontainers.image.version=20260930.37.208, org.qdistro.tier3s.workload=weston-terminal, org.opensuse.base.disturl=obs://build.opensuse.org/openSUSE:Factory/images/561f9d4c8e4e1a441f95ad4ec6b5a914-opensuse-tumbleweed-image:docker, org.opensuse.base.url=https://www.opensuse.org, org.opensuse.base.version=20260930.37.208, org.opensuse.base.created=2026-09-30T20:05:54.126624488Z, org.opensuse.base.source=https://build.opensuse.org/package/show/openSUSE:Factory/opensuse-tumbleweed-image?rev=561f9d4c8e4e1a441f95ad4ec6b5a914, org.qdistro.snapshot=20260930, org.opensuse.base.description=Image containing a minimal environment for containers based on openSUSE Tumbleweed., org.opensuse.lifecycle-url=https://en.opensuse.org/Lifetime, org.opensuse.base.title=openSUSE Tumbleweed Base Container, org.opencontainers.image.title=openSUSE Tumbleweed Base Container, org.opensuse.base.vendor=openSUSE Project, org.opensuse.base.lifecycle-url=https://en.opensuse.org/Lifetime, io.buildah.version=1.44.1, org.opensuse.base.reference=registry.opensuse.org/opensuse/tumbleweed:20260930.37.208, qdistro_tier3s_token=8bb1c2b3bc2bb095592fba9dc79c0e92, org.opencontainers.image.url=https://www.opensuse.org, org.opencontainers.image.created=2026-09-30T20:05:54.126624488Z, org.opencontainers.image.description=Image containing a minimal environment for containers based on openSUSE Tumbleweed., org.opencontainers.image.vendor=openSUSE Project)
Oct 04 06:13:15 baseweed-admin dbus-run-session[1024]:   INFO qml: [20261004-061315]  ClipboardGate CLIPBOARD_GATE seat=default src_silo=s127b dst_silo=s127b mime_types=text/plain verdict=deny reason=broker:deny
Oct 04 06:13:15 baseweed-admin dbus-run-session[1024]:   WARN: Process failed to start, likely because the binary could not be found. Command: QList("bluetoothctl", "show")
Oct 04 06:13:15 baseweed-admin dbus-run-session[1024]:   INFO qml: [20261004-061315]  ClipboardGate tier3s mime-strip src_app=qdistro.tier3s.s127a before=1 after=0
Oct 04 06:13:15 baseweed-admin dbus-run-session[1024]:   INFO qml: [20261004-061315]  ClipboardGate CLIPBOARD_GATE seat=default src_silo=s127a dst_silo=s127b mime_types= verdict=deny reason=tier3s-no-allowed-mimes
Oct 04 06:13:15 baseweed-admin dbus-run-session[1024]:   INFO qml: [20261004-061315]  ClipboardGate tier3s mime-strip src_app=qdistro.tier3s.s127a before=1 after=0
Oct 04 06:13:15 baseweed-admin dbus-run-session[1024]:   INFO qml: [20261004-061315]  ClipboardGate CLIPBOARD_GATE seat=default src_silo=s127a dst_silo=s127b mime_types= verdict=deny reason=tier3s-no-allowed-mimes
Oct 04 06:13:15 baseweed-admin dbus-run-session[1024]:   INFO qml: [20261004-061315]  ClipboardGate tier3s mime-strip src_app=qdistro.tier3s.s127a before=1 after=0
Oct 04 06:13:15 baseweed-admin dbus-run-session[1024]:   INFO qml: [20261004-061315]  ClipboardGate CLIPBOARD_GATE seat=default src_silo=s127a dst_silo=s127b mime_types= verdict=deny reason=tier3s-no-allowed-mimes
Oct 04 06:13:15 baseweed-admin dbus-run-session[1024]:   INFO qml: [20261004-061315]  ClipboardGate tier3s mime-strip src_app=qdistro.tier3s.s127b before=1 after=0
Oct 04 06:13:15 baseweed-admin dbus-run-session[1024]:   INFO qml: [20261004-061315]  ClipboardGate CLIPBOARD_GATE seat=default src_silo=s127b dst_silo=s127b mime_types= verdict=deny reason=tier3s-no-allowed-mimes
Oct 04 06:13:15 baseweed-admin dbus-run-session[1024]:   INFO qml: [20261004-061315]  ClipboardGate tier3s mime-strip src_app=qdistro.tier3s.s127b before=1 after=0
Oct 04 06:13:15 baseweed-admin dbus-run-session[1024]:   INFO qml: [20261004-061315]  ClipboardGate CLIPBOARD_GATE seat=default src_silo=s127b dst_silo=s127b mime_types= verdict=deny reason=tier3s-no-allowed-mimes
Oct 04 06:13:15 baseweed-admin dbus-run-session[1024]:   INFO qml: [20261004-061315]  ClipboardGate tier3s mime-strip src_app=qdistro.tier3s.s127b before=1 after=0
Oct 04 06:13:15 baseweed-admin dbus-run-session[1024]:   INFO qml: [20261004-061315]  ClipboardGate CLIPBOARD_GATE seat=default src_silo=s127b dst_silo=s127b mime_types= verdict=deny reason=tier3s-no-allowed-mimes
Oct 04 06:13:15 baseweed-admin dbus-run-session[1024]:   INFO qml: [20261004-061315]  ClipboardGate tier3s mime-strip src_app=qdistro.tier3s.s127b before=1 after=0
Oct 04 06:13:15 baseweed-admin dbus-run-session[1024]:   INFO qml: [20261004-061315]  ClipboardGate CLIPBOARD_GATE seat=default src_silo=s127b dst_silo=s127b mime_types= verdict=deny reason=tier3s-no-allowed-mimes
Oct 04 06:13:16 baseweed-admin dbus-run-session[1024]:   INFO qml: [20261004-061316]        PodApps auto-scan: qdistro-tier3s-s127b transitioned to running
Oct 04 06:13:16 baseweed-admin dbus-run-session[1024]:   INFO qml: [20261004-061316]        PodApps cache refresh loaded 0 apps
Oct 04 06:13:16 baseweed-admin dbus-run-session[1024]:   INFO qml: [20261004-061316]  ClipboardGate CLIPBOARD_GATE seat=default src_silo=s127a dst_silo=s127b mime_types=text/plain verdict=allow reason=broker:allow
Oct 04 06:13:16 baseweed-admin dbus-run-session[1024]:   INFO qml: [20261004-061316]  ClipboardGate CLIPBOARD_GATE seat=default src_silo=s127a dst_silo=s127b mime_types=text/plain verdict=allow reason=broker:allow
Oct 04 06:13:16 baseweed-admin dbus-run-session[1024]:   INFO qml: [20261004-061316]  ClipboardGate CLIPBOARD_GATE seat=default src_silo=s127a dst_silo=s127b mime_types=text/plain verdict=allow reason=broker:allow
Oct 04 06:13:16 baseweed-admin dbus-run-session[1024]:   INFO qml: [20261004-061316]  Tier3FocusIPC injectFocus handle=2 seat=default
Oct 04 06:13:16 baseweed-admin dbus-run-session[1024]:   INFO qml: [20261004-061316]          Qdwin ipc injectFocus handle=2 seat=default
Oct 04 06:13:16 baseweed-admin dbus-run-session[1024]:   INFO qml: [20261004-061316]  ClipboardGate CLIPBOARD_GATE seat=default src_silo=s127b dst_silo=s127b mime_types=text/plain verdict=deny reason=broker:deny
Oct 04 06:13:16 baseweed-admin dbus-run-session[1024]:   INFO qml: [20261004-061316]  ClipboardGate CLIPBOARD_GATE seat=default src_silo=s127b dst_silo=s127b mime_types=text/plain verdict=deny reason=broker-unavailable
Oct 04 06:13:17 baseweed-admin dbus-run-session[1024]:   INFO qml: [20261004-061317]  ClipboardGate CLIPBOARD_GATE seat=default src_silo=s127b dst_silo=s127b mime_types=text/plain verdict=deny reason=broker-unavailable
Oct 04 06:13:17 baseweed-admin dbus-run-session[1024]:   INFO qml: [20261004-061317]  ClipboardGate CLIPBOARD_GATE seat=default src_silo=s127b dst_silo=s127b mime_types=text/plain verdict=deny reason=broker-unavailable
Oct 04 06:13:17 baseweed-admin dbus-run-session[1024]:   INFO qml: [20261004-061317]  ClipboardGate CLIPBOARD_GATE seat=default src_silo=s127b dst_silo=s127b mime_types=text/plain verdict=deny reason=broker:deny
Oct 04 06:13:17 baseweed-admin dbus-run-session[1024]:   INFO qml: [20261004-061317]  ClipboardGate CLIPBOARD_GATE seat=default src_silo=s127b dst_silo=s127b mime_types=text/plain verdict=deny reason=broker:deny
Oct 04 06:13:17 baseweed-admin dbus-run-session[1024]:   WARN: Process failed to start, likely because the binary could not be found. Command: QList("bluetoothctl", "show")
Oct 04 06:13:18 baseweed-admin podman[5840]: 2026-10-04 06:13:18.367489633 +0000 UTC m=+0.121625600 container exec 1102d42ca41716c428ab0eae7f32fd39abbecf7c1dcc63ac6548f7ea018726b1 (image=localhost/qdistro/tier3s-weston-terminal:latest, name=qdistro-tier3s-s127b, org.opensuse.base.vendor=openSUSE Project, org.opensuse.lifecycle-url=https://en.opensuse.org/Lifetime, org.opencontainers.image.title=openSUSE Tumbleweed Base Container, org.qdistro.snapshot=20260930, org.qdistro.tier3s.workload=weston-terminal, org.openbuildservice.disturl=obs://build.opensuse.org/openSUSE:Factory/images/561f9d4c8e4e1a441f95ad4ec6b5a914-opensuse-tumbleweed-image:docker, org.opensuse.base.disturl=obs://build.opensuse.org/openSUSE:Factory/images/561f9d4c8e4e1a441f95ad4ec6b5a914-opensuse-tumbleweed-image:docker, org.opensuse.reference=registry.opensuse.org/opensuse/tumbleweed:20260930.37.208, qdistro_tier3s_unit=qdistro-tier3s-silo@s127b.service, org.opencontainers.image.description=Image containing a minimal environment for containers based on openSUSE Tumbleweed., org.opencontainers.image.source=https://build.opensuse.org/package/show/openSUSE:Factory/opensuse-tumbleweed-image?rev=561f9d4c8e4e1a441f95ad4ec6b5a914, org.opencontainers.image.url=https://www.opensuse.org, org.opensuse.base.created=2026-09-30T20:05:54.126624488Z, org.opensuse.base.version=20260930.37.208, org.opencontainers.image.version=20260930.37.208, org.opensuse.base.url=https://www.opensuse.org, io.buildah.version=1.44.1, org.opensuse.base.source=https://build.opensuse.org/package/show/openSUSE:Factory/opensuse-tumbleweed-image?rev=561f9d4c8e4e1a441f95ad4ec6b5a914, org.opensuse.base.reference=registry.opensuse.org/opensuse/tumbleweed:20260930.37.208, org.opencontainers.image.created=2026-09-30T20:05:54.126624488Z, org.opencontainers.image.vendor=openSUSE Project, org.opensuse.base.description=Image containing a minimal environment for containers based on openSUSE Tumbleweed., org.opensuse.base.lifecycle-url=https://en.opensuse.org/Lifetime, org.opensuse.base.title=openSUSE Tumbleweed Base Container, qdistro_tier3s_token=3b2baae8dd73535ca8fb07d3cb245473)
Oct 04 06:13:18 baseweed-admin conmon[5851]: conmon 1102d42ca41716c428ab <nwarn>: Failed to open cgroups file: /sys/fs/cgroup/user.slice/user-1000.slice/user@1000.service/app.slice/qdshell.service/memory.events
Oct 04 06:13:18 baseweed-admin podman[5840]: 2026-10-04 06:13:18.394683743 +0000 UTC m=+0.148819690 container exec_died 1102d42ca41716c428ab0eae7f32fd39abbecf7c1dcc63ac6548f7ea018726b1 (image=localhost/qdistro/tier3s-weston-terminal:latest, name=qdistro-tier3s-s127b, org.opencontainers.image.vendor=openSUSE Project, org.opensuse.base.disturl=obs://build.opensuse.org/openSUSE:Factory/images/561f9d4c8e4e1a441f95ad4ec6b5a914-opensuse-tumbleweed-image:docker, org.qdistro.snapshot=20260930, io.buildah.version=1.44.1, org.opencontainers.image.created=2026-09-30T20:05:54.126624488Z, org.opencontainers.image.source=https://build.opensuse.org/package/show/openSUSE:Factory/opensuse-tumbleweed-image?rev=561f9d4c8e4e1a441f95ad4ec6b5a914, org.opencontainers.image.url=https://www.opensuse.org, org.opensuse.base.version=20260930.37.208, org.opensuse.base.url=https://www.opensuse.org, org.qdistro.tier3s.workload=weston-terminal, org.opensuse.base.description=Image containing a minimal environment for containers based on openSUSE Tumbleweed., org.opensuse.base.created=2026-09-30T20:05:54.126624488Z, org.opensuse.base.lifecycle-url=https://en.opensuse.org/Lifetime, org.opensuse.base.source=https://build.opensuse.org/package/show/openSUSE:Factory/opensuse-tumbleweed-image?rev=561f9d4c8e4e1a441f95ad4ec6b5a914, org.opensuse.base.title=openSUSE Tumbleweed Base Container, qdistro_tier3s_unit=qdistro-tier3s-silo@s127b.service, org.opencontainers.image.description=Image containing a minimal environment for containers based on openSUSE Tumbleweed., org.opencontainers.image.title=openSUSE Tumbleweed Base Container, org.opencontainers.image.version=20260930.37.208, org.opensuse.reference=registry.opensuse.org/opensuse/tumbleweed:20260930.37.208, qdistro_tier3s_token=3b2baae8dd73535ca8fb07d3cb245473, org.opensuse.base.reference=registry.opensuse.org/opensuse/tumbleweed:20260930.37.208, org.opensuse.base.vendor=openSUSE Project, execID=d4048f41a16a5bdd5afcb6635fa152ac92c63471605e32eba2973679f16c9da9, org.openbuildservice.disturl=obs://build.opensuse.org/openSUSE:Factory/images/561f9d4c8e4e1a441f95ad4ec6b5a914-opensuse-tumbleweed-image:docker, org.opensuse.lifecycle-url=https://en.opensuse.org/Lifetime)
Oct 04 06:13:18 baseweed-admin dbus-run-session[1024]:   INFO qml: [20261004-061318]        PodApps cache refresh loaded 0 apps
Oct 04 06:13:19 baseweed-admin dbus-run-session[1024]:   WARN: Process failed to start, likely because the binary could not be found. Command: QList("bluetoothctl", "show")
Oct 04 06:13:19 baseweed-admin dbus-run-session[1024]:   INFO qml: [20261004-061319]  Tier3FocusIPC injectFocus handle=1 seat=default
Oct 04 06:13:19 baseweed-admin dbus-run-session[1024]:   INFO qml: [20261004-061319]          Qdwin ipc injectFocus handle=1 seat=default
Oct 04 06:13:19 baseweed-admin dbus-run-session[1024]:   INFO qml: [20261004-061319]  ClipboardGate CLIPBOARD_GATE seat=default src_silo=s127b dst_silo=s127b mime_types=text/plain verdict=deny reason=broker:deny
Oct 04 06:13:19 baseweed-admin dbus-run-session[1024]:   INFO qml: [20261004-061319]  ClipboardGate CLIPBOARD_GATE seat=default src_silo=s127b dst_silo=s127b mime_types=text/plain verdict=deny reason=broker:deny
Oct 04 06:13:19 baseweed-admin dbus-run-session[1024]:   INFO qml: [20261004-061319]  ClipboardGate CLIPBOARD_FOCUS_GATE seat=default src_silo=s127b dst_silo=s127a is_primary=0 verdict=deny reason=focus-cross-silo
Oct 04 06:13:19 baseweed-admin dbus-run-session[1024]:   WARN qml: [20261004-061319]       Location Weather is still fetching
Oct 04 06:13:19 baseweed-admin dbus-run-session[1024]:   INFO qml: [20261004-061319]  ClipboardGate CLIPBOARD_GATE seat=default src_silo=s127a dst_silo=s127a mime_types=text/plain verdict=deny reason=broker:deny
Oct 04 06:13:19 baseweed-admin dbus-run-session[1024]:   INFO qml: [20261004-061319]  ClipboardGate CLIPBOARD_GATE seat=default src_silo=s127a dst_silo=s127a mime_types=text/plain verdict=deny reason=broker:deny
Oct 04 06:13:19 baseweed-admin dbus-run-session[1024]:   INFO qml: [20261004-061319]  ClipboardGate CLIPBOARD_GATE seat=default src_silo=s127a dst_silo=s127a mime_types=text/plain verdict=deny reason=broker:deny
Oct 04 06:13:19 baseweed-admin dbus-run-session[1024]:   INFO qml: [20261004-061319]  ClipboardGate CLIPBOARD_GATE seat=default src_silo=s127a dst_silo=s127a mime_types=text/plain verdict=deny reason=broker:deny
Oct 04 06:13:19 baseweed-admin dbus-run-session[1024]:  ERROR qml: [20261004-061319]       Location Geocoding error: 0
Oct 04 06:13:20 baseweed-admin dbus-run-session[1024]:   INFO qml: [20261004-061320]  ClipboardGate CLIPBOARD_GATE seat=default src_silo=s127a dst_silo=s127a mime_types=text/plain verdict=deny reason=broker:deny
Oct 04 06:13:20 baseweed-admin dbus-run-session[1024]:   INFO qml: [20261004-061320]  ClipboardGate CLIPBOARD_GATE seat=default src_silo=s127a dst_silo=s127a mime_types=text/plain verdict=deny reason=broker:deny
Oct 04 06:13:20 baseweed-admin dbus-run-session[1024]:   INFO qml: [20261004-061320]  Tier3FocusIPC injectFocus handle=2 seat=default
Oct 04 06:13:20 baseweed-admin dbus-run-session[1024]:   INFO qml: [20261004-061320]          Qdwin ipc injectFocus handle=2 seat=default
Oct 04 06:13:20 baseweed-admin dbus-run-session[1024]:   INFO qml: [20261004-061320]  ClipboardGate CLIPBOARD_GATE seat=default src_silo=s127a dst_silo=s127a mime_types=text/plain verdict=deny reason=broker:deny
Oct 04 06:13:20 baseweed-admin dbus-run-session[1024]:   INFO qml: [20261004-061320]  ClipboardGate CLIPBOARD_GATE seat=default src_silo=s127a dst_silo=s127a mime_types=text/plain verdict=deny reason=broker:deny
Oct 04 06:13:20 baseweed-admin dbus-run-session[1024]:   INFO qml: [20261004-061320]  ClipboardGate CLIPBOARD_FOCUS_GATE seat=default src_silo=s127a dst_silo=s127b is_primary=0 verdict=deny reason=focus-cross-silo
Oct 04 06:13:20 baseweed-admin dbus-run-session[1024]:   INFO qml: [20261004-061320]  ClipboardGate CLIPBOARD_GATE seat=default src_silo=s127b dst_silo=s127b mime_types=text/plain verdict=deny reason=broker:deny
Oct 04 06:13:20 baseweed-admin dbus-run-session[1024]:   INFO qml: [20261004-061320]  ClipboardGate CLIPBOARD_GATE seat=default src_silo=s127b dst_silo=s127b mime_types=text/plain verdict=deny reason=broker:deny
Oct 04 06:13:21 baseweed-admin dbus-run-session[1024]:   WARN: Process failed to start, likely because the binary could not be found. Command: QList("bluetoothctl", "show")
Oct 04 06:13:23 baseweed-admin dbus-run-session[1024]:   WARN: Process failed to start, likely because the binary could not be found. Command: QList("bluetoothctl", "show")
Oct 04 06:13:24 baseweed-admin dbus-run-session[1024]:   INFO qml: [20261004-061324]  ClipboardGate CLIPBOARD_FOCUS_GATE seat=default src_silo=s127b dst_silo=unknown is_primary=0 verdict=deny reason=focus-cross-silo
Oct 04 06:13:24 baseweed-admin dbus-run-session[1024]:   INFO qml: [20261004-061324]  ClipboardGate CLIPBOARD_GATE seat=default src_silo=unknown dst_silo=unknown mime_types=text/plain verdict=deny reason=unknown-identity
Oct 04 06:13:24 baseweed-admin dbus-run-session[1024]:   INFO qml: [20261004-061324]  ClipboardGate CLIPBOARD_GATE seat=default src_silo=unknown dst_silo=unknown mime_types=text/plain verdict=deny reason=unknown-identity
Oct 04 06:13:24 baseweed-admin dbus-run-session[1024]:   INFO qml: [20261004-061324]  ClipboardGate CLIPBOARD_GATE seat=default src_silo=unknown dst_silo=unknown mime_types=text/plain verdict=deny reason=unknown-identity
Oct 04 06:13:24 baseweed-admin dbus-run-session[1024]:   INFO qml: [20261004-061324]  ClipboardGate CLIPBOARD_GATE seat=default src_silo=unknown dst_silo=unknown mime_types=text/plain verdict=deny reason=unknown-identity
Oct 04 06:13:25 baseweed-admin dbus-run-session[1024]:   WARN: Process failed to start, likely because the binary could not be found. Command: QList("bluetoothctl", "show")
Oct 04 06:13:25 baseweed-admin dbus-run-session[1024]:   WARN qml: [20261004-061325]        Network Connectivity check error: Error: Not authorized to recheck connectivity.
Oct 04 06:13:27 baseweed-admin dbus-run-session[1024]:   WARN: Process failed to start, likely because the binary could not be found. Command: QList("bluetoothctl", "show")
