
## provision silos (broker allow + images)
silos.yaml: benchhead argv -> ["qdistro-tier3s-smoke", "--hold", "900"]
silos.yaml: benchflood argv -> ["foot", "-e", "/bin/sh", "-c", "while true; do head -c 2097152 /dev/urandom | base64; done"]

## env
MEAS kernel 7.2.8-1-default -
MEAS nproc 4 -
MEAS mem_total_mb 3913 MB
MEAS selinux Enforcing -
MEAS runsc_release 20260928.0 -
MEAS runsc_version runsc version release-20260928.0 -
MEAS host_is_vm kvm -
MEAS commit a2d6cc0ee983cdd27498b654a2038d2d3f68fe7d -
MEAS utc 2026-10-06T22:12:16Z -

## cold start to window (tier3s GUI launch)
MEAS cold_start_to_window_ms_1 3456 ms
MEAS cold_startsilo_call_ms_1 3358 ms
MEAS teardown_benchgui_ms 2560 ms
MEAS cold_start_to_window_ms_2 1472 ms
MEAS cold_startsilo_call_ms_2 1644 ms
MEAS teardown_benchgui_ms 2561 ms
MEAS cold_start_to_window_ms_3 1566 ms
MEAS cold_startsilo_call_ms_3 1742 ms
MEAS teardown_benchgui_ms 3210 ms
MEAS t2_podman_create_start_ms_1 486 ms
MEAS t2_podman_create_start_ms_2 1166 ms
MEAS t2_podman_create_start_ms_3 1835 ms

## idle memory
MEAS t3s_gui_scope_memory_current_mb 52.8 MB
MEAS t3s_gui_scope_pss_mb 197.2 MB
MEAS t3s_gui_bridge_client_pss_mb 7.3 MB
MEAS t3s_gui_scope_procs 17 count
MEAS t3s_headless_scope_memory_current_mb 61.5 MB
MEAS t3s_headless_scope_pss_mb 95.4 MB
MEAS t3s_headless_scope_procs 23 count
MEAS t2_idle_memory_current_mb 2.3 MB
MEAS t2_idle_pss_mb 2.0 MB
MEAS t3s_gui_idle_cpu_pct 0.12 pct_core
MEAS t3s_headless_idle_cpu_pct 0.14 pct_core
MEAS t2_idle_cpu_pct 0.00 pct_core
MEAS teardown_benchgui_ms 2512 ms

## syscall cost (syscost binary, self-timed)
MEAS t2_runtime runc -
MEAS sys_host getpid_ms_per_100k=3.501 openclose_ms_per_20k=8.835 forkexec_ms_per_1k=359.734  -
MEAS sys_t2_runc getpid_ms_per_100k=4.598 openclose_ms_per_20k=12.244 forkexec_ms_per_1k=428.949  -
MEAS sys_t3s_systrap getpid_ms_per_100k=115.295 openclose_ms_per_20k=158.461 forkexec_ms_per_1k=4272.905  -
MEAS sys_t3s_systrap_nofastpath getpid_ms_per_100k=1135.835 openclose_ms_per_20k=810.728 forkexec_ms_per_1k=4447.070  -

## file I/O: tar xf ~200MB into a 1GiB tmpfs
MEAS io_tree_mb 200 MB
MEAS io_tar_host_ms 57 ms
MEAS io_tar_t2_ms_1 97 ms
MEAS io_tar_t2_ms_2 68 ms
MEAS io_tar_t3s_ms_1 282 ms
MEAS io_tar_t3s_ms_2 210 ms
MEAS io_tar_t3s_directfs_off_ms 260 ms

## waypipe bridge PSS under shm load (foot flood)
MEAS bridge_client_pss_start_mb 7.6 MB
MEAS bridge_client_pss_peak_mb 8.7 MB
MEAS bridge_rchar_delta_kb 83959 KB
MEAS teardown_benchflood_ms 3015 ms

## per-silo on-disk overhead
MEAS silo_store_mb 1432 MB
MEAS silo_runsc_state_mb 0 MB
MEAS silo_runtime_mb 1 MB
[bench] 0 passes, 0 failures
