
## provision silos (broker allow + images)
silos.yaml: benchhead argv -> ["qdistro-tier3s-smoke", "--hold", "900"]
silos.yaml: benchflood argv -> ["foot", "-e", "/bin/sh", "-c", "while true; do head -c 2097152 /dev/urandom | base64; done"]

## env
MEAS kernel 7.2.8-1-default -
MEAS nproc 4 -
MEAS mem_total_mb 3913 MB
MEAS selinux Enforcing -
MEAS runsc_release 20260928.0 -
MEAS runsc_version runsc version release-20260928.0 -
MEAS host_is_vm kvm -
MEAS commit a2d6cc0ee983cdd27498b654a2038d2d3f68fe7d -
MEAS utc 2026-10-06T22:15:36Z -

## cold start to window (tier3s GUI launch)
MEAS cold_start_to_window_ms_1 1386 ms
MEAS cold_startsilo_call_ms_1 1544 ms
MEAS teardown_benchgui_ms 2758 ms
MEAS cold_start_to_window_ms_2 1489 ms
MEAS cold_startsilo_call_ms_2 1645 ms
MEAS teardown_benchgui_ms 2977 ms
MEAS cold_start_to_window_ms_3 1337 ms
MEAS cold_startsilo_call_ms_3 1495 ms
MEAS teardown_benchgui_ms 2702 ms
MEAS t2_podman_create_start_ms_1 202 ms
MEAS t2_podman_create_start_ms_2 210 ms
MEAS t2_podman_create_start_ms_3 1540 ms

## idle memory
MEAS t3s_gui_scope_memory_current_mb 54.5 MB
MEAS t3s_gui_scope_pss_mb 200.5 MB
MEAS t3s_gui_bridge_client_pss_mb 7.5 MB
MEAS t3s_gui_scope_procs 17 count
MEAS t3s_headless_scope_memory_current_mb 45.2 MB
MEAS t3s_headless_scope_pss_mb 97.5 MB
MEAS t3s_headless_scope_procs 21 count
MEAS t2_idle_memory_current_mb 0.5 MB
MEAS t2_idle_pss_mb 2.0 MB
MEAS t3s_gui_idle_cpu_pct 0.13 pct_core
MEAS t3s_headless_idle_cpu_pct 0.12 pct_core
MEAS t2_idle_cpu_pct 0.00 pct_core
MEAS teardown_benchgui_ms 2580 ms

## syscall cost (syscost binary, self-timed)
MEAS t2_runtime runc -
MEAS sys_host getpid_ms_per_100k=3.796 openclose_ms_per_20k=8.984 forkexec_ms_per_1k=350.161  -
MEAS sys_t2_runc getpid_ms_per_100k=3.781 openclose_ms_per_20k=9.788 forkexec_ms_per_1k=405.316  -
MEAS sys_t3s_systrap getpid_ms_per_100k=120.817 openclose_ms_per_20k=135.335 forkexec_ms_per_1k=4051.047  -
MEAS sys_t3s_systrap_nofastpath getpid_ms_per_100k=1443.729 openclose_ms_per_20k=898.911 forkexec_ms_per_1k=4469.263  -

## file I/O: tar xf ~200MB into a 1GiB tmpfs
MEAS io_tree_mb 200 MB
MEAS io_tar_host_ms 58 ms
MEAS io_tar_t2_ms_1 74 ms
MEAS io_tar_t2_ms_2 55 ms
MEAS io_tar_t3s_ms_1 226 ms
MEAS io_tar_t3s_ms_2 253 ms
MEAS io_tar_t3s_directfs_off_ms 249 ms

## waypipe bridge PSS under shm load (foot flood)
MEAS bridge_client_pss_start_mb 7.5 MB
MEAS bridge_client_pss_peak_mb 8.5 MB
MEAS bridge_rchar_delta_kb 88111 KB
MEAS teardown_benchflood_ms 2721 ms

## per-silo on-disk overhead
MEAS silo_store_mb 1360 MB
MEAS silo_runsc_state_mb 0 MB
MEAS silo_runtime_mb 1 MB
[bench] 0 passes, 0 failures
