
## provision silos (broker allow + images)
silos.yaml: benchhead argv -> ["qdistro-tier3s-smoke", "--hold", "900"]
silos.yaml: benchflood argv -> ["foot", "-e", "/bin/sh", "-c", "while true; do head -c 2097152 /dev/urandom | base64; done"]

## env
MEAS kernel 7.2.8-1-default -
MEAS nproc 4 -
MEAS mem_total_mb 3913 MB
MEAS selinux Enforcing -
MEAS runsc_release 20260928.0 -
MEAS runsc_version runsc version release-20260928.0 -
MEAS host_is_vm kvm -
MEAS commit 1164156350474f9e96f35c68a6cf45be0394f9c5 -
MEAS utc 2026-10-07T00:01:51Z -

## cold start to window (tier3s GUI launch)
MEAS cold_start_to_window_ms_1 1549 ms
MEAS cold_startsilo_call_ms_1 1696 ms
MEAS teardown_benchgui_ms 2579 ms
MEAS cold_start_to_window_ms_2 1511 ms
MEAS cold_startsilo_call_ms_2 1641 ms
MEAS teardown_benchgui_ms 2623 ms
MEAS cold_start_to_window_ms_3 1444 ms
MEAS cold_startsilo_call_ms_3 1593 ms
MEAS teardown_benchgui_ms 2528 ms
MEAS t2_podman_create_start_ms_1 184 ms
MEAS t2_podman_create_start_ms_2 197 ms
MEAS t2_podman_create_start_ms_3 172 ms

## idle memory
MEAS t3s_gui_scope_memory_current_mb 53.4 MB
MEAS t3s_gui_scope_pss_mb 195.1 MB
MEAS t3s_gui_bridge_client_pss_mb 7.3 MB
MEAS t3s_gui_scope_procs 17 count
MEAS t3s_headless_scope_memory_current_mb 44.4 MB
MEAS t3s_headless_scope_pss_mb 96.1 MB
MEAS t3s_headless_scope_procs 23 count
MEAS t2_idle_memory_current_mb 0.5 MB
MEAS t2_idle_pss_mb 2.0 MB
MEAS t3s_gui_idle_cpu_pct 0.14 pct_core
MEAS t3s_headless_idle_cpu_pct 0.14 pct_core
MEAS t2_idle_cpu_pct 0.00 pct_core
MEAS teardown_benchgui_ms 2595 ms

## syscall cost (syscost binary, self-timed)
MEAS t2_runtime runc -
MEAS sys_host getpid_ms_per_100k=3.619 openclose_ms_per_20k=9.631 forkexec_ms_per_1k=375.510  -
MEAS sys_t2_runc getpid_ms_per_100k=3.939 openclose_ms_per_20k=15.441 forkexec_ms_per_1k=398.479  -
MEAS sys_t3s_systrap getpid_ms_per_100k=62.187 openclose_ms_per_20k=104.447 forkexec_ms_per_1k=3825.348  -
MEAS sys_t3s_systrap_nofastpath getpid_ms_per_100k=1422.072 openclose_ms_per_20k=896.181 forkexec_ms_per_1k=4437.400  -

## file I/O: tar xf ~200MB into a 1GiB tmpfs
MEAS io_tree_mb 200 MB
MEAS io_tar_host_ms 69 ms
MEAS io_tar_t2_ms_1 78 ms
MEAS io_tar_t2_ms_2 61 ms
MEAS io_tar_t3s_ms_1 363 ms
MEAS io_tar_t3s_ms_2 183 ms
MEAS io_tar_t3s_directfs_off_ms 204 ms

## waypipe bridge PSS under shm load (foot flood)
MEAS bridge_client_pss_start_mb 7.2 MB
MEAS bridge_client_pss_peak_mb 8.6 MB
MEAS bridge_rchar_delta_kb 50573 KB
MEAS teardown_benchflood_ms 2776 ms

## per-silo on-disk overhead
MEAS silo_store_mb 1360 MB
MEAS silo_runsc_state_mb 0 MB
MEAS silo_runtime_mb 1 MB
[bench] 0 passes, 0 failures
