
## provision silos (broker allow + images)
silos.yaml: benchhead argv -> ["qdistro-tier3s-smoke", "--hold", "900"]
silos.yaml: benchflood argv -> ["foot", "-e", "/bin/sh", "-c", "while true; do head -c 2097152 /dev/urandom | base64; done"]

## env
MEAS kernel 7.2.8-1-default -
MEAS nproc 4 -
MEAS mem_total_mb 3913 MB
MEAS selinux Enforcing -
MEAS runsc_release 20260928.0 -
MEAS runsc_version runsc version release-20260928.0 -
MEAS host_is_vm kvm -
MEAS commit 1164156350474f9e96f35c68a6cf45be0394f9c5 -
MEAS utc 2026-10-06T23:58:29Z -

## cold start to window (tier3s GUI launch)
MEAS cold_start_to_window_ms_1 4069 ms
MEAS cold_startsilo_call_ms_1 4019 ms
MEAS teardown_benchgui_ms 2867 ms
MEAS cold_start_to_window_ms_2 5621 ms
MEAS cold_startsilo_call_ms_2 5766 ms
MEAS teardown_benchgui_ms 2531 ms
MEAS cold_start_to_window_ms_3 1744 ms
MEAS cold_startsilo_call_ms_3 1890 ms
MEAS teardown_benchgui_ms 2575 ms
MEAS t2_podman_create_start_ms_1 216 ms
MEAS t2_podman_create_start_ms_2 215 ms
MEAS t2_podman_create_start_ms_3 363 ms

## idle memory
MEAS t3s_gui_scope_memory_current_mb 48.4 MB
MEAS t3s_gui_scope_pss_mb 192.4 MB
MEAS t3s_gui_bridge_client_pss_mb 7.5 MB
MEAS t3s_gui_scope_procs 17 count
MEAS t3s_headless_scope_memory_current_mb 58.0 MB
MEAS t3s_headless_scope_pss_mb 88.2 MB
MEAS t3s_headless_scope_procs 23 count
MEAS t2_idle_memory_current_mb 2.3 MB
MEAS t2_idle_pss_mb 2.1 MB
MEAS t3s_gui_idle_cpu_pct 0.15 pct_core
MEAS t3s_headless_idle_cpu_pct 0.15 pct_core
MEAS t2_idle_cpu_pct 0.00 pct_core
MEAS teardown_benchgui_ms 2520 ms

## syscall cost (syscost binary, self-timed)
MEAS t2_runtime runc -
MEAS sys_host getpid_ms_per_100k=6.085 openclose_ms_per_20k=8.826 forkexec_ms_per_1k=370.847  -
MEAS sys_t2_runc getpid_ms_per_100k=3.884 openclose_ms_per_20k=9.962 forkexec_ms_per_1k=333.230  -
MEAS sys_t3s_systrap getpid_ms_per_100k=49.831 openclose_ms_per_20k=121.188 forkexec_ms_per_1k=3888.411  -
MEAS sys_t3s_systrap_nofastpath getpid_ms_per_100k=1273.966 openclose_ms_per_20k=942.366 forkexec_ms_per_1k=3964.140  -

## file I/O: tar xf ~200MB into a 1GiB tmpfs
MEAS io_tree_mb 200 MB
MEAS io_tar_host_ms 61 ms
MEAS io_tar_t2_ms_1 98 ms
MEAS io_tar_t2_ms_2 64 ms
MEAS io_tar_t3s_ms_1 254 ms
MEAS io_tar_t3s_ms_2 208 ms
MEAS io_tar_t3s_directfs_off_ms 229 ms

## waypipe bridge PSS under shm load (foot flood)
MEAS bridge_client_pss_start_mb 6.8 MB
MEAS bridge_client_pss_peak_mb 8.7 MB
MEAS bridge_rchar_delta_kb 51700 KB
MEAS teardown_benchflood_ms 2865 ms

## per-silo on-disk overhead
MEAS silo_store_mb 1432 MB
MEAS silo_runsc_state_mb 0 MB
MEAS silo_runtime_mb 1 MB
[bench] 0 passes, 0 failures
