
## provision silos (broker allow + images)
silos.yaml: benchhead argv -> ["qdistro-tier3s-smoke", "--hold", "900"]
silos.yaml: benchflood argv -> ["foot", "-e", "/bin/sh", "-c", "while true; do head -c 2097152 /dev/urandom | base64; done"]

## env
MEAS kernel 7.2.8-1-default -
MEAS nproc 4 -
MEAS mem_total_mb 3913 MB
MEAS selinux Enforcing -
MEAS runsc_release 20260928.0 -
MEAS runsc_version runsc version release-20260928.0 -
MEAS host_is_vm kvm -
MEAS commit 4edc6ad3babd3c2a3c8d44017e0d5a7e6c1e4616 -
MEAS utc 2026-10-07T02:33:59Z -

## cold start to window (tier3s GUI launch)
MEAS cold_start_to_window_ms_1 1343 ms
MEAS cold_startsilo_call_ms_1 1492 ms
MEAS teardown_benchgui_ms 2517 ms
MEAS cold_start_to_window_ms_2 1356 ms
MEAS cold_startsilo_call_ms_2 1546 ms
MEAS teardown_benchgui_ms 2505 ms
MEAS cold_start_to_window_ms_3 1292 ms
MEAS cold_startsilo_call_ms_3 1495 ms
MEAS teardown_benchgui_ms 2487 ms
MEAS t2_podman_create_start_ms_1 226 ms
MEAS t2_podman_create_start_ms_2 200 ms
MEAS t2_podman_create_start_ms_3 163 ms

## idle memory
MEAS t3s_gui_scope_memory_current_mb 52.6 MB
MEAS t3s_gui_scope_pss_mb 195.5 MB
MEAS t3s_gui_bridge_client_pss_mb 7.3 MB
MEAS t3s_gui_scope_procs 17 count
MEAS t3s_headless_scope_memory_current_mb 48.5 MB
MEAS t3s_headless_scope_pss_mb 100.3 MB
MEAS t3s_headless_scope_procs 23 count
MEAS t2_idle_memory_current_mb 0.5 MB
MEAS t2_idle_pss_mb 2.1 MB
MEAS t3s_gui_idle_cpu_pct 0.12 pct_core
MEAS t3s_headless_idle_cpu_pct 0.13 pct_core
MEAS t2_idle_cpu_pct 0.00 pct_core
MEAS teardown_benchgui_ms 2513 ms

## syscall cost (syscost binary, self-timed)
MEAS t2_runtime runc -
MEAS sys_host getpid_ms_per_100k=3.987 openclose_ms_per_20k=9.090 forkexec_ms_per_1k=426.529  -
MEAS sys_t2_runc getpid_ms_per_100k=3.935 openclose_ms_per_20k=9.617 forkexec_ms_per_1k=364.290  -
MEAS sys_t3s_systrap getpid_ms_per_100k=63.273 openclose_ms_per_20k=103.259 forkexec_ms_per_1k=3987.694  -
MEAS sys_t3s_systrap_nofastpath getpid_ms_per_100k=1599.402 openclose_ms_per_20k=589.173 forkexec_ms_per_1k=4184.846  -

## file I/O: tar xf ~200MB into a 1GiB tmpfs
MEAS io_tree_mb 200 MB
MEAS io_tar_host_ms 54 ms
MEAS io_tar_t2_ms_1 56 ms
MEAS io_tar_t2_ms_2 54 ms
MEAS io_tar_t3s_ms_1 215 ms
MEAS io_tar_t3s_ms_2 180 ms
MEAS io_tar_t3s_directfs_off_ms 248 ms

## waypipe bridge PSS under shm load (foot flood)
MEAS bridge_client_pss_start_mb 6.8 MB
MEAS bridge_client_pss_peak_mb 8.7 MB
MEAS bridge_rchar_delta_kb 51709 KB
MEAS teardown_benchflood_ms 2684 ms

## per-silo on-disk overhead
MEAS silo_store_mb 1360 MB
MEAS silo_runsc_state_mb 0 MB
MEAS silo_runtime_mb 1 MB
[bench] 0 passes, 0 failures
