
## provision silos (broker allow + images)
silos.yaml: benchhead argv -> ["qdistro-tier3s-smoke", "--hold", "900"]
silos.yaml: benchflood argv -> ["foot", "-e", "/bin/sh", "-c", "while true; do head -c 2097152 /dev/urandom | base64; done"]

## env
MEAS kernel 7.2.8-1-default -
MEAS nproc 4 -
MEAS mem_total_mb 3913 MB
MEAS selinux Enforcing -
MEAS runsc_release 20260928.0 -
MEAS runsc_version runsc version release-20260928.0 -
MEAS host_is_vm kvm -
MEAS commit 4edc6ad3babd3c2a3c8d44017e0d5a7e6c1e4616 -
MEAS utc 2026-10-07T02:27:27Z -

## cold start to window (tier3s GUI launch)
MEAS cold_start_to_window_ms_1 5985 ms
MEAS cold_startsilo_call_ms_1 6610 ms
MEAS teardown_benchgui_ms 2783 ms
MEAS cold_start_to_window_ms_2 1763 ms
MEAS cold_startsilo_call_ms_2 1913 ms
MEAS teardown_benchgui_ms 2856 ms
MEAS cold_start_to_window_ms_3 1621 ms
MEAS cold_startsilo_call_ms_3 1799 ms
MEAS teardown_benchgui_ms 2616 ms
MEAS t2_podman_create_start_ms_1 210 ms
MEAS t2_podman_create_start_ms_2 174 ms
MEAS t2_podman_create_start_ms_3 171 ms

## idle memory
MEAS t3s_gui_scope_memory_current_mb 49.9 MB
MEAS t3s_gui_scope_pss_mb 192.6 MB
MEAS t3s_gui_bridge_client_pss_mb 7.2 MB
MEAS t3s_gui_scope_procs 17 count
MEAS t3s_headless_scope_memory_current_mb 53.7 MB
MEAS t3s_headless_scope_pss_mb 87.7 MB
MEAS t3s_headless_scope_procs 21 count
MEAS t2_idle_memory_current_mb 2.3 MB
MEAS t2_idle_pss_mb 2.1 MB
MEAS t3s_gui_idle_cpu_pct 0.14 pct_core
MEAS t3s_headless_idle_cpu_pct 0.14 pct_core
MEAS t2_idle_cpu_pct 0.00 pct_core
MEAS teardown_benchgui_ms 2589 ms

## syscall cost (syscost binary, self-timed)
MEAS t2_runtime runc -
MEAS sys_host getpid_ms_per_100k=3.411 openclose_ms_per_20k=8.154 forkexec_ms_per_1k=327.494  -
MEAS sys_t2_runc getpid_ms_per_100k=3.914 openclose_ms_per_20k=9.589 forkexec_ms_per_1k=333.308  -
MEAS sys_t3s_systrap getpid_ms_per_100k=45.385 openclose_ms_per_20k=93.847 forkexec_ms_per_1k=3651.049  -
MEAS sys_t3s_systrap_nofastpath getpid_ms_per_100k=1582.195 openclose_ms_per_20k=646.946 forkexec_ms_per_1k=3951.673  -

## file I/O: tar xf ~200MB into a 1GiB tmpfs
MEAS io_tree_mb 200 MB
MEAS io_tar_host_ms 60 ms
MEAS io_tar_t2_ms_1 75 ms
MEAS io_tar_t2_ms_2 58 ms
MEAS io_tar_t3s_ms_1 200 ms
MEAS io_tar_t3s_ms_2 178 ms
MEAS io_tar_t3s_directfs_off_ms 255 ms

## waypipe bridge PSS under shm load (foot flood)
MEAS bridge_client_pss_start_mb 7.5 MB
MEAS bridge_client_pss_peak_mb 8.7 MB
MEAS bridge_rchar_delta_kb 50836 KB
MEAS teardown_benchflood_ms 2790 ms

## per-silo on-disk overhead
MEAS silo_store_mb 1432 MB
MEAS silo_runsc_state_mb 0 MB
MEAS silo_runtime_mb 1 MB
[bench] 0 passes, 0 failures
