[vm-exec] guest identity pinned (pid 3210 start 2945)
[vm-exec] Waiting... (polls=30s elapsed=30s)
[vm-exec] Waiting... (polls=60s elapsed=62s)

## 0. preconditions
PASS: probe PASS (0)
PASS: broker allows the smoke spawn (allow)
PASS: launch unit carries StopPropagatedFrom= the manager (O11) (qdistro-session-manager.service)
PASS: pre: control records (0)
PASS: pre: scopes (0)
PASS: pre: labelled containers (0)
PASS: pre: runsc-bundle processes (0)
PASS: pre: state root holds no container state (0)
PASS: pre: no cleanup call scope left (0)
PASS: pre: no cleanup work dir left (0)
PASS: CreateTier3sSilo s122a (Created)
PASS: CreateTier3sSilo s122b (Created)
    silos.yaml: s122a argv -> ["qdistro-tier3s-smoke", "--hold", "600"]
    silos.yaml: s122b argv -> ["qdistro-tier3s-smoke", "--hold", "600"]

## 1. launcher SIGKILL (service failure), three times (ExecStopPost races the scope stop)
PASS: sigkill#1: launch 1d1f2cb17985bb65463786a9f4b4ce4f up
PASS: sigkill#1: launch unit failed visibly (failed:signal)
    unit: qdistro-tier3s-silo@s122a.service: Sent signal SIGKILL to main process 3926 (spawn-tier3s.sh) on client request.
    unit: qdistro-tier3s-silo@s122a.service: Main process exited, code=killed, status=9/KILL
    unit: qdistro-tier3s-cleanup: 1d1f2cb17985bb65463786a9f4b4ce4f: torn down (qdistro-tier3s-s122a)
    unit: qdistro-tier3s-silo@s122a.service: Failed with result 'signal'.
    unit: qdistro-tier3s-silo@s122a.service: Consumed 1.091s CPU time over 5.250s wall clock time.
PASS: launcher-sigkill#1: all 17 launch processes gone (pid+starttime)
PASS: launcher-sigkill#1: scope qdistro-tier3s-1d1f2cb17985bb65463786a9f4b4ce4f.scope gone (unit down, /sys/fs/cgroup/system.slice/qdistro-tier3s-1d1f2cb17985bb65463786a9f4b4ce4f.scope absent)
PASS: launcher-sigkill#1: per-launch dir /run/qdistro-tier3s/1d1f2cb17985bb65463786a9f4b4ce4f gone
PASS: launcher-sigkill#1: control record /run/qdistro-tier3s-ctl/1d1f2cb17985bb65463786a9f4b4ce4f gone
PASS: launcher-sigkill#1: container qdistro-tier3s-s122a gone (podman exists rc=1)
PASS: launcher-sigkill#1: no runsc state for 4b2a76e14693 in /run/qdistro-tier3s-runsc/1000
PASS: sigkill#1: StopSilo afterwards reaches Stopped (Stopped)
PASS: sigkill#2: launch a4b8203d9d7e1a55e418759f014a4e54 up
PASS: sigkill#2: launch unit failed visibly (failed:signal)
    unit: qdistro-tier3s-silo@s122a.service: Sent signal SIGKILL to main process 4763 (spawn-tier3s.sh) on client request.
    unit: qdistro-tier3s-silo@s122a.service: Main process exited, code=killed, status=9/KILL
    unit: qdistro-tier3s-cleanup: a4b8203d9d7e1a55e418759f014a4e54: torn down (qdistro-tier3s-s122a)
    unit: qdistro-tier3s-silo@s122a.service: Failed with result 'signal'.
    unit: qdistro-tier3s-silo@s122a.service: Consumed 1.035s CPU time over 4.719s wall clock time.
PASS: launcher-sigkill#2: all 17 launch processes gone (pid+starttime)
PASS: launcher-sigkill#2: scope qdistro-tier3s-a4b8203d9d7e1a55e418759f014a4e54.scope gone (unit down, /sys/fs/cgroup/system.slice/qdistro-tier3s-a4b8203d9d7e1a55e418759f014a4e54.scope absent)
PASS: launcher-sigkill#2: per-launch dir /run/qdistro-tier3s/a4b8203d9d7e1a55e418759f014a4e54 gone
PASS: launcher-sigkill#2: control record /run/qdistro-tier3s-ctl/a4b8203d9d7e1a55e418759f014a4e54 gone
PASS: launcher-sigkill#2: container qdistro-tier3s-s122a gone (podman exists rc=1)
PASS: launcher-sigkill#2: no runsc state for e48e54736cca in /run/qdistro-tier3s-runsc/1000
PASS: sigkill#2: StopSilo afterwards reaches Stopped (Stopped)
PASS: sigkill#3: launch 135d02a4cd0ee842984896991358b198 up
PASS: sigkill#3: launch unit failed visibly (failed:signal)
    unit: qdistro-tier3s-silo@s122a.service: Sent signal SIGKILL to main process 5559 (spawn-tier3s.sh) on client request.
    unit: qdistro-tier3s-silo@s122a.service: Main process exited, code=killed, status=9/KILL
    unit: qdistro-tier3s-cleanup: 135d02a4cd0ee842984896991358b198: torn down (qdistro-tier3s-s122a)
    unit: qdistro-tier3s-silo@s122a.service: Failed with result 'signal'.
    unit: qdistro-tier3s-silo@s122a.service: Consumed 1.023s CPU time over 4.490s wall clock time.
PASS: launcher-sigkill#3: all 17 launch processes gone (pid+starttime)
PASS: launcher-sigkill#3: scope qdistro-tier3s-135d02a4cd0ee842984896991358b198.scope gone (unit down, /sys/fs/cgroup/system.slice/qdistro-tier3s-135d02a4cd0ee842984896991358b198.scope absent)
PASS: launcher-sigkill#3: per-launch dir /run/qdistro-tier3s/135d02a4cd0ee842984896991358b198 gone
PASS: launcher-sigkill#3: control record /run/qdistro-tier3s-ctl/135d02a4cd0ee842984896991358b198 gone
PASS: launcher-sigkill#3: container qdistro-tier3s-s122a gone (podman exists rc=1)
PASS: launcher-sigkill#3: no runsc state for 283edcd053bf in /run/qdistro-tier3s-runsc/1000
PASS: sigkill#3: StopSilo afterwards reaches Stopped (Stopped)

## 2. O11: session-manager STOP tears down every live launch
PASS: manager-stop: two launches up (d853c2558dc93fba583e102d66052a57, c11edbfd476c759e72dd73d8b5192e75)
PASS: manager-stop: systemctl stop qdistro-session-manager.service rc (0)
PASS: manager-stop: manager inactive (inactive)
PASS: manager-stop: qdistro-tier3s-silo@s122a.service stopped through the verified cleanup (1)
PASS: manager-stop: qdistro-tier3s-silo@s122a.service stopped before the manager (After= order) (yes)
PASS: manager-stop/s122a: all 17 launch processes gone (pid+starttime)
PASS: manager-stop/s122a: scope qdistro-tier3s-d853c2558dc93fba583e102d66052a57.scope gone (unit down, /sys/fs/cgroup/system.slice/qdistro-tier3s-d853c2558dc93fba583e102d66052a57.scope absent)
PASS: manager-stop/s122a: per-launch dir /run/qdistro-tier3s/d853c2558dc93fba583e102d66052a57 gone
PASS: manager-stop/s122a: control record /run/qdistro-tier3s-ctl/d853c2558dc93fba583e102d66052a57 gone
PASS: manager-stop/s122a: container qdistro-tier3s-s122a gone (podman exists rc=1)
PASS: manager-stop/s122a: no runsc state for e60826bb2c82 in /run/qdistro-tier3s-runsc/1000
PASS: manager-stop: qdistro-tier3s-silo@s122b.service stopped through the verified cleanup (1)
PASS: manager-stop: qdistro-tier3s-silo@s122b.service stopped before the manager (After= order) (yes)
PASS: manager-stop/s122b: all 17 launch processes gone (pid+starttime)
PASS: manager-stop/s122b: scope qdistro-tier3s-c11edbfd476c759e72dd73d8b5192e75.scope gone (unit down, /sys/fs/cgroup/system.slice/qdistro-tier3s-c11edbfd476c759e72dd73d8b5192e75.scope absent)
PASS: manager-stop/s122b: per-launch dir /run/qdistro-tier3s/c11edbfd476c759e72dd73d8b5192e75 gone
PASS: manager-stop/s122b: control record /run/qdistro-tier3s-ctl/c11edbfd476c759e72dd73d8b5192e75 gone
PASS: manager-stop/s122b: container qdistro-tier3s-s122b gone (podman exists rc=1)
PASS: manager-stop/s122b: no runsc state for 85dcbb93c7ba in /run/qdistro-tier3s-runsc/1000
PASS: manager-stop: control records (0)
PASS: manager-stop: scopes (0)
PASS: manager-stop: labelled containers (0)
PASS: manager-stop: runsc-bundle processes (0)
PASS: manager-stop: state root holds no container state (0)
PASS: manager-stop: no cleanup call scope left (0)
PASS: manager-stop: no cleanup work dir left (0)
PASS: manager-stop: manager started again (yes)
PASS: manager-stop/s122a: relaunched with a fresh token (94d024033f914a8b2dc44eba806c2cbe, was d853c2558dc93fba583e102d66052a57)
PASS: manager-stop/s122a: the new launch is recorded running (running)
PASS: manager-stop/s122a: its container runs under the new token (running:94d024033f914a8b2dc44eba806c2cbe)
PASS: manager-stop/s122a: its owning scope is live (active)
PASS: manager-stop/s122b: relaunched with a fresh token (6e8c3ed6e0d51daf5fe27506bb9ed0f0, was c11edbfd476c759e72dd73d8b5192e75)
PASS: manager-stop/s122b: the new launch is recorded running (running)
PASS: manager-stop/s122b: its container runs under the new token (running:6e8c3ed6e0d51daf5fe27506bb9ed0f0)
PASS: manager-stop/s122b: its owning scope is live (active)
PASS: manager-stop-after: control records (0)
PASS: manager-stop-after: scopes (0)
PASS: manager-stop-after: labelled containers (0)
PASS: manager-stop-after: runsc-bundle processes (0)
PASS: manager-stop-after: state root holds no container state (0)
PASS: manager-stop-after: no cleanup call scope left (0)
PASS: manager-stop-after: no cleanup work dir left (0)

## 3. session-manager crash (SIGKILL) and restart
PASS: manager-crash: launch 6bd51d963db7100baf1416eba5ef0553 up
PASS: manager-crash: manager back with a new pid (yes)
PASS: manager-crash: all 17 launch processes gone (pid+starttime)
PASS: manager-crash: scope qdistro-tier3s-6bd51d963db7100baf1416eba5ef0553.scope gone (unit down, /sys/fs/cgroup/system.slice/qdistro-tier3s-6bd51d963db7100baf1416eba5ef0553.scope absent)
PASS: manager-crash: per-launch dir /run/qdistro-tier3s/6bd51d963db7100baf1416eba5ef0553 gone
PASS: manager-crash: control record /run/qdistro-tier3s-ctl/6bd51d963db7100baf1416eba5ef0553 gone
PASS: manager-crash: container qdistro-tier3s-s122a gone (podman exists rc=1)
PASS: manager-crash: no runsc state for 68a972306371 in /run/qdistro-tier3s-runsc/1000
PASS: manager-crash: relaunched with a fresh token (3c10b72995090b10243503176f945a33, was 6bd51d963db7100baf1416eba5ef0553)
PASS: manager-crash: the new launch is recorded running (running)
PASS: manager-crash: its container runs under the new token (running:3c10b72995090b10243503176f945a33)
PASS: manager-crash: its owning scope is live (active)
    unit: Stopping qdistro tier-3s (gVisor) silo s122a (Experimental, dev profile only)...
    unit: qdistro-tier3s-cleanup: 6bd51d963db7100baf1416eba5ef0553: torn down (qdistro-tier3s-s122a)
    unit: spawn-tier3s: signal: tearing down 6bd51d963db7100baf1416eba5ef0553
    unit: Stopped qdistro tier-3s (gVisor) silo s122a (Experimental, dev profile only).
PASS: manager-crash: systemd completed a stop job for the old launch unit (yes)
PASS: manager-crash: the old launch got the verified cleanup (1)
PASS: manager-crash: StopSilo (Stopped)
PASS: manager-restart: launch 6b2dfdf0aca80bd082481e554ddbb374 up
PASS: manager-restart: manager back with a new pid (yes)
PASS: manager-restart: all 17 launch processes gone (pid+starttime)
PASS: manager-restart: scope qdistro-tier3s-6b2dfdf0aca80bd082481e554ddbb374.scope gone (unit down, /sys/fs/cgroup/system.slice/qdistro-tier3s-6b2dfdf0aca80bd082481e554ddbb374.scope absent)
PASS: manager-restart: per-launch dir /run/qdistro-tier3s/6b2dfdf0aca80bd082481e554ddbb374 gone
PASS: manager-restart: control record /run/qdistro-tier3s-ctl/6b2dfdf0aca80bd082481e554ddbb374 gone
PASS: manager-restart: container qdistro-tier3s-s122a gone (podman exists rc=1)
PASS: manager-restart: no runsc state for ab780ef31886 in /run/qdistro-tier3s-runsc/1000
PASS: manager-restart: relaunched with a fresh token (997961b248fe8266bde961a134ab29c1, was 6b2dfdf0aca80bd082481e554ddbb374)
PASS: manager-restart: the new launch is recorded running (running)
PASS: manager-restart: its container runs under the new token (running:997961b248fe8266bde961a134ab29c1)
PASS: manager-restart: its owning scope is live (active)
    unit: Stopping qdistro tier-3s (gVisor) silo s122a (Experimental, dev profile only)...
    unit: qdistro-tier3s-cleanup: 6b2dfdf0aca80bd082481e554ddbb374: torn down (qdistro-tier3s-s122a)
    unit: spawn-tier3s: signal: tearing down 6b2dfdf0aca80bd082481e554ddbb374
    unit: Stopped qdistro tier-3s (gVisor) silo s122a (Experimental, dev profile only).
PASS: manager-restart: systemd completed a stop job for the old launch unit (yes)
PASS: manager-restart: the old launch got the verified cleanup (1)
PASS: manager-restart: StopSilo (Stopped)
PASS: manager-restarts: control records (0)
PASS: manager-restarts: scopes (0)
PASS: manager-restarts: labelled containers (0)
PASS: manager-restarts: runsc-bundle processes (0)
PASS: manager-restarts: state root holds no container state (0)
PASS: manager-restarts: no cleanup call scope left (0)
PASS: manager-restarts: no cleanup work dir left (0)

## 4. reconciliation: the manager's in-memory state is lost
PASS: reconcile/recorded: live launch 69eb08881e7186e32c08befdd19c5f2a started while the manager was down
PASS: reconcile/recorded: the launch is live and labelled (running:69eb08881e7186e32c08befdd19c5f2a)
PASS: reconcile/recorded: the restarted manager stopped the unknown launch unit (1)
PASS: reconcile/recorded: all 17 launch processes gone (pid+starttime)
PASS: reconcile/recorded: scope qdistro-tier3s-69eb08881e7186e32c08befdd19c5f2a.scope gone (unit down, /sys/fs/cgroup/system.slice/qdistro-tier3s-69eb08881e7186e32c08befdd19c5f2a.scope absent)
PASS: reconcile/recorded: per-launch dir /run/qdistro-tier3s/69eb08881e7186e32c08befdd19c5f2a gone
PASS: reconcile/recorded: control record /run/qdistro-tier3s-ctl/69eb08881e7186e32c08befdd19c5f2a gone
PASS: reconcile/recorded: container qdistro-tier3s-s122a gone (podman exists rc=1)
PASS: reconcile/recorded: no runsc state for 4ee3f03dc3ac in /run/qdistro-tier3s-runsc/1000
PASS: reconcile/recorded: silo not relaunched (it was Stopped) (Stopped)
PASS: reconcile/unrecorded: live launch b84e46e42d24227e0200a66e0a5a3146 started while the manager was down
PASS: reconcile/unrecorded: the launch is live and labelled (running:b84e46e42d24227e0200a66e0a5a3146)
PASS: reconcile/unrecorded: control record removed by hand (no)
PASS: reconcile/unrecorded: the restarted manager stopped the unknown launch unit (1)
PASS: reconcile/unrecorded: all 17 launch processes gone (pid+starttime)
PASS: reconcile/unrecorded: scope qdistro-tier3s-b84e46e42d24227e0200a66e0a5a3146.scope gone (unit down, /sys/fs/cgroup/system.slice/qdistro-tier3s-b84e46e42d24227e0200a66e0a5a3146.scope absent)
PASS: reconcile/unrecorded: per-launch dir /run/qdistro-tier3s/b84e46e42d24227e0200a66e0a5a3146 gone
PASS: reconcile/unrecorded: control record /run/qdistro-tier3s-ctl/b84e46e42d24227e0200a66e0a5a3146 gone
PASS: reconcile/unrecorded: container qdistro-tier3s-s122a gone (podman exists rc=1)
PASS: reconcile/unrecorded: no runsc state for 0fe8951149e1 in /run/qdistro-tier3s-runsc/1000
PASS: reconcile/unrecorded: silo not relaunched (it was Stopped) (Stopped)

## 5. reconciliation: a live labelled container with no launch unit at all
PASS: ghost: labelled container live with no unit and no record (running:no:inactive)
PASS: ghost: reconciliation reaped the labelled container (podman exists rc) (1)
PASS: ghost: its sandbox (State.Pid 16481) is gone (no)
PASS: ghost: the manager reported no reconciliation failure (0)

## 6. cleanup
PASS: DeleteSilo s122a (absent)
PASS: DeleteSilo s122b (absent)
PASS: end: control records (0)
PASS: end: scopes (0)
PASS: end: labelled containers (0)
PASS: end: runsc-bundle processes (0)
PASS: end: state root holds no container state (0)
PASS: end: no cleanup call scope left (0)
PASS: end: no cleanup work dir left (0)
[s122] 152 passes, 0 failures
