### host 2026-10-02T09:02:49Z: vm-exec tier3s-261002-105112-1722066-19303 <<CMD
/root/qdistro-src/tier3s/spike/phase-a-feasibility.sh a3b
CMD
[vm-exec] guest identity pinned (pid 23594 start 67959)
CHECK svc-start: OK (0)
BindsTo=t3sf-launch-a3b.service
Before=t3sf-launch-a3b.service shutdown.target
ControlGroup=/system.slice/qdistro-tier3s-4a01e0ab16839bcb4cdbc1a95470eee8.scope
Delegate=yes
MemoryMax=2147483648
TasksMax=1024
CHECK scope-active: OK (active)
CHECK scope-bindsto: OK
CHECK scope-before: OK
/sys/fs/cgroup/system.slice/qdistro-tier3s-4a01e0ab16839bcb4cdbc1a95470eee8.scope admin 755
/sys/fs/cgroup/system.slice/qdistro-tier3s-4a01e0ab16839bcb4cdbc1a95470eee8.scope/cgroup.procs admin 644
/sys/fs/cgroup/system.slice/qdistro-tier3s-4a01e0ab16839bcb4cdbc1a95470eee8.scope/cgroup.subtree_control admin 644
/sys/fs/cgroup/system.slice/qdistro-tier3s-4a01e0ab16839bcb4cdbc1a95470eee8.scope/cgroup.threads admin 644
/sys/fs/cgroup/system.slice/qdistro-tier3s-4a01e0ab16839bcb4cdbc1a95470eee8.scope/memory.max root 644
/sys/fs/cgroup/system.slice/qdistro-tier3s-4a01e0ab16839bcb4cdbc1a95470eee8.scope/pids.max root 644
CHECK delegated-dir: OK (1000)
CHECK limit-memory-root: OK (0)
CHECK limit-pids-root: OK (0)
CHECK memory-max: OK (2147483648)
CHECK admin-cannot-raise-memory: OK
CHECK admin-cannot-raise-pids: OK
scope subtree procs:
  /cgroup.procs 23615 runuser /usr/sbin/runuser
  /cgroup.procs 23644 podman /usr/bin/podman
  /cgroup.procs 23656 conmon /usr/bin/conmon
  /cgroup.procs 23666 exe /usr/libexec/qdistro/runsc/runsc
  /cgroup.procs 23671 gvisor_sentry /usr/libexec/qdistro/runsc/gvisor-bin/gvisor_sentry
  /cgroup.procs 23672 runsc-fd-parkin /usr/libexec/qdistro/runsc/gvisor-bin/runsc-fd-parking
  /cgroup.procs 23689 gvisor_sentry /usr/libexec/qdistro/runsc/gvisor-bin/gvisor_sentry
  /cgroup.procs 23707 gvisor_sentry /usr/libexec/qdistro/runsc/gvisor-bin/gvisor_sentry
  /cgroup.procs 23708 gvisor_sentry /usr/libexec/qdistro/runsc/gvisor-bin/gvisor_sentry
CHECK sentry-in-scope: OK (23671)
CHECK conmon-in-scope: OK (23656)
runsc-bundle processes on the host: 6
CHECK runsc-procs-outside-scope: OK (0)
CHECK class-runsc-gofer-in-scope: OK (1)
CHECK class-runsc-sandbox-in-scope: OK (1)
CHECK class-runsc-fd-parking-in-scope: BAD (got '0', want '1')
systrap stubs in scope: 3
CHECK stubs-in-scope: OK (3)
CHECK launcher-podman-in-scope: OK (1)
CHECK launcher-runuser-in-scope: OK (1)
CHECK launcher-conmon-in-scope: OK (1)
CHECK svc-stop: OK (0)
ExecStopPost: SERVICE_RESULT=success EXIT_CODE=killed scope=active
ExecStopPost: scope procs=9
CHECK scope-alive-during-execstoppost: OK
CHECK scope-gone-after-service: BAD (got 'deactivating', want 'inactive')
CHECK cgroup-gone: BAD (got '1', want '0')
CHECK sentry-gone: OK
CHECK no-runsc-left: OK (0)
podman record afterwards (no cleanup ran):
CHECK podman-rm-f-rc: OK (0)
CHECK podman-record-gone: OK (0)
total 0
drwx------. 2 admin admin 60 Oct  2 09:03 .
drwxr-xr-x. 3 root  root  60 Oct  2 09:03 ..
-r--r--r--. 1 admin admin  0 Oct  2 08:57 null-netns
### BAD=3
[vm-exec] --- stderr ---
Running as unit: t3sf-launch-a3b.service; invocation ID: e979cd87a1da4bfd8e23531738ac8e4d
[vm-exec] --- end stderr ---
### exit=3
