
## provision silos (broker allow + images)
silos.yaml: benchhead argv -> ["qdistro-tier3s-smoke", "--hold", "900"]
silos.yaml: benchflood argv -> ["foot", "-e", "/bin/sh", "-c", "while true; do head -c 2097152 /dev/urandom | base64; done"]

## env
MEAS kernel 7.2.8-1-default -
MEAS nproc 4 -
MEAS mem_total_mb 3913 MB
MEAS selinux Enforcing -
MEAS runsc_release 20260928.0 -
MEAS runsc_version runsc version release-20260928.0 -
MEAS host_is_vm kvm -
MEAS commit fed144ef7d3e9cb9382b77cecae057e40aea8262 -
MEAS utc 2026-10-07T01:19:42Z -

## cold start to window (tier3s GUI launch)
MEAS cold_start_to_window_ms_1 3569 ms
MEAS cold_startsilo_call_ms_1 3463 ms
MEAS teardown_benchgui_ms 2757 ms
MEAS cold_start_to_window_ms_2 1937 ms
MEAS cold_startsilo_call_ms_2 2099 ms
MEAS teardown_benchgui_ms 2700 ms
MEAS cold_start_to_window_ms_3 1901 ms
MEAS cold_startsilo_call_ms_3 2049 ms
MEAS teardown_benchgui_ms 777 ms
MEAS t2_podman_create_start_ms_1 254 ms
MEAS t2_podman_create_start_ms_2 215 ms
MEAS t2_podman_create_start_ms_3 215 ms

## idle memory
MEAS t3s_gui_scope_memory_current_mb 44.6 MB
MEAS t3s_gui_scope_pss_mb 179.2 MB
MEAS t3s_gui_bridge_client_pss_mb 7.2 MB
MEAS t3s_gui_scope_procs 17 count
MEAS t3s_headless_scope_memory_current_mb 56.6 MB
MEAS t3s_headless_scope_pss_mb 83.7 MB
MEAS t3s_headless_scope_procs 25 count
MEAS t2_idle_memory_current_mb 2.3 MB
MEAS t2_idle_pss_mb 2.0 MB
MEAS t3s_gui_idle_cpu_pct 0.18 pct_core
MEAS t3s_headless_idle_cpu_pct 0.19 pct_core
MEAS t2_idle_cpu_pct 0.00 pct_core
MEAS teardown_benchgui_ms 2563 ms

## syscall cost (syscost binary, self-timed)
MEAS t2_runtime runc -
MEAS sys_host getpid_ms_per_100k=3.822 openclose_ms_per_20k=9.921 forkexec_ms_per_1k=435.067  -
MEAS sys_t2_runc getpid_ms_per_100k=4.450 openclose_ms_per_20k=13.215 forkexec_ms_per_1k=408.938  -
MEAS sys_t3s_systrap getpid_ms_per_100k=78.417 openclose_ms_per_20k=170.563 forkexec_ms_per_1k=4932.113  -
MEAS sys_t3s_systrap_nofastpath getpid_ms_per_100k=1369.030 openclose_ms_per_20k=747.101 forkexec_ms_per_1k=5254.107  -

## file I/O: tar xf ~200MB into a 1GiB tmpfs
MEAS io_tree_mb 200 MB
MEAS io_tar_host_ms 86 ms
MEAS io_tar_t2_ms_1 83 ms
MEAS io_tar_t2_ms_2 94 ms
MEAS io_tar_t3s_ms_1 322 ms
MEAS io_tar_t3s_ms_2 270 ms
MEAS io_tar_t3s_directfs_off_ms 409 ms

## waypipe bridge PSS under shm load (foot flood)
MEAS bridge_client_pss_start_mb 6.9 MB
MEAS bridge_client_pss_peak_mb 8.8 MB
MEAS bridge_rchar_delta_kb 48022 KB
MEAS teardown_benchflood_ms 2819 ms

## per-silo on-disk overhead
MEAS silo_store_mb 1432 MB
MEAS silo_runsc_state_mb 0 MB
MEAS silo_runtime_mb 1 MB
[bench] 0 passes, 0 failures
