
## provision silos (broker allow + images)
silos.yaml: benchhead argv -> ["qdistro-tier3s-smoke", "--hold", "900"]
silos.yaml: benchflood argv -> ["foot", "-e", "/bin/sh", "-c", "while true; do head -c 2097152 /dev/urandom | base64; done"]

## env
MEAS kernel 7.2.8-1-default -
MEAS nproc 4 -
MEAS mem_total_mb 3913 MB
MEAS selinux Enforcing -
MEAS runsc_release 20260928.0 -
MEAS runsc_version runsc version release-20260928.0 -
MEAS host_is_vm kvm -
MEAS commit fed144ef7d3e9cb9382b77cecae057e40aea8262 -
MEAS utc 2026-10-07T01:26:16Z -

## cold start to window (tier3s GUI launch)
MEAS cold_start_to_window_ms_1 1947 ms
MEAS cold_startsilo_call_ms_1 2095 ms
MEAS teardown_benchgui_ms 2660 ms
MEAS cold_start_to_window_ms_2 1656 ms
MEAS cold_startsilo_call_ms_2 1805 ms
MEAS teardown_benchgui_ms 2748 ms
MEAS cold_start_to_window_ms_3 1931 ms
MEAS cold_startsilo_call_ms_3 2045 ms
MEAS teardown_benchgui_ms 2751 ms
MEAS t2_podman_create_start_ms_1 255 ms
MEAS t2_podman_create_start_ms_2 216 ms
MEAS t2_podman_create_start_ms_3 205 ms

## idle memory
MEAS t3s_gui_scope_memory_current_mb 52.6 MB
MEAS t3s_gui_scope_pss_mb 187.1 MB
MEAS t3s_gui_bridge_client_pss_mb 7.7 MB
MEAS t3s_gui_scope_procs 17 count
MEAS t3s_headless_scope_memory_current_mb 47.6 MB
MEAS t3s_headless_scope_pss_mb 96.2 MB
MEAS t3s_headless_scope_procs 23 count
MEAS t2_idle_memory_current_mb 0.5 MB
MEAS t2_idle_pss_mb 2.0 MB
MEAS t3s_gui_idle_cpu_pct 0.16 pct_core
MEAS t3s_headless_idle_cpu_pct 0.15 pct_core
MEAS t2_idle_cpu_pct 0.00 pct_core
MEAS teardown_benchgui_ms 2621 ms

## syscall cost (syscost binary, self-timed)
MEAS t2_runtime runc -
MEAS sys_host getpid_ms_per_100k=4.561 openclose_ms_per_20k=11.167 forkexec_ms_per_1k=417.214  -
MEAS sys_t2_runc getpid_ms_per_100k=4.313 openclose_ms_per_20k=12.012 forkexec_ms_per_1k=488.926  -
MEAS sys_t3s_systrap getpid_ms_per_100k=57.307 openclose_ms_per_20k=111.473 forkexec_ms_per_1k=5727.541  -
MEAS sys_t3s_systrap_nofastpath getpid_ms_per_100k=1287.806 openclose_ms_per_20k=931.064 forkexec_ms_per_1k=5281.489  -

## file I/O: tar xf ~200MB into a 1GiB tmpfs
MEAS io_tree_mb 200 MB
MEAS io_tar_host_ms 159 ms
MEAS io_tar_t2_ms_1 121 ms
MEAS io_tar_t2_ms_2 77 ms
MEAS io_tar_t3s_ms_1 453 ms
MEAS io_tar_t3s_ms_2 270 ms
MEAS io_tar_t3s_directfs_off_ms 273 ms

## waypipe bridge PSS under shm load (foot flood)
MEAS bridge_client_pss_start_mb 7.7 MB
MEAS bridge_client_pss_peak_mb 8.8 MB
MEAS bridge_rchar_delta_kb 49303 KB
MEAS teardown_benchflood_ms 2654 ms

## per-silo on-disk overhead
MEAS silo_store_mb 1360 MB
MEAS silo_runsc_state_mb 0 MB
MEAS silo_runtime_mb 1 MB
[bench] 0 passes, 0 failures
