[vm-exec] guest identity pinned (pid 4174 start 12676)
[vm-exec] Waiting... (polls=30s elapsed=30s)

## 0. preconditions
PASS: probe PASS (0)
PASS: weston-terminal image loaded (yes)
PASS: admin compositor socket present (yes)
PASS: qdshell is up (active)
PASS: pywayland available for admin (yes)
PASS: profile is dev (dev)
PASS: pre: control records (0)
PASS: pre: scopes (0)
PASS: pre: labelled containers (0)
PASS: pre: runsc-bundle processes (0)
PASS: pre: state root holds no container state (0)
PASS: pre: no cleanup call scope left (0)
PASS: pre: no cleanup work dir left (0)
PASS: CreateTier3sSilo s126a (Created)
PASS: broker answers allow for the GUI spawn (allow)

## 1. live GUI launch; the compositor names the tagged peer
PASS: launch up (e081c3be8ba622bff3fb6f7726c47d04)
PASS: qdshell observed the toplevel (handle 1) (yes)
PASS: compositor: toplevel_added names uid 1000 + the bridge client pid (1)
PASS: compositor: toplevel_security_context carries engine/app_id/instance=token (1)
PASS: compositor: toplevel_peer_identity names pid+starttime+uid of the real bridge client (1)

## 2. qdshell chrome: secctx-derived silo + deterministic colour
PASS: qdshell logged the deterministic palette colour for s126a (1)
PASS: observed line carries secctx app_id, colour and handle (1)
PASS: Tier3FocusIPC resolves the handle from the silo (HANDLE=1)
PASS: Tier3FocusIPC rejects a non-tier handle (9999) (error: handle=9999 is not a tier-3 toplevel)

## 3. RegisterLaunch bound the real peer (broker audit evidence)
PASS: audit: register row for s126a (1)
PASS: audit: register row records engine/app/instance claim (1)

## 4. per-interface: the secctx tag hides the privileged globals
PASS: registry probe as plain admin ran (0)
PASS: registry probe under the tier3s secctx tag ran (0)
PASS: control: wl_compositor visible to the tagged client (1)
PASS: control: wl_compositor visible to plain admin (1)
PASS: plain admin sees qdwin_shell_v1 (1)
PASS: tier3s-tagged client does NOT see qdwin_shell_v1 (0)
PASS: plain admin sees zwlr_layer_shell_v1 (1)
PASS: tier3s-tagged client does NOT see zwlr_layer_shell_v1 (0)
PASS: plain admin sees qdwin_nested_manager_v1 (1)
PASS: tier3s-tagged client does NOT see qdwin_nested_manager_v1 (0)
PASS: plain admin sees qdwin_locker_v1 (1)
PASS: tier3s-tagged client does NOT see qdwin_locker_v1 (0)
PASS: plain admin sees zwp_input_method_manager_v2 (1)
PASS: tier3s-tagged client does NOT see zwp_input_method_manager_v2 (0)
PASS: plain admin sees zwp_virtual_keyboard_manager_v1 (1)
PASS: tier3s-tagged client does NOT see zwp_virtual_keyboard_manager_v1 (0)
PASS: plain admin does NOT see wp_security_context_manager_v1 (shell-only) (0)
PASS: tier3s-tagged client does NOT see wp_security_context_manager_v1 (0)
PASS: plain admin does NOT see weston_capture_v1 (shell-only) (0)
PASS: tier3s-tagged client does NOT see weston_capture_v1 (0)
PASS: compositor logged the probe's tagged client acceptance (1)

## 5. per-interface operation denials (overrides OFF, real bridge path)
PASS: running compositor carries NO --qdwin-allowed-uid authorization override (0)
PASS: wlprobe image staged (probes baked into a local layer)
PASS: wlprobe workload profile + seccomp installed (yes)
PASS: bridge probe launch up (s126p1: output test)
PASS: bridge path: output-manager test refused (implementation error)
PASS: bridge path: test denial rode s126p1's tagged channel (1)
PASS: bridge probe launch up (s126p2: output apply)
PASS: bridge path: output-manager apply refused (implementation error)
PASS: bridge path: apply denial rode s126p2's tagged channel (1)
PASS: bridge probe launch up (s126p3: stream claim)
PASS: bridge path: stream-input claim(bogus) -> INVALID_TOKEN
PASS: bridge path: stream claim rode s126p3's tagged channel (1)
PASS: tagged peer still enumerates zwlr_output_manager_v1 (1)
PASS: tagged peer: output-manager test refused (implementation error) (0)
PASS: tagged peer: test denial carried the implementation-error line (1)
PASS: tagged peer: output-manager apply refused (implementation error) (0)
PASS: tagged peer: apply denial carried the implementation-error line (1)
PASS: tagged peer enumerates qdwin_stream_input_v1 (public by design) (1)
PASS: tagged peer: stream-input claim(bogus) -> INVALID_TOKEN (0:[qdistro-test-stream-claim-probe] claim -> invalid_token (as expected))
PASS: compositor logged INVALID_TOKEN for the tagged claim (yes)

## 5b. single-attach: a consumed tier3s context refuses a second client
PASS: secctx listener path for the held tagged client (yes)
PASS: compositor tagged the held client (context consumed)
PASS: second connect on the consumed context is refused (live EOF) (recv_eof)
PASS: compositor logged the refused extra connection (1)
PASS: the held context still has exactly ONE accepted client (no second tag) (1)

## 6. teardown
PASS: all three bridge-probe containers exited with their probes
PASS: StopSilo s126a (Stopped)
PASS: teardown: all 14 launch processes gone (pid+starttime)
PASS: teardown: scope qdistro-tier3s-e081c3be8ba622bff3fb6f7726c47d04.scope gone (unit down, /sys/fs/cgroup/system.slice/qdistro-tier3s-e081c3be8ba622bff3fb6f7726c47d04.scope absent)
PASS: teardown: per-launch dir /run/qdistro-tier3s/e081c3be8ba622bff3fb6f7726c47d04 gone
PASS: teardown: control record /run/qdistro-tier3s-ctl/e081c3be8ba622bff3fb6f7726c47d04 gone
PASS: teardown: container qdistro-tier3s-s126a gone (podman exists rc=1)
PASS: teardown: no runsc state for 83c2fcb92f30 in /run/qdistro-tier3s-runsc/1000
PASS: teardown: bridge client+wrapper gone (pid+starttime)
PASS: teardown: secctx listener wayland-secctx-5220-0 revoked
PASS: teardown: launch record /run/user/1000/qdistro-tier3s-launchrec-e98dbd3f546a109aa2c3b32b4976b9ba.pid removed
PASS: DeleteSilo s126a (absent)
PASS: end: control records (0)
PASS: end: scopes (0)
PASS: end: labelled containers (0)
PASS: end: runsc-bundle processes (0)
PASS: end: state root holds no container state (0)
PASS: end: no cleanup call scope left (0)
PASS: end: no cleanup work dir left (0)
[s126] 91 passes, 0 failures
[vm-exec] --- stderr ---
Getting image source signatures
Copying blob sha256:92d88fc1926ef312968d109b4f23670f4415454e0e2e21ec623e5f774371a09f
Copying blob sha256:2e2b19f0aed4387375639da47c6ad902eeb31c03fc8f0543efa42253a19d9ba1
Copying blob sha256:4707d85f385659b083831d2689ec6c016eae0bcded2c219250176bd066093d53
Copying blob sha256:a90b2f34426dc385c8c4c7ea2f5feb1d4fb9cb9280dff61225b6eee78b7ad91d
Copying blob sha256:41dd107359efd1632b51fb676f208604d199a83bc0745c34755cbd6c39988119
Copying blob sha256:56af25ee43293020a03444c17fbc990e020b8feb76e4876c7b1805fe38a8e541
Copying blob sha256:5e7cff997e05a80adc420dad3d474f708ee82e179c3149bef9abacfdb904a4c0
Copying blob sha256:e658eef0433656674de0392495eaf981d7db14bc7a01e6984a1c964d774e0073
Copying blob sha256:a8d64c088bc09c79ffed498a807c6142746ad3b2fad6b8760fb221e4cf63a5e6
Copying config sha256:6134dae9b54293ab7d8d9c4b1b822fa2c0b446dd103db7d7c889a30f1d8db321
Writing manifest to image destination
[vm-exec] --- end stderr ---
