[vm-exec] guest identity pinned (pid 4107 start 7319)
[vm-exec] Waiting... (polls=30s elapsed=30s)

## 0. preconditions
PASS: probe PASS (0)
PASS: weston-terminal image loaded (yes)
PASS: foot image loaded (yes)
PASS: admin compositor socket present (yes)
PASS: qdshell is up (active)
PASS: ydotoold socket present (input injection path) (yes)
PASS: profile is dev (dev)
PASS: pre: control records (0)
PASS: pre: scopes (0)
PASS: pre: labelled containers (0)
PASS: pre: runsc-bundle processes (0)
PASS: pre: state root holds no container state (0)
PASS: pre: no cleanup call scope left (0)
PASS: pre: no cleanup work dir left (0)
PASS: CreateTier3sSilo s124w (Created)
PASS: CreateTier3sSilo s124f (Created)
PASS: broker answers allow (weston-terminal spawn) (allow)
PASS: broker answers allow (foot spawn) (allow)

## 1. weston-terminal renders through the bridge
PASS: s124w launch up (token 9570320951ae6559ffa163c0979cb045)
FAIL: weston toplevel carries the [3s:s124w] title prefix: got '0', want '1'
PASS: weston: findSiloHandle resolves the tier3s toplevel (HANDLE=1)
PASS: weston: injectFocus accepted for the tier3s handle (ok handle=1 seat=default)
PASS: weston: compositor reports focus on handle 1 (yes)
PASS: weston: compositor mapped a committed frame (mapped handle=1) (1)
PASS: weston: typed command created /tmp/s124-s124w-typed INSIDE the sandbox

## 2. foot renders through the bridge
PASS: s124f launch up (token aec789faf40375a09a138b6bb07e5b93)
PASS: foot toplevel carries the [3s:s124f] title prefix (1)
PASS: foot: findSiloHandle resolves the tier3s toplevel (HANDLE=2)
PASS: foot: injectFocus accepted for the tier3s handle (ok handle=2 seat=default)
PASS: foot: compositor reports focus on handle 2 (yes)
PASS: foot: compositor mapped a committed frame (mapped handle=2) (1)
PASS: foot: typed command created /tmp/s124-s124f-typed INSIDE the sandbox

## 3. per-workload seccomp profile exercised inside each running container
PASS: s124w: launch argv names the weston-terminal.json profile (weston-terminal.json)
PASS: s124w: fchmodat ALLOW effective (plain chmod) (chmod_rc=0 mode=600)
PASS: s124w: fchmodat2 path (chmod -h) EPERM, mode unchanged (nofollow_rc=1 eperm=1 mode=600)
PASS: s124w: link/linkat DENY effective (ln_rc=1 eperm=1)
PASS: s124w: llistxattr ALLOW effective (ls -l clean) (ls_rc=0 stderr_bytes=0)
PASS: s124w: NoNewPrivs + seccomp filter mode inside (nnp=1 seccomp=2)
PASS: s124f: launch argv names the foot.json profile (foot.json)
PASS: s124f: fchmodat ALLOW effective (plain chmod) (chmod_rc=0 mode=600)
PASS: s124f: fchmodat2 path (chmod -h) EPERM, mode unchanged (nofollow_rc=1 eperm=1 mode=600)
PASS: s124f: link/linkat DENY effective (ln_rc=1 eperm=1)
PASS: s124f: llistxattr ALLOW effective (ls -l clean) (ls_rc=0 stderr_bytes=0)
PASS: s124f: NoNewPrivs + seccomp filter mode inside (nnp=1 seccomp=2)

## 4. teardown removes both toplevels
PASS: StopSilo s124w (Stopped)
PASS: StopSilo s124f (Stopped)
PASS: teardown/s124w: all 12 launch processes gone (pid+starttime)
PASS: teardown/s124w: scope qdistro-tier3s-9570320951ae6559ffa163c0979cb045.scope gone (unit down, /sys/fs/cgroup/system.slice/qdistro-tier3s-9570320951ae6559ffa163c0979cb045.scope absent)
PASS: teardown/s124w: per-launch dir /run/qdistro-tier3s/9570320951ae6559ffa163c0979cb045 gone
PASS: teardown/s124w: control record /run/qdistro-tier3s-ctl/9570320951ae6559ffa163c0979cb045 gone
PASS: teardown/s124w: container qdistro-tier3s-s124w gone (podman exists rc=1)
PASS: teardown/s124w: no runsc state for c884f9c753eb in /run/qdistro-tier3s-runsc/1000
PASS: teardown/s124w: bridge client+wrapper gone (pid+starttime)
PASS: teardown/s124w: secctx listener wayland-secctx-5274-0 revoked
PASS: teardown/s124w: launch record /run/user/1000/qdistro-tier3s-launchrec-40624147e7d06ad3db3d5dbc5b05d827.pid removed
PASS: s124w: compositor logged toplevel_removed for handle 1 (1)
PASS: teardown/s124f: all 12 launch processes gone (pid+starttime)
PASS: teardown/s124f: scope qdistro-tier3s-aec789faf40375a09a138b6bb07e5b93.scope gone (unit down, /sys/fs/cgroup/system.slice/qdistro-tier3s-aec789faf40375a09a138b6bb07e5b93.scope absent)
PASS: teardown/s124f: per-launch dir /run/qdistro-tier3s/aec789faf40375a09a138b6bb07e5b93 gone
PASS: teardown/s124f: control record /run/qdistro-tier3s-ctl/aec789faf40375a09a138b6bb07e5b93 gone
PASS: teardown/s124f: container qdistro-tier3s-s124f gone (podman exists rc=1)
PASS: teardown/s124f: no runsc state for 11c9ad271086 in /run/qdistro-tier3s-runsc/1000
PASS: teardown/s124f: bridge client+wrapper gone (pid+starttime)
PASS: teardown/s124f: secctx listener wayland-secctx-6138-0 revoked
PASS: teardown/s124f: launch record /run/user/1000/qdistro-tier3s-launchrec-ea6e72a72c5bb601de96b47e4f17b775.pid removed
PASS: s124f: compositor logged toplevel_removed for handle 2 (1)
PASS: DeleteSilo s124w (absent)
PASS: DeleteSilo s124f (absent)
PASS: end: control records (0)
PASS: end: scopes (0)
PASS: end: labelled containers (0)
PASS: end: runsc-bundle processes (0)
PASS: end: state root holds no container state (0)
PASS: end: no cleanup call scope left (0)
PASS: end: no cleanup work dir left (0)
[s124] 74 passes, 1 failures
