[vm-exec] guest identity pinned (pid 3688 start 3307)

## 0. preconditions
PASS: probe PASS (0)
PASS: weston-terminal image loaded (yes)
PASS: admin compositor socket present (yes)
PASS: qdshell is up (active)
PASS: pywayland available for admin (yes)
PASS: profile is dev (dev)
PASS: pre: control records (0)
PASS: pre: scopes (0)
PASS: pre: labelled containers (0)
PASS: pre: runsc-bundle processes (0)
PASS: pre: state root holds no container state (0)
PASS: pre: no cleanup call scope left (0)
PASS: pre: no cleanup work dir left (0)
PASS: CreateTier3sSilo s126a (Created)
PASS: broker answers allow for the GUI spawn (allow)

## 1. live GUI launch; the compositor names the tagged peer
PASS: launch up (ed24b18ce29661fcc62d2f76bb9a6875)
PASS: qdshell observed the toplevel (handle 1) (yes)
PASS: compositor: toplevel_added names uid 1000 + the bridge client pid (1)
PASS: compositor: toplevel_security_context carries engine/app_id/instance=token (1)
PASS: compositor: toplevel_peer_identity names pid+starttime+uid of the real bridge client (1)

## 2. qdshell chrome: secctx-derived silo + deterministic colour
PASS: qdshell logged the deterministic palette colour for s126a (1)
PASS: observed line carries secctx app_id, colour and handle (1)
PASS: Tier3FocusIPC resolves the handle from the silo (HANDLE=1)
PASS: Tier3FocusIPC rejects a non-tier handle (9999) (error: handle=9999 is not a tier-3 toplevel)

## 3. RegisterLaunch bound the real peer (broker audit evidence)
PASS: audit: register row for s126a (1)
PASS: audit: register row records engine/app/instance claim (1)

## 4. per-interface: the secctx tag hides the privileged globals
PASS: registry probe as plain admin ran (0)
PASS: registry probe under the tier3s secctx tag ran (0)
PASS: control: wl_compositor visible to the tagged client (1)
PASS: control: wl_compositor visible to plain admin (1)
PASS: plain admin sees qdwin_shell_v1 (1)
PASS: tier3s-tagged client does NOT see qdwin_shell_v1 (0)
PASS: plain admin sees zwlr_layer_shell_v1 (1)
PASS: tier3s-tagged client does NOT see zwlr_layer_shell_v1 (0)
PASS: plain admin sees qdwin_nested_manager_v1 (1)
PASS: tier3s-tagged client does NOT see qdwin_nested_manager_v1 (0)
PASS: plain admin sees qdwin_locker_v1 (1)
PASS: tier3s-tagged client does NOT see qdwin_locker_v1 (0)
PASS: plain admin sees zwp_input_method_manager_v2 (1)
PASS: tier3s-tagged client does NOT see zwp_input_method_manager_v2 (0)
PASS: plain admin sees zwp_virtual_keyboard_manager_v1 (1)
PASS: tier3s-tagged client does NOT see zwp_virtual_keyboard_manager_v1 (0)
PASS: plain admin does NOT see wp_security_context_manager_v1 (shell-only) (0)
PASS: tier3s-tagged client does NOT see wp_security_context_manager_v1 (0)
PASS: plain admin does NOT see weston_capture_v1 (shell-only) (0)
PASS: tier3s-tagged client does NOT see weston_capture_v1 (0)
PASS: compositor logged the probe's tagged client acceptance (1)

## 5. per-interface operation denials (overrides OFF, real bridge path)
PASS: running compositor carries NO --qdwin-allowed-uid authorization override (0)
PASS: wlprobe image staged (probes baked into a local layer)
PASS: wlprobe workload profile + seccomp installed (yes)
PASS: bridge probe launch up (s126p1: output test)
PASS: bridge path: output-manager test refused (implementation error)
PASS: bridge path: test denial rode s126p1's tagged channel (1)
PASS: bridge probe launch up (s126p2: output apply)
PASS: bridge path: output-manager apply refused (implementation error)
PASS: bridge path: apply denial rode s126p2's tagged channel (1)
PASS: bridge probe launch up (s126p3: stream claim)
PASS: bridge path: stream-input claim(bogus) -> INVALID_TOKEN
PASS: bridge path: stream claim rode s126p3's tagged channel (1)
PASS: tagged peer still enumerates zwlr_output_manager_v1 (1)
PASS: tagged peer: output-manager test refused (implementation error) (0)
PASS: tagged peer: test denial carried the implementation-error line (1)
PASS: tagged peer: output-manager apply refused (implementation error) (0)
PASS: tagged peer: apply denial carried the implementation-error line (1)
PASS: tagged peer enumerates qdwin_stream_input_v1 (public by design) (1)
PASS: tagged peer: stream-input claim(bogus) -> INVALID_TOKEN (0:[qdistro-test-stream-claim-probe] claim -> invalid_token (as expected))
PASS: compositor logged INVALID_TOKEN for the tagged claim (yes)

## 5b. single-attach: a consumed tier3s context refuses a second client
PASS: secctx listener path for the held tagged client (yes)
PASS: compositor tagged the held client (context consumed)
PASS: second connect on the consumed context is refused (live EOF) (recv_eof)
PASS: compositor logged the refused extra connection (1)
PASS: the held context still has exactly ONE accepted client (no second tag) (1)

## 6. teardown
PASS: all three bridge-probe containers exited with their probes
PASS: StopSilo s126a (Stopped)
PASS: teardown: all 17 launch processes gone (pid+starttime)
PASS: teardown: scope qdistro-tier3s-ed24b18ce29661fcc62d2f76bb9a6875.scope gone (unit down, /sys/fs/cgroup/system.slice/qdistro-tier3s-ed24b18ce29661fcc62d2f76bb9a6875.scope absent)
PASS: teardown: per-launch dir /run/qdistro-tier3s/ed24b18ce29661fcc62d2f76bb9a6875 gone
PASS: teardown: control record /run/qdistro-tier3s-ctl/ed24b18ce29661fcc62d2f76bb9a6875 gone
PASS: teardown: container qdistro-tier3s-s126a gone (podman exists rc=1)
PASS: teardown: no runsc state for a52dfe35da6f in /run/qdistro-tier3s-runsc/1000
PASS: teardown: bridge client+wrapper gone (pid+starttime)
PASS: teardown: secctx listener wayland-secctx-4776-0 revoked
PASS: teardown: launch record /run/user/1000/qdistro-tier3s-launchrec-0527c35ba11147735920777daee25cbf.pid removed
PASS: DeleteSilo s126a (absent)
PASS: end: control records (0)
PASS: end: scopes (0)
PASS: end: labelled containers (0)
PASS: end: runsc-bundle processes (0)
PASS: end: state root holds no container state (0)
PASS: end: no cleanup call scope left (0)
PASS: end: no cleanup work dir left (0)
[s126] 91 passes, 0 failures
[vm-exec] --- stderr ---
Getting image source signatures
Copying blob sha256:adeadba9fb134b42ae958e80aed86bd784d33552bd0aa66add2285cab0705552
Copying blob sha256:a03c2279c187c1bc96c778b98cd64d099d75bd5aab56356b0741815dcd529c23
Copying blob sha256:d70d2d066a98d0e8707dcaccd928138cef71482cf782a6c5a2c1c0dcab8411f0
Copying blob sha256:707197dc3c820f0042705dd980eec76a1c3a5dcd4bd6ac219e92678532c8840c
Copying blob sha256:1550cdfe07ae0851ace30121891a493ccab49b8f6fd5aeb54bb6b073cd6e15fc
Copying blob sha256:199fd6366f97672fd7ec0ab2a72ff5b41ea6e6ab522c1e9bd8c3bfcaaa56f1fc
Copying blob sha256:8aec96234a9d5008e7bd76724e171e156beeb44b83dfb86777ea15ddb54b6956
Copying blob sha256:e9eef737b51ad8418716d94a2ac12ed378aa5ca08560d4178925b580320e920e
Copying blob sha256:b7e80e7d37fef66aae57828e133c8eea921ade0245abf784fda427dea22abc76
Copying config sha256:e7637562f01264de77ec4bbaa6037f270719297521768a56c917979721e80dee
Writing manifest to image destination
[vm-exec] --- end stderr ---
