1..1
# [tier3s] tested commit e80b9798b8427b4cd28555b6fac721d22724afb9; runsc 20260928.0 (sha512 ok); image b946b97f16fe65cfc11de00505e32f6d774d498bf28ad44433bdb6f7105d5548
# [vm-exec] guest identity pinned (pid 1175 start 706)
# 
# ## 0. guest
# INFO: profile: QDISTRO_PROFILE=dev 
# INFO: kernel 7.2.8-1-default; podman version 6.0.2; systemd 261 (261.2); selinux Permissive
# PASS: o10: worker image (built without QDISTRO_TIER3S=1) carries no tier 3s file
# 
# ## 1. stage the tested commit, root-owned
# PASS: staged src.tar
# INFO: tested commit e80b9798b8427b4cd28555b6fac721d22724afb9
# PASS: staged tree has the tier 3s sources (yes)
# 
# ## 2. installer WITHOUT QDISTRO_TIER3S (owner O10: installs nothing tier 3s)
#     install-session-manager: tier 3s not installed (QDISTRO_TIER3S is not 1; paravirt O10)
# PASS: o10: installer without the flag rc (0)
# PASS: o10: installer without the flag says so (1)
# PASS: o10: no tier 3s file after the installer ran without the flag
# 
# ## 3. installer WITH QDISTRO_TIER3S=1 from the tested commit
#     session manager ready on org.qdistro.SessionManager1
# PASS: installer with QDISTRO_TIER3S=1 rc (0)
# PASS: installed /usr/lib/qdistro/tier3s/spawn-tier3s.sh = tested commit (6c8b54b65f0dc593d437de78eda1033ba49c35d4e0bae03ca7385ca261725aba)
# PASS: installed /usr/lib/qdistro/tier3s/spawn-tier3s.sh owner/mode (root:root 755)
# PASS: installed /usr/lib/qdistro/tier3s/probe.sh = tested commit (ab33f366968738fdb5db3e93a9f19308dc8d19bb022815154109f149e73bb1ba)
# PASS: installed /usr/lib/qdistro/tier3s/probe.sh owner/mode (root:root 755)
# PASS: installed /usr/lib/qdistro/tier3s/tier3s-runsc = tested commit (3d55537c56376d12767d8de902ec76f968915f71d2a5433b5d93ab1296c33a85)
# PASS: installed /usr/lib/qdistro/tier3s/tier3s-runsc owner/mode (root:root 755)
# PASS: installed /usr/lib/qdistro/tier3s/RUNSC_RELEASE = tested commit (b0b60c5230d11c46eb52588e308ef93eba3cbff4ce5871d929059c8fa969b3a3)
# PASS: installed /usr/lib/qdistro/tier3s/RUNSC_RELEASE owner/mode (root:root 644)
# PASS: installed /usr/lib/qdistro/tier3s/seccomp/foot.json = tested commit (f7b8c94fcc26455cb986e3eb1bbd37785cb1bfd3d54f233a17e6f0ba3c7459f6)
# PASS: installed /usr/lib/qdistro/tier3s/seccomp/foot.json owner/mode (root:root 644)
# PASS: installed /usr/lib/qdistro/tier3s/seccomp/headless-smoke.json = tested commit (13c0e63dd2684e4f9a5c30b38d2e71b363ab33fc1bb7f68b4f53b8a8aa29b41d)
# PASS: installed /usr/lib/qdistro/tier3s/seccomp/headless-smoke.json owner/mode (root:root 644)
# PASS: installed /usr/lib/qdistro/tier3s/seccomp/weston-terminal.json = tested commit (0384b8f78a14e515046bc484c87755e5568e2db5a6e7494e44a68180814e981d)
# PASS: installed /usr/lib/qdistro/tier3s/seccomp/weston-terminal.json owner/mode (root:root 644)
# PASS: installed /usr/libexec/qdistro/qdistro-tier3s-scope = tested commit (ed58ac1beb23dd8bc66d39db6a23c33cc2c80dfe3953ebc835d6275297aec25b)
# PASS: installed /usr/libexec/qdistro/qdistro-tier3s-scope owner/mode (root:root 755)
# PASS: installed /usr/libexec/qdistro/qdistro-tier3s-cleanup = tested commit (99cc7d01197fb87e7331e81482407807f2e480470cf7525d4773bbe8f0a9d26d)
# PASS: installed /usr/libexec/qdistro/qdistro-tier3s-cleanup owner/mode (root:root 755)
# PASS: installed /usr/lib/tmpfiles.d/qdistro-tier3s.conf = tested commit (a4896cb3d4ac70444da2a1a520ec7e9caf2a9232602a70372d38cbded39ee6ca)
# PASS: installed /usr/lib/tmpfiles.d/qdistro-tier3s.conf owner/mode (root:root 644)
# PASS: installed /etc/systemd/system/qdistro-tier3s-silo@.service = tested commit (fb081df29bd074601e35eddd142beb9cdb49c13d85640c8252ee39c19de4d1ff)
# PASS: installed /etc/systemd/system/qdistro-tier3s-silo@.service owner/mode (root:root 644)
# PASS: installed /usr/libexec/qdistro/qdistro-tier3s-silo-launch = tested commit (47778f48cb4735f7abc0882d51fbda407fa6488476d5c1ef0e04a59d928a1692)
# PASS: installed /usr/libexec/qdistro/qdistro-tier3s-silo-launch owner/mode (root:root 755)
# PASS: installed /usr/libexec/qdistro/qdistro_session_manager.py = tested commit (e392b9c2f396e8a49b32d34d845732879b630d15a1a145dab60334696692aae9)
# PASS: installed /usr/libexec/qdistro/qdistro_session_manager.py owner/mode (root:root 755)
# PASS: installed broker = tested commit (795a4606e292760d93968d36f67abacf6c39e54ede90763f2e4a7a0e5e58cc1a)
# PASS: tmpfiles: state root (1000:1000 700)
# PASS: tmpfiles: control dir (root:root 700)
# PASS: tmpfiles: per-launch parent (root:root 755)
# PASS: tmpfiles: tier3s stanza dir (root:root 700)
# PASS: runsc not installed by the installer (no)
# PASS: unit loaded from /etc (/etc/systemd/system/qdistro-tier3s-silo@.service)
# PASS: unit StopPropagatedFrom (O11) (qdistro-session-manager.service)
# PASS: session manager runs the installed code (pid 2026, serves CreateTier3sSilo)
# PASS: broker has the rules-only tier3s prefix (1)
# 
# ## 4. runsc: offline provision from the staged, pin-checked tarball
# PASS: runsc tarball sha512 = pin (20260928.0) (4ce35ca83aef7f96b06cde668e0b23aa98b05aa1829508e974196c2a1e02786c95f5bf79315fd7ddcfd88fe7a00f083ed8053e25eff7673d28d5256440caae8b)
#     provision-runsc: all 6 pinned files verified
#     provision-runsc: runsc --version: runsc version release-20260928.0
#     provision-runsc: PASS: installed runsc 20260928.0 to /usr/libexec/qdistro/runsc
# PASS: provision-runsc.sh --offline rc (0)
#     PASS profile: dev (/etc/qdistro/profile)
#     PASS kernel: >= 5.6 (7.2.8-1-default)
#     PASS seccomp: /proc/sys/kernel/seccomp present (actions: kill_process kill_thread trap errno user_notif trace log allow)
#     PASS userns: max_user_namespaces=15373 (minimum, not capacity)
#     PASS ptrace_scope: 1 (<= 2)
#     PASS subuid: admin:100000:65536
#     PASS subgid: admin:100000:65536
#     PASS newuidmap: /usr/bin/newuidmap
#     PASS newgidmap: /usr/bin/newgidmap
#     PASS pin: /usr/lib/qdistro/tier3s/RUNSC_RELEASE release=20260928.0
#     PASS runsc: release stamp matches pin; /usr/libexec/qdistro/runsc/runsc present (not yet executed)
#     PASS install_path: /usr/libexec/qdistro/runsc and ancestors up to /: real dirs, uid 0, not group/other-writable
#     PASS bundle: /usr/libexec/qdistro/runsc: 6 files, exact set, sha512 match pin
#     PASS runsc_version: runsc version release-20260928.0 (matches pin, rc=0; executed the verified inode 65027:34975352)
#     PASS wrapper: /usr/libexec/qdistro/tier3s-runsc (identical to /usr/lib/qdistro/tier3s/tier3s-runsc)
#     PASS workloads: /usr/lib/qdistro/tier3s/workloads (3 declaration(s))
#     PASS state_root: /run/qdistro-tier3s-runsc/1000 (uid 1000 0700 under /run/qdistro-tier3s-runsc)
#     PASS podman: 6.0.2 (>= 6)
#     PASS podman_runtime: --runtime /usr/libexec/qdistro/tier3s-runsc recorded
#     PASS label_disable: accepted (|[label=disable])
#     INFO kvm: /dev/kvm present (not used: --platform=systrap)
#     INFO selinux: Permissive
#     RESULT PASS: tier 3s prerequisites present
# PASS: installed probe rc (0)
# PASS: installed probe RESULT (1)
# PASS: probe state_root (1)
# 
# ## 5. workload image from the OCI archive (built once with registry access)
# PASS: image archive and manifest staged
#     IMAGE_FOOT=qdistro/tier3s-foot:latest
#     IMAGE_ID_FOOT=23df00e7b98f62630b8c241034ab286de9e648f64e3074c1b194499a13958580
#     IMAGE_DIGEST_FOOT=sha256:d926fda661a2fac43a51367a33fb05143dc0100341e5ad440114e8774cc1f051
#     IMAGE_HEADLESS_SMOKE=qdistro/tier3s-headless-smoke:latest
#     IMAGE_ID_HEADLESS_SMOKE=b946b97f16fe65cfc11de00505e32f6d774d498bf28ad44433bdb6f7105d5548
#     IMAGE_DIGEST_HEADLESS_SMOKE=sha256:ca8941f8bb6330a11759bf11054a76cce9dd3eed93771f22d4ae57fb8b6f6118
#     IMAGE_WESTON_TERMINAL=qdistro/tier3s-weston-terminal:latest
#     IMAGE_ID_WESTON_TERMINAL=9da5bb93929139cfaa310f9fb844276a1e0c3bf2e4b989cf1b7075f027e036dc
#     IMAGE_DIGEST_WESTON_TERMINAL=sha256:645f9811b548b73f2d5be4e4b9ef40ee56cc298561e2bfd7ee0e814a6356aa28
#     IMAGE_SNAPSHOT=20261002
#     IMAGE_ARCHIVE_SHA256_FOOT=e2054953d3f26e12ff1db2a8d36fc98c77ee9c5b13ae6d406bdcd12453514bf5
#     IMAGE_ARCHIVE_SHA256_HEADLESS_SMOKE=968608090669617b0277480a4427709fa94bb2829d7f3cb1c6ec5e7b7451f569
#     IMAGE_ARCHIVE_SHA256_WESTON_TERMINAL=d236f781e542227c7cc99cdc70c99371b9ea0a2c8dda48179057cc4a84a4683e
#     INPUT_KEY=f338e6a293004385c2b716b5a6b51d84
#     BUILT_FROM_COMMIT=57228790c6fe6db693146e3fd76cbc7cff302706
#     BUILD_VM=qci-bats-phase7-tier3s-headless-261004-224817-2678810-16822
#     BUILT_AT=2026-10-04T21:43:43Z
#     IMAGE=qdistro/tier3s-headless-smoke:latest
#     IMAGE_ID=b946b97f16fe65cfc11de00505e32f6d774d498bf28ad44433bdb6f7105d5548
#     IMAGE_DIGEST=sha256:ca8941f8bb6330a11759bf11054a76cce9dd3eed93771f22d4ae57fb8b6f6118
#     IMAGE_ARCHIVE_SHA256=968608090669617b0277480a4427709fa94bb2829d7f3cb1c6ec5e7b7451f569
# PASS: archive sha256 = manifest (968608090669617b0277480a4427709fa94bb2829d7f3cb1c6ec5e7b7451f569)
# PASS: manifest snapshot = snapshot.conf pin (20261002)
# PASS: manifest input key = the tested commit's image inputs (f338e6a293004385c2b716b5a6b51d84)
#     Writing manifest to image destination
#     Loaded image: localhost/qdistro/tier3s-headless-smoke:latest
# PASS: podman load (admin) rc (0)
# PASS: loaded image ID = manifest IMAGE_ID (b946b97f16fe65cfc11de00505e32f6d774d498bf28ad44433bdb6f7105d5548)
# PASS: image snapshot label = pin (20261002)
# IMAGE_ID=b946b97f16fe65cfc11de00505e32f6d774d498bf28ad44433bdb6f7105d5548
# IMAGE_DIGEST=sha256:43c5c8eb2db29a0742dd632caf53fa2cce45856ebf47b471c2fa05fb899c3660
# INFO: the manifest digest changes across the oci-archive round trip (manifest re-serialized; build VM: sha256:ca8941f8bb6330a11759bf11054a76cce9dd3eed93771f22d4ae57fb8b6f6118); the asserted identity is the image ID (config digest)
# 
# ## 6. broker allow rule for the smoke spawn
# PASS: broker without a rule (unknown)
# PASS: broker with the allow rule (allow)
# PASS: setup: control records (0)
# PASS: setup: scopes (0)
# PASS: setup: labelled containers (0)
# PASS: setup: runsc-bundle processes (0)
# PASS: setup: state root holds no container state (0)
# PASS: setup: no cleanup call scope left (0)
# PASS: setup: no cleanup work dir left (0)
# [t3s-setup] 64 passes, 0 failures
# [tier3s] t3s-setup transcript: /home/play2/qdistro/qdistro/.worktrees/qdistro-tier3s-c/ci/runs/bats-20261004T220908Z-2997588/bats/phase7-tier3s-sigkill-cleanup.bats.scratch/t3s-setup.log
# [vm-exec] guest identity pinned (pid 3358 start 2084)
# [vm-exec] Waiting... (polls=30s elapsed=30s)
# 
# ## 0. preconditions
# PASS: probe PASS (0)
# PASS: broker allows the smoke spawn (allow)
# PASS: launch unit carries StopPropagatedFrom= the manager (O11) (qdistro-session-manager.service)
# PASS: pre: control records (0)
# PASS: pre: scopes (0)
# PASS: pre: labelled containers (0)
# PASS: pre: runsc-bundle processes (0)
# PASS: pre: state root holds no container state (0)
# PASS: pre: no cleanup call scope left (0)
# PASS: pre: no cleanup work dir left (0)
# PASS: CreateTier3sSilo s122a (Created)
# PASS: CreateTier3sSilo s122b (Created)
#     silos.yaml: s122a argv -> ["qdistro-tier3s-smoke", "--hold", "600"]
#     silos.yaml: s122b argv -> ["qdistro-tier3s-smoke", "--hold", "600"]
# 
# ## 1. launcher SIGKILL (service failure), three times (ExecStopPost races the scope stop)
# PASS: sigkill#1: launch d8ef5b4767367c527c870cb34f61f1a9 up
# PASS: sigkill#1: launch unit failed visibly (failed:signal)
#     unit: qdistro-tier3s-silo@s122a.service: Sent signal SIGKILL to main process 4152 (spawn-tier3s.sh) on client request.
#     unit: qdistro-tier3s-silo@s122a.service: Main process exited, code=killed, status=9/KILL
#     unit: qdistro-tier3s-cleanup: d8ef5b4767367c527c870cb34f61f1a9: torn down (qdistro-tier3s-s122a)
#     unit: qdistro-tier3s-silo@s122a.service: Failed with result 'signal'.
#     unit: qdistro-tier3s-silo@s122a.service: Consumed 1.005s CPU time over 4.922s wall clock time.
# PASS: launcher-sigkill#1: all 17 launch processes gone (pid+starttime)
# PASS: launcher-sigkill#1: scope qdistro-tier3s-d8ef5b4767367c527c870cb34f61f1a9.scope gone (unit down, /sys/fs/cgroup/system.slice/qdistro-tier3s-d8ef5b4767367c527c870cb34f61f1a9.scope absent)
# PASS: launcher-sigkill#1: per-launch dir /run/qdistro-tier3s/d8ef5b4767367c527c870cb34f61f1a9 gone
# PASS: launcher-sigkill#1: control record /run/qdistro-tier3s-ctl/d8ef5b4767367c527c870cb34f61f1a9 gone
# PASS: launcher-sigkill#1: container qdistro-tier3s-s122a gone (podman exists rc=1)
# PASS: launcher-sigkill#1: no runsc state for 0b4b68fb58d0 in /run/qdistro-tier3s-runsc/1000
# PASS: sigkill#1: StopSilo afterwards reaches Stopped (Stopped)
# PASS: sigkill#2: launch a9aed6e75f01f85bdbd776861b565b1f up
# PASS: sigkill#2: launch unit failed visibly (failed:signal)
#     unit: qdistro-tier3s-silo@s122a.service: Sent signal SIGKILL to main process 5048 (spawn-tier3s.sh) on client request.
#     unit: qdistro-tier3s-silo@s122a.service: Main process exited, code=killed, status=9/KILL
#     unit: qdistro-tier3s-cleanup: a9aed6e75f01f85bdbd776861b565b1f: torn down (qdistro-tier3s-s122a)
#     unit: qdistro-tier3s-silo@s122a.service: Failed with result 'signal'.
#     unit: qdistro-tier3s-silo@s122a.service: Consumed 1.004s CPU time over 4.374s wall clock time.
# PASS: launcher-sigkill#2: all 17 launch processes gone (pid+starttime)
# PASS: launcher-sigkill#2: scope qdistro-tier3s-a9aed6e75f01f85bdbd776861b565b1f.scope gone (unit down, /sys/fs/cgroup/system.slice/qdistro-tier3s-a9aed6e75f01f85bdbd776861b565b1f.scope absent)
# PASS: launcher-sigkill#2: per-launch dir /run/qdistro-tier3s/a9aed6e75f01f85bdbd776861b565b1f gone
# PASS: launcher-sigkill#2: control record /run/qdistro-tier3s-ctl/a9aed6e75f01f85bdbd776861b565b1f gone
# PASS: launcher-sigkill#2: container qdistro-tier3s-s122a gone (podman exists rc=1)
# PASS: launcher-sigkill#2: no runsc state for debeb345914f in /run/qdistro-tier3s-runsc/1000
# PASS: sigkill#2: StopSilo afterwards reaches Stopped (Stopped)
# PASS: sigkill#3: launch 680453cb629f0e9d5f3fedb78a4ee2fc up
# PASS: sigkill#3: launch unit failed visibly (failed:signal)
#     unit: qdistro-tier3s-silo@s122a.service: Sent signal SIGKILL to main process 5894 (spawn-tier3s.sh) on client request.
#     unit: qdistro-tier3s-silo@s122a.service: Main process exited, code=killed, status=9/KILL
#     unit: qdistro-tier3s-cleanup: 680453cb629f0e9d5f3fedb78a4ee2fc: torn down (qdistro-tier3s-s122a)
#     unit: qdistro-tier3s-silo@s122a.service: Failed with result 'signal'.
#     unit: qdistro-tier3s-silo@s122a.service: Consumed 1.015s CPU time over 4.446s wall clock time.
# PASS: launcher-sigkill#3: all 17 launch processes gone (pid+starttime)
# PASS: launcher-sigkill#3: scope qdistro-tier3s-680453cb629f0e9d5f3fedb78a4ee2fc.scope gone (unit down, /sys/fs/cgroup/system.slice/qdistro-tier3s-680453cb629f0e9d5f3fedb78a4ee2fc.scope absent)
# PASS: launcher-sigkill#3: per-launch dir /run/qdistro-tier3s/680453cb629f0e9d5f3fedb78a4ee2fc gone
# PASS: launcher-sigkill#3: control record /run/qdistro-tier3s-ctl/680453cb629f0e9d5f3fedb78a4ee2fc gone
# PASS: launcher-sigkill#3: container qdistro-tier3s-s122a gone (podman exists rc=1)
# PASS: launcher-sigkill#3: no runsc state for df68898e7efa in /run/qdistro-tier3s-runsc/1000
# PASS: sigkill#3: StopSilo afterwards reaches Stopped (Stopped)
# 
# ## 2. O11: session-manager STOP tears down every live launch
# PASS: manager-stop: two launches up (c29b703ed93714b2850a73a5269019ec, 8b38554350a44448b34ac7e85ee9d7e9)
# PASS: manager-stop: systemctl stop qdistro-session-manager.service rc (0)
# PASS: manager-stop: manager inactive (inactive)
# PASS: manager-stop: qdistro-tier3s-silo@s122a.service stopped through the verified cleanup (1)
# PASS: manager-stop: qdistro-tier3s-silo@s122a.service stopped before the manager (After= order) (yes)
# PASS: manager-stop/s122a: all 17 launch processes gone (pid+starttime)
# PASS: manager-stop/s122a: scope qdistro-tier3s-c29b703ed93714b2850a73a5269019ec.scope gone (unit down, /sys/fs/cgroup/system.slice/qdistro-tier3s-c29b703ed93714b2850a73a5269019ec.scope absent)
# PASS: manager-stop/s122a: per-launch dir /run/qdistro-tier3s/c29b703ed93714b2850a73a5269019ec gone
# PASS: manager-stop/s122a: control record /run/qdistro-tier3s-ctl/c29b703ed93714b2850a73a5269019ec gone
# PASS: manager-stop/s122a: container qdistro-tier3s-s122a gone (podman exists rc=1)
# PASS: manager-stop/s122a: no runsc state for e0f9679538d7 in /run/qdistro-tier3s-runsc/1000
# PASS: manager-stop: qdistro-tier3s-silo@s122b.service stopped through the verified cleanup (1)
# PASS: manager-stop: qdistro-tier3s-silo@s122b.service stopped before the manager (After= order) (yes)
# PASS: manager-stop/s122b: all 17 launch processes gone (pid+starttime)
# PASS: manager-stop/s122b: scope qdistro-tier3s-8b38554350a44448b34ac7e85ee9d7e9.scope gone (unit down, /sys/fs/cgroup/system.slice/qdistro-tier3s-8b38554350a44448b34ac7e85ee9d7e9.scope absent)
# PASS: manager-stop/s122b: per-launch dir /run/qdistro-tier3s/8b38554350a44448b34ac7e85ee9d7e9 gone
# PASS: manager-stop/s122b: control record /run/qdistro-tier3s-ctl/8b38554350a44448b34ac7e85ee9d7e9 gone
# PASS: manager-stop/s122b: container qdistro-tier3s-s122b gone (podman exists rc=1)
# PASS: manager-stop/s122b: no runsc state for 1f321fe75db2 in /run/qdistro-tier3s-runsc/1000
# PASS: manager-stop: control records (0)
# PASS: manager-stop: scopes (0)
# PASS: manager-stop: labelled containers (0)
# PASS: manager-stop: runsc-bundle processes (0)
# PASS: manager-stop: state root holds no container state (0)
# PASS: manager-stop: no cleanup call scope left (0)
# PASS: manager-stop: no cleanup work dir left (0)
# PASS: manager-stop: manager started again (yes)
# PASS: manager-stop/s122a: relaunched with a fresh token (e450ebd463de4830baa9a36ea756abf6, was c29b703ed93714b2850a73a5269019ec)
# PASS: manager-stop/s122a: the new launch is recorded running (running)
# PASS: manager-stop/s122a: its container runs under the new token (running:e450ebd463de4830baa9a36ea756abf6)
# PASS: manager-stop/s122a: its owning scope is live (active)
# PASS: manager-stop/s122b: relaunched with a fresh token (a4ea41beada42a25d04b0111f414faa1, was 8b38554350a44448b34ac7e85ee9d7e9)
# PASS: manager-stop/s122b: the new launch is recorded running (running)
# PASS: manager-stop/s122b: its container runs under the new token (running:a4ea41beada42a25d04b0111f414faa1)
# PASS: manager-stop/s122b: its owning scope is live (active)
# PASS: manager-stop-after: control records (0)
# PASS: manager-stop-after: scopes (0)
# PASS: manager-stop-after: labelled containers (0)
# PASS: manager-stop-after: runsc-bundle processes (0)
# PASS: manager-stop-after: state root holds no container state (0)
# PASS: manager-stop-after: no cleanup call scope left (0)
# PASS: manager-stop-after: no cleanup work dir left (0)
# 
# ## 3. session-manager crash (SIGKILL) and restart
# PASS: manager-crash: launch f1c769be4d331a5fc40765a2ec976dc5 up
# PASS: manager-crash: manager back with a new pid (yes)
# PASS: manager-crash: all 17 launch processes gone (pid+starttime)
# PASS: manager-crash: scope qdistro-tier3s-f1c769be4d331a5fc40765a2ec976dc5.scope gone (unit down, /sys/fs/cgroup/system.slice/qdistro-tier3s-f1c769be4d331a5fc40765a2ec976dc5.scope absent)
# PASS: manager-crash: per-launch dir /run/qdistro-tier3s/f1c769be4d331a5fc40765a2ec976dc5 gone
# PASS: manager-crash: control record /run/qdistro-tier3s-ctl/f1c769be4d331a5fc40765a2ec976dc5 gone
# PASS: manager-crash: container qdistro-tier3s-s122a gone (podman exists rc=1)
# PASS: manager-crash: no runsc state for ae25317ccdb3 in /run/qdistro-tier3s-runsc/1000
# PASS: manager-crash: relaunched with a fresh token (5347485d3ab57a713bfe70d9bd300d14, was f1c769be4d331a5fc40765a2ec976dc5)
# PASS: manager-crash: the new launch is recorded running (running)
# PASS: manager-crash: its container runs under the new token (running:5347485d3ab57a713bfe70d9bd300d14)
# PASS: manager-crash: its owning scope is live (active)
#     unit: Stopping qdistro tier-3s (gVisor) silo s122a (Experimental, dev profile only)...
#     unit: qdistro-tier3s-cleanup: f1c769be4d331a5fc40765a2ec976dc5: torn down (qdistro-tier3s-s122a)
#     unit: Stopped qdistro tier-3s (gVisor) silo s122a (Experimental, dev profile only).
# PASS: manager-crash: systemd completed a stop job for the old launch unit (yes)
# PASS: manager-crash: the old launch got the verified cleanup (1)
# PASS: manager-crash: StopSilo (Stopped)
# PASS: manager-restart: launch 15915b789084998662fffbf53371609c up
# PASS: manager-restart: manager back with a new pid (yes)
# PASS: manager-restart: all 17 launch processes gone (pid+starttime)
# PASS: manager-restart: scope qdistro-tier3s-15915b789084998662fffbf53371609c.scope gone (unit down, /sys/fs/cgroup/system.slice/qdistro-tier3s-15915b789084998662fffbf53371609c.scope absent)
# PASS: manager-restart: per-launch dir /run/qdistro-tier3s/15915b789084998662fffbf53371609c gone
# PASS: manager-restart: control record /run/qdistro-tier3s-ctl/15915b789084998662fffbf53371609c gone
# PASS: manager-restart: container qdistro-tier3s-s122a gone (podman exists rc=1)
# PASS: manager-restart: no runsc state for fc1dc624c3c2 in /run/qdistro-tier3s-runsc/1000
# PASS: manager-restart: relaunched with a fresh token (49f054bd426004927fda9e803be19630, was 15915b789084998662fffbf53371609c)
# PASS: manager-restart: the new launch is recorded running (running)
# PASS: manager-restart: its container runs under the new token (running:49f054bd426004927fda9e803be19630)
# PASS: manager-restart: its owning scope is live (active)
#     unit: Stopping qdistro tier-3s (gVisor) silo s122a (Experimental, dev profile only)...
#     unit: qdistro-tier3s-cleanup: 15915b789084998662fffbf53371609c: torn down (qdistro-tier3s-s122a)
#     unit: Stopped qdistro tier-3s (gVisor) silo s122a (Experimental, dev profile only).
# PASS: manager-restart: systemd completed a stop job for the old launch unit (yes)
# PASS: manager-restart: the old launch got the verified cleanup (1)
# PASS: manager-restart: StopSilo (Stopped)
# PASS: manager-restarts: control records (0)
# PASS: manager-restarts: scopes (0)
# PASS: manager-restarts: labelled containers (0)
# PASS: manager-restarts: runsc-bundle processes (0)
# PASS: manager-restarts: state root holds no container state (0)
# PASS: manager-restarts: no cleanup call scope left (0)
# PASS: manager-restarts: no cleanup work dir left (0)
# 
# ## 4. reconciliation: the manager's in-memory state is lost
# PASS: reconcile/recorded: live launch 3d81b88215aa60134dc2ad58271dc463 started while the manager was down
# PASS: reconcile/recorded: the launch is live and labelled (running:3d81b88215aa60134dc2ad58271dc463)
# PASS: reconcile/recorded: the restarted manager stopped the unknown launch unit (1)
# PASS: reconcile/recorded: all 17 launch processes gone (pid+starttime)
# PASS: reconcile/recorded: scope qdistro-tier3s-3d81b88215aa60134dc2ad58271dc463.scope gone (unit down, /sys/fs/cgroup/system.slice/qdistro-tier3s-3d81b88215aa60134dc2ad58271dc463.scope absent)
# PASS: reconcile/recorded: per-launch dir /run/qdistro-tier3s/3d81b88215aa60134dc2ad58271dc463 gone
# PASS: reconcile/recorded: control record /run/qdistro-tier3s-ctl/3d81b88215aa60134dc2ad58271dc463 gone
# PASS: reconcile/recorded: container qdistro-tier3s-s122a gone (podman exists rc=1)
# PASS: reconcile/recorded: no runsc state for 1d739fbfe46f in /run/qdistro-tier3s-runsc/1000
# PASS: reconcile/recorded: silo not relaunched (it was Stopped) (Stopped)
# PASS: reconcile/unrecorded: live launch 6a089bded62611c16af03cf5142b64ed started while the manager was down
# PASS: reconcile/unrecorded: the launch is live and labelled (running:6a089bded62611c16af03cf5142b64ed)
# PASS: reconcile/unrecorded: control record removed by hand (no)
# PASS: reconcile/unrecorded: the restarted manager stopped the unknown launch unit (1)
# PASS: reconcile/unrecorded: all 17 launch processes gone (pid+starttime)
# PASS: reconcile/unrecorded: scope qdistro-tier3s-6a089bded62611c16af03cf5142b64ed.scope gone (unit down, /sys/fs/cgroup/system.slice/qdistro-tier3s-6a089bded62611c16af03cf5142b64ed.scope absent)
# PASS: reconcile/unrecorded: per-launch dir /run/qdistro-tier3s/6a089bded62611c16af03cf5142b64ed gone
# PASS: reconcile/unrecorded: control record /run/qdistro-tier3s-ctl/6a089bded62611c16af03cf5142b64ed gone
# PASS: reconcile/unrecorded: container qdistro-tier3s-s122a gone (podman exists rc=1)
# PASS: reconcile/unrecorded: no runsc state for b39dc1d47cf0 in /run/qdistro-tier3s-runsc/1000
# PASS: reconcile/unrecorded: silo not relaunched (it was Stopped) (Stopped)
# 
# ## 5. reconciliation: a live labelled container with no launch unit at all
# PASS: ghost: labelled container live with no unit and no record (running:no:inactive)
# PASS: ghost: reconciliation reaped the labelled container (podman exists rc) (1)
# PASS: ghost: its sandbox (State.Pid 17140) is gone (no)
# PASS: ghost: the manager reported no reconciliation failure (0)
# 
# ## 6. cleanup
# PASS: DeleteSilo s122a (absent)
# PASS: DeleteSilo s122b (absent)
# PASS: end: control records (0)
# PASS: end: scopes (0)
# PASS: end: labelled containers (0)
# PASS: end: runsc-bundle processes (0)
# PASS: end: state root holds no container state (0)
# PASS: end: no cleanup call scope left (0)
# PASS: end: no cleanup work dir left (0)
# [s122] 152 passes, 0 failures
# [tier3s] s122 transcript: /home/play2/qdistro/qdistro/.worktrees/qdistro-tier3s-c/ci/runs/bats-20261004T220908Z-2997588/bats/phase7-tier3s-sigkill-cleanup.bats.scratch/s122.log
ok 1 phase7-tier3s-sigkill-cleanup: SIGKILL, manager stop (O11), crash, restart, reconciliation
