1..1
# [tier3s] tested commit 7ad3518c31227d6a0e24a8ea287241b7efc4fa8d; runsc 20260928.0 (sha512 ok); image 1eee52a21ad86f065d227988b4ff8e279fe838e4ed84ee77f2aed0d372deae92
# [vm-exec] guest identity pinned (pid 1231 start 2044)
# [vm-exec] Waiting... (polls=30s elapsed=32s)
# 
# ## 0. guest
# INFO: profile: QDISTRO_PROFILE=dev 
# INFO: kernel 7.2.8-1-default; podman version 6.0.2; systemd 261 (261.2); selinux Permissive
# PASS: o10: worker image (built without QDISTRO_TIER3S=1) carries no tier 3s file
# 
# ## 1. stage the tested commit, root-owned
# PASS: staged src.tar
# INFO: tested commit 7ad3518c31227d6a0e24a8ea287241b7efc4fa8d
# PASS: staged tree has the tier 3s sources (yes)
# 
# ## 2. installer WITHOUT QDISTRO_TIER3S (owner O10: installs nothing tier 3s)
#     install-session-manager: tier 3s not installed (QDISTRO_TIER3S is not 1; paravirt O10)
# PASS: o10: installer without the flag rc (0)
# PASS: o10: installer without the flag says so (1)
# PASS: o10: no tier 3s file after the installer ran without the flag
# 
# ## 3. installer WITH QDISTRO_TIER3S=1 from the tested commit
#     session manager ready on org.qdistro.SessionManager1
# PASS: installer with QDISTRO_TIER3S=1 rc (0)
# PASS: installed /usr/lib/qdistro/tier3s/spawn-tier3s.sh = tested commit (0fd8c55c2c72d567e5898c54f6877567b558f14436aa159f02104c0c4a4f2035)
# PASS: installed /usr/lib/qdistro/tier3s/spawn-tier3s.sh owner/mode (root:root 755)
# PASS: installed /usr/lib/qdistro/tier3s/probe.sh = tested commit (ab33f366968738fdb5db3e93a9f19308dc8d19bb022815154109f149e73bb1ba)
# PASS: installed /usr/lib/qdistro/tier3s/probe.sh owner/mode (root:root 755)
# PASS: installed /usr/lib/qdistro/tier3s/tier3s-runsc = tested commit (2fb499ed49e8e866a20eea62d85de39653e236a9e4d14db9b608aa76417d4fce)
# PASS: installed /usr/lib/qdistro/tier3s/tier3s-runsc owner/mode (root:root 755)
# PASS: installed /usr/lib/qdistro/tier3s/RUNSC_RELEASE = tested commit (b0b60c5230d11c46eb52588e308ef93eba3cbff4ce5871d929059c8fa969b3a3)
# PASS: installed /usr/lib/qdistro/tier3s/RUNSC_RELEASE owner/mode (root:root 644)
# PASS: installed /usr/lib/qdistro/tier3s/seccomp/foot.json = tested commit (f7b8c94fcc26455cb986e3eb1bbd37785cb1bfd3d54f233a17e6f0ba3c7459f6)
# PASS: installed /usr/lib/qdistro/tier3s/seccomp/foot.json owner/mode (root:root 644)
# PASS: installed /usr/lib/qdistro/tier3s/seccomp/headless-smoke.json = tested commit (13c0e63dd2684e4f9a5c30b38d2e71b363ab33fc1bb7f68b4f53b8a8aa29b41d)
# PASS: installed /usr/lib/qdistro/tier3s/seccomp/headless-smoke.json owner/mode (root:root 644)
# PASS: installed /usr/lib/qdistro/tier3s/seccomp/weston-terminal.json = tested commit (0384b8f78a14e515046bc484c87755e5568e2db5a6e7494e44a68180814e981d)
# PASS: installed /usr/lib/qdistro/tier3s/seccomp/weston-terminal.json owner/mode (root:root 644)
# PASS: installed /usr/libexec/qdistro/qdistro-tier3s-scope = tested commit (ed58ac1beb23dd8bc66d39db6a23c33cc2c80dfe3953ebc835d6275297aec25b)
# PASS: installed /usr/libexec/qdistro/qdistro-tier3s-scope owner/mode (root:root 755)
# PASS: installed /usr/libexec/qdistro/qdistro-tier3s-cleanup = tested commit (99cc7d01197fb87e7331e81482407807f2e480470cf7525d4773bbe8f0a9d26d)
# PASS: installed /usr/libexec/qdistro/qdistro-tier3s-cleanup owner/mode (root:root 755)
# PASS: installed /usr/lib/tmpfiles.d/qdistro-tier3s.conf = tested commit (a4896cb3d4ac70444da2a1a520ec7e9caf2a9232602a70372d38cbded39ee6ca)
# PASS: installed /usr/lib/tmpfiles.d/qdistro-tier3s.conf owner/mode (root:root 644)
# PASS: installed /etc/systemd/system/qdistro-tier3s-silo@.service = tested commit (fb081df29bd074601e35eddd142beb9cdb49c13d85640c8252ee39c19de4d1ff)
# PASS: installed /etc/systemd/system/qdistro-tier3s-silo@.service owner/mode (root:root 644)
# PASS: installed /usr/libexec/qdistro/qdistro-tier3s-silo-launch = tested commit (47778f48cb4735f7abc0882d51fbda407fa6488476d5c1ef0e04a59d928a1692)
# PASS: installed /usr/libexec/qdistro/qdistro-tier3s-silo-launch owner/mode (root:root 755)
# PASS: installed /usr/libexec/qdistro/qdistro_session_manager.py = tested commit (e392b9c2f396e8a49b32d34d845732879b630d15a1a145dab60334696692aae9)
# PASS: installed /usr/libexec/qdistro/qdistro_session_manager.py owner/mode (root:root 755)
# PASS: installed broker = tested commit (795a4606e292760d93968d36f67abacf6c39e54ede90763f2e4a7a0e5e58cc1a)
# PASS: tmpfiles: state root (1000:1000 700)
# PASS: tmpfiles: control dir (root:root 700)
# PASS: tmpfiles: per-launch parent (root:root 755)
# PASS: tmpfiles: tier3s stanza dir (root:root 700)
# PASS: runsc not installed by the installer (no)
# PASS: unit loaded from /etc (/etc/systemd/system/qdistro-tier3s-silo@.service)
# PASS: unit StopPropagatedFrom (O11) (qdistro-session-manager.service)
# PASS: session manager runs the installed code (pid 1985, serves CreateTier3sSilo)
# PASS: broker has the rules-only tier3s prefix (1)
# 
# ## 4. runsc: offline provision from the staged, pin-checked tarball
# PASS: runsc tarball sha512 = pin (20260928.0) (4ce35ca83aef7f96b06cde668e0b23aa98b05aa1829508e974196c2a1e02786c95f5bf79315fd7ddcfd88fe7a00f083ed8053e25eff7673d28d5256440caae8b)
#     provision-runsc: all 6 pinned files verified
#     provision-runsc: runsc --version: runsc version release-20260928.0
#     provision-runsc: PASS: installed runsc 20260928.0 to /usr/libexec/qdistro/runsc
# PASS: provision-runsc.sh --offline rc (0)
#     PASS profile: dev (/etc/qdistro/profile)
#     PASS kernel: >= 5.6 (7.2.8-1-default)
#     PASS seccomp: /proc/sys/kernel/seccomp present (actions: kill_process kill_thread trap errno user_notif trace log allow)
#     PASS userns: max_user_namespaces=15373 (minimum, not capacity)
#     PASS ptrace_scope: 1 (<= 2)
#     PASS subuid: admin:100000:65536
#     PASS subgid: admin:100000:65536
#     PASS newuidmap: /usr/bin/newuidmap
#     PASS newgidmap: /usr/bin/newgidmap
#     PASS pin: /usr/lib/qdistro/tier3s/RUNSC_RELEASE release=20260928.0
#     PASS runsc: release stamp matches pin; /usr/libexec/qdistro/runsc/runsc present (not yet executed)
#     PASS install_path: /usr/libexec/qdistro/runsc and ancestors up to /: real dirs, uid 0, not group/other-writable
#     PASS bundle: /usr/libexec/qdistro/runsc: 6 files, exact set, sha512 match pin
#     PASS runsc_version: runsc version release-20260928.0 (matches pin, rc=0; executed the verified inode 65027:6312861)
#     PASS wrapper: /usr/libexec/qdistro/tier3s-runsc (identical to /usr/lib/qdistro/tier3s/tier3s-runsc)
#     PASS workloads: /usr/lib/qdistro/tier3s/workloads (3 declaration(s))
#     PASS state_root: /run/qdistro-tier3s-runsc/1000 (uid 1000 0700 under /run/qdistro-tier3s-runsc)
#     PASS podman: 6.0.2 (>= 6)
#     PASS podman_runtime: --runtime /usr/libexec/qdistro/tier3s-runsc recorded
#     PASS label_disable: accepted (|[label=disable])
#     INFO kvm: /dev/kvm present (not used: --platform=systrap)
#     INFO selinux: Permissive
#     RESULT PASS: tier 3s prerequisites present
# PASS: installed probe rc (0)
# PASS: installed probe RESULT (1)
# PASS: probe state_root (1)
# 
# ## 5. workload image from the OCI archive (built once with registry access)
# PASS: image archive and manifest staged
#     IMAGE_FOOT=qdistro/tier3s-foot:latest
#     IMAGE_ID_FOOT=4149fd5f34546cf0b73329384de250e6397b2ff8b52783c1aea6faacefa62237
#     IMAGE_DIGEST_FOOT=sha256:a12fd56776fbf601f6deea509f210e38d9938bde4c64f1ae1f2b55ea78b72e1a
#     IMAGE_HEADLESS_SMOKE=qdistro/tier3s-headless-smoke:latest
#     IMAGE_ID_HEADLESS_SMOKE=1eee52a21ad86f065d227988b4ff8e279fe838e4ed84ee77f2aed0d372deae92
#     IMAGE_DIGEST_HEADLESS_SMOKE=sha256:784f5445a0f6471a43ecced8d10e78378b1f06e2319f85d24682e546d013aa6f
#     IMAGE_WESTON_TERMINAL=qdistro/tier3s-weston-terminal:latest
#     IMAGE_ID_WESTON_TERMINAL=c1cfa112ea7171ba1c62d14d9adda09e40b530bd9f5b3e76cfaf4e29ff0b345e
#     IMAGE_DIGEST_WESTON_TERMINAL=sha256:b0e653ce4cff2ba0dd66c184eb8a442f1faa75f92ec98141162b47ce300ff64f
#     IMAGE_SNAPSHOT=20260930
#     IMAGE_ARCHIVE_SHA256_FOOT=5c39ff8f01a7e7fa827dbf281a512609ffa2cd80bb663ede2ae153df70e76695
#     IMAGE_ARCHIVE_SHA256_HEADLESS_SMOKE=6c4d8e6efd1c50fe4e0c664cbc99e2edf62f0eb9ac73e781822c238da1852437
#     IMAGE_ARCHIVE_SHA256_WESTON_TERMINAL=7affcd190a15508bd2d2f9e99cd8050487906d70b13bb3a15c962c05fc425056
#     INPUT_KEY=7a3aa746fecb90fbff03f540eceeb495
#     BUILT_FROM_COMMIT=7517e36e3e3b017cbf4f4607c18a9a7e6c86f4a8
#     BUILD_VM=qdistro-tester5
#     BUILT_AT=2026-10-03T11:00:41Z
#     IMAGE=qdistro/tier3s-headless-smoke:latest
#     IMAGE_ID=1eee52a21ad86f065d227988b4ff8e279fe838e4ed84ee77f2aed0d372deae92
#     IMAGE_DIGEST=sha256:784f5445a0f6471a43ecced8d10e78378b1f06e2319f85d24682e546d013aa6f
#     IMAGE_ARCHIVE_SHA256=6c4d8e6efd1c50fe4e0c664cbc99e2edf62f0eb9ac73e781822c238da1852437
# PASS: archive sha256 = manifest (6c4d8e6efd1c50fe4e0c664cbc99e2edf62f0eb9ac73e781822c238da1852437)
# PASS: manifest snapshot = snapshot.conf pin (20260930)
# PASS: manifest input key = the tested commit's image inputs (7a3aa746fecb90fbff03f540eceeb495)
#     Writing manifest to image destination
#     Loaded image: localhost/qdistro/tier3s-headless-smoke:latest
# PASS: podman load (admin) rc (0)
# PASS: loaded image ID = manifest IMAGE_ID (1eee52a21ad86f065d227988b4ff8e279fe838e4ed84ee77f2aed0d372deae92)
# PASS: image snapshot label = pin (20260930)
# IMAGE_ID=1eee52a21ad86f065d227988b4ff8e279fe838e4ed84ee77f2aed0d372deae92
# IMAGE_DIGEST=sha256:87045662a7f6622895173c482f57ea425abf915facafffd854950d5b5f05d69e
# INFO: the manifest digest changes across the oci-archive round trip (manifest re-serialized; build VM: sha256:784f5445a0f6471a43ecced8d10e78378b1f06e2319f85d24682e546d013aa6f); the asserted identity is the image ID (config digest)
# 
# ## 6. broker allow rule for the smoke spawn
# PASS: broker without a rule (unknown)
# PASS: broker with the allow rule (allow)
# PASS: setup: control records (0)
# PASS: setup: scopes (0)
# PASS: setup: labelled containers (0)
# PASS: setup: runsc-bundle processes (0)
# PASS: setup: state root holds no container state (0)
# PASS: setup: no cleanup call scope left (0)
# PASS: setup: no cleanup work dir left (0)
# [t3s-setup] 64 passes, 0 failures
# [tier3s] t3s-setup transcript: /var/tmp/t3s-qci-b-4729fce58/ci/runs/bats-20261004T202011Z-2424301/bats/phase7-tier3s-headless.bats.scratch/t3s-setup.log
# [vm-exec] guest identity pinned (pid 3526 start 5502)
# [vm-exec] Waiting... (polls=30s elapsed=31s)
# [vm-exec] Waiting... (polls=60s elapsed=62s)
# [vm-exec] Waiting... (polls=90s elapsed=93s)
# 
# ## 0. preconditions (setup ran)
# PASS: probe PASS before the launches (0:1)
# PASS: image present (yes)
# PASS: broker allows the smoke spawn (allow)
# PASS: pre: control records (0)
# PASS: pre: scopes (0)
# PASS: pre: labelled containers (0)
# PASS: pre: runsc-bundle processes (0)
# PASS: pre: state root holds no container state (0)
# PASS: pre: no cleanup call scope left (0)
# PASS: pre: no cleanup work dir left (0)
# PASS: CreateTier3sSilo s120x (Created)
# PASS: CreateTier3sSilo s120a (Created)
# PASS: CreateTier3sSilo s120b (Created)
#     silos.yaml: s120x argv -> ["qdistro-tier3s-smoke", "--hold", "12"]
#     silos.yaml: s120a argv -> ["qdistro-tier3s-smoke", "--hold", "600"]
#     silos.yaml: s120b argv -> ["qdistro-tier3s-smoke", "--hold", "600"]
# PASS: argv set with the manager restarted (yes)
# 
# ## 1. teardown path: normal exit (workload ends by itself after 12 s)
# PASS: normal-exit: launch b0fc57ee25ab8f96bdb528ad62e86a14 recorded running
# PASS: normal-exit: unit ended (inactive)
# PASS: normal-exit: unit Result (success)
# PASS: normal-exit: spawn exit status (0)
# PASS: normal-exit: workload ran to its end (no SIGTERM) (yes:0)
# PASS: normal-exit: verified cleanup tore the launch down (1)
# PASS: normal-exit: all 23 launch processes gone (pid+starttime)
# PASS: normal-exit: scope qdistro-tier3s-b0fc57ee25ab8f96bdb528ad62e86a14.scope gone (unit down, /sys/fs/cgroup/system.slice/qdistro-tier3s-b0fc57ee25ab8f96bdb528ad62e86a14.scope absent)
# PASS: normal-exit: per-launch dir /run/qdistro-tier3s/b0fc57ee25ab8f96bdb528ad62e86a14 gone
# PASS: normal-exit: control record /run/qdistro-tier3s-ctl/b0fc57ee25ab8f96bdb528ad62e86a14 gone
# PASS: normal-exit: container qdistro-tier3s-s120x gone (podman exists rc=1)
# PASS: normal-exit: no runsc state for 7907a338057a in /run/qdistro-tier3s-runsc/1000
# PASS: normal-exit: StopSilo afterwards (Stopped)
# 
# ## 2. live launch A: placement, identity, state root, record, posture
# PASS: launch A 6d0dab0d9287ba5d426dd156131e72a3 recorded running
# PASS: silo A Active (Active)
# PASS: Type=notify: StartSilo returned only once launch A was recorded running (running)
# PASS: placement[A]: runuser x1 inside qdistro-tier3s-6d0dab0d9287ba5d426dd156131e72a3.scope
# PASS: placement[A]: podman-cli x1 inside qdistro-tier3s-6d0dab0d9287ba5d426dd156131e72a3.scope
# PASS: placement[A]: conmon x1 inside qdistro-tier3s-6d0dab0d9287ba5d426dd156131e72a3.scope
# PASS: placement[A]: runsc-gofer x1 inside qdistro-tier3s-6d0dab0d9287ba5d426dd156131e72a3.scope
# PASS: placement[A]: runsc-sandbox x1 inside qdistro-tier3s-6d0dab0d9287ba5d426dd156131e72a3.scope
# PASS: placement[A]: runsc-fd-parking x1 inside qdistro-tier3s-6d0dab0d9287ba5d426dd156131e72a3.scope
# PASS: placement[A]: systrap-stub x15 inside qdistro-tier3s-6d0dab0d9287ba5d426dd156131e72a3.scope
# PASS: placement[A]: runsc-bundle processes outside the owning scope (of 18 inside) (0)
# PASS: placement[A]: recorded sentry and conmon are in the scope (1:1)
# PASS: placement[A]: every conmon of this launch host-wide is inside the scope (inside:outside) (some:0)
# PASS: placement[A]: every podman of this launch host-wide is inside the scope (inside:outside) (some:0)
# PASS: identity: podman's selected runtime is the tier3s wrapper (/usr/libexec/qdistro/tier3s-runsc)
# PASS: identity: State.Pid is the recorded sentry (6423)
# PASS: identity: State.ConmonPid is the recorded conmon (6403)
# PASS: identity: State.Pid exe sha512 = pin sidecar_gvisor_sentry_sha512 (2e1fe6c155f2b0662f06321813ff0f18df0921c4b02e7d978dec00c606d078ae528eddba40a105e2d11726d1586248e0b6ff2dc96f6a8effe16d4465a1df49c0)
# PASS: identity: gofer exe sha512 = pin runsc_sha512 (7393507f8b2525338ea627fece891939b44566ad70843eec30b6fb7b94e8955da054fa8c5464e019a5af8a295f842ab2e37c77d764a342b590ea987e1bbfc6b9)
# INFO: corroboration only: host processes in the scope named like the workload (sleep/qdistro-tier3s-smoke): 0
# INFO: corroboration only: in-sandbox SMOKE kernel=Linux version 4.19.0-gvisor #1 SMP Sun Jan 10 15:06:54 PST 2016
# INFO: corroboration only: in-sandbox SMOKE dmesg=[    0.000000] Starting gVisor...
# PASS: state root: plain podman ps lists A running (running)
# PASS: state root: plain podman ps --sync (runtime state query) rc (0)
# PASS: state root: A still running after the sync (running)
# PASS: state root: runsc state for A is in /run/qdistro-tier3s-runsc/1000 (yes)
# PASS: record: dir and state are root 0700 / 0600 (root 700 / root 600)
# PASS: record: container (qdistro-tier3s-s120a)
# PASS: record: token = container label (6d0dab0d9287ba5d426dd156131e72a3)
# PASS: record: container_id (81177590b50c1f2ea54302785ce368d52b1975036a9c921ed422efa2cab932cd)
# PASS: record: unit (qdistro-tier3s-silo@s120a.service)
# PASS: record: runsc_root (/run/qdistro-tier3s-runsc/1000)
# PASS: record: scope_cgroup = systemd's cgroup of the scope (/system.slice/qdistro-tier3s-6d0dab0d9287ba5d426dd156131e72a3.scope)
# PASS: record: sentry (pid, starttime) (6423 10189)
# PASS: record: conmon (pid, starttime) (6403 10187)
# PASS: record: per-launch dir is admin 0700 under the root parent (1000 700)
#     spec: user=1000:1000
#     spec: keepid=True
#     spec: readonly=True
#     spec: selinux_process_label=none
#     spec: label_annotation=disable
#     spec: seccomp_annotation=/usr/lib/qdistro/tier3s/seccomp/headless-smoke.json
#     spec: nnp=True
#     spec: caps_empty=True
#     spec: netns_fresh=True
#     spec: tmpfs/run/user/1000=True
#     spec: tmpfs/home/admin/.cache=True
#     spec: seccomp_default=SCMP_ACT_ERRNO/SCMP_ACT_ERRNO
#     spec: seccomp_allow_equal=True
#     spec: seccomp_allow_diff=[]
#     spec: decision_fchmodat2=DENY:DENY:DENY
#     spec: decision_llistxattr=ALLOW:ALLOW:ALLOW
#     spec: decision_setfsuid=DENY:DENY:DENY
#     spec: decision_setfsgid=DENY:DENY:DENY
#     spec: decision_fadvise64=DENY:DENY:DENY
#     spec: decision_link=DENY:DENY:DENY
#     spec: decision_syslog=ALLOW:ALLOW:ALLOW
# PASS: posture/spec: process user (admin keep-id) (1000:1000)
# PASS: posture/spec: keep-id maps container 1000 to the admin (rootless userns 0) (True)
# PASS: posture/spec: read-only root (True)
# PASS: posture/spec: label=disable (annotation, no process label) (disable:none)
# PASS: posture/spec: no-new-privileges (True)
# PASS: posture/spec: no capabilities in any set (True)
# PASS: posture/spec: podman network mode (none)
# PASS: posture/spec: fresh network namespace (True)
# PASS: posture/runsc: network=none on runsc-gofer (6418) (1)
# PASS: posture/runsc: network=none on runsc-sandbox (6423) (1)
# PASS: posture/spec: selected per-workload seccomp file (/usr/lib/qdistro/tier3s/seccomp/headless-smoke.json)
# PASS: posture/spec: seccomp default action (spec/file) (SCMP_ACT_ERRNO/SCMP_ACT_ERRNO)
# PASS: posture/spec: seccomp allow set = the file's allow set (True)
# PASS: posture/spec: tmpfs /run/user/1000 uid=1000,gid=1000 (True)
# PASS: posture/spec: tmpfs /home/admin/.cache uid=1000,gid=1000 (True)
# PASS: ΔA4 decision fchmodat2 (declared:profile:spec) (DENY:DENY:DENY)
# PASS: ΔA4 decision llistxattr (declared:profile:spec) (ALLOW:ALLOW:ALLOW)
# PASS: ΔA4 decision setfsuid (declared:profile:spec) (DENY:DENY:DENY)
# PASS: ΔA4 decision setfsgid (declared:profile:spec) (DENY:DENY:DENY)
# PASS: ΔA4 decision fadvise64 (declared:profile:spec) (DENY:DENY:DENY)
# PASS: ΔA4 decision link (declared:profile:spec) (DENY:DENY:DENY)
# PASS: ΔA4 decision syslog (declared:profile:spec) (ALLOW:ALLOW:ALLOW)
#     sandbox: Running as unit: qdistro-tier3s-6d0dab0d9287ba5d426dd156131e72a3.scope; invocation ID: f447e01dcf9b440c8dec2e67bdd1946d
#     sandbox: qdistro-tier3s-scope: /system.slice/qdistro-tier3s-6d0dab0d9287ba5d426dd156131e72a3.scope delegated to uid 1000 (dir, cgroup.procs, cgroup.subtree_control, cgroup.threads)
#     sandbox: pam_unix(runuser:session): session opened for user admin(uid=1000) by (uid=0)
#     sandbox: 2026-10-04 20:24:31.942280158 +0000 UTC m=+0.015532309 image pull 1eee52a21ad86f065d227988b4ff8e279fe838e4ed84ee77f2aed0d372deae92 localhost/qdistro/tier3s-headless-smoke:latest
#     sandbox: 2026-10-04 20:24:32.051177636 +0000 UTC m=+0.124429777 container create 81177590b50c1f2ea54302785ce368d52b1975036a9c921ed422efa2cab932cd (image=localhost/qdistro/tier3s-headless-smoke:latest, name=qdistro-tier3s-s120a, qdistro_tier3s_unit=qdistro-tier3s-silo@s120a.service, org.qdistro.snapshot=20260930, org.qdistro.tier3s.workload=headless-smoke, org.opencontainers.image.created=2026-09-30T20:05:54.126624488Z, org.opensuse.base.source=https://build.opensuse.org/package/show/openSUSE:Factory/opensuse-tumbleweed-image?rev=561f9d4c8e4e1a441f95ad4ec6b5a914, org.openbuildservice.disturl=obs://build.opensuse.org/openSUSE:Factory/images/561f9d4c8e4e1a441f95ad4ec6b5a914-opensuse-tumbleweed-image:docker, org.opencontainers.image.title=openSUSE Tumbleweed Base Container, io.buildah.version=1.44.1, org.opencontainers.image.vendor=openSUSE Project, org.opensuse.base.version=20260930.37.208, org.opensuse.base.lifecycle-url=https://en.opensuse.org/Lifetime, org.opensuse.base.created=2026-09-30T20:05:54.126624488Z, qdistro_tier3s_token=6d0dab0d9287ba5d426dd156131e72a3, org.opensuse.base.reference=registry.opensuse.org/opensuse/tumbleweed:20260930.37.208, org.opensuse.reference=registry.opensuse.org/opensuse/tumbleweed:20260930.37.208, org.opensuse.base.description=Image containing a minimal environment for containers based on openSUSE Tumbleweed., org.opensuse.base.vendor=openSUSE Project, org.opencontainers.image.source=https://build.opensuse.org/package/show/openSUSE:Factory/opensuse-tumbleweed-image?rev=561f9d4c8e4e1a441f95ad4ec6b5a914, org.opencontainers.image.version=20260930.37.208, org.opensuse.base.disturl=obs://build.opensuse.org/openSUSE:Factory/images/561f9d4c8e4e1a441f95ad4ec6b5a914-opensuse-tumbleweed-image:docker, org.opensuse.lifecycle-url=https://en.opensuse.org/Lifetime, org.opencontainers.image.description=Image containing a minimal environment for containers based on openSUSE Tumbleweed., org.opensuse.base.title=openSUSE Tumbleweed Base Container, org.opensuse.base.url=https://www.opensuse.org, org.opencontainers.image.url=https://www.opensuse.org)
#     sandbox: 2026-10-04 20:24:32.314779515 +0000 UTC m=+0.388031666 container init 81177590b50c1f2ea54302785ce368d52b1975036a9c921ed422efa2cab932cd (image=localhost/qdistro/tier3s-headless-smoke:latest, name=qdistro-tier3s-s120a, org.qdistro.snapshot=20260930, org.opensuse.reference=registry.opensuse.org/opensuse/tumbleweed:20260930.37.208, org.opensuse.base.description=Image containing a minimal environment for containers based on openSUSE Tumbleweed., org.opencontainers.image.created=2026-09-30T20:05:54.126624488Z, org.opensuse.base.reference=registry.opensuse.org/opensuse/tumbleweed:20260930.37.208, org.opencontainers.image.description=Image containing a minimal environment for containers based on openSUSE Tumbleweed., org.opensuse.base.title=openSUSE Tumbleweed Base Container, org.opensuse.base.vendor=openSUSE Project, io.buildah.version=1.44.1, org.opensuse.lifecycle-url=https://en.opensuse.org/Lifetime, org.openbuildservice.disturl=obs://build.opensuse.org/openSUSE:Factory/images/561f9d4c8e4e1a441f95ad4ec6b5a914-opensuse-tumbleweed-image:docker, org.opensuse.base.lifecycle-url=https://en.opensuse.org/Lifetime, org.opensuse.base.url=https://www.opensuse.org, org.qdistro.tier3s.workload=headless-smoke, org.opencontainers.image.source=https://build.opensuse.org/package/show/openSUSE:Factory/opensuse-tumbleweed-image?rev=561f9d4c8e4e1a441f95ad4ec6b5a914, org.opensuse.base.disturl=obs://build.opensuse.org/openSUSE:Factory/images/561f9d4c8e4e1a441f95ad4ec6b5a914-opensuse-tumbleweed-image:docker, qdistro_tier3s_unit=qdistro-tier3s-silo@s120a.service, org.opensuse.base.version=20260930.37.208, org.opencontainers.image.url=https://www.opensuse.org, org.opencontainers.image.version=20260930.37.208, org.opencontainers.image.title=openSUSE Tumbleweed Base Container, org.opencontainers.image.vendor=openSUSE Project, org.opensuse.base.source=https://build.opensuse.org/package/show/openSUSE:Factory/opensuse-tumbleweed-image?rev=561f9d4c8e4e1a441f95ad4ec6b5a914, org.opensuse.base.created=2026-09-30T20:05:54.126624488Z, qdistro_tier3s_token=6d0dab0d9287ba5d426dd156131e72a3)
#     sandbox: 2026-10-04 20:24:32.352122932 +0000 UTC m=+0.425375063 container start 81177590b50c1f2ea54302785ce368d52b1975036a9c921ed422efa2cab932cd (image=localhost/qdistro/tier3s-headless-smoke:latest, name=qdistro-tier3s-s120a, org.qdistro.tier3s.workload=headless-smoke, org.opensuse.base.description=Image containing a minimal environment for containers based on openSUSE Tumbleweed., org.opensuse.base.disturl=obs://build.opensuse.org/openSUSE:Factory/images/561f9d4c8e4e1a441f95ad4ec6b5a914-opensuse-tumbleweed-image:docker, org.opencontainers.image.vendor=openSUSE Project, org.opencontainers.image.description=Image containing a minimal environment for containers based on openSUSE Tumbleweed., org.opensuse.base.title=openSUSE Tumbleweed Base Container, org.opencontainers.image.url=https://www.opensuse.org, org.opensuse.base.created=2026-09-30T20:05:54.126624488Z, org.opensuse.base.vendor=openSUSE Project, org.opencontainers.image.created=2026-09-30T20:05:54.126624488Z, qdistro_tier3s_unit=qdistro-tier3s-silo@s120a.service, io.buildah.version=1.44.1, org.opensuse.base.url=https://www.opensuse.org, qdistro_tier3s_token=6d0dab0d9287ba5d426dd156131e72a3, org.opensuse.reference=registry.opensuse.org/opensuse/tumbleweed:20260930.37.208, org.opencontainers.image.version=20260930.37.208, org.opensuse.base.reference=registry.opensuse.org/opensuse/tumbleweed:20260930.37.208, org.opensuse.lifecycle-url=https://en.opensuse.org/Lifetime, org.openbuildservice.disturl=obs://build.opensuse.org/openSUSE:Factory/images/561f9d4c8e4e1a441f95ad4ec6b5a914-opensuse-tumbleweed-image:docker, org.qdistro.snapshot=20260930, org.opencontainers.image.source=https://build.opensuse.org/package/show/openSUSE:Factory/opensuse-tumbleweed-image?rev=561f9d4c8e4e1a441f95ad4ec6b5a914, org.opencontainers.image.title=openSUSE Tumbleweed Base Container, org.opensuse.base.version=20260930.37.208, org.opensuse.base.source=https://build.opensuse.org/package/show/openSUSE:Factory/opensuse-tumbleweed-image?rev=561f9d4c8e4e1a441f95ad4ec6b5a914, org.opensuse.base.lifecycle-url=https://en.opensuse.org/Lifetime)
#     sandbox: SMOKE snapshot=20260930
#     sandbox: 
#     sandbox: SMOKE kernel=Linux version 4.19.0-gvisor #1 SMP Sun Jan 10 15:06:54 PST 2016
#     sandbox: 2026-10-04 20:24:32.452097072 +0000 UTC m=+0.525349223 container attach 81177590b50c1f2ea54302785ce368d52b1975036a9c921ed422efa2cab932cd (image=localhost/qdistro/tier3s-headless-smoke:latest, name=qdistro-tier3s-s120a, org.opensuse.base.version=20260930.37.208, org.opensuse.base.created=2026-09-30T20:05:54.126624488Z, org.opencontainers.image.source=https://build.opensuse.org/package/show/openSUSE:Factory/opensuse-tumbleweed-image?rev=561f9d4c8e4e1a441f95ad4ec6b5a914, org.opensuse.base.disturl=obs://build.opensuse.org/openSUSE:Factory/images/561f9d4c8e4e1a441f95ad4ec6b5a914-opensuse-tumbleweed-image:docker, qdistro_tier3s_unit=qdistro-tier3s-silo@s120a.service, org.opensuse.base.title=openSUSE Tumbleweed Base Container, org.opensuse.base.source=https://build.opensuse.org/package/show/openSUSE:Factory/opensuse-tumbleweed-image?rev=561f9d4c8e4e1a441f95ad4ec6b5a914, org.openbuildservice.disturl=obs://build.opensuse.org/openSUSE:Factory/images/561f9d4c8e4e1a441f95ad4ec6b5a914-opensuse-tumbleweed-image:docker, org.opensuse.base.lifecycle-url=https://en.opensuse.org/Lifetime, org.opencontainers.image.url=https://www.opensuse.org, org.opensuse.base.description=Image containing a minimal environment for containers based on openSUSE Tumbleweed., org.opencontainers.image.created=2026-09-30T20:05:54.126624488Z, org.opencontainers.image.version=20260930.37.208, org.opencontainers.image.title=openSUSE Tumbleweed Base Container, org.qdistro.tier3s.workload=headless-smoke, org.opensuse.reference=registry.opensuse.org/opensuse/tumbleweed:20260930.37.208, org.opensuse.base.reference=registry.opensuse.org/opensuse/tumbleweed:20260930.37.208, org.opensuse.lifecycle-url=https://en.opensuse.org/Lifetime, org.opencontainers.image.description=Image containing a minimal environment for containers based on openSUSE Tumbleweed., org.opensuse.base.url=https://www.opensuse.org, qdistro_tier3s_token=6d0dab0d9287ba5d426dd156131e72a3, org.qdistro.snapshot=20260930, org.opensuse.base.vendor=openSUSE Project, io.buildah.version=1.44.1, org.opencontainers.image.vendor=openSUSE Project)
#     sandbox: SMOKE dmesg=[    0.000000] Starting gVisor...
#     sandbox: SMOKE id=uid=1000(admin) gid=1000(admin) groups=1000(admin)
#     sandbox: SMOKE passwd=admin:x:1000:1000:qdistro admin:/home/admin:/bin/bash
#     sandbox: SMOKE home=/home/admin
#     sandbox: SMOKE lang=C.UTF-8 charmap=UTF-8 utf8_locales=2
#     sandbox: SMOKE mount /run/user/1000=1000:1000 700
#     sandbox: SMOKE mount /home/admin/.cache=1000:1000 700
#     sandbox: SMOKE mount /tmp=0:0 1777
#     sandbox: SMOKE caps=inh:0000000000000000,prm:0000000000000000,eff:0000000000000000,bnd:0000000000000000,amb:0000000000000000
#     sandbox: SMOKE nnp=1 seccomp=2
#     sandbox: SMOKE rootfs=ro
#     sandbox: SMOKE mountopts /run/user/1000=tmpfs:rw,nosuid,mode=0700,uid=1000,gid=1000
#     sandbox: SMOKE mountopts /home/admin/.cache=tmpfs:rw,nosuid,mode=0700,uid=1000,gid=1000
#     sandbox: SMOKE rootfs_write rc=1 err=touch: cannot touch '/home/admin/.smoke-rw': Read-only file system
#     sandbox: SMOKE chmod rc=0 mode=600
#     sandbox: SMOKE chmod_nofollow rc=1 mode=600
#     sandbox: SMOKE ls_l rc=0 stderr_bytes=0
#     sandbox: SMOKE routes=2 links=lo,
#     sandbox: SMOKE route_table=::1 dev lo proto unspec scope link ;127.0.0.0/8 dev lo proto unspec scope link ;
#     sandbox: SMOKE done
#     sandbox: SMOKE holding 600s
# PASS: ΔA5: image snapshot label = snapshot.conf pin (20260930)
# PASS: ΔA5: /etc/qdistro/tier3s-image inside = pin (20260930)
# PASS: ΔA5/sandbox: uid 1000 (keep-id) (uid=1000(admin) gid=1000(admin))
# PASS: ΔA5: passwd entry for uid 1000 (admin:x:1000:1000:qdistro admin:/home/admin:/bin/bash)
# PASS: ΔA5: HOME (/home/admin)
# PASS: ΔA5: UTF-8 locale (C.UTF-8 charmap=UTF-8)
# PASS: ΔA5: /run/user/1000 tmpfs owned 1000:1000 inside (1000:1000 700)
# PASS: ΔA5: /home/admin/.cache tmpfs owned 1000:1000 inside (1000:1000 700)
# PASS: sandbox: gVisor mount options carry uid=1000,gid=1000 (1:1)
# PASS: sandbox: no capabilities (inh:0000000000000000,prm:0000000000000000,eff:0000000000000000,bnd:0000000000000000,amb:0000000000000000)
# PASS: sandbox: NoNewPrivs and seccomp filter mode (1 seccomp=2)
# PASS: sandbox: root filesystem mounted ro (ro)
# PASS: sandbox: write to the (admin-owned) rootfs home fails EROFS (1)
# PASS: ΔA4 fchmodat2 path exercised: plain chmod works (rc=0 mode=600)
# PASS: ΔA4 fchmodat2 path exercised: chmod -h (fchmodat2) is denied, mode unchanged (rc=1 mode=600)
# PASS: ΔA4 llistxattr ALLOW effective: ls -l clean (rc=0 stderr_bytes=0)
# PASS: ΔA4 syslog ALLOW effective: dmesg answers (gVisor banner) (1)
# PASS: sandbox: loopback is the only link (lo,)
# PASS: sandbox: no default route, every route on lo (some:0:0)
# 
# ## 3. two concurrent launches; StopSilo (session-manager stop) of A preserves B
# PASS: launch B 827ec19f1c45502bd637a0d4ac6e6e77 recorded running while A is live
# PASS: two launches: distinct tokens and scopes (yes)
# PASS: two launches: both running (running:running)
# PASS: placement[B]: runuser x1 inside qdistro-tier3s-827ec19f1c45502bd637a0d4ac6e6e77.scope
# PASS: placement[B]: podman-cli x1 inside qdistro-tier3s-827ec19f1c45502bd637a0d4ac6e6e77.scope
# PASS: placement[B]: conmon x1 inside qdistro-tier3s-827ec19f1c45502bd637a0d4ac6e6e77.scope
# PASS: placement[B]: runsc-gofer x1 inside qdistro-tier3s-827ec19f1c45502bd637a0d4ac6e6e77.scope
# PASS: placement[B]: runsc-sandbox x1 inside qdistro-tier3s-827ec19f1c45502bd637a0d4ac6e6e77.scope
# PASS: placement[B]: runsc-fd-parking x1 inside qdistro-tier3s-827ec19f1c45502bd637a0d4ac6e6e77.scope
# PASS: placement[B]: systrap-stub x15 inside qdistro-tier3s-827ec19f1c45502bd637a0d4ac6e6e77.scope
# PASS: two launches: runsc-bundle processes outside both scopes (0)
# PASS: session-manager stop: StopSilo A rc (0)
# PASS: session-manager stop: silo A Stopped (Stopped)
# PASS: session-manager stop: A ended gracefully (SIGTERM reached the workload) (yes)
# PASS: session-manager stop: verified cleanup tore A down (1)
# PASS: session-manager-stop: all 17 launch processes gone (pid+starttime)
# PASS: session-manager-stop: scope qdistro-tier3s-6d0dab0d9287ba5d426dd156131e72a3.scope gone (unit down, /sys/fs/cgroup/system.slice/qdistro-tier3s-6d0dab0d9287ba5d426dd156131e72a3.scope absent)
# PASS: session-manager-stop: per-launch dir /run/qdistro-tier3s/6d0dab0d9287ba5d426dd156131e72a3 gone
# PASS: session-manager-stop: control record /run/qdistro-tier3s-ctl/6d0dab0d9287ba5d426dd156131e72a3 gone
# PASS: session-manager-stop: container qdistro-tier3s-s120a gone (podman exists rc=1)
# PASS: session-manager-stop: no runsc state for 81177590b50c in /run/qdistro-tier3s-runsc/1000
# PASS: two launches: every process of B survived A's teardown (17) (17)
# PASS: two launches: B unit, container, record, scope intact (active:running:yes:active)
# PASS: two launches: silo B still Active (Active)
# 
# ## 4. ΔA1 negatives on live B: plain podman stop with the state root missing, then replaced
# INFO: plain podman stop, root missing: rc=125: Error: given PID did not die within timeout
# PASS: missing root: plain podman stop fails visibly (rc=125)
# PASS: missing root: no root minted by the stop (no)
# PASS: missing root: wrapper refusal in the journal (tier3s-runsc) (yes)
# PASS: missing root (podman stop): sentry still alive (yes)
# PASS: missing root (podman stop): control record preserved (yes)
# PASS: missing root (podman stop): per-launch dir preserved (yes)
# PASS: missing root (podman stop): owning scope preserved (active)
# PASS: missing root (podman stop): podman still has the container (no false absence) (0)
# INFO: plain podman stop, empty replacement root: rc=125: Error: given PID did not die within timeout
# PASS: replaced root: plain podman stop fails visibly (rc=125)
# PASS: replaced root (podman stop): sentry still alive (yes)
# PASS: replaced root (podman stop): control record preserved (yes)
# PASS: replaced root (podman stop): per-launch dir preserved (yes)
# PASS: replaced root (podman stop): owning scope preserved (active)
# PASS: replaced root (podman stop): podman still has the container (no false absence) (0)
# 
# ## 5. DONE 2: forced runtime failure through the cleanup itself, then recovery
#     cleanup: time="2026-10-04T20:25:10Z" level=warning msg="StopSignal SIGTERM failed to stop container qdistro-tier3s-s120b in 10 seconds, resorting to SIGKILL"
#     cleanup: Error: given PID did not die within timeout
#     cleanup: qdistro-tier3s-cleanup: 827ec19f1c45502bd637a0d4ac6e6e77: podman stop qdistro-tier3s-s120b failed (record preserved)
# PASS: replaced root: cleanup returns an error (rc=5)
# PASS: replaced root: no 'torn down' claimed (0)
# PASS: replaced root (cleanup): sentry still alive (yes)
# PASS: replaced root (cleanup): control record preserved (yes)
# PASS: replaced root (cleanup): per-launch dir preserved (yes)
# PASS: replaced root (cleanup): owning scope preserved (active)
# PASS: replaced root (cleanup): podman still has the container (no false absence) (0)
#     cleanup: qdistro-tier3s-cleanup: 827ec19f1c45502bd637a0d4ac6e6e77: runsc state root /run/qdistro-tier3s-runsc/1000 is missing, replaced or loose; refusing to query or stop qdistro-tier3s-s120b (record and scope preserved)
# PASS: missing root: cleanup returns an error (rc=3)
# PASS: missing root: cleanup refuses to query or stop (1)
# PASS: missing root: no 'torn down' and no 'no container' claimed (0)
# PASS: missing root (cleanup): sentry still alive (yes)
# PASS: missing root (cleanup): control record preserved (yes)
# PASS: missing root (cleanup): per-launch dir preserved (yes)
# PASS: missing root (cleanup): owning scope preserved (active)
# PASS: missing root (cleanup): podman still has the container (no false absence) (0)
# PASS: recovery: original state root restored (1000 700)
#     cleanup: qdistro-tier3s-cleanup: 827ec19f1c45502bd637a0d4ac6e6e77: torn down (qdistro-tier3s-s120b)
# PASS: recovery: cleanup with the correct root rc (0)
# PASS: recovery: cleanup tore B down (1)
# PASS: recovery: all 17 launch processes gone (pid+starttime)
# PASS: recovery: scope qdistro-tier3s-827ec19f1c45502bd637a0d4ac6e6e77.scope gone (unit down, /sys/fs/cgroup/system.slice/qdistro-tier3s-827ec19f1c45502bd637a0d4ac6e6e77.scope absent)
# PASS: recovery: per-launch dir /run/qdistro-tier3s/827ec19f1c45502bd637a0d4ac6e6e77 gone
# PASS: recovery: control record /run/qdistro-tier3s-ctl/827ec19f1c45502bd637a0d4ac6e6e77 gone
# PASS: recovery: container qdistro-tier3s-s120b gone (podman exists rc=1)
# PASS: recovery: no runsc state for 3ad01c602625 in /run/qdistro-tier3s-runsc/1000
# PASS: recovery: B's launch unit ended (inactive)
# PASS: recovery: StopSilo B afterwards (Stopped)
# 
# ## 6. teardown path: plain podman stop (as admin, no flags)
# PASS: podman-stop: launch e9d1c0ab99b211c0f9e0373f164e8162 up
# PASS: podman-stop: plain podman stop rc (0)
# PASS: podman-stop: launch unit ended cleanly (inactive:success)
# PASS: podman-stop: the workload got SIGTERM (yes)
# PASS: podman-stop: all 17 launch processes gone (pid+starttime)
# PASS: podman-stop: scope qdistro-tier3s-e9d1c0ab99b211c0f9e0373f164e8162.scope gone (unit down, /sys/fs/cgroup/system.slice/qdistro-tier3s-e9d1c0ab99b211c0f9e0373f164e8162.scope absent)
# PASS: podman-stop: per-launch dir /run/qdistro-tier3s/e9d1c0ab99b211c0f9e0373f164e8162 gone
# PASS: podman-stop: control record /run/qdistro-tier3s-ctl/e9d1c0ab99b211c0f9e0373f164e8162 gone
# PASS: podman-stop: container qdistro-tier3s-s120a gone (podman exists rc=1)
# PASS: podman-stop: no runsc state for 84b74495bd8b in /run/qdistro-tier3s-runsc/1000
# PASS: podman-stop: StopSilo afterwards (Stopped)
# 
# ## 7. teardown path: plain podman rm -f (as admin, no flags)
# PASS: podman-rm: launch 5f0f7e0d6b6f7bbba962201ed0928c79 up
# PASS: podman-rm: plain podman rm -f rc (0)
# PASS: podman-rm: launch unit ended (inactive)
# PASS: podman-rm: all 19 launch processes gone (pid+starttime)
# PASS: podman-rm: scope qdistro-tier3s-5f0f7e0d6b6f7bbba962201ed0928c79.scope gone (unit down, /sys/fs/cgroup/system.slice/qdistro-tier3s-5f0f7e0d6b6f7bbba962201ed0928c79.scope absent)
# PASS: podman-rm: per-launch dir /run/qdistro-tier3s/5f0f7e0d6b6f7bbba962201ed0928c79 gone
# PASS: podman-rm: control record /run/qdistro-tier3s-ctl/5f0f7e0d6b6f7bbba962201ed0928c79 gone
# PASS: podman-rm: container qdistro-tier3s-s120a gone (podman exists rc=1)
# PASS: podman-rm: no runsc state for 2c8a3c82b1b5 in /run/qdistro-tier3s-runsc/1000
# PASS: podman-rm: StopSilo afterwards (Stopped)
# 
# ## 8. cleanup
# PASS: DeleteSilo s120x (absent)
# PASS: DeleteSilo s120a (absent)
# PASS: DeleteSilo s120b (absent)
# PASS: end: control records (0)
# PASS: end: scopes (0)
# PASS: end: labelled containers (0)
# PASS: end: runsc-bundle processes (0)
# PASS: end: state root holds no container state (0)
# PASS: end: no cleanup call scope left (0)
# PASS: end: no cleanup work dir left (0)
# [s120] 196 passes, 0 failures
# [tier3s] s120 transcript: /var/tmp/t3s-qci-b-4729fce58/ci/runs/bats-20261004T202011Z-2424301/bats/phase7-tier3s-headless.bats.scratch/s120.log
ok 1 phase7-tier3s-headless: launch path, placement, identity, state root, two launches, posture
