### host 2026-10-02T09:51:30Z: vm-exec tier3s-261002-114938-2289239-8644 <<CMD
bash /root/qdistro-src.aii/tier3s/spike/phase-a-ii-smoke.sh installed /var/tmp/t3s/expect.txt
CMD
[vm-exec] guest identity pinned (pid 4842 start 9388)
CHECK sha256 /usr/lib/qdistro/tier3s/spawn-tier3s.sh: OK (b5101a2098b910bea8bab470a2a0b15f4ccb347e56d6b914082d878a2c291cc8)
CHECK owner+mode /usr/lib/qdistro/tier3s/spawn-tier3s.sh: OK (root:root 755)
CHECK sha256 /usr/lib/qdistro/tier3s/probe.sh: OK (a9d5577bb0a9a435e2ab4d104564a5c209ccec0c94a47eb069e9f32bdf04a57a)
CHECK owner+mode /usr/lib/qdistro/tier3s/probe.sh: OK (root:root 755)
CHECK sha256 /usr/lib/qdistro/tier3s/tier3s-runsc: OK (3d55537c56376d12767d8de902ec76f968915f71d2a5433b5d93ab1296c33a85)
CHECK owner+mode /usr/lib/qdistro/tier3s/tier3s-runsc: OK (root:root 755)
CHECK sha256 /usr/lib/qdistro/tier3s/RUNSC_RELEASE: OK (b0b60c5230d11c46eb52588e308ef93eba3cbff4ce5871d929059c8fa969b3a3)
CHECK owner+mode /usr/lib/qdistro/tier3s/RUNSC_RELEASE: OK (root:root 644)
CHECK sha256 /usr/lib/qdistro/tier3s/seccomp/headless-smoke.json: OK (13c0e63dd2684e4f9a5c30b38d2e71b363ab33fc1bb7f68b4f53b8a8aa29b41d)
CHECK owner+mode /usr/lib/qdistro/tier3s/seccomp/headless-smoke.json: OK (root:root 644)
CHECK sha256 /usr/libexec/qdistro/qdistro-tier3s-scope: OK (10fb1a965d97087637f939b979d1c43dbdc4f15fa98f66e961477342434c7e4b)
CHECK owner+mode /usr/libexec/qdistro/qdistro-tier3s-scope: OK (root:root 755)
CHECK sha256 /usr/libexec/qdistro/qdistro-tier3s-cleanup: OK (2573c50626fee325389e30967114e8940d5532e20f31b880195b0d87aefec4f1)
CHECK owner+mode /usr/libexec/qdistro/qdistro-tier3s-cleanup: OK (root:root 755)
CHECK sha256 /usr/lib/tmpfiles.d/qdistro-tier3s.conf: OK (a1590f9183efcd31dbcbe22717f68e4dc9c516e42511197b20fd519cb34f2716)
CHECK owner+mode /usr/lib/tmpfiles.d/qdistro-tier3s.conf: OK (root:root 644)
CHECK sha256 /etc/systemd/system/qdistro-tier3s-silo@.service: OK (69981e523b8120a3b2cae76f32b7f91e273a6c1352c7b3d4312bb57ea78a3399)
CHECK owner+mode /etc/systemd/system/qdistro-tier3s-silo@.service: OK (root:root 644)
CHECK sha256 /usr/libexec/qdistro/qdistro-tier3s-silo-launch: OK (95ad7076f1ec33145b62ed3afe9be65a29c9ea959f7eea98582f757297e33384)
CHECK owner+mode /usr/libexec/qdistro/qdistro-tier3s-silo-launch: OK (root:root 755)
CHECK sha256 /usr/libexec/qdistro/qdistro_session_manager.py: OK (80ea08342bc8a04c510ed8eac2267158732ec934d22cddc62b8b69d69bbc2e56)
CHECK owner+mode /usr/libexec/qdistro/qdistro_session_manager.py: OK (root:root 755)
CHECK sha256 /etc/dbus-1/system.d/org.qdistro.SessionManager1.conf: OK (1eca076f4b9730954e10947de01b5e8a58fd1d12e80dfc6a1d44da3f3df9eb06)
CHECK owner+mode /etc/dbus-1/system.d/org.qdistro.SessionManager1.conf: OK (root:root 644)
CHECK sha256 /usr/libexec/qdistro/qdistro_admin_broker.py: OK (11a9717242eccca4a59219a9621dc9a0ba0cd93602771dc8276d75ee478a5aa8)
CHECK owner+mode /usr/libexec/qdistro/qdistro_admin_broker.py: OK (root:root 755)
CHECK dir /usr/lib/qdistro: OK (root:root 755)
CHECK dir /usr/lib/qdistro/tier3s: OK (root:root 755)
CHECK dir /usr/lib/qdistro/tier3s/seccomp: OK (root:root 755)
CHECK tmpfiles-state-root: OK (1000:1000 700)
CHECK tmpfiles-ctl: OK (root:root 700)
CHECK tmpfiles-launch-parent: OK (root:root 755)
CHECK runsc-not-installed-by-installer: OK (absent)
CHECK unit-fragment: OK (/etc/systemd/system/qdistro-tier3s-silo@.service)
CHECK unit-load: OK (loaded)
CHECK unit-never-started: OK (0)
CHECK unit-inactive: OK (inactive)
CHECK daemon-serves-CreateTier3sSilo: OK
CHECK daemon-started-after-install: OK (pid 3285 1790934681 >= 1790934651)
### BAD=0
### exit=0
