
## provision silos (broker allow + images)
silos.yaml: benchhead argv -> ["qdistro-tier3s-smoke", "--hold", "900"]
silos.yaml: benchflood argv -> ["foot", "-e", "/bin/sh", "-c", "while true; do head -c 2097152 /dev/urandom | base64; done"]

## env
MEAS kernel 7.2.8-1-default -
MEAS nproc 4 -
MEAS mem_total_mb 3913 MB
MEAS selinux Enforcing -
MEAS runsc_release 20260928.0 -
MEAS runsc_version runsc version release-20260928.0 -
MEAS host_is_vm kvm -
MEAS commit 34af37060d6c393d2f2a37f90be223d6142d2a57 -
MEAS utc 2026-10-07T03:03:56Z -

## cold start to window (tier3s GUI launch)
MEAS cold_start_to_window_ms_1 1721 ms
MEAS cold_startsilo_call_ms_1 1847 ms
MEAS teardown_benchgui_ms 2547 ms
MEAS cold_start_to_window_ms_2 1723 ms
MEAS cold_startsilo_call_ms_2 1899 ms
MEAS teardown_benchgui_ms 2512 ms
MEAS cold_start_to_window_ms_3 1932 ms
MEAS cold_startsilo_call_ms_3 2097 ms
MEAS teardown_benchgui_ms 2524 ms
MEAS t2_podman_create_start_ms_1 194 ms
MEAS t2_podman_create_start_ms_2 202 ms
MEAS t2_podman_create_start_ms_3 184 ms

## idle memory
MEAS t3s_gui_scope_memory_current_mb 54.5 MB
MEAS t3s_gui_scope_pss_mb 198.7 MB
MEAS t3s_gui_bridge_client_pss_mb 7.6 MB
MEAS t3s_gui_scope_procs 17 count
MEAS t3s_headless_scope_memory_current_mb 47.6 MB
MEAS t3s_headless_scope_pss_mb 100.5 MB
MEAS t3s_headless_scope_procs 21 count
MEAS t2_idle_memory_current_mb 0.5 MB
MEAS t2_idle_pss_mb 2.1 MB
MEAS t3s_gui_idle_cpu_pct 0.14 pct_core
MEAS t3s_headless_idle_cpu_pct 0.15 pct_core
MEAS t2_idle_cpu_pct 0.00 pct_core
MEAS teardown_benchgui_ms 2714 ms

## syscall cost (syscost binary, self-timed)
MEAS t2_runtime runc -
MEAS sys_host getpid_ms_per_100k=6.129 openclose_ms_per_20k=10.292 forkexec_ms_per_1k=453.372  -
MEAS sys_t2_runc getpid_ms_per_100k=4.124 openclose_ms_per_20k=10.786 forkexec_ms_per_1k=491.833  -
MEAS sys_t3s_systrap getpid_ms_per_100k=85.430 openclose_ms_per_20k=134.826 forkexec_ms_per_1k=4920.292  -
MEAS sys_t3s_systrap_nofastpath getpid_ms_per_100k=1230.384 openclose_ms_per_20k=827.288 forkexec_ms_per_1k=4719.125  -

## file I/O: tar xf ~200MB into a 1GiB tmpfs
MEAS io_tree_mb 200 MB
MEAS io_tar_host_ms 59 ms
MEAS io_tar_t2_ms_1 60 ms
MEAS io_tar_t2_ms_2 68 ms
MEAS io_tar_t3s_ms_1 260 ms
MEAS io_tar_t3s_ms_2 212 ms
MEAS io_tar_t3s_directfs_off_ms 351 ms

## waypipe bridge PSS under shm load (foot flood)
MEAS bridge_client_pss_start_mb 7.0 MB
MEAS bridge_client_pss_peak_mb 8.9 MB
MEAS bridge_rchar_delta_kb 49778 KB
MEAS teardown_benchflood_ms 2752 ms

## per-silo on-disk overhead
MEAS silo_store_mb 1360 MB
MEAS silo_runsc_state_mb 0 MB
MEAS silo_runtime_mb 1 MB
[bench] 0 passes, 0 failures
