[vm-exec] guest identity pinned (pid 3482 start 5426)
[vm-exec] Waiting... (polls=30s elapsed=31s)
[vm-exec] Waiting... (polls=60s elapsed=63s)
[vm-exec] Waiting... (polls=90s elapsed=94s)
[vm-exec] Waiting... (polls=120s elapsed=125s)
[vm-exec] Waiting... (polls=150s elapsed=157s)

## 0. preconditions
PASS: probe PASS (0)
PASS: broker allows the smoke spawn (allow)
PASS: launch unit carries StopPropagatedFrom= the manager (O11) (qdistro-session-manager.service)
PASS: pre: control records (0)
PASS: pre: scopes (0)
PASS: pre: labelled containers (0)
PASS: pre: runsc-bundle processes (0)
PASS: pre: state root holds no container state (0)
PASS: pre: no cleanup call scope left (0)
PASS: pre: no cleanup work dir left (0)
PASS: CreateTier3sSilo s122a (Created)
PASS: CreateTier3sSilo s122b (Created)
    silos.yaml: s122a argv -> ["qdistro-tier3s-smoke", "--hold", "600"]
    silos.yaml: s122b argv -> ["qdistro-tier3s-smoke", "--hold", "600"]

## 1. launcher SIGKILL (service failure), three times (ExecStopPost races the scope stop)
PASS: sigkill#1: launch 2fbe9a120ce99a7a8a5582ef484c3de4 up
PASS: sigkill#1: launch unit failed visibly (failed:signal)
    unit: qdistro-tier3s-silo@s122a.service: Sent signal SIGKILL to main process 4427 (spawn-tier3s.sh) on client request.
    unit: qdistro-tier3s-silo@s122a.service: Main process exited, code=killed, status=9/KILL
    unit: qdistro-tier3s-cleanup: 2fbe9a120ce99a7a8a5582ef484c3de4: torn down (qdistro-tier3s-s122a)
    unit: qdistro-tier3s-silo@s122a.service: Failed with result 'signal'.
    unit: qdistro-tier3s-silo@s122a.service: Consumed 1.339s CPU time over 27.814s wall clock time.
PASS: launcher-sigkill#1: all 19 launch processes gone (pid+starttime)
PASS: launcher-sigkill#1: scope qdistro-tier3s-2fbe9a120ce99a7a8a5582ef484c3de4.scope gone (unit down, /sys/fs/cgroup/system.slice/qdistro-tier3s-2fbe9a120ce99a7a8a5582ef484c3de4.scope absent)
PASS: launcher-sigkill#1: per-launch dir /run/qdistro-tier3s/2fbe9a120ce99a7a8a5582ef484c3de4 gone
PASS: launcher-sigkill#1: control record /run/qdistro-tier3s-ctl/2fbe9a120ce99a7a8a5582ef484c3de4 gone
PASS: launcher-sigkill#1: container qdistro-tier3s-s122a gone (podman exists rc=1)
PASS: launcher-sigkill#1: no runsc state for b60c44b22be2 in /run/qdistro-tier3s-runsc/1000
PASS: sigkill#1: StopSilo afterwards reaches Stopped (Stopped)
PASS: sigkill#2: launch 67038a337602377f664fdf54b6672980 up
PASS: sigkill#2: launch unit failed visibly (failed:signal)
    unit: qdistro-tier3s-silo@s122a.service: Sent signal SIGKILL to main process 5576 (spawn-tier3s.sh) on client request.
    unit: qdistro-tier3s-silo@s122a.service: Main process exited, code=killed, status=9/KILL
    unit: qdistro-tier3s-cleanup: 67038a337602377f664fdf54b6672980: torn down (qdistro-tier3s-s122a)
    unit: qdistro-tier3s-silo@s122a.service: Failed with result 'signal'.
    unit: qdistro-tier3s-silo@s122a.service: Consumed 1.372s CPU time over 9.547s wall clock time.
PASS: launcher-sigkill#2: all 17 launch processes gone (pid+starttime)
PASS: launcher-sigkill#2: scope qdistro-tier3s-67038a337602377f664fdf54b6672980.scope gone (unit down, /sys/fs/cgroup/system.slice/qdistro-tier3s-67038a337602377f664fdf54b6672980.scope absent)
PASS: launcher-sigkill#2: per-launch dir /run/qdistro-tier3s/67038a337602377f664fdf54b6672980 gone
PASS: launcher-sigkill#2: control record /run/qdistro-tier3s-ctl/67038a337602377f664fdf54b6672980 gone
PASS: launcher-sigkill#2: container qdistro-tier3s-s122a gone (podman exists rc=1)
PASS: launcher-sigkill#2: no runsc state for 0008366fb8ba in /run/qdistro-tier3s-runsc/1000
PASS: sigkill#2: StopSilo afterwards reaches Stopped (Stopped)
PASS: sigkill#3: launch 31c8f0457d8f614cca06f70c4029cea9 up
PASS: sigkill#3: launch unit failed visibly (failed:signal)
    unit: qdistro-tier3s-silo@s122a.service: Sent signal SIGKILL to main process 6585 (spawn-tier3s.sh) on client request.
    unit: qdistro-tier3s-silo@s122a.service: Main process exited, code=killed, status=9/KILL
    unit: qdistro-tier3s-cleanup: 31c8f0457d8f614cca06f70c4029cea9: torn down (qdistro-tier3s-s122a)
    unit: qdistro-tier3s-silo@s122a.service: Failed with result 'signal'.
    unit: qdistro-tier3s-silo@s122a.service: Consumed 1.350s CPU time over 9.797s wall clock time.
PASS: launcher-sigkill#3: all 19 launch processes gone (pid+starttime)
PASS: launcher-sigkill#3: scope qdistro-tier3s-31c8f0457d8f614cca06f70c4029cea9.scope gone (unit down, /sys/fs/cgroup/system.slice/qdistro-tier3s-31c8f0457d8f614cca06f70c4029cea9.scope absent)
PASS: launcher-sigkill#3: per-launch dir /run/qdistro-tier3s/31c8f0457d8f614cca06f70c4029cea9 gone
PASS: launcher-sigkill#3: control record /run/qdistro-tier3s-ctl/31c8f0457d8f614cca06f70c4029cea9 gone
PASS: launcher-sigkill#3: container qdistro-tier3s-s122a gone (podman exists rc=1)
PASS: launcher-sigkill#3: no runsc state for 622c83115603 in /run/qdistro-tier3s-runsc/1000
PASS: sigkill#3: StopSilo afterwards reaches Stopped (Stopped)

## 2. O11: session-manager STOP tears down every live launch
PASS: manager-stop: two launches up (9eece64dab37cdba29693ac342b9da46, a6d330853ad4cb185fdfc44f677eb357)
PASS: manager-stop: systemctl stop qdistro-session-manager.service rc (0)
PASS: manager-stop: manager inactive (inactive)
PASS: manager-stop: qdistro-tier3s-silo@s122a.service stopped through the verified cleanup (1)
PASS: manager-stop: qdistro-tier3s-silo@s122a.service stopped before the manager (After= order) (yes)
PASS: manager-stop/s122a: all 17 launch processes gone (pid+starttime)
PASS: manager-stop/s122a: scope qdistro-tier3s-9eece64dab37cdba29693ac342b9da46.scope gone (unit down, /sys/fs/cgroup/system.slice/qdistro-tier3s-9eece64dab37cdba29693ac342b9da46.scope absent)
PASS: manager-stop/s122a: per-launch dir /run/qdistro-tier3s/9eece64dab37cdba29693ac342b9da46 gone
PASS: manager-stop/s122a: control record /run/qdistro-tier3s-ctl/9eece64dab37cdba29693ac342b9da46 gone
PASS: manager-stop/s122a: container qdistro-tier3s-s122a gone (podman exists rc=1)
PASS: manager-stop/s122a: no runsc state for 425e9341663b in /run/qdistro-tier3s-runsc/1000
PASS: manager-stop: qdistro-tier3s-silo@s122b.service stopped through the verified cleanup (1)
PASS: manager-stop: qdistro-tier3s-silo@s122b.service stopped before the manager (After= order) (yes)
PASS: manager-stop/s122b: all 17 launch processes gone (pid+starttime)
PASS: manager-stop/s122b: scope qdistro-tier3s-a6d330853ad4cb185fdfc44f677eb357.scope gone (unit down, /sys/fs/cgroup/system.slice/qdistro-tier3s-a6d330853ad4cb185fdfc44f677eb357.scope absent)
PASS: manager-stop/s122b: per-launch dir /run/qdistro-tier3s/a6d330853ad4cb185fdfc44f677eb357 gone
PASS: manager-stop/s122b: control record /run/qdistro-tier3s-ctl/a6d330853ad4cb185fdfc44f677eb357 gone
PASS: manager-stop/s122b: container qdistro-tier3s-s122b gone (podman exists rc=1)
PASS: manager-stop/s122b: no runsc state for f973001378d4 in /run/qdistro-tier3s-runsc/1000
PASS: manager-stop: control records (0)
PASS: manager-stop: scopes (0)
PASS: manager-stop: labelled containers (0)
PASS: manager-stop: runsc-bundle processes (0)
PASS: manager-stop: state root holds no container state (0)
PASS: manager-stop: no cleanup call scope left (0)
PASS: manager-stop: no cleanup work dir left (0)
PASS: manager-stop: manager started again (yes)
PASS: manager-stop/s122a: relaunched with a fresh token (a7da8c49fe57def209db7901d2d2298e, was 9eece64dab37cdba29693ac342b9da46)
PASS: manager-stop/s122a: the new launch is recorded running (running)
PASS: manager-stop/s122a: its container runs under the new token (running:a7da8c49fe57def209db7901d2d2298e)
PASS: manager-stop/s122a: its owning scope is live (active)
PASS: manager-stop/s122b: relaunched with a fresh token (b75e67438eb1f86d566c11ecf2647e70, was a6d330853ad4cb185fdfc44f677eb357)
PASS: manager-stop/s122b: the new launch is recorded running (running)
PASS: manager-stop/s122b: its container runs under the new token (running:b75e67438eb1f86d566c11ecf2647e70)
PASS: manager-stop/s122b: its owning scope is live (active)
PASS: manager-stop-after: control records (0)
PASS: manager-stop-after: scopes (0)
PASS: manager-stop-after: labelled containers (0)
PASS: manager-stop-after: runsc-bundle processes (0)
PASS: manager-stop-after: state root holds no container state (0)
PASS: manager-stop-after: no cleanup call scope left (0)
PASS: manager-stop-after: no cleanup work dir left (0)

## 3. session-manager crash (SIGKILL) and restart
PASS: manager-crash: launch ed946677719b2de3ce126cc4750b31db up
PASS: manager-crash: manager back with a new pid (yes)
PASS: manager-crash: all 17 launch processes gone (pid+starttime)
PASS: manager-crash: scope qdistro-tier3s-ed946677719b2de3ce126cc4750b31db.scope gone (unit down, /sys/fs/cgroup/system.slice/qdistro-tier3s-ed946677719b2de3ce126cc4750b31db.scope absent)
PASS: manager-crash: per-launch dir /run/qdistro-tier3s/ed946677719b2de3ce126cc4750b31db gone
PASS: manager-crash: control record /run/qdistro-tier3s-ctl/ed946677719b2de3ce126cc4750b31db gone
PASS: manager-crash: container qdistro-tier3s-s122a gone (podman exists rc=1)
PASS: manager-crash: no runsc state for 3d2b0d2145b1 in /run/qdistro-tier3s-runsc/1000
PASS: manager-crash: relaunched with a fresh token (4cf3930ab278183946646dc72066886d, was ed946677719b2de3ce126cc4750b31db)
PASS: manager-crash: the new launch is recorded running (running)
PASS: manager-crash: its container runs under the new token (running:4cf3930ab278183946646dc72066886d)
PASS: manager-crash: its owning scope is live (active)
    unit: Stopping qdistro tier-3s (gVisor) silo s122a (Experimental, dev profile only)...
    unit: qdistro-tier3s-cleanup: ed946677719b2de3ce126cc4750b31db: torn down (qdistro-tier3s-s122a)
    unit: spawn-tier3s: signal: tearing down ed946677719b2de3ce126cc4750b31db
    unit: Stopped qdistro tier-3s (gVisor) silo s122a (Experimental, dev profile only).
PASS: manager-crash: systemd completed a stop job for the old launch unit (yes)
PASS: manager-crash: the old launch got the verified cleanup (1)
PASS: manager-crash: StopSilo (Stopped)
PASS: manager-restart: launch 3f73e478c914c0cdddfe2bcd40bdd7f4 up
PASS: manager-restart: manager back with a new pid (yes)
PASS: manager-restart: all 17 launch processes gone (pid+starttime)
PASS: manager-restart: scope qdistro-tier3s-3f73e478c914c0cdddfe2bcd40bdd7f4.scope gone (unit down, /sys/fs/cgroup/system.slice/qdistro-tier3s-3f73e478c914c0cdddfe2bcd40bdd7f4.scope absent)
PASS: manager-restart: per-launch dir /run/qdistro-tier3s/3f73e478c914c0cdddfe2bcd40bdd7f4 gone
PASS: manager-restart: control record /run/qdistro-tier3s-ctl/3f73e478c914c0cdddfe2bcd40bdd7f4 gone
PASS: manager-restart: container qdistro-tier3s-s122a gone (podman exists rc=1)
PASS: manager-restart: no runsc state for e707be282c99 in /run/qdistro-tier3s-runsc/1000
PASS: manager-restart: relaunched with a fresh token (aafea9b353a098007c291134786fa7a4, was 3f73e478c914c0cdddfe2bcd40bdd7f4)
PASS: manager-restart: the new launch is recorded running (running)
PASS: manager-restart: its container runs under the new token (running:aafea9b353a098007c291134786fa7a4)
PASS: manager-restart: its owning scope is live (active)
    unit: Stopping qdistro tier-3s (gVisor) silo s122a (Experimental, dev profile only)...
    unit: qdistro-tier3s-cleanup: 3f73e478c914c0cdddfe2bcd40bdd7f4: torn down (qdistro-tier3s-s122a)
    unit: spawn-tier3s: signal: tearing down 3f73e478c914c0cdddfe2bcd40bdd7f4
    unit: Stopped qdistro tier-3s (gVisor) silo s122a (Experimental, dev profile only).
PASS: manager-restart: systemd completed a stop job for the old launch unit (yes)
PASS: manager-restart: the old launch got the verified cleanup (1)
PASS: manager-restart: StopSilo (Stopped)
PASS: manager-restarts: control records (0)
PASS: manager-restarts: scopes (0)
PASS: manager-restarts: labelled containers (0)
PASS: manager-restarts: runsc-bundle processes (0)
PASS: manager-restarts: state root holds no container state (0)
PASS: manager-restarts: no cleanup call scope left (0)
PASS: manager-restarts: no cleanup work dir left (0)

## 4. reconciliation: the manager's in-memory state is lost
PASS: reconcile/recorded: live launch 773f625024625686c414cefeb57ce4d6 started while the manager was down
PASS: reconcile/recorded: the launch is live and labelled (running:773f625024625686c414cefeb57ce4d6)
PASS: reconcile/recorded: the restarted manager stopped the unknown launch unit (1)
PASS: reconcile/recorded: all 17 launch processes gone (pid+starttime)
PASS: reconcile/recorded: scope qdistro-tier3s-773f625024625686c414cefeb57ce4d6.scope gone (unit down, /sys/fs/cgroup/system.slice/qdistro-tier3s-773f625024625686c414cefeb57ce4d6.scope absent)
PASS: reconcile/recorded: per-launch dir /run/qdistro-tier3s/773f625024625686c414cefeb57ce4d6 gone
PASS: reconcile/recorded: control record /run/qdistro-tier3s-ctl/773f625024625686c414cefeb57ce4d6 gone
PASS: reconcile/recorded: container qdistro-tier3s-s122a gone (podman exists rc=1)
PASS: reconcile/recorded: no runsc state for da2e3f5c7fde in /run/qdistro-tier3s-runsc/1000
PASS: reconcile/recorded: silo not relaunched (it was Stopped) (Stopped)
PASS: reconcile/unrecorded: live launch 624e77af8dce788bd58cd1524e610713 started while the manager was down
PASS: reconcile/unrecorded: the launch is live and labelled (running:624e77af8dce788bd58cd1524e610713)
PASS: reconcile/unrecorded: control record removed by hand (no)
PASS: reconcile/unrecorded: the restarted manager stopped the unknown launch unit (1)
PASS: reconcile/unrecorded: all 17 launch processes gone (pid+starttime)
PASS: reconcile/unrecorded: scope qdistro-tier3s-624e77af8dce788bd58cd1524e610713.scope gone (unit down, /sys/fs/cgroup/system.slice/qdistro-tier3s-624e77af8dce788bd58cd1524e610713.scope absent)
PASS: reconcile/unrecorded: per-launch dir /run/qdistro-tier3s/624e77af8dce788bd58cd1524e610713 gone
PASS: reconcile/unrecorded: control record /run/qdistro-tier3s-ctl/624e77af8dce788bd58cd1524e610713 gone
PASS: reconcile/unrecorded: container qdistro-tier3s-s122a gone (podman exists rc=1)
PASS: reconcile/unrecorded: no runsc state for d14fcb2d64d5 in /run/qdistro-tier3s-runsc/1000
PASS: reconcile/unrecorded: silo not relaunched (it was Stopped) (Stopped)

## 5. reconciliation: a live labelled container with no launch unit at all
PASS: ghost: labelled container live with no unit and no record (running:no:inactive)
PASS: ghost: reconciliation reaped the labelled container (podman exists rc) (1)
PASS: ghost: its sandbox (State.Pid 18902) is gone (no)
PASS: ghost: the manager reported no reconciliation failure (0)

## 6. cleanup
PASS: DeleteSilo s122a (absent)
PASS: DeleteSilo s122b (absent)
PASS: end: control records (0)
PASS: end: scopes (0)
PASS: end: labelled containers (0)
PASS: end: runsc-bundle processes (0)
PASS: end: state root holds no container state (0)
PASS: end: no cleanup call scope left (0)
PASS: end: no cleanup work dir left (0)
[s122] 152 passes, 0 failures
