1..1
# [tier3s] tested commit 92f7d07c0c541a34e56d583487a2e3d8a5ad2a61; runsc 20260928.0 (sha512 ok); image df83d9d8fef586b37b25dd35d54c8bc21f4a6098a27868173536c64d171f00e2
# [vm-exec] guest identity pinned (pid 1275 start 1037)
# 
# ## 0. guest
# INFO: profile: QDISTRO_PROFILE=dev 
# INFO: kernel 7.2.8-1-default; podman version 6.0.2; systemd 261 (261.2); selinux Permissive
# PASS: o10: worker image (built without QDISTRO_TIER3S=1) carries no tier 3s file
# 
# ## 1. stage the tested commit, root-owned
# PASS: staged src.tar
# INFO: tested commit 92f7d07c0c541a34e56d583487a2e3d8a5ad2a61
# PASS: staged tree has the tier 3s sources (yes)
# 
# ## 2. installer WITHOUT QDISTRO_TIER3S (owner O10: installs nothing tier 3s)
#     install-session-manager: tier 3s not installed (QDISTRO_TIER3S is not 1; paravirt O10)
# PASS: o10: installer without the flag rc (0)
# PASS: o10: installer without the flag says so (1)
# PASS: o10: no tier 3s file after the installer ran without the flag
# 
# ## 3. installer WITH QDISTRO_TIER3S=1 from the tested commit
#     session manager ready on org.qdistro.SessionManager1
# PASS: installer with QDISTRO_TIER3S=1 rc (0)
# PASS: installed /usr/lib/qdistro/tier3s/spawn-tier3s.sh = tested commit (f82cee6b47b93c78ad438abd0eaed279b931d1c4c33c16a9b68e4317d38a36de)
# PASS: installed /usr/lib/qdistro/tier3s/spawn-tier3s.sh owner/mode (root:root 755)
# PASS: installed /usr/lib/qdistro/tier3s/probe.sh = tested commit (a9d5577bb0a9a435e2ab4d104564a5c209ccec0c94a47eb069e9f32bdf04a57a)
# PASS: installed /usr/lib/qdistro/tier3s/probe.sh owner/mode (root:root 755)
# PASS: installed /usr/lib/qdistro/tier3s/tier3s-runsc = tested commit (3d55537c56376d12767d8de902ec76f968915f71d2a5433b5d93ab1296c33a85)
# PASS: installed /usr/lib/qdistro/tier3s/tier3s-runsc owner/mode (root:root 755)
# PASS: installed /usr/lib/qdistro/tier3s/RUNSC_RELEASE = tested commit (b0b60c5230d11c46eb52588e308ef93eba3cbff4ce5871d929059c8fa969b3a3)
# PASS: installed /usr/lib/qdistro/tier3s/RUNSC_RELEASE owner/mode (root:root 644)
# PASS: installed /usr/lib/qdistro/tier3s/seccomp/headless-smoke.json = tested commit (13c0e63dd2684e4f9a5c30b38d2e71b363ab33fc1bb7f68b4f53b8a8aa29b41d)
# PASS: installed /usr/lib/qdistro/tier3s/seccomp/headless-smoke.json owner/mode (root:root 644)
# PASS: installed /usr/libexec/qdistro/qdistro-tier3s-scope = tested commit (10fb1a965d97087637f939b979d1c43dbdc4f15fa98f66e961477342434c7e4b)
# PASS: installed /usr/libexec/qdistro/qdistro-tier3s-scope owner/mode (root:root 755)
# PASS: installed /usr/libexec/qdistro/qdistro-tier3s-cleanup = tested commit (91ef523edb04b775191560c1f6427f17373334157566a7e31e8280f94b62aaa0)
# PASS: installed /usr/libexec/qdistro/qdistro-tier3s-cleanup owner/mode (root:root 755)
# PASS: installed /usr/lib/tmpfiles.d/qdistro-tier3s.conf = tested commit (a1590f9183efcd31dbcbe22717f68e4dc9c516e42511197b20fd519cb34f2716)
# PASS: installed /usr/lib/tmpfiles.d/qdistro-tier3s.conf owner/mode (root:root 644)
# PASS: installed /etc/systemd/system/qdistro-tier3s-silo@.service = tested commit (8927319793092181f73ad6304b01b8f200fc2707e1d08dfd73e453696dffde72)
# PASS: installed /etc/systemd/system/qdistro-tier3s-silo@.service owner/mode (root:root 644)
# PASS: installed /usr/libexec/qdistro/qdistro-tier3s-silo-launch = tested commit (d443088059d95a0c41cf81ee0a181992ca306c11f12fd4ebef2505b6da192ccd)
# PASS: installed /usr/libexec/qdistro/qdistro-tier3s-silo-launch owner/mode (root:root 755)
# PASS: installed /usr/libexec/qdistro/qdistro_session_manager.py = tested commit (340a918af137ecb89fa24f83741bf62850318aafefc227782e08e01cb5a2765a)
# PASS: installed /usr/libexec/qdistro/qdistro_session_manager.py owner/mode (root:root 755)
# PASS: installed broker = tested commit (11a9717242eccca4a59219a9621dc9a0ba0cd93602771dc8276d75ee478a5aa8)
# PASS: tmpfiles: state root (1000:1000 700)
# PASS: tmpfiles: control dir (root:root 700)
# PASS: tmpfiles: per-launch parent (root:root 755)
# PASS: runsc not installed by the installer (no)
# PASS: unit loaded from /etc (/etc/systemd/system/qdistro-tier3s-silo@.service)
# PASS: unit StopPropagatedFrom (O11) (qdistro-session-manager.service)
# PASS: session manager runs the installed code (pid 2040, serves CreateTier3sSilo)
# PASS: broker has the rules-only tier3s prefix (1)
# 
# ## 4. runsc: offline provision from the staged, pin-checked tarball
# PASS: runsc tarball sha512 = pin (20260928.0) (4ce35ca83aef7f96b06cde668e0b23aa98b05aa1829508e974196c2a1e02786c95f5bf79315fd7ddcfd88fe7a00f083ed8053e25eff7673d28d5256440caae8b)
#     provision-runsc: all 6 pinned files verified
#     provision-runsc: runsc --version: runsc version release-20260928.0
#     provision-runsc: PASS: installed runsc 20260928.0 to /usr/libexec/qdistro/runsc
# PASS: provision-runsc.sh --offline rc (0)
#     PASS profile: dev (/etc/qdistro/profile)
#     PASS kernel: >= 5.6 (7.2.8-1-default)
#     PASS seccomp: /proc/sys/kernel/seccomp present (actions: kill_process kill_thread trap errno user_notif trace log allow)
#     PASS userns: max_user_namespaces=15373 (minimum, not capacity)
#     PASS ptrace_scope: 1 (<= 2)
#     PASS subuid: admin:100000:65536
#     PASS subgid: admin:100000:65536
#     PASS newuidmap: /usr/bin/newuidmap
#     PASS newgidmap: /usr/bin/newgidmap
#     PASS pin: /usr/lib/qdistro/tier3s/RUNSC_RELEASE release=20260928.0
#     PASS runsc: release stamp matches pin; /usr/libexec/qdistro/runsc/runsc present (not yet executed)
#     PASS install_path: /usr/libexec/qdistro/runsc and ancestors up to /: real dirs, uid 0, not group/other-writable
#     PASS bundle: /usr/libexec/qdistro/runsc: 6 files, exact set, sha512 match pin
#     PASS runsc_version: runsc version release-20260928.0 (matches pin, rc=0; executed the verified inode 65027:7359018)
#     PASS wrapper: /usr/libexec/qdistro/tier3s-runsc (identical to /usr/lib/qdistro/tier3s/tier3s-runsc)
#     PASS state_root: /run/qdistro-tier3s-runsc/1000 (uid 1000 0700 under /run/qdistro-tier3s-runsc)
#     PASS podman: 6.0.2 (>= 6)
#     PASS podman_runtime: --runtime /usr/libexec/qdistro/tier3s-runsc recorded
#     PASS label_disable: accepted (|[label=disable])
#     INFO kvm: /dev/kvm present (not used: --platform=systrap)
#     INFO selinux: Permissive
#     RESULT PASS: tier 3s prerequisites present
# PASS: installed probe rc (0)
# PASS: installed probe RESULT (1)
# PASS: probe state_root (1)
# 
# ## 5. workload image from the OCI archive (built once with registry access)
# PASS: image archive and manifest staged
#     IMAGE=qdistro/tier3s-headless-smoke:latest
#     IMAGE_ID=df83d9d8fef586b37b25dd35d54c8bc21f4a6098a27868173536c64d171f00e2
#     IMAGE_DIGEST=sha256:3978fb45594a0b58e47dff41f135d9c45b460c65d80fe40a7a7b13fa74e460fd
#     IMAGE_SNAPSHOT=20260929
#     IMAGE_ARCHIVE_SHA256=58ed01634b161b778d2e43df7141126d8bdc69f4a07d0d5b1db63592e4322863
#     INPUT_KEY=d66dcef63e81843badfb29ff5105e459
#     BUILT_FROM_COMMIT=7454cac293103362e992451716a97100ef9931dd
#     BUILD_VM=tier3s-261002-115945-2329209-31246
#     BUILT_AT=2026-10-02T10:15:30Z
# PASS: archive sha256 = manifest (58ed01634b161b778d2e43df7141126d8bdc69f4a07d0d5b1db63592e4322863)
# PASS: manifest snapshot = snapshot.conf pin (20260929)
# PASS: manifest input key = the tested commit's image inputs (d66dcef63e81843badfb29ff5105e459)
#     Writing manifest to image destination
#     Loaded image: localhost/qdistro/tier3s-headless-smoke:latest
# PASS: podman load (admin) rc (0)
# PASS: loaded image ID = manifest IMAGE_ID (df83d9d8fef586b37b25dd35d54c8bc21f4a6098a27868173536c64d171f00e2)
# PASS: image snapshot label = pin (20260929)
# IMAGE_ID=df83d9d8fef586b37b25dd35d54c8bc21f4a6098a27868173536c64d171f00e2
# IMAGE_DIGEST=sha256:5423d5b895879d0bab7595942ce762292a29b99322c466e42cd479a8cb09ef9e
# INFO: the manifest digest changes across the oci-archive round trip (manifest re-serialized; build VM: sha256:3978fb45594a0b58e47dff41f135d9c45b460c65d80fe40a7a7b13fa74e460fd); the asserted identity is the image ID (config digest)
# 
# ## 6. broker allow rule for the smoke spawn
# PASS: broker without a rule (unknown)
# PASS: broker with the allow rule (allow)
# PASS: setup: control records (0)
# PASS: setup: scopes (0)
# PASS: setup: labelled containers (0)
# PASS: setup: runsc-bundle processes (0)
# PASS: setup: state root holds no container state (0)
# PASS: setup: no cleanup call scope left (0)
# PASS: setup: no cleanup work dir left (0)
# [t3s-setup] 59 passes, 0 failures
# [tier3s] t3s-setup transcript: /var/tmp/t3s-r2/qci-runs/bats-20261002T164956Z-3634433/bats/phase7-tier3s-sigkill-cleanup.bats.scratch/t3s-setup.log
# [vm-exec] guest identity pinned (pid 3230 start 2213)
# [vm-exec] Waiting... (polls=30s elapsed=31s)
# 
# ## 0. preconditions
# PASS: probe PASS (0)
# PASS: broker allows the smoke spawn (allow)
# PASS: launch unit carries StopPropagatedFrom= the manager (O11) (qdistro-session-manager.service)
# PASS: pre: control records (0)
# PASS: pre: scopes (0)
# PASS: pre: labelled containers (0)
# PASS: pre: runsc-bundle processes (0)
# PASS: pre: state root holds no container state (0)
# PASS: pre: no cleanup call scope left (0)
# PASS: pre: no cleanup work dir left (0)
# PASS: CreateTier3sSilo s122a (Created)
# PASS: CreateTier3sSilo s122b (Created)
#     silos.yaml: s122a argv -> ["qdistro-tier3s-smoke", "--hold", "600"]
#     silos.yaml: s122b argv -> ["qdistro-tier3s-smoke", "--hold", "600"]
# 
# ## 1. launcher SIGKILL (service failure), three times (ExecStopPost races the scope stop)
# PASS: sigkill#1: launch 2bb761e3a75b3bd84782629ad6498065 up
# PASS: sigkill#1: launch unit failed visibly (failed:signal)
#     unit: qdistro-tier3s-silo@s122a.service: Sent signal SIGKILL to main process 3951 (spawn-tier3s.sh) on client request.
#     unit: qdistro-tier3s-silo@s122a.service: Main process exited, code=killed, status=9/KILL
#     unit: Error: no such container "qdistro-tier3s-s122a"
#     unit: qdistro-tier3s-cleanup: 2bb761e3a75b3bd84782629ad6498065: qdistro-tier3s-s122a vanished during the teardown (removed concurrently)
#     unit: qdistro-tier3s-cleanup: 2bb761e3a75b3bd84782629ad6498065: torn down (qdistro-tier3s-s122a)
#     unit: qdistro-tier3s-silo@s122a.service: Failed with result 'signal'.
#     unit: qdistro-tier3s-silo@s122a.service: Consumed 1.012s CPU time over 4.796s wall clock time.
# PASS: launcher-sigkill#1: all 19 launch processes gone (pid+starttime)
# PASS: launcher-sigkill#1: scope qdistro-tier3s-2bb761e3a75b3bd84782629ad6498065.scope gone (unit down, /sys/fs/cgroup/system.slice/qdistro-tier3s-2bb761e3a75b3bd84782629ad6498065.scope absent)
# PASS: launcher-sigkill#1: per-launch dir /run/qdistro-tier3s/2bb761e3a75b3bd84782629ad6498065 gone
# PASS: launcher-sigkill#1: control record /run/qdistro-tier3s-ctl/2bb761e3a75b3bd84782629ad6498065 gone
# PASS: launcher-sigkill#1: container qdistro-tier3s-s122a gone (podman exists rc=1)
# PASS: launcher-sigkill#1: no runsc state for 5f6f1e8a4beb in /run/qdistro-tier3s-runsc/1000
# PASS: sigkill#1: StopSilo afterwards reaches Stopped (Stopped)
# PASS: sigkill#2: launch 251dd56ad293e6b71bc3e56a4608cc3d up
# PASS: sigkill#2: launch unit failed visibly (failed:signal)
#     unit: qdistro-tier3s-silo@s122a.service: Sent signal SIGKILL to main process 4800 (spawn-tier3s.sh) on client request.
#     unit: qdistro-tier3s-silo@s122a.service: Main process exited, code=killed, status=9/KILL
#     unit: qdistro-tier3s-cleanup: 251dd56ad293e6b71bc3e56a4608cc3d: torn down (qdistro-tier3s-s122a)
#     unit: qdistro-tier3s-silo@s122a.service: Failed with result 'signal'.
# PASS: launcher-sigkill#2: all 17 launch processes gone (pid+starttime)
# PASS: launcher-sigkill#2: scope qdistro-tier3s-251dd56ad293e6b71bc3e56a4608cc3d.scope gone (unit down, /sys/fs/cgroup/system.slice/qdistro-tier3s-251dd56ad293e6b71bc3e56a4608cc3d.scope absent)
# PASS: launcher-sigkill#2: per-launch dir /run/qdistro-tier3s/251dd56ad293e6b71bc3e56a4608cc3d gone
# PASS: launcher-sigkill#2: control record /run/qdistro-tier3s-ctl/251dd56ad293e6b71bc3e56a4608cc3d gone
# PASS: launcher-sigkill#2: container qdistro-tier3s-s122a gone (podman exists rc=1)
# PASS: launcher-sigkill#2: no runsc state for d91467825a42 in /run/qdistro-tier3s-runsc/1000
# PASS: sigkill#2: StopSilo afterwards reaches Stopped (Stopped)
# PASS: sigkill#3: launch 4a882e3a6db21ba5cd744c50c5f33e6a up
# PASS: sigkill#3: launch unit failed visibly (failed:signal)
#     unit: qdistro-tier3s-silo@s122a.service: Sent signal SIGKILL to main process 5565 (spawn-tier3s.sh) on client request.
#     unit: qdistro-tier3s-silo@s122a.service: Main process exited, code=killed, status=9/KILL
#     unit: qdistro-tier3s-cleanup: 4a882e3a6db21ba5cd744c50c5f33e6a: torn down (qdistro-tier3s-s122a)
#     unit: qdistro-tier3s-silo@s122a.service: Failed with result 'signal'.
# PASS: launcher-sigkill#3: all 19 launch processes gone (pid+starttime)
# PASS: launcher-sigkill#3: scope qdistro-tier3s-4a882e3a6db21ba5cd744c50c5f33e6a.scope gone (unit down, /sys/fs/cgroup/system.slice/qdistro-tier3s-4a882e3a6db21ba5cd744c50c5f33e6a.scope absent)
# PASS: launcher-sigkill#3: per-launch dir /run/qdistro-tier3s/4a882e3a6db21ba5cd744c50c5f33e6a gone
# PASS: launcher-sigkill#3: control record /run/qdistro-tier3s-ctl/4a882e3a6db21ba5cd744c50c5f33e6a gone
# PASS: launcher-sigkill#3: container qdistro-tier3s-s122a gone (podman exists rc=1)
# PASS: launcher-sigkill#3: no runsc state for 616e59bde20a in /run/qdistro-tier3s-runsc/1000
# PASS: sigkill#3: StopSilo afterwards reaches Stopped (Stopped)
# 
# ## 2. O11: session-manager STOP tears down every live launch
# PASS: manager-stop: two launches up (f1279094c1413664dd10228de4caccbe, b61432fb4495e6d7d94a260bc1e6c8d5)
# PASS: manager-stop: systemctl stop qdistro-session-manager.service rc (0)
# PASS: manager-stop: manager inactive (inactive)
# PASS: manager-stop: qdistro-tier3s-silo@s122a.service stopped through the verified cleanup (1)
# PASS: manager-stop: qdistro-tier3s-silo@s122a.service stopped before the manager (After= order) (yes)
# PASS: manager-stop/s122a: all 17 launch processes gone (pid+starttime)
# PASS: manager-stop/s122a: scope qdistro-tier3s-f1279094c1413664dd10228de4caccbe.scope gone (unit down, /sys/fs/cgroup/system.slice/qdistro-tier3s-f1279094c1413664dd10228de4caccbe.scope absent)
# PASS: manager-stop/s122a: per-launch dir /run/qdistro-tier3s/f1279094c1413664dd10228de4caccbe gone
# PASS: manager-stop/s122a: control record /run/qdistro-tier3s-ctl/f1279094c1413664dd10228de4caccbe gone
# PASS: manager-stop/s122a: container qdistro-tier3s-s122a gone (podman exists rc=1)
# PASS: manager-stop/s122a: no runsc state for 0caf7fa49993 in /run/qdistro-tier3s-runsc/1000
# PASS: manager-stop: qdistro-tier3s-silo@s122b.service stopped through the verified cleanup (1)
# PASS: manager-stop: qdistro-tier3s-silo@s122b.service stopped before the manager (After= order) (yes)
# PASS: manager-stop/s122b: all 17 launch processes gone (pid+starttime)
# PASS: manager-stop/s122b: scope qdistro-tier3s-b61432fb4495e6d7d94a260bc1e6c8d5.scope gone (unit down, /sys/fs/cgroup/system.slice/qdistro-tier3s-b61432fb4495e6d7d94a260bc1e6c8d5.scope absent)
# PASS: manager-stop/s122b: per-launch dir /run/qdistro-tier3s/b61432fb4495e6d7d94a260bc1e6c8d5 gone
# PASS: manager-stop/s122b: control record /run/qdistro-tier3s-ctl/b61432fb4495e6d7d94a260bc1e6c8d5 gone
# PASS: manager-stop/s122b: container qdistro-tier3s-s122b gone (podman exists rc=1)
# PASS: manager-stop/s122b: no runsc state for 375ddce7bb3d in /run/qdistro-tier3s-runsc/1000
# PASS: manager-stop: control records (0)
# PASS: manager-stop: scopes (0)
# PASS: manager-stop: labelled containers (0)
# PASS: manager-stop: runsc-bundle processes (0)
# PASS: manager-stop: state root holds no container state (0)
# PASS: manager-stop: no cleanup call scope left (0)
# PASS: manager-stop: no cleanup work dir left (0)
# PASS: manager-stop: manager started again (yes)
# PASS: manager-stop/s122a: relaunched with a fresh token (026728b8ec886168ead0692f2a4f5245, was f1279094c1413664dd10228de4caccbe)
# PASS: manager-stop/s122a: the new launch is recorded running (running)
# PASS: manager-stop/s122a: its container runs under the new token (running:026728b8ec886168ead0692f2a4f5245)
# PASS: manager-stop/s122a: its owning scope is live (active)
# PASS: manager-stop/s122b: relaunched with a fresh token (24b034d0fb37acc54bb5b33d87146738, was b61432fb4495e6d7d94a260bc1e6c8d5)
# PASS: manager-stop/s122b: the new launch is recorded running (running)
# PASS: manager-stop/s122b: its container runs under the new token (running:24b034d0fb37acc54bb5b33d87146738)
# PASS: manager-stop/s122b: its owning scope is live (active)
# PASS: manager-stop-after: control records (0)
# PASS: manager-stop-after: scopes (0)
# PASS: manager-stop-after: labelled containers (0)
# PASS: manager-stop-after: runsc-bundle processes (0)
# PASS: manager-stop-after: state root holds no container state (0)
# PASS: manager-stop-after: no cleanup call scope left (0)
# PASS: manager-stop-after: no cleanup work dir left (0)
# 
# ## 3. session-manager crash (SIGKILL) and restart
# PASS: manager-crash: launch e1a14f87fc6316d1fd5e863891dcb50b up
# PASS: manager-crash: manager back with a new pid (yes)
# PASS: manager-crash: all 17 launch processes gone (pid+starttime)
# PASS: manager-crash: scope qdistro-tier3s-e1a14f87fc6316d1fd5e863891dcb50b.scope gone (unit down, /sys/fs/cgroup/system.slice/qdistro-tier3s-e1a14f87fc6316d1fd5e863891dcb50b.scope absent)
# PASS: manager-crash: per-launch dir /run/qdistro-tier3s/e1a14f87fc6316d1fd5e863891dcb50b gone
# PASS: manager-crash: control record /run/qdistro-tier3s-ctl/e1a14f87fc6316d1fd5e863891dcb50b gone
# PASS: manager-crash: container qdistro-tier3s-s122a gone (podman exists rc=1)
# PASS: manager-crash: no runsc state for 6363f0262ca2 in /run/qdistro-tier3s-runsc/1000
# PASS: manager-crash: relaunched with a fresh token (e0db665d3ea96f4cd5b5d176536023de, was e1a14f87fc6316d1fd5e863891dcb50b)
# PASS: manager-crash: the new launch is recorded running (running)
# PASS: manager-crash: its container runs under the new token (running:e0db665d3ea96f4cd5b5d176536023de)
# PASS: manager-crash: its owning scope is live (active)
#     unit: Stopping qdistro tier-3s (gVisor) silo s122a (Experimental, dev profile only)...
#     unit: qdistro-tier3s-cleanup: e1a14f87fc6316d1fd5e863891dcb50b: torn down (qdistro-tier3s-s122a)
#     unit: spawn-tier3s: signal: tearing down e1a14f87fc6316d1fd5e863891dcb50b
#     unit: Stopped qdistro tier-3s (gVisor) silo s122a (Experimental, dev profile only).
# PASS: manager-crash: systemd completed a stop job for the old launch unit (yes)
# PASS: manager-crash: the old launch got the verified cleanup (1)
# PASS: manager-crash: StopSilo (Stopped)
# PASS: manager-restart: launch 7eb1cae6276ab4875eddcab77773e40d up
# PASS: manager-restart: manager back with a new pid (yes)
# PASS: manager-restart: all 17 launch processes gone (pid+starttime)
# PASS: manager-restart: scope qdistro-tier3s-7eb1cae6276ab4875eddcab77773e40d.scope gone (unit down, /sys/fs/cgroup/system.slice/qdistro-tier3s-7eb1cae6276ab4875eddcab77773e40d.scope absent)
# PASS: manager-restart: per-launch dir /run/qdistro-tier3s/7eb1cae6276ab4875eddcab77773e40d gone
# PASS: manager-restart: control record /run/qdistro-tier3s-ctl/7eb1cae6276ab4875eddcab77773e40d gone
# PASS: manager-restart: container qdistro-tier3s-s122a gone (podman exists rc=1)
# PASS: manager-restart: no runsc state for 68c8488242b0 in /run/qdistro-tier3s-runsc/1000
# PASS: manager-restart: relaunched with a fresh token (8af4ccdd53e9756709911d212496d766, was 7eb1cae6276ab4875eddcab77773e40d)
# PASS: manager-restart: the new launch is recorded running (running)
# PASS: manager-restart: its container runs under the new token (running:8af4ccdd53e9756709911d212496d766)
# PASS: manager-restart: its owning scope is live (active)
#     unit: Stopping qdistro tier-3s (gVisor) silo s122a (Experimental, dev profile only)...
#     unit: qdistro-tier3s-cleanup: 7eb1cae6276ab4875eddcab77773e40d: torn down (qdistro-tier3s-s122a)
#     unit: spawn-tier3s: signal: tearing down 7eb1cae6276ab4875eddcab77773e40d
#     unit: Stopped qdistro tier-3s (gVisor) silo s122a (Experimental, dev profile only).
# PASS: manager-restart: systemd completed a stop job for the old launch unit (yes)
# PASS: manager-restart: the old launch got the verified cleanup (1)
# PASS: manager-restart: StopSilo (Stopped)
# PASS: manager-restarts: control records (0)
# PASS: manager-restarts: scopes (0)
# PASS: manager-restarts: labelled containers (0)
# PASS: manager-restarts: runsc-bundle processes (0)
# PASS: manager-restarts: state root holds no container state (0)
# PASS: manager-restarts: no cleanup call scope left (0)
# PASS: manager-restarts: no cleanup work dir left (0)
# 
# ## 4. reconciliation: the manager's in-memory state is lost
# PASS: reconcile/recorded: live launch cbf5dfdab2b72ca180a0b8b77e49a6e6 started while the manager was down
# PASS: reconcile/recorded: the launch is live and labelled (running:cbf5dfdab2b72ca180a0b8b77e49a6e6)
# PASS: reconcile/recorded: the restarted manager stopped the unknown launch unit (1)
# PASS: reconcile/recorded: all 17 launch processes gone (pid+starttime)
# PASS: reconcile/recorded: scope qdistro-tier3s-cbf5dfdab2b72ca180a0b8b77e49a6e6.scope gone (unit down, /sys/fs/cgroup/system.slice/qdistro-tier3s-cbf5dfdab2b72ca180a0b8b77e49a6e6.scope absent)
# PASS: reconcile/recorded: per-launch dir /run/qdistro-tier3s/cbf5dfdab2b72ca180a0b8b77e49a6e6 gone
# PASS: reconcile/recorded: control record /run/qdistro-tier3s-ctl/cbf5dfdab2b72ca180a0b8b77e49a6e6 gone
# PASS: reconcile/recorded: container qdistro-tier3s-s122a gone (podman exists rc=1)
# PASS: reconcile/recorded: no runsc state for 7af85c728245 in /run/qdistro-tier3s-runsc/1000
# PASS: reconcile/recorded: silo not relaunched (it was Stopped) (Stopped)
# PASS: reconcile/unrecorded: live launch 90a9531308a62a35e8f57be9ce212588 started while the manager was down
# PASS: reconcile/unrecorded: the launch is live and labelled (running:90a9531308a62a35e8f57be9ce212588)
# PASS: reconcile/unrecorded: control record removed by hand (no)
# PASS: reconcile/unrecorded: the restarted manager stopped the unknown launch unit (1)
# PASS: reconcile/unrecorded: all 17 launch processes gone (pid+starttime)
# PASS: reconcile/unrecorded: scope qdistro-tier3s-90a9531308a62a35e8f57be9ce212588.scope gone (unit down, /sys/fs/cgroup/system.slice/qdistro-tier3s-90a9531308a62a35e8f57be9ce212588.scope absent)
# PASS: reconcile/unrecorded: per-launch dir /run/qdistro-tier3s/90a9531308a62a35e8f57be9ce212588 gone
# PASS: reconcile/unrecorded: control record /run/qdistro-tier3s-ctl/90a9531308a62a35e8f57be9ce212588 gone
# PASS: reconcile/unrecorded: container qdistro-tier3s-s122a gone (podman exists rc=1)
# PASS: reconcile/unrecorded: no runsc state for c2a9b4aac836 in /run/qdistro-tier3s-runsc/1000
# PASS: reconcile/unrecorded: silo not relaunched (it was Stopped) (Stopped)
# 
# ## 5. reconciliation: a live labelled container with no launch unit at all
# PASS: ghost: labelled container live with no unit and no record (running:no:inactive)
# PASS: ghost: reconciliation reaped the labelled container (podman exists rc) (1)
# PASS: ghost: its sandbox (State.Pid 16084) is gone (no)
# PASS: ghost: the manager reported no reconciliation failure (0)
# 
# ## 6. cleanup
# PASS: DeleteSilo s122a (absent)
# PASS: DeleteSilo s122b (absent)
# PASS: end: control records (0)
# PASS: end: scopes (0)
# PASS: end: labelled containers (0)
# PASS: end: runsc-bundle processes (0)
# PASS: end: state root holds no container state (0)
# PASS: end: no cleanup call scope left (0)
# PASS: end: no cleanup work dir left (0)
# [s122] 152 passes, 0 failures
# [tier3s] s122 transcript: /var/tmp/t3s-r2/qci-runs/bats-20261002T164956Z-3634433/bats/phase7-tier3s-sigkill-cleanup.bats.scratch/s122.log
ok 1 phase7-tier3s-sigkill-cleanup: SIGKILL, manager stop (O11), crash, restart, reconciliation
