[vm-exec] guest identity pinned (pid 3230 start 2213)
[vm-exec] Waiting... (polls=30s elapsed=31s)

## 0. preconditions
PASS: probe PASS (0)
PASS: broker allows the smoke spawn (allow)
PASS: launch unit carries StopPropagatedFrom= the manager (O11) (qdistro-session-manager.service)
PASS: pre: control records (0)
PASS: pre: scopes (0)
PASS: pre: labelled containers (0)
PASS: pre: runsc-bundle processes (0)
PASS: pre: state root holds no container state (0)
PASS: pre: no cleanup call scope left (0)
PASS: pre: no cleanup work dir left (0)
PASS: CreateTier3sSilo s122a (Created)
PASS: CreateTier3sSilo s122b (Created)
    silos.yaml: s122a argv -> ["qdistro-tier3s-smoke", "--hold", "600"]
    silos.yaml: s122b argv -> ["qdistro-tier3s-smoke", "--hold", "600"]

## 1. launcher SIGKILL (service failure), three times (ExecStopPost races the scope stop)
PASS: sigkill#1: launch 2bb761e3a75b3bd84782629ad6498065 up
PASS: sigkill#1: launch unit failed visibly (failed:signal)
    unit: qdistro-tier3s-silo@s122a.service: Sent signal SIGKILL to main process 3951 (spawn-tier3s.sh) on client request.
    unit: qdistro-tier3s-silo@s122a.service: Main process exited, code=killed, status=9/KILL
    unit: Error: no such container "qdistro-tier3s-s122a"
    unit: qdistro-tier3s-cleanup: 2bb761e3a75b3bd84782629ad6498065: qdistro-tier3s-s122a vanished during the teardown (removed concurrently)
    unit: qdistro-tier3s-cleanup: 2bb761e3a75b3bd84782629ad6498065: torn down (qdistro-tier3s-s122a)
    unit: qdistro-tier3s-silo@s122a.service: Failed with result 'signal'.
    unit: qdistro-tier3s-silo@s122a.service: Consumed 1.012s CPU time over 4.796s wall clock time.
PASS: launcher-sigkill#1: all 19 launch processes gone (pid+starttime)
PASS: launcher-sigkill#1: scope qdistro-tier3s-2bb761e3a75b3bd84782629ad6498065.scope gone (unit down, /sys/fs/cgroup/system.slice/qdistro-tier3s-2bb761e3a75b3bd84782629ad6498065.scope absent)
PASS: launcher-sigkill#1: per-launch dir /run/qdistro-tier3s/2bb761e3a75b3bd84782629ad6498065 gone
PASS: launcher-sigkill#1: control record /run/qdistro-tier3s-ctl/2bb761e3a75b3bd84782629ad6498065 gone
PASS: launcher-sigkill#1: container qdistro-tier3s-s122a gone (podman exists rc=1)
PASS: launcher-sigkill#1: no runsc state for 5f6f1e8a4beb in /run/qdistro-tier3s-runsc/1000
PASS: sigkill#1: StopSilo afterwards reaches Stopped (Stopped)
PASS: sigkill#2: launch 251dd56ad293e6b71bc3e56a4608cc3d up
PASS: sigkill#2: launch unit failed visibly (failed:signal)
    unit: qdistro-tier3s-silo@s122a.service: Sent signal SIGKILL to main process 4800 (spawn-tier3s.sh) on client request.
    unit: qdistro-tier3s-silo@s122a.service: Main process exited, code=killed, status=9/KILL
    unit: qdistro-tier3s-cleanup: 251dd56ad293e6b71bc3e56a4608cc3d: torn down (qdistro-tier3s-s122a)
    unit: qdistro-tier3s-silo@s122a.service: Failed with result 'signal'.
PASS: launcher-sigkill#2: all 17 launch processes gone (pid+starttime)
PASS: launcher-sigkill#2: scope qdistro-tier3s-251dd56ad293e6b71bc3e56a4608cc3d.scope gone (unit down, /sys/fs/cgroup/system.slice/qdistro-tier3s-251dd56ad293e6b71bc3e56a4608cc3d.scope absent)
PASS: launcher-sigkill#2: per-launch dir /run/qdistro-tier3s/251dd56ad293e6b71bc3e56a4608cc3d gone
PASS: launcher-sigkill#2: control record /run/qdistro-tier3s-ctl/251dd56ad293e6b71bc3e56a4608cc3d gone
PASS: launcher-sigkill#2: container qdistro-tier3s-s122a gone (podman exists rc=1)
PASS: launcher-sigkill#2: no runsc state for d91467825a42 in /run/qdistro-tier3s-runsc/1000
PASS: sigkill#2: StopSilo afterwards reaches Stopped (Stopped)
PASS: sigkill#3: launch 4a882e3a6db21ba5cd744c50c5f33e6a up
PASS: sigkill#3: launch unit failed visibly (failed:signal)
    unit: qdistro-tier3s-silo@s122a.service: Sent signal SIGKILL to main process 5565 (spawn-tier3s.sh) on client request.
    unit: qdistro-tier3s-silo@s122a.service: Main process exited, code=killed, status=9/KILL
    unit: qdistro-tier3s-cleanup: 4a882e3a6db21ba5cd744c50c5f33e6a: torn down (qdistro-tier3s-s122a)
    unit: qdistro-tier3s-silo@s122a.service: Failed with result 'signal'.
PASS: launcher-sigkill#3: all 19 launch processes gone (pid+starttime)
PASS: launcher-sigkill#3: scope qdistro-tier3s-4a882e3a6db21ba5cd744c50c5f33e6a.scope gone (unit down, /sys/fs/cgroup/system.slice/qdistro-tier3s-4a882e3a6db21ba5cd744c50c5f33e6a.scope absent)
PASS: launcher-sigkill#3: per-launch dir /run/qdistro-tier3s/4a882e3a6db21ba5cd744c50c5f33e6a gone
PASS: launcher-sigkill#3: control record /run/qdistro-tier3s-ctl/4a882e3a6db21ba5cd744c50c5f33e6a gone
PASS: launcher-sigkill#3: container qdistro-tier3s-s122a gone (podman exists rc=1)
PASS: launcher-sigkill#3: no runsc state for 616e59bde20a in /run/qdistro-tier3s-runsc/1000
PASS: sigkill#3: StopSilo afterwards reaches Stopped (Stopped)

## 2. O11: session-manager STOP tears down every live launch
PASS: manager-stop: two launches up (f1279094c1413664dd10228de4caccbe, b61432fb4495e6d7d94a260bc1e6c8d5)
PASS: manager-stop: systemctl stop qdistro-session-manager.service rc (0)
PASS: manager-stop: manager inactive (inactive)
PASS: manager-stop: qdistro-tier3s-silo@s122a.service stopped through the verified cleanup (1)
PASS: manager-stop: qdistro-tier3s-silo@s122a.service stopped before the manager (After= order) (yes)
PASS: manager-stop/s122a: all 17 launch processes gone (pid+starttime)
PASS: manager-stop/s122a: scope qdistro-tier3s-f1279094c1413664dd10228de4caccbe.scope gone (unit down, /sys/fs/cgroup/system.slice/qdistro-tier3s-f1279094c1413664dd10228de4caccbe.scope absent)
PASS: manager-stop/s122a: per-launch dir /run/qdistro-tier3s/f1279094c1413664dd10228de4caccbe gone
PASS: manager-stop/s122a: control record /run/qdistro-tier3s-ctl/f1279094c1413664dd10228de4caccbe gone
PASS: manager-stop/s122a: container qdistro-tier3s-s122a gone (podman exists rc=1)
PASS: manager-stop/s122a: no runsc state for 0caf7fa49993 in /run/qdistro-tier3s-runsc/1000
PASS: manager-stop: qdistro-tier3s-silo@s122b.service stopped through the verified cleanup (1)
PASS: manager-stop: qdistro-tier3s-silo@s122b.service stopped before the manager (After= order) (yes)
PASS: manager-stop/s122b: all 17 launch processes gone (pid+starttime)
PASS: manager-stop/s122b: scope qdistro-tier3s-b61432fb4495e6d7d94a260bc1e6c8d5.scope gone (unit down, /sys/fs/cgroup/system.slice/qdistro-tier3s-b61432fb4495e6d7d94a260bc1e6c8d5.scope absent)
PASS: manager-stop/s122b: per-launch dir /run/qdistro-tier3s/b61432fb4495e6d7d94a260bc1e6c8d5 gone
PASS: manager-stop/s122b: control record /run/qdistro-tier3s-ctl/b61432fb4495e6d7d94a260bc1e6c8d5 gone
PASS: manager-stop/s122b: container qdistro-tier3s-s122b gone (podman exists rc=1)
PASS: manager-stop/s122b: no runsc state for 375ddce7bb3d in /run/qdistro-tier3s-runsc/1000
PASS: manager-stop: control records (0)
PASS: manager-stop: scopes (0)
PASS: manager-stop: labelled containers (0)
PASS: manager-stop: runsc-bundle processes (0)
PASS: manager-stop: state root holds no container state (0)
PASS: manager-stop: no cleanup call scope left (0)
PASS: manager-stop: no cleanup work dir left (0)
PASS: manager-stop: manager started again (yes)
PASS: manager-stop/s122a: relaunched with a fresh token (026728b8ec886168ead0692f2a4f5245, was f1279094c1413664dd10228de4caccbe)
PASS: manager-stop/s122a: the new launch is recorded running (running)
PASS: manager-stop/s122a: its container runs under the new token (running:026728b8ec886168ead0692f2a4f5245)
PASS: manager-stop/s122a: its owning scope is live (active)
PASS: manager-stop/s122b: relaunched with a fresh token (24b034d0fb37acc54bb5b33d87146738, was b61432fb4495e6d7d94a260bc1e6c8d5)
PASS: manager-stop/s122b: the new launch is recorded running (running)
PASS: manager-stop/s122b: its container runs under the new token (running:24b034d0fb37acc54bb5b33d87146738)
PASS: manager-stop/s122b: its owning scope is live (active)
PASS: manager-stop-after: control records (0)
PASS: manager-stop-after: scopes (0)
PASS: manager-stop-after: labelled containers (0)
PASS: manager-stop-after: runsc-bundle processes (0)
PASS: manager-stop-after: state root holds no container state (0)
PASS: manager-stop-after: no cleanup call scope left (0)
PASS: manager-stop-after: no cleanup work dir left (0)

## 3. session-manager crash (SIGKILL) and restart
PASS: manager-crash: launch e1a14f87fc6316d1fd5e863891dcb50b up
PASS: manager-crash: manager back with a new pid (yes)
PASS: manager-crash: all 17 launch processes gone (pid+starttime)
PASS: manager-crash: scope qdistro-tier3s-e1a14f87fc6316d1fd5e863891dcb50b.scope gone (unit down, /sys/fs/cgroup/system.slice/qdistro-tier3s-e1a14f87fc6316d1fd5e863891dcb50b.scope absent)
PASS: manager-crash: per-launch dir /run/qdistro-tier3s/e1a14f87fc6316d1fd5e863891dcb50b gone
PASS: manager-crash: control record /run/qdistro-tier3s-ctl/e1a14f87fc6316d1fd5e863891dcb50b gone
PASS: manager-crash: container qdistro-tier3s-s122a gone (podman exists rc=1)
PASS: manager-crash: no runsc state for 6363f0262ca2 in /run/qdistro-tier3s-runsc/1000
PASS: manager-crash: relaunched with a fresh token (e0db665d3ea96f4cd5b5d176536023de, was e1a14f87fc6316d1fd5e863891dcb50b)
PASS: manager-crash: the new launch is recorded running (running)
PASS: manager-crash: its container runs under the new token (running:e0db665d3ea96f4cd5b5d176536023de)
PASS: manager-crash: its owning scope is live (active)
    unit: Stopping qdistro tier-3s (gVisor) silo s122a (Experimental, dev profile only)...
    unit: qdistro-tier3s-cleanup: e1a14f87fc6316d1fd5e863891dcb50b: torn down (qdistro-tier3s-s122a)
    unit: spawn-tier3s: signal: tearing down e1a14f87fc6316d1fd5e863891dcb50b
    unit: Stopped qdistro tier-3s (gVisor) silo s122a (Experimental, dev profile only).
PASS: manager-crash: systemd completed a stop job for the old launch unit (yes)
PASS: manager-crash: the old launch got the verified cleanup (1)
PASS: manager-crash: StopSilo (Stopped)
PASS: manager-restart: launch 7eb1cae6276ab4875eddcab77773e40d up
PASS: manager-restart: manager back with a new pid (yes)
PASS: manager-restart: all 17 launch processes gone (pid+starttime)
PASS: manager-restart: scope qdistro-tier3s-7eb1cae6276ab4875eddcab77773e40d.scope gone (unit down, /sys/fs/cgroup/system.slice/qdistro-tier3s-7eb1cae6276ab4875eddcab77773e40d.scope absent)
PASS: manager-restart: per-launch dir /run/qdistro-tier3s/7eb1cae6276ab4875eddcab77773e40d gone
PASS: manager-restart: control record /run/qdistro-tier3s-ctl/7eb1cae6276ab4875eddcab77773e40d gone
PASS: manager-restart: container qdistro-tier3s-s122a gone (podman exists rc=1)
PASS: manager-restart: no runsc state for 68c8488242b0 in /run/qdistro-tier3s-runsc/1000
PASS: manager-restart: relaunched with a fresh token (8af4ccdd53e9756709911d212496d766, was 7eb1cae6276ab4875eddcab77773e40d)
PASS: manager-restart: the new launch is recorded running (running)
PASS: manager-restart: its container runs under the new token (running:8af4ccdd53e9756709911d212496d766)
PASS: manager-restart: its owning scope is live (active)
    unit: Stopping qdistro tier-3s (gVisor) silo s122a (Experimental, dev profile only)...
    unit: qdistro-tier3s-cleanup: 7eb1cae6276ab4875eddcab77773e40d: torn down (qdistro-tier3s-s122a)
    unit: spawn-tier3s: signal: tearing down 7eb1cae6276ab4875eddcab77773e40d
    unit: Stopped qdistro tier-3s (gVisor) silo s122a (Experimental, dev profile only).
PASS: manager-restart: systemd completed a stop job for the old launch unit (yes)
PASS: manager-restart: the old launch got the verified cleanup (1)
PASS: manager-restart: StopSilo (Stopped)
PASS: manager-restarts: control records (0)
PASS: manager-restarts: scopes (0)
PASS: manager-restarts: labelled containers (0)
PASS: manager-restarts: runsc-bundle processes (0)
PASS: manager-restarts: state root holds no container state (0)
PASS: manager-restarts: no cleanup call scope left (0)
PASS: manager-restarts: no cleanup work dir left (0)

## 4. reconciliation: the manager's in-memory state is lost
PASS: reconcile/recorded: live launch cbf5dfdab2b72ca180a0b8b77e49a6e6 started while the manager was down
PASS: reconcile/recorded: the launch is live and labelled (running:cbf5dfdab2b72ca180a0b8b77e49a6e6)
PASS: reconcile/recorded: the restarted manager stopped the unknown launch unit (1)
PASS: reconcile/recorded: all 17 launch processes gone (pid+starttime)
PASS: reconcile/recorded: scope qdistro-tier3s-cbf5dfdab2b72ca180a0b8b77e49a6e6.scope gone (unit down, /sys/fs/cgroup/system.slice/qdistro-tier3s-cbf5dfdab2b72ca180a0b8b77e49a6e6.scope absent)
PASS: reconcile/recorded: per-launch dir /run/qdistro-tier3s/cbf5dfdab2b72ca180a0b8b77e49a6e6 gone
PASS: reconcile/recorded: control record /run/qdistro-tier3s-ctl/cbf5dfdab2b72ca180a0b8b77e49a6e6 gone
PASS: reconcile/recorded: container qdistro-tier3s-s122a gone (podman exists rc=1)
PASS: reconcile/recorded: no runsc state for 7af85c728245 in /run/qdistro-tier3s-runsc/1000
PASS: reconcile/recorded: silo not relaunched (it was Stopped) (Stopped)
PASS: reconcile/unrecorded: live launch 90a9531308a62a35e8f57be9ce212588 started while the manager was down
PASS: reconcile/unrecorded: the launch is live and labelled (running:90a9531308a62a35e8f57be9ce212588)
PASS: reconcile/unrecorded: control record removed by hand (no)
PASS: reconcile/unrecorded: the restarted manager stopped the unknown launch unit (1)
PASS: reconcile/unrecorded: all 17 launch processes gone (pid+starttime)
PASS: reconcile/unrecorded: scope qdistro-tier3s-90a9531308a62a35e8f57be9ce212588.scope gone (unit down, /sys/fs/cgroup/system.slice/qdistro-tier3s-90a9531308a62a35e8f57be9ce212588.scope absent)
PASS: reconcile/unrecorded: per-launch dir /run/qdistro-tier3s/90a9531308a62a35e8f57be9ce212588 gone
PASS: reconcile/unrecorded: control record /run/qdistro-tier3s-ctl/90a9531308a62a35e8f57be9ce212588 gone
PASS: reconcile/unrecorded: container qdistro-tier3s-s122a gone (podman exists rc=1)
PASS: reconcile/unrecorded: no runsc state for c2a9b4aac836 in /run/qdistro-tier3s-runsc/1000
PASS: reconcile/unrecorded: silo not relaunched (it was Stopped) (Stopped)

## 5. reconciliation: a live labelled container with no launch unit at all
PASS: ghost: labelled container live with no unit and no record (running:no:inactive)
PASS: ghost: reconciliation reaped the labelled container (podman exists rc) (1)
PASS: ghost: its sandbox (State.Pid 16084) is gone (no)
PASS: ghost: the manager reported no reconciliation failure (0)

## 6. cleanup
PASS: DeleteSilo s122a (absent)
PASS: DeleteSilo s122b (absent)
PASS: end: control records (0)
PASS: end: scopes (0)
PASS: end: labelled containers (0)
PASS: end: runsc-bundle processes (0)
PASS: end: state root holds no container state (0)
PASS: end: no cleanup call scope left (0)
PASS: end: no cleanup work dir left (0)
[s122] 152 passes, 0 failures
