
## provision silos (broker allow + images)
silos.yaml: benchhead argv -> ["qdistro-tier3s-smoke", "--hold", "900"]
silos.yaml: benchflood argv -> ["foot", "-e", "/bin/sh", "-c", "while true; do head -c 2097152 /dev/urandom | base64; done"]

## env
MEAS kernel 7.2.8-1-default -
MEAS nproc 4 -
MEAS mem_total_mb 3913 MB
MEAS selinux Enforcing -
MEAS runsc_release 20260928.0 -
MEAS runsc_version runsc version release-20260928.0 -
MEAS host_is_vm kvm -
MEAS commit 0021613642f90a9a398a0691e375776aa601ad59 -
MEAS utc 2026-10-07T03:28:05Z -

## cold start to window (tier3s GUI launch)
MEAS cold_start_to_window_ms_1 1727 ms
MEAS cold_startsilo_call_ms_1 1898 ms
MEAS teardown_benchgui_ms 2542 ms
MEAS cold_start_to_window_ms_2 1521 ms
MEAS cold_startsilo_call_ms_2 1701 ms
MEAS teardown_benchgui_ms 2624 ms
MEAS cold_start_to_window_ms_3 1468 ms
MEAS cold_startsilo_call_ms_3 1648 ms
MEAS teardown_benchgui_ms 2464 ms
MEAS t2_podman_create_start_ms_1 212 ms
MEAS t2_podman_create_start_ms_2 176 ms
MEAS t2_podman_create_start_ms_3 998 ms

## idle memory
MEAS t3s_gui_scope_memory_current_mb 54.7 MB
MEAS t3s_gui_scope_pss_mb 197.7 MB
MEAS t3s_gui_bridge_client_pss_mb 7.2 MB
MEAS t3s_gui_scope_procs 17 count
MEAS t3s_headless_scope_memory_current_mb 43.5 MB
MEAS t3s_headless_scope_pss_mb 97.6 MB
MEAS t3s_headless_scope_procs 21 count
MEAS t2_idle_memory_current_mb 0.5 MB
MEAS t2_idle_pss_mb 2.1 MB
MEAS t3s_gui_idle_cpu_pct 0.12 pct_core
MEAS t3s_headless_idle_cpu_pct 0.14 pct_core
MEAS t2_idle_cpu_pct 0.00 pct_core
MEAS teardown_benchgui_ms 2467 ms

## syscall cost (syscost binary, self-timed)
MEAS t2_runtime runc -
MEAS sys_host getpid_ms_per_100k=3.379 openclose_ms_per_20k=8.368 forkexec_ms_per_1k=342.807  -
MEAS sys_t2_runc getpid_ms_per_100k=4.203 openclose_ms_per_20k=9.175 forkexec_ms_per_1k=331.509  -
MEAS sys_t3s_systrap getpid_ms_per_100k=56.659 openclose_ms_per_20k=100.661 forkexec_ms_per_1k=3553.187  -
MEAS sys_t3s_systrap_nofastpath getpid_ms_per_100k=1132.350 openclose_ms_per_20k=785.350 forkexec_ms_per_1k=4127.146  -

## file I/O: tar xf ~200MB into a 1GiB tmpfs
MEAS io_tree_mb 200 MB
MEAS io_tar_host_ms 112 ms
MEAS io_tar_t2_ms_1 63 ms
MEAS io_tar_t2_ms_2 54 ms
MEAS io_tar_t3s_ms_1 206 ms
MEAS io_tar_t3s_ms_2 190 ms
MEAS io_tar_t3s_directfs_off_ms 276 ms

## waypipe bridge PSS under shm load (foot flood)
MEAS bridge_client_pss_start_mb 7.1 MB
MEAS bridge_client_pss_peak_mb 8.7 MB
MEAS bridge_rchar_delta_kb 51280 KB
MEAS teardown_benchflood_ms 2555 ms

## per-silo on-disk overhead
MEAS silo_store_mb 1360 MB
MEAS silo_runsc_state_mb 0 MB
MEAS silo_runtime_mb 1 MB
[bench] 0 passes, 0 failures
