[vm-exec] guest identity pinned (pid 3339 start 5238)
[vm-exec] Waiting... (polls=30s elapsed=33s)
[vm-exec] Waiting... (polls=60s elapsed=64s)
[vm-exec] Waiting... (polls=90s elapsed=95s)

## 0. preconditions
PASS: probe PASS (0)
PASS: broker allows the smoke spawn (allow)
PASS: launch unit carries StopPropagatedFrom= the manager (O11) (qdistro-session-manager.service)
PASS: pre: control records (0)
PASS: pre: scopes (0)
PASS: pre: labelled containers (0)
PASS: pre: runsc-bundle processes (0)
PASS: pre: state root holds no container state (0)
PASS: pre: no cleanup call scope left (0)
PASS: pre: no cleanup work dir left (0)
PASS: CreateTier3sSilo s122a (Created)
PASS: CreateTier3sSilo s122b (Created)
    silos.yaml: s122a argv -> ["qdistro-tier3s-smoke", "--hold", "600"]
    silos.yaml: s122b argv -> ["qdistro-tier3s-smoke", "--hold", "600"]

## 1. launcher SIGKILL (service failure), three times (ExecStopPost races the scope stop)
PASS: sigkill#1: launch 149c6020adf6efba6d25678b64b12c8b up
PASS: sigkill#1: launch unit failed visibly (failed:signal)
    unit: qdistro-tier3s-silo@s122a.service: Sent signal SIGKILL to main process 4160 (spawn-tier3s.sh) on client request.
    unit: qdistro-tier3s-silo@s122a.service: Main process exited, code=killed, status=9/KILL
    unit: qdistro-tier3s-cleanup: 149c6020adf6efba6d25678b64b12c8b: torn down (qdistro-tier3s-s122a)
    unit: qdistro-tier3s-silo@s122a.service: Failed with result 'signal'.
    unit: qdistro-tier3s-silo@s122a.service: Consumed 1.956s CPU time over 7.545s wall clock time.
PASS: launcher-sigkill#1: all 17 launch processes gone (pid+starttime)
PASS: launcher-sigkill#1: scope qdistro-tier3s-149c6020adf6efba6d25678b64b12c8b.scope gone (unit down, /sys/fs/cgroup/system.slice/qdistro-tier3s-149c6020adf6efba6d25678b64b12c8b.scope absent)
PASS: launcher-sigkill#1: per-launch dir /run/qdistro-tier3s/149c6020adf6efba6d25678b64b12c8b gone
PASS: launcher-sigkill#1: control record /run/qdistro-tier3s-ctl/149c6020adf6efba6d25678b64b12c8b gone
PASS: launcher-sigkill#1: container qdistro-tier3s-s122a gone (podman exists rc=1)
PASS: launcher-sigkill#1: no runsc state for 418ddac569c0 in /run/qdistro-tier3s-runsc/1000
PASS: sigkill#1: StopSilo afterwards reaches Stopped (Stopped)
PASS: sigkill#2: launch f5dae3d3136308043de2f0108053b1a7 up
PASS: sigkill#2: launch unit failed visibly (failed:signal)
    unit: qdistro-tier3s-silo@s122a.service: Sent signal SIGKILL to main process 5051 (spawn-tier3s.sh) on client request.
    unit: qdistro-tier3s-silo@s122a.service: Main process exited, code=killed, status=9/KILL
    unit: qdistro-tier3s-cleanup: f5dae3d3136308043de2f0108053b1a7: torn down (qdistro-tier3s-s122a)
    unit: qdistro-tier3s-silo@s122a.service: Failed with result 'signal'.
    unit: qdistro-tier3s-silo@s122a.service: Consumed 1.314s CPU time over 5.015s wall clock time.
PASS: launcher-sigkill#2: all 17 launch processes gone (pid+starttime)
PASS: launcher-sigkill#2: scope qdistro-tier3s-f5dae3d3136308043de2f0108053b1a7.scope gone (unit down, /sys/fs/cgroup/system.slice/qdistro-tier3s-f5dae3d3136308043de2f0108053b1a7.scope absent)
PASS: launcher-sigkill#2: per-launch dir /run/qdistro-tier3s/f5dae3d3136308043de2f0108053b1a7 gone
PASS: launcher-sigkill#2: control record /run/qdistro-tier3s-ctl/f5dae3d3136308043de2f0108053b1a7 gone
PASS: launcher-sigkill#2: container qdistro-tier3s-s122a gone (podman exists rc=1)
PASS: launcher-sigkill#2: no runsc state for 66f14bc36e6e in /run/qdistro-tier3s-runsc/1000
PASS: sigkill#2: StopSilo afterwards reaches Stopped (Stopped)
PASS: sigkill#3: launch 51e7cc6baf73aac9826e17374358fbb5 up
PASS: sigkill#3: launch unit failed visibly (failed:signal)
    unit: qdistro-tier3s-silo@s122a.service: Sent signal SIGKILL to main process 5896 (spawn-tier3s.sh) on client request.
    unit: qdistro-tier3s-silo@s122a.service: Main process exited, code=killed, status=9/KILL
    unit: qdistro-tier3s-cleanup: 51e7cc6baf73aac9826e17374358fbb5: torn down (qdistro-tier3s-s122a)
    unit: qdistro-tier3s-silo@s122a.service: Failed with result 'signal'.
    unit: qdistro-tier3s-silo@s122a.service: Consumed 1.827s CPU time over 5.679s wall clock time.
PASS: launcher-sigkill#3: all 19 launch processes gone (pid+starttime)
PASS: launcher-sigkill#3: scope qdistro-tier3s-51e7cc6baf73aac9826e17374358fbb5.scope gone (unit down, /sys/fs/cgroup/system.slice/qdistro-tier3s-51e7cc6baf73aac9826e17374358fbb5.scope absent)
PASS: launcher-sigkill#3: per-launch dir /run/qdistro-tier3s/51e7cc6baf73aac9826e17374358fbb5 gone
PASS: launcher-sigkill#3: control record /run/qdistro-tier3s-ctl/51e7cc6baf73aac9826e17374358fbb5 gone
PASS: launcher-sigkill#3: container qdistro-tier3s-s122a gone (podman exists rc=1)
PASS: launcher-sigkill#3: no runsc state for 98f5398429c1 in /run/qdistro-tier3s-runsc/1000
PASS: sigkill#3: StopSilo afterwards reaches Stopped (Stopped)

## 2. O11: session-manager STOP tears down every live launch
PASS: manager-stop: two launches up (fde93c08cb0a575391e567facb2b9f6b, 8cc53f46d7923a6229ec0c97da5ce85c)
PASS: manager-stop: systemctl stop qdistro-session-manager.service rc (0)
PASS: manager-stop: manager inactive (inactive)
PASS: manager-stop: qdistro-tier3s-silo@s122a.service stopped through the verified cleanup (1)
PASS: manager-stop: qdistro-tier3s-silo@s122a.service stopped before the manager (After= order) (yes)
PASS: manager-stop/s122a: all 17 launch processes gone (pid+starttime)
PASS: manager-stop/s122a: scope qdistro-tier3s-fde93c08cb0a575391e567facb2b9f6b.scope gone (unit down, /sys/fs/cgroup/system.slice/qdistro-tier3s-fde93c08cb0a575391e567facb2b9f6b.scope absent)
PASS: manager-stop/s122a: per-launch dir /run/qdistro-tier3s/fde93c08cb0a575391e567facb2b9f6b gone
PASS: manager-stop/s122a: control record /run/qdistro-tier3s-ctl/fde93c08cb0a575391e567facb2b9f6b gone
PASS: manager-stop/s122a: container qdistro-tier3s-s122a gone (podman exists rc=1)
PASS: manager-stop/s122a: no runsc state for f7c7e7654299 in /run/qdistro-tier3s-runsc/1000
PASS: manager-stop: qdistro-tier3s-silo@s122b.service stopped through the verified cleanup (1)
PASS: manager-stop: qdistro-tier3s-silo@s122b.service stopped before the manager (After= order) (yes)
PASS: manager-stop/s122b: all 17 launch processes gone (pid+starttime)
PASS: manager-stop/s122b: scope qdistro-tier3s-8cc53f46d7923a6229ec0c97da5ce85c.scope gone (unit down, /sys/fs/cgroup/system.slice/qdistro-tier3s-8cc53f46d7923a6229ec0c97da5ce85c.scope absent)
PASS: manager-stop/s122b: per-launch dir /run/qdistro-tier3s/8cc53f46d7923a6229ec0c97da5ce85c gone
PASS: manager-stop/s122b: control record /run/qdistro-tier3s-ctl/8cc53f46d7923a6229ec0c97da5ce85c gone
PASS: manager-stop/s122b: container qdistro-tier3s-s122b gone (podman exists rc=1)
PASS: manager-stop/s122b: no runsc state for 1d490bf6cbc1 in /run/qdistro-tier3s-runsc/1000
PASS: manager-stop: control records (0)
PASS: manager-stop: scopes (0)
PASS: manager-stop: labelled containers (0)
PASS: manager-stop: runsc-bundle processes (0)
PASS: manager-stop: state root holds no container state (0)
PASS: manager-stop: no cleanup call scope left (0)
PASS: manager-stop: no cleanup work dir left (0)
PASS: manager-stop: manager started again (yes)
PASS: manager-stop/s122a: relaunched with a fresh token (0fe8df35332492348df63b5465747376, was fde93c08cb0a575391e567facb2b9f6b)
PASS: manager-stop/s122a: the new launch is recorded running (running)
PASS: manager-stop/s122a: its container runs under the new token (running:0fe8df35332492348df63b5465747376)
PASS: manager-stop/s122a: its owning scope is live (active)
PASS: manager-stop/s122b: relaunched with a fresh token (8c9002b0815e7425bc43175e1b8f7394, was 8cc53f46d7923a6229ec0c97da5ce85c)
PASS: manager-stop/s122b: the new launch is recorded running (running)
PASS: manager-stop/s122b: its container runs under the new token (running:8c9002b0815e7425bc43175e1b8f7394)
PASS: manager-stop/s122b: its owning scope is live (active)
PASS: manager-stop-after: control records (0)
PASS: manager-stop-after: scopes (0)
PASS: manager-stop-after: labelled containers (0)
PASS: manager-stop-after: runsc-bundle processes (0)
PASS: manager-stop-after: state root holds no container state (0)
PASS: manager-stop-after: no cleanup call scope left (0)
PASS: manager-stop-after: no cleanup work dir left (0)

## 3. session-manager crash (SIGKILL) and restart
PASS: manager-crash: launch f169027edac3d3711200e5ad099c9a83 up
PASS: manager-crash: manager back with a new pid (yes)
PASS: manager-crash: all 19 launch processes gone (pid+starttime)
PASS: manager-crash: scope qdistro-tier3s-f169027edac3d3711200e5ad099c9a83.scope gone (unit down, /sys/fs/cgroup/system.slice/qdistro-tier3s-f169027edac3d3711200e5ad099c9a83.scope absent)
PASS: manager-crash: per-launch dir /run/qdistro-tier3s/f169027edac3d3711200e5ad099c9a83 gone
PASS: manager-crash: control record /run/qdistro-tier3s-ctl/f169027edac3d3711200e5ad099c9a83 gone
PASS: manager-crash: container qdistro-tier3s-s122a gone (podman exists rc=1)
PASS: manager-crash: no runsc state for 0ddeb39b0533 in /run/qdistro-tier3s-runsc/1000
PASS: manager-crash: relaunched with a fresh token (b8ac8821e9cfb87ae5219b442b5caee6, was f169027edac3d3711200e5ad099c9a83)
PASS: manager-crash: the new launch is recorded running (running)
PASS: manager-crash: its container runs under the new token (running:b8ac8821e9cfb87ae5219b442b5caee6)
PASS: manager-crash: its owning scope is live (active)
    unit: Stopping qdistro tier-3s (gVisor) silo s122a (Experimental, dev profile only)...
    unit: qdistro-tier3s-cleanup: f169027edac3d3711200e5ad099c9a83: torn down (qdistro-tier3s-s122a)
    unit: spawn-tier3s: signal: tearing down f169027edac3d3711200e5ad099c9a83
    unit: Stopped qdistro tier-3s (gVisor) silo s122a (Experimental, dev profile only).
PASS: manager-crash: systemd completed a stop job for the old launch unit (yes)
PASS: manager-crash: the old launch got the verified cleanup (1)
PASS: manager-crash: StopSilo (Stopped)
PASS: manager-restart: launch 2d4e5fafaaaa56a6a7fbd1b463420f30 up
PASS: manager-restart: manager back with a new pid (yes)
PASS: manager-restart: all 17 launch processes gone (pid+starttime)
PASS: manager-restart: scope qdistro-tier3s-2d4e5fafaaaa56a6a7fbd1b463420f30.scope gone (unit down, /sys/fs/cgroup/system.slice/qdistro-tier3s-2d4e5fafaaaa56a6a7fbd1b463420f30.scope absent)
PASS: manager-restart: per-launch dir /run/qdistro-tier3s/2d4e5fafaaaa56a6a7fbd1b463420f30 gone
PASS: manager-restart: control record /run/qdistro-tier3s-ctl/2d4e5fafaaaa56a6a7fbd1b463420f30 gone
PASS: manager-restart: container qdistro-tier3s-s122a gone (podman exists rc=1)
PASS: manager-restart: no runsc state for 241f127caa88 in /run/qdistro-tier3s-runsc/1000
PASS: manager-restart: relaunched with a fresh token (7e882a450220fdd06ce09cccbccf8e3f, was 2d4e5fafaaaa56a6a7fbd1b463420f30)
PASS: manager-restart: the new launch is recorded running (running)
PASS: manager-restart: its container runs under the new token (running:7e882a450220fdd06ce09cccbccf8e3f)
PASS: manager-restart: its owning scope is live (active)
    unit: Stopping qdistro tier-3s (gVisor) silo s122a (Experimental, dev profile only)...
    unit: qdistro-tier3s-cleanup: 2d4e5fafaaaa56a6a7fbd1b463420f30: torn down (qdistro-tier3s-s122a)
    unit: spawn-tier3s: signal: tearing down 2d4e5fafaaaa56a6a7fbd1b463420f30
    unit: Stopped qdistro tier-3s (gVisor) silo s122a (Experimental, dev profile only).
PASS: manager-restart: systemd completed a stop job for the old launch unit (yes)
PASS: manager-restart: the old launch got the verified cleanup (1)
PASS: manager-restart: StopSilo (Stopped)
PASS: manager-restarts: control records (0)
PASS: manager-restarts: scopes (0)
PASS: manager-restarts: labelled containers (0)
PASS: manager-restarts: runsc-bundle processes (0)
PASS: manager-restarts: state root holds no container state (0)
PASS: manager-restarts: no cleanup call scope left (0)
PASS: manager-restarts: no cleanup work dir left (0)

## 4. reconciliation: the manager's in-memory state is lost
PASS: reconcile/recorded: live launch 69d1b9dfe85c848b482e34fcf9dd6926 started while the manager was down
PASS: reconcile/recorded: the launch is live and labelled (running:69d1b9dfe85c848b482e34fcf9dd6926)
PASS: reconcile/recorded: the restarted manager stopped the unknown launch unit (1)
PASS: reconcile/recorded: all 17 launch processes gone (pid+starttime)
PASS: reconcile/recorded: scope qdistro-tier3s-69d1b9dfe85c848b482e34fcf9dd6926.scope gone (unit down, /sys/fs/cgroup/system.slice/qdistro-tier3s-69d1b9dfe85c848b482e34fcf9dd6926.scope absent)
PASS: reconcile/recorded: per-launch dir /run/qdistro-tier3s/69d1b9dfe85c848b482e34fcf9dd6926 gone
PASS: reconcile/recorded: control record /run/qdistro-tier3s-ctl/69d1b9dfe85c848b482e34fcf9dd6926 gone
PASS: reconcile/recorded: container qdistro-tier3s-s122a gone (podman exists rc=1)
PASS: reconcile/recorded: no runsc state for 48b145740e58 in /run/qdistro-tier3s-runsc/1000
PASS: reconcile/recorded: silo not relaunched (it was Stopped) (Stopped)
PASS: reconcile/unrecorded: live launch 5c49f5bfd4a1a9f99e937eb70e8c563f started while the manager was down
PASS: reconcile/unrecorded: the launch is live and labelled (running:5c49f5bfd4a1a9f99e937eb70e8c563f)
PASS: reconcile/unrecorded: control record removed by hand (no)
PASS: reconcile/unrecorded: the restarted manager stopped the unknown launch unit (1)
PASS: reconcile/unrecorded: all 17 launch processes gone (pid+starttime)
PASS: reconcile/unrecorded: scope qdistro-tier3s-5c49f5bfd4a1a9f99e937eb70e8c563f.scope gone (unit down, /sys/fs/cgroup/system.slice/qdistro-tier3s-5c49f5bfd4a1a9f99e937eb70e8c563f.scope absent)
PASS: reconcile/unrecorded: per-launch dir /run/qdistro-tier3s/5c49f5bfd4a1a9f99e937eb70e8c563f gone
PASS: reconcile/unrecorded: control record /run/qdistro-tier3s-ctl/5c49f5bfd4a1a9f99e937eb70e8c563f gone
PASS: reconcile/unrecorded: container qdistro-tier3s-s122a gone (podman exists rc=1)
PASS: reconcile/unrecorded: no runsc state for 4e566ee5394e in /run/qdistro-tier3s-runsc/1000
PASS: reconcile/unrecorded: silo not relaunched (it was Stopped) (Stopped)

## 5. reconciliation: a live labelled container with no launch unit at all
PASS: ghost: labelled container live with no unit and no record (running:no:inactive)
PASS: ghost: reconciliation reaped the labelled container (podman exists rc) (1)
PASS: ghost: its sandbox (State.Pid 17623) is gone (no)
PASS: ghost: the manager reported no reconciliation failure (0)

## 6. cleanup
PASS: DeleteSilo s122a (absent)
PASS: DeleteSilo s122b (absent)
PASS: end: control records (0)
PASS: end: scopes (0)
PASS: end: labelled containers (0)
PASS: end: runsc-bundle processes (0)
PASS: end: state root holds no container state (0)
PASS: end: no cleanup call scope left (0)
PASS: end: no cleanup work dir left (0)
[s122] 152 passes, 0 failures
