[vm-exec] guest identity pinned (pid 3264 start 2814)
[vm-exec] Waiting... (polls=30s elapsed=31s)

## 0. preconditions
PASS: probe PASS (0)
PASS: broker allows the smoke spawn (allow)
PASS: launch unit carries StopPropagatedFrom= the manager (O11) (qdistro-session-manager.service)
PASS: pre: control records (0)
PASS: pre: scopes (0)
PASS: pre: labelled containers (0)
PASS: pre: runsc-bundle processes (0)
PASS: pre: state root holds no container state (0)
PASS: pre: no cleanup call scope left (0)
PASS: pre: no cleanup work dir left (0)
PASS: CreateTier3sSilo s122a (Created)
PASS: CreateTier3sSilo s122b (Created)
    silos.yaml: s122a argv -> ["qdistro-tier3s-smoke", "--hold", "600"]
    silos.yaml: s122b argv -> ["qdistro-tier3s-smoke", "--hold", "600"]

## 1. launcher SIGKILL (service failure), three times (ExecStopPost races the scope stop)
PASS: sigkill#1: launch 36d789077da142aea0838e88a33f3716 up
PASS: sigkill#1: launch unit failed visibly (failed:signal)
    unit: qdistro-tier3s-silo@s122a.service: Sent signal SIGKILL to main process 4006 (spawn-tier3s.sh) on client request.
    unit: qdistro-tier3s-silo@s122a.service: Main process exited, code=killed, status=9/KILL
    unit: qdistro-tier3s-cleanup: 36d789077da142aea0838e88a33f3716: torn down (qdistro-tier3s-s122a)
    unit: qdistro-tier3s-silo@s122a.service: Failed with result 'signal'.
    unit: qdistro-tier3s-silo@s122a.service: Consumed 1.118s CPU time over 5.200s wall clock time.
PASS: launcher-sigkill#1: all 19 launch processes gone (pid+starttime)
PASS: launcher-sigkill#1: scope qdistro-tier3s-36d789077da142aea0838e88a33f3716.scope gone (unit down, /sys/fs/cgroup/system.slice/qdistro-tier3s-36d789077da142aea0838e88a33f3716.scope absent)
PASS: launcher-sigkill#1: per-launch dir /run/qdistro-tier3s/36d789077da142aea0838e88a33f3716 gone
PASS: launcher-sigkill#1: control record /run/qdistro-tier3s-ctl/36d789077da142aea0838e88a33f3716 gone
PASS: launcher-sigkill#1: container qdistro-tier3s-s122a gone (podman exists rc=1)
PASS: launcher-sigkill#1: no runsc state for ef9487c97177 in /run/qdistro-tier3s-runsc/1000
PASS: sigkill#1: StopSilo afterwards reaches Stopped (Stopped)
PASS: sigkill#2: launch 3f10dd3147999b9dbab99e66cfdbc79b up
PASS: sigkill#2: launch unit failed visibly (failed:signal)
    unit: qdistro-tier3s-silo@s122a.service: Sent signal SIGKILL to main process 4863 (spawn-tier3s.sh) on client request.
    unit: qdistro-tier3s-silo@s122a.service: Main process exited, code=killed, status=9/KILL
    unit: qdistro-tier3s-cleanup: 3f10dd3147999b9dbab99e66cfdbc79b: torn down (qdistro-tier3s-s122a)
    unit: qdistro-tier3s-silo@s122a.service: Failed with result 'signal'.
    unit: qdistro-tier3s-silo@s122a.service: Consumed 1.030s CPU time over 4.400s wall clock time.
PASS: launcher-sigkill#2: all 19 launch processes gone (pid+starttime)
PASS: launcher-sigkill#2: scope qdistro-tier3s-3f10dd3147999b9dbab99e66cfdbc79b.scope gone (unit down, /sys/fs/cgroup/system.slice/qdistro-tier3s-3f10dd3147999b9dbab99e66cfdbc79b.scope absent)
PASS: launcher-sigkill#2: per-launch dir /run/qdistro-tier3s/3f10dd3147999b9dbab99e66cfdbc79b gone
PASS: launcher-sigkill#2: control record /run/qdistro-tier3s-ctl/3f10dd3147999b9dbab99e66cfdbc79b gone
PASS: launcher-sigkill#2: container qdistro-tier3s-s122a gone (podman exists rc=1)
PASS: launcher-sigkill#2: no runsc state for 0995c3d7f373 in /run/qdistro-tier3s-runsc/1000
PASS: sigkill#2: StopSilo afterwards reaches Stopped (Stopped)
PASS: sigkill#3: launch 844d474ae8ef55a32c1e47e2e34b47a7 up
PASS: sigkill#3: launch unit failed visibly (failed:signal)
    unit: qdistro-tier3s-silo@s122a.service: Sent signal SIGKILL to main process 5678 (spawn-tier3s.sh) on client request.
    unit: qdistro-tier3s-silo@s122a.service: Main process exited, code=killed, status=9/KILL
    unit: qdistro-tier3s-cleanup: 844d474ae8ef55a32c1e47e2e34b47a7: torn down (qdistro-tier3s-s122a)
    unit: qdistro-tier3s-silo@s122a.service: Failed with result 'signal'.
    unit: qdistro-tier3s-silo@s122a.service: Consumed 1.007s CPU time over 4.615s wall clock time.
PASS: launcher-sigkill#3: all 17 launch processes gone (pid+starttime)
PASS: launcher-sigkill#3: scope qdistro-tier3s-844d474ae8ef55a32c1e47e2e34b47a7.scope gone (unit down, /sys/fs/cgroup/system.slice/qdistro-tier3s-844d474ae8ef55a32c1e47e2e34b47a7.scope absent)
PASS: launcher-sigkill#3: per-launch dir /run/qdistro-tier3s/844d474ae8ef55a32c1e47e2e34b47a7 gone
PASS: launcher-sigkill#3: control record /run/qdistro-tier3s-ctl/844d474ae8ef55a32c1e47e2e34b47a7 gone
PASS: launcher-sigkill#3: container qdistro-tier3s-s122a gone (podman exists rc=1)
PASS: launcher-sigkill#3: no runsc state for 4dcbf2d2d0d2 in /run/qdistro-tier3s-runsc/1000
PASS: sigkill#3: StopSilo afterwards reaches Stopped (Stopped)

## 2. O11: session-manager STOP tears down every live launch
PASS: manager-stop: two launches up (80cd8afbd90bee3315be1c4df501047e, c6299892709bf3b8226fc140a1ad5294)
PASS: manager-stop: systemctl stop qdistro-session-manager.service rc (0)
PASS: manager-stop: manager inactive (inactive)
PASS: manager-stop: qdistro-tier3s-silo@s122a.service stopped through the verified cleanup (1)
PASS: manager-stop: qdistro-tier3s-silo@s122a.service stopped before the manager (After= order) (yes)
PASS: manager-stop/s122a: all 17 launch processes gone (pid+starttime)
PASS: manager-stop/s122a: scope qdistro-tier3s-80cd8afbd90bee3315be1c4df501047e.scope gone (unit down, /sys/fs/cgroup/system.slice/qdistro-tier3s-80cd8afbd90bee3315be1c4df501047e.scope absent)
PASS: manager-stop/s122a: per-launch dir /run/qdistro-tier3s/80cd8afbd90bee3315be1c4df501047e gone
PASS: manager-stop/s122a: control record /run/qdistro-tier3s-ctl/80cd8afbd90bee3315be1c4df501047e gone
PASS: manager-stop/s122a: container qdistro-tier3s-s122a gone (podman exists rc=1)
PASS: manager-stop/s122a: no runsc state for 77b6cb1619b7 in /run/qdistro-tier3s-runsc/1000
PASS: manager-stop: qdistro-tier3s-silo@s122b.service stopped through the verified cleanup (1)
PASS: manager-stop: qdistro-tier3s-silo@s122b.service stopped before the manager (After= order) (yes)
PASS: manager-stop/s122b: all 17 launch processes gone (pid+starttime)
PASS: manager-stop/s122b: scope qdistro-tier3s-c6299892709bf3b8226fc140a1ad5294.scope gone (unit down, /sys/fs/cgroup/system.slice/qdistro-tier3s-c6299892709bf3b8226fc140a1ad5294.scope absent)
PASS: manager-stop/s122b: per-launch dir /run/qdistro-tier3s/c6299892709bf3b8226fc140a1ad5294 gone
PASS: manager-stop/s122b: control record /run/qdistro-tier3s-ctl/c6299892709bf3b8226fc140a1ad5294 gone
PASS: manager-stop/s122b: container qdistro-tier3s-s122b gone (podman exists rc=1)
PASS: manager-stop/s122b: no runsc state for a429cc0cda85 in /run/qdistro-tier3s-runsc/1000
PASS: manager-stop: control records (0)
PASS: manager-stop: scopes (0)
PASS: manager-stop: labelled containers (0)
PASS: manager-stop: runsc-bundle processes (0)
PASS: manager-stop: state root holds no container state (0)
PASS: manager-stop: no cleanup call scope left (0)
PASS: manager-stop: no cleanup work dir left (0)
PASS: manager-stop: manager started again (yes)
PASS: manager-stop/s122a: relaunched with a fresh token (f8b7031ab4b4dca8b48027084b1db61d, was 80cd8afbd90bee3315be1c4df501047e)
PASS: manager-stop/s122a: the new launch is recorded running (running)
PASS: manager-stop/s122a: its container runs under the new token (running:f8b7031ab4b4dca8b48027084b1db61d)
PASS: manager-stop/s122a: its owning scope is live (active)
PASS: manager-stop/s122b: relaunched with a fresh token (f509517dd9c62fd2faa99154f96bb198, was c6299892709bf3b8226fc140a1ad5294)
PASS: manager-stop/s122b: the new launch is recorded running (running)
PASS: manager-stop/s122b: its container runs under the new token (running:f509517dd9c62fd2faa99154f96bb198)
PASS: manager-stop/s122b: its owning scope is live (active)
PASS: manager-stop-after: control records (0)
PASS: manager-stop-after: scopes (0)
PASS: manager-stop-after: labelled containers (0)
PASS: manager-stop-after: runsc-bundle processes (0)
PASS: manager-stop-after: state root holds no container state (0)
PASS: manager-stop-after: no cleanup call scope left (0)
PASS: manager-stop-after: no cleanup work dir left (0)

## 3. session-manager crash (SIGKILL) and restart
PASS: manager-crash: launch b12273fadcf1f3f85a323f2d9987cb02 up
PASS: manager-crash: manager back with a new pid (yes)
PASS: manager-crash: all 17 launch processes gone (pid+starttime)
PASS: manager-crash: scope qdistro-tier3s-b12273fadcf1f3f85a323f2d9987cb02.scope gone (unit down, /sys/fs/cgroup/system.slice/qdistro-tier3s-b12273fadcf1f3f85a323f2d9987cb02.scope absent)
PASS: manager-crash: per-launch dir /run/qdistro-tier3s/b12273fadcf1f3f85a323f2d9987cb02 gone
PASS: manager-crash: control record /run/qdistro-tier3s-ctl/b12273fadcf1f3f85a323f2d9987cb02 gone
PASS: manager-crash: container qdistro-tier3s-s122a gone (podman exists rc=1)
PASS: manager-crash: no runsc state for b50de7907963 in /run/qdistro-tier3s-runsc/1000
PASS: manager-crash: relaunched with a fresh token (bec75edb09d484b278fde8d7ca068185, was b12273fadcf1f3f85a323f2d9987cb02)
PASS: manager-crash: the new launch is recorded running (running)
PASS: manager-crash: its container runs under the new token (running:bec75edb09d484b278fde8d7ca068185)
PASS: manager-crash: its owning scope is live (active)
    unit: Stopping qdistro tier-3s (gVisor) silo s122a (Experimental, dev profile only)...
    unit: qdistro-tier3s-cleanup: b12273fadcf1f3f85a323f2d9987cb02: torn down (qdistro-tier3s-s122a)
    unit: spawn-tier3s: signal: tearing down b12273fadcf1f3f85a323f2d9987cb02
    unit: Stopped qdistro tier-3s (gVisor) silo s122a (Experimental, dev profile only).
PASS: manager-crash: systemd completed a stop job for the old launch unit (yes)
PASS: manager-crash: the old launch got the verified cleanup (1)
PASS: manager-crash: StopSilo (Stopped)
PASS: manager-restart: launch a5bf95217fefd49c4747860d6c286fd4 up
PASS: manager-restart: manager back with a new pid (yes)
PASS: manager-restart: all 19 launch processes gone (pid+starttime)
PASS: manager-restart: scope qdistro-tier3s-a5bf95217fefd49c4747860d6c286fd4.scope gone (unit down, /sys/fs/cgroup/system.slice/qdistro-tier3s-a5bf95217fefd49c4747860d6c286fd4.scope absent)
PASS: manager-restart: per-launch dir /run/qdistro-tier3s/a5bf95217fefd49c4747860d6c286fd4 gone
PASS: manager-restart: control record /run/qdistro-tier3s-ctl/a5bf95217fefd49c4747860d6c286fd4 gone
PASS: manager-restart: container qdistro-tier3s-s122a gone (podman exists rc=1)
PASS: manager-restart: no runsc state for f1bc4369dd8a in /run/qdistro-tier3s-runsc/1000
PASS: manager-restart: relaunched with a fresh token (e74937318c5c864797b58a128cc2c21f, was a5bf95217fefd49c4747860d6c286fd4)
PASS: manager-restart: the new launch is recorded running (running)
PASS: manager-restart: its container runs under the new token (running:e74937318c5c864797b58a128cc2c21f)
PASS: manager-restart: its owning scope is live (active)
    unit: Stopping qdistro tier-3s (gVisor) silo s122a (Experimental, dev profile only)...
    unit: qdistro-tier3s-cleanup: a5bf95217fefd49c4747860d6c286fd4: torn down (qdistro-tier3s-s122a)
    unit: spawn-tier3s: signal: tearing down a5bf95217fefd49c4747860d6c286fd4
    unit: Stopped qdistro tier-3s (gVisor) silo s122a (Experimental, dev profile only).
PASS: manager-restart: systemd completed a stop job for the old launch unit (yes)
PASS: manager-restart: the old launch got the verified cleanup (1)
PASS: manager-restart: StopSilo (Stopped)
PASS: manager-restarts: control records (0)
PASS: manager-restarts: scopes (0)
PASS: manager-restarts: labelled containers (0)
PASS: manager-restarts: runsc-bundle processes (0)
PASS: manager-restarts: state root holds no container state (0)
PASS: manager-restarts: no cleanup call scope left (0)
PASS: manager-restarts: no cleanup work dir left (0)

## 4. reconciliation: the manager's in-memory state is lost
PASS: reconcile/recorded: live launch 04054c9cdce8bacafacc4a5637721100 started while the manager was down
PASS: reconcile/recorded: the launch is live and labelled (running:04054c9cdce8bacafacc4a5637721100)
PASS: reconcile/recorded: the restarted manager stopped the unknown launch unit (1)
PASS: reconcile/recorded: all 17 launch processes gone (pid+starttime)
PASS: reconcile/recorded: scope qdistro-tier3s-04054c9cdce8bacafacc4a5637721100.scope gone (unit down, /sys/fs/cgroup/system.slice/qdistro-tier3s-04054c9cdce8bacafacc4a5637721100.scope absent)
PASS: reconcile/recorded: per-launch dir /run/qdistro-tier3s/04054c9cdce8bacafacc4a5637721100 gone
PASS: reconcile/recorded: control record /run/qdistro-tier3s-ctl/04054c9cdce8bacafacc4a5637721100 gone
PASS: reconcile/recorded: container qdistro-tier3s-s122a gone (podman exists rc=1)
PASS: reconcile/recorded: no runsc state for c8191c1f7bb9 in /run/qdistro-tier3s-runsc/1000
PASS: reconcile/recorded: silo not relaunched (it was Stopped) (Stopped)
PASS: reconcile/unrecorded: live launch e38151606d287b13de5c194fba819a50 started while the manager was down
PASS: reconcile/unrecorded: the launch is live and labelled (running:e38151606d287b13de5c194fba819a50)
PASS: reconcile/unrecorded: control record removed by hand (no)
PASS: reconcile/unrecorded: the restarted manager stopped the unknown launch unit (1)
PASS: reconcile/unrecorded: all 17 launch processes gone (pid+starttime)
PASS: reconcile/unrecorded: scope qdistro-tier3s-e38151606d287b13de5c194fba819a50.scope gone (unit down, /sys/fs/cgroup/system.slice/qdistro-tier3s-e38151606d287b13de5c194fba819a50.scope absent)
PASS: reconcile/unrecorded: per-launch dir /run/qdistro-tier3s/e38151606d287b13de5c194fba819a50 gone
PASS: reconcile/unrecorded: control record /run/qdistro-tier3s-ctl/e38151606d287b13de5c194fba819a50 gone
PASS: reconcile/unrecorded: container qdistro-tier3s-s122a gone (podman exists rc=1)
PASS: reconcile/unrecorded: no runsc state for 30cb3f11c504 in /run/qdistro-tier3s-runsc/1000
PASS: reconcile/unrecorded: silo not relaunched (it was Stopped) (Stopped)

## 5. reconciliation: a live labelled container with no launch unit at all
PASS: ghost: labelled container live with no unit and no record (running:no:inactive)
PASS: ghost: reconciliation reaped the labelled container (podman exists rc) (1)
PASS: ghost: its sandbox (State.Pid 16398) is gone (no)
PASS: ghost: the manager reported no reconciliation failure (0)

## 6. cleanup
PASS: DeleteSilo s122a (absent)
PASS: DeleteSilo s122b (absent)
PASS: end: control records (0)
PASS: end: scopes (0)
PASS: end: labelled containers (0)
PASS: end: runsc-bundle processes (0)
PASS: end: state root holds no container state (0)
PASS: end: no cleanup call scope left (0)
PASS: end: no cleanup work dir left (0)
[s122] 152 passes, 0 failures
