1..1
# [tier3s] tested commit e80b9798b8427b4cd28555b6fac721d22724afb9; runsc 20260928.0 (sha512 ok); image b946b97f16fe65cfc11de00505e32f6d774d498bf28ad44433bdb6f7105d5548
# [tier3s] staged GUI image weston-terminal (9da5bb93929139cfaa310f9fb844276a1e0c3bf2e4b989cf1b7075f027e036dc)
# [vm-exec] guest identity pinned (pid 1296 start 771)
# 
# ## 0. guest
# INFO: profile: QDISTRO_PROFILE=dev 
# INFO: kernel 7.2.8-1-default; podman version 6.0.2; systemd 261 (261.2); selinux Permissive
# PASS: o10: worker image (built without QDISTRO_TIER3S=1) carries no tier 3s file
# 
# ## 1. stage the tested commit, root-owned
# PASS: staged src.tar
# INFO: tested commit e80b9798b8427b4cd28555b6fac721d22724afb9
# PASS: staged tree has the tier 3s sources (yes)
# 
# ## 2. installer WITHOUT QDISTRO_TIER3S (owner O10: installs nothing tier 3s)
#     install-session-manager: tier 3s not installed (QDISTRO_TIER3S is not 1; paravirt O10)
# PASS: o10: installer without the flag rc (0)
# PASS: o10: installer without the flag says so (1)
# PASS: o10: no tier 3s file after the installer ran without the flag
# 
# ## 3. installer WITH QDISTRO_TIER3S=1 from the tested commit
#     session manager ready on org.qdistro.SessionManager1
# PASS: installer with QDISTRO_TIER3S=1 rc (0)
# PASS: installed /usr/lib/qdistro/tier3s/spawn-tier3s.sh = tested commit (6c8b54b65f0dc593d437de78eda1033ba49c35d4e0bae03ca7385ca261725aba)
# PASS: installed /usr/lib/qdistro/tier3s/spawn-tier3s.sh owner/mode (root:root 755)
# PASS: installed /usr/lib/qdistro/tier3s/probe.sh = tested commit (ab33f366968738fdb5db3e93a9f19308dc8d19bb022815154109f149e73bb1ba)
# PASS: installed /usr/lib/qdistro/tier3s/probe.sh owner/mode (root:root 755)
# PASS: installed /usr/lib/qdistro/tier3s/tier3s-runsc = tested commit (3d55537c56376d12767d8de902ec76f968915f71d2a5433b5d93ab1296c33a85)
# PASS: installed /usr/lib/qdistro/tier3s/tier3s-runsc owner/mode (root:root 755)
# PASS: installed /usr/lib/qdistro/tier3s/RUNSC_RELEASE = tested commit (b0b60c5230d11c46eb52588e308ef93eba3cbff4ce5871d929059c8fa969b3a3)
# PASS: installed /usr/lib/qdistro/tier3s/RUNSC_RELEASE owner/mode (root:root 644)
# PASS: installed /usr/lib/qdistro/tier3s/seccomp/foot.json = tested commit (f7b8c94fcc26455cb986e3eb1bbd37785cb1bfd3d54f233a17e6f0ba3c7459f6)
# PASS: installed /usr/lib/qdistro/tier3s/seccomp/foot.json owner/mode (root:root 644)
# PASS: installed /usr/lib/qdistro/tier3s/seccomp/headless-smoke.json = tested commit (13c0e63dd2684e4f9a5c30b38d2e71b363ab33fc1bb7f68b4f53b8a8aa29b41d)
# PASS: installed /usr/lib/qdistro/tier3s/seccomp/headless-smoke.json owner/mode (root:root 644)
# PASS: installed /usr/lib/qdistro/tier3s/seccomp/weston-terminal.json = tested commit (0384b8f78a14e515046bc484c87755e5568e2db5a6e7494e44a68180814e981d)
# PASS: installed /usr/lib/qdistro/tier3s/seccomp/weston-terminal.json owner/mode (root:root 644)
# PASS: installed /usr/libexec/qdistro/qdistro-tier3s-scope = tested commit (ed58ac1beb23dd8bc66d39db6a23c33cc2c80dfe3953ebc835d6275297aec25b)
# PASS: installed /usr/libexec/qdistro/qdistro-tier3s-scope owner/mode (root:root 755)
# PASS: installed /usr/libexec/qdistro/qdistro-tier3s-cleanup = tested commit (99cc7d01197fb87e7331e81482407807f2e480470cf7525d4773bbe8f0a9d26d)
# PASS: installed /usr/libexec/qdistro/qdistro-tier3s-cleanup owner/mode (root:root 755)
# PASS: installed /usr/lib/tmpfiles.d/qdistro-tier3s.conf = tested commit (a4896cb3d4ac70444da2a1a520ec7e9caf2a9232602a70372d38cbded39ee6ca)
# PASS: installed /usr/lib/tmpfiles.d/qdistro-tier3s.conf owner/mode (root:root 644)
# PASS: installed /etc/systemd/system/qdistro-tier3s-silo@.service = tested commit (fb081df29bd074601e35eddd142beb9cdb49c13d85640c8252ee39c19de4d1ff)
# PASS: installed /etc/systemd/system/qdistro-tier3s-silo@.service owner/mode (root:root 644)
# PASS: installed /usr/libexec/qdistro/qdistro-tier3s-silo-launch = tested commit (47778f48cb4735f7abc0882d51fbda407fa6488476d5c1ef0e04a59d928a1692)
# PASS: installed /usr/libexec/qdistro/qdistro-tier3s-silo-launch owner/mode (root:root 755)
# PASS: installed /usr/libexec/qdistro/qdistro_session_manager.py = tested commit (e392b9c2f396e8a49b32d34d845732879b630d15a1a145dab60334696692aae9)
# PASS: installed /usr/libexec/qdistro/qdistro_session_manager.py owner/mode (root:root 755)
# PASS: installed broker = tested commit (795a4606e292760d93968d36f67abacf6c39e54ede90763f2e4a7a0e5e58cc1a)
# PASS: tmpfiles: state root (1000:1000 700)
# PASS: tmpfiles: control dir (root:root 700)
# PASS: tmpfiles: per-launch parent (root:root 755)
# PASS: tmpfiles: tier3s stanza dir (root:root 700)
# PASS: runsc not installed by the installer (no)
# PASS: unit loaded from /etc (/etc/systemd/system/qdistro-tier3s-silo@.service)
# PASS: unit StopPropagatedFrom (O11) (qdistro-session-manager.service)
# PASS: session manager runs the installed code (pid 2072, serves CreateTier3sSilo)
# PASS: broker has the rules-only tier3s prefix (1)
# 
# ## 4. runsc: offline provision from the staged, pin-checked tarball
# PASS: runsc tarball sha512 = pin (20260928.0) (4ce35ca83aef7f96b06cde668e0b23aa98b05aa1829508e974196c2a1e02786c95f5bf79315fd7ddcfd88fe7a00f083ed8053e25eff7673d28d5256440caae8b)
#     provision-runsc: all 6 pinned files verified
#     provision-runsc: runsc --version: runsc version release-20260928.0
#     provision-runsc: PASS: installed runsc 20260928.0 to /usr/libexec/qdistro/runsc
# PASS: provision-runsc.sh --offline rc (0)
#     PASS profile: dev (/etc/qdistro/profile)
#     PASS kernel: >= 5.6 (7.2.8-1-default)
#     PASS seccomp: /proc/sys/kernel/seccomp present (actions: kill_process kill_thread trap errno user_notif trace log allow)
#     PASS userns: max_user_namespaces=15373 (minimum, not capacity)
#     PASS ptrace_scope: 1 (<= 2)
#     PASS subuid: admin:100000:65536
#     PASS subgid: admin:100000:65536
#     PASS newuidmap: /usr/bin/newuidmap
#     PASS newgidmap: /usr/bin/newgidmap
#     PASS pin: /usr/lib/qdistro/tier3s/RUNSC_RELEASE release=20260928.0
#     PASS runsc: release stamp matches pin; /usr/libexec/qdistro/runsc/runsc present (not yet executed)
#     PASS install_path: /usr/libexec/qdistro/runsc and ancestors up to /: real dirs, uid 0, not group/other-writable
#     PASS bundle: /usr/libexec/qdistro/runsc: 6 files, exact set, sha512 match pin
#     PASS runsc_version: runsc version release-20260928.0 (matches pin, rc=0; executed the verified inode 65027:34975351)
#     PASS wrapper: /usr/libexec/qdistro/tier3s-runsc (identical to /usr/lib/qdistro/tier3s/tier3s-runsc)
#     PASS workloads: /usr/lib/qdistro/tier3s/workloads (3 declaration(s))
#     PASS state_root: /run/qdistro-tier3s-runsc/1000 (uid 1000 0700 under /run/qdistro-tier3s-runsc)
#     PASS podman: 6.0.2 (>= 6)
#     PASS podman_runtime: --runtime /usr/libexec/qdistro/tier3s-runsc recorded
#     PASS label_disable: accepted (|[label=disable])
#     INFO kvm: /dev/kvm present (not used: --platform=systrap)
#     INFO selinux: Permissive
#     RESULT PASS: tier 3s prerequisites present
# PASS: installed probe rc (0)
# PASS: installed probe RESULT (1)
# PASS: probe state_root (1)
# 
# ## 5. workload image from the OCI archive (built once with registry access)
# PASS: image archive and manifest staged
#     IMAGE_FOOT=qdistro/tier3s-foot:latest
#     IMAGE_ID_FOOT=23df00e7b98f62630b8c241034ab286de9e648f64e3074c1b194499a13958580
#     IMAGE_DIGEST_FOOT=sha256:d926fda661a2fac43a51367a33fb05143dc0100341e5ad440114e8774cc1f051
#     IMAGE_HEADLESS_SMOKE=qdistro/tier3s-headless-smoke:latest
#     IMAGE_ID_HEADLESS_SMOKE=b946b97f16fe65cfc11de00505e32f6d774d498bf28ad44433bdb6f7105d5548
#     IMAGE_DIGEST_HEADLESS_SMOKE=sha256:ca8941f8bb6330a11759bf11054a76cce9dd3eed93771f22d4ae57fb8b6f6118
#     IMAGE_WESTON_TERMINAL=qdistro/tier3s-weston-terminal:latest
#     IMAGE_ID_WESTON_TERMINAL=9da5bb93929139cfaa310f9fb844276a1e0c3bf2e4b989cf1b7075f027e036dc
#     IMAGE_DIGEST_WESTON_TERMINAL=sha256:645f9811b548b73f2d5be4e4b9ef40ee56cc298561e2bfd7ee0e814a6356aa28
#     IMAGE_SNAPSHOT=20261002
#     IMAGE_ARCHIVE_SHA256_FOOT=e2054953d3f26e12ff1db2a8d36fc98c77ee9c5b13ae6d406bdcd12453514bf5
#     IMAGE_ARCHIVE_SHA256_HEADLESS_SMOKE=968608090669617b0277480a4427709fa94bb2829d7f3cb1c6ec5e7b7451f569
#     IMAGE_ARCHIVE_SHA256_WESTON_TERMINAL=d236f781e542227c7cc99cdc70c99371b9ea0a2c8dda48179057cc4a84a4683e
#     INPUT_KEY=f338e6a293004385c2b716b5a6b51d84
#     BUILT_FROM_COMMIT=57228790c6fe6db693146e3fd76cbc7cff302706
#     BUILD_VM=qci-bats-phase7-tier3s-headless-261004-224817-2678810-16822
#     BUILT_AT=2026-10-04T21:43:43Z
#     IMAGE=qdistro/tier3s-headless-smoke:latest
#     IMAGE_ID=b946b97f16fe65cfc11de00505e32f6d774d498bf28ad44433bdb6f7105d5548
#     IMAGE_DIGEST=sha256:ca8941f8bb6330a11759bf11054a76cce9dd3eed93771f22d4ae57fb8b6f6118
#     IMAGE_ARCHIVE_SHA256=968608090669617b0277480a4427709fa94bb2829d7f3cb1c6ec5e7b7451f569
# PASS: archive sha256 = manifest (968608090669617b0277480a4427709fa94bb2829d7f3cb1c6ec5e7b7451f569)
# PASS: manifest snapshot = snapshot.conf pin (20261002)
# PASS: manifest input key = the tested commit's image inputs (f338e6a293004385c2b716b5a6b51d84)
#     Writing manifest to image destination
#     Loaded image: localhost/qdistro/tier3s-headless-smoke:latest
# PASS: podman load (admin) rc (0)
# PASS: loaded image ID = manifest IMAGE_ID (b946b97f16fe65cfc11de00505e32f6d774d498bf28ad44433bdb6f7105d5548)
# PASS: image snapshot label = pin (20261002)
# IMAGE_ID=b946b97f16fe65cfc11de00505e32f6d774d498bf28ad44433bdb6f7105d5548
# IMAGE_DIGEST=sha256:43c5c8eb2db29a0742dd632caf53fa2cce45856ebf47b471c2fa05fb899c3660
# INFO: the manifest digest changes across the oci-archive round trip (manifest re-serialized; build VM: sha256:ca8941f8bb6330a11759bf11054a76cce9dd3eed93771f22d4ae57fb8b6f6118); the asserted identity is the image ID (config digest)
# 
# ## 5b. Phase B: per-workload GUI image archives (weston-terminal)
# PASS: weston-terminal archive sha256 = manifest (d236f781e542227c7cc99cdc70c99371b9ea0a2c8dda48179057cc4a84a4683e)
#     Writing manifest to image destination
#     Loaded image: localhost/qdistro/tier3s-weston-terminal:latest
# PASS: podman load weston-terminal (admin) rc (0)
# PASS: loaded weston-terminal image ID = manifest (9da5bb93929139cfaa310f9fb844276a1e0c3bf2e4b989cf1b7075f027e036dc)
# PASS: weston-terminal image snapshot label = pin (20261002)
# PASS: weston-terminal image workload label (weston-terminal)
# PASS: weston-terminal workload declaration installed (GUI=1) (1)
# PASS: admin compositor socket present (yes)
# PASS: qdshell is up (active)
# PASS: tool runuser installed (yes)
# PASS: tool waypipe installed (yes)
# PASS: tool qdistro-secctx-exec installed (yes)
# PASS: tool dbus-send installed (yes)
# PASS: tool sqlite3 installed (yes)
# PASS: tool python3 installed (yes)
# PASS: admin tool qs installed (yes)
# PASS: admin tool ydotool installed (yes)
# PASS: clipboard-source helper installed (/usr/bin/qdistro-test-clipboard-source)
# PASS: pywayland importable as admin (yes)
# 
# ## 6. broker allow rule for the smoke spawn
# PASS: broker without a rule (unknown)
# PASS: broker with the allow rule (allow)
# PASS: setup: control records (0)
# PASS: setup: scopes (0)
# PASS: setup: labelled containers (0)
# PASS: setup: runsc-bundle processes (0)
# PASS: setup: state root holds no container state (0)
# PASS: setup: no cleanup call scope left (0)
# PASS: setup: no cleanup work dir left (0)
# [t3s-setup] 82 passes, 0 failures
# [tier3s] t3s-setup transcript: /home/play2/qdistro/qdistro/.worktrees/qdistro-tier3s-c/ci/runs/bats-20261004T221600Z-3039026/bats/phase7-tier3s-chrome-secctx.bats.scratch/t3s-setup.log
# [vm-exec] guest identity pinned (pid 3688 start 3307)
# 
# ## 0. preconditions
# PASS: probe PASS (0)
# PASS: weston-terminal image loaded (yes)
# PASS: admin compositor socket present (yes)
# PASS: qdshell is up (active)
# PASS: pywayland available for admin (yes)
# PASS: profile is dev (dev)
# PASS: pre: control records (0)
# PASS: pre: scopes (0)
# PASS: pre: labelled containers (0)
# PASS: pre: runsc-bundle processes (0)
# PASS: pre: state root holds no container state (0)
# PASS: pre: no cleanup call scope left (0)
# PASS: pre: no cleanup work dir left (0)
# PASS: CreateTier3sSilo s126a (Created)
# PASS: broker answers allow for the GUI spawn (allow)
# 
# ## 1. live GUI launch; the compositor names the tagged peer
# PASS: launch up (ed24b18ce29661fcc62d2f76bb9a6875)
# PASS: qdshell observed the toplevel (handle 1) (yes)
# PASS: compositor: toplevel_added names uid 1000 + the bridge client pid (1)
# PASS: compositor: toplevel_security_context carries engine/app_id/instance=token (1)
# PASS: compositor: toplevel_peer_identity names pid+starttime+uid of the real bridge client (1)
# 
# ## 2. qdshell chrome: secctx-derived silo + deterministic colour
# PASS: qdshell logged the deterministic palette colour for s126a (1)
# PASS: observed line carries secctx app_id, colour and handle (1)
# PASS: Tier3FocusIPC resolves the handle from the silo (HANDLE=1)
# PASS: Tier3FocusIPC rejects a non-tier handle (9999) (error: handle=9999 is not a tier-3 toplevel)
# 
# ## 3. RegisterLaunch bound the real peer (broker audit evidence)
# PASS: audit: register row for s126a (1)
# PASS: audit: register row records engine/app/instance claim (1)
# 
# ## 4. per-interface: the secctx tag hides the privileged globals
# PASS: registry probe as plain admin ran (0)
# PASS: registry probe under the tier3s secctx tag ran (0)
# PASS: control: wl_compositor visible to the tagged client (1)
# PASS: control: wl_compositor visible to plain admin (1)
# PASS: plain admin sees qdwin_shell_v1 (1)
# PASS: tier3s-tagged client does NOT see qdwin_shell_v1 (0)
# PASS: plain admin sees zwlr_layer_shell_v1 (1)
# PASS: tier3s-tagged client does NOT see zwlr_layer_shell_v1 (0)
# PASS: plain admin sees qdwin_nested_manager_v1 (1)
# PASS: tier3s-tagged client does NOT see qdwin_nested_manager_v1 (0)
# PASS: plain admin sees qdwin_locker_v1 (1)
# PASS: tier3s-tagged client does NOT see qdwin_locker_v1 (0)
# PASS: plain admin sees zwp_input_method_manager_v2 (1)
# PASS: tier3s-tagged client does NOT see zwp_input_method_manager_v2 (0)
# PASS: plain admin sees zwp_virtual_keyboard_manager_v1 (1)
# PASS: tier3s-tagged client does NOT see zwp_virtual_keyboard_manager_v1 (0)
# PASS: plain admin does NOT see wp_security_context_manager_v1 (shell-only) (0)
# PASS: tier3s-tagged client does NOT see wp_security_context_manager_v1 (0)
# PASS: plain admin does NOT see weston_capture_v1 (shell-only) (0)
# PASS: tier3s-tagged client does NOT see weston_capture_v1 (0)
# PASS: compositor logged the probe's tagged client acceptance (1)
# 
# ## 5. per-interface operation denials (overrides OFF, real bridge path)
# PASS: running compositor carries NO --qdwin-allowed-uid authorization override (0)
# PASS: wlprobe image staged (probes baked into a local layer)
# PASS: wlprobe workload profile + seccomp installed (yes)
# PASS: bridge probe launch up (s126p1: output test)
# PASS: bridge path: output-manager test refused (implementation error)
# PASS: bridge path: test denial rode s126p1's tagged channel (1)
# PASS: bridge probe launch up (s126p2: output apply)
# PASS: bridge path: output-manager apply refused (implementation error)
# PASS: bridge path: apply denial rode s126p2's tagged channel (1)
# PASS: bridge probe launch up (s126p3: stream claim)
# PASS: bridge path: stream-input claim(bogus) -> INVALID_TOKEN
# PASS: bridge path: stream claim rode s126p3's tagged channel (1)
# PASS: tagged peer still enumerates zwlr_output_manager_v1 (1)
# PASS: tagged peer: output-manager test refused (implementation error) (0)
# PASS: tagged peer: test denial carried the implementation-error line (1)
# PASS: tagged peer: output-manager apply refused (implementation error) (0)
# PASS: tagged peer: apply denial carried the implementation-error line (1)
# PASS: tagged peer enumerates qdwin_stream_input_v1 (public by design) (1)
# PASS: tagged peer: stream-input claim(bogus) -> INVALID_TOKEN (0:[qdistro-test-stream-claim-probe] claim -> invalid_token (as expected))
# PASS: compositor logged INVALID_TOKEN for the tagged claim (yes)
# 
# ## 5b. single-attach: a consumed tier3s context refuses a second client
# PASS: secctx listener path for the held tagged client (yes)
# PASS: compositor tagged the held client (context consumed)
# PASS: second connect on the consumed context is refused (live EOF) (recv_eof)
# PASS: compositor logged the refused extra connection (1)
# PASS: the held context still has exactly ONE accepted client (no second tag) (1)
# 
# ## 6. teardown
# PASS: all three bridge-probe containers exited with their probes
# PASS: StopSilo s126a (Stopped)
# PASS: teardown: all 17 launch processes gone (pid+starttime)
# PASS: teardown: scope qdistro-tier3s-ed24b18ce29661fcc62d2f76bb9a6875.scope gone (unit down, /sys/fs/cgroup/system.slice/qdistro-tier3s-ed24b18ce29661fcc62d2f76bb9a6875.scope absent)
# PASS: teardown: per-launch dir /run/qdistro-tier3s/ed24b18ce29661fcc62d2f76bb9a6875 gone
# PASS: teardown: control record /run/qdistro-tier3s-ctl/ed24b18ce29661fcc62d2f76bb9a6875 gone
# PASS: teardown: container qdistro-tier3s-s126a gone (podman exists rc=1)
# PASS: teardown: no runsc state for a52dfe35da6f in /run/qdistro-tier3s-runsc/1000
# PASS: teardown: bridge client+wrapper gone (pid+starttime)
# PASS: teardown: secctx listener wayland-secctx-4776-0 revoked
# PASS: teardown: launch record /run/user/1000/qdistro-tier3s-launchrec-0527c35ba11147735920777daee25cbf.pid removed
# PASS: DeleteSilo s126a (absent)
# PASS: end: control records (0)
# PASS: end: scopes (0)
# PASS: end: labelled containers (0)
# PASS: end: runsc-bundle processes (0)
# PASS: end: state root holds no container state (0)
# PASS: end: no cleanup call scope left (0)
# PASS: end: no cleanup work dir left (0)
# [s126] 91 passes, 0 failures
# [vm-exec] --- stderr ---
# Getting image source signatures
# Copying blob sha256:adeadba9fb134b42ae958e80aed86bd784d33552bd0aa66add2285cab0705552
# Copying blob sha256:a03c2279c187c1bc96c778b98cd64d099d75bd5aab56356b0741815dcd529c23
# Copying blob sha256:d70d2d066a98d0e8707dcaccd928138cef71482cf782a6c5a2c1c0dcab8411f0
# Copying blob sha256:707197dc3c820f0042705dd980eec76a1c3a5dcd4bd6ac219e92678532c8840c
# Copying blob sha256:1550cdfe07ae0851ace30121891a493ccab49b8f6fd5aeb54bb6b073cd6e15fc
# Copying blob sha256:199fd6366f97672fd7ec0ab2a72ff5b41ea6e6ab522c1e9bd8c3bfcaaa56f1fc
# Copying blob sha256:8aec96234a9d5008e7bd76724e171e156beeb44b83dfb86777ea15ddb54b6956
# Copying blob sha256:e9eef737b51ad8418716d94a2ac12ed378aa5ca08560d4178925b580320e920e
# Copying blob sha256:b7e80e7d37fef66aae57828e133c8eea921ade0245abf784fda427dea22abc76
# Copying config sha256:e7637562f01264de77ec4bbaa6037f270719297521768a56c917979721e80dee
# Writing manifest to image destination
# [vm-exec] --- end stderr ---
# [tier3s] s126 transcript: /home/play2/qdistro/qdistro/.worktrees/qdistro-tier3s-c/ci/runs/bats-20261004T221600Z-3039026/bats/phase7-tier3s-chrome-secctx.bats.scratch/s126.log
ok 1 phase7-tier3s-chrome-secctx: tagged-peer metadata, chrome colour, per-interface global gating
