Oct 03 18:29:26 baseweed-admin systemd[866]: Started qdwin compositor (libweston + qdwin-shell.so).
Oct 03 18:29:26 baseweed-admin systemd[866]: Starting qdistro screen locker (qdlocker)...
Oct 03 18:29:26 baseweed-admin systemd[866]: Starting qdshell desktop (Quickshell QML on top of qdwin)...
Oct 03 18:29:26 baseweed-admin weston[931]: Date: 2026-10-03 UTC
Oct 03 18:29:26 baseweed-admin weston[931]: [18:29:26.412] weston 16.0.0
Oct 03 18:29:26 baseweed-admin weston[931]:                https://wayland.freedesktop.org
Oct 03 18:29:26 baseweed-admin weston[931]:                Bug reports to: https://gitlab.freedesktop.org/wayland/weston/issues/
Oct 03 18:29:26 baseweed-admin weston[931]:                Build: 16.0.0
Oct 03 18:29:26 baseweed-admin weston[931]: [18:29:26.412] Command line: /usr/bin/weston --config=/home/admin/weston.ini --socket=wayland-1
Oct 03 18:29:26 baseweed-admin weston[931]: [18:29:26.412] OS: Linux, 7.2.8-1-default, #1 SMP PREEMPT_DYNAMIC Sat Sep 26 07:00:58 UTC 2026 (9b36732), x86_64
Oct 03 18:29:26 baseweed-admin weston[931]: [18:29:26.412] Flight recorder: enabled, scopes subscribed: log
Oct 03 18:29:26 baseweed-admin weston[931]: [18:29:26.413] Using config file '/home/admin/weston.ini'
Oct 03 18:29:26 baseweed-admin weston[931]: [18:29:26.413] Output repaint window is 7 ms maximum.
Oct 03 18:29:26 baseweed-admin weston[931]: [18:29:26.414] Loading module '/usr/libexec/qdistro/qdwin-libweston/lib64/libweston-16/drm-backend.so'
Oct 03 18:29:26 baseweed-admin weston[931]: [18:29:26.450] initializing drm backend
Oct 03 18:29:26 baseweed-admin weston[931]: [18:29:26.450] Trying libseat launcher...
Oct 03 18:29:26 baseweed-admin weston[931]: [18:29:26.465] [libseat/libseat.c:73] Seat opened with backend 'seatd'
Oct 03 18:29:26 baseweed-admin weston[931]: [18:29:26.466] [libseat/backend/seatd.c:218] Enabling seat
Oct 03 18:29:26 baseweed-admin weston[931]: [18:29:26.466] libseat: session control granted
Oct 03 18:29:26 baseweed-admin weston[931]: [18:29:26.472] using /dev/dri/card0
Oct 03 18:29:26 baseweed-admin weston[931]: [18:29:26.472] DRM: supports atomic modesetting
Oct 03 18:29:26 baseweed-admin weston[931]: [18:29:26.472] DRM: supports cursor-plane hotspot (virtualized cursor)
Oct 03 18:29:26 baseweed-admin weston[931]: [18:29:26.472] DRM: does not support GBM modifiers
Oct 03 18:29:26 baseweed-admin weston[931]: [18:29:26.472] DRM: does not support Atomic async page flip
Oct 03 18:29:26 baseweed-admin weston[931]: [18:29:26.472] DRM: supports picture aspect ratio
Oct 03 18:29:26 baseweed-admin weston[931]: [18:29:26.473] DRM: EDID for the following head fails conformity:
Oct 03 18:29:26 baseweed-admin weston[931]: Block 1, CTA-861 Extension Block:
Oct 03 18:29:26 baseweed-admin weston[931]:   Padding: Contains non-zero bytes.
Oct 03 18:29:26 baseweed-admin weston[931]: [18:29:26.473] DRM: head 'Virtual-1' found, connector 40 is connected, EDID make 'Red Hat, Inc.', model 'QEMU Monitor', serial ''
Oct 03 18:29:26 baseweed-admin weston[931]:                Supported EOTF modes: SDR
Oct 03 18:29:26 baseweed-admin weston[931]:                Supported colorimetry modes: default
Oct 03 18:29:26 baseweed-admin weston[931]:                Supported VRR modes: (none),
Oct 03 18:29:26 baseweed-admin weston[931]:                Supported color formats: AUTO
Oct 03 18:29:27 baseweed-admin weston[931]: [18:29:27.145] Loading module '/usr/libexec/qdistro/qdwin-libweston/lib64/libweston-16/gl-renderer.so'
Oct 03 18:29:27 baseweed-admin weston[931]: [18:29:27.150] warning: failed to query rendering device from EGL
Oct 03 18:29:27 baseweed-admin weston[931]: [18:29:27.150] EGL version: 1.5
Oct 03 18:29:27 baseweed-admin weston[931]: [18:29:27.150] EGL vendor: Mesa Project
Oct 03 18:29:27 baseweed-admin weston[931]: [18:29:27.150] EGL client APIs: OpenGL OpenGL_ES
Oct 03 18:29:27 baseweed-admin weston[931]: [18:29:27.150] EGL features:
Oct 03 18:29:27 baseweed-admin weston[931]:                EGL Wayland extension: no
Oct 03 18:29:27 baseweed-admin weston[931]:                context priority: no
Oct 03 18:29:27 baseweed-admin weston[931]:                buffer age: yes
Oct 03 18:29:27 baseweed-admin weston[931]:                partial update: no
Oct 03 18:29:27 baseweed-admin weston[931]:                swap buffers with damage: no
Oct 03 18:29:27 baseweed-admin weston[931]:                configless context: yes
Oct 03 18:29:27 baseweed-admin weston[931]:                surfaceless context: yes
Oct 03 18:29:27 baseweed-admin weston[931]:                dmabuf support: modifiers
Oct 03 18:29:27 baseweed-admin weston[931]:                fence sync: yes (wait)
Oct 03 18:29:27 baseweed-admin weston[931]: [18:29:27.260] GL version: OpenGL ES 3.2 Mesa 26.2.3
Oct 03 18:29:27 baseweed-admin weston[931]: [18:29:27.260] GLSL version: OpenGL ES GLSL ES 3.20
Oct 03 18:29:27 baseweed-admin weston[931]: [18:29:27.260] GL vendor: Mesa
Oct 03 18:29:27 baseweed-admin weston[931]: [18:29:27.260] GL renderer: llvmpipe (LLVM 23.1.1, 256 bits)
Oct 03 18:29:27 baseweed-admin weston[931]: [18:29:27.267] GL ES 3.2 - renderer features:
Oct 03 18:29:27 baseweed-admin weston[931]:                read-back format: ARGB8888
Oct 03 18:29:27 baseweed-admin weston[931]:                glReadPixels supports y-flip: yes
Oct 03 18:29:27 baseweed-admin weston[931]:                glReadPixels supports PBO: yes
Oct 03 18:29:27 baseweed-admin weston[931]:                wl_shm 10 bpc formats: yes
Oct 03 18:29:27 baseweed-admin weston[931]:                wl_shm 16 bpc formats: yes
Oct 03 18:29:27 baseweed-admin weston[931]:                wl_shm half-float formats: yes
Oct 03 18:29:27 baseweed-admin weston[931]:                internal R and RG formats: yes
Oct 03 18:29:27 baseweed-admin weston[931]:                OES_EGL_image_external: yes
Oct 03 18:29:27 baseweed-admin weston[931]:                GPU timeline: no
Oct 03 18:29:27 baseweed-admin weston[931]:                Texture immutability: yes
Oct 03 18:29:27 baseweed-admin weston[931]:                Required precision: yes
Oct 03 18:29:27 baseweed-admin weston[931]:                In-shader blending: yes
Oct 03 18:29:27 baseweed-admin weston[931]: [18:29:27.267] Using GL renderer
Oct 03 18:29:27 baseweed-admin weston[931]: [18:29:27.426] event3  - QEMU QEMU USB Tablet: is tagged by udev as: Mouse
Oct 03 18:29:27 baseweed-admin weston[931]: [18:29:27.426] event3  - QEMU QEMU USB Tablet: device is a pointer
Oct 03 18:29:27 baseweed-admin weston[931]: [18:29:27.427] event4  - Power Button: is tagged by udev as: Keyboard
Oct 03 18:29:27 baseweed-admin weston[931]: [18:29:27.427] event4  - Power Button: device is a keyboard
Oct 03 18:29:27 baseweed-admin weston[931]: [18:29:27.428] event0  - AT Translated Set 2 keyboard: is tagged by udev as: Keyboard
Oct 03 18:29:27 baseweed-admin weston[931]: [18:29:27.428] event0  - AT Translated Set 2 keyboard: device is a keyboard
Oct 03 18:29:27 baseweed-admin weston[931]: [18:29:27.428] event2  - VirtualPS/2 VMware VMMouse: is tagged by udev as: Mouse
Oct 03 18:29:27 baseweed-admin weston[931]: [18:29:27.428] event2  - VirtualPS/2 VMware VMMouse: emulating high-resolution scroll wheel events.
Oct 03 18:29:27 baseweed-admin weston[931]: [18:29:27.429] event2  - VirtualPS/2 VMware VMMouse: device is a pointer
Oct 03 18:29:27 baseweed-admin weston[931]: [18:29:27.429] event1  - VirtualPS/2 VMware VMMouse: is tagged by udev as: Mouse
Oct 03 18:29:27 baseweed-admin weston[931]: [18:29:27.429] event1  - VirtualPS/2 VMware VMMouse: device is a pointer
Oct 03 18:29:27 baseweed-admin weston[931]: [18:29:27.430] event5  - PC Speaker: not tagged as supported input device
Oct 03 18:29:27 baseweed-admin weston[931]: [18:29:27.442] event5  - not using input device '/dev/input/event5'
Oct 03 18:29:27 baseweed-admin weston[931]: [18:29:27.442] event6  - ydotoold virtual device: is tagged by udev as: Keyboard
Oct 03 18:29:27 baseweed-admin weston[931]: [18:29:27.442] event6  - ydotoold virtual device: emulating high-resolution scroll wheel events.
Oct 03 18:29:27 baseweed-admin weston[931]: [18:29:27.442] event6  - ydotoold virtual device: device is a keyboard
Oct 03 18:29:27 baseweed-admin weston[931]: [18:29:27.443] libinput: configuring device "QEMU QEMU USB Tablet".
Oct 03 18:29:27 baseweed-admin weston[931]: [18:29:27.443] input device event3 has no enabled output associated (none named), skipping calibration for now.
Oct 03 18:29:27 baseweed-admin weston[931]: [18:29:27.447] libinput: configuring device "Power Button".
Oct 03 18:29:27 baseweed-admin weston[931]: [18:29:27.447] libinput: configuring device "AT Translated Set 2 keyboard".
Oct 03 18:29:27 baseweed-admin weston[931]: [18:29:27.447] libinput: configuring device "VirtualPS/2 VMware VMMouse".
Oct 03 18:29:27 baseweed-admin weston[931]: [18:29:27.447] libinput: configuring device "VirtualPS/2 VMware VMMouse".
Oct 03 18:29:27 baseweed-admin weston[931]: [18:29:27.447] input device event1 has no enabled output associated (none named), skipping calibration for now.
Oct 03 18:29:27 baseweed-admin weston[931]: [18:29:27.447] libinput: configuring device "ydotoold virtual device".
Oct 03 18:29:27 baseweed-admin weston[931]: [18:29:27.447] Registered plugin API 'weston_drm_output_api_v1' of size 40
Oct 03 18:29:27 baseweed-admin weston[931]: [18:29:27.447] Loading module '/usr/libexec/qdistro/qdwin-libweston/lib64/libweston-16/pipewire-backend.so'
Oct 03 18:29:27 baseweed-admin weston[931]: [18:29:27.448] Initializing PipeWire backend
Oct 03 18:29:27 baseweed-admin weston[931]: [18:29:27.450] Registered plugin API 'weston_pipewire_output_api_v2' of size 24
Oct 03 18:29:27 baseweed-admin weston[931]: [18:29:27.450] Color manager: no-op
Oct 03 18:29:27 baseweed-admin weston[931]:                  protocol support: no
Oct 03 18:29:27 baseweed-admin weston[931]: [18:29:27.450] Setting output 'Virtual-1' to color AUTO format
Oct 03 18:29:27 baseweed-admin weston[931]: [18:29:27.450] Output 'Virtual-1' attempts EOTF mode SDR and colorimetry mode default.
Oct 03 18:29:27 baseweed-admin weston[931]: [18:29:27.450] Output 'Virtual-1' using color profile: stock sRGB color profile
Oct 03 18:29:27 baseweed-admin weston[931]: [18:29:27.451] Chosen EGL config details: id:  46 rgba: 8 8 8 0 buf: 24 dep:  0 stcl: 0 int: 1-1 type: win val: fix vis_id: XRGB8888 (0x34325258)
Oct 03 18:29:27 baseweed-admin weston[931]: [18:29:27.451] Output Virtual-1 (crtc 39) video modes:
Oct 03 18:29:27 baseweed-admin weston[931]:                1280x800@75.0, preferred, 107.3 MHz
Oct 03 18:29:27 baseweed-admin weston[931]:                5120x2160@50.0 64:27, 742.5 MHz
Oct 03 18:29:27 baseweed-admin weston[931]:                4096x2160@50.0 256:135, 594.0 MHz
Oct 03 18:29:27 baseweed-admin weston[931]:                3840x2160@60.0 16:9, 594.0 MHz
Oct 03 18:29:27 baseweed-admin weston[931]:                3840x2160@59.9 16:9, 593.4 MHz
Oct 03 18:29:27 baseweed-admin weston[931]:                3840x2160@50.0 16:9, 594.0 MHz
Oct 03 18:29:27 baseweed-admin weston[931]:                1920x1440@60.0, 234.0 MHz
Oct 03 18:29:27 baseweed-admin weston[931]:                2560x1080@50.0 64:27, 185.6 MHz
Oct 03 18:29:27 baseweed-admin weston[931]:                1856x1392@60.0, 218.2 MHz
Oct 03 18:29:27 baseweed-admin weston[931]:                1792x1344@60.0, 204.8 MHz
Oct 03 18:29:27 baseweed-admin weston[931]:                2048x1152@60.0, 162.0 MHz
Oct 03 18:29:27 baseweed-admin weston[931]:                1920x1200@59.9, 193.2 MHz
Oct 03 18:29:27 baseweed-admin weston[931]:                1920x1080@60.0, current, 148.5 MHz
Oct 03 18:29:27 baseweed-admin weston[931]:                1920x1080@50.0 16:9, 148.5 MHz
Oct 03 18:29:27 baseweed-admin weston[931]:                1600x1200@60.0, 162.0 MHz
Oct 03 18:29:27 baseweed-admin weston[931]:                1680x1050@60.0, 146.2 MHz
Oct 03 18:29:27 baseweed-admin weston[931]:                1400x1050@60.0, 121.8 MHz
Oct 03 18:29:27 baseweed-admin weston[931]:                1280x1024@60.0, 108.0 MHz
Oct 03 18:29:27 baseweed-admin weston[931]:                1440x900@59.9, 106.5 MHz
Oct 03 18:29:27 baseweed-admin weston[931]:                1280x960@60.0, 108.0 MHz
Oct 03 18:29:27 baseweed-admin weston[931]:                1360x768@60.0, 85.5 MHz
Oct 03 18:29:27 baseweed-admin weston[931]:                1280x768@59.9, 79.5 MHz
Oct 03 18:29:27 baseweed-admin weston[931]:                1024x768@60.0, 65.0 MHz
Oct 03 18:29:27 baseweed-admin weston[931]:                800x600@60.3, 40.0 MHz
Oct 03 18:29:27 baseweed-admin weston[931]:                640x480@60.0 4:3, 25.2 MHz
Oct 03 18:29:27 baseweed-admin weston[931]:                640x480@59.9, 25.2 MHz
Oct 03 18:29:27 baseweed-admin weston[931]: [18:29:27.451] associating input device event3 with output Virtual-1 (none by udev)
Oct 03 18:29:27 baseweed-admin weston[931]: [18:29:27.451] associating input device event4 with output Virtual-1 (none by udev)
Oct 03 18:29:27 baseweed-admin weston[931]: [18:29:27.451] associating input device event0 with output Virtual-1 (none by udev)
Oct 03 18:29:27 baseweed-admin weston[931]: [18:29:27.451] associating input device event2 with output Virtual-1 (none by udev)
Oct 03 18:29:27 baseweed-admin weston[931]: [18:29:27.451] associating input device event1 with output Virtual-1 (none by udev)
Oct 03 18:29:27 baseweed-admin weston[931]: [18:29:27.451] associating input device event6 with output Virtual-1 (none by udev)
Oct 03 18:29:27 baseweed-admin weston[931]: [18:29:27.451] Output 'Virtual-1' enabled with head(s) Virtual-1
Oct 03 18:29:27 baseweed-admin weston[931]: [18:29:27.451] pipewire_backend_output_configure.. Done
Oct 03 18:29:27 baseweed-admin weston[931]: [18:29:27.451] Output 'pipewire-0' attempts EOTF mode SDR and colorimetry mode default.
Oct 03 18:29:27 baseweed-admin weston[931]: [18:29:27.451] Output 'pipewire-0' using color profile: stock sRGB color profile
Oct 03 18:29:27 baseweed-admin weston[931]: [18:29:27.477] Output 'pipewire-0' enabled with head(s) pipewire-0
Oct 03 18:29:27 baseweed-admin weston[931]: [18:29:27.477] pipewire_backend_output_configure.. Done
Oct 03 18:29:27 baseweed-admin weston[931]: [18:29:27.477] Output 'pipewire-1' attempts EOTF mode SDR and colorimetry mode default.
Oct 03 18:29:27 baseweed-admin weston[931]: [18:29:27.477] Output 'pipewire-1' using color profile: stock sRGB color profile
Oct 03 18:29:27 baseweed-admin weston[931]: [18:29:27.478] Output 'pipewire-1' enabled with head(s) pipewire-1
Oct 03 18:29:27 baseweed-admin weston[931]: [18:29:27.478] Compositor capabilities:
Oct 03 18:29:27 baseweed-admin weston[931]:                arbitrary surface rotation: yes
Oct 03 18:29:27 baseweed-admin weston[931]:                screen capture uses y-flip: yes
Oct 03 18:29:27 baseweed-admin weston[931]:                cursor planes: yes
Oct 03 18:29:27 baseweed-admin weston[931]:                arbitrary resolutions: yes
Oct 03 18:29:27 baseweed-admin weston[931]:                view mask clipping: yes
Oct 03 18:29:27 baseweed-admin weston[931]:                explicit sync: no
Oct 03 18:29:27 baseweed-admin weston[931]:                color operations: yes
Oct 03 18:29:27 baseweed-admin weston[931]:                color representation: yes
Oct 03 18:29:27 baseweed-admin weston[931]:                in-shader blending: yes
Oct 03 18:29:27 baseweed-admin weston[931]:                presentation clock: CLOCK_MONOTONIC, id 1
Oct 03 18:29:27 baseweed-admin weston[931]:                presentation clock resolution: 0.000000001 s
Oct 03 18:29:27 baseweed-admin weston[931]: [18:29:27.478] Loading module '/usr/lib64/weston/qdwin-shell.so'
Oct 03 18:29:27 baseweed-admin weston[931]: [18:29:27.478] qdwin: locker bind policy defaulting to entrypoint=/usr/local/bin/qdlocker:/usr/bin/qdlocker (system interpreter + root-owned entrypoint; no explicit policy configured); set --qdwin-allowed-locker-any to override to uid-only
Oct 03 18:29:27 baseweed-admin weston[931]: [18:29:27.478] qdwin: locker bind policy uid=1000 entrypoint=/usr/local/bin/qdlocker:/usr/bin/qdlocker exe=(any) label=(any)
Oct 03 18:29:27 baseweed-admin weston[931]: [18:29:27.478] qdwin: ext-idle-notify idle_time=0 internal_mode=1
Oct 03 18:29:27 baseweed-admin weston[931]: [18:29:27.479] qdwin: cursor-shape theme=(default) size=24 loaded=0/36
Oct 03 18:29:27 baseweed-admin weston[931]: [18:29:27.479] qdwin: layer-popup grab handler registered
Oct 03 18:29:27 baseweed-admin weston[931]: [18:29:27.479] qdwin/nested-proxy: default keyboard grab installed on seat 'default'
Oct 03 18:29:27 baseweed-admin weston[931]: [18:29:27.479] qdwin: background curtain 3200x1080 installed
Oct 03 18:29:27 baseweed-admin weston[931]: [18:29:27.479] qdwin: WARNING shell-authorized output capture enabled via QDWIN_ENABLE_SHELL_CAPTURE — dev/test only, do not use in production
Oct 03 18:29:27 baseweed-admin weston[931]: [18:29:27.479] qdwin: retained-frame capture armed on output=Virtual-1
Oct 03 18:29:27 baseweed-admin weston[931]: [18:29:27.479] qdwin: shell loaded (allowed_uid=1000); desktop + qdwin_shell_v1 ready
Oct 03 18:29:27 baseweed-admin weston[931]: [18:29:27.479] Loading module '/usr/lib64/libweston-16/xwayland.so'
Oct 03 18:29:27 baseweed-admin weston[931]: [18:29:27.479] Registered plugin API 'weston_xwayland_v3' of size 32
Oct 03 18:29:27 baseweed-admin weston[931]: [18:29:27.480] Registered plugin API 'weston_xwayland_surface_v2' of size 24
Oct 03 18:29:27 baseweed-admin weston[931]: [18:29:27.480] xserver listening on display :0
Oct 03 18:29:27 baseweed-admin systemd[866]: Started qdshell desktop (Quickshell QML on top of qdwin).
Oct 03 18:29:27 baseweed-admin weston[931]: [18:29:27.510] qdwin: bind attempt pid=1024 uid=1000 (allowed_uid=1000)
Oct 03 18:29:27 baseweed-admin weston[931]: [18:29:27.510] qdwin: bind accepted for uid=1000, hello sent
Oct 03 18:29:27 baseweed-admin weston[931]: [18:29:27.510] qdwin: cursor-sprite registered shape=default hotspot=3,1
Oct 03 18:29:27 baseweed-admin weston[931]: [18:29:27.510] qdwin: cursor_retry_install: scheduling first retry in 1000ms
Oct 03 18:29:27 baseweed-admin weston[931]: [18:29:27.511] qdwin: cursor-sprite registered shape=context-menu hotspot=3,1
Oct 03 18:29:27 baseweed-admin weston[931]: [18:29:27.511] qdwin: cursor-sprite registered shape=help hotspot=12,21
Oct 03 18:29:27 baseweed-admin weston[931]: [18:29:27.511] qdwin: cursor-sprite registered shape=pointer hotspot=7,5
Oct 03 18:29:27 baseweed-admin weston[931]: [18:29:27.516] qdwin: cursor-sprite registered shape=progress hotspot=3,1
Oct 03 18:29:27 baseweed-admin weston[931]: [18:29:27.521] qdwin: cursor-sprite registered shape=wait hotspot=11,11
Oct 03 18:29:27 baseweed-admin weston[931]: [18:29:27.521] qdwin: cursor-sprite registered shape=cell hotspot=11,11
Oct 03 18:29:27 baseweed-admin weston[931]: [18:29:27.521] qdwin: cursor-sprite registered shape=crosshair hotspot=11,11
Oct 03 18:29:27 baseweed-admin weston[931]: [18:29:27.521] qdwin: cursor-sprite registered shape=text hotspot=11,12
Oct 03 18:29:27 baseweed-admin weston[931]: [18:29:27.521] qdwin: cursor-sprite registered shape=vertical-text hotspot=12,11
Oct 03 18:29:27 baseweed-admin weston[931]: [18:29:27.522] qdwin: cursor-sprite registered shape=alias hotspot=18,5
Oct 03 18:29:27 baseweed-admin weston[931]: [18:29:27.522] qdwin: cursor-sprite registered shape=copy hotspot=3,1
Oct 03 18:29:27 baseweed-admin weston[931]: [18:29:27.522] qdwin: cursor-sprite registered shape=move hotspot=3,1
Oct 03 18:29:27 baseweed-admin weston[931]: [18:29:27.522] qdwin: cursor-sprite registered shape=no-drop hotspot=3,1
Oct 03 18:29:27 baseweed-admin weston[931]: [18:29:27.522] qdwin: cursor-sprite registered shape=not-allowed hotspot=12,12
Oct 03 18:29:27 baseweed-admin weston[931]: [18:29:27.522] qdwin: cursor-sprite registered shape=grab hotspot=11,2
Oct 03 18:29:27 baseweed-admin weston[931]: [18:29:27.522] qdwin: cursor-sprite registered shape=grabbing hotspot=9,5
Oct 03 18:29:27 baseweed-admin weston[931]: [18:29:27.522] qdwin: cursor-sprite registered shape=e-resize hotspot=19,13
Oct 03 18:29:27 baseweed-admin weston[931]: [18:29:27.522] qdwin: cursor-sprite registered shape=n-resize hotspot=13,6
Oct 03 18:29:27 baseweed-admin weston[931]: [18:29:27.522] qdwin: cursor-sprite registered shape=ne-resize hotspot=15,10
Oct 03 18:29:27 baseweed-admin weston[931]: [18:29:27.523] qdwin: cursor-sprite registered shape=nw-resize hotspot=10,10
Oct 03 18:29:27 baseweed-admin weston[931]: [18:29:27.523] qdwin: cursor-sprite registered shape=s-resize hotspot=13,18
Oct 03 18:29:27 baseweed-admin weston[931]: [18:29:27.523] qdwin: cursor-sprite registered shape=se-resize hotspot=15,15
Oct 03 18:29:27 baseweed-admin weston[931]: [18:29:27.523] qdwin: cursor-sprite registered shape=sw-resize hotspot=10,15
Oct 03 18:29:27 baseweed-admin weston[931]: [18:29:27.523] qdwin: cursor-sprite registered shape=w-resize hotspot=6,13
Oct 03 18:29:27 baseweed-admin weston[931]: [18:29:27.523] qdwin: cursor-sprite registered shape=ew-resize hotspot=12,12
Oct 03 18:29:27 baseweed-admin weston[931]: [18:29:27.523] qdwin: cursor-sprite registered shape=ns-resize hotspot=12,13
Oct 03 18:29:27 baseweed-admin weston[931]: [18:29:27.523] qdwin: cursor-sprite registered shape=nesw-resize hotspot=11,11
Oct 03 18:29:27 baseweed-admin weston[931]: [18:29:27.523] qdwin: cursor-sprite registered shape=nwse-resize hotspot=11,11
Oct 03 18:29:27 baseweed-admin weston[931]: [18:29:27.523] qdwin: cursor-sprite registered shape=col-resize hotspot=12,12
Oct 03 18:29:27 baseweed-admin weston[931]: [18:29:27.524] qdwin: cursor-sprite registered shape=row-resize hotspot=12,13
Oct 03 18:29:27 baseweed-admin weston[931]: [18:29:27.524] qdwin: cursor-sprite registered shape=all-scroll hotspot=11,11
Oct 03 18:29:27 baseweed-admin weston[931]: [18:29:27.524] qdwin: cursor-sprite registered shape=zoom-in hotspot=11,10
Oct 03 18:29:27 baseweed-admin weston[931]: [18:29:27.524] qdwin: cursor-sprite registered shape=zoom-out hotspot=11,10
Oct 03 18:29:27 baseweed-admin weston[931]: [18:29:27.524] qdwin: cursor-sprite registered shape=dnd-ask hotspot=3,1
Oct 03 18:29:27 baseweed-admin weston[931]: [18:29:27.524] qdwin: cursor-sprite registered shape=all-resize hotspot=12,11
Oct 03 18:29:27 baseweed-admin dbus-run-session[1026]: No running instances for "/usr/share/quickshell/qdshell/shell.qml"
Oct 03 18:29:27 baseweed-admin dbus-run-session[1026]:   INFO: Launching config: "/usr/share/quickshell/qdshell/shell.qml"
Oct 03 18:29:27 baseweed-admin dbus-run-session[1026]:   INFO: Shell ID: "0d0d1ceeb7f0392fec595c8531945b05" Path ID "0d0d1ceeb7f0392fec595c8531945b05"
Oct 03 18:29:27 baseweed-admin dbus-run-session[1026]:   INFO: Saving logs to "/run/user/1000/quickshell/by-id/is3pgcmt/log.qslog"
Oct 03 18:29:27 baseweed-admin systemd[866]: Started qdistro screen locker (qdlocker).
Oct 03 18:29:27 baseweed-admin dbus-run-session[1026]: MESA-EGL: warning: failed to get driver name for fd -1
Oct 03 18:29:27 baseweed-admin dbus-run-session[1026]: MESA-EGL: warning: MESA-LOADER: failed to retrieve device information
Oct 03 18:29:27 baseweed-admin dbus-run-session[1026]: MESA-EGL: warning: failed to get driver name for fd -1
Oct 03 18:29:27 baseweed-admin dbus-run-session[1026]: MESA: error: ZINK: failed to choose pdev
Oct 03 18:29:27 baseweed-admin dbus-run-session[1026]: MESA-EGL: warning: egl: failed to create dri2 screen
Oct 03 18:29:28 baseweed-admin qdlocker[1031]: 2026-10-03 18:29:28,063 qdlocker.app INFO using built-in defaults (no trusted config file found)
Oct 03 18:29:28 baseweed-admin qdlocker[1031]: 2026-10-03 18:29:28,079 qdlocker.auth INFO PAM service from env: qdlocker
Oct 03 18:29:28 baseweed-admin weston[931]: [18:29:28.191] qdwin: locker bind attempt pid=1031 uid=1000 (allowed_locker_uid=1000)
Oct 03 18:29:28 baseweed-admin weston[931]: [18:29:28.191] qdwin: locker bound pid=1031 uid=1000 (initially_locked=0)
Oct 03 18:29:28 baseweed-admin qdlocker[1031]: 2026-10-03 18:29:28,191 qdlocker.wayland INFO locker connected
Oct 03 18:29:28 baseweed-admin qdlocker[1031]: 2026-10-03 18:29:28,193 qdlocker.idle INFO idle watcher started; timeout=300000ms
Oct 03 18:29:28 baseweed-admin qdlocker[1031]: 2026-10-03 18:29:28,195 qdlocker.ctrl INFO ctrl socket at /run/user/1000/qdlocker.sock
Oct 03 18:29:28 baseweed-admin qdlocker[1031]: 2026-10-03 18:29:28,197 qdlocker.app INFO locker bound; initially_locked=False
Oct 03 18:29:28 baseweed-admin qdlocker[1031]: 2026-10-03 18:29:28,321 qdlocker.logind INFO logind sleep delay-inhibitor acquired (fd=20)
Oct 03 18:29:28 baseweed-admin qdlocker[1031]: 2026-10-03 18:29:28,323 qdlocker.logind WARNING cannot identify one owned active Wayland session (0 candidates); session lock unavailable
Oct 03 18:29:28 baseweed-admin qdlocker[1031]: 2026-10-03 18:29:28,323 qdlocker.logind INFO logind automatic sleep locking ready; session=None
Oct 03 18:29:28 baseweed-admin dbus-run-session[1026]:   INFO qml: [20261003-182928]           I18n Service started
Oct 03 18:29:28 baseweed-admin dbus-run-session[1026]:   INFO qml: [20261003-182928]           I18n Loading "en" (locale: "en-Latn-US")
Oct 03 18:29:28 baseweed-admin dbus-run-session[1026]:   INFO qml: [20261003-182928]          Shell ---------------------------
Oct 03 18:29:28 baseweed-admin dbus-run-session[1026]:   INFO qml: [20261003-182928]          Shell Qdshell Hello!
Oct 03 18:29:28 baseweed-admin dbus-run-session[1026]:   WARN scene: @Commons/I18n.qml[104:5]: Unable to assign QJSValue to QObject*
Oct 03 18:29:28 baseweed-admin dbus-run-session[1026]:   INFO: Configuration Loaded
Oct 03 18:29:28 baseweed-admin dbus-run-session[1026]:   WARN scene: @Commons/I18n.qml[104:5]: Unable to assign QJSValue to QObject*
Oct 03 18:29:28 baseweed-admin dbus-run-session[1026]:   INFO qml: [20261003-182928]       Settings Settings loaded
Oct 03 18:29:28 baseweed-admin dbus-run-session[1026]:   INFO qml: [20261003-182928]           I18n Loaded translations for "en"
Oct 03 18:29:28 baseweed-admin dbus-run-session[1026]:   INFO qml: [20261003-182928] PluginRegistry Loaded plugin states from: /home/admin/.config/qdshell/plugins.json
Oct 03 18:29:28 baseweed-admin dbus-run-session[1026]:   INFO qml: [20261003-182928] PluginRegistry Scanning plugin folder: /home/admin/.config/qdshell/plugins
Oct 03 18:29:28 baseweed-admin dbus-run-session[1026]:   INFO qml: [20261003-182928]          Icons Service started
Oct 03 18:29:28 baseweed-admin dbus-run-session[1026]:   INFO: ctrl-server: listening on /run/user/1000/qdshell.sock
Oct 03 18:29:28 baseweed-admin dbus-run-session[1026]:   WARN scene: QML Connections at @Services/Hardware/BrightnessService.qml[66:3]: Detected function "onEnableDdcSupportChanged" in Connections element. This is probably intended to be a signal handler but no signal of the target matches the name.
Oct 03 18:29:28 baseweed-admin dbus-run-session[1026]:   INFO qml: [20261003-182928]     Brightness Service started
Oct 03 18:29:29 baseweed-admin dbus-run-session[1026]:   INFO qml: [20261003-182929] DesktopWidgetR Service started
Oct 03 18:29:29 baseweed-admin dbus-run-session[1026]:   WARN scene: QML Connections at @Services/UI/BarService.qml[147:3]: Detected function "onDisplayModeChanged" in Connections element. This is probably intended to be a signal handler but no signal of the target matches the name.
Oct 03 18:29:29 baseweed-admin dbus-run-session[1026]:   WARN scene: QML Connections at @Services/UI/BarService.qml[147:3]: Detected function "onScreenOverridesChanged" in Connections element. This is probably intended to be a signal handler but no signal of the target matches the name.
Oct 03 18:29:29 baseweed-admin dbus-run-session[1026]:   INFO qml: [20261003-182929]     BarService Service started
Oct 03 18:29:29 baseweed-admin dbus-run-session[1026]:   WARN scene: QML Connections at @Services/Networking/NetworkService.qml[73:3]: Detected function "onWifiEnabledChanged" in Connections element. This is probably intended to be a signal handler but no signal of the target matches the name.
Oct 03 18:29:29 baseweed-admin dbus-run-session[1026]:   INFO qml: [20261003-182929]        Network Service started
Oct 03 18:29:29 baseweed-admin dbus-run-session[1026]:   WARN scene: QML Connections at @Modules/Panels/Dock/StaticDockPanel.qml[350:3]: Detected function "onPinnedAppsChanged" in Connections element. This is probably intended to be a signal handler but no signal of the target matches the name.
Oct 03 18:29:29 baseweed-admin dbus-run-session[1026]:   WARN scene: QML Connections at @Modules/Panels/Dock/StaticDockPanel.qml[350:3]: Detected function "onOnlySameOutputChanged" in Connections element. This is probably intended to be a signal handler but no signal of the target matches the name.
Oct 03 18:29:29 baseweed-admin dbus-run-session[1026]:   WARN scene: QML Connections at @Services/System/SystemStatService.qml[320:3]: Detected function "onEnableDgpuMonitoringChanged" in Connections element. This is probably intended to be a signal handler but no signal of the target matches the name.
Oct 03 18:29:29 baseweed-admin dbus-run-session[1026]:   INFO qml: [20261003-182929]     SystemStat Service started (polling deferred until a consumer registers).
Oct 03 18:29:29 baseweed-admin dbus-run-session[1026]:   WARN scene: QML Connections at @Modules/Panels/Dock/StaticDockPanel.qml[350:3]: Detected function "onPinnedAppsChanged" in Connections element. This is probably intended to be a signal handler but no signal of the target matches the name.
Oct 03 18:29:29 baseweed-admin dbus-run-session[1026]:   WARN scene: QML Connections at @Modules/Panels/Dock/StaticDockPanel.qml[350:3]: Detected function "onOnlySameOutputChanged" in Connections element. This is probably intended to be a signal handler but no signal of the target matches the name.
Oct 03 18:29:29 baseweed-admin dbus-run-session[1026]:   WARN scene: QML Connections at @Modules/Panels/Dock/StaticDockPanel.qml[350:3]: Detected function "onPinnedAppsChanged" in Connections element. This is probably intended to be a signal handler but no signal of the target matches the name.
Oct 03 18:29:29 baseweed-admin dbus-run-session[1026]:   WARN scene: QML Connections at @Modules/Panels/Dock/StaticDockPanel.qml[350:3]: Detected function "onOnlySameOutputChanged" in Connections element. This is probably intended to be a signal handler but no signal of the target matches the name.
Oct 03 18:29:29 baseweed-admin dbus-run-session[1026]:   WARN scene: QML Connections at @Services/UI/WallpaperService.qml[140:3]: Detected function "onWallpaperDownloaded" in Connections element. This is probably intended to be a signal handler but no signal of the target matches the name.
Oct 03 18:29:29 baseweed-admin dbus-run-session[1026]:   WARN scene: QML Connections at @Services/UI/WallpaperService.qml[61:3]: Detected function "onDirectoryChanged" in Connections element. This is probably intended to be a signal handler but no signal of the target matches the name.
Oct 03 18:29:29 baseweed-admin dbus-run-session[1026]:   WARN scene: QML Connections at @Services/UI/WallpaperService.qml[61:3]: Detected function "onEnableMultiMonitorDirectoriesChanged" in Connections element. This is probably intended to be a signal handler but no signal of the target matches the name.
Oct 03 18:29:29 baseweed-admin dbus-run-session[1026]:   WARN scene: QML Connections at @Services/UI/WallpaperService.qml[61:3]: Detected function "onAutomationEnabledChanged" in Connections element. This is probably intended to be a signal handler but no signal of the target matches the name.
Oct 03 18:29:29 baseweed-admin dbus-run-session[1026]:   WARN scene: QML Connections at @Services/UI/WallpaperService.qml[61:3]: Detected function "onRandomIntervalSecChanged" in Connections element. This is probably intended to be a signal handler but no signal of the target matches the name.
Oct 03 18:29:29 baseweed-admin dbus-run-session[1026]:   WARN scene: QML Connections at @Services/UI/WallpaperService.qml[61:3]: Detected function "onWallpaperChangeModeChanged" in Connections element. This is probably intended to be a signal handler but no signal of the target matches the name.
Oct 03 18:29:29 baseweed-admin dbus-run-session[1026]:   WARN scene: QML Connections at @Services/UI/WallpaperService.qml[61:3]: Detected function "onViewModeChanged" in Connections element. This is probably intended to be a signal handler but no signal of the target matches the name.
Oct 03 18:29:29 baseweed-admin dbus-run-session[1026]:   WARN scene: QML Connections at @Services/UI/WallpaperService.qml[61:3]: Detected function "onShowHiddenFilesChanged" in Connections element. This is probably intended to be a signal handler but no signal of the target matches the name.
Oct 03 18:29:29 baseweed-admin dbus-run-session[1026]:   WARN scene: QML Connections at @Services/UI/WallpaperService.qml[61:3]: Detected function "onUseSolidColorChanged" in Connections element. This is probably intended to be a signal handler but no signal of the target matches the name.
Oct 03 18:29:29 baseweed-admin dbus-run-session[1026]:   WARN scene: QML Connections at @Services/UI/WallpaperService.qml[61:3]: Detected function "onSolidColorChanged" in Connections element. This is probably intended to be a signal handler but no signal of the target matches the name.
Oct 03 18:29:29 baseweed-admin dbus-run-session[1026]:   WARN scene: QML Connections at @Services/UI/WallpaperService.qml[61:3]: Detected function "onSortOrderChanged" in Connections element. This is probably intended to be a signal handler but no signal of the target matches the name.
Oct 03 18:29:29 baseweed-admin dbus-run-session[1026]:   WARN scene: QML Connections at @Modules/Background/Background.qml[80:7]: Detected function "onFillModeChanged" in Connections element. This is probably intended to be a signal handler but no signal of the target matches the name.
Oct 03 18:29:29 baseweed-admin dbus-run-session[1026]:   WARN scene: QML Connections at @Modules/Background/Background.qml[80:7]: Detected function "onFillModeChanged" in Connections element. This is probably intended to be a signal handler but no signal of the target matches the name.
Oct 03 18:29:29 baseweed-admin dbus-run-session[1026]:   WARN scene: QML Connections at @Modules/Background/Background.qml[80:7]: Detected function "onFillModeChanged" in Connections element. This is probably intended to be a signal handler but no signal of the target matches the name.
Oct 03 18:29:29 baseweed-admin dbus-run-session[1026]:   WARN scene: QML Connections at @Modules/Dock/Dock.qml[45:7]: Detected function "onPinnedAppsChanged" in Connections element. This is probably intended to be a signal handler but no signal of the target matches the name.
Oct 03 18:29:29 baseweed-admin dbus-run-session[1026]:   WARN scene: QML Connections at @Modules/Dock/Dock.qml[45:7]: Detected function "onOnlySameOutputChanged" in Connections element. This is probably intended to be a signal handler but no signal of the target matches the name.
Oct 03 18:29:29 baseweed-admin dbus-run-session[1026]:   WARN scene: QML Connections at @Modules/Dock/Dock.qml[45:7]: Detected function "onPinnedAppsChanged" in Connections element. This is probably intended to be a signal handler but no signal of the target matches the name.
Oct 03 18:29:29 baseweed-admin dbus-run-session[1026]:   WARN scene: QML Connections at @Modules/Dock/Dock.qml[45:7]: Detected function "onOnlySameOutputChanged" in Connections element. This is probably intended to be a signal handler but no signal of the target matches the name.
Oct 03 18:29:29 baseweed-admin dbus-run-session[1026]:   WARN scene: QML Connections at @Modules/Dock/Dock.qml[45:7]: Detected function "onPinnedAppsChanged" in Connections element. This is probably intended to be a signal handler but no signal of the target matches the name.
Oct 03 18:29:29 baseweed-admin dbus-run-session[1026]:   WARN scene: QML Connections at @Modules/Dock/Dock.qml[45:7]: Detected function "onOnlySameOutputChanged" in Connections element. This is probably intended to be a signal handler but no signal of the target matches the name.
Oct 03 18:29:29 baseweed-admin dbus-run-session[1026]:   INFO qml: [20261003-182929]          Shell ---------------------------
Oct 03 18:29:29 baseweed-admin dbus-run-session[1026]:   INFO qml: [20261003-182929]      Wallpaper Service started
Oct 03 18:29:29 baseweed-admin dbus-run-session[1026]:   INFO qml: [20261003-182929]     ImageCache Service started
Oct 03 18:29:29 baseweed-admin dbus-run-session[1026]:   WARN scene: QML Connections at @Services/Theming/AppThemeService.qml[30:3]: Detected function "onDarkModeChanged" in Connections element. This is probably intended to be a signal handler but no signal of the target matches the name.
Oct 03 18:29:29 baseweed-admin dbus-run-session[1026]:   WARN scene: QML Connections at @Services/Theming/AppThemeService.qml[30:3]: Detected function "onMonitorForColorsChanged" in Connections element. This is probably intended to be a signal handler but no signal of the target matches the name.
Oct 03 18:29:29 baseweed-admin dbus-run-session[1026]:   WARN scene: QML Connections at @Services/Theming/AppThemeService.qml[30:3]: Detected function "onGenerationMethodChanged" in Connections element. This is probably intended to be a signal handler but no signal of the target matches the name.
Oct 03 18:29:29 baseweed-admin dbus-run-session[1026]:   INFO qml: [20261003-182929] AppThemeServic Service started
Oct 03 18:29:29 baseweed-admin dbus-run-session[1026]:   WARN scene: QML Connections at @Services/Theming/ColorSchemeService.qml[20:3]: Detected function "onDarkModeChanged" in Connections element. This is probably intended to be a signal handler but no signal of the target matches the name.
Oct 03 18:29:29 baseweed-admin dbus-run-session[1026]:   INFO qml: [20261003-182929]    ColorScheme Service started
Oct 03 18:29:29 baseweed-admin dbus-run-session[1026]:   INFO qml: [20261003-182929] AppPresentatio Service started
Oct 03 18:29:29 baseweed-admin dbus-run-session[1026]:   WARN scene: QML Connections at @Services/Location/DarkModeService.qml[43:3]: Detected function "onSchedulingModeChanged" in Connections element. This is probably intended to be a signal handler but no signal of the target matches the name.
Oct 03 18:29:29 baseweed-admin dbus-run-session[1026]:   WARN scene: QML Connections at @Services/Location/DarkModeService.qml[28:3]: Detected function "onManualSunriseChanged" in Connections element. This is probably intended to be a signal handler but no signal of the target matches the name.
Oct 03 18:29:29 baseweed-admin dbus-run-session[1026]:   WARN scene: QML Connections at @Services/Location/DarkModeService.qml[28:3]: Detected function "onManualSunsetChanged" in Connections element. This is probably intended to be a signal handler but no signal of the target matches the name.
Oct 03 18:29:29 baseweed-admin dbus-run-session[1026]:   INFO qml: [20261003-182929] DarkModeServic Service started
Oct 03 18:29:29 baseweed-admin dbus-run-session[1026]:   WARN scene: @Services/Location/DarkModeService.qml[29:5]: Unable to assign QJSValue to QObject*
Oct 03 18:29:29 baseweed-admin dbus-run-session[1026]:   WARN scene: @Services/Location/DarkModeService.qml[44:5]: Unable to assign QJSValue to QObject*
Oct 03 18:29:29 baseweed-admin dbus-run-session[1026]:   WARN scene: @Services/Theming/ColorSchemeService.qml[21:5]: Unable to assign QJSValue to QObject*
Oct 03 18:29:29 baseweed-admin dbus-run-session[1026]:   WARN scene: @Services/Theming/AppThemeService.qml[31:5]: Unable to assign QJSValue to QObject*
Oct 03 18:29:29 baseweed-admin dbus-run-session[1026]:   WARN scene: @Modules/Dock/Dock.qml[46:9]: Unable to assign QJSValue to QObject*
Oct 03 18:29:29 baseweed-admin dbus-run-session[1026]:   WARN scene: @Modules/Dock/Dock.qml[46:9]: Unable to assign QJSValue to QObject*
Oct 03 18:29:29 baseweed-admin dbus-run-session[1026]:   WARN scene: @Modules/Dock/Dock.qml[46:9]: Unable to assign QJSValue to QObject*
Oct 03 18:29:29 baseweed-admin dbus-run-session[1026]:   WARN scene: @Modules/Background/Background.qml[81:9]: Unable to assign QJSValue to QObject*
Oct 03 18:29:29 baseweed-admin dbus-run-session[1026]:   WARN scene: @Modules/Background/Background.qml[81:9]: Unable to assign QJSValue to QObject*
Oct 03 18:29:29 baseweed-admin dbus-run-session[1026]:   WARN scene: @Modules/Background/Background.qml[81:9]: Unable to assign QJSValue to QObject*
Oct 03 18:29:29 baseweed-admin dbus-run-session[1026]:   WARN scene: @Services/UI/WallpaperService.qml[62:5]: Unable to assign QJSValue to QObject*
Oct 03 18:29:29 baseweed-admin dbus-run-session[1026]:   WARN scene: @Modules/Panels/SessionMenu/SessionMenu.qml[152:5]: Unable to assign QJSValue to QObject*
Oct 03 18:29:29 baseweed-admin dbus-run-session[1026]:   WARN scene: @Modules/Panels/Dock/StaticDockPanel.qml[351:5]: Unable to assign QJSValue to QObject*
Oct 03 18:29:29 baseweed-admin dbus-run-session[1026]:   WARN scene: @Modules/Panels/SessionMenu/SessionMenu.qml[152:5]: Unable to assign QJSValue to QObject*
Oct 03 18:29:29 baseweed-admin dbus-run-session[1026]:   WARN scene: @Modules/Panels/Dock/StaticDockPanel.qml[351:5]: Unable to assign QJSValue to QObject*
Oct 03 18:29:29 baseweed-admin dbus-run-session[1026]:   WARN scene: @Services/System/SystemStatService.qml[321:5]: Unable to assign QJSValue to QObject*
Oct 03 18:29:29 baseweed-admin dbus-run-session[1026]:   WARN scene: @Modules/Panels/SessionMenu/SessionMenu.qml[152:5]: Unable to assign QJSValue to QObject*
Oct 03 18:29:29 baseweed-admin dbus-run-session[1026]:   WARN scene: @Services/Networking/NetworkService.qml[74:5]: Unable to assign QJSValue to QObject*
Oct 03 18:29:29 baseweed-admin dbus-run-session[1026]:   WARN scene: @Modules/Panels/Dock/StaticDockPanel.qml[351:5]: Unable to assign QJSValue to QObject*
Oct 03 18:29:29 baseweed-admin dbus-run-session[1026]:   WARN scene: @Services/UI/BarService.qml[148:5]: Unable to assign QJSValue to QObject*
Oct 03 18:29:29 baseweed-admin dbus-run-session[1026]:   WARN scene: @Services/Hardware/BrightnessService.qml[67:5]: Unable to assign QJSValue to QObject*
Oct 03 18:29:29 baseweed-admin dbus-run-session[1026]:   INFO qml: [20261003-182929]      Wallpaper Starting scan for Virtual-1 in /home/admin/Pictures/Wallpapers recursive: false
Oct 03 18:29:29 baseweed-admin dbus-run-session[1026]:   INFO qml: [20261003-182929]      Wallpaper Starting scan for pipewire-0 in /home/admin/Pictures/Wallpapers recursive: false
Oct 03 18:29:29 baseweed-admin dbus-run-session[1026]:   INFO qml: [20261003-182929]      Wallpaper Starting scan for pipewire-1 in /home/admin/Pictures/Wallpapers recursive: false
Oct 03 18:29:29 baseweed-admin dbus-run-session[1026]:   INFO qml: [20261003-182929]       Location Service started
Oct 03 18:29:29 baseweed-admin dbus-run-session[1026]:   WARN scene: QML Connections at @Services/Location/NightLightService.qml[96:3]: Detected function "onEnabledChanged" in Connections element. This is probably intended to be a signal handler but no signal of the target matches the name.
Oct 03 18:29:29 baseweed-admin dbus-run-session[1026]:   WARN scene: QML Connections at @Services/Location/NightLightService.qml[96:3]: Detected function "onForcedChanged" in Connections element. This is probably intended to be a signal handler but no signal of the target matches the name.
Oct 03 18:29:29 baseweed-admin dbus-run-session[1026]:   WARN scene: QML Connections at @Services/Location/NightLightService.qml[96:3]: Detected function "onNightTempChanged" in Connections element. This is probably intended to be a signal handler but no signal of the target matches the name.
Oct 03 18:29:29 baseweed-admin dbus-run-session[1026]:   WARN scene: QML Connections at @Services/Location/NightLightService.qml[96:3]: Detected function "onDayTempChanged" in Connections element. This is probably intended to be a signal handler but no signal of the target matches the name.
Oct 03 18:29:29 baseweed-admin dbus-run-session[1026]:   WARN scene: QML Connections at @Services/Control/HooksService.qml[16:3]: Detected function "onDarkModeChanged" in Connections element. This is probably intended to be a signal handler but no signal of the target matches the name.
Oct 03 18:29:29 baseweed-admin dbus-run-session[1026]:   INFO qml: [20261003-182929]   HooksService Service started
Oct 03 18:29:29 baseweed-admin dbus-run-session[1026]:   WARN quickshell.dbus.objectmanager: Failed to create DBusObjectManagerInterface for "org.bluez" "/" : QDBusError("org.freedesktop.DBus.Error.ServiceUnknown", "The name is not activatable")
Oct 03 18:29:29 baseweed-admin dbus-run-session[1026]:   INFO qml: [20261003-182929]      Bluetooth Service started
Oct 03 18:29:29 baseweed-admin dbus-run-session[1026]:   INFO qml: [20261003-182929]  IdleInhibitor Service started
Oct 03 18:29:29 baseweed-admin dbus-run-session[1026]:   INFO qml: [20261003-182929] CapabilityServ qdwin live-apply capabilities: pointer=false xkb=false wm=false output=false workspace=false idleDpms=false keybind=false
Oct 03 18:29:29 baseweed-admin dbus-run-session[1026]:   INFO qml: [20261003-182929]   PowerService Service started
Oct 03 18:29:29 baseweed-admin dbus-run-session[1026]:   INFO qml: [20261003-182929] AccessibilityS Service started
Oct 03 18:29:29 baseweed-admin dbus-run-session[1026]:   INFO qml: [20261003-182929]  KeyboardInput Service started
Oct 03 18:29:29 baseweed-admin dbus-run-session[1026]:   INFO qml: [20261003-182929] PointerInputSe Service started (qdwin live-apply: persist-only until shell binds >= v28)
Oct 03 18:29:29 baseweed-admin dbus-run-session[1026]:   INFO qml: [20261003-182929] WindowManagerS Service started (qdwin v25 live-apply: false, shortcuts: false)
Oct 03 18:29:29 baseweed-admin dbus-run-session[1026]:   INFO qml: [20261003-182929] SessionService started; saved=0 canApplyPlacement=false
Oct 03 18:29:29 baseweed-admin dbus-run-session[1026]:   INFO qml: [20261003-182929]    HostService Service started
Oct 03 18:29:29 baseweed-admin dbus-run-session[1026]:   INFO qml: [20261003-182929] CustomButtonIP Service started
Oct 03 18:29:29 baseweed-admin dbus-run-session[1026]:   INFO qml: [20261003-182929]     IPCService Service started
Oct 03 18:29:29 baseweed-admin dbus-run-session[1026]:   INFO qml: [20261003-182929]        PodApps service started
Oct 03 18:29:29 baseweed-admin dbus-run-session[1026]:   INFO qml: [20261003-182929]         VMApps service started
Oct 03 18:29:29 baseweed-admin dbus-run-session[1026]:   INFO qml: [20261003-182929]      Tier3Apps service started
Oct 03 18:29:29 baseweed-admin dbus-run-session[1026]:   INFO qml: [20261003-182929]     Tier3sApps service started
Oct 03 18:29:29 baseweed-admin dbus-run-session[1026]:   INFO qml: [20261003-182929]      Tier4Apps service started
Oct 03 18:29:29 baseweed-admin dbus-run-session[1026]:   INFO qml: [20261003-182929] RemoteMachineW service started
Oct 03 18:29:29 baseweed-admin dbus-run-session[1026]:   INFO qml: [20261003-182929]  Tier3FocusIPC service started
Oct 03 18:29:29 baseweed-admin dbus-run-session[1026]:   WARN quickshell.dbus: Could not launch service org.freedesktop.UPower.PowerProfiles: QDBusError(org.freedesktop.DBus.Error.ServiceUnknown, The name is not activatable)
Oct 03 18:29:29 baseweed-admin dbus-run-session[1026]:   WARN quickshell.service.powerprofiles: Could not start PowerProfilesDaemon. The PowerProfiles service will not work.
Oct 03 18:29:29 baseweed-admin weston[931]: [18:29:29.709] qdwin: bind attempt pid=1026 uid=1000 (allowed_uid=1000)
Oct 03 18:29:29 baseweed-admin weston[931]: [18:29:29.709] qdwin: bind accepted for uid=1000, hello sent
Oct 03 18:29:29 baseweed-admin weston[931]: [18:29:29.709] qdwin: ext_workspace_manager bound (count=4 active=0)
Oct 03 18:29:29 baseweed-admin weston[931]: [18:29:29.709] qdwin: zwlr_output_manager bound (serial=1)
Oct 03 18:29:29 baseweed-admin weston[931]: [18:29:29.709] qdwin: shell bound (uid=1000 pid=1026); replaying 0 toplevels
Oct 03 18:29:29 baseweed-admin weston[931]: [18:29:29.709] qdwin: seat_focus_changed seat=default handle=4294967295
Oct 03 18:29:29 baseweed-admin dbus-run-session[1026]:   INFO qml: [20261003-182929]          Qdwin qdwin_shell_v1 bound v34
Oct 03 18:29:29 baseweed-admin dbus-run-session[1026]:   INFO qml: [20261003-182929]  ClipboardGate wired to qdwin_shell_v1; broker default=deny
Oct 03 18:29:29 baseweed-admin dbus-run-session[1026]:   INFO qml: [20261003-182929] WindowManagerS applied WM policy focus=click placement=smart snap=true/16
Oct 03 18:29:29 baseweed-admin weston[931]: [18:29:29.711] qdwin: workspace 0 name="1"
Oct 03 18:29:29 baseweed-admin weston[931]: [18:29:29.711] qdwin: workspace 1 name="2"
Oct 03 18:29:29 baseweed-admin weston[931]: [18:29:29.711] qdwin: workspace 2 name="3"
Oct 03 18:29:29 baseweed-admin weston[931]: [18:29:29.711] qdwin: workspace 3 name="4"
Oct 03 18:29:29 baseweed-admin weston[931]: [18:29:29.711] qdwin: set_wm_policy focus=0 ffm_delay=0 raise_click=1 raise_hover=0 placement=2 snap=1 dist=16
Oct 03 18:29:29 baseweed-admin dbus-run-session[1026]:   INFO qml: [20261003-182929] CapabilityServ wmPolicy -> true
Oct 03 18:29:29 baseweed-admin weston[931]: [18:29:29.711] qdwin: register_hotkey id=7101 mods=0x2 key=62
Oct 03 18:29:29 baseweed-admin weston[931]: [18:29:29.711] qdwin: register_hotkey id=7102 mods=0x4 key=103
Oct 03 18:29:29 baseweed-admin weston[931]: [18:29:29.711] qdwin: register_hotkey id=7103 mods=0x4 key=33
Oct 03 18:29:29 baseweed-admin weston[931]: [18:29:29.711] qdwin: register_hotkey id=7104 mods=0x4 key=105
Oct 03 18:29:29 baseweed-admin weston[931]: [18:29:29.711] qdwin: register_hotkey id=7105 mods=0x4 key=106
Oct 03 18:29:29 baseweed-admin dbus-run-session[1026]:   INFO qml: [20261003-182929] WindowManagerS registered WM shortcuts (5 active)
Oct 03 18:29:29 baseweed-admin dbus-run-session[1026]:   INFO qml: [20261003-182929] CapabilityServ keybindRegistration -> true
Oct 03 18:29:29 baseweed-admin weston[931]: [18:29:29.712] qdwin: set_pointer_config accel=0 profile=0 natural=0 tap=1 left=0 middle=0 dwt=1 scroll=1 (6 devices)
Oct 03 18:29:29 baseweed-admin dbus-run-session[1026]:   INFO qml: [20261003-182929] PointerInputSe applied pointer config accelSpeed=0 profile=0 natural=0 tap=1 scroll=1
Oct 03 18:29:29 baseweed-admin dbus-run-session[1026]:   INFO qml: [20261003-182929] CapabilityServ pointerConfig -> true
Oct 03 18:29:29 baseweed-admin weston[931]: [18:29:29.712] qdwin: set_key_repeat rate=25 delay=500
Oct 03 18:29:29 baseweed-admin dbus-run-session[1026]:   INFO qml: [20261003-182929]  KeyboardInput applied qdwin key-repeat rate=25 delay=500
Oct 03 18:29:29 baseweed-admin dbus-run-session[1026]:   INFO qml: [20261003-182929] CapabilityServ xkbRepeat -> true
Oct 03 18:29:29 baseweed-admin dbus-run-session[1026]:   INFO qml: [20261003-182929]   PowerService idle policy armed: inactivity=0ms (nothing), displayOff=0ms, presentation=false
Oct 03 18:29:29 baseweed-admin dbus-run-session[1026]:   INFO qml: [20261003-182929] CapabilityServ idleDpms -> true
Oct 03 18:29:29 baseweed-admin dbus-run-session[1026]:   INFO qml: [20261003-182929] CapabilityServ outputManagement -> true
Oct 03 18:29:29 baseweed-admin dbus-run-session[1026]:   WARN qml: [20261003-182929]       Location Weather is still fetching
Oct 03 18:29:29 baseweed-admin dbus-run-session[1026]:   WARN quickshell.dbus: Could not launch service org.freedesktop.UPower: QDBusError(org.freedesktop.DBus.Error.ServiceUnknown, The name is not activatable)
Oct 03 18:29:29 baseweed-admin dbus-run-session[1026]:   WARN quickshell.service.upower: Could not start UPower. The UPower service will not work.
Oct 03 18:29:29 baseweed-admin dbus-run-session[1026]:   INFO qml: [20261003-182929]    HostService resolved hostname baseweed-admin
Oct 03 18:29:29 baseweed-admin dbus-run-session[1026]:   INFO qml: [20261003-182929]    HostService Detected openSUSE Tumbleweed
Oct 03 18:29:29 baseweed-admin dbus-run-session[1026]:   INFO qml: [20261003-182929]    HostService Looking for logo icon: distributor-logo-Tumbleweed
Oct 03 18:29:29 baseweed-admin dbus-run-session[1026]:   WARN: Process failed to start, likely because the binary could not be found. Command: QList("bluetoothctl", "show")
Oct 03 18:29:29 baseweed-admin dbus-run-session[1026]:   WARN: Process failed to start, likely because the binary could not be found. Command: QList("udisksctl", "monitor")
Oct 03 18:29:29 baseweed-admin weston[931]: [18:29:29.917] qdwin: layer-shell get_layer_surface ns=qdshell-background-Virtual-1 layer=2 output=0x555f7d2d5870
Oct 03 18:29:29 baseweed-admin weston[931]: [18:29:29.917] qdwin: layer-shell configure ns=qdshell-background-Virtual-1 layer=2 box=0,0 1920x1080 serial=1
Oct 03 18:29:29 baseweed-admin weston[931]: [18:29:29.917] qdwin: layer-shell get_layer_surface ns=qdshell-bar-content-Virtual-1 layer=2 output=0x555f7d2d5870
Oct 03 18:29:29 baseweed-admin weston[931]: [18:29:29.917] qdwin: layer-shell configure ns=qdshell-bar-content-Virtual-1 layer=2 box=0,0 1920x31 serial=2
Oct 03 18:29:29 baseweed-admin weston[931]: [18:29:29.917] qdwin: layer-shell get_layer_surface ns=qdshell-bar-exclusion-top-Virtual-1 layer=2 output=0x555f7d2d5870
Oct 03 18:29:29 baseweed-admin weston[931]: [18:29:29.917] qdwin: layer-shell configure ns=qdshell-bar-exclusion-top-Virtual-1 layer=2 box=0,0 1920x31 serial=3
Oct 03 18:29:29 baseweed-admin weston[931]: [18:29:29.917] qdwin: layer-shell get_layer_surface ns=qdshell-background-pipewire-0 layer=2 output=0x555f7d2d6d50
Oct 03 18:29:29 baseweed-admin weston[931]: [18:29:29.917] qdwin: layer-shell configure ns=qdshell-background-pipewire-0 layer=2 box=1920,0 640x480 serial=4
Oct 03 18:29:29 baseweed-admin weston[931]: [18:29:29.917] qdwin: layer-shell get_layer_surface ns=qdshell-bar-content-pipewire-0 layer=2 output=0x555f7d2d6d50
Oct 03 18:29:29 baseweed-admin weston[931]: [18:29:29.917] qdwin: layer-shell configure ns=qdshell-bar-content-pipewire-0 layer=2 box=1920,0 640x31 serial=5
Oct 03 18:29:29 baseweed-admin weston[931]: [18:29:29.917] qdwin: layer-shell get_layer_surface ns=qdshell-bar-exclusion-top-pipewire-0 layer=2 output=0x555f7d2d6d50
Oct 03 18:29:29 baseweed-admin weston[931]: [18:29:29.917] qdwin: layer-shell configure ns=qdshell-bar-exclusion-top-pipewire-0 layer=2 box=1920,0 640x31 serial=6
Oct 03 18:29:29 baseweed-admin weston[931]: [18:29:29.917] qdwin: layer-shell get_layer_surface ns=qdshell-background-pipewire-1 layer=2 output=0x555f7d2fc3e0
Oct 03 18:29:29 baseweed-admin weston[931]: [18:29:29.917] qdwin: layer-shell configure ns=qdshell-background-pipewire-1 layer=2 box=2560,0 640x480 serial=7
Oct 03 18:29:29 baseweed-admin weston[931]: [18:29:29.917] qdwin: layer-shell get_layer_surface ns=qdshell-bar-content-pipewire-1 layer=2 output=0x555f7d2fc3e0
Oct 03 18:29:29 baseweed-admin weston[931]: [18:29:29.917] qdwin: layer-shell configure ns=qdshell-bar-content-pipewire-1 layer=2 box=2560,0 640x31 serial=8
Oct 03 18:29:29 baseweed-admin weston[931]: [18:29:29.917] qdwin: layer-shell get_layer_surface ns=qdshell-bar-exclusion-top-pipewire-1 layer=2 output=0x555f7d2fc3e0
Oct 03 18:29:29 baseweed-admin weston[931]: [18:29:29.917] qdwin: layer-shell configure ns=qdshell-bar-exclusion-top-pipewire-1 layer=2 box=2560,0 640x31 serial=9
Oct 03 18:29:29 baseweed-admin weston[931]: [18:29:29.917] qdwin: layer-shell get_layer_surface ns=qdshell-dock-peek-Virtual-1 layer=2 output=0x555f7d2d5870
Oct 03 18:29:29 baseweed-admin weston[931]: [18:29:29.917] qdwin: layer-shell configure ns=qdshell-dock-peek-Virtual-1 layer=2 box=0,1079 1920x1 serial=10
Oct 03 18:29:29 baseweed-admin weston[931]: [18:29:29.917] qdwin: layer-shell get_layer_surface ns=qdshell-dock-peek-pipewire-0 layer=2 output=0x555f7d2d6d50
Oct 03 18:29:29 baseweed-admin weston[931]: [18:29:29.917] qdwin: layer-shell configure ns=qdshell-dock-peek-pipewire-0 layer=2 box=1920,479 640x1 serial=11
Oct 03 18:29:29 baseweed-admin weston[931]: [18:29:29.917] qdwin: layer-shell get_layer_surface ns=qdshell-dock-peek-pipewire-1 layer=2 output=0x555f7d2fc3e0
Oct 03 18:29:29 baseweed-admin weston[931]: [18:29:29.917] qdwin: layer-shell configure ns=qdshell-dock-peek-pipewire-1 layer=2 box=2560,479 640x1 serial=12
Oct 03 18:29:29 baseweed-admin weston[931]: [18:29:29.917] qdwin: layer-shell get_layer_surface ns=qdshell-image-cache-renderer layer=2 output=(nil)
Oct 03 18:29:29 baseweed-admin weston[931]: [18:29:29.917] qdwin: layer-shell configure ns=qdshell-image-cache-renderer layer=2 box=960,540 1x1 serial=13
Oct 03 18:29:45 baseweed-admin weston[931]: [18:29:45.858] qdwin: layer-shell mapped ns=qdshell-background-Virtual-1 layer=2 at 0,0 1920x1080
Oct 03 18:29:45 baseweed-admin weston[931]: [18:29:45.997] qdwin: layer-shell mapped ns=qdshell-bar-content-Virtual-1 layer=2 at 0,0 1920x31
Oct 03 18:29:46 baseweed-admin weston[931]: [18:29:46.519] qdwin: layer-shell mapped ns=qdshell-bar-exclusion-top-Virtual-1 layer=2 at 0,0 1920x31
Oct 03 18:29:47 baseweed-admin weston[931]: [18:29:47.111] qdwin: layer-shell mapped ns=qdshell-background-pipewire-0 layer=2 at 1920,0 640x480
Oct 03 18:29:47 baseweed-admin weston[931]: [18:29:47.469] qdwin: layer-shell mapped ns=qdshell-bar-content-pipewire-0 layer=2 at 1920,0 640x31
Oct 03 18:29:47 baseweed-admin qdlocker[1031]: 2026-10-03 18:29:47,491 qdlocker.logind INFO logind session rebound in place; session=None
Oct 03 18:29:48 baseweed-admin weston[931]: [18:29:48.020] qdwin: layer-shell mapped ns=qdshell-bar-exclusion-top-pipewire-0 layer=2 at 1920,0 640x31
Oct 03 18:29:48 baseweed-admin weston[931]: [18:29:48.670] qdwin: layer-shell mapped ns=qdshell-background-pipewire-1 layer=2 at 2560,0 640x480
Oct 03 18:29:49 baseweed-admin weston[931]: [18:29:49.191] qdwin: layer-shell mapped ns=qdshell-bar-content-pipewire-1 layer=2 at 2560,0 640x31
Oct 03 18:29:49 baseweed-admin weston[931]: [18:29:49.533] qdwin: layer-shell mapped ns=qdshell-bar-exclusion-top-pipewire-1 layer=2 at 2560,0 640x31
Oct 03 18:29:49 baseweed-admin weston[931]: [18:29:49.784] qdwin: layer-shell mapped ns=qdshell-dock-peek-Virtual-1 layer=2 at 0,1079 1920x1
Oct 03 18:29:50 baseweed-admin weston[931]: [18:29:50.078] qdwin: layer-shell mapped ns=qdshell-dock-peek-pipewire-0 layer=2 at 1920,479 640x1
Oct 03 18:29:50 baseweed-admin weston[931]: [18:29:50.384] qdwin: layer-shell mapped ns=qdshell-dock-peek-pipewire-1 layer=2 at 2560,479 640x1
Oct 03 18:29:50 baseweed-admin weston[931]: [18:29:50.662] qdwin: layer-shell mapped ns=qdshell-image-cache-renderer layer=2 at 960,540 1x1
Oct 03 18:29:50 baseweed-admin dbus-run-session[1026]:   INFO qml: [20261003-182950]           Time Time jump detected (22s) - likely system resume
Oct 03 18:29:50 baseweed-admin dbus-run-session[1026]:   INFO qml: [20261003-182950]        Network System resumed - forcing state poll
Oct 03 18:29:50 baseweed-admin dbus-run-session[1026]:   INFO qml: [20261003-182950]     SystemStat System resumed - resetting differential state
Oct 03 18:29:50 baseweed-admin dbus-run-session[1026]:   INFO qml: [20261003-182950] DarkModeServic System resumed - re-evaluating dark mode
Oct 03 18:29:50 baseweed-admin dbus-run-session[1026]:   INFO qml: [20261003-182950]     NightLight System resumed - re-applying night light
Oct 03 18:29:50 baseweed-admin dbus-run-session[1026]:   INFO qml: [20261003-182950]      Bluetooth System resumed - forcing state poll
Oct 03 18:29:50 baseweed-admin dbus-run-session[1026]:  ERROR qml: [20261003-182950]       Location Geocoding error: 0
Oct 03 18:29:50 baseweed-admin dbus-run-session[1026]:   WARN scene: QML Connections at qs:/usr/share/quickshell/qdshell/Modules/Bar/Widgets/Taskbar.qml[981:3]: Detected function "onPinnedAppsChanged" in Connections element. This is probably intended to be a signal handler but no signal of the target matches the name.
Oct 03 18:29:50 baseweed-admin dbus-run-session[1026]:   WARN scene: QML Connections at qs:/usr/share/quickshell/qdshell/Modules/Bar/Widgets/Taskbar.qml[981:3]: Detected function "onPinnedAppsChanged" in Connections element. This is probably intended to be a signal handler but no signal of the target matches the name.
Oct 03 18:29:50 baseweed-admin dbus-run-session[1026]:   WARN scene: QML Connections at qs:/usr/share/quickshell/qdshell/Modules/Bar/Widgets/Taskbar.qml[981:3]: Detected function "onPinnedAppsChanged" in Connections element. This is probably intended to be a signal handler but no signal of the target matches the name.
Oct 03 18:29:50 baseweed-admin dbus-run-session[1026]:   WARN: Could not load icon "user-desktop?fallback=application-x-executable" at size QSize(19, 19) from request
Oct 03 18:29:50 baseweed-admin dbus-run-session[1026]:   INFO qml: [20261003-182950] PluginRegistry All plugin manifests loaded. Total plugins: 0
Oct 03 18:29:50 baseweed-admin dbus-run-session[1026]:   INFO qml: [20261003-182950]  PluginService Initializing plugin system
Oct 03 18:29:50 baseweed-admin dbus-run-session[1026]:   INFO qml: [20261003-182950]  PluginService Found 0 enabled plugins: []
Oct 03 18:29:50 baseweed-admin dbus-run-session[1026]:   INFO qml: [20261003-182950]  PluginService No plugins to load
Oct 03 18:29:50 baseweed-admin dbus-run-session[1026]:   INFO qml: [20261003-182950]  PluginService Refreshing available plugins
Oct 03 18:29:50 baseweed-admin dbus-run-session[1026]:   WARN qml: [20261003-182950]     ImageCache ImageMagick not found, using Qt fallback
Oct 03 18:29:50 baseweed-admin dbus-run-session[1026]:   WARN qml: [20261003-182950]      Wallpaper Scan failed for Virtual-1 exit code: 1 (directory might not exist)
Oct 03 18:29:50 baseweed-admin dbus-run-session[1026]:   WARN qml: [20261003-182950]      Wallpaper Scan failed for pipewire-0 exit code: 1 (directory might not exist)
Oct 03 18:29:50 baseweed-admin dbus-run-session[1026]:   WARN qml: [20261003-182950]      Wallpaper Scan failed for pipewire-1 exit code: 1 (directory might not exist)
Oct 03 18:29:50 baseweed-admin dbus-run-session[1026]:   WARN qml: [20261003-182950]   PowerService Button monitor unavailable (exit 1); releasing key inhibitors, logind will handle power/sleep keys
Oct 03 18:29:50 baseweed-admin weston[931]: [18:29:50.999] qdwin: set_key_repeat rate=25 delay=500
Oct 03 18:29:51 baseweed-admin dbus-run-session[1026]:   INFO qml: [20261003-182950]  KeyboardInput applied qdwin key-repeat rate=25 delay=500
Oct 03 18:29:51 baseweed-admin dbus-run-session[1026]:   INFO qml: [20261003-182951] PointerInputSe enumerated 3 pointer device(s) via proc
Oct 03 18:29:51 baseweed-admin dbus-run-session[1026]:   INFO qml: [20261003-182951]        PodApps cache refresh loaded 0 apps
Oct 03 18:29:51 baseweed-admin dbus-run-session[1026]:   INFO qml: [20261003-182951]           Font Service started
Oct 03 18:29:51 baseweed-admin dbus-run-session[1026]:   WARN: Could not load icon "user-desktop?fallback=application-x-executable" at size QSize(2, 2) from request
Oct 03 18:29:51 baseweed-admin dbus-run-session[1026]:   WARN: Could not load icon "user-desktop?fallback=application-x-executable" at size QSize(2, 2) from request
Oct 03 18:29:51 baseweed-admin dbus-run-session[1026]:   WARN: Could not load icon "user-desktop?fallback=application-x-executable" at size QSize(2, 2) from request
Oct 03 18:29:51 baseweed-admin dbus-run-session[1026]:   WARN: Could not load icon "user-desktop?fallback=application-x-executable" at size QSize(2, 2) from request
Oct 03 18:29:51 baseweed-admin dbus-run-session[1026]:   WARN scene: qs:/usr/share/quickshell/qdshell/Modules/Bar/Widgets/Taskbar.qml[982:5]: Unable to assign QJSValue to QObject*
Oct 03 18:29:51 baseweed-admin dbus-run-session[1026]:   WARN scene: qs:/usr/share/quickshell/qdshell/Modules/Bar/Widgets/Taskbar.qml[982:5]: Unable to assign QJSValue to QObject*
Oct 03 18:29:51 baseweed-admin dbus-run-session[1026]:   WARN scene: qs:/usr/share/quickshell/qdshell/Modules/Bar/Widgets/Taskbar.qml[982:5]: Unable to assign QJSValue to QObject*
Oct 03 18:29:51 baseweed-admin dbus-run-session[1026]:   WARN scene: @Services/Control/HooksService.qml[17:5]: Unable to assign QJSValue to QObject*
Oct 03 18:29:51 baseweed-admin dbus-run-session[1026]:   WARN scene: @Services/Location/NightLightService.qml[97:5]: Unable to assign QJSValue to QObject*
Oct 03 18:29:51 baseweed-admin dbus-run-session[1026]:   INFO qml: [20261003-182951]    ColorScheme Applying color scheme: Qdshell (default)
Oct 03 18:29:51 baseweed-admin weston[931]: [18:29:51.279] qdwin: layer-shell get_layer_surface ns=qdshell-wallpaper-Virtual-1 layer=0 output=0x555f7d2d5870
Oct 03 18:29:51 baseweed-admin weston[931]: [18:29:51.279] qdwin: layer-shell configure ns=qdshell-wallpaper-Virtual-1 layer=0 box=0,0 1920x1080 serial=14
Oct 03 18:29:51 baseweed-admin weston[931]: [18:29:51.279] qdwin: layer-shell get_layer_surface ns=qdshell-wallpaper-pipewire-0 layer=0 output=0x555f7d2d6d50
Oct 03 18:29:51 baseweed-admin weston[931]: [18:29:51.279] qdwin: layer-shell configure ns=qdshell-wallpaper-pipewire-0 layer=0 box=1920,0 640x480 serial=15
Oct 03 18:29:51 baseweed-admin weston[931]: [18:29:51.279] qdwin: layer-shell get_layer_surface ns=qdshell-wallpaper-pipewire-1 layer=0 output=0x555f7d2fc3e0
Oct 03 18:29:51 baseweed-admin weston[931]: [18:29:51.279] qdwin: layer-shell configure ns=qdshell-wallpaper-pipewire-1 layer=0 box=2560,0 640x480 serial=16
Oct 03 18:29:51 baseweed-admin weston[931]: [18:29:51.279] qdwin: layer-shell get_layer_surface ns=qdshell-osd-Virtual-1 layer=3 output=0x555f7d2d5870
Oct 03 18:29:51 baseweed-admin weston[931]: [18:29:51.279] qdwin: layer-shell configure ns=qdshell-osd-Virtual-1 layer=3 box=1591,40 320x72 serial=17
Oct 03 18:29:51 baseweed-admin weston[931]: [18:29:51.279] qdwin: layer-shell get_layer_surface ns=qdshell-osd-pipewire-0 layer=3 output=0x555f7d2d6d50
Oct 03 18:29:51 baseweed-admin weston[931]: [18:29:51.279] qdwin: layer-shell configure ns=qdshell-osd-pipewire-0 layer=3 box=2231,40 320x72 serial=18
Oct 03 18:29:51 baseweed-admin weston[931]: [18:29:51.279] qdwin: layer-shell get_layer_surface ns=qdshell-osd-pipewire-1 layer=3 output=0x555f7d2fc3e0
Oct 03 18:29:51 baseweed-admin weston[931]: [18:29:51.279] qdwin: layer-shell configure ns=qdshell-osd-pipewire-1 layer=3 box=2871,40 320x72 serial=19
Oct 03 18:29:51 baseweed-admin dbus-run-session[1026]:   WARN qml: [20261003-182951]        Network Connectivity check error: Error: Not authorized to recheck connectivity.
Oct 03 18:29:52 baseweed-admin weston[931]: [18:29:52.190] qdwin: layer-shell mapped ns=qdshell-wallpaper-Virtual-1 layer=0 at 0,0 1920x1080
Oct 03 18:29:52 baseweed-admin weston[931]: [18:29:52.637] qdwin: layer-shell mapped ns=qdshell-wallpaper-pipewire-0 layer=0 at 1920,0 640x480
Oct 03 18:29:52 baseweed-admin weston[931]: [18:29:52.725] qdwin: layer-shell mapped ns=qdshell-wallpaper-pipewire-1 layer=0 at 2560,0 640x480
Oct 03 18:29:53 baseweed-admin weston[931]: [18:29:53.037] qdwin: layer-shell mapped ns=qdshell-osd-Virtual-1 layer=3 at 1591,40 320x72
Oct 03 18:29:53 baseweed-admin weston[931]: [18:29:53.450] qdwin: layer-shell mapped ns=qdshell-osd-pipewire-0 layer=3 at 2231,40 320x72
Oct 03 18:29:53 baseweed-admin weston[931]: [18:29:53.797] qdwin: layer-shell mapped ns=qdshell-osd-pipewire-1 layer=3 at 2871,40 320x72
Oct 03 18:29:53 baseweed-admin dbus-run-session[1026]:  ERROR qml: [20261003-182953]  PluginService Empty response from Qdshell Plugins
Oct 03 18:29:53 baseweed-admin dbus-run-session[1026]:  ERROR qml: [20261003-182953]  PluginService Failed to fetch registry from Qdshell Plugins - exit code: 1
Oct 03 18:29:53 baseweed-admin dbus-run-session[1026]:   INFO qml: [20261003-182953]        PodApps cache refresh loaded 0 apps
Oct 03 18:29:53 baseweed-admin dbus-run-session[1026]:   INFO qml: [20261003-182953]           Font Loaded 11 fonts, 3 monospace
Oct 03 18:29:54 baseweed-admin dbus-run-session[1026]:   WARN: Process failed to start, likely because the binary could not be found. Command: QList("bluetoothctl", "show")
Oct 03 18:29:54 baseweed-admin dbus-run-session[1026]:   WARN qml: [20261003-182954]     SystemStat No supported temperature sensor found
Oct 03 18:29:55 baseweed-admin dbus-run-session[1026]:   INFO qml: [20261003-182955] DarkModeServic Resume retry - re-evaluating dark mode again
Oct 03 18:29:55 baseweed-admin dbus-run-session[1026]:   INFO qml: [20261003-182955]     NightLight Resume retry - re-applying night light again
Oct 03 18:29:55 baseweed-admin dbus-run-session[1026]:   WARN: Process failed to start, likely because the binary could not be found. Command: QList("bluetoothctl", "show")
Oct 03 18:29:57 baseweed-admin dbus-run-session[1026]:   WARN: Process failed to start, likely because the binary could not be found. Command: QList("bluetoothctl", "show")
Oct 03 18:29:59 baseweed-admin dbus-run-session[1026]:   WARN: Process failed to start, likely because the binary could not be found. Command: QList("bluetoothctl", "show")
Oct 03 18:30:01 baseweed-admin dbus-run-session[1026]:   WARN: Process failed to start, likely because the binary could not be found. Command: QList("bluetoothctl", "show")
Oct 03 18:30:03 baseweed-admin dbus-run-session[1026]:   WARN: Process failed to start, likely because the binary could not be found. Command: QList("bluetoothctl", "show")
Oct 03 18:30:04 baseweed-admin dbus-run-session[1026]:   WARN qml: [20261003-183004]       Location Weather is still fetching
Oct 03 18:30:04 baseweed-admin dbus-run-session[1026]:  ERROR qml: [20261003-183004]       Location Geocoding error: 0
Oct 03 18:30:05 baseweed-admin dbus-run-session[1026]:   WARN: Process failed to start, likely because the binary could not be found. Command: QList("bluetoothctl", "show")
Oct 03 18:30:06 baseweed-admin dbus-run-session[1026]:   WARN qml: [20261003-183006]        Network Connectivity check error: Error: Not authorized to recheck connectivity.
Oct 03 18:30:07 baseweed-admin dbus-run-session[1026]:   WARN: Process failed to start, likely because the binary could not be found. Command: QList("bluetoothctl", "show")
Oct 03 18:30:09 baseweed-admin dbus-run-session[1026]:   WARN: Process failed to start, likely because the binary could not be found. Command: QList("bluetoothctl", "show")
Oct 03 18:30:11 baseweed-admin dbus-run-session[1026]:   WARN: Process failed to start, likely because the binary could not be found. Command: QList("bluetoothctl", "show")
Oct 03 18:30:13 baseweed-admin dbus-run-session[1026]:   WARN: Process failed to start, likely because the binary could not be found. Command: QList("bluetoothctl", "show")
Oct 03 18:30:14 baseweed-admin dbus-run-session[1026]:   INFO qml: [20261003-183014]        PodApps cache refresh loaded 0 apps
Oct 03 18:30:15 baseweed-admin dbus-run-session[1026]:   WARN: Process failed to start, likely because the binary could not be found. Command: QList("bluetoothctl", "show")
Oct 03 18:30:17 baseweed-admin dbus-run-session[1026]:   WARN: Process failed to start, likely because the binary could not be found. Command: QList("bluetoothctl", "show")
Oct 03 18:30:19 baseweed-admin dbus-run-session[1026]:   WARN: Process failed to start, likely because the binary could not be found. Command: QList("bluetoothctl", "show")
Oct 03 18:30:21 baseweed-admin dbus-run-session[1026]:   WARN qml: [20261003-183021]        Network Connectivity check error: Error: Not authorized to recheck connectivity.
Oct 03 18:30:21 baseweed-admin dbus-run-session[1026]:   WARN: Process failed to start, likely because the binary could not be found. Command: QList("bluetoothctl", "show")
Oct 03 18:30:23 baseweed-admin dbus-run-session[1026]:   WARN: Process failed to start, likely because the binary could not be found. Command: QList("bluetoothctl", "show")
Oct 03 18:30:24 baseweed-admin dbus-run-session[1026]:   WARN qml: [20261003-183024]       Location Weather is still fetching
Oct 03 18:30:24 baseweed-admin dbus-run-session[1026]:  ERROR qml: [20261003-183024]       Location Geocoding error: 0
Oct 03 18:30:25 baseweed-admin dbus-run-session[1026]:   WARN: Process failed to start, likely because the binary could not be found. Command: QList("bluetoothctl", "show")
Oct 03 18:30:27 baseweed-admin dbus-run-session[1026]:   WARN: Process failed to start, likely because the binary could not be found. Command: QList("bluetoothctl", "show")
Oct 03 18:30:29 baseweed-admin dbus-run-session[1026]:   WARN: Process failed to start, likely because the binary could not be found. Command: QList("bluetoothctl", "show")
Oct 03 18:30:31 baseweed-admin dbus-run-session[1026]:   WARN: Process failed to start, likely because the binary could not be found. Command: QList("bluetoothctl", "show")
Oct 03 18:30:33 baseweed-admin dbus-run-session[1026]:   WARN: Process failed to start, likely because the binary could not be found. Command: QList("bluetoothctl", "show")
Oct 03 18:30:35 baseweed-admin dbus-run-session[1026]:   WARN: Process failed to start, likely because the binary could not be found. Command: QList("bluetoothctl", "show")
Oct 03 18:30:36 baseweed-admin dbus-run-session[1026]:   WARN qml: [20261003-183036]        Network Connectivity check error: Error: Not authorized to recheck connectivity.
Oct 03 18:30:37 baseweed-admin dbus-run-session[1026]:   WARN: Process failed to start, likely because the binary could not be found. Command: QList("bluetoothctl", "show")
Oct 03 18:30:39 baseweed-admin dbus-run-session[1026]:   WARN: Process failed to start, likely because the binary could not be found. Command: QList("bluetoothctl", "show")
Oct 03 18:30:41 baseweed-admin dbus-run-session[1026]:   WARN: Process failed to start, likely because the binary could not be found. Command: QList("bluetoothctl", "show")
Oct 03 18:30:42 baseweed-admin weston[931]: [18:30:42.147] qdwin/secctx: helper pid=5055 launcher parent pid=5046 exe unreadable; falling back to verified root-parent + stable-starttime attestation
Oct 03 18:30:42 baseweed-admin weston[931]: [18:30:42.147] qdwin/secctx: helper pid=5055 launcher parent pid=5046 exe unreadable; falling back to verified root-parent + stable-starttime attestation
Oct 03 18:30:42 baseweed-admin weston[931]: [18:30:42.147] qdwin/secctx: helper pid=5055 launcher parent pid=5046 exe unreadable; falling back to verified root-parent + stable-starttime attestation
Oct 03 18:30:42 baseweed-admin weston[931]: [18:30:42.147] qdwin/secctx: helper pid=5055 launcher parent pid=5046 exe unreadable; falling back to verified root-parent + stable-starttime attestation
Oct 03 18:30:42 baseweed-admin weston[931]: [18:30:42.147] qdwin/secctx: manager bound by uid=1000 pid=5055 (helper)
Oct 03 18:30:42 baseweed-admin weston[931]: [18:30:42.147] qdwin/secctx: committed engine=qdistro.tier3s app_id=qdistro.tier3s.s129a instance_id=c9e08fe46dbabba55314de010d496262 listen_fd=72 close_fd=73
Oct 03 18:30:42 baseweed-admin weston[931]: [18:30:42.149] qdwin/secctx: client accepted engine=qdistro.tier3s app_id=qdistro.tier3s.s129a instance_id=c9e08fe46dbabba55314de010d496262 (total tagged: 1)
Oct 03 18:30:43 baseweed-admin dbus-run-session[1026]:   WARN: Process failed to start, likely because the binary could not be found. Command: QList("bluetoothctl", "show")
Oct 03 18:30:44 baseweed-admin dbus-run-session[1026]:   WARN qml: [20261003-183044]       Location Weather is still fetching
Oct 03 18:30:44 baseweed-admin dbus-run-session[1026]:  ERROR qml: [20261003-183044]       Location Geocoding error: 0
Oct 03 18:30:44 baseweed-admin dbus-run-session[1026]:   INFO qml: [20261003-183044]        PodApps cache refresh loaded 0 apps
Oct 03 18:30:45 baseweed-admin dbus-run-session[1026]:   WARN: Process failed to start, likely because the binary could not be found. Command: QList("bluetoothctl", "show")
Oct 03 18:30:47 baseweed-admin dbus-run-session[1026]:   WARN: Process failed to start, likely because the binary could not be found. Command: QList("bluetoothctl", "show")
Oct 03 18:30:49 baseweed-admin dbus-run-session[1026]:   WARN: Process failed to start, likely because the binary could not be found. Command: QList("bluetoothctl", "show")
Oct 03 18:30:51 baseweed-admin dbus-run-session[1026]:   WARN qml: [20261003-183051]        Network Connectivity check error: Error: Not authorized to recheck connectivity.
Oct 03 18:30:51 baseweed-admin dbus-run-session[1026]:   WARN: Process failed to start, likely because the binary could not be found. Command: QList("bluetoothctl", "show")
Oct 03 18:30:53 baseweed-admin weston[931]: [18:30:53.046] qdwin: toplevel_added handle=1 uid=1000 pid=5057 app_id=(null) title=""
Oct 03 18:30:53 baseweed-admin weston[931]: [18:30:53.047] qdwin: toplevel_security_context handle=1 engine=qdistro.tier3s app_id=qdistro.tier3s.s129a instance=c9e08fe46dbabba55314de010d496262
Oct 03 18:30:53 baseweed-admin weston[931]: [18:30:53.047] qdwin: toplevel_peer_identity handle=1 pid=5057 starttime=6596 uid=1000 exe=/usr/bin/waypipe label=system_u:system_r:unconfined_service_t:s0
Oct 03 18:30:53 baseweed-admin weston[931]: [18:30:53.047] qdwin: holding_released handle=1 via default_toplevel_policy (held → normal)
Oct 03 18:30:53 baseweed-admin weston[931]: [18:30:53.059] Detected an unmapped surface or view in the layer list, which should not occur.
Oct 03 18:30:53 baseweed-admin weston[931]:                Warning: the above message will not be printed again.
Oct 03 18:30:53 baseweed-admin dbus-run-session[1026]:   INFO qml: [20261003-183053]          Qdwin toplevel_security_context handle=1 engine=qdistro.tier3s app_id=qdistro.tier3s.s129a instance=c9e08fe46dbabba55314de010d496262
Oct 03 18:30:53 baseweed-admin dbus-run-session[1026]:   INFO qml: [20261003-183053]     Tier3sApps [tier3s] toplevel observed silo=s129a secctx=qdistro.tier3s.s129a color=#ce93d8 handle=1
Oct 03 18:30:53 baseweed-admin dbus-run-session[1026]:   INFO qml: [20261003-183053]     Tier3sApps [tier3s] silo=s129a color=#ce93d8
Oct 03 18:30:53 baseweed-admin weston[931]: [18:30:53.081] qdwin: toplevel_title handle=1 title="[3s:s129a] Wayland Terminal"
Oct 03 18:30:53 baseweed-admin weston[931]: [18:30:53.081] qdwin: toplevel_app_id handle=1 app_id="org.freedesktop.weston.wayland-terminal"
Oct 03 18:30:53 baseweed-admin weston[931]: [18:30:53.081] qdwin: mapped handle=1 size=806x491 pos=557,310 (normal)
Oct 03 18:30:53 baseweed-admin weston[931]: [18:30:53.081] qdwin: focus handle=1 (was 4294967295) seat=default
Oct 03 18:30:53 baseweed-admin weston[931]: [18:30:53.081] qdwin: seat_focus_changed seat=default handle=1
Oct 03 18:30:53 baseweed-admin dbus-run-session[1026]:   WARN: Could not load icon "org.freedesktop.weston.wayland-terminal?fallback=application-x-executable" at size QSize(19, 19) from request
Oct 03 18:30:53 baseweed-admin dbus-run-session[1026]:   INFO qml: [20261003-183053]        PodApps auto-scan: qdistro-tier3s-s129a transitioned to running
Oct 03 18:30:53 baseweed-admin dbus-run-session[1026]:   WARN: Process failed to start, likely because the binary could not be found. Command: QList("bluetoothctl", "show")
Oct 03 18:30:55 baseweed-admin weston[931]: [18:30:55.047] qdwin/secctx: helper pid=5778 launcher parent pid=5770 exe unreadable; falling back to verified root-parent + stable-starttime attestation
Oct 03 18:30:55 baseweed-admin weston[931]: [18:30:55.047] qdwin/secctx: helper pid=5778 launcher parent pid=5770 exe unreadable; falling back to verified root-parent + stable-starttime attestation
Oct 03 18:30:55 baseweed-admin weston[931]: [18:30:55.049] qdwin/secctx: helper pid=5778 launcher parent pid=5770 exe unreadable; falling back to verified root-parent + stable-starttime attestation
Oct 03 18:30:55 baseweed-admin weston[931]: [18:30:55.049] qdwin/secctx: helper pid=5778 launcher parent pid=5770 exe unreadable; falling back to verified root-parent + stable-starttime attestation
Oct 03 18:30:55 baseweed-admin weston[931]: [18:30:55.049] qdwin/secctx: manager bound by uid=1000 pid=5778 (helper)
Oct 03 18:30:55 baseweed-admin weston[931]: [18:30:55.049] qdwin/secctx: committed engine=qdistro.tier3s app_id=qdistro.tier3s.s129b instance_id=8d2809bf33803b5280be8fe0406b1f86 listen_fd=80 close_fd=81
Oct 03 18:30:55 baseweed-admin weston[931]: [18:30:55.051] qdwin/secctx: client accepted engine=qdistro.tier3s app_id=qdistro.tier3s.s129b instance_id=8d2809bf33803b5280be8fe0406b1f86 (total tagged: 2)
Oct 03 18:30:55 baseweed-admin weston[931]: [18:30:55.542] qdwin: toplevel_added handle=2 uid=1000 pid=5781 app_id=(null) title=""
Oct 03 18:30:55 baseweed-admin weston[931]: [18:30:55.542] qdwin: toplevel_security_context handle=2 engine=qdistro.tier3s app_id=qdistro.tier3s.s129b instance=8d2809bf33803b5280be8fe0406b1f86
Oct 03 18:30:55 baseweed-admin weston[931]: [18:30:55.542] qdwin: toplevel_peer_identity handle=2 pid=5781 starttime=7887 uid=1000 exe=/usr/bin/waypipe label=system_u:system_r:unconfined_service_t:s0
Oct 03 18:30:55 baseweed-admin weston[931]: [18:30:55.542] qdwin: holding_released handle=2 via default_toplevel_policy (held → normal)
Oct 03 18:30:55 baseweed-admin dbus-run-session[1026]:   INFO qml: [20261003-183055]          Qdwin toplevel_security_context handle=2 engine=qdistro.tier3s app_id=qdistro.tier3s.s129b instance=8d2809bf33803b5280be8fe0406b1f86
Oct 03 18:30:55 baseweed-admin dbus-run-session[1026]:   INFO qml: [20261003-183055]     Tier3sApps [tier3s] toplevel observed silo=s129b secctx=qdistro.tier3s.s129b color=#80deea handle=2
Oct 03 18:30:55 baseweed-admin dbus-run-session[1026]:   INFO qml: [20261003-183055]     Tier3sApps [tier3s] silo=s129b color=#80deea
Oct 03 18:30:55 baseweed-admin weston[931]: [18:30:55.558] qdwin: toplevel_title handle=2 title="[3s:s129b] Wayland Terminal"
Oct 03 18:30:55 baseweed-admin weston[931]: [18:30:55.558] qdwin: toplevel_app_id handle=2 app_id="org.freedesktop.weston.wayland-terminal"
Oct 03 18:30:55 baseweed-admin weston[931]: [18:30:55.558] qdwin: mapped handle=2 size=806x491 pos=0,31 (normal)
Oct 03 18:30:55 baseweed-admin weston[931]: [18:30:55.558] qdwin: focus handle=2 (was 1) seat=default
Oct 03 18:30:55 baseweed-admin weston[931]: [18:30:55.558] qdwin: seat_focus_changed seat=default handle=2
Oct 03 18:30:55 baseweed-admin dbus-run-session[1026]:   WARN: Process failed to start, likely because the binary could not be found. Command: QList("bluetoothctl", "show")
Oct 03 18:30:55 baseweed-admin podman[5954]: 2026-10-03 18:30:55.902866207 +0000 UTC m=+0.199202825 container exec 82bbda062b887fe7f2f2ea2e0aef0f289d65dd98e32d48dfd9502ddb3726739a (image=localhost/qdistro/tier3s-weston-terminal:latest, name=qdistro-tier3s-s129a, org.opencontainers.image.vendor=openSUSE Project, org.opensuse.base.disturl=obs://build.opensuse.org/openSUSE:Factory/images/561f9d4c8e4e1a441f95ad4ec6b5a914-opensuse-tumbleweed-image:docker, org.openbuildservice.disturl=obs://build.opensuse.org/openSUSE:Factory/images/561f9d4c8e4e1a441f95ad4ec6b5a914-opensuse-tumbleweed-image:docker, org.opencontainers.image.url=https://www.opensuse.org, org.qdistro.snapshot=20260930, qdistro_tier3s_unit=qdistro-tier3s-silo@s129a.service, qdistro_tier3s_token=c9e08fe46dbabba55314de010d496262, org.opencontainers.image.title=openSUSE Tumbleweed Base Container, org.opencontainers.image.version=20260930.37.208, org.opensuse.base.created=2026-09-30T20:05:54.126624488Z, org.opensuse.base.title=openSUSE Tumbleweed Base Container, org.opensuse.base.lifecycle-url=https://en.opensuse.org/Lifetime, org.opencontainers.image.description=Image containing a minimal environment for containers based on openSUSE Tumbleweed., io.buildah.version=1.44.1, org.opencontainers.image.created=2026-09-30T20:05:54.126624488Z, org.qdistro.tier3s.workload=weston-terminal, org.opensuse.base.source=https://build.opensuse.org/package/show/openSUSE:Factory/opensuse-tumbleweed-image?rev=561f9d4c8e4e1a441f95ad4ec6b5a914, org.opensuse.base.version=20260930.37.208, org.opensuse.base.reference=registry.opensuse.org/opensuse/tumbleweed:20260930.37.208, org.opensuse.base.url=https://www.opensuse.org, org.opensuse.reference=registry.opensuse.org/opensuse/tumbleweed:20260930.37.208, org.opensuse.base.vendor=openSUSE Project, org.opensuse.lifecycle-url=https://en.opensuse.org/Lifetime, org.opencontainers.image.source=https://build.opensuse.org/package/show/openSUSE:Factory/opensuse-tumbleweed-image?rev=561f9d4c8e4e1a441f95ad4ec6b5a914, org.opensuse.base.description=Image containing a minimal environment for containers based on openSUSE Tumbleweed.)
Oct 03 18:30:55 baseweed-admin conmon[6011]: conmon 82bbda062b887fe7f2f2 <nwarn>: Failed to open cgroups file: /sys/fs/cgroup/user.slice/user-1000.slice/user@1000.service/app.slice/qdshell.service/memory.events
Oct 03 18:30:56 baseweed-admin podman[6027]: 2026-10-03 18:30:56.025517541 +0000 UTC m=+0.100052896 container exec_died 82bbda062b887fe7f2f2ea2e0aef0f289d65dd98e32d48dfd9502ddb3726739a (image=localhost/qdistro/tier3s-weston-terminal:latest, name=qdistro-tier3s-s129a, qdistro_tier3s_unit=qdistro-tier3s-silo@s129a.service, org.opensuse.base.title=openSUSE Tumbleweed Base Container, org.opensuse.base.disturl=obs://build.opensuse.org/openSUSE:Factory/images/561f9d4c8e4e1a441f95ad4ec6b5a914-opensuse-tumbleweed-image:docker, org.opensuse.base.reference=registry.opensuse.org/opensuse/tumbleweed:20260930.37.208, org.opensuse.base.source=https://build.opensuse.org/package/show/openSUSE:Factory/opensuse-tumbleweed-image?rev=561f9d4c8e4e1a441f95ad4ec6b5a914, org.qdistro.snapshot=20260930, org.openbuildservice.disturl=obs://build.opensuse.org/openSUSE:Factory/images/561f9d4c8e4e1a441f95ad4ec6b5a914-opensuse-tumbleweed-image:docker, org.opencontainers.image.created=2026-09-30T20:05:54.126624488Z, org.opencontainers.image.title=openSUSE Tumbleweed Base Container, org.opencontainers.image.description=Image containing a minimal environment for containers based on openSUSE Tumbleweed., org.opencontainers.image.url=https://www.opensuse.org, org.opensuse.base.lifecycle-url=https://en.opensuse.org/Lifetime, org.opensuse.base.url=https://www.opensuse.org, org.opencontainers.image.vendor=openSUSE Project, org.opensuse.base.description=Image containing a minimal environment for containers based on openSUSE Tumbleweed., org.opensuse.base.vendor=openSUSE Project, org.qdistro.tier3s.workload=weston-terminal, qdistro_tier3s_token=c9e08fe46dbabba55314de010d496262, org.opencontainers.image.source=https://build.opensuse.org/package/show/openSUSE:Factory/opensuse-tumbleweed-image?rev=561f9d4c8e4e1a441f95ad4ec6b5a914, org.opensuse.base.created=2026-09-30T20:05:54.126624488Z, org.opensuse.base.version=20260930.37.208, io.buildah.version=1.44.1, org.opencontainers.image.version=20260930.37.208, execID=c3294cb9873b5ffdfb8c80c3a691fc458e6e2a52790dee08b660f9e22bd85a72, org.opensuse.reference=registry.opensuse.org/opensuse/tumbleweed:20260930.37.208, org.opensuse.lifecycle-url=https://en.opensuse.org/Lifetime)
Oct 03 18:30:56 baseweed-admin podman[5954]: 2026-10-03 18:30:56.077314121 +0000 UTC m=+0.373650729 container exec_died 82bbda062b887fe7f2f2ea2e0aef0f289d65dd98e32d48dfd9502ddb3726739a (image=localhost/qdistro/tier3s-weston-terminal:latest, name=qdistro-tier3s-s129a, org.opensuse.base.source=https://build.opensuse.org/package/show/openSUSE:Factory/opensuse-tumbleweed-image?rev=561f9d4c8e4e1a441f95ad4ec6b5a914, org.openbuildservice.disturl=obs://build.opensuse.org/openSUSE:Factory/images/561f9d4c8e4e1a441f95ad4ec6b5a914-opensuse-tumbleweed-image:docker, org.opensuse.base.lifecycle-url=https://en.opensuse.org/Lifetime, org.opensuse.base.vendor=openSUSE Project, org.opencontainers.image.created=2026-09-30T20:05:54.126624488Z, execID=c3294cb9873b5ffdfb8c80c3a691fc458e6e2a52790dee08b660f9e22bd85a72, org.opensuse.base.version=20260930.37.208, org.opencontainers.image.title=openSUSE Tumbleweed Base Container, org.opensuse.base.url=https://www.opensuse.org, org.opensuse.reference=registry.opensuse.org/opensuse/tumbleweed:20260930.37.208, org.qdistro.snapshot=20260930, qdistro_tier3s_unit=qdistro-tier3s-silo@s129a.service, org.opensuse.base.disturl=obs://build.opensuse.org/openSUSE:Factory/images/561f9d4c8e4e1a441f95ad4ec6b5a914-opensuse-tumbleweed-image:docker, qdistro_tier3s_token=c9e08fe46dbabba55314de010d496262, org.opensuse.base.created=2026-09-30T20:05:54.126624488Z, io.buildah.version=1.44.1, org.opensuse.lifecycle-url=https://en.opensuse.org/Lifetime, org.opencontainers.image.source=https://build.opensuse.org/package/show/openSUSE:Factory/opensuse-tumbleweed-image?rev=561f9d4c8e4e1a441f95ad4ec6b5a914, org.qdistro.tier3s.workload=weston-terminal, org.opencontainers.image.vendor=openSUSE Project, org.opencontainers.image.version=20260930.37.208, org.opensuse.base.reference=registry.opensuse.org/opensuse/tumbleweed:20260930.37.208, org.opensuse.base.title=openSUSE Tumbleweed Base Container, org.opencontainers.image.url=https://www.opensuse.org, org.opencontainers.image.description=Image containing a minimal environment for containers based on openSUSE Tumbleweed., org.opensuse.base.description=Image containing a minimal environment for containers based on openSUSE Tumbleweed.)
Oct 03 18:30:56 baseweed-admin dbus-run-session[1026]:   INFO qml: [20261003-183056]        PodApps cache refresh loaded 0 apps
Oct 03 18:30:56 baseweed-admin dbus-run-session[1026]:   INFO qml: [20261003-183056]        PodApps auto-scan: qdistro-tier3s-s129b transitioned to running
Oct 03 18:30:57 baseweed-admin weston[931]: [18:30:57.257] libwayland: error in client communication (pid 5057)
Oct 03 18:30:57 baseweed-admin weston[931]: [18:30:57.257] qdwin: toplevel_removed handle=1
Oct 03 18:30:57 baseweed-admin dbus-run-session[1026]:   WARN: Process failed to start, likely because the binary could not be found. Command: QList("bluetoothctl", "show")
Oct 03 18:30:59 baseweed-admin dbus-run-session[1026]:   WARN: Process failed to start, likely because the binary could not be found. Command: QList("bluetoothctl", "show")
Oct 03 18:31:00 baseweed-admin dbus-run-session[1026]:   INFO qml: [20261003-183100]  Tier3FocusIPC findSiloHandle silo=s129a → HANDLE=-1
Oct 03 18:31:01 baseweed-admin dbus-run-session[1026]:   WARN: Process failed to start, likely because the binary could not be found. Command: QList("bluetoothctl", "show")
Oct 03 18:31:02 baseweed-admin podman[6433]: 2026-10-03 18:31:02.42358219 +0000 UTC m=+0.117031275 container exec 3e14ed937d1be1b08ca66288a10cf33d51039340f8a06166d03f7afe3f5ab245 (image=localhost/qdistro/tier3s-weston-terminal:latest, name=qdistro-tier3s-s129b, org.opensuse.base.created=2026-09-30T20:05:54.126624488Z, org.opensuse.base.title=openSUSE Tumbleweed Base Container, org.opensuse.lifecycle-url=https://en.opensuse.org/Lifetime, io.buildah.version=1.44.1, org.opensuse.base.source=https://build.opensuse.org/package/show/openSUSE:Factory/opensuse-tumbleweed-image?rev=561f9d4c8e4e1a441f95ad4ec6b5a914, org.opencontainers.image.description=Image containing a minimal environment for containers based on openSUSE Tumbleweed., org.opensuse.base.lifecycle-url=https://en.opensuse.org/Lifetime, org.opencontainers.image.version=20260930.37.208, org.qdistro.snapshot=20260930, org.openbuildservice.disturl=obs://build.opensuse.org/openSUSE:Factory/images/561f9d4c8e4e1a441f95ad4ec6b5a914-opensuse-tumbleweed-image:docker, org.opensuse.base.reference=registry.opensuse.org/opensuse/tumbleweed:20260930.37.208, org.opensuse.base.description=Image containing a minimal environment for containers based on openSUSE Tumbleweed., org.opensuse.base.disturl=obs://build.opensuse.org/openSUSE:Factory/images/561f9d4c8e4e1a441f95ad4ec6b5a914-opensuse-tumbleweed-image:docker, org.opensuse.base.vendor=openSUSE Project, qdistro_tier3s_unit=qdistro-tier3s-silo@s129b.service, org.opensuse.base.url=https://www.opensuse.org, org.opensuse.reference=registry.opensuse.org/opensuse/tumbleweed:20260930.37.208, qdistro_tier3s_token=8d2809bf33803b5280be8fe0406b1f86, org.opencontainers.image.url=https://www.opensuse.org, org.opencontainers.image.vendor=openSUSE Project, org.opencontainers.image.source=https://build.opensuse.org/package/show/openSUSE:Factory/opensuse-tumbleweed-image?rev=561f9d4c8e4e1a441f95ad4ec6b5a914, org.opencontainers.image.created=2026-09-30T20:05:54.126624488Z, org.opensuse.base.version=20260930.37.208, org.qdistro.tier3s.workload=weston-terminal, org.opencontainers.image.title=openSUSE Tumbleweed Base Container)
Oct 03 18:31:02 baseweed-admin conmon[6452]: conmon 3e14ed937d1be1b08ca6 <nwarn>: Failed to open cgroups file: /sys/fs/cgroup/user.slice/user-1000.slice/user@1000.service/app.slice/qdshell.service/memory.events
Oct 03 18:31:02 baseweed-admin podman[6433]: 2026-10-03 18:31:02.55300808 +0000 UTC m=+0.246457165 container exec_died 3e14ed937d1be1b08ca66288a10cf33d51039340f8a06166d03f7afe3f5ab245 (image=localhost/qdistro/tier3s-weston-terminal:latest, name=qdistro-tier3s-s129b, org.openbuildservice.disturl=obs://build.opensuse.org/openSUSE:Factory/images/561f9d4c8e4e1a441f95ad4ec6b5a914-opensuse-tumbleweed-image:docker, org.qdistro.tier3s.workload=weston-terminal, qdistro_tier3s_token=8d2809bf33803b5280be8fe0406b1f86, org.opencontainers.image.vendor=openSUSE Project, org.opensuse.base.created=2026-09-30T20:05:54.126624488Z, org.qdistro.snapshot=20260930, org.opensuse.base.source=https://build.opensuse.org/package/show/openSUSE:Factory/opensuse-tumbleweed-image?rev=561f9d4c8e4e1a441f95ad4ec6b5a914, org.opensuse.base.version=20260930.37.208, org.opencontainers.image.url=https://www.opensuse.org, org.opensuse.base.url=https://www.opensuse.org, org.opensuse.lifecycle-url=https://en.opensuse.org/Lifetime, io.buildah.version=1.44.1, org.opensuse.base.reference=registry.opensuse.org/opensuse/tumbleweed:20260930.37.208, org.opencontainers.image.source=https://build.opensuse.org/package/show/openSUSE:Factory/opensuse-tumbleweed-image?rev=561f9d4c8e4e1a441f95ad4ec6b5a914, org.opensuse.base.vendor=openSUSE Project, execID=b9bb55b347f995b341e7fc5792da2d754277317fec0a7b507a1f35b287830ce7, org.opencontainers.image.version=20260930.37.208, org.opensuse.base.title=openSUSE Tumbleweed Base Container, org.opencontainers.image.created=2026-09-30T20:05:54.126624488Z, org.opencontainers.image.description=Image containing a minimal environment for containers based on openSUSE Tumbleweed., org.opensuse.base.description=Image containing a minimal environment for containers based on openSUSE Tumbleweed., org.opensuse.base.disturl=obs://build.opensuse.org/openSUSE:Factory/images/561f9d4c8e4e1a441f95ad4ec6b5a914-opensuse-tumbleweed-image:docker, org.opensuse.base.lifecycle-url=https://en.opensuse.org/Lifetime, qdistro_tier3s_unit=qdistro-tier3s-silo@s129b.service, org.opencontainers.image.title=openSUSE Tumbleweed Base Container, org.opensuse.reference=registry.opensuse.org/opensuse/tumbleweed:20260930.37.208)
Oct 03 18:31:02 baseweed-admin dbus-run-session[1026]:   INFO qml: [20261003-183102]  Tier3FocusIPC findSiloHandle silo=s129b → HANDLE=2
Oct 03 18:31:02 baseweed-admin dbus-run-session[1026]:   INFO qml: [20261003-183102]        PodApps cache refresh loaded 0 apps
Oct 03 18:31:03 baseweed-admin weston[931]: [18:31:03.137] qdwin: toplevel_removed handle=2
Oct 03 18:31:03 baseweed-admin weston[931]: [18:31:03.138] qdwin: focus handle=4294967295 (was 2) seat=default
Oct 03 18:31:03 baseweed-admin weston[931]: [18:31:03.138] qdwin: seat_focus_changed seat=default handle=4294967295
Oct 03 18:31:03 baseweed-admin dbus-run-session[1026]:   WARN: Process failed to start, likely because the binary could not be found. Command: QList("bluetoothctl", "show")
Oct 03 18:31:04 baseweed-admin dbus-run-session[1026]:   WARN qml: [20261003-183104]       Location Weather is still fetching
Oct 03 18:31:04 baseweed-admin dbus-run-session[1026]:  ERROR qml: [20261003-183104]       Location Geocoding error: 0
Oct 03 18:31:05 baseweed-admin dbus-run-session[1026]:   WARN: Process failed to start, likely because the binary could not be found. Command: QList("bluetoothctl", "show")
Oct 03 18:31:06 baseweed-admin dbus-run-session[1026]:   WARN qml: [20261003-183106]        Network Connectivity check error: Error: Not authorized to recheck connectivity.
Oct 03 18:31:07 baseweed-admin dbus-run-session[1026]:   WARN: Process failed to start, likely because the binary could not be found. Command: QList("bluetoothctl", "show")
