Oct 03 18:29:26 baseweed-admin systemd[866]: Started qdwin compositor (libweston + qdwin-shell.so).
Oct 03 18:29:26 baseweed-admin weston[931]: Date: 2026-10-03 UTC
Oct 03 18:29:26 baseweed-admin weston[931]: [18:29:26.412] weston 16.0.0
Oct 03 18:29:26 baseweed-admin weston[931]:                https://wayland.freedesktop.org
Oct 03 18:29:26 baseweed-admin weston[931]:                Bug reports to: https://gitlab.freedesktop.org/wayland/weston/issues/
Oct 03 18:29:26 baseweed-admin weston[931]:                Build: 16.0.0
Oct 03 18:29:26 baseweed-admin weston[931]: [18:29:26.412] Command line: /usr/bin/weston --config=/home/admin/weston.ini --socket=wayland-1
Oct 03 18:29:26 baseweed-admin weston[931]: [18:29:26.412] OS: Linux, 7.2.8-1-default, #1 SMP PREEMPT_DYNAMIC Sat Sep 26 07:00:58 UTC 2026 (9b36732), x86_64
Oct 03 18:29:26 baseweed-admin weston[931]: [18:29:26.412] Flight recorder: enabled, scopes subscribed: log
Oct 03 18:29:26 baseweed-admin weston[931]: [18:29:26.413] Using config file '/home/admin/weston.ini'
Oct 03 18:29:26 baseweed-admin weston[931]: [18:29:26.413] Output repaint window is 7 ms maximum.
Oct 03 18:29:26 baseweed-admin weston[931]: [18:29:26.414] Loading module '/usr/libexec/qdistro/qdwin-libweston/lib64/libweston-16/drm-backend.so'
Oct 03 18:29:26 baseweed-admin weston[931]: [18:29:26.450] initializing drm backend
Oct 03 18:29:26 baseweed-admin weston[931]: [18:29:26.450] Trying libseat launcher...
Oct 03 18:29:26 baseweed-admin weston[931]: [18:29:26.465] [libseat/libseat.c:73] Seat opened with backend 'seatd'
Oct 03 18:29:26 baseweed-admin weston[931]: [18:29:26.466] [libseat/backend/seatd.c:218] Enabling seat
Oct 03 18:29:26 baseweed-admin weston[931]: [18:29:26.466] libseat: session control granted
Oct 03 18:29:26 baseweed-admin weston[931]: [18:29:26.472] using /dev/dri/card0
Oct 03 18:29:26 baseweed-admin weston[931]: [18:29:26.472] DRM: supports atomic modesetting
Oct 03 18:29:26 baseweed-admin weston[931]: [18:29:26.472] DRM: supports cursor-plane hotspot (virtualized cursor)
Oct 03 18:29:26 baseweed-admin weston[931]: [18:29:26.472] DRM: does not support GBM modifiers
Oct 03 18:29:26 baseweed-admin weston[931]: [18:29:26.472] DRM: does not support Atomic async page flip
Oct 03 18:29:26 baseweed-admin weston[931]: [18:29:26.472] DRM: supports picture aspect ratio
Oct 03 18:29:26 baseweed-admin weston[931]: [18:29:26.473] DRM: EDID for the following head fails conformity:
Oct 03 18:29:26 baseweed-admin weston[931]: Block 1, CTA-861 Extension Block:
Oct 03 18:29:26 baseweed-admin weston[931]:   Padding: Contains non-zero bytes.
Oct 03 18:29:26 baseweed-admin weston[931]: [18:29:26.473] DRM: head 'Virtual-1' found, connector 40 is connected, EDID make 'Red Hat, Inc.', model 'QEMU Monitor', serial ''
Oct 03 18:29:26 baseweed-admin weston[931]:                Supported EOTF modes: SDR
Oct 03 18:29:26 baseweed-admin weston[931]:                Supported colorimetry modes: default
Oct 03 18:29:26 baseweed-admin weston[931]:                Supported VRR modes: (none),
Oct 03 18:29:26 baseweed-admin weston[931]:                Supported color formats: AUTO
Oct 03 18:29:27 baseweed-admin weston[931]: [18:29:27.145] Loading module '/usr/libexec/qdistro/qdwin-libweston/lib64/libweston-16/gl-renderer.so'
Oct 03 18:29:27 baseweed-admin weston[931]: [18:29:27.150] warning: failed to query rendering device from EGL
Oct 03 18:29:27 baseweed-admin weston[931]: [18:29:27.150] EGL version: 1.5
Oct 03 18:29:27 baseweed-admin weston[931]: [18:29:27.150] EGL vendor: Mesa Project
Oct 03 18:29:27 baseweed-admin weston[931]: [18:29:27.150] EGL client APIs: OpenGL OpenGL_ES
Oct 03 18:29:27 baseweed-admin weston[931]: [18:29:27.150] EGL features:
Oct 03 18:29:27 baseweed-admin weston[931]:                EGL Wayland extension: no
Oct 03 18:29:27 baseweed-admin weston[931]:                context priority: no
Oct 03 18:29:27 baseweed-admin weston[931]:                buffer age: yes
Oct 03 18:29:27 baseweed-admin weston[931]:                partial update: no
Oct 03 18:29:27 baseweed-admin weston[931]:                swap buffers with damage: no
Oct 03 18:29:27 baseweed-admin weston[931]:                configless context: yes
Oct 03 18:29:27 baseweed-admin weston[931]:                surfaceless context: yes
Oct 03 18:29:27 baseweed-admin weston[931]:                dmabuf support: modifiers
Oct 03 18:29:27 baseweed-admin weston[931]:                fence sync: yes (wait)
Oct 03 18:29:27 baseweed-admin weston[931]: [18:29:27.260] GL version: OpenGL ES 3.2 Mesa 26.2.3
Oct 03 18:29:27 baseweed-admin weston[931]: [18:29:27.260] GLSL version: OpenGL ES GLSL ES 3.20
Oct 03 18:29:27 baseweed-admin weston[931]: [18:29:27.260] GL vendor: Mesa
Oct 03 18:29:27 baseweed-admin weston[931]: [18:29:27.260] GL renderer: llvmpipe (LLVM 23.1.1, 256 bits)
Oct 03 18:29:27 baseweed-admin weston[931]: [18:29:27.267] GL ES 3.2 - renderer features:
Oct 03 18:29:27 baseweed-admin weston[931]:                read-back format: ARGB8888
Oct 03 18:29:27 baseweed-admin weston[931]:                glReadPixels supports y-flip: yes
Oct 03 18:29:27 baseweed-admin weston[931]:                glReadPixels supports PBO: yes
Oct 03 18:29:27 baseweed-admin weston[931]:                wl_shm 10 bpc formats: yes
Oct 03 18:29:27 baseweed-admin weston[931]:                wl_shm 16 bpc formats: yes
Oct 03 18:29:27 baseweed-admin weston[931]:                wl_shm half-float formats: yes
Oct 03 18:29:27 baseweed-admin weston[931]:                internal R and RG formats: yes
Oct 03 18:29:27 baseweed-admin weston[931]:                OES_EGL_image_external: yes
Oct 03 18:29:27 baseweed-admin weston[931]:                GPU timeline: no
Oct 03 18:29:27 baseweed-admin weston[931]:                Texture immutability: yes
Oct 03 18:29:27 baseweed-admin weston[931]:                Required precision: yes
Oct 03 18:29:27 baseweed-admin weston[931]:                In-shader blending: yes
Oct 03 18:29:27 baseweed-admin weston[931]: [18:29:27.267] Using GL renderer
Oct 03 18:29:27 baseweed-admin weston[931]: [18:29:27.426] event3  - QEMU QEMU USB Tablet: is tagged by udev as: Mouse
Oct 03 18:29:27 baseweed-admin weston[931]: [18:29:27.426] event3  - QEMU QEMU USB Tablet: device is a pointer
Oct 03 18:29:27 baseweed-admin weston[931]: [18:29:27.427] event4  - Power Button: is tagged by udev as: Keyboard
Oct 03 18:29:27 baseweed-admin weston[931]: [18:29:27.427] event4  - Power Button: device is a keyboard
Oct 03 18:29:27 baseweed-admin weston[931]: [18:29:27.428] event0  - AT Translated Set 2 keyboard: is tagged by udev as: Keyboard
Oct 03 18:29:27 baseweed-admin weston[931]: [18:29:27.428] event0  - AT Translated Set 2 keyboard: device is a keyboard
Oct 03 18:29:27 baseweed-admin weston[931]: [18:29:27.428] event2  - VirtualPS/2 VMware VMMouse: is tagged by udev as: Mouse
Oct 03 18:29:27 baseweed-admin weston[931]: [18:29:27.428] event2  - VirtualPS/2 VMware VMMouse: emulating high-resolution scroll wheel events.
Oct 03 18:29:27 baseweed-admin weston[931]: [18:29:27.429] event2  - VirtualPS/2 VMware VMMouse: device is a pointer
Oct 03 18:29:27 baseweed-admin weston[931]: [18:29:27.429] event1  - VirtualPS/2 VMware VMMouse: is tagged by udev as: Mouse
Oct 03 18:29:27 baseweed-admin weston[931]: [18:29:27.429] event1  - VirtualPS/2 VMware VMMouse: device is a pointer
Oct 03 18:29:27 baseweed-admin weston[931]: [18:29:27.430] event5  - PC Speaker: not tagged as supported input device
Oct 03 18:29:27 baseweed-admin weston[931]: [18:29:27.442] event5  - not using input device '/dev/input/event5'
Oct 03 18:29:27 baseweed-admin weston[931]: [18:29:27.442] event6  - ydotoold virtual device: is tagged by udev as: Keyboard
Oct 03 18:29:27 baseweed-admin weston[931]: [18:29:27.442] event6  - ydotoold virtual device: emulating high-resolution scroll wheel events.
Oct 03 18:29:27 baseweed-admin weston[931]: [18:29:27.442] event6  - ydotoold virtual device: device is a keyboard
Oct 03 18:29:27 baseweed-admin weston[931]: [18:29:27.443] libinput: configuring device "QEMU QEMU USB Tablet".
Oct 03 18:29:27 baseweed-admin weston[931]: [18:29:27.443] input device event3 has no enabled output associated (none named), skipping calibration for now.
Oct 03 18:29:27 baseweed-admin weston[931]: [18:29:27.447] libinput: configuring device "Power Button".
Oct 03 18:29:27 baseweed-admin weston[931]: [18:29:27.447] libinput: configuring device "AT Translated Set 2 keyboard".
Oct 03 18:29:27 baseweed-admin weston[931]: [18:29:27.447] libinput: configuring device "VirtualPS/2 VMware VMMouse".
Oct 03 18:29:27 baseweed-admin weston[931]: [18:29:27.447] libinput: configuring device "VirtualPS/2 VMware VMMouse".
Oct 03 18:29:27 baseweed-admin weston[931]: [18:29:27.447] input device event1 has no enabled output associated (none named), skipping calibration for now.
Oct 03 18:29:27 baseweed-admin weston[931]: [18:29:27.447] libinput: configuring device "ydotoold virtual device".
Oct 03 18:29:27 baseweed-admin weston[931]: [18:29:27.447] Registered plugin API 'weston_drm_output_api_v1' of size 40
Oct 03 18:29:27 baseweed-admin weston[931]: [18:29:27.447] Loading module '/usr/libexec/qdistro/qdwin-libweston/lib64/libweston-16/pipewire-backend.so'
Oct 03 18:29:27 baseweed-admin weston[931]: [18:29:27.448] Initializing PipeWire backend
Oct 03 18:29:27 baseweed-admin weston[931]: [18:29:27.450] Registered plugin API 'weston_pipewire_output_api_v2' of size 24
Oct 03 18:29:27 baseweed-admin weston[931]: [18:29:27.450] Color manager: no-op
Oct 03 18:29:27 baseweed-admin weston[931]:                  protocol support: no
Oct 03 18:29:27 baseweed-admin weston[931]: [18:29:27.450] Setting output 'Virtual-1' to color AUTO format
Oct 03 18:29:27 baseweed-admin weston[931]: [18:29:27.450] Output 'Virtual-1' attempts EOTF mode SDR and colorimetry mode default.
Oct 03 18:29:27 baseweed-admin weston[931]: [18:29:27.450] Output 'Virtual-1' using color profile: stock sRGB color profile
Oct 03 18:29:27 baseweed-admin weston[931]: [18:29:27.451] Chosen EGL config details: id:  46 rgba: 8 8 8 0 buf: 24 dep:  0 stcl: 0 int: 1-1 type: win val: fix vis_id: XRGB8888 (0x34325258)
Oct 03 18:29:27 baseweed-admin weston[931]: [18:29:27.451] Output Virtual-1 (crtc 39) video modes:
Oct 03 18:29:27 baseweed-admin weston[931]:                1280x800@75.0, preferred, 107.3 MHz
Oct 03 18:29:27 baseweed-admin weston[931]:                5120x2160@50.0 64:27, 742.5 MHz
Oct 03 18:29:27 baseweed-admin weston[931]:                4096x2160@50.0 256:135, 594.0 MHz
Oct 03 18:29:27 baseweed-admin weston[931]:                3840x2160@60.0 16:9, 594.0 MHz
Oct 03 18:29:27 baseweed-admin weston[931]:                3840x2160@59.9 16:9, 593.4 MHz
Oct 03 18:29:27 baseweed-admin weston[931]:                3840x2160@50.0 16:9, 594.0 MHz
Oct 03 18:29:27 baseweed-admin weston[931]:                1920x1440@60.0, 234.0 MHz
Oct 03 18:29:27 baseweed-admin weston[931]:                2560x1080@50.0 64:27, 185.6 MHz
Oct 03 18:29:27 baseweed-admin weston[931]:                1856x1392@60.0, 218.2 MHz
Oct 03 18:29:27 baseweed-admin weston[931]:                1792x1344@60.0, 204.8 MHz
Oct 03 18:29:27 baseweed-admin weston[931]:                2048x1152@60.0, 162.0 MHz
Oct 03 18:29:27 baseweed-admin weston[931]:                1920x1200@59.9, 193.2 MHz
Oct 03 18:29:27 baseweed-admin weston[931]:                1920x1080@60.0, current, 148.5 MHz
Oct 03 18:29:27 baseweed-admin weston[931]:                1920x1080@50.0 16:9, 148.5 MHz
Oct 03 18:29:27 baseweed-admin weston[931]:                1600x1200@60.0, 162.0 MHz
Oct 03 18:29:27 baseweed-admin weston[931]:                1680x1050@60.0, 146.2 MHz
Oct 03 18:29:27 baseweed-admin weston[931]:                1400x1050@60.0, 121.8 MHz
Oct 03 18:29:27 baseweed-admin weston[931]:                1280x1024@60.0, 108.0 MHz
Oct 03 18:29:27 baseweed-admin weston[931]:                1440x900@59.9, 106.5 MHz
Oct 03 18:29:27 baseweed-admin weston[931]:                1280x960@60.0, 108.0 MHz
Oct 03 18:29:27 baseweed-admin weston[931]:                1360x768@60.0, 85.5 MHz
Oct 03 18:29:27 baseweed-admin weston[931]:                1280x768@59.9, 79.5 MHz
Oct 03 18:29:27 baseweed-admin weston[931]:                1024x768@60.0, 65.0 MHz
Oct 03 18:29:27 baseweed-admin weston[931]:                800x600@60.3, 40.0 MHz
Oct 03 18:29:27 baseweed-admin weston[931]:                640x480@60.0 4:3, 25.2 MHz
Oct 03 18:29:27 baseweed-admin weston[931]:                640x480@59.9, 25.2 MHz
Oct 03 18:29:27 baseweed-admin weston[931]: [18:29:27.451] associating input device event3 with output Virtual-1 (none by udev)
Oct 03 18:29:27 baseweed-admin weston[931]: [18:29:27.451] associating input device event4 with output Virtual-1 (none by udev)
Oct 03 18:29:27 baseweed-admin weston[931]: [18:29:27.451] associating input device event0 with output Virtual-1 (none by udev)
Oct 03 18:29:27 baseweed-admin weston[931]: [18:29:27.451] associating input device event2 with output Virtual-1 (none by udev)
Oct 03 18:29:27 baseweed-admin weston[931]: [18:29:27.451] associating input device event1 with output Virtual-1 (none by udev)
Oct 03 18:29:27 baseweed-admin weston[931]: [18:29:27.451] associating input device event6 with output Virtual-1 (none by udev)
Oct 03 18:29:27 baseweed-admin weston[931]: [18:29:27.451] Output 'Virtual-1' enabled with head(s) Virtual-1
Oct 03 18:29:27 baseweed-admin weston[931]: [18:29:27.451] pipewire_backend_output_configure.. Done
Oct 03 18:29:27 baseweed-admin weston[931]: [18:29:27.451] Output 'pipewire-0' attempts EOTF mode SDR and colorimetry mode default.
Oct 03 18:29:27 baseweed-admin weston[931]: [18:29:27.451] Output 'pipewire-0' using color profile: stock sRGB color profile
Oct 03 18:29:27 baseweed-admin weston[931]: [18:29:27.477] Output 'pipewire-0' enabled with head(s) pipewire-0
Oct 03 18:29:27 baseweed-admin weston[931]: [18:29:27.477] pipewire_backend_output_configure.. Done
Oct 03 18:29:27 baseweed-admin weston[931]: [18:29:27.477] Output 'pipewire-1' attempts EOTF mode SDR and colorimetry mode default.
Oct 03 18:29:27 baseweed-admin weston[931]: [18:29:27.477] Output 'pipewire-1' using color profile: stock sRGB color profile
Oct 03 18:29:27 baseweed-admin weston[931]: [18:29:27.478] Output 'pipewire-1' enabled with head(s) pipewire-1
Oct 03 18:29:27 baseweed-admin weston[931]: [18:29:27.478] Compositor capabilities:
Oct 03 18:29:27 baseweed-admin weston[931]:                arbitrary surface rotation: yes
Oct 03 18:29:27 baseweed-admin weston[931]:                screen capture uses y-flip: yes
Oct 03 18:29:27 baseweed-admin weston[931]:                cursor planes: yes
Oct 03 18:29:27 baseweed-admin weston[931]:                arbitrary resolutions: yes
Oct 03 18:29:27 baseweed-admin weston[931]:                view mask clipping: yes
Oct 03 18:29:27 baseweed-admin weston[931]:                explicit sync: no
Oct 03 18:29:27 baseweed-admin weston[931]:                color operations: yes
Oct 03 18:29:27 baseweed-admin weston[931]:                color representation: yes
Oct 03 18:29:27 baseweed-admin weston[931]:                in-shader blending: yes
Oct 03 18:29:27 baseweed-admin weston[931]:                presentation clock: CLOCK_MONOTONIC, id 1
Oct 03 18:29:27 baseweed-admin weston[931]:                presentation clock resolution: 0.000000001 s
Oct 03 18:29:27 baseweed-admin weston[931]: [18:29:27.478] Loading module '/usr/lib64/weston/qdwin-shell.so'
Oct 03 18:29:27 baseweed-admin weston[931]: [18:29:27.478] qdwin: locker bind policy defaulting to entrypoint=/usr/local/bin/qdlocker:/usr/bin/qdlocker (system interpreter + root-owned entrypoint; no explicit policy configured); set --qdwin-allowed-locker-any to override to uid-only
Oct 03 18:29:27 baseweed-admin weston[931]: [18:29:27.478] qdwin: locker bind policy uid=1000 entrypoint=/usr/local/bin/qdlocker:/usr/bin/qdlocker exe=(any) label=(any)
Oct 03 18:29:27 baseweed-admin weston[931]: [18:29:27.478] qdwin: ext-idle-notify idle_time=0 internal_mode=1
Oct 03 18:29:27 baseweed-admin weston[931]: [18:29:27.479] qdwin: cursor-shape theme=(default) size=24 loaded=0/36
Oct 03 18:29:27 baseweed-admin weston[931]: [18:29:27.479] qdwin: layer-popup grab handler registered
Oct 03 18:29:27 baseweed-admin weston[931]: [18:29:27.479] qdwin/nested-proxy: default keyboard grab installed on seat 'default'
Oct 03 18:29:27 baseweed-admin weston[931]: [18:29:27.479] qdwin: background curtain 3200x1080 installed
Oct 03 18:29:27 baseweed-admin weston[931]: [18:29:27.479] qdwin: WARNING shell-authorized output capture enabled via QDWIN_ENABLE_SHELL_CAPTURE — dev/test only, do not use in production
Oct 03 18:29:27 baseweed-admin weston[931]: [18:29:27.479] qdwin: retained-frame capture armed on output=Virtual-1
Oct 03 18:29:27 baseweed-admin weston[931]: [18:29:27.479] qdwin: shell loaded (allowed_uid=1000); desktop + qdwin_shell_v1 ready
Oct 03 18:29:27 baseweed-admin weston[931]: [18:29:27.479] Loading module '/usr/lib64/libweston-16/xwayland.so'
Oct 03 18:29:27 baseweed-admin weston[931]: [18:29:27.479] Registered plugin API 'weston_xwayland_v3' of size 32
Oct 03 18:29:27 baseweed-admin weston[931]: [18:29:27.480] Registered plugin API 'weston_xwayland_surface_v2' of size 24
Oct 03 18:29:27 baseweed-admin weston[931]: [18:29:27.480] xserver listening on display :0
Oct 03 18:29:27 baseweed-admin weston[931]: [18:29:27.510] qdwin: bind attempt pid=1024 uid=1000 (allowed_uid=1000)
Oct 03 18:29:27 baseweed-admin weston[931]: [18:29:27.510] qdwin: bind accepted for uid=1000, hello sent
Oct 03 18:29:27 baseweed-admin weston[931]: [18:29:27.510] qdwin: cursor-sprite registered shape=default hotspot=3,1
Oct 03 18:29:27 baseweed-admin weston[931]: [18:29:27.510] qdwin: cursor_retry_install: scheduling first retry in 1000ms
Oct 03 18:29:27 baseweed-admin weston[931]: [18:29:27.511] qdwin: cursor-sprite registered shape=context-menu hotspot=3,1
Oct 03 18:29:27 baseweed-admin weston[931]: [18:29:27.511] qdwin: cursor-sprite registered shape=help hotspot=12,21
Oct 03 18:29:27 baseweed-admin weston[931]: [18:29:27.511] qdwin: cursor-sprite registered shape=pointer hotspot=7,5
Oct 03 18:29:27 baseweed-admin weston[931]: [18:29:27.516] qdwin: cursor-sprite registered shape=progress hotspot=3,1
Oct 03 18:29:27 baseweed-admin weston[931]: [18:29:27.521] qdwin: cursor-sprite registered shape=wait hotspot=11,11
Oct 03 18:29:27 baseweed-admin weston[931]: [18:29:27.521] qdwin: cursor-sprite registered shape=cell hotspot=11,11
Oct 03 18:29:27 baseweed-admin weston[931]: [18:29:27.521] qdwin: cursor-sprite registered shape=crosshair hotspot=11,11
Oct 03 18:29:27 baseweed-admin weston[931]: [18:29:27.521] qdwin: cursor-sprite registered shape=text hotspot=11,12
Oct 03 18:29:27 baseweed-admin weston[931]: [18:29:27.521] qdwin: cursor-sprite registered shape=vertical-text hotspot=12,11
Oct 03 18:29:27 baseweed-admin weston[931]: [18:29:27.522] qdwin: cursor-sprite registered shape=alias hotspot=18,5
Oct 03 18:29:27 baseweed-admin weston[931]: [18:29:27.522] qdwin: cursor-sprite registered shape=copy hotspot=3,1
Oct 03 18:29:27 baseweed-admin weston[931]: [18:29:27.522] qdwin: cursor-sprite registered shape=move hotspot=3,1
Oct 03 18:29:27 baseweed-admin weston[931]: [18:29:27.522] qdwin: cursor-sprite registered shape=no-drop hotspot=3,1
Oct 03 18:29:27 baseweed-admin weston[931]: [18:29:27.522] qdwin: cursor-sprite registered shape=not-allowed hotspot=12,12
Oct 03 18:29:27 baseweed-admin weston[931]: [18:29:27.522] qdwin: cursor-sprite registered shape=grab hotspot=11,2
Oct 03 18:29:27 baseweed-admin weston[931]: [18:29:27.522] qdwin: cursor-sprite registered shape=grabbing hotspot=9,5
Oct 03 18:29:27 baseweed-admin weston[931]: [18:29:27.522] qdwin: cursor-sprite registered shape=e-resize hotspot=19,13
Oct 03 18:29:27 baseweed-admin weston[931]: [18:29:27.522] qdwin: cursor-sprite registered shape=n-resize hotspot=13,6
Oct 03 18:29:27 baseweed-admin weston[931]: [18:29:27.522] qdwin: cursor-sprite registered shape=ne-resize hotspot=15,10
Oct 03 18:29:27 baseweed-admin weston[931]: [18:29:27.523] qdwin: cursor-sprite registered shape=nw-resize hotspot=10,10
Oct 03 18:29:27 baseweed-admin weston[931]: [18:29:27.523] qdwin: cursor-sprite registered shape=s-resize hotspot=13,18
Oct 03 18:29:27 baseweed-admin weston[931]: [18:29:27.523] qdwin: cursor-sprite registered shape=se-resize hotspot=15,15
Oct 03 18:29:27 baseweed-admin weston[931]: [18:29:27.523] qdwin: cursor-sprite registered shape=sw-resize hotspot=10,15
Oct 03 18:29:27 baseweed-admin weston[931]: [18:29:27.523] qdwin: cursor-sprite registered shape=w-resize hotspot=6,13
Oct 03 18:29:27 baseweed-admin weston[931]: [18:29:27.523] qdwin: cursor-sprite registered shape=ew-resize hotspot=12,12
Oct 03 18:29:27 baseweed-admin weston[931]: [18:29:27.523] qdwin: cursor-sprite registered shape=ns-resize hotspot=12,13
Oct 03 18:29:27 baseweed-admin weston[931]: [18:29:27.523] qdwin: cursor-sprite registered shape=nesw-resize hotspot=11,11
Oct 03 18:29:27 baseweed-admin weston[931]: [18:29:27.523] qdwin: cursor-sprite registered shape=nwse-resize hotspot=11,11
Oct 03 18:29:27 baseweed-admin weston[931]: [18:29:27.523] qdwin: cursor-sprite registered shape=col-resize hotspot=12,12
Oct 03 18:29:27 baseweed-admin weston[931]: [18:29:27.524] qdwin: cursor-sprite registered shape=row-resize hotspot=12,13
Oct 03 18:29:27 baseweed-admin weston[931]: [18:29:27.524] qdwin: cursor-sprite registered shape=all-scroll hotspot=11,11
Oct 03 18:29:27 baseweed-admin weston[931]: [18:29:27.524] qdwin: cursor-sprite registered shape=zoom-in hotspot=11,10
Oct 03 18:29:27 baseweed-admin weston[931]: [18:29:27.524] qdwin: cursor-sprite registered shape=zoom-out hotspot=11,10
Oct 03 18:29:27 baseweed-admin weston[931]: [18:29:27.524] qdwin: cursor-sprite registered shape=dnd-ask hotspot=3,1
Oct 03 18:29:27 baseweed-admin weston[931]: [18:29:27.524] qdwin: cursor-sprite registered shape=all-resize hotspot=12,11
Oct 03 18:29:28 baseweed-admin weston[931]: [18:29:28.191] qdwin: locker bind attempt pid=1031 uid=1000 (allowed_locker_uid=1000)
Oct 03 18:29:28 baseweed-admin weston[931]: [18:29:28.191] qdwin: locker bound pid=1031 uid=1000 (initially_locked=0)
Oct 03 18:29:29 baseweed-admin weston[931]: [18:29:29.709] qdwin: bind attempt pid=1026 uid=1000 (allowed_uid=1000)
Oct 03 18:29:29 baseweed-admin weston[931]: [18:29:29.709] qdwin: bind accepted for uid=1000, hello sent
Oct 03 18:29:29 baseweed-admin weston[931]: [18:29:29.709] qdwin: ext_workspace_manager bound (count=4 active=0)
Oct 03 18:29:29 baseweed-admin weston[931]: [18:29:29.709] qdwin: zwlr_output_manager bound (serial=1)
Oct 03 18:29:29 baseweed-admin weston[931]: [18:29:29.709] qdwin: shell bound (uid=1000 pid=1026); replaying 0 toplevels
Oct 03 18:29:29 baseweed-admin weston[931]: [18:29:29.709] qdwin: seat_focus_changed seat=default handle=4294967295
Oct 03 18:29:29 baseweed-admin weston[931]: [18:29:29.711] qdwin: workspace 0 name="1"
Oct 03 18:29:29 baseweed-admin weston[931]: [18:29:29.711] qdwin: workspace 1 name="2"
Oct 03 18:29:29 baseweed-admin weston[931]: [18:29:29.711] qdwin: workspace 2 name="3"
Oct 03 18:29:29 baseweed-admin weston[931]: [18:29:29.711] qdwin: workspace 3 name="4"
Oct 03 18:29:29 baseweed-admin weston[931]: [18:29:29.711] qdwin: set_wm_policy focus=0 ffm_delay=0 raise_click=1 raise_hover=0 placement=2 snap=1 dist=16
Oct 03 18:29:29 baseweed-admin weston[931]: [18:29:29.711] qdwin: register_hotkey id=7101 mods=0x2 key=62
Oct 03 18:29:29 baseweed-admin weston[931]: [18:29:29.711] qdwin: register_hotkey id=7102 mods=0x4 key=103
Oct 03 18:29:29 baseweed-admin weston[931]: [18:29:29.711] qdwin: register_hotkey id=7103 mods=0x4 key=33
Oct 03 18:29:29 baseweed-admin weston[931]: [18:29:29.711] qdwin: register_hotkey id=7104 mods=0x4 key=105
Oct 03 18:29:29 baseweed-admin weston[931]: [18:29:29.711] qdwin: register_hotkey id=7105 mods=0x4 key=106
Oct 03 18:29:29 baseweed-admin weston[931]: [18:29:29.712] qdwin: set_pointer_config accel=0 profile=0 natural=0 tap=1 left=0 middle=0 dwt=1 scroll=1 (6 devices)
Oct 03 18:29:29 baseweed-admin weston[931]: [18:29:29.712] qdwin: set_key_repeat rate=25 delay=500
Oct 03 18:29:29 baseweed-admin weston[931]: [18:29:29.917] qdwin: layer-shell get_layer_surface ns=qdshell-background-Virtual-1 layer=2 output=0x555f7d2d5870
Oct 03 18:29:29 baseweed-admin weston[931]: [18:29:29.917] qdwin: layer-shell configure ns=qdshell-background-Virtual-1 layer=2 box=0,0 1920x1080 serial=1
Oct 03 18:29:29 baseweed-admin weston[931]: [18:29:29.917] qdwin: layer-shell get_layer_surface ns=qdshell-bar-content-Virtual-1 layer=2 output=0x555f7d2d5870
Oct 03 18:29:29 baseweed-admin weston[931]: [18:29:29.917] qdwin: layer-shell configure ns=qdshell-bar-content-Virtual-1 layer=2 box=0,0 1920x31 serial=2
Oct 03 18:29:29 baseweed-admin weston[931]: [18:29:29.917] qdwin: layer-shell get_layer_surface ns=qdshell-bar-exclusion-top-Virtual-1 layer=2 output=0x555f7d2d5870
Oct 03 18:29:29 baseweed-admin weston[931]: [18:29:29.917] qdwin: layer-shell configure ns=qdshell-bar-exclusion-top-Virtual-1 layer=2 box=0,0 1920x31 serial=3
Oct 03 18:29:29 baseweed-admin weston[931]: [18:29:29.917] qdwin: layer-shell get_layer_surface ns=qdshell-background-pipewire-0 layer=2 output=0x555f7d2d6d50
Oct 03 18:29:29 baseweed-admin weston[931]: [18:29:29.917] qdwin: layer-shell configure ns=qdshell-background-pipewire-0 layer=2 box=1920,0 640x480 serial=4
Oct 03 18:29:29 baseweed-admin weston[931]: [18:29:29.917] qdwin: layer-shell get_layer_surface ns=qdshell-bar-content-pipewire-0 layer=2 output=0x555f7d2d6d50
Oct 03 18:29:29 baseweed-admin weston[931]: [18:29:29.917] qdwin: layer-shell configure ns=qdshell-bar-content-pipewire-0 layer=2 box=1920,0 640x31 serial=5
Oct 03 18:29:29 baseweed-admin weston[931]: [18:29:29.917] qdwin: layer-shell get_layer_surface ns=qdshell-bar-exclusion-top-pipewire-0 layer=2 output=0x555f7d2d6d50
Oct 03 18:29:29 baseweed-admin weston[931]: [18:29:29.917] qdwin: layer-shell configure ns=qdshell-bar-exclusion-top-pipewire-0 layer=2 box=1920,0 640x31 serial=6
Oct 03 18:29:29 baseweed-admin weston[931]: [18:29:29.917] qdwin: layer-shell get_layer_surface ns=qdshell-background-pipewire-1 layer=2 output=0x555f7d2fc3e0
Oct 03 18:29:29 baseweed-admin weston[931]: [18:29:29.917] qdwin: layer-shell configure ns=qdshell-background-pipewire-1 layer=2 box=2560,0 640x480 serial=7
Oct 03 18:29:29 baseweed-admin weston[931]: [18:29:29.917] qdwin: layer-shell get_layer_surface ns=qdshell-bar-content-pipewire-1 layer=2 output=0x555f7d2fc3e0
Oct 03 18:29:29 baseweed-admin weston[931]: [18:29:29.917] qdwin: layer-shell configure ns=qdshell-bar-content-pipewire-1 layer=2 box=2560,0 640x31 serial=8
Oct 03 18:29:29 baseweed-admin weston[931]: [18:29:29.917] qdwin: layer-shell get_layer_surface ns=qdshell-bar-exclusion-top-pipewire-1 layer=2 output=0x555f7d2fc3e0
Oct 03 18:29:29 baseweed-admin weston[931]: [18:29:29.917] qdwin: layer-shell configure ns=qdshell-bar-exclusion-top-pipewire-1 layer=2 box=2560,0 640x31 serial=9
Oct 03 18:29:29 baseweed-admin weston[931]: [18:29:29.917] qdwin: layer-shell get_layer_surface ns=qdshell-dock-peek-Virtual-1 layer=2 output=0x555f7d2d5870
Oct 03 18:29:29 baseweed-admin weston[931]: [18:29:29.917] qdwin: layer-shell configure ns=qdshell-dock-peek-Virtual-1 layer=2 box=0,1079 1920x1 serial=10
Oct 03 18:29:29 baseweed-admin weston[931]: [18:29:29.917] qdwin: layer-shell get_layer_surface ns=qdshell-dock-peek-pipewire-0 layer=2 output=0x555f7d2d6d50
Oct 03 18:29:29 baseweed-admin weston[931]: [18:29:29.917] qdwin: layer-shell configure ns=qdshell-dock-peek-pipewire-0 layer=2 box=1920,479 640x1 serial=11
Oct 03 18:29:29 baseweed-admin weston[931]: [18:29:29.917] qdwin: layer-shell get_layer_surface ns=qdshell-dock-peek-pipewire-1 layer=2 output=0x555f7d2fc3e0
Oct 03 18:29:29 baseweed-admin weston[931]: [18:29:29.917] qdwin: layer-shell configure ns=qdshell-dock-peek-pipewire-1 layer=2 box=2560,479 640x1 serial=12
Oct 03 18:29:29 baseweed-admin weston[931]: [18:29:29.917] qdwin: layer-shell get_layer_surface ns=qdshell-image-cache-renderer layer=2 output=(nil)
Oct 03 18:29:29 baseweed-admin weston[931]: [18:29:29.917] qdwin: layer-shell configure ns=qdshell-image-cache-renderer layer=2 box=960,540 1x1 serial=13
Oct 03 18:29:45 baseweed-admin weston[931]: [18:29:45.858] qdwin: layer-shell mapped ns=qdshell-background-Virtual-1 layer=2 at 0,0 1920x1080
Oct 03 18:29:45 baseweed-admin weston[931]: [18:29:45.997] qdwin: layer-shell mapped ns=qdshell-bar-content-Virtual-1 layer=2 at 0,0 1920x31
Oct 03 18:29:46 baseweed-admin weston[931]: [18:29:46.519] qdwin: layer-shell mapped ns=qdshell-bar-exclusion-top-Virtual-1 layer=2 at 0,0 1920x31
Oct 03 18:29:47 baseweed-admin weston[931]: [18:29:47.111] qdwin: layer-shell mapped ns=qdshell-background-pipewire-0 layer=2 at 1920,0 640x480
Oct 03 18:29:47 baseweed-admin weston[931]: [18:29:47.469] qdwin: layer-shell mapped ns=qdshell-bar-content-pipewire-0 layer=2 at 1920,0 640x31
Oct 03 18:29:48 baseweed-admin weston[931]: [18:29:48.020] qdwin: layer-shell mapped ns=qdshell-bar-exclusion-top-pipewire-0 layer=2 at 1920,0 640x31
Oct 03 18:29:48 baseweed-admin weston[931]: [18:29:48.670] qdwin: layer-shell mapped ns=qdshell-background-pipewire-1 layer=2 at 2560,0 640x480
Oct 03 18:29:49 baseweed-admin weston[931]: [18:29:49.191] qdwin: layer-shell mapped ns=qdshell-bar-content-pipewire-1 layer=2 at 2560,0 640x31
Oct 03 18:29:49 baseweed-admin weston[931]: [18:29:49.533] qdwin: layer-shell mapped ns=qdshell-bar-exclusion-top-pipewire-1 layer=2 at 2560,0 640x31
Oct 03 18:29:49 baseweed-admin weston[931]: [18:29:49.784] qdwin: layer-shell mapped ns=qdshell-dock-peek-Virtual-1 layer=2 at 0,1079 1920x1
Oct 03 18:29:50 baseweed-admin weston[931]: [18:29:50.078] qdwin: layer-shell mapped ns=qdshell-dock-peek-pipewire-0 layer=2 at 1920,479 640x1
Oct 03 18:29:50 baseweed-admin weston[931]: [18:29:50.384] qdwin: layer-shell mapped ns=qdshell-dock-peek-pipewire-1 layer=2 at 2560,479 640x1
Oct 03 18:29:50 baseweed-admin weston[931]: [18:29:50.662] qdwin: layer-shell mapped ns=qdshell-image-cache-renderer layer=2 at 960,540 1x1
Oct 03 18:29:50 baseweed-admin weston[931]: [18:29:50.999] qdwin: set_key_repeat rate=25 delay=500
Oct 03 18:29:51 baseweed-admin weston[931]: [18:29:51.279] qdwin: layer-shell get_layer_surface ns=qdshell-wallpaper-Virtual-1 layer=0 output=0x555f7d2d5870
Oct 03 18:29:51 baseweed-admin weston[931]: [18:29:51.279] qdwin: layer-shell configure ns=qdshell-wallpaper-Virtual-1 layer=0 box=0,0 1920x1080 serial=14
Oct 03 18:29:51 baseweed-admin weston[931]: [18:29:51.279] qdwin: layer-shell get_layer_surface ns=qdshell-wallpaper-pipewire-0 layer=0 output=0x555f7d2d6d50
Oct 03 18:29:51 baseweed-admin weston[931]: [18:29:51.279] qdwin: layer-shell configure ns=qdshell-wallpaper-pipewire-0 layer=0 box=1920,0 640x480 serial=15
Oct 03 18:29:51 baseweed-admin weston[931]: [18:29:51.279] qdwin: layer-shell get_layer_surface ns=qdshell-wallpaper-pipewire-1 layer=0 output=0x555f7d2fc3e0
Oct 03 18:29:51 baseweed-admin weston[931]: [18:29:51.279] qdwin: layer-shell configure ns=qdshell-wallpaper-pipewire-1 layer=0 box=2560,0 640x480 serial=16
Oct 03 18:29:51 baseweed-admin weston[931]: [18:29:51.279] qdwin: layer-shell get_layer_surface ns=qdshell-osd-Virtual-1 layer=3 output=0x555f7d2d5870
Oct 03 18:29:51 baseweed-admin weston[931]: [18:29:51.279] qdwin: layer-shell configure ns=qdshell-osd-Virtual-1 layer=3 box=1591,40 320x72 serial=17
Oct 03 18:29:51 baseweed-admin weston[931]: [18:29:51.279] qdwin: layer-shell get_layer_surface ns=qdshell-osd-pipewire-0 layer=3 output=0x555f7d2d6d50
Oct 03 18:29:51 baseweed-admin weston[931]: [18:29:51.279] qdwin: layer-shell configure ns=qdshell-osd-pipewire-0 layer=3 box=2231,40 320x72 serial=18
Oct 03 18:29:51 baseweed-admin weston[931]: [18:29:51.279] qdwin: layer-shell get_layer_surface ns=qdshell-osd-pipewire-1 layer=3 output=0x555f7d2fc3e0
Oct 03 18:29:51 baseweed-admin weston[931]: [18:29:51.279] qdwin: layer-shell configure ns=qdshell-osd-pipewire-1 layer=3 box=2871,40 320x72 serial=19
Oct 03 18:29:52 baseweed-admin weston[931]: [18:29:52.190] qdwin: layer-shell mapped ns=qdshell-wallpaper-Virtual-1 layer=0 at 0,0 1920x1080
Oct 03 18:29:52 baseweed-admin weston[931]: [18:29:52.637] qdwin: layer-shell mapped ns=qdshell-wallpaper-pipewire-0 layer=0 at 1920,0 640x480
Oct 03 18:29:52 baseweed-admin weston[931]: [18:29:52.725] qdwin: layer-shell mapped ns=qdshell-wallpaper-pipewire-1 layer=0 at 2560,0 640x480
Oct 03 18:29:53 baseweed-admin weston[931]: [18:29:53.037] qdwin: layer-shell mapped ns=qdshell-osd-Virtual-1 layer=3 at 1591,40 320x72
Oct 03 18:29:53 baseweed-admin weston[931]: [18:29:53.450] qdwin: layer-shell mapped ns=qdshell-osd-pipewire-0 layer=3 at 2231,40 320x72
Oct 03 18:29:53 baseweed-admin weston[931]: [18:29:53.797] qdwin: layer-shell mapped ns=qdshell-osd-pipewire-1 layer=3 at 2871,40 320x72
Oct 03 18:30:42 baseweed-admin weston[931]: [18:30:42.147] qdwin/secctx: helper pid=5055 launcher parent pid=5046 exe unreadable; falling back to verified root-parent + stable-starttime attestation
Oct 03 18:30:42 baseweed-admin weston[931]: [18:30:42.147] qdwin/secctx: helper pid=5055 launcher parent pid=5046 exe unreadable; falling back to verified root-parent + stable-starttime attestation
Oct 03 18:30:42 baseweed-admin weston[931]: [18:30:42.147] qdwin/secctx: helper pid=5055 launcher parent pid=5046 exe unreadable; falling back to verified root-parent + stable-starttime attestation
Oct 03 18:30:42 baseweed-admin weston[931]: [18:30:42.147] qdwin/secctx: helper pid=5055 launcher parent pid=5046 exe unreadable; falling back to verified root-parent + stable-starttime attestation
Oct 03 18:30:42 baseweed-admin weston[931]: [18:30:42.147] qdwin/secctx: manager bound by uid=1000 pid=5055 (helper)
Oct 03 18:30:42 baseweed-admin weston[931]: [18:30:42.147] qdwin/secctx: committed engine=qdistro.tier3s app_id=qdistro.tier3s.s129a instance_id=c9e08fe46dbabba55314de010d496262 listen_fd=72 close_fd=73
Oct 03 18:30:42 baseweed-admin weston[931]: [18:30:42.149] qdwin/secctx: client accepted engine=qdistro.tier3s app_id=qdistro.tier3s.s129a instance_id=c9e08fe46dbabba55314de010d496262 (total tagged: 1)
Oct 03 18:30:53 baseweed-admin weston[931]: [18:30:53.046] qdwin: toplevel_added handle=1 uid=1000 pid=5057 app_id=(null) title=""
Oct 03 18:30:53 baseweed-admin weston[931]: [18:30:53.047] qdwin: toplevel_security_context handle=1 engine=qdistro.tier3s app_id=qdistro.tier3s.s129a instance=c9e08fe46dbabba55314de010d496262
Oct 03 18:30:53 baseweed-admin weston[931]: [18:30:53.047] qdwin: toplevel_peer_identity handle=1 pid=5057 starttime=6596 uid=1000 exe=/usr/bin/waypipe label=system_u:system_r:unconfined_service_t:s0
Oct 03 18:30:53 baseweed-admin weston[931]: [18:30:53.047] qdwin: holding_released handle=1 via default_toplevel_policy (held → normal)
Oct 03 18:30:53 baseweed-admin weston[931]: [18:30:53.059] Detected an unmapped surface or view in the layer list, which should not occur.
Oct 03 18:30:53 baseweed-admin weston[931]:                Warning: the above message will not be printed again.
Oct 03 18:30:53 baseweed-admin weston[931]: [18:30:53.081] qdwin: toplevel_title handle=1 title="[3s:s129a] Wayland Terminal"
Oct 03 18:30:53 baseweed-admin weston[931]: [18:30:53.081] qdwin: toplevel_app_id handle=1 app_id="org.freedesktop.weston.wayland-terminal"
Oct 03 18:30:53 baseweed-admin weston[931]: [18:30:53.081] qdwin: mapped handle=1 size=806x491 pos=557,310 (normal)
Oct 03 18:30:53 baseweed-admin weston[931]: [18:30:53.081] qdwin: focus handle=1 (was 4294967295) seat=default
Oct 03 18:30:53 baseweed-admin weston[931]: [18:30:53.081] qdwin: seat_focus_changed seat=default handle=1
Oct 03 18:30:55 baseweed-admin weston[931]: [18:30:55.047] qdwin/secctx: helper pid=5778 launcher parent pid=5770 exe unreadable; falling back to verified root-parent + stable-starttime attestation
Oct 03 18:30:55 baseweed-admin weston[931]: [18:30:55.047] qdwin/secctx: helper pid=5778 launcher parent pid=5770 exe unreadable; falling back to verified root-parent + stable-starttime attestation
Oct 03 18:30:55 baseweed-admin weston[931]: [18:30:55.049] qdwin/secctx: helper pid=5778 launcher parent pid=5770 exe unreadable; falling back to verified root-parent + stable-starttime attestation
Oct 03 18:30:55 baseweed-admin weston[931]: [18:30:55.049] qdwin/secctx: helper pid=5778 launcher parent pid=5770 exe unreadable; falling back to verified root-parent + stable-starttime attestation
Oct 03 18:30:55 baseweed-admin weston[931]: [18:30:55.049] qdwin/secctx: manager bound by uid=1000 pid=5778 (helper)
Oct 03 18:30:55 baseweed-admin weston[931]: [18:30:55.049] qdwin/secctx: committed engine=qdistro.tier3s app_id=qdistro.tier3s.s129b instance_id=8d2809bf33803b5280be8fe0406b1f86 listen_fd=80 close_fd=81
Oct 03 18:30:55 baseweed-admin weston[931]: [18:30:55.051] qdwin/secctx: client accepted engine=qdistro.tier3s app_id=qdistro.tier3s.s129b instance_id=8d2809bf33803b5280be8fe0406b1f86 (total tagged: 2)
Oct 03 18:30:55 baseweed-admin weston[931]: [18:30:55.542] qdwin: toplevel_added handle=2 uid=1000 pid=5781 app_id=(null) title=""
Oct 03 18:30:55 baseweed-admin weston[931]: [18:30:55.542] qdwin: toplevel_security_context handle=2 engine=qdistro.tier3s app_id=qdistro.tier3s.s129b instance=8d2809bf33803b5280be8fe0406b1f86
Oct 03 18:30:55 baseweed-admin weston[931]: [18:30:55.542] qdwin: toplevel_peer_identity handle=2 pid=5781 starttime=7887 uid=1000 exe=/usr/bin/waypipe label=system_u:system_r:unconfined_service_t:s0
Oct 03 18:30:55 baseweed-admin weston[931]: [18:30:55.542] qdwin: holding_released handle=2 via default_toplevel_policy (held → normal)
Oct 03 18:30:55 baseweed-admin weston[931]: [18:30:55.558] qdwin: toplevel_title handle=2 title="[3s:s129b] Wayland Terminal"
Oct 03 18:30:55 baseweed-admin weston[931]: [18:30:55.558] qdwin: toplevel_app_id handle=2 app_id="org.freedesktop.weston.wayland-terminal"
Oct 03 18:30:55 baseweed-admin weston[931]: [18:30:55.558] qdwin: mapped handle=2 size=806x491 pos=0,31 (normal)
Oct 03 18:30:55 baseweed-admin weston[931]: [18:30:55.558] qdwin: focus handle=2 (was 1) seat=default
Oct 03 18:30:55 baseweed-admin weston[931]: [18:30:55.558] qdwin: seat_focus_changed seat=default handle=2
Oct 03 18:30:57 baseweed-admin weston[931]: [18:30:57.257] libwayland: error in client communication (pid 5057)
Oct 03 18:30:57 baseweed-admin weston[931]: [18:30:57.257] qdwin: toplevel_removed handle=1
Oct 03 18:31:03 baseweed-admin weston[931]: [18:31:03.137] qdwin: toplevel_removed handle=2
Oct 03 18:31:03 baseweed-admin weston[931]: [18:31:03.138] qdwin: focus handle=4294967295 (was 2) seat=default
Oct 03 18:31:03 baseweed-admin weston[931]: [18:31:03.138] qdwin: seat_focus_changed seat=default handle=4294967295
