Oct 03 18:29:26 baseweed-admin systemd[848]: Starting qdshell desktop (Quickshell QML on top of qdwin)...
Oct 03 18:29:27 baseweed-admin systemd[848]: Started qdshell desktop (Quickshell QML on top of qdwin).
Oct 03 18:29:27 baseweed-admin dbus-run-session[1027]: No running instances for "/usr/share/quickshell/qdshell/shell.qml"
Oct 03 18:29:27 baseweed-admin dbus-run-session[1027]:   INFO: Launching config: "/usr/share/quickshell/qdshell/shell.qml"
Oct 03 18:29:27 baseweed-admin dbus-run-session[1027]:   INFO: Shell ID: "0d0d1ceeb7f0392fec595c8531945b05" Path ID "0d0d1ceeb7f0392fec595c8531945b05"
Oct 03 18:29:27 baseweed-admin dbus-run-session[1027]:   INFO: Saving logs to "/run/user/1000/quickshell/by-id/js3pgcmt/log.qslog"
Oct 03 18:29:28 baseweed-admin dbus-run-session[1027]: MESA-EGL: warning: failed to get driver name for fd -1
Oct 03 18:29:28 baseweed-admin dbus-run-session[1027]: MESA-EGL: warning: MESA-LOADER: failed to retrieve device information
Oct 03 18:29:28 baseweed-admin dbus-run-session[1027]: MESA-EGL: warning: failed to get driver name for fd -1
Oct 03 18:29:28 baseweed-admin dbus-run-session[1027]: MESA: error: ZINK: failed to choose pdev
Oct 03 18:29:28 baseweed-admin dbus-run-session[1027]: MESA-EGL: warning: egl: failed to create dri2 screen
Oct 03 18:29:29 baseweed-admin dbus-run-session[1027]:   INFO qml: [20261003-182929]           I18n Service started
Oct 03 18:29:29 baseweed-admin dbus-run-session[1027]:   INFO qml: [20261003-182929]           I18n Loading "en" (locale: "en-Latn-US")
Oct 03 18:29:29 baseweed-admin dbus-run-session[1027]:   INFO qml: [20261003-182929]          Shell ---------------------------
Oct 03 18:29:29 baseweed-admin dbus-run-session[1027]:   INFO qml: [20261003-182929]          Shell Qdshell Hello!
Oct 03 18:29:29 baseweed-admin dbus-run-session[1027]:   WARN scene: @Commons/I18n.qml[104:5]: Unable to assign QJSValue to QObject*
Oct 03 18:29:29 baseweed-admin dbus-run-session[1027]:   INFO: Configuration Loaded
Oct 03 18:29:29 baseweed-admin dbus-run-session[1027]:   WARN scene: @Commons/I18n.qml[104:5]: Unable to assign QJSValue to QObject*
Oct 03 18:29:29 baseweed-admin dbus-run-session[1027]:   INFO qml: [20261003-182929]       Settings Settings loaded
Oct 03 18:29:29 baseweed-admin dbus-run-session[1027]:   INFO qml: [20261003-182929]           I18n Loaded translations for "en"
Oct 03 18:29:29 baseweed-admin dbus-run-session[1027]:   INFO qml: [20261003-182929] PluginRegistry Loaded plugin states from: /home/admin/.config/qdshell/plugins.json
Oct 03 18:29:29 baseweed-admin dbus-run-session[1027]:   INFO qml: [20261003-182929] PluginRegistry Scanning plugin folder: /home/admin/.config/qdshell/plugins
Oct 03 18:29:29 baseweed-admin dbus-run-session[1027]:   INFO qml: [20261003-182929]          Icons Service started
Oct 03 18:29:29 baseweed-admin dbus-run-session[1027]:   INFO: ctrl-server: listening on /run/user/1000/qdshell.sock
Oct 03 18:29:29 baseweed-admin dbus-run-session[1027]:   WARN scene: QML Connections at @Services/Hardware/BrightnessService.qml[66:3]: Detected function "onEnableDdcSupportChanged" in Connections element. This is probably intended to be a signal handler but no signal of the target matches the name.
Oct 03 18:29:29 baseweed-admin dbus-run-session[1027]:   INFO qml: [20261003-182929]     Brightness Service started
Oct 03 18:29:29 baseweed-admin dbus-run-session[1027]:   INFO qml: [20261003-182929] DesktopWidgetR Service started
Oct 03 18:29:29 baseweed-admin dbus-run-session[1027]:   WARN scene: QML Connections at @Services/UI/BarService.qml[147:3]: Detected function "onDisplayModeChanged" in Connections element. This is probably intended to be a signal handler but no signal of the target matches the name.
Oct 03 18:29:29 baseweed-admin dbus-run-session[1027]:   WARN scene: QML Connections at @Services/UI/BarService.qml[147:3]: Detected function "onScreenOverridesChanged" in Connections element. This is probably intended to be a signal handler but no signal of the target matches the name.
Oct 03 18:29:29 baseweed-admin dbus-run-session[1027]:   INFO qml: [20261003-182929]     BarService Service started
Oct 03 18:29:29 baseweed-admin dbus-run-session[1027]:   WARN scene: QML Connections at @Services/Networking/NetworkService.qml[73:3]: Detected function "onWifiEnabledChanged" in Connections element. This is probably intended to be a signal handler but no signal of the target matches the name.
Oct 03 18:29:29 baseweed-admin dbus-run-session[1027]:   INFO qml: [20261003-182929]        Network Service started
Oct 03 18:29:29 baseweed-admin dbus-run-session[1027]:   WARN scene: QML Connections at @Modules/Panels/Dock/StaticDockPanel.qml[350:3]: Detected function "onPinnedAppsChanged" in Connections element. This is probably intended to be a signal handler but no signal of the target matches the name.
Oct 03 18:29:29 baseweed-admin dbus-run-session[1027]:   WARN scene: QML Connections at @Modules/Panels/Dock/StaticDockPanel.qml[350:3]: Detected function "onOnlySameOutputChanged" in Connections element. This is probably intended to be a signal handler but no signal of the target matches the name.
Oct 03 18:29:29 baseweed-admin dbus-run-session[1027]:   WARN scene: QML Connections at @Services/System/SystemStatService.qml[320:3]: Detected function "onEnableDgpuMonitoringChanged" in Connections element. This is probably intended to be a signal handler but no signal of the target matches the name.
Oct 03 18:29:29 baseweed-admin dbus-run-session[1027]:   INFO qml: [20261003-182929]     SystemStat Service started (polling deferred until a consumer registers).
Oct 03 18:29:29 baseweed-admin dbus-run-session[1027]:   WARN scene: QML Connections at @Modules/Panels/Dock/StaticDockPanel.qml[350:3]: Detected function "onPinnedAppsChanged" in Connections element. This is probably intended to be a signal handler but no signal of the target matches the name.
Oct 03 18:29:29 baseweed-admin dbus-run-session[1027]:   WARN scene: QML Connections at @Modules/Panels/Dock/StaticDockPanel.qml[350:3]: Detected function "onOnlySameOutputChanged" in Connections element. This is probably intended to be a signal handler but no signal of the target matches the name.
Oct 03 18:29:29 baseweed-admin dbus-run-session[1027]:   WARN scene: QML Connections at @Modules/Panels/Dock/StaticDockPanel.qml[350:3]: Detected function "onPinnedAppsChanged" in Connections element. This is probably intended to be a signal handler but no signal of the target matches the name.
Oct 03 18:29:29 baseweed-admin dbus-run-session[1027]:   WARN scene: QML Connections at @Modules/Panels/Dock/StaticDockPanel.qml[350:3]: Detected function "onOnlySameOutputChanged" in Connections element. This is probably intended to be a signal handler but no signal of the target matches the name.
Oct 03 18:29:29 baseweed-admin dbus-run-session[1027]:   WARN scene: QML Connections at @Services/UI/WallpaperService.qml[140:3]: Detected function "onWallpaperDownloaded" in Connections element. This is probably intended to be a signal handler but no signal of the target matches the name.
Oct 03 18:29:29 baseweed-admin dbus-run-session[1027]:   WARN scene: QML Connections at @Services/UI/WallpaperService.qml[61:3]: Detected function "onDirectoryChanged" in Connections element. This is probably intended to be a signal handler but no signal of the target matches the name.
Oct 03 18:29:29 baseweed-admin dbus-run-session[1027]:   WARN scene: QML Connections at @Services/UI/WallpaperService.qml[61:3]: Detected function "onEnableMultiMonitorDirectoriesChanged" in Connections element. This is probably intended to be a signal handler but no signal of the target matches the name.
Oct 03 18:29:29 baseweed-admin dbus-run-session[1027]:   WARN scene: QML Connections at @Services/UI/WallpaperService.qml[61:3]: Detected function "onAutomationEnabledChanged" in Connections element. This is probably intended to be a signal handler but no signal of the target matches the name.
Oct 03 18:29:29 baseweed-admin dbus-run-session[1027]:   WARN scene: QML Connections at @Services/UI/WallpaperService.qml[61:3]: Detected function "onRandomIntervalSecChanged" in Connections element. This is probably intended to be a signal handler but no signal of the target matches the name.
Oct 03 18:29:29 baseweed-admin dbus-run-session[1027]:   WARN scene: QML Connections at @Services/UI/WallpaperService.qml[61:3]: Detected function "onWallpaperChangeModeChanged" in Connections element. This is probably intended to be a signal handler but no signal of the target matches the name.
Oct 03 18:29:29 baseweed-admin dbus-run-session[1027]:   WARN scene: QML Connections at @Services/UI/WallpaperService.qml[61:3]: Detected function "onViewModeChanged" in Connections element. This is probably intended to be a signal handler but no signal of the target matches the name.
Oct 03 18:29:29 baseweed-admin dbus-run-session[1027]:   WARN scene: QML Connections at @Services/UI/WallpaperService.qml[61:3]: Detected function "onShowHiddenFilesChanged" in Connections element. This is probably intended to be a signal handler but no signal of the target matches the name.
Oct 03 18:29:29 baseweed-admin dbus-run-session[1027]:   WARN scene: QML Connections at @Services/UI/WallpaperService.qml[61:3]: Detected function "onUseSolidColorChanged" in Connections element. This is probably intended to be a signal handler but no signal of the target matches the name.
Oct 03 18:29:29 baseweed-admin dbus-run-session[1027]:   WARN scene: QML Connections at @Services/UI/WallpaperService.qml[61:3]: Detected function "onSolidColorChanged" in Connections element. This is probably intended to be a signal handler but no signal of the target matches the name.
Oct 03 18:29:29 baseweed-admin dbus-run-session[1027]:   WARN scene: QML Connections at @Services/UI/WallpaperService.qml[61:3]: Detected function "onSortOrderChanged" in Connections element. This is probably intended to be a signal handler but no signal of the target matches the name.
Oct 03 18:29:29 baseweed-admin dbus-run-session[1027]:   WARN scene: QML Connections at @Modules/Background/Background.qml[80:7]: Detected function "onFillModeChanged" in Connections element. This is probably intended to be a signal handler but no signal of the target matches the name.
Oct 03 18:29:29 baseweed-admin dbus-run-session[1027]:   WARN scene: QML Connections at @Modules/Background/Background.qml[80:7]: Detected function "onFillModeChanged" in Connections element. This is probably intended to be a signal handler but no signal of the target matches the name.
Oct 03 18:29:29 baseweed-admin dbus-run-session[1027]:   WARN scene: QML Connections at @Modules/Background/Background.qml[80:7]: Detected function "onFillModeChanged" in Connections element. This is probably intended to be a signal handler but no signal of the target matches the name.
Oct 03 18:29:29 baseweed-admin dbus-run-session[1027]:   WARN scene: QML Connections at @Modules/Dock/Dock.qml[45:7]: Detected function "onPinnedAppsChanged" in Connections element. This is probably intended to be a signal handler but no signal of the target matches the name.
Oct 03 18:29:29 baseweed-admin dbus-run-session[1027]:   WARN scene: QML Connections at @Modules/Dock/Dock.qml[45:7]: Detected function "onOnlySameOutputChanged" in Connections element. This is probably intended to be a signal handler but no signal of the target matches the name.
Oct 03 18:29:29 baseweed-admin dbus-run-session[1027]:   WARN scene: QML Connections at @Modules/Dock/Dock.qml[45:7]: Detected function "onPinnedAppsChanged" in Connections element. This is probably intended to be a signal handler but no signal of the target matches the name.
Oct 03 18:29:29 baseweed-admin dbus-run-session[1027]:   WARN scene: QML Connections at @Modules/Dock/Dock.qml[45:7]: Detected function "onOnlySameOutputChanged" in Connections element. This is probably intended to be a signal handler but no signal of the target matches the name.
Oct 03 18:29:29 baseweed-admin dbus-run-session[1027]:   WARN scene: QML Connections at @Modules/Dock/Dock.qml[45:7]: Detected function "onPinnedAppsChanged" in Connections element. This is probably intended to be a signal handler but no signal of the target matches the name.
Oct 03 18:29:29 baseweed-admin dbus-run-session[1027]:   WARN scene: QML Connections at @Modules/Dock/Dock.qml[45:7]: Detected function "onOnlySameOutputChanged" in Connections element. This is probably intended to be a signal handler but no signal of the target matches the name.
Oct 03 18:29:29 baseweed-admin dbus-run-session[1027]:   INFO qml: [20261003-182929]          Shell ---------------------------
Oct 03 18:29:29 baseweed-admin dbus-run-session[1027]:   INFO qml: [20261003-182929]      Wallpaper Service started
Oct 03 18:29:29 baseweed-admin dbus-run-session[1027]:   INFO qml: [20261003-182929]     ImageCache Service started
Oct 03 18:29:29 baseweed-admin dbus-run-session[1027]:   WARN scene: QML Connections at @Services/Theming/AppThemeService.qml[30:3]: Detected function "onDarkModeChanged" in Connections element. This is probably intended to be a signal handler but no signal of the target matches the name.
Oct 03 18:29:29 baseweed-admin dbus-run-session[1027]:   WARN scene: QML Connections at @Services/Theming/AppThemeService.qml[30:3]: Detected function "onMonitorForColorsChanged" in Connections element. This is probably intended to be a signal handler but no signal of the target matches the name.
Oct 03 18:29:29 baseweed-admin dbus-run-session[1027]:   WARN scene: QML Connections at @Services/Theming/AppThemeService.qml[30:3]: Detected function "onGenerationMethodChanged" in Connections element. This is probably intended to be a signal handler but no signal of the target matches the name.
Oct 03 18:29:29 baseweed-admin dbus-run-session[1027]:   INFO qml: [20261003-182929] AppThemeServic Service started
Oct 03 18:29:29 baseweed-admin dbus-run-session[1027]:   WARN scene: QML Connections at @Services/Theming/ColorSchemeService.qml[20:3]: Detected function "onDarkModeChanged" in Connections element. This is probably intended to be a signal handler but no signal of the target matches the name.
Oct 03 18:29:29 baseweed-admin dbus-run-session[1027]:   INFO qml: [20261003-182929]    ColorScheme Service started
Oct 03 18:29:29 baseweed-admin dbus-run-session[1027]:   INFO qml: [20261003-182929] AppPresentatio Service started
Oct 03 18:29:29 baseweed-admin dbus-run-session[1027]:   WARN scene: QML Connections at @Services/Location/DarkModeService.qml[43:3]: Detected function "onSchedulingModeChanged" in Connections element. This is probably intended to be a signal handler but no signal of the target matches the name.
Oct 03 18:29:29 baseweed-admin dbus-run-session[1027]:   WARN scene: QML Connections at @Services/Location/DarkModeService.qml[28:3]: Detected function "onManualSunriseChanged" in Connections element. This is probably intended to be a signal handler but no signal of the target matches the name.
Oct 03 18:29:29 baseweed-admin dbus-run-session[1027]:   WARN scene: QML Connections at @Services/Location/DarkModeService.qml[28:3]: Detected function "onManualSunsetChanged" in Connections element. This is probably intended to be a signal handler but no signal of the target matches the name.
Oct 03 18:29:29 baseweed-admin dbus-run-session[1027]:   INFO qml: [20261003-182929] DarkModeServic Service started
Oct 03 18:29:29 baseweed-admin dbus-run-session[1027]:   WARN scene: @Services/Location/DarkModeService.qml[29:5]: Unable to assign QJSValue to QObject*
Oct 03 18:29:29 baseweed-admin dbus-run-session[1027]:   WARN scene: @Services/Location/DarkModeService.qml[44:5]: Unable to assign QJSValue to QObject*
Oct 03 18:29:29 baseweed-admin dbus-run-session[1027]:   WARN scene: @Services/Theming/ColorSchemeService.qml[21:5]: Unable to assign QJSValue to QObject*
Oct 03 18:29:29 baseweed-admin dbus-run-session[1027]:   WARN scene: @Services/Theming/AppThemeService.qml[31:5]: Unable to assign QJSValue to QObject*
Oct 03 18:29:29 baseweed-admin dbus-run-session[1027]:   WARN scene: @Modules/Dock/Dock.qml[46:9]: Unable to assign QJSValue to QObject*
Oct 03 18:29:29 baseweed-admin dbus-run-session[1027]:   WARN scene: @Modules/Dock/Dock.qml[46:9]: Unable to assign QJSValue to QObject*
Oct 03 18:29:29 baseweed-admin dbus-run-session[1027]:   WARN scene: @Modules/Dock/Dock.qml[46:9]: Unable to assign QJSValue to QObject*
Oct 03 18:29:29 baseweed-admin dbus-run-session[1027]:   WARN scene: @Modules/Background/Background.qml[81:9]: Unable to assign QJSValue to QObject*
Oct 03 18:29:29 baseweed-admin dbus-run-session[1027]:   WARN scene: @Modules/Background/Background.qml[81:9]: Unable to assign QJSValue to QObject*
Oct 03 18:29:29 baseweed-admin dbus-run-session[1027]:   WARN scene: @Modules/Background/Background.qml[81:9]: Unable to assign QJSValue to QObject*
Oct 03 18:29:29 baseweed-admin dbus-run-session[1027]:   WARN scene: @Services/UI/WallpaperService.qml[62:5]: Unable to assign QJSValue to QObject*
Oct 03 18:29:29 baseweed-admin dbus-run-session[1027]:   WARN scene: @Modules/Panels/SessionMenu/SessionMenu.qml[152:5]: Unable to assign QJSValue to QObject*
Oct 03 18:29:29 baseweed-admin dbus-run-session[1027]:   WARN scene: @Modules/Panels/Dock/StaticDockPanel.qml[351:5]: Unable to assign QJSValue to QObject*
Oct 03 18:29:29 baseweed-admin dbus-run-session[1027]:   WARN scene: @Modules/Panels/SessionMenu/SessionMenu.qml[152:5]: Unable to assign QJSValue to QObject*
Oct 03 18:29:29 baseweed-admin dbus-run-session[1027]:   WARN scene: @Modules/Panels/Dock/StaticDockPanel.qml[351:5]: Unable to assign QJSValue to QObject*
Oct 03 18:29:29 baseweed-admin dbus-run-session[1027]:   WARN scene: @Services/System/SystemStatService.qml[321:5]: Unable to assign QJSValue to QObject*
Oct 03 18:29:29 baseweed-admin dbus-run-session[1027]:   WARN scene: @Modules/Panels/SessionMenu/SessionMenu.qml[152:5]: Unable to assign QJSValue to QObject*
Oct 03 18:29:29 baseweed-admin dbus-run-session[1027]:   WARN scene: @Services/Networking/NetworkService.qml[74:5]: Unable to assign QJSValue to QObject*
Oct 03 18:29:29 baseweed-admin dbus-run-session[1027]:   WARN scene: @Modules/Panels/Dock/StaticDockPanel.qml[351:5]: Unable to assign QJSValue to QObject*
Oct 03 18:29:29 baseweed-admin dbus-run-session[1027]:   WARN scene: @Services/UI/BarService.qml[148:5]: Unable to assign QJSValue to QObject*
Oct 03 18:29:29 baseweed-admin dbus-run-session[1027]:   WARN scene: @Services/Hardware/BrightnessService.qml[67:5]: Unable to assign QJSValue to QObject*
Oct 03 18:29:29 baseweed-admin dbus-run-session[1027]:   INFO qml: [20261003-182929]      Wallpaper Starting scan for Virtual-1 in /home/admin/Pictures/Wallpapers recursive: false
Oct 03 18:29:29 baseweed-admin dbus-run-session[1027]:   INFO qml: [20261003-182929]      Wallpaper Starting scan for pipewire-0 in /home/admin/Pictures/Wallpapers recursive: false
Oct 03 18:29:29 baseweed-admin dbus-run-session[1027]:   INFO qml: [20261003-182929]      Wallpaper Starting scan for pipewire-1 in /home/admin/Pictures/Wallpapers recursive: false
Oct 03 18:29:29 baseweed-admin dbus-run-session[1027]:   INFO qml: [20261003-182929]       Location Service started
Oct 03 18:29:29 baseweed-admin dbus-run-session[1027]:   WARN scene: QML Connections at @Services/Location/NightLightService.qml[96:3]: Detected function "onEnabledChanged" in Connections element. This is probably intended to be a signal handler but no signal of the target matches the name.
Oct 03 18:29:29 baseweed-admin dbus-run-session[1027]:   WARN scene: QML Connections at @Services/Location/NightLightService.qml[96:3]: Detected function "onForcedChanged" in Connections element. This is probably intended to be a signal handler but no signal of the target matches the name.
Oct 03 18:29:29 baseweed-admin dbus-run-session[1027]:   WARN scene: QML Connections at @Services/Location/NightLightService.qml[96:3]: Detected function "onNightTempChanged" in Connections element. This is probably intended to be a signal handler but no signal of the target matches the name.
Oct 03 18:29:29 baseweed-admin dbus-run-session[1027]:   WARN scene: QML Connections at @Services/Location/NightLightService.qml[96:3]: Detected function "onDayTempChanged" in Connections element. This is probably intended to be a signal handler but no signal of the target matches the name.
Oct 03 18:29:29 baseweed-admin dbus-run-session[1027]:   WARN scene: QML Connections at @Services/Control/HooksService.qml[16:3]: Detected function "onDarkModeChanged" in Connections element. This is probably intended to be a signal handler but no signal of the target matches the name.
Oct 03 18:29:29 baseweed-admin dbus-run-session[1027]:   INFO qml: [20261003-182929]   HooksService Service started
Oct 03 18:29:29 baseweed-admin dbus-run-session[1027]:   WARN quickshell.dbus.objectmanager: Failed to create DBusObjectManagerInterface for "org.bluez" "/" : QDBusError("org.freedesktop.DBus.Error.ServiceUnknown", "The name is not activatable")
Oct 03 18:29:29 baseweed-admin dbus-run-session[1027]:   INFO qml: [20261003-182929]      Bluetooth Service started
Oct 03 18:29:29 baseweed-admin dbus-run-session[1027]:   INFO qml: [20261003-182929]  IdleInhibitor Service started
Oct 03 18:29:29 baseweed-admin dbus-run-session[1027]:   INFO qml: [20261003-182929] CapabilityServ qdwin live-apply capabilities: pointer=false xkb=false wm=false output=false workspace=false idleDpms=false keybind=false
Oct 03 18:29:29 baseweed-admin dbus-run-session[1027]:   INFO qml: [20261003-182929]   PowerService Service started
Oct 03 18:29:29 baseweed-admin dbus-run-session[1027]:   INFO qml: [20261003-182929] AccessibilityS Service started
Oct 03 18:29:29 baseweed-admin dbus-run-session[1027]:   INFO qml: [20261003-182929]  KeyboardInput Service started
Oct 03 18:29:29 baseweed-admin dbus-run-session[1027]:   INFO qml: [20261003-182929] PointerInputSe Service started (qdwin live-apply: persist-only until shell binds >= v28)
Oct 03 18:29:29 baseweed-admin dbus-run-session[1027]:   INFO qml: [20261003-182929] WindowManagerS Service started (qdwin v25 live-apply: false, shortcuts: false)
Oct 03 18:29:29 baseweed-admin dbus-run-session[1027]:   INFO qml: [20261003-182929] SessionService started; saved=0 canApplyPlacement=false
Oct 03 18:29:29 baseweed-admin dbus-run-session[1027]:   INFO qml: [20261003-182929]    HostService Service started
Oct 03 18:29:29 baseweed-admin dbus-run-session[1027]:   INFO qml: [20261003-182929] CustomButtonIP Service started
Oct 03 18:29:29 baseweed-admin dbus-run-session[1027]:   INFO qml: [20261003-182929]     IPCService Service started
Oct 03 18:29:29 baseweed-admin dbus-run-session[1027]:   INFO qml: [20261003-182929]        PodApps service started
Oct 03 18:29:29 baseweed-admin dbus-run-session[1027]:   INFO qml: [20261003-182929]         VMApps service started
Oct 03 18:29:29 baseweed-admin dbus-run-session[1027]:   INFO qml: [20261003-182929]      Tier3Apps service started
Oct 03 18:29:29 baseweed-admin dbus-run-session[1027]:   INFO qml: [20261003-182929]     Tier3sApps service started
Oct 03 18:29:29 baseweed-admin dbus-run-session[1027]:   INFO qml: [20261003-182929]      Tier4Apps service started
Oct 03 18:29:29 baseweed-admin dbus-run-session[1027]:   INFO qml: [20261003-182929] RemoteMachineW service started
Oct 03 18:29:29 baseweed-admin dbus-run-session[1027]:   INFO qml: [20261003-182929]  Tier3FocusIPC service started
Oct 03 18:29:29 baseweed-admin dbus-run-session[1027]:   WARN quickshell.dbus: Could not launch service org.freedesktop.UPower.PowerProfiles: QDBusError(org.freedesktop.DBus.Error.ServiceUnknown, The name is not activatable)
Oct 03 18:29:29 baseweed-admin dbus-run-session[1027]:   WARN quickshell.service.powerprofiles: Could not start PowerProfilesDaemon. The PowerProfiles service will not work.
Oct 03 18:29:29 baseweed-admin dbus-run-session[1027]:   INFO qml: [20261003-182929]          Qdwin qdwin_shell_v1 bound v34
Oct 03 18:29:29 baseweed-admin dbus-run-session[1027]:   INFO qml: [20261003-182929]  ClipboardGate wired to qdwin_shell_v1; broker default=deny
Oct 03 18:29:29 baseweed-admin dbus-run-session[1027]:   INFO qml: [20261003-182929] WindowManagerS applied WM policy focus=click placement=smart snap=true/16
Oct 03 18:29:29 baseweed-admin dbus-run-session[1027]:   INFO qml: [20261003-182929] CapabilityServ wmPolicy -> true
Oct 03 18:29:29 baseweed-admin dbus-run-session[1027]:   INFO qml: [20261003-182929] WindowManagerS registered WM shortcuts (5 active)
Oct 03 18:29:29 baseweed-admin dbus-run-session[1027]:   INFO qml: [20261003-182929] CapabilityServ keybindRegistration -> true
Oct 03 18:29:29 baseweed-admin dbus-run-session[1027]:   INFO qml: [20261003-182929] PointerInputSe applied pointer config accelSpeed=0 profile=0 natural=0 tap=1 scroll=1
Oct 03 18:29:29 baseweed-admin dbus-run-session[1027]:   INFO qml: [20261003-182929] CapabilityServ pointerConfig -> true
Oct 03 18:29:29 baseweed-admin dbus-run-session[1027]:   INFO qml: [20261003-182929]  KeyboardInput applied qdwin key-repeat rate=25 delay=500
Oct 03 18:29:29 baseweed-admin dbus-run-session[1027]:   INFO qml: [20261003-182929] CapabilityServ xkbRepeat -> true
Oct 03 18:29:29 baseweed-admin dbus-run-session[1027]:   INFO qml: [20261003-182929]   PowerService idle policy armed: inactivity=0ms (nothing), displayOff=0ms, presentation=false
Oct 03 18:29:29 baseweed-admin dbus-run-session[1027]:   INFO qml: [20261003-182929] CapabilityServ idleDpms -> true
Oct 03 18:29:29 baseweed-admin dbus-run-session[1027]:   INFO qml: [20261003-182929] CapabilityServ outputManagement -> true
Oct 03 18:29:30 baseweed-admin dbus-run-session[1027]:   WARN qml: [20261003-182930]       Location Weather is still fetching
Oct 03 18:29:30 baseweed-admin dbus-run-session[1027]:   WARN quickshell.dbus: Could not launch service org.freedesktop.UPower: QDBusError(org.freedesktop.DBus.Error.ServiceUnknown, The name is not activatable)
Oct 03 18:29:30 baseweed-admin dbus-run-session[1027]:   WARN quickshell.service.upower: Could not start UPower. The UPower service will not work.
Oct 03 18:29:30 baseweed-admin dbus-run-session[1027]:   INFO qml: [20261003-182930]    HostService Detected openSUSE Tumbleweed
Oct 03 18:29:30 baseweed-admin dbus-run-session[1027]:   INFO qml: [20261003-182930]    HostService Looking for logo icon: distributor-logo-Tumbleweed
Oct 03 18:29:30 baseweed-admin dbus-run-session[1027]:   INFO qml: [20261003-182930]    HostService resolved hostname baseweed-admin
Oct 03 18:29:30 baseweed-admin dbus-run-session[1027]:   WARN: Process failed to start, likely because the binary could not be found. Command: QList("bluetoothctl", "show")
Oct 03 18:29:30 baseweed-admin dbus-run-session[1027]:   WARN: Process failed to start, likely because the binary could not be found. Command: QList("udisksctl", "monitor")
Oct 03 18:29:30 baseweed-admin dbus-run-session[1027]:  ERROR qml: [20261003-182930]       Location Geocoding error: 0
Oct 03 18:29:30 baseweed-admin dbus-run-session[1027]:   WARN scene: QML Connections at qs:/usr/share/quickshell/qdshell/Modules/Bar/Widgets/Taskbar.qml[981:3]: Detected function "onPinnedAppsChanged" in Connections element. This is probably intended to be a signal handler but no signal of the target matches the name.
Oct 03 18:29:30 baseweed-admin dbus-run-session[1027]:   WARN scene: QML Connections at qs:/usr/share/quickshell/qdshell/Modules/Bar/Widgets/Taskbar.qml[981:3]: Detected function "onPinnedAppsChanged" in Connections element. This is probably intended to be a signal handler but no signal of the target matches the name.
Oct 03 18:29:30 baseweed-admin dbus-run-session[1027]:   WARN scene: QML Connections at qs:/usr/share/quickshell/qdshell/Modules/Bar/Widgets/Taskbar.qml[981:3]: Detected function "onPinnedAppsChanged" in Connections element. This is probably intended to be a signal handler but no signal of the target matches the name.
Oct 03 18:29:30 baseweed-admin dbus-run-session[1027]:   WARN: Could not load icon "user-desktop?fallback=application-x-executable" at size QSize(19, 19) from request
Oct 03 18:29:30 baseweed-admin dbus-run-session[1027]:   WARN: Could not load icon "user-desktop?fallback=application-x-executable" at size QSize(2, 2) from request
Oct 03 18:29:30 baseweed-admin dbus-run-session[1027]:   WARN: Could not load icon "user-desktop?fallback=application-x-executable" at size QSize(2, 2) from request
Oct 03 18:29:30 baseweed-admin dbus-run-session[1027]:   INFO qml: [20261003-182930] PluginRegistry All plugin manifests loaded. Total plugins: 0
Oct 03 18:29:30 baseweed-admin dbus-run-session[1027]:   INFO qml: [20261003-182930]  PluginService Initializing plugin system
Oct 03 18:29:30 baseweed-admin dbus-run-session[1027]:   INFO qml: [20261003-182930]  PluginService Found 0 enabled plugins: []
Oct 03 18:29:30 baseweed-admin dbus-run-session[1027]:   INFO qml: [20261003-182930]  PluginService No plugins to load
Oct 03 18:29:30 baseweed-admin dbus-run-session[1027]:   INFO qml: [20261003-182930]  PluginService Refreshing available plugins
Oct 03 18:29:30 baseweed-admin dbus-run-session[1027]:   WARN qml: [20261003-182930]     ImageCache ImageMagick not found, using Qt fallback
Oct 03 18:29:30 baseweed-admin dbus-run-session[1027]:   WARN qml: [20261003-182930]      Wallpaper Scan failed for Virtual-1 exit code: 1 (directory might not exist)
Oct 03 18:29:30 baseweed-admin dbus-run-session[1027]:   WARN qml: [20261003-182930]      Wallpaper Scan failed for pipewire-0 exit code: 1 (directory might not exist)
Oct 03 18:29:30 baseweed-admin dbus-run-session[1027]:   WARN qml: [20261003-182930]      Wallpaper Scan failed for pipewire-1 exit code: 1 (directory might not exist)
Oct 03 18:29:30 baseweed-admin dbus-run-session[1027]:   WARN qml: [20261003-182930]   PowerService Button monitor unavailable (exit 1); releasing key inhibitors, logind will handle power/sleep keys
Oct 03 18:29:30 baseweed-admin dbus-run-session[1027]:   INFO qml: [20261003-182930]  KeyboardInput applied qdwin key-repeat rate=25 delay=500
Oct 03 18:29:30 baseweed-admin dbus-run-session[1027]:   INFO qml: [20261003-182930] PointerInputSe enumerated 3 pointer device(s) via proc
Oct 03 18:29:30 baseweed-admin dbus-run-session[1027]:   INFO qml: [20261003-182930]        PodApps cache refresh loaded 0 apps
Oct 03 18:29:51 baseweed-admin dbus-run-session[1027]:   WARN scene: qs:/usr/share/quickshell/qdshell/Modules/Bar/Widgets/Taskbar.qml[982:5]: Unable to assign QJSValue to QObject*
Oct 03 18:29:51 baseweed-admin dbus-run-session[1027]:   WARN scene: qs:/usr/share/quickshell/qdshell/Modules/Bar/Widgets/Taskbar.qml[982:5]: Unable to assign QJSValue to QObject*
Oct 03 18:29:51 baseweed-admin dbus-run-session[1027]:   WARN scene: qs:/usr/share/quickshell/qdshell/Modules/Bar/Widgets/Taskbar.qml[982:5]: Unable to assign QJSValue to QObject*
Oct 03 18:29:51 baseweed-admin dbus-run-session[1027]:   WARN scene: @Services/Control/HooksService.qml[17:5]: Unable to assign QJSValue to QObject*
Oct 03 18:29:51 baseweed-admin dbus-run-session[1027]:   WARN scene: @Services/Location/NightLightService.qml[97:5]: Unable to assign QJSValue to QObject*
Oct 03 18:29:51 baseweed-admin dbus-run-session[1027]:   INFO qml: [20261003-182951]    ColorScheme Applying color scheme: Qdshell (default)
Oct 03 18:29:51 baseweed-admin dbus-run-session[1027]:   INFO qml: [20261003-182951]           Time Time jump detected (22s) - likely system resume
Oct 03 18:29:51 baseweed-admin dbus-run-session[1027]:   INFO qml: [20261003-182951]        Network System resumed - forcing state poll
Oct 03 18:29:51 baseweed-admin dbus-run-session[1027]:   INFO qml: [20261003-182951]     SystemStat System resumed - resetting differential state
Oct 03 18:29:51 baseweed-admin dbus-run-session[1027]:   INFO qml: [20261003-182951] DarkModeServic System resumed - re-evaluating dark mode
Oct 03 18:29:51 baseweed-admin dbus-run-session[1027]:   INFO qml: [20261003-182951]     NightLight System resumed - re-applying night light
Oct 03 18:29:51 baseweed-admin dbus-run-session[1027]:   INFO qml: [20261003-182951]      Bluetooth System resumed - forcing state poll
Oct 03 18:29:51 baseweed-admin dbus-run-session[1027]:   INFO qml: [20261003-182951]           Font Service started
Oct 03 18:29:51 baseweed-admin dbus-run-session[1027]:  ERROR qml: [20261003-182951]  PluginService Empty response from Qdshell Plugins
Oct 03 18:29:51 baseweed-admin dbus-run-session[1027]:  ERROR qml: [20261003-182951]  PluginService Failed to fetch registry from Qdshell Plugins - exit code: 1
Oct 03 18:29:51 baseweed-admin dbus-run-session[1027]:   INFO qml: [20261003-182951]        PodApps cache refresh loaded 0 apps
Oct 03 18:29:52 baseweed-admin dbus-run-session[1027]:   WARN qml: [20261003-182952]        Network Connectivity check error: Error: Not authorized to recheck connectivity.
Oct 03 18:29:52 baseweed-admin dbus-run-session[1027]:   INFO qml: [20261003-182952]           Font Loaded 11 fonts, 3 monospace
Oct 03 18:29:54 baseweed-admin dbus-run-session[1027]:   INFO qml: [20261003-182954] DarkModeServic Resume retry - re-evaluating dark mode again
Oct 03 18:29:54 baseweed-admin dbus-run-session[1027]:   INFO qml: [20261003-182954]     NightLight Resume retry - re-applying night light again
Oct 03 18:29:54 baseweed-admin dbus-run-session[1027]:   WARN: Process failed to start, likely because the binary could not be found. Command: QList("bluetoothctl", "show")
Oct 03 18:29:54 baseweed-admin dbus-run-session[1027]:   WARN qml: [20261003-182954]     SystemStat No supported temperature sensor found
Oct 03 18:29:56 baseweed-admin dbus-run-session[1027]:   WARN: Process failed to start, likely because the binary could not be found. Command: QList("bluetoothctl", "show")
Oct 03 18:29:58 baseweed-admin dbus-run-session[1027]:   WARN: Process failed to start, likely because the binary could not be found. Command: QList("bluetoothctl", "show")
Oct 03 18:30:00 baseweed-admin dbus-run-session[1027]:   WARN: Process failed to start, likely because the binary could not be found. Command: QList("bluetoothctl", "show")
Oct 03 18:30:02 baseweed-admin dbus-run-session[1027]:   WARN: Process failed to start, likely because the binary could not be found. Command: QList("bluetoothctl", "show")
Oct 03 18:30:04 baseweed-admin dbus-run-session[1027]:   WARN: Process failed to start, likely because the binary could not be found. Command: QList("bluetoothctl", "show")
Oct 03 18:30:04 baseweed-admin dbus-run-session[1027]:   WARN qml: [20261003-183004]       Location Weather is still fetching
Oct 03 18:30:04 baseweed-admin dbus-run-session[1027]:  ERROR qml: [20261003-183004]       Location Geocoding error: 0
Oct 03 18:30:06 baseweed-admin dbus-run-session[1027]:   WARN qml: [20261003-183006]        Network Connectivity check error: Error: Not authorized to recheck connectivity.
Oct 03 18:30:06 baseweed-admin dbus-run-session[1027]:   WARN: Process failed to start, likely because the binary could not be found. Command: QList("bluetoothctl", "show")
Oct 03 18:30:08 baseweed-admin dbus-run-session[1027]:   WARN: Process failed to start, likely because the binary could not be found. Command: QList("bluetoothctl", "show")
Oct 03 18:30:10 baseweed-admin dbus-run-session[1027]:   WARN: Process failed to start, likely because the binary could not be found. Command: QList("bluetoothctl", "show")
Oct 03 18:30:12 baseweed-admin dbus-run-session[1027]:   WARN: Process failed to start, likely because the binary could not be found. Command: QList("bluetoothctl", "show")
Oct 03 18:30:14 baseweed-admin dbus-run-session[1027]:   WARN: Process failed to start, likely because the binary could not be found. Command: QList("bluetoothctl", "show")
Oct 03 18:30:14 baseweed-admin dbus-run-session[1027]:   INFO qml: [20261003-183014]        PodApps cache refresh loaded 0 apps
Oct 03 18:30:16 baseweed-admin dbus-run-session[1027]:   WARN: Process failed to start, likely because the binary could not be found. Command: QList("bluetoothctl", "show")
Oct 03 18:30:18 baseweed-admin dbus-run-session[1027]:   WARN: Process failed to start, likely because the binary could not be found. Command: QList("bluetoothctl", "show")
Oct 03 18:30:20 baseweed-admin dbus-run-session[1027]:   WARN: Process failed to start, likely because the binary could not be found. Command: QList("bluetoothctl", "show")
Oct 03 18:30:21 baseweed-admin dbus-run-session[1027]:   WARN qml: [20261003-183021]        Network Connectivity check error: Error: Not authorized to recheck connectivity.
Oct 03 18:30:22 baseweed-admin dbus-run-session[1027]:   WARN: Process failed to start, likely because the binary could not be found. Command: QList("bluetoothctl", "show")
Oct 03 18:30:24 baseweed-admin dbus-run-session[1027]:   WARN: Process failed to start, likely because the binary could not be found. Command: QList("bluetoothctl", "show")
Oct 03 18:30:25 baseweed-admin dbus-run-session[1027]:   WARN qml: [20261003-183025]       Location Weather is still fetching
Oct 03 18:30:25 baseweed-admin dbus-run-session[1027]:  ERROR qml: [20261003-183025]       Location Geocoding error: 0
Oct 03 18:30:26 baseweed-admin dbus-run-session[1027]:   WARN: Process failed to start, likely because the binary could not be found. Command: QList("bluetoothctl", "show")
Oct 03 18:30:28 baseweed-admin dbus-run-session[1027]:   WARN: Process failed to start, likely because the binary could not be found. Command: QList("bluetoothctl", "show")
Oct 03 18:30:30 baseweed-admin dbus-run-session[1027]:   WARN: Process failed to start, likely because the binary could not be found. Command: QList("bluetoothctl", "show")
Oct 03 18:30:32 baseweed-admin dbus-run-session[1027]:   WARN: Process failed to start, likely because the binary could not be found. Command: QList("bluetoothctl", "show")
Oct 03 18:30:34 baseweed-admin dbus-run-session[1027]:   WARN: Process failed to start, likely because the binary could not be found. Command: QList("bluetoothctl", "show")
Oct 03 18:30:36 baseweed-admin dbus-run-session[1027]:   WARN: Process failed to start, likely because the binary could not be found. Command: QList("bluetoothctl", "show")
Oct 03 18:30:36 baseweed-admin dbus-run-session[1027]:   WARN qml: [20261003-183036]        Network Connectivity check error: Error: Not authorized to recheck connectivity.
Oct 03 18:30:38 baseweed-admin dbus-run-session[1027]:   WARN: Process failed to start, likely because the binary could not be found. Command: QList("bluetoothctl", "show")
Oct 03 18:30:40 baseweed-admin dbus-run-session[1027]:   WARN: Process failed to start, likely because the binary could not be found. Command: QList("bluetoothctl", "show")
Oct 03 18:30:42 baseweed-admin dbus-run-session[1027]:   WARN: Process failed to start, likely because the binary could not be found. Command: QList("bluetoothctl", "show")
Oct 03 18:30:44 baseweed-admin dbus-run-session[1027]:   WARN: Process failed to start, likely because the binary could not be found. Command: QList("bluetoothctl", "show")
Oct 03 18:30:44 baseweed-admin dbus-run-session[1027]:   WARN qml: [20261003-183044]       Location Weather is still fetching
Oct 03 18:30:44 baseweed-admin dbus-run-session[1027]:  ERROR qml: [20261003-183044]       Location Geocoding error: 0
Oct 03 18:30:44 baseweed-admin dbus-run-session[1027]:   INFO qml: [20261003-183044]        PodApps cache refresh loaded 0 apps
Oct 03 18:30:46 baseweed-admin dbus-run-session[1027]:   WARN: Process failed to start, likely because the binary could not be found. Command: QList("bluetoothctl", "show")
Oct 03 18:30:48 baseweed-admin dbus-run-session[1027]:   WARN: Process failed to start, likely because the binary could not be found. Command: QList("bluetoothctl", "show")
Oct 03 18:30:50 baseweed-admin dbus-run-session[1027]:   WARN: Process failed to start, likely because the binary could not be found. Command: QList("bluetoothctl", "show")
Oct 03 18:30:51 baseweed-admin dbus-run-session[1027]:   WARN qml: [20261003-183051]        Network Connectivity check error: Error: Not authorized to recheck connectivity.
Oct 03 18:30:52 baseweed-admin dbus-run-session[1027]:   WARN: Process failed to start, likely because the binary could not be found. Command: QList("bluetoothctl", "show")
Oct 03 18:30:54 baseweed-admin dbus-run-session[1027]:   WARN: Process failed to start, likely because the binary could not be found. Command: QList("bluetoothctl", "show")
Oct 03 18:30:56 baseweed-admin dbus-run-session[1027]:   WARN: Process failed to start, likely because the binary could not be found. Command: QList("bluetoothctl", "show")
Oct 03 18:30:58 baseweed-admin dbus-run-session[1027]:   WARN: Process failed to start, likely because the binary could not be found. Command: QList("bluetoothctl", "show")
Oct 03 18:31:00 baseweed-admin dbus-run-session[1027]:   WARN: Process failed to start, likely because the binary could not be found. Command: QList("bluetoothctl", "show")
Oct 03 18:31:02 baseweed-admin dbus-run-session[1027]:   INFO qml: [20261003-183102]          Qdwin toplevel_security_context handle=1 engine=qdistro.tier3s app_id=qdistro.tier3s.s124w instance=3acff854d60a53d5905f8d8430d4e644
Oct 03 18:31:02 baseweed-admin dbus-run-session[1027]:   INFO qml: [20261003-183102]     Tier3sApps [tier3s] toplevel observed silo=s124w secctx=qdistro.tier3s.s124w color=#8bc34a handle=1
Oct 03 18:31:02 baseweed-admin dbus-run-session[1027]:   INFO qml: [20261003-183102]     Tier3sApps [tier3s] silo=s124w color=#8bc34a
Oct 03 18:31:02 baseweed-admin dbus-run-session[1027]:   WARN: Could not load icon "org.freedesktop.weston.wayland-terminal?fallback=application-x-executable" at size QSize(19, 19) from request
Oct 03 18:31:02 baseweed-admin dbus-run-session[1027]:   WARN: Process failed to start, likely because the binary could not be found. Command: QList("bluetoothctl", "show")
Oct 03 18:31:02 baseweed-admin dbus-run-session[1027]:   INFO qml: [20261003-183102]        PodApps auto-scan: qdistro-tier3s-s124w transitioned to running
Oct 03 18:31:03 baseweed-admin dbus-run-session[1027]:   INFO qml: [20261003-183103]  Tier3FocusIPC findSiloHandle silo=s124w → HANDLE=1
Oct 03 18:31:03 baseweed-admin dbus-run-session[1027]:   INFO qml: [20261003-183103]  Tier3FocusIPC injectFocus handle=1 seat=default
Oct 03 18:31:03 baseweed-admin dbus-run-session[1027]:   INFO qml: [20261003-183103]          Qdwin ipc injectFocus handle=1 seat=default
Oct 03 18:31:04 baseweed-admin dbus-run-session[1027]:   WARN: Process failed to start, likely because the binary could not be found. Command: QList("bluetoothctl", "show")
Oct 03 18:31:04 baseweed-admin dbus-run-session[1027]:   WARN qml: [20261003-183104]       Location Weather is still fetching
Oct 03 18:31:04 baseweed-admin dbus-run-session[1027]:  ERROR qml: [20261003-183104]       Location Geocoding error: 0
Oct 03 18:31:05 baseweed-admin podman[6166]: 2026-10-03 18:31:05.044122405 +0000 UTC m=+0.079029547 container exec 713e9232f31d9cf5f8ac2a63f9119bf0bb72b197f9e4106edc20c19206c198f5 (image=localhost/qdistro/tier3s-weston-terminal:latest, name=qdistro-tier3s-s124w, org.opencontainers.image.version=20260930.37.208, org.opensuse.base.lifecycle-url=https://en.opensuse.org/Lifetime, qdistro_tier3s_unit=qdistro-tier3s-silo@s124w.service, org.opencontainers.image.source=https://build.opensuse.org/package/show/openSUSE:Factory/opensuse-tumbleweed-image?rev=561f9d4c8e4e1a441f95ad4ec6b5a914, org.opencontainers.image.url=https://www.opensuse.org, io.buildah.version=1.44.1, org.qdistro.snapshot=20260930, qdistro_tier3s_token=3acff854d60a53d5905f8d8430d4e644, org.opensuse.base.description=Image containing a minimal environment for containers based on openSUSE Tumbleweed., org.opensuse.base.disturl=obs://build.opensuse.org/openSUSE:Factory/images/561f9d4c8e4e1a441f95ad4ec6b5a914-opensuse-tumbleweed-image:docker, org.opensuse.base.reference=registry.opensuse.org/opensuse/tumbleweed:20260930.37.208, org.qdistro.tier3s.workload=weston-terminal, org.opensuse.base.source=https://build.opensuse.org/package/show/openSUSE:Factory/opensuse-tumbleweed-image?rev=561f9d4c8e4e1a441f95ad4ec6b5a914, org.opensuse.base.url=https://www.opensuse.org, org.opensuse.reference=registry.opensuse.org/opensuse/tumbleweed:20260930.37.208, org.openbuildservice.disturl=obs://build.opensuse.org/openSUSE:Factory/images/561f9d4c8e4e1a441f95ad4ec6b5a914-opensuse-tumbleweed-image:docker, org.opensuse.base.version=20260930.37.208, org.opensuse.base.vendor=openSUSE Project, org.opencontainers.image.created=2026-09-30T20:05:54.126624488Z, org.opencontainers.image.description=Image containing a minimal environment for containers based on openSUSE Tumbleweed., org.opensuse.lifecycle-url=https://en.opensuse.org/Lifetime, org.opencontainers.image.title=openSUSE Tumbleweed Base Container, org.opencontainers.image.vendor=openSUSE Project, org.opensuse.base.title=openSUSE Tumbleweed Base Container, org.opensuse.base.created=2026-09-30T20:05:54.126624488Z)
Oct 03 18:31:05 baseweed-admin conmon[6177]: conmon 713e9232f31d9cf5f8ac <nwarn>: Failed to open cgroups file: /sys/fs/cgroup/user.slice/user-1000.slice/user@1000.service/app.slice/qdshell.service/memory.events
Oct 03 18:31:05 baseweed-admin podman[6166]: 2026-10-03 18:31:05.074527138 +0000 UTC m=+0.109434271 container exec_died 713e9232f31d9cf5f8ac2a63f9119bf0bb72b197f9e4106edc20c19206c198f5 (image=localhost/qdistro/tier3s-weston-terminal:latest, name=qdistro-tier3s-s124w, org.opensuse.base.lifecycle-url=https://en.opensuse.org/Lifetime, org.opencontainers.image.vendor=openSUSE Project, org.opensuse.base.title=openSUSE Tumbleweed Base Container, org.opensuse.reference=registry.opensuse.org/opensuse/tumbleweed:20260930.37.208, org.opencontainers.image.created=2026-09-30T20:05:54.126624488Z, org.opencontainers.image.description=Image containing a minimal environment for containers based on openSUSE Tumbleweed., org.opensuse.base.source=https://build.opensuse.org/package/show/openSUSE:Factory/opensuse-tumbleweed-image?rev=561f9d4c8e4e1a441f95ad4ec6b5a914, qdistro_tier3s_unit=qdistro-tier3s-silo@s124w.service, io.buildah.version=1.44.1, qdistro_tier3s_token=3acff854d60a53d5905f8d8430d4e644, org.opensuse.base.created=2026-09-30T20:05:54.126624488Z, org.opensuse.base.description=Image containing a minimal environment for containers based on openSUSE Tumbleweed., org.opensuse.base.version=20260930.37.208, org.opencontainers.image.url=https://www.opensuse.org, org.opensuse.base.url=https://www.opensuse.org, org.opencontainers.image.source=https://build.opensuse.org/package/show/openSUSE:Factory/opensuse-tumbleweed-image?rev=561f9d4c8e4e1a441f95ad4ec6b5a914, org.opensuse.base.disturl=obs://build.opensuse.org/openSUSE:Factory/images/561f9d4c8e4e1a441f95ad4ec6b5a914-opensuse-tumbleweed-image:docker, org.opensuse.base.reference=registry.opensuse.org/opensuse/tumbleweed:20260930.37.208, org.qdistro.tier3s.workload=weston-terminal, org.opencontainers.image.version=20260930.37.208, execID=575b346a0469da52ef3bb0c26b23798ee30fb35c6ba93c51ee6a04fd09025da8, org.opensuse.lifecycle-url=https://en.opensuse.org/Lifetime, org.opencontainers.image.title=openSUSE Tumbleweed Base Container, org.qdistro.snapshot=20260930, org.openbuildservice.disturl=obs://build.opensuse.org/openSUSE:Factory/images/561f9d4c8e4e1a441f95ad4ec6b5a914-opensuse-tumbleweed-image:docker, org.opensuse.base.vendor=openSUSE Project)
Oct 03 18:31:05 baseweed-admin dbus-run-session[1027]:   INFO qml: [20261003-183105]        PodApps cache refresh loaded 0 apps
Oct 03 18:31:06 baseweed-admin dbus-run-session[1027]:   WARN qml: [20261003-183106]        Network Connectivity check error: Error: Not authorized to recheck connectivity.
Oct 03 18:31:06 baseweed-admin dbus-run-session[1027]:   WARN: Process failed to start, likely because the binary could not be found. Command: QList("bluetoothctl", "show")
Oct 03 18:31:08 baseweed-admin dbus-run-session[1027]:   WARN: Process failed to start, likely because the binary could not be found. Command: QList("bluetoothctl", "show")
Oct 03 18:31:08 baseweed-admin dbus-run-session[1027]:   INFO qml: [20261003-183108]          Qdwin toplevel_security_context handle=2 engine=qdistro.tier3s app_id=qdistro.tier3s.s124f instance=5a7e17ae8eb3c2156b3a9d072f888cf3
Oct 03 18:31:08 baseweed-admin dbus-run-session[1027]:   INFO qml: [20261003-183108]     Tier3sApps [tier3s] toplevel observed silo=s124f secctx=qdistro.tier3s.s124f color=#ce93d8 handle=2
Oct 03 18:31:08 baseweed-admin dbus-run-session[1027]:   INFO qml: [20261003-183108]     Tier3sApps [tier3s] silo=s124f color=#ce93d8
Oct 03 18:31:08 baseweed-admin dbus-run-session[1027]:   INFO qml: [20261003-183108]  Tier3FocusIPC findSiloHandle silo=s124f → HANDLE=2
Oct 03 18:31:08 baseweed-admin dbus-run-session[1027]:   INFO qml: [20261003-183108]  Tier3FocusIPC injectFocus handle=2 seat=default
Oct 03 18:31:08 baseweed-admin dbus-run-session[1027]:   INFO qml: [20261003-183108]          Qdwin ipc injectFocus handle=2 seat=default
Oct 03 18:31:08 baseweed-admin dbus-run-session[1027]:   INFO qml: [20261003-183108]        PodApps auto-scan: qdistro-tier3s-s124f transitioned to running
Oct 03 18:31:10 baseweed-admin dbus-run-session[1027]:   WARN: Process failed to start, likely because the binary could not be found. Command: QList("bluetoothctl", "show")
Oct 03 18:31:11 baseweed-admin podman[7840]: 2026-10-03 18:31:11.058652848 +0000 UTC m=+0.065807227 container exec 1d4d9afb8a98fab60b059ebc370fe21f35e83a99b94b13f075ffd146b9c12e23 (image=localhost/qdistro/tier3s-foot:latest, name=qdistro-tier3s-s124f, org.opensuse.base.version=20260930.37.208, org.opencontainers.image.created=2026-09-30T20:05:54.126624488Z, org.opencontainers.image.version=20260930.37.208, org.opencontainers.image.source=https://build.opensuse.org/package/show/openSUSE:Factory/opensuse-tumbleweed-image?rev=561f9d4c8e4e1a441f95ad4ec6b5a914, org.opensuse.base.description=Image containing a minimal environment for containers based on openSUSE Tumbleweed., org.opensuse.base.source=https://build.opensuse.org/package/show/openSUSE:Factory/opensuse-tumbleweed-image?rev=561f9d4c8e4e1a441f95ad4ec6b5a914, org.opensuse.base.url=https://www.opensuse.org, org.opensuse.reference=registry.opensuse.org/opensuse/tumbleweed:20260930.37.208, io.buildah.version=1.44.1, org.opencontainers.image.vendor=openSUSE Project, org.qdistro.tier3s.workload=foot, qdistro_tier3s_unit=qdistro-tier3s-silo@s124f.service, org.opensuse.base.created=2026-09-30T20:05:54.126624488Z, org.opensuse.base.disturl=obs://build.opensuse.org/openSUSE:Factory/images/561f9d4c8e4e1a441f95ad4ec6b5a914-opensuse-tumbleweed-image:docker, org.openbuildservice.disturl=obs://build.opensuse.org/openSUSE:Factory/images/561f9d4c8e4e1a441f95ad4ec6b5a914-opensuse-tumbleweed-image:docker, org.opencontainers.image.description=Image containing a minimal environment for containers based on openSUSE Tumbleweed., org.qdistro.snapshot=20260930, org.opensuse.lifecycle-url=https://en.opensuse.org/Lifetime, qdistro_tier3s_token=5a7e17ae8eb3c2156b3a9d072f888cf3, org.opencontainers.image.title=openSUSE Tumbleweed Base Container, org.opensuse.base.lifecycle-url=https://en.opensuse.org/Lifetime, org.opensuse.base.reference=registry.opensuse.org/opensuse/tumbleweed:20260930.37.208, org.opensuse.base.title=openSUSE Tumbleweed Base Container, org.opencontainers.image.url=https://www.opensuse.org, org.opensuse.base.vendor=openSUSE Project)
Oct 03 18:31:11 baseweed-admin conmon[7887]: conmon 1d4d9afb8a98fab60b05 <nwarn>: Failed to open cgroups file: /sys/fs/cgroup/user.slice/user-1000.slice/user@1000.service/app.slice/qdshell.service/memory.events
Oct 03 18:31:11 baseweed-admin podman[7902]: 2026-10-03 18:31:11.119334618 +0000 UTC m=+0.043717179 container exec_died 1d4d9afb8a98fab60b059ebc370fe21f35e83a99b94b13f075ffd146b9c12e23 (image=localhost/qdistro/tier3s-foot:latest, name=qdistro-tier3s-s124f, org.opencontainers.image.created=2026-09-30T20:05:54.126624488Z, org.opencontainers.image.description=Image containing a minimal environment for containers based on openSUSE Tumbleweed., org.opencontainers.image.url=https://www.opensuse.org, org.opensuse.reference=registry.opensuse.org/opensuse/tumbleweed:20260930.37.208, org.qdistro.tier3s.workload=foot, org.opensuse.base.disturl=obs://build.opensuse.org/openSUSE:Factory/images/561f9d4c8e4e1a441f95ad4ec6b5a914-opensuse-tumbleweed-image:docker, org.opencontainers.image.title=openSUSE Tumbleweed Base Container, org.qdistro.snapshot=20260930, qdistro_tier3s_token=5a7e17ae8eb3c2156b3a9d072f888cf3, execID=75f68d00c6ee22538a3c8e5e86ff633ee12193960aac013bad007d4bdd41479a, org.opencontainers.image.vendor=openSUSE Project, org.opensuse.base.created=2026-09-30T20:05:54.126624488Z, org.opensuse.base.reference=registry.opensuse.org/opensuse/tumbleweed:20260930.37.208, org.opensuse.lifecycle-url=https://en.opensuse.org/Lifetime, org.opencontainers.image.version=20260930.37.208, org.opensuse.base.lifecycle-url=https://en.opensuse.org/Lifetime, org.opensuse.base.source=https://build.opensuse.org/package/show/openSUSE:Factory/opensuse-tumbleweed-image?rev=561f9d4c8e4e1a441f95ad4ec6b5a914, org.opensuse.base.description=Image containing a minimal environment for containers based on openSUSE Tumbleweed., io.buildah.version=1.44.1, org.opensuse.base.vendor=openSUSE Project, org.opensuse.base.title=openSUSE Tumbleweed Base Container, org.opensuse.base.url=https://www.opensuse.org, qdistro_tier3s_unit=qdistro-tier3s-silo@s124f.service, org.openbuildservice.disturl=obs://build.opensuse.org/openSUSE:Factory/images/561f9d4c8e4e1a441f95ad4ec6b5a914-opensuse-tumbleweed-image:docker, org.opensuse.base.version=20260930.37.208, org.opencontainers.image.source=https://build.opensuse.org/package/show/openSUSE:Factory/opensuse-tumbleweed-image?rev=561f9d4c8e4e1a441f95ad4ec6b5a914)
Oct 03 18:31:11 baseweed-admin podman[7840]: 2026-10-03 18:31:11.129648358 +0000 UTC m=+0.136802717 container exec_died 1d4d9afb8a98fab60b059ebc370fe21f35e83a99b94b13f075ffd146b9c12e23 (image=localhost/qdistro/tier3s-foot:latest, name=qdistro-tier3s-s124f, org.opencontainers.image.source=https://build.opensuse.org/package/show/openSUSE:Factory/opensuse-tumbleweed-image?rev=561f9d4c8e4e1a441f95ad4ec6b5a914, org.opensuse.base.vendor=openSUSE Project, org.opensuse.base.url=https://www.opensuse.org, qdistro_tier3s_unit=qdistro-tier3s-silo@s124f.service, org.opensuse.base.reference=registry.opensuse.org/opensuse/tumbleweed:20260930.37.208, org.opensuse.base.version=20260930.37.208, org.opensuse.lifecycle-url=https://en.opensuse.org/Lifetime, org.opensuse.base.created=2026-09-30T20:05:54.126624488Z, io.buildah.version=1.44.1, org.opensuse.base.description=Image containing a minimal environment for containers based on openSUSE Tumbleweed., org.opensuse.base.source=https://build.opensuse.org/package/show/openSUSE:Factory/opensuse-tumbleweed-image?rev=561f9d4c8e4e1a441f95ad4ec6b5a914, org.opencontainers.image.created=2026-09-30T20:05:54.126624488Z, org.opencontainers.image.title=openSUSE Tumbleweed Base Container, execID=75f68d00c6ee22538a3c8e5e86ff633ee12193960aac013bad007d4bdd41479a, org.opensuse.reference=registry.opensuse.org/opensuse/tumbleweed:20260930.37.208, org.opencontainers.image.vendor=openSUSE Project, org.opensuse.base.lifecycle-url=https://en.opensuse.org/Lifetime, org.openbuildservice.disturl=obs://build.opensuse.org/openSUSE:Factory/images/561f9d4c8e4e1a441f95ad4ec6b5a914-opensuse-tumbleweed-image:docker, org.opencontainers.image.url=https://www.opensuse.org, org.qdistro.snapshot=20260930, org.qdistro.tier3s.workload=foot, qdistro_tier3s_token=5a7e17ae8eb3c2156b3a9d072f888cf3, org.opencontainers.image.version=20260930.37.208, org.opensuse.base.disturl=obs://build.opensuse.org/openSUSE:Factory/images/561f9d4c8e4e1a441f95ad4ec6b5a914-opensuse-tumbleweed-image:docker, org.opensuse.base.title=openSUSE Tumbleweed Base Container, org.opencontainers.image.description=Image containing a minimal environment for containers based on openSUSE Tumbleweed.)
Oct 03 18:31:11 baseweed-admin podman[7913]: 2026-10-03 18:31:11.221155446 +0000 UTC m=+0.062862777 container exec 1d4d9afb8a98fab60b059ebc370fe21f35e83a99b94b13f075ffd146b9c12e23 (image=localhost/qdistro/tier3s-foot:latest, name=qdistro-tier3s-s124f, org.opensuse.base.url=https://www.opensuse.org, org.opensuse.base.description=Image containing a minimal environment for containers based on openSUSE Tumbleweed., org.opensuse.base.disturl=obs://build.opensuse.org/openSUSE:Factory/images/561f9d4c8e4e1a441f95ad4ec6b5a914-opensuse-tumbleweed-image:docker, org.opensuse.base.vendor=openSUSE Project, org.qdistro.snapshot=20260930, qdistro_tier3s_unit=qdistro-tier3s-silo@s124f.service, io.buildah.version=1.44.1, org.opencontainers.image.source=https://build.opensuse.org/package/show/openSUSE:Factory/opensuse-tumbleweed-image?rev=561f9d4c8e4e1a441f95ad4ec6b5a914, org.openbuildservice.disturl=obs://build.opensuse.org/openSUSE:Factory/images/561f9d4c8e4e1a441f95ad4ec6b5a914-opensuse-tumbleweed-image:docker, org.opensuse.base.version=20260930.37.208, org.qdistro.tier3s.workload=foot, qdistro_tier3s_token=5a7e17ae8eb3c2156b3a9d072f888cf3, org.opencontainers.image.created=2026-09-30T20:05:54.126624488Z, org.opencontainers.image.url=https://www.opensuse.org, org.opencontainers.image.vendor=openSUSE Project, org.opensuse.base.created=2026-09-30T20:05:54.126624488Z, org.opensuse.base.source=https://build.opensuse.org/package/show/openSUSE:Factory/opensuse-tumbleweed-image?rev=561f9d4c8e4e1a441f95ad4ec6b5a914, org.opensuse.base.title=openSUSE Tumbleweed Base Container, org.opencontainers.image.version=20260930.37.208, org.opensuse.base.reference=registry.opensuse.org/opensuse/tumbleweed:20260930.37.208, org.opensuse.lifecycle-url=https://en.opensuse.org/Lifetime, org.opensuse.reference=registry.opensuse.org/opensuse/tumbleweed:20260930.37.208, org.opencontainers.image.description=Image containing a minimal environment for containers based on openSUSE Tumbleweed., org.opencontainers.image.title=openSUSE Tumbleweed Base Container, org.opensuse.base.lifecycle-url=https://en.opensuse.org/Lifetime)
Oct 03 18:31:11 baseweed-admin conmon[7924]: conmon 1d4d9afb8a98fab60b05 <nwarn>: Failed to open cgroups file: /sys/fs/cgroup/user.slice/user-1000.slice/user@1000.service/app.slice/qdshell.service/memory.events
Oct 03 18:31:11 baseweed-admin podman[7939]: 2026-10-03 18:31:11.276233808 +0000 UTC m=+0.042668292 container exec_died 1d4d9afb8a98fab60b059ebc370fe21f35e83a99b94b13f075ffd146b9c12e23 (image=localhost/qdistro/tier3s-foot:latest, name=qdistro-tier3s-s124f, org.opencontainers.image.title=openSUSE Tumbleweed Base Container, org.opensuse.base.disturl=obs://build.opensuse.org/openSUSE:Factory/images/561f9d4c8e4e1a441f95ad4ec6b5a914-opensuse-tumbleweed-image:docker, org.opensuse.base.reference=registry.opensuse.org/opensuse/tumbleweed:20260930.37.208, org.opensuse.base.vendor=openSUSE Project, execID=55165003892e7bc83ab079d389c70f7db5e692ac0438540bb458f8a63bf3cb4d, org.opensuse.base.url=https://www.opensuse.org, org.qdistro.snapshot=20260930, qdistro_tier3s_unit=qdistro-tier3s-silo@s124f.service, org.opensuse.base.lifecycle-url=https://en.opensuse.org/Lifetime, org.opensuse.reference=registry.opensuse.org/opensuse/tumbleweed:20260930.37.208, org.opencontainers.image.url=https://www.opensuse.org, org.opencontainers.image.vendor=openSUSE Project, org.opencontainers.image.description=Image containing a minimal environment for containers based on openSUSE Tumbleweed., org.opensuse.base.created=2026-09-30T20:05:54.126624488Z, org.opensuse.base.version=20260930.37.208, org.opensuse.lifecycle-url=https://en.opensuse.org/Lifetime, io.buildah.version=1.44.1, org.opencontainers.image.created=2026-09-30T20:05:54.126624488Z, org.opencontainers.image.version=20260930.37.208, qdistro_tier3s_token=5a7e17ae8eb3c2156b3a9d072f888cf3, org.qdistro.tier3s.workload=foot, org.openbuildservice.disturl=obs://build.opensuse.org/openSUSE:Factory/images/561f9d4c8e4e1a441f95ad4ec6b5a914-opensuse-tumbleweed-image:docker, org.opencontainers.image.source=https://build.opensuse.org/package/show/openSUSE:Factory/opensuse-tumbleweed-image?rev=561f9d4c8e4e1a441f95ad4ec6b5a914, org.opensuse.base.source=https://build.opensuse.org/package/show/openSUSE:Factory/opensuse-tumbleweed-image?rev=561f9d4c8e4e1a441f95ad4ec6b5a914, org.opensuse.base.description=Image containing a minimal environment for containers based on openSUSE Tumbleweed., org.opensuse.base.title=openSUSE Tumbleweed Base Container)
Oct 03 18:31:11 baseweed-admin podman[7913]: 2026-10-03 18:31:11.288558825 +0000 UTC m=+0.130266166 container exec_died 1d4d9afb8a98fab60b059ebc370fe21f35e83a99b94b13f075ffd146b9c12e23 (image=localhost/qdistro/tier3s-foot:latest, name=qdistro-tier3s-s124f, org.openbuildservice.disturl=obs://build.opensuse.org/openSUSE:Factory/images/561f9d4c8e4e1a441f95ad4ec6b5a914-opensuse-tumbleweed-image:docker, org.qdistro.tier3s.workload=foot, execID=55165003892e7bc83ab079d389c70f7db5e692ac0438540bb458f8a63bf3cb4d, org.opensuse.base.lifecycle-url=https://en.opensuse.org/Lifetime, io.buildah.version=1.44.1, org.opensuse.base.title=openSUSE Tumbleweed Base Container, org.opencontainers.image.vendor=openSUSE Project, org.opencontainers.image.version=20260930.37.208, org.opensuse.base.reference=registry.opensuse.org/opensuse/tumbleweed:20260930.37.208, org.opensuse.lifecycle-url=https://en.opensuse.org/Lifetime, org.opensuse.reference=registry.opensuse.org/opensuse/tumbleweed:20260930.37.208, org.opensuse.base.url=https://www.opensuse.org, org.opencontainers.image.source=https://build.opensuse.org/package/show/openSUSE:Factory/opensuse-tumbleweed-image?rev=561f9d4c8e4e1a441f95ad4ec6b5a914, org.opensuse.base.description=Image containing a minimal environment for containers based on openSUSE Tumbleweed., org.opensuse.base.version=20260930.37.208, org.opencontainers.image.created=2026-09-30T20:05:54.126624488Z, org.opencontainers.image.description=Image containing a minimal environment for containers based on openSUSE Tumbleweed., org.opencontainers.image.title=openSUSE Tumbleweed Base Container, org.opensuse.base.source=https://build.opensuse.org/package/show/openSUSE:Factory/opensuse-tumbleweed-image?rev=561f9d4c8e4e1a441f95ad4ec6b5a914, org.opensuse.base.created=2026-09-30T20:05:54.126624488Z, org.opensuse.base.disturl=obs://build.opensuse.org/openSUSE:Factory/images/561f9d4c8e4e1a441f95ad4ec6b5a914-opensuse-tumbleweed-image:docker, qdistro_tier3s_token=5a7e17ae8eb3c2156b3a9d072f888cf3, org.opensuse.base.vendor=openSUSE Project, org.qdistro.snapshot=20260930, qdistro_tier3s_unit=qdistro-tier3s-silo@s124f.service, org.opencontainers.image.url=https://www.opensuse.org)
Oct 03 18:31:11 baseweed-admin podman[8067]: 2026-10-03 18:31:11.367811752 +0000 UTC m=+0.054726914 container exec 1d4d9afb8a98fab60b059ebc370fe21f35e83a99b94b13f075ffd146b9c12e23 (image=localhost/qdistro/tier3s-foot:latest, name=qdistro-tier3s-s124f, org.opensuse.base.created=2026-09-30T20:05:54.126624488Z, org.opencontainers.image.source=https://build.opensuse.org/package/show/openSUSE:Factory/opensuse-tumbleweed-image?rev=561f9d4c8e4e1a441f95ad4ec6b5a914, org.opencontainers.image.vendor=openSUSE Project, org.opensuse.reference=registry.opensuse.org/opensuse/tumbleweed:20260930.37.208, org.openbuildservice.disturl=obs://build.opensuse.org/openSUSE:Factory/images/561f9d4c8e4e1a441f95ad4ec6b5a914-opensuse-tumbleweed-image:docker, org.opensuse.base.version=20260930.37.208, org.qdistro.tier3s.workload=foot, org.opencontainers.image.created=2026-09-30T20:05:54.126624488Z, org.qdistro.snapshot=20260930, org.opensuse.base.source=https://build.opensuse.org/package/show/openSUSE:Factory/opensuse-tumbleweed-image?rev=561f9d4c8e4e1a441f95ad4ec6b5a914, qdistro_tier3s_unit=qdistro-tier3s-silo@s124f.service, org.opensuse.base.disturl=obs://build.opensuse.org/openSUSE:Factory/images/561f9d4c8e4e1a441f95ad4ec6b5a914-opensuse-tumbleweed-image:docker, org.opencontainers.image.title=openSUSE Tumbleweed Base Container, org.opensuse.base.title=openSUSE Tumbleweed Base Container, org.opensuse.base.vendor=openSUSE Project, org.opensuse.base.lifecycle-url=https://en.opensuse.org/Lifetime, org.opensuse.base.url=https://www.opensuse.org, org.opensuse.lifecycle-url=https://en.opensuse.org/Lifetime, io.buildah.version=1.44.1, org.opensuse.base.description=Image containing a minimal environment for containers based on openSUSE Tumbleweed., org.opencontainers.image.description=Image containing a minimal environment for containers based on openSUSE Tumbleweed., org.opencontainers.image.version=20260930.37.208, org.opensuse.base.reference=registry.opensuse.org/opensuse/tumbleweed:20260930.37.208, qdistro_tier3s_token=5a7e17ae8eb3c2156b3a9d072f888cf3, org.opencontainers.image.url=https://www.opensuse.org)
Oct 03 18:31:11 baseweed-admin conmon[8179]: conmon 1d4d9afb8a98fab60b05 <nwarn>: Failed to open cgroups file: /sys/fs/cgroup/user.slice/user-1000.slice/user@1000.service/app.slice/qdshell.service/memory.events
Oct 03 18:31:11 baseweed-admin podman[8246]: 2026-10-03 18:31:11.423225794 +0000 UTC m=+0.043790702 container exec_died 1d4d9afb8a98fab60b059ebc370fe21f35e83a99b94b13f075ffd146b9c12e23 (image=localhost/qdistro/tier3s-foot:latest, name=qdistro-tier3s-s124f, org.opensuse.base.description=Image containing a minimal environment for containers based on openSUSE Tumbleweed., org.opensuse.base.url=https://www.opensuse.org, qdistro_tier3s_unit=qdistro-tier3s-silo@s124f.service, qdistro_tier3s_token=5a7e17ae8eb3c2156b3a9d072f888cf3, org.opencontainers.image.vendor=openSUSE Project, org.opencontainers.image.url=https://www.opensuse.org, org.opensuse.base.source=https://build.opensuse.org/package/show/openSUSE:Factory/opensuse-tumbleweed-image?rev=561f9d4c8e4e1a441f95ad4ec6b5a914, org.opencontainers.image.source=https://build.opensuse.org/package/show/openSUSE:Factory/opensuse-tumbleweed-image?rev=561f9d4c8e4e1a441f95ad4ec6b5a914, org.qdistro.tier3s.workload=foot, org.opencontainers.image.version=20260930.37.208, org.opensuse.base.title=openSUSE Tumbleweed Base Container, org.opensuse.base.created=2026-09-30T20:05:54.126624488Z, org.opensuse.base.version=20260930.37.208, org.opensuse.base.vendor=openSUSE Project, org.opensuse.reference=registry.opensuse.org/opensuse/tumbleweed:20260930.37.208, org.opencontainers.image.title=openSUSE Tumbleweed Base Container, org.opensuse.base.reference=registry.opensuse.org/opensuse/tumbleweed:20260930.37.208, org.opencontainers.image.created=2026-09-30T20:05:54.126624488Z, execID=d47e8795f0b48b7997da00aab0b85df8796ccdd13cf6f57174385af8df46aff9, org.opensuse.base.disturl=obs://build.opensuse.org/openSUSE:Factory/images/561f9d4c8e4e1a441f95ad4ec6b5a914-opensuse-tumbleweed-image:docker, org.qdistro.snapshot=20260930, org.opensuse.base.lifecycle-url=https://en.opensuse.org/Lifetime, io.buildah.version=1.44.1, org.opencontainers.image.description=Image containing a minimal environment for containers based on openSUSE Tumbleweed., org.opensuse.lifecycle-url=https://en.opensuse.org/Lifetime, org.openbuildservice.disturl=obs://build.opensuse.org/openSUSE:Factory/images/561f9d4c8e4e1a441f95ad4ec6b5a914-opensuse-tumbleweed-image:docker)
Oct 03 18:31:11 baseweed-admin podman[8067]: 2026-10-03 18:31:11.434788798 +0000 UTC m=+0.121703950 container exec_died 1d4d9afb8a98fab60b059ebc370fe21f35e83a99b94b13f075ffd146b9c12e23 (image=localhost/qdistro/tier3s-foot:latest, name=qdistro-tier3s-s124f, org.opencontainers.image.source=https://build.opensuse.org/package/show/openSUSE:Factory/opensuse-tumbleweed-image?rev=561f9d4c8e4e1a441f95ad4ec6b5a914, org.opensuse.base.reference=registry.opensuse.org/opensuse/tumbleweed:20260930.37.208, org.opensuse.base.title=openSUSE Tumbleweed Base Container, org.opensuse.base.source=https://build.opensuse.org/package/show/openSUSE:Factory/opensuse-tumbleweed-image?rev=561f9d4c8e4e1a441f95ad4ec6b5a914, org.opensuse.lifecycle-url=https://en.opensuse.org/Lifetime, org.opensuse.base.description=Image containing a minimal environment for containers based on openSUSE Tumbleweed., org.opensuse.base.created=2026-09-30T20:05:54.126624488Z, org.opencontainers.image.version=20260930.37.208, org.opensuse.base.vendor=openSUSE Project, org.opensuse.base.lifecycle-url=https://en.opensuse.org/Lifetime, qdistro_tier3s_unit=qdistro-tier3s-silo@s124f.service, execID=d47e8795f0b48b7997da00aab0b85df8796ccdd13cf6f57174385af8df46aff9, org.opencontainers.image.description=Image containing a minimal environment for containers based on openSUSE Tumbleweed., org.qdistro.tier3s.workload=foot, org.opencontainers.image.created=2026-09-30T20:05:54.126624488Z, org.qdistro.snapshot=20260930, org.opensuse.base.url=https://www.opensuse.org, org.openbuildservice.disturl=obs://build.opensuse.org/openSUSE:Factory/images/561f9d4c8e4e1a441f95ad4ec6b5a914-opensuse-tumbleweed-image:docker, org.opensuse.base.version=20260930.37.208, org.opencontainers.image.url=https://www.opensuse.org, org.opencontainers.image.vendor=openSUSE Project, org.opensuse.reference=registry.opensuse.org/opensuse/tumbleweed:20260930.37.208, qdistro_tier3s_token=5a7e17ae8eb3c2156b3a9d072f888cf3, io.buildah.version=1.44.1, org.opensuse.base.disturl=obs://build.opensuse.org/openSUSE:Factory/images/561f9d4c8e4e1a441f95ad4ec6b5a914-opensuse-tumbleweed-image:docker, org.opencontainers.image.title=openSUSE Tumbleweed Base Container)
Oct 03 18:31:11 baseweed-admin podman[8354]: 2026-10-03 18:31:11.5263345 +0000 UTC m=+0.059691969 container exec 1d4d9afb8a98fab60b059ebc370fe21f35e83a99b94b13f075ffd146b9c12e23 (image=localhost/qdistro/tier3s-foot:latest, name=qdistro-tier3s-s124f, org.opensuse.base.vendor=openSUSE Project, org.opencontainers.image.created=2026-09-30T20:05:54.126624488Z, org.opensuse.base.url=https://www.opensuse.org, org.opensuse.base.created=2026-09-30T20:05:54.126624488Z, org.opensuse.lifecycle-url=https://en.opensuse.org/Lifetime, org.opensuse.reference=registry.opensuse.org/opensuse/tumbleweed:20260930.37.208, org.opencontainers.image.source=https://build.opensuse.org/package/show/openSUSE:Factory/opensuse-tumbleweed-image?rev=561f9d4c8e4e1a441f95ad4ec6b5a914, org.opensuse.base.title=openSUSE Tumbleweed Base Container, org.qdistro.snapshot=20260930, org.openbuildservice.disturl=obs://build.opensuse.org/openSUSE:Factory/images/561f9d4c8e4e1a441f95ad4ec6b5a914-opensuse-tumbleweed-image:docker, org.opencontainers.image.description=Image containing a minimal environment for containers based on openSUSE Tumbleweed., qdistro_tier3s_unit=qdistro-tier3s-silo@s124f.service, org.opencontainers.image.vendor=openSUSE Project, org.opensuse.base.disturl=obs://build.opensuse.org/openSUSE:Factory/images/561f9d4c8e4e1a441f95ad4ec6b5a914-opensuse-tumbleweed-image:docker, org.opensuse.base.source=https://build.opensuse.org/package/show/openSUSE:Factory/opensuse-tumbleweed-image?rev=561f9d4c8e4e1a441f95ad4ec6b5a914, org.opensuse.base.lifecycle-url=https://en.opensuse.org/Lifetime, org.qdistro.tier3s.workload=foot, qdistro_tier3s_token=5a7e17ae8eb3c2156b3a9d072f888cf3, org.opensuse.base.version=20260930.37.208, io.buildah.version=1.44.1, org.opensuse.base.description=Image containing a minimal environment for containers based on openSUSE Tumbleweed., org.opensuse.base.reference=registry.opensuse.org/opensuse/tumbleweed:20260930.37.208, org.opencontainers.image.version=20260930.37.208, org.opencontainers.image.url=https://www.opensuse.org, org.opencontainers.image.title=openSUSE Tumbleweed Base Container)
Oct 03 18:31:11 baseweed-admin conmon[8366]: conmon 1d4d9afb8a98fab60b05 <nwarn>: Failed to open cgroups file: /sys/fs/cgroup/user.slice/user-1000.slice/user@1000.service/app.slice/qdshell.service/memory.events
Oct 03 18:31:11 baseweed-admin podman[8380]: 2026-10-03 18:31:11.569855249 +0000 UTC m=+0.036906409 container exec_died 1d4d9afb8a98fab60b059ebc370fe21f35e83a99b94b13f075ffd146b9c12e23 (image=localhost/qdistro/tier3s-foot:latest, name=qdistro-tier3s-s124f, org.opensuse.base.lifecycle-url=https://en.opensuse.org/Lifetime, org.opensuse.reference=registry.opensuse.org/opensuse/tumbleweed:20260930.37.208, org.opencontainers.image.created=2026-09-30T20:05:54.126624488Z, org.opencontainers.image.source=https://build.opensuse.org/package/show/openSUSE:Factory/opensuse-tumbleweed-image?rev=561f9d4c8e4e1a441f95ad4ec6b5a914, org.opensuse.lifecycle-url=https://en.opensuse.org/Lifetime, org.opensuse.base.description=Image containing a minimal environment for containers based on openSUSE Tumbleweed., org.opensuse.base.vendor=openSUSE Project, org.qdistro.snapshot=20260930, org.opencontainers.image.url=https://www.opensuse.org, qdistro_tier3s_token=5a7e17ae8eb3c2156b3a9d072f888cf3, org.opensuse.base.source=https://build.opensuse.org/package/show/openSUSE:Factory/opensuse-tumbleweed-image?rev=561f9d4c8e4e1a441f95ad4ec6b5a914, execID=4fa02ad6e21e0d2829153c3885bb354f9b08879a6180af4f2e08ca7ae3d238d1, org.opensuse.base.created=2026-09-30T20:05:54.126624488Z, org.openbuildservice.disturl=obs://build.opensuse.org/openSUSE:Factory/images/561f9d4c8e4e1a441f95ad4ec6b5a914-opensuse-tumbleweed-image:docker, org.opencontainers.image.vendor=openSUSE Project, org.opensuse.base.version=20260930.37.208, org.qdistro.tier3s.workload=foot, org.opensuse.base.reference=registry.opensuse.org/opensuse/tumbleweed:20260930.37.208, qdistro_tier3s_unit=qdistro-tier3s-silo@s124f.service, org.opensuse.base.disturl=obs://build.opensuse.org/openSUSE:Factory/images/561f9d4c8e4e1a441f95ad4ec6b5a914-opensuse-tumbleweed-image:docker, org.opensuse.base.url=https://www.opensuse.org, io.buildah.version=1.44.1, org.opensuse.base.title=openSUSE Tumbleweed Base Container, org.opencontainers.image.description=Image containing a minimal environment for containers based on openSUSE Tumbleweed., org.opencontainers.image.title=openSUSE Tumbleweed Base Container, org.opencontainers.image.version=20260930.37.208)
Oct 03 18:31:11 baseweed-admin podman[8354]: 2026-10-03 18:31:11.580362934 +0000 UTC m=+0.113720403 container exec_died 1d4d9afb8a98fab60b059ebc370fe21f35e83a99b94b13f075ffd146b9c12e23 (image=localhost/qdistro/tier3s-foot:latest, name=qdistro-tier3s-s124f, org.opencontainers.image.source=https://build.opensuse.org/package/show/openSUSE:Factory/opensuse-tumbleweed-image?rev=561f9d4c8e4e1a441f95ad4ec6b5a914, org.opencontainers.image.title=openSUSE Tumbleweed Base Container, org.opensuse.base.reference=registry.opensuse.org/opensuse/tumbleweed:20260930.37.208, org.opensuse.base.title=openSUSE Tumbleweed Base Container, qdistro_tier3s_token=5a7e17ae8eb3c2156b3a9d072f888cf3, execID=4fa02ad6e21e0d2829153c3885bb354f9b08879a6180af4f2e08ca7ae3d238d1, qdistro_tier3s_unit=qdistro-tier3s-silo@s124f.service, org.opensuse.base.url=https://www.opensuse.org, org.qdistro.snapshot=20260930, org.qdistro.tier3s.workload=foot, org.opencontainers.image.url=https://www.opensuse.org, org.opensuse.lifecycle-url=https://en.opensuse.org/Lifetime, org.opencontainers.image.vendor=openSUSE Project, org.opensuse.base.description=Image containing a minimal environment for containers based on openSUSE Tumbleweed., org.opensuse.base.disturl=obs://build.opensuse.org/openSUSE:Factory/images/561f9d4c8e4e1a441f95ad4ec6b5a914-opensuse-tumbleweed-image:docker, org.opensuse.base.vendor=openSUSE Project, org.opencontainers.image.created=2026-09-30T20:05:54.126624488Z, org.opensuse.base.lifecycle-url=https://en.opensuse.org/Lifetime, org.opensuse.reference=registry.opensuse.org/opensuse/tumbleweed:20260930.37.208, org.opensuse.base.source=https://build.opensuse.org/package/show/openSUSE:Factory/opensuse-tumbleweed-image?rev=561f9d4c8e4e1a441f95ad4ec6b5a914, org.opencontainers.image.version=20260930.37.208, org.opensuse.base.created=2026-09-30T20:05:54.126624488Z, org.opensuse.base.version=20260930.37.208, io.buildah.version=1.44.1, org.openbuildservice.disturl=obs://build.opensuse.org/openSUSE:Factory/images/561f9d4c8e4e1a441f95ad4ec6b5a914-opensuse-tumbleweed-image:docker, org.opencontainers.image.description=Image containing a minimal environment for containers based on openSUSE Tumbleweed.)
Oct 03 18:31:11 baseweed-admin dbus-run-session[1027]:   INFO qml: [20261003-183111]        PodApps cache refresh loaded 3 apps
Oct 03 18:31:12 baseweed-admin dbus-run-session[1027]:   WARN: Process failed to start, likely because the binary could not be found. Command: QList("bluetoothctl", "show")
Oct 03 18:31:14 baseweed-admin dbus-run-session[1027]:   WARN: Process failed to start, likely because the binary could not be found. Command: QList("bluetoothctl", "show")
Oct 03 18:31:14 baseweed-admin dbus-run-session[1027]:   INFO qml: [20261003-183114]        PodApps cache refresh loaded 3 apps
Oct 03 18:31:16 baseweed-admin dbus-run-session[1027]:   WARN: Process failed to start, likely because the binary could not be found. Command: QList("bluetoothctl", "show")
