Oct 03 18:29:26 baseweed-admin systemd[866]: Starting qdshell desktop (Quickshell QML on top of qdwin)...
Oct 03 18:29:27 baseweed-admin systemd[866]: Started qdshell desktop (Quickshell QML on top of qdwin).
Oct 03 18:29:27 baseweed-admin dbus-run-session[1028]: No running instances for "/usr/share/quickshell/qdshell/shell.qml"
Oct 03 18:29:27 baseweed-admin dbus-run-session[1028]:   INFO: Launching config: "/usr/share/quickshell/qdshell/shell.qml"
Oct 03 18:29:27 baseweed-admin dbus-run-session[1028]:   INFO: Shell ID: "0d0d1ceeb7f0392fec595c8531945b05" Path ID "0d0d1ceeb7f0392fec595c8531945b05"
Oct 03 18:29:27 baseweed-admin dbus-run-session[1028]:   INFO: Saving logs to "/run/user/1000/quickshell/by-id/ks3pgcmt/log.qslog"
Oct 03 18:29:27 baseweed-admin dbus-run-session[1028]: MESA-EGL: warning: failed to get driver name for fd -1
Oct 03 18:29:27 baseweed-admin dbus-run-session[1028]: MESA-EGL: warning: MESA-LOADER: failed to retrieve device information
Oct 03 18:29:27 baseweed-admin dbus-run-session[1028]: MESA-EGL: warning: failed to get driver name for fd -1
Oct 03 18:29:27 baseweed-admin dbus-run-session[1028]: MESA: error: ZINK: failed to choose pdev
Oct 03 18:29:27 baseweed-admin dbus-run-session[1028]: MESA-EGL: warning: egl: failed to create dri2 screen
Oct 03 18:29:28 baseweed-admin dbus-run-session[1028]:   INFO qml: [20261003-182928]           I18n Service started
Oct 03 18:29:28 baseweed-admin dbus-run-session[1028]:   INFO qml: [20261003-182928]           I18n Loading "en" (locale: "en-Latn-US")
Oct 03 18:29:28 baseweed-admin dbus-run-session[1028]:   INFO qml: [20261003-182928]          Shell ---------------------------
Oct 03 18:29:28 baseweed-admin dbus-run-session[1028]:   INFO qml: [20261003-182928]          Shell Qdshell Hello!
Oct 03 18:29:28 baseweed-admin dbus-run-session[1028]:   WARN scene: @Commons/I18n.qml[104:5]: Unable to assign QJSValue to QObject*
Oct 03 18:29:28 baseweed-admin dbus-run-session[1028]:   INFO: Configuration Loaded
Oct 03 18:29:28 baseweed-admin dbus-run-session[1028]:   WARN scene: @Commons/I18n.qml[104:5]: Unable to assign QJSValue to QObject*
Oct 03 18:29:28 baseweed-admin dbus-run-session[1028]:   INFO qml: [20261003-182928]       Settings Settings loaded
Oct 03 18:29:28 baseweed-admin dbus-run-session[1028]:   INFO qml: [20261003-182928]           I18n Loaded translations for "en"
Oct 03 18:29:28 baseweed-admin dbus-run-session[1028]:   INFO qml: [20261003-182928] PluginRegistry Loaded plugin states from: /home/admin/.config/qdshell/plugins.json
Oct 03 18:29:28 baseweed-admin dbus-run-session[1028]:   INFO qml: [20261003-182928] PluginRegistry Scanning plugin folder: /home/admin/.config/qdshell/plugins
Oct 03 18:29:28 baseweed-admin dbus-run-session[1028]:   INFO qml: [20261003-182928]          Icons Service started
Oct 03 18:29:28 baseweed-admin dbus-run-session[1028]:   INFO: ctrl-server: listening on /run/user/1000/qdshell.sock
Oct 03 18:29:28 baseweed-admin dbus-run-session[1028]:   WARN scene: QML Connections at @Services/Hardware/BrightnessService.qml[66:3]: Detected function "onEnableDdcSupportChanged" in Connections element. This is probably intended to be a signal handler but no signal of the target matches the name.
Oct 03 18:29:28 baseweed-admin dbus-run-session[1028]:   INFO qml: [20261003-182928]     Brightness Service started
Oct 03 18:29:29 baseweed-admin dbus-run-session[1028]:   INFO qml: [20261003-182929] DesktopWidgetR Service started
Oct 03 18:29:29 baseweed-admin dbus-run-session[1028]:   WARN scene: QML Connections at @Services/UI/BarService.qml[147:3]: Detected function "onDisplayModeChanged" in Connections element. This is probably intended to be a signal handler but no signal of the target matches the name.
Oct 03 18:29:29 baseweed-admin dbus-run-session[1028]:   WARN scene: QML Connections at @Services/UI/BarService.qml[147:3]: Detected function "onScreenOverridesChanged" in Connections element. This is probably intended to be a signal handler but no signal of the target matches the name.
Oct 03 18:29:29 baseweed-admin dbus-run-session[1028]:   INFO qml: [20261003-182929]     BarService Service started
Oct 03 18:29:29 baseweed-admin dbus-run-session[1028]:   WARN scene: QML Connections at @Services/Networking/NetworkService.qml[73:3]: Detected function "onWifiEnabledChanged" in Connections element. This is probably intended to be a signal handler but no signal of the target matches the name.
Oct 03 18:29:29 baseweed-admin dbus-run-session[1028]:   INFO qml: [20261003-182929]        Network Service started
Oct 03 18:29:29 baseweed-admin dbus-run-session[1028]:   WARN scene: QML Connections at @Modules/Panels/Dock/StaticDockPanel.qml[350:3]: Detected function "onPinnedAppsChanged" in Connections element. This is probably intended to be a signal handler but no signal of the target matches the name.
Oct 03 18:29:29 baseweed-admin dbus-run-session[1028]:   WARN scene: QML Connections at @Modules/Panels/Dock/StaticDockPanel.qml[350:3]: Detected function "onOnlySameOutputChanged" in Connections element. This is probably intended to be a signal handler but no signal of the target matches the name.
Oct 03 18:29:29 baseweed-admin dbus-run-session[1028]:   WARN scene: QML Connections at @Services/System/SystemStatService.qml[320:3]: Detected function "onEnableDgpuMonitoringChanged" in Connections element. This is probably intended to be a signal handler but no signal of the target matches the name.
Oct 03 18:29:29 baseweed-admin dbus-run-session[1028]:   INFO qml: [20261003-182929]     SystemStat Service started (polling deferred until a consumer registers).
Oct 03 18:29:29 baseweed-admin dbus-run-session[1028]:   WARN scene: QML Connections at @Modules/Panels/Dock/StaticDockPanel.qml[350:3]: Detected function "onPinnedAppsChanged" in Connections element. This is probably intended to be a signal handler but no signal of the target matches the name.
Oct 03 18:29:29 baseweed-admin dbus-run-session[1028]:   WARN scene: QML Connections at @Modules/Panels/Dock/StaticDockPanel.qml[350:3]: Detected function "onOnlySameOutputChanged" in Connections element. This is probably intended to be a signal handler but no signal of the target matches the name.
Oct 03 18:29:29 baseweed-admin dbus-run-session[1028]:   WARN scene: QML Connections at @Modules/Panels/Dock/StaticDockPanel.qml[350:3]: Detected function "onPinnedAppsChanged" in Connections element. This is probably intended to be a signal handler but no signal of the target matches the name.
Oct 03 18:29:29 baseweed-admin dbus-run-session[1028]:   WARN scene: QML Connections at @Modules/Panels/Dock/StaticDockPanel.qml[350:3]: Detected function "onOnlySameOutputChanged" in Connections element. This is probably intended to be a signal handler but no signal of the target matches the name.
Oct 03 18:29:29 baseweed-admin dbus-run-session[1028]:   WARN scene: QML Connections at @Services/UI/WallpaperService.qml[140:3]: Detected function "onWallpaperDownloaded" in Connections element. This is probably intended to be a signal handler but no signal of the target matches the name.
Oct 03 18:29:29 baseweed-admin dbus-run-session[1028]:   WARN scene: QML Connections at @Services/UI/WallpaperService.qml[61:3]: Detected function "onDirectoryChanged" in Connections element. This is probably intended to be a signal handler but no signal of the target matches the name.
Oct 03 18:29:29 baseweed-admin dbus-run-session[1028]:   WARN scene: QML Connections at @Services/UI/WallpaperService.qml[61:3]: Detected function "onEnableMultiMonitorDirectoriesChanged" in Connections element. This is probably intended to be a signal handler but no signal of the target matches the name.
Oct 03 18:29:29 baseweed-admin dbus-run-session[1028]:   WARN scene: QML Connections at @Services/UI/WallpaperService.qml[61:3]: Detected function "onAutomationEnabledChanged" in Connections element. This is probably intended to be a signal handler but no signal of the target matches the name.
Oct 03 18:29:29 baseweed-admin dbus-run-session[1028]:   WARN scene: QML Connections at @Services/UI/WallpaperService.qml[61:3]: Detected function "onRandomIntervalSecChanged" in Connections element. This is probably intended to be a signal handler but no signal of the target matches the name.
Oct 03 18:29:29 baseweed-admin dbus-run-session[1028]:   WARN scene: QML Connections at @Services/UI/WallpaperService.qml[61:3]: Detected function "onWallpaperChangeModeChanged" in Connections element. This is probably intended to be a signal handler but no signal of the target matches the name.
Oct 03 18:29:29 baseweed-admin dbus-run-session[1028]:   WARN scene: QML Connections at @Services/UI/WallpaperService.qml[61:3]: Detected function "onViewModeChanged" in Connections element. This is probably intended to be a signal handler but no signal of the target matches the name.
Oct 03 18:29:29 baseweed-admin dbus-run-session[1028]:   WARN scene: QML Connections at @Services/UI/WallpaperService.qml[61:3]: Detected function "onShowHiddenFilesChanged" in Connections element. This is probably intended to be a signal handler but no signal of the target matches the name.
Oct 03 18:29:29 baseweed-admin dbus-run-session[1028]:   WARN scene: QML Connections at @Services/UI/WallpaperService.qml[61:3]: Detected function "onUseSolidColorChanged" in Connections element. This is probably intended to be a signal handler but no signal of the target matches the name.
Oct 03 18:29:29 baseweed-admin dbus-run-session[1028]:   WARN scene: QML Connections at @Services/UI/WallpaperService.qml[61:3]: Detected function "onSolidColorChanged" in Connections element. This is probably intended to be a signal handler but no signal of the target matches the name.
Oct 03 18:29:29 baseweed-admin dbus-run-session[1028]:   WARN scene: QML Connections at @Services/UI/WallpaperService.qml[61:3]: Detected function "onSortOrderChanged" in Connections element. This is probably intended to be a signal handler but no signal of the target matches the name.
Oct 03 18:29:29 baseweed-admin dbus-run-session[1028]:   WARN scene: QML Connections at @Modules/Background/Background.qml[80:7]: Detected function "onFillModeChanged" in Connections element. This is probably intended to be a signal handler but no signal of the target matches the name.
Oct 03 18:29:29 baseweed-admin dbus-run-session[1028]:   WARN scene: QML Connections at @Modules/Background/Background.qml[80:7]: Detected function "onFillModeChanged" in Connections element. This is probably intended to be a signal handler but no signal of the target matches the name.
Oct 03 18:29:29 baseweed-admin dbus-run-session[1028]:   WARN scene: QML Connections at @Modules/Background/Background.qml[80:7]: Detected function "onFillModeChanged" in Connections element. This is probably intended to be a signal handler but no signal of the target matches the name.
Oct 03 18:29:29 baseweed-admin dbus-run-session[1028]:   WARN scene: QML Connections at @Modules/Dock/Dock.qml[45:7]: Detected function "onPinnedAppsChanged" in Connections element. This is probably intended to be a signal handler but no signal of the target matches the name.
Oct 03 18:29:29 baseweed-admin dbus-run-session[1028]:   WARN scene: QML Connections at @Modules/Dock/Dock.qml[45:7]: Detected function "onOnlySameOutputChanged" in Connections element. This is probably intended to be a signal handler but no signal of the target matches the name.
Oct 03 18:29:29 baseweed-admin dbus-run-session[1028]:   WARN scene: QML Connections at @Modules/Dock/Dock.qml[45:7]: Detected function "onPinnedAppsChanged" in Connections element. This is probably intended to be a signal handler but no signal of the target matches the name.
Oct 03 18:29:29 baseweed-admin dbus-run-session[1028]:   WARN scene: QML Connections at @Modules/Dock/Dock.qml[45:7]: Detected function "onOnlySameOutputChanged" in Connections element. This is probably intended to be a signal handler but no signal of the target matches the name.
Oct 03 18:29:29 baseweed-admin dbus-run-session[1028]:   WARN scene: QML Connections at @Modules/Dock/Dock.qml[45:7]: Detected function "onPinnedAppsChanged" in Connections element. This is probably intended to be a signal handler but no signal of the target matches the name.
Oct 03 18:29:29 baseweed-admin dbus-run-session[1028]:   WARN scene: QML Connections at @Modules/Dock/Dock.qml[45:7]: Detected function "onOnlySameOutputChanged" in Connections element. This is probably intended to be a signal handler but no signal of the target matches the name.
Oct 03 18:29:29 baseweed-admin dbus-run-session[1028]:   INFO qml: [20261003-182929]          Shell ---------------------------
Oct 03 18:29:29 baseweed-admin dbus-run-session[1028]:   INFO qml: [20261003-182929]      Wallpaper Service started
Oct 03 18:29:29 baseweed-admin dbus-run-session[1028]:   INFO qml: [20261003-182929]     ImageCache Service started
Oct 03 18:29:29 baseweed-admin dbus-run-session[1028]:   WARN scene: QML Connections at @Services/Theming/AppThemeService.qml[30:3]: Detected function "onDarkModeChanged" in Connections element. This is probably intended to be a signal handler but no signal of the target matches the name.
Oct 03 18:29:29 baseweed-admin dbus-run-session[1028]:   WARN scene: QML Connections at @Services/Theming/AppThemeService.qml[30:3]: Detected function "onMonitorForColorsChanged" in Connections element. This is probably intended to be a signal handler but no signal of the target matches the name.
Oct 03 18:29:29 baseweed-admin dbus-run-session[1028]:   WARN scene: QML Connections at @Services/Theming/AppThemeService.qml[30:3]: Detected function "onGenerationMethodChanged" in Connections element. This is probably intended to be a signal handler but no signal of the target matches the name.
Oct 03 18:29:29 baseweed-admin dbus-run-session[1028]:   INFO qml: [20261003-182929] AppThemeServic Service started
Oct 03 18:29:29 baseweed-admin dbus-run-session[1028]:   WARN scene: QML Connections at @Services/Theming/ColorSchemeService.qml[20:3]: Detected function "onDarkModeChanged" in Connections element. This is probably intended to be a signal handler but no signal of the target matches the name.
Oct 03 18:29:29 baseweed-admin dbus-run-session[1028]:   INFO qml: [20261003-182929]    ColorScheme Service started
Oct 03 18:29:29 baseweed-admin dbus-run-session[1028]:   INFO qml: [20261003-182929] AppPresentatio Service started
Oct 03 18:29:29 baseweed-admin dbus-run-session[1028]:   WARN scene: QML Connections at @Services/Location/DarkModeService.qml[43:3]: Detected function "onSchedulingModeChanged" in Connections element. This is probably intended to be a signal handler but no signal of the target matches the name.
Oct 03 18:29:29 baseweed-admin dbus-run-session[1028]:   WARN scene: QML Connections at @Services/Location/DarkModeService.qml[28:3]: Detected function "onManualSunriseChanged" in Connections element. This is probably intended to be a signal handler but no signal of the target matches the name.
Oct 03 18:29:29 baseweed-admin dbus-run-session[1028]:   WARN scene: QML Connections at @Services/Location/DarkModeService.qml[28:3]: Detected function "onManualSunsetChanged" in Connections element. This is probably intended to be a signal handler but no signal of the target matches the name.
Oct 03 18:29:29 baseweed-admin dbus-run-session[1028]:   INFO qml: [20261003-182929] DarkModeServic Service started
Oct 03 18:29:29 baseweed-admin dbus-run-session[1028]:   WARN scene: @Services/Location/DarkModeService.qml[29:5]: Unable to assign QJSValue to QObject*
Oct 03 18:29:29 baseweed-admin dbus-run-session[1028]:   WARN scene: @Services/Location/DarkModeService.qml[44:5]: Unable to assign QJSValue to QObject*
Oct 03 18:29:29 baseweed-admin dbus-run-session[1028]:   WARN scene: @Services/Theming/ColorSchemeService.qml[21:5]: Unable to assign QJSValue to QObject*
Oct 03 18:29:29 baseweed-admin dbus-run-session[1028]:   WARN scene: @Services/Theming/AppThemeService.qml[31:5]: Unable to assign QJSValue to QObject*
Oct 03 18:29:29 baseweed-admin dbus-run-session[1028]:   WARN scene: @Modules/Dock/Dock.qml[46:9]: Unable to assign QJSValue to QObject*
Oct 03 18:29:29 baseweed-admin dbus-run-session[1028]:   WARN scene: @Modules/Dock/Dock.qml[46:9]: Unable to assign QJSValue to QObject*
Oct 03 18:29:29 baseweed-admin dbus-run-session[1028]:   WARN scene: @Modules/Dock/Dock.qml[46:9]: Unable to assign QJSValue to QObject*
Oct 03 18:29:29 baseweed-admin dbus-run-session[1028]:   WARN scene: @Modules/Background/Background.qml[81:9]: Unable to assign QJSValue to QObject*
Oct 03 18:29:29 baseweed-admin dbus-run-session[1028]:   WARN scene: @Modules/Background/Background.qml[81:9]: Unable to assign QJSValue to QObject*
Oct 03 18:29:29 baseweed-admin dbus-run-session[1028]:   WARN scene: @Modules/Background/Background.qml[81:9]: Unable to assign QJSValue to QObject*
Oct 03 18:29:29 baseweed-admin dbus-run-session[1028]:   WARN scene: @Services/UI/WallpaperService.qml[62:5]: Unable to assign QJSValue to QObject*
Oct 03 18:29:29 baseweed-admin dbus-run-session[1028]:   WARN scene: @Modules/Panels/SessionMenu/SessionMenu.qml[152:5]: Unable to assign QJSValue to QObject*
Oct 03 18:29:29 baseweed-admin dbus-run-session[1028]:   WARN scene: @Modules/Panels/Dock/StaticDockPanel.qml[351:5]: Unable to assign QJSValue to QObject*
Oct 03 18:29:29 baseweed-admin dbus-run-session[1028]:   WARN scene: @Modules/Panels/SessionMenu/SessionMenu.qml[152:5]: Unable to assign QJSValue to QObject*
Oct 03 18:29:29 baseweed-admin dbus-run-session[1028]:   WARN scene: @Modules/Panels/Dock/StaticDockPanel.qml[351:5]: Unable to assign QJSValue to QObject*
Oct 03 18:29:29 baseweed-admin dbus-run-session[1028]:   WARN scene: @Services/System/SystemStatService.qml[321:5]: Unable to assign QJSValue to QObject*
Oct 03 18:29:29 baseweed-admin dbus-run-session[1028]:   WARN scene: @Modules/Panels/SessionMenu/SessionMenu.qml[152:5]: Unable to assign QJSValue to QObject*
Oct 03 18:29:29 baseweed-admin dbus-run-session[1028]:   WARN scene: @Services/Networking/NetworkService.qml[74:5]: Unable to assign QJSValue to QObject*
Oct 03 18:29:29 baseweed-admin dbus-run-session[1028]:   WARN scene: @Modules/Panels/Dock/StaticDockPanel.qml[351:5]: Unable to assign QJSValue to QObject*
Oct 03 18:29:29 baseweed-admin dbus-run-session[1028]:   WARN scene: @Services/UI/BarService.qml[148:5]: Unable to assign QJSValue to QObject*
Oct 03 18:29:29 baseweed-admin dbus-run-session[1028]:   WARN scene: @Services/Hardware/BrightnessService.qml[67:5]: Unable to assign QJSValue to QObject*
Oct 03 18:29:29 baseweed-admin dbus-run-session[1028]:   INFO qml: [20261003-182929]      Wallpaper Starting scan for Virtual-1 in /home/admin/Pictures/Wallpapers recursive: false
Oct 03 18:29:29 baseweed-admin dbus-run-session[1028]:   INFO qml: [20261003-182929]      Wallpaper Starting scan for pipewire-0 in /home/admin/Pictures/Wallpapers recursive: false
Oct 03 18:29:29 baseweed-admin dbus-run-session[1028]:   INFO qml: [20261003-182929]      Wallpaper Starting scan for pipewire-1 in /home/admin/Pictures/Wallpapers recursive: false
Oct 03 18:29:29 baseweed-admin dbus-run-session[1028]:   INFO qml: [20261003-182929]       Location Service started
Oct 03 18:29:29 baseweed-admin dbus-run-session[1028]:   WARN scene: QML Connections at @Services/Location/NightLightService.qml[96:3]: Detected function "onEnabledChanged" in Connections element. This is probably intended to be a signal handler but no signal of the target matches the name.
Oct 03 18:29:29 baseweed-admin dbus-run-session[1028]:   WARN scene: QML Connections at @Services/Location/NightLightService.qml[96:3]: Detected function "onForcedChanged" in Connections element. This is probably intended to be a signal handler but no signal of the target matches the name.
Oct 03 18:29:29 baseweed-admin dbus-run-session[1028]:   WARN scene: QML Connections at @Services/Location/NightLightService.qml[96:3]: Detected function "onNightTempChanged" in Connections element. This is probably intended to be a signal handler but no signal of the target matches the name.
Oct 03 18:29:29 baseweed-admin dbus-run-session[1028]:   WARN scene: QML Connections at @Services/Location/NightLightService.qml[96:3]: Detected function "onDayTempChanged" in Connections element. This is probably intended to be a signal handler but no signal of the target matches the name.
Oct 03 18:29:29 baseweed-admin dbus-run-session[1028]:   WARN scene: QML Connections at @Services/Control/HooksService.qml[16:3]: Detected function "onDarkModeChanged" in Connections element. This is probably intended to be a signal handler but no signal of the target matches the name.
Oct 03 18:29:29 baseweed-admin dbus-run-session[1028]:   INFO qml: [20261003-182929]   HooksService Service started
Oct 03 18:29:29 baseweed-admin dbus-run-session[1028]:   WARN quickshell.dbus.objectmanager: Failed to create DBusObjectManagerInterface for "org.bluez" "/" : QDBusError("org.freedesktop.DBus.Error.ServiceUnknown", "The name is not activatable")
Oct 03 18:29:29 baseweed-admin dbus-run-session[1028]:   INFO qml: [20261003-182929]      Bluetooth Service started
Oct 03 18:29:29 baseweed-admin dbus-run-session[1028]:   INFO qml: [20261003-182929]  IdleInhibitor Service started
Oct 03 18:29:29 baseweed-admin dbus-run-session[1028]:   INFO qml: [20261003-182929] CapabilityServ qdwin live-apply capabilities: pointer=false xkb=false wm=false output=false workspace=false idleDpms=false keybind=false
Oct 03 18:29:29 baseweed-admin dbus-run-session[1028]:   INFO qml: [20261003-182929]   PowerService Service started
Oct 03 18:29:29 baseweed-admin dbus-run-session[1028]:   INFO qml: [20261003-182929] AccessibilityS Service started
Oct 03 18:29:29 baseweed-admin dbus-run-session[1028]:   INFO qml: [20261003-182929]  KeyboardInput Service started
Oct 03 18:29:29 baseweed-admin dbus-run-session[1028]:   INFO qml: [20261003-182929] PointerInputSe Service started (qdwin live-apply: persist-only until shell binds >= v28)
Oct 03 18:29:29 baseweed-admin dbus-run-session[1028]:   INFO qml: [20261003-182929] WindowManagerS Service started (qdwin v25 live-apply: false, shortcuts: false)
Oct 03 18:29:29 baseweed-admin dbus-run-session[1028]:   INFO qml: [20261003-182929] SessionService started; saved=0 canApplyPlacement=false
Oct 03 18:29:29 baseweed-admin dbus-run-session[1028]:   INFO qml: [20261003-182929]    HostService Service started
Oct 03 18:29:29 baseweed-admin dbus-run-session[1028]:   INFO qml: [20261003-182929] CustomButtonIP Service started
Oct 03 18:29:29 baseweed-admin dbus-run-session[1028]:   INFO qml: [20261003-182929]     IPCService Service started
Oct 03 18:29:29 baseweed-admin dbus-run-session[1028]:   INFO qml: [20261003-182929]        PodApps service started
Oct 03 18:29:29 baseweed-admin dbus-run-session[1028]:   INFO qml: [20261003-182929]         VMApps service started
Oct 03 18:29:29 baseweed-admin dbus-run-session[1028]:   INFO qml: [20261003-182929]      Tier3Apps service started
Oct 03 18:29:29 baseweed-admin dbus-run-session[1028]:   INFO qml: [20261003-182929]     Tier3sApps service started
Oct 03 18:29:29 baseweed-admin dbus-run-session[1028]:   INFO qml: [20261003-182929]      Tier4Apps service started
Oct 03 18:29:29 baseweed-admin dbus-run-session[1028]:   INFO qml: [20261003-182929] RemoteMachineW service started
Oct 03 18:29:29 baseweed-admin dbus-run-session[1028]:   INFO qml: [20261003-182929]  Tier3FocusIPC service started
Oct 03 18:29:29 baseweed-admin dbus-run-session[1028]:   WARN quickshell.dbus: Could not launch service org.freedesktop.UPower.PowerProfiles: QDBusError(org.freedesktop.DBus.Error.ServiceUnknown, The name is not activatable)
Oct 03 18:29:29 baseweed-admin dbus-run-session[1028]:   WARN quickshell.service.powerprofiles: Could not start PowerProfilesDaemon. The PowerProfiles service will not work.
Oct 03 18:29:29 baseweed-admin dbus-run-session[1028]:   INFO qml: [20261003-182929]          Qdwin qdwin_shell_v1 bound v34
Oct 03 18:29:29 baseweed-admin dbus-run-session[1028]:   INFO qml: [20261003-182929]  ClipboardGate wired to qdwin_shell_v1; broker default=deny
Oct 03 18:29:29 baseweed-admin dbus-run-session[1028]:   INFO qml: [20261003-182929] WindowManagerS applied WM policy focus=click placement=smart snap=true/16
Oct 03 18:29:29 baseweed-admin dbus-run-session[1028]:   INFO qml: [20261003-182929] CapabilityServ wmPolicy -> true
Oct 03 18:29:29 baseweed-admin dbus-run-session[1028]:   INFO qml: [20261003-182929] WindowManagerS registered WM shortcuts (5 active)
Oct 03 18:29:29 baseweed-admin dbus-run-session[1028]:   INFO qml: [20261003-182929] CapabilityServ keybindRegistration -> true
Oct 03 18:29:29 baseweed-admin dbus-run-session[1028]:   INFO qml: [20261003-182929] PointerInputSe applied pointer config accelSpeed=0 profile=0 natural=0 tap=1 scroll=1
Oct 03 18:29:29 baseweed-admin dbus-run-session[1028]:   INFO qml: [20261003-182929] CapabilityServ pointerConfig -> true
Oct 03 18:29:29 baseweed-admin dbus-run-session[1028]:   INFO qml: [20261003-182929]  KeyboardInput applied qdwin key-repeat rate=25 delay=500
Oct 03 18:29:29 baseweed-admin dbus-run-session[1028]:   INFO qml: [20261003-182929] CapabilityServ xkbRepeat -> true
Oct 03 18:29:29 baseweed-admin dbus-run-session[1028]:   INFO qml: [20261003-182929]   PowerService idle policy armed: inactivity=0ms (nothing), displayOff=0ms, presentation=false
Oct 03 18:29:29 baseweed-admin dbus-run-session[1028]:   INFO qml: [20261003-182929] CapabilityServ idleDpms -> true
Oct 03 18:29:29 baseweed-admin dbus-run-session[1028]:   INFO qml: [20261003-182929] CapabilityServ outputManagement -> true
Oct 03 18:29:29 baseweed-admin dbus-run-session[1028]:   WARN qml: [20261003-182929]       Location Weather is still fetching
Oct 03 18:29:29 baseweed-admin dbus-run-session[1028]:   WARN quickshell.dbus: Could not launch service org.freedesktop.UPower: QDBusError(org.freedesktop.DBus.Error.ServiceUnknown, The name is not activatable)
Oct 03 18:29:29 baseweed-admin dbus-run-session[1028]:   WARN quickshell.service.upower: Could not start UPower. The UPower service will not work.
Oct 03 18:29:29 baseweed-admin dbus-run-session[1028]:   INFO qml: [20261003-182929]    HostService Detected openSUSE Tumbleweed
Oct 03 18:29:29 baseweed-admin dbus-run-session[1028]:   INFO qml: [20261003-182929]    HostService Looking for logo icon: distributor-logo-Tumbleweed
Oct 03 18:29:29 baseweed-admin dbus-run-session[1028]:   INFO qml: [20261003-182929]    HostService resolved hostname baseweed-admin
Oct 03 18:29:29 baseweed-admin dbus-run-session[1028]:   WARN: Process failed to start, likely because the binary could not be found. Command: QList("bluetoothctl", "show")
Oct 03 18:29:29 baseweed-admin dbus-run-session[1028]:   WARN: Process failed to start, likely because the binary could not be found. Command: QList("udisksctl", "monitor")
Oct 03 18:29:29 baseweed-admin dbus-run-session[1028]:  ERROR qml: [20261003-182929]       Location Geocoding error: 0
Oct 03 18:29:29 baseweed-admin dbus-run-session[1028]:   WARN scene: QML Connections at qs:/usr/share/quickshell/qdshell/Modules/Bar/Widgets/Taskbar.qml[981:3]: Detected function "onPinnedAppsChanged" in Connections element. This is probably intended to be a signal handler but no signal of the target matches the name.
Oct 03 18:29:29 baseweed-admin dbus-run-session[1028]:   WARN scene: QML Connections at qs:/usr/share/quickshell/qdshell/Modules/Bar/Widgets/Taskbar.qml[981:3]: Detected function "onPinnedAppsChanged" in Connections element. This is probably intended to be a signal handler but no signal of the target matches the name.
Oct 03 18:29:29 baseweed-admin dbus-run-session[1028]:   WARN scene: QML Connections at qs:/usr/share/quickshell/qdshell/Modules/Bar/Widgets/Taskbar.qml[981:3]: Detected function "onPinnedAppsChanged" in Connections element. This is probably intended to be a signal handler but no signal of the target matches the name.
Oct 03 18:29:29 baseweed-admin dbus-run-session[1028]:   WARN: Could not load icon "user-desktop?fallback=application-x-executable" at size QSize(19, 19) from request
Oct 03 18:29:30 baseweed-admin dbus-run-session[1028]:   WARN: Could not load icon "user-desktop?fallback=application-x-executable" at size QSize(2, 2) from request
Oct 03 18:29:30 baseweed-admin dbus-run-session[1028]:   WARN scene: qs:/usr/share/quickshell/qdshell/Modules/Bar/Widgets/Taskbar.qml[982:5]: Unable to assign QJSValue to QObject*
Oct 03 18:29:30 baseweed-admin dbus-run-session[1028]:   WARN scene: qs:/usr/share/quickshell/qdshell/Modules/Bar/Widgets/Taskbar.qml[982:5]: Unable to assign QJSValue to QObject*
Oct 03 18:29:30 baseweed-admin dbus-run-session[1028]:   WARN scene: qs:/usr/share/quickshell/qdshell/Modules/Bar/Widgets/Taskbar.qml[982:5]: Unable to assign QJSValue to QObject*
Oct 03 18:29:30 baseweed-admin dbus-run-session[1028]:   WARN scene: @Services/Control/HooksService.qml[17:5]: Unable to assign QJSValue to QObject*
Oct 03 18:29:30 baseweed-admin dbus-run-session[1028]:   WARN scene: @Services/Location/NightLightService.qml[97:5]: Unable to assign QJSValue to QObject*
Oct 03 18:29:30 baseweed-admin dbus-run-session[1028]:   INFO qml: [20261003-182930] PluginRegistry All plugin manifests loaded. Total plugins: 0
Oct 03 18:29:30 baseweed-admin dbus-run-session[1028]:   INFO qml: [20261003-182930]  PluginService Initializing plugin system
Oct 03 18:29:30 baseweed-admin dbus-run-session[1028]:   INFO qml: [20261003-182930]  PluginService Found 0 enabled plugins: []
Oct 03 18:29:30 baseweed-admin dbus-run-session[1028]:   INFO qml: [20261003-182930]  PluginService No plugins to load
Oct 03 18:29:30 baseweed-admin dbus-run-session[1028]:   INFO qml: [20261003-182930]  PluginService Refreshing available plugins
Oct 03 18:29:30 baseweed-admin dbus-run-session[1028]:   WARN qml: [20261003-182930]     ImageCache ImageMagick not found, using Qt fallback
Oct 03 18:29:30 baseweed-admin dbus-run-session[1028]:   WARN qml: [20261003-182930]      Wallpaper Scan failed for Virtual-1 exit code: 1 (directory might not exist)
Oct 03 18:29:30 baseweed-admin dbus-run-session[1028]:   WARN qml: [20261003-182930]      Wallpaper Scan failed for pipewire-0 exit code: 1 (directory might not exist)
Oct 03 18:29:30 baseweed-admin dbus-run-session[1028]:   WARN qml: [20261003-182930]      Wallpaper Scan failed for pipewire-1 exit code: 1 (directory might not exist)
Oct 03 18:29:30 baseweed-admin dbus-run-session[1028]:   WARN qml: [20261003-182930]   PowerService Button monitor unavailable (exit 1); releasing key inhibitors, logind will handle power/sleep keys
Oct 03 18:29:30 baseweed-admin dbus-run-session[1028]:   INFO qml: [20261003-182930]  KeyboardInput applied qdwin key-repeat rate=25 delay=500
Oct 03 18:29:30 baseweed-admin dbus-run-session[1028]:   INFO qml: [20261003-182930] PointerInputSe enumerated 3 pointer device(s) via proc
Oct 03 18:29:30 baseweed-admin dbus-run-session[1028]:   INFO qml: [20261003-182930]        PodApps cache refresh loaded 0 apps
Oct 03 18:29:50 baseweed-admin dbus-run-session[1028]:   INFO qml: [20261003-182950]           Time Time jump detected (22s) - likely system resume
Oct 03 18:29:50 baseweed-admin dbus-run-session[1028]:   INFO qml: [20261003-182950]        Network System resumed - forcing state poll
Oct 03 18:29:50 baseweed-admin dbus-run-session[1028]:   INFO qml: [20261003-182950]     SystemStat System resumed - resetting differential state
Oct 03 18:29:50 baseweed-admin dbus-run-session[1028]:   INFO qml: [20261003-182950] DarkModeServic System resumed - re-evaluating dark mode
Oct 03 18:29:50 baseweed-admin dbus-run-session[1028]:   INFO qml: [20261003-182950]     NightLight System resumed - re-applying night light
Oct 03 18:29:50 baseweed-admin dbus-run-session[1028]:   INFO qml: [20261003-182950]      Bluetooth System resumed - forcing state poll
Oct 03 18:29:50 baseweed-admin dbus-run-session[1028]:   INFO qml: [20261003-182950]    ColorScheme Applying color scheme: Qdshell (default)
Oct 03 18:29:50 baseweed-admin dbus-run-session[1028]:   INFO qml: [20261003-182950]           Font Service started
Oct 03 18:29:51 baseweed-admin dbus-run-session[1028]:  ERROR qml: [20261003-182951]  PluginService Empty response from Qdshell Plugins
Oct 03 18:29:51 baseweed-admin dbus-run-session[1028]:  ERROR qml: [20261003-182951]  PluginService Failed to fetch registry from Qdshell Plugins - exit code: 1
Oct 03 18:29:51 baseweed-admin dbus-run-session[1028]:   INFO qml: [20261003-182951]        PodApps cache refresh loaded 0 apps
Oct 03 18:29:52 baseweed-admin dbus-run-session[1028]:   WARN qml: [20261003-182952]        Network Connectivity check error: Error: Not authorized to recheck connectivity.
Oct 03 18:29:52 baseweed-admin dbus-run-session[1028]:   INFO qml: [20261003-182952]           Font Loaded 11 fonts, 3 monospace
Oct 03 18:29:53 baseweed-admin dbus-run-session[1028]:   WARN: Process failed to start, likely because the binary could not be found. Command: QList("bluetoothctl", "show")
Oct 03 18:29:54 baseweed-admin dbus-run-session[1028]:   WARN qml: [20261003-182954]     SystemStat No supported temperature sensor found
Oct 03 18:29:54 baseweed-admin dbus-run-session[1028]:   INFO qml: [20261003-182954] DarkModeServic Resume retry - re-evaluating dark mode again
Oct 03 18:29:54 baseweed-admin dbus-run-session[1028]:   INFO qml: [20261003-182954]     NightLight Resume retry - re-applying night light again
Oct 03 18:29:54 baseweed-admin dbus-run-session[1028]:   WARN: Process failed to start, likely because the binary could not be found. Command: QList("bluetoothctl", "show")
Oct 03 18:29:56 baseweed-admin dbus-run-session[1028]:   WARN: Process failed to start, likely because the binary could not be found. Command: QList("bluetoothctl", "show")
Oct 03 18:29:58 baseweed-admin dbus-run-session[1028]:   WARN: Process failed to start, likely because the binary could not be found. Command: QList("bluetoothctl", "show")
Oct 03 18:30:00 baseweed-admin dbus-run-session[1028]:   WARN: Process failed to start, likely because the binary could not be found. Command: QList("bluetoothctl", "show")
Oct 03 18:30:02 baseweed-admin dbus-run-session[1028]:   WARN: Process failed to start, likely because the binary could not be found. Command: QList("bluetoothctl", "show")
Oct 03 18:30:04 baseweed-admin dbus-run-session[1028]:   WARN: Process failed to start, likely because the binary could not be found. Command: QList("bluetoothctl", "show")
Oct 03 18:30:04 baseweed-admin dbus-run-session[1028]:   WARN qml: [20261003-183004]       Location Weather is still fetching
Oct 03 18:30:04 baseweed-admin dbus-run-session[1028]:  ERROR qml: [20261003-183004]       Location Geocoding error: 0
Oct 03 18:30:05 baseweed-admin dbus-run-session[1028]:   WARN qml: [20261003-183005]        Network Connectivity check error: Error: Not authorized to recheck connectivity.
Oct 03 18:30:06 baseweed-admin dbus-run-session[1028]:   WARN: Process failed to start, likely because the binary could not be found. Command: QList("bluetoothctl", "show")
Oct 03 18:30:08 baseweed-admin dbus-run-session[1028]:   WARN: Process failed to start, likely because the binary could not be found. Command: QList("bluetoothctl", "show")
Oct 03 18:30:10 baseweed-admin dbus-run-session[1028]:   WARN: Process failed to start, likely because the binary could not be found. Command: QList("bluetoothctl", "show")
Oct 03 18:30:12 baseweed-admin dbus-run-session[1028]:   WARN: Process failed to start, likely because the binary could not be found. Command: QList("bluetoothctl", "show")
Oct 03 18:30:15 baseweed-admin dbus-run-session[1028]:   WARN: Process failed to start, likely because the binary could not be found. Command: QList("bluetoothctl", "show")
Oct 03 18:30:15 baseweed-admin dbus-run-session[1028]:   INFO qml: [20261003-183015]        PodApps cache refresh loaded 0 apps
Oct 03 18:30:16 baseweed-admin dbus-run-session[1028]:   WARN: Process failed to start, likely because the binary could not be found. Command: QList("bluetoothctl", "show")
Oct 03 18:30:18 baseweed-admin dbus-run-session[1028]:   WARN: Process failed to start, likely because the binary could not be found. Command: QList("bluetoothctl", "show")
Oct 03 18:30:20 baseweed-admin dbus-run-session[1028]:   WARN: Process failed to start, likely because the binary could not be found. Command: QList("bluetoothctl", "show")
Oct 03 18:30:20 baseweed-admin dbus-run-session[1028]:   WARN qml: [20261003-183020]        Network Connectivity check error: Error: Not authorized to recheck connectivity.
Oct 03 18:30:22 baseweed-admin dbus-run-session[1028]:   WARN: Process failed to start, likely because the binary could not be found. Command: QList("bluetoothctl", "show")
Oct 03 18:30:24 baseweed-admin dbus-run-session[1028]:   WARN: Process failed to start, likely because the binary could not be found. Command: QList("bluetoothctl", "show")
Oct 03 18:30:24 baseweed-admin dbus-run-session[1028]:   WARN qml: [20261003-183024]       Location Weather is still fetching
Oct 03 18:30:24 baseweed-admin dbus-run-session[1028]:  ERROR qml: [20261003-183024]       Location Geocoding error: 0
Oct 03 18:30:26 baseweed-admin dbus-run-session[1028]:   WARN: Process failed to start, likely because the binary could not be found. Command: QList("bluetoothctl", "show")
Oct 03 18:30:28 baseweed-admin dbus-run-session[1028]:   WARN: Process failed to start, likely because the binary could not be found. Command: QList("bluetoothctl", "show")
Oct 03 18:30:30 baseweed-admin dbus-run-session[1028]:   WARN: Process failed to start, likely because the binary could not be found. Command: QList("bluetoothctl", "show")
Oct 03 18:30:32 baseweed-admin dbus-run-session[1028]:   WARN: Process failed to start, likely because the binary could not be found. Command: QList("bluetoothctl", "show")
Oct 03 18:30:34 baseweed-admin dbus-run-session[1028]:   WARN: Process failed to start, likely because the binary could not be found. Command: QList("bluetoothctl", "show")
Oct 03 18:30:35 baseweed-admin dbus-run-session[1028]:   WARN qml: [20261003-183035]        Network Connectivity check error: Error: Not authorized to recheck connectivity.
Oct 03 18:30:36 baseweed-admin dbus-run-session[1028]:   WARN: Process failed to start, likely because the binary could not be found. Command: QList("bluetoothctl", "show")
Oct 03 18:30:38 baseweed-admin dbus-run-session[1028]:   WARN: Process failed to start, likely because the binary could not be found. Command: QList("bluetoothctl", "show")
Oct 03 18:30:40 baseweed-admin dbus-run-session[1028]:   WARN: Process failed to start, likely because the binary could not be found. Command: QList("bluetoothctl", "show")
Oct 03 18:30:42 baseweed-admin dbus-run-session[1028]:   WARN: Process failed to start, likely because the binary could not be found. Command: QList("bluetoothctl", "show")
Oct 03 18:30:44 baseweed-admin dbus-run-session[1028]:   WARN: Process failed to start, likely because the binary could not be found. Command: QList("bluetoothctl", "show")
Oct 03 18:30:44 baseweed-admin dbus-run-session[1028]:   WARN qml: [20261003-183044]       Location Weather is still fetching
Oct 03 18:30:44 baseweed-admin dbus-run-session[1028]:  ERROR qml: [20261003-183044]       Location Geocoding error: 0
Oct 03 18:30:44 baseweed-admin dbus-run-session[1028]:   INFO qml: [20261003-183044]        PodApps cache refresh loaded 0 apps
Oct 03 18:30:46 baseweed-admin dbus-run-session[1028]:   WARN: Process failed to start, likely because the binary could not be found. Command: QList("bluetoothctl", "show")
Oct 03 18:30:48 baseweed-admin dbus-run-session[1028]:   WARN: Process failed to start, likely because the binary could not be found. Command: QList("bluetoothctl", "show")
Oct 03 18:30:50 baseweed-admin dbus-run-session[1028]:   WARN: Process failed to start, likely because the binary could not be found. Command: QList("bluetoothctl", "show")
Oct 03 18:30:50 baseweed-admin dbus-run-session[1028]:   WARN qml: [20261003-183050]        Network Connectivity check error: Error: Not authorized to recheck connectivity.
Oct 03 18:30:52 baseweed-admin dbus-run-session[1028]:   WARN: Process failed to start, likely because the binary could not be found. Command: QList("bluetoothctl", "show")
Oct 03 18:30:52 baseweed-admin dbus-run-session[1028]:   INFO qml: [20261003-183052]        PodApps auto-scan: qdistro-tier3s-s128a transitioned to running
Oct 03 18:30:52 baseweed-admin dbus-run-session[1028]:   INFO qml: [20261003-183052]          Qdwin toplevel_security_context handle=1 engine=qdistro.tier3s app_id=qdistro.tier3s.s128a instance=a5a33cf28066a5fdde0392f7b8c5be04
Oct 03 18:30:52 baseweed-admin dbus-run-session[1028]:   INFO qml: [20261003-183052]     Tier3sApps [tier3s] toplevel observed silo=s128a secctx=qdistro.tier3s.s128a color=#64b5f6 handle=1
Oct 03 18:30:52 baseweed-admin dbus-run-session[1028]:   INFO qml: [20261003-183052]     Tier3sApps [tier3s] silo=s128a color=#64b5f6
Oct 03 18:30:52 baseweed-admin dbus-run-session[1028]:   WARN: Could not load icon "org.freedesktop.weston.wayland-terminal?fallback=application-x-executable" at size QSize(19, 19) from request
Oct 03 18:30:54 baseweed-admin dbus-run-session[1028]:   WARN: Process failed to start, likely because the binary could not be found. Command: QList("bluetoothctl", "show")
Oct 03 18:30:55 baseweed-admin podman[5215]: 2026-10-03 18:30:55.070989537 +0000 UTC m=+0.131615925 container exec dcf3002b57c9b906d8d8747e198cb611d8eb428d20e004bc883b0e9f8abf77ef (image=localhost/qdistro/tier3s-weston-terminal:latest, name=qdistro-tier3s-s128a, org.opencontainers.image.source=https://build.opensuse.org/package/show/openSUSE:Factory/opensuse-tumbleweed-image?rev=561f9d4c8e4e1a441f95ad4ec6b5a914, org.opensuse.base.source=https://build.opensuse.org/package/show/openSUSE:Factory/opensuse-tumbleweed-image?rev=561f9d4c8e4e1a441f95ad4ec6b5a914, org.opensuse.reference=registry.opensuse.org/opensuse/tumbleweed:20260930.37.208, org.opensuse.base.lifecycle-url=https://en.opensuse.org/Lifetime, org.opensuse.base.description=Image containing a minimal environment for containers based on openSUSE Tumbleweed., org.opensuse.base.disturl=obs://build.opensuse.org/openSUSE:Factory/images/561f9d4c8e4e1a441f95ad4ec6b5a914-opensuse-tumbleweed-image:docker, org.opensuse.base.vendor=openSUSE Project, qdistro_tier3s_token=a5a33cf28066a5fdde0392f7b8c5be04, org.opensuse.lifecycle-url=https://en.opensuse.org/Lifetime, org.opencontainers.image.url=https://www.opensuse.org, io.buildah.version=1.44.1, org.openbuildservice.disturl=obs://build.opensuse.org/openSUSE:Factory/images/561f9d4c8e4e1a441f95ad4ec6b5a914-opensuse-tumbleweed-image:docker, org.qdistro.snapshot=20260930, qdistro_tier3s_unit=qdistro-tier3s-silo@s128a.service, org.opencontainers.image.created=2026-09-30T20:05:54.126624488Z, org.opensuse.base.created=2026-09-30T20:05:54.126624488Z, org.opencontainers.image.description=Image containing a minimal environment for containers based on openSUSE Tumbleweed., org.opencontainers.image.title=openSUSE Tumbleweed Base Container, org.opensuse.base.url=https://www.opensuse.org, org.opensuse.base.reference=registry.opensuse.org/opensuse/tumbleweed:20260930.37.208, org.opensuse.base.version=20260930.37.208, org.opencontainers.image.vendor=openSUSE Project, org.opencontainers.image.version=20260930.37.208, org.opensuse.base.title=openSUSE Tumbleweed Base Container, org.qdistro.tier3s.workload=weston-terminal)
Oct 03 18:30:55 baseweed-admin conmon[5228]: conmon dcf3002b57c9b906d8d8 <nwarn>: Failed to open cgroups file: /sys/fs/cgroup/user.slice/user-1000.slice/user@1000.service/app.slice/qdshell.service/memory.events
Oct 03 18:30:55 baseweed-admin podman[5244]: 2026-10-03 18:30:55.180642131 +0000 UTC m=+0.095325939 container exec_died dcf3002b57c9b906d8d8747e198cb611d8eb428d20e004bc883b0e9f8abf77ef (image=localhost/qdistro/tier3s-weston-terminal:latest, name=qdistro-tier3s-s128a, org.opensuse.base.source=https://build.opensuse.org/package/show/openSUSE:Factory/opensuse-tumbleweed-image?rev=561f9d4c8e4e1a441f95ad4ec6b5a914, org.opensuse.base.lifecycle-url=https://en.opensuse.org/Lifetime, org.qdistro.snapshot=20260930, org.opensuse.base.reference=registry.opensuse.org/opensuse/tumbleweed:20260930.37.208, org.opencontainers.image.url=https://www.opensuse.org, org.opencontainers.image.version=20260930.37.208, org.opensuse.base.description=Image containing a minimal environment for containers based on openSUSE Tumbleweed., org.opensuse.base.title=openSUSE Tumbleweed Base Container, org.opensuse.base.disturl=obs://build.opensuse.org/openSUSE:Factory/images/561f9d4c8e4e1a441f95ad4ec6b5a914-opensuse-tumbleweed-image:docker, org.qdistro.tier3s.workload=weston-terminal, io.buildah.version=1.44.1, org.opencontainers.image.title=openSUSE Tumbleweed Base Container, org.opensuse.lifecycle-url=https://en.opensuse.org/Lifetime, org.opencontainers.image.description=Image containing a minimal environment for containers based on openSUSE Tumbleweed., qdistro_tier3s_unit=qdistro-tier3s-silo@s128a.service, org.openbuildservice.disturl=obs://build.opensuse.org/openSUSE:Factory/images/561f9d4c8e4e1a441f95ad4ec6b5a914-opensuse-tumbleweed-image:docker, org.opencontainers.image.vendor=openSUSE Project, org.opensuse.base.version=20260930.37.208, org.opensuse.base.created=2026-09-30T20:05:54.126624488Z, org.opensuse.base.url=https://www.opensuse.org, org.opensuse.reference=registry.opensuse.org/opensuse/tumbleweed:20260930.37.208, qdistro_tier3s_token=a5a33cf28066a5fdde0392f7b8c5be04, org.opencontainers.image.source=https://build.opensuse.org/package/show/openSUSE:Factory/opensuse-tumbleweed-image?rev=561f9d4c8e4e1a441f95ad4ec6b5a914, execID=c3915836d26e14f7e914ee5e4a3d6e9b9ba47e17c59dcd89d19b1daa8fa0f007, org.opencontainers.image.created=2026-09-30T20:05:54.126624488Z, org.opensuse.base.vendor=openSUSE Project)
Oct 03 18:30:55 baseweed-admin podman[5215]: 2026-10-03 18:30:55.234780488 +0000 UTC m=+0.295406887 container exec_died dcf3002b57c9b906d8d8747e198cb611d8eb428d20e004bc883b0e9f8abf77ef (image=localhost/qdistro/tier3s-weston-terminal:latest, name=qdistro-tier3s-s128a, org.opencontainers.image.version=20260930.37.208, org.opensuse.base.created=2026-09-30T20:05:54.126624488Z, org.opensuse.base.source=https://build.opensuse.org/package/show/openSUSE:Factory/opensuse-tumbleweed-image?rev=561f9d4c8e4e1a441f95ad4ec6b5a914, org.opencontainers.image.title=openSUSE Tumbleweed Base Container, org.qdistro.tier3s.workload=weston-terminal, org.opencontainers.image.url=https://www.opensuse.org, org.opensuse.base.reference=registry.opensuse.org/opensuse/tumbleweed:20260930.37.208, org.opensuse.base.version=20260930.37.208, io.buildah.version=1.44.1, org.opencontainers.image.description=Image containing a minimal environment for containers based on openSUSE Tumbleweed., qdistro_tier3s_token=a5a33cf28066a5fdde0392f7b8c5be04, org.opensuse.base.title=openSUSE Tumbleweed Base Container, org.qdistro.snapshot=20260930, org.opensuse.base.disturl=obs://build.opensuse.org/openSUSE:Factory/images/561f9d4c8e4e1a441f95ad4ec6b5a914-opensuse-tumbleweed-image:docker, org.opensuse.base.vendor=openSUSE Project, org.opensuse.lifecycle-url=https://en.opensuse.org/Lifetime, qdistro_tier3s_unit=qdistro-tier3s-silo@s128a.service, org.opencontainers.image.created=2026-09-30T20:05:54.126624488Z, org.opencontainers.image.source=https://build.opensuse.org/package/show/openSUSE:Factory/opensuse-tumbleweed-image?rev=561f9d4c8e4e1a441f95ad4ec6b5a914, execID=c3915836d26e14f7e914ee5e4a3d6e9b9ba47e17c59dcd89d19b1daa8fa0f007, org.opensuse.reference=registry.opensuse.org/opensuse/tumbleweed:20260930.37.208, org.opensuse.base.lifecycle-url=https://en.opensuse.org/Lifetime, org.openbuildservice.disturl=obs://build.opensuse.org/openSUSE:Factory/images/561f9d4c8e4e1a441f95ad4ec6b5a914-opensuse-tumbleweed-image:docker, org.opensuse.base.description=Image containing a minimal environment for containers based on openSUSE Tumbleweed., org.opensuse.base.url=https://www.opensuse.org, org.opencontainers.image.vendor=openSUSE Project)
Oct 03 18:30:55 baseweed-admin dbus-run-session[1028]:   INFO qml: [20261003-183055]        PodApps cache refresh loaded 0 apps
Oct 03 18:30:56 baseweed-admin dbus-run-session[1028]:   WARN: Process failed to start, likely because the binary could not be found. Command: QList("bluetoothctl", "show")
Oct 03 18:30:58 baseweed-admin dbus-run-session[1028]:   WARN: Process failed to start, likely because the binary could not be found. Command: QList("bluetoothctl", "show")
Oct 03 18:31:00 baseweed-admin dbus-run-session[1028]:   WARN: Process failed to start, likely because the binary could not be found. Command: QList("bluetoothctl", "show")
Oct 03 18:31:02 baseweed-admin dbus-run-session[1028]:   WARN: Process failed to start, likely because the binary could not be found. Command: QList("bluetoothctl", "show")
