
## provision silos (broker allow + images)
silos.yaml: benchhead argv -> ["qdistro-tier3s-smoke", "--hold", "900"]
silos.yaml: benchflood argv -> ["foot", "-e", "/bin/sh", "-c", "while true; do head -c 2097152 /dev/urandom | base64; done"]

## env
MEAS kernel 7.2.8-1-default -
MEAS nproc 4 -
MEAS mem_total_mb 3913 MB
MEAS selinux Enforcing -
MEAS runsc_release 20260928.0 -
MEAS runsc_version runsc version release-20260928.0 -
MEAS host_is_vm kvm -
MEAS commit c0fada06ed58b19990826723f164cadd216d9caf -
MEAS utc 2026-10-06T23:29:36Z -

## cold start to window (tier3s GUI launch)
MEAS cold_start_to_window_ms_1 1469 ms
MEAS cold_startsilo_call_ms_1 1595 ms
MEAS teardown_benchgui_ms 2536 ms
MEAS cold_start_to_window_ms_2 1739 ms
MEAS cold_startsilo_call_ms_2 1893 ms
MEAS teardown_benchgui_ms 2578 ms
MEAS cold_start_to_window_ms_3 1486 ms
MEAS cold_startsilo_call_ms_3 1651 ms
MEAS teardown_benchgui_ms 2578 ms
MEAS t2_podman_create_start_ms_1 182 ms
MEAS t2_podman_create_start_ms_2 266 ms
MEAS t2_podman_create_start_ms_3 263 ms

## idle memory
MEAS t3s_gui_scope_memory_current_mb 54.5 MB
MEAS t3s_gui_scope_pss_mb 180.0 MB
MEAS t3s_gui_bridge_client_pss_mb 7.5 MB
MEAS t3s_gui_scope_procs 17 count
MEAS t3s_headless_scope_memory_current_mb 44.5 MB
MEAS t3s_headless_scope_pss_mb 93.2 MB
MEAS t3s_headless_scope_procs 23 count
MEAS t2_idle_memory_current_mb 0.5 MB
MEAS t2_idle_pss_mb 2.1 MB
MEAS t3s_gui_idle_cpu_pct 0.16 pct_core
MEAS t3s_headless_idle_cpu_pct 0.17 pct_core
MEAS t2_idle_cpu_pct 0.00 pct_core
MEAS teardown_benchgui_ms 3183 ms

## syscall cost (syscost binary, self-timed)
MEAS t2_runtime runc -
MEAS sys_host getpid_ms_per_100k=3.359 openclose_ms_per_20k=8.617 forkexec_ms_per_1k=359.807  -
MEAS sys_t2_runc getpid_ms_per_100k=4.170 openclose_ms_per_20k=10.695 forkexec_ms_per_1k=439.777  -
MEAS sys_t3s_systrap getpid_ms_per_100k=48.163 openclose_ms_per_20k=115.354 forkexec_ms_per_1k=4141.837  -
MEAS sys_t3s_systrap_nofastpath getpid_ms_per_100k=1418.216 openclose_ms_per_20k=651.675 forkexec_ms_per_1k=4375.354  -

## file I/O: tar xf ~200MB into a 1GiB tmpfs
MEAS io_tree_mb 200 MB
MEAS io_tar_host_ms 74 ms
MEAS io_tar_t2_ms_1 61 ms
MEAS io_tar_t2_ms_2 69 ms
MEAS io_tar_t3s_ms_1 234 ms
MEAS io_tar_t3s_ms_2 319 ms
MEAS io_tar_t3s_directfs_off_ms 224 ms

## waypipe bridge PSS under shm load (foot flood)
MEAS bridge_client_pss_start_mb 7.5 MB
MEAS bridge_client_pss_peak_mb 8.7 MB
MEAS bridge_rchar_delta_kb 50989 KB
MEAS teardown_benchflood_ms 2660 ms

## per-silo on-disk overhead
MEAS silo_store_mb 1360 MB
MEAS silo_runsc_state_mb 0 MB
MEAS silo_runtime_mb 1 MB
[bench] 0 passes, 0 failures
