[vm-exec] guest identity pinned (pid 3320 start 5115)
[vm-exec] Waiting... (polls=30s elapsed=31s)
[vm-exec] Waiting... (polls=60s elapsed=63s)
[vm-exec] Waiting... (polls=90s elapsed=94s)

## 0. preconditions
PASS: probe PASS (0)
PASS: broker allows the smoke spawn (allow)
PASS: launch unit carries StopPropagatedFrom= the manager (O11) (qdistro-session-manager.service)
PASS: pre: control records (0)
PASS: pre: scopes (0)
PASS: pre: labelled containers (0)
PASS: pre: runsc-bundle processes (0)
PASS: pre: state root holds no container state (0)
PASS: pre: no cleanup call scope left (0)
PASS: pre: no cleanup work dir left (0)
PASS: CreateTier3sSilo s122a (Created)
PASS: CreateTier3sSilo s122b (Created)
    silos.yaml: s122a argv -> ["qdistro-tier3s-smoke", "--hold", "600"]
    silos.yaml: s122b argv -> ["qdistro-tier3s-smoke", "--hold", "600"]

## 1. launcher SIGKILL (service failure), three times (ExecStopPost races the scope stop)
PASS: sigkill#1: launch e3c2b176509045c1eabf3c1c3330ced0 up
PASS: sigkill#1: launch unit failed visibly (failed:signal)
    unit: qdistro-tier3s-silo@s122a.service: Sent signal SIGKILL to main process 4075 (spawn-tier3s.sh) on client request.
    unit: qdistro-tier3s-silo@s122a.service: Main process exited, code=killed, status=9/KILL
    unit: sandbox is not running
    unit: qdistro-tier3s-cleanup: e3c2b176509045c1eabf3c1c3330ced0: torn down (qdistro-tier3s-s122a)
    unit: qdistro-tier3s-silo@s122a.service: Failed with result 'signal'.
    unit: qdistro-tier3s-silo@s122a.service: Consumed 2.019s CPU time over 11.696s wall clock time.
PASS: launcher-sigkill#1: all 19 launch processes gone (pid+starttime)
PASS: launcher-sigkill#1: scope qdistro-tier3s-e3c2b176509045c1eabf3c1c3330ced0.scope gone (unit down, /sys/fs/cgroup/system.slice/qdistro-tier3s-e3c2b176509045c1eabf3c1c3330ced0.scope absent)
PASS: launcher-sigkill#1: per-launch dir /run/qdistro-tier3s/e3c2b176509045c1eabf3c1c3330ced0 gone
PASS: launcher-sigkill#1: control record /run/qdistro-tier3s-ctl/e3c2b176509045c1eabf3c1c3330ced0 gone
PASS: launcher-sigkill#1: container qdistro-tier3s-s122a gone (podman exists rc=1)
PASS: launcher-sigkill#1: no runsc state for 449cba9cd355 in /run/qdistro-tier3s-runsc/1000
PASS: sigkill#1: StopSilo afterwards reaches Stopped (Stopped)
PASS: sigkill#2: launch 24b9fd938db00ecde7e173cc82d327df up
PASS: sigkill#2: launch unit failed visibly (failed:signal)
    unit: qdistro-tier3s-silo@s122a.service: Sent signal SIGKILL to main process 5015 (spawn-tier3s.sh) on client request.
    unit: qdistro-tier3s-silo@s122a.service: Main process exited, code=killed, status=9/KILL
    unit: qdistro-tier3s-cleanup: 24b9fd938db00ecde7e173cc82d327df: torn down (qdistro-tier3s-s122a)
    unit: qdistro-tier3s-silo@s122a.service: Failed with result 'signal'.
    unit: qdistro-tier3s-silo@s122a.service: Consumed 1.351s CPU time over 6.488s wall clock time.
PASS: launcher-sigkill#2: all 17 launch processes gone (pid+starttime)
PASS: launcher-sigkill#2: scope qdistro-tier3s-24b9fd938db00ecde7e173cc82d327df.scope gone (unit down, /sys/fs/cgroup/system.slice/qdistro-tier3s-24b9fd938db00ecde7e173cc82d327df.scope absent)
PASS: launcher-sigkill#2: per-launch dir /run/qdistro-tier3s/24b9fd938db00ecde7e173cc82d327df gone
PASS: launcher-sigkill#2: control record /run/qdistro-tier3s-ctl/24b9fd938db00ecde7e173cc82d327df gone
PASS: launcher-sigkill#2: container qdistro-tier3s-s122a gone (podman exists rc=1)
PASS: launcher-sigkill#2: no runsc state for 4d73e6d469d2 in /run/qdistro-tier3s-runsc/1000
PASS: sigkill#2: StopSilo afterwards reaches Stopped (Stopped)
PASS: sigkill#3: launch 2e99979fc4914f77f5194a4d72796a04 up
PASS: sigkill#3: launch unit failed visibly (failed:signal)
    unit: qdistro-tier3s-silo@s122a.service: Sent signal SIGKILL to main process 5887 (spawn-tier3s.sh) on client request.
    unit: qdistro-tier3s-silo@s122a.service: Main process exited, code=killed, status=9/KILL
    unit: sandbox is not running
    unit: qdistro-tier3s-cleanup: 2e99979fc4914f77f5194a4d72796a04: torn down (qdistro-tier3s-s122a)
    unit: qdistro-tier3s-silo@s122a.service: Failed with result 'signal'.
    unit: qdistro-tier3s-silo@s122a.service: Consumed 1.369s CPU time over 5.536s wall clock time.
PASS: launcher-sigkill#3: all 17 launch processes gone (pid+starttime)
PASS: launcher-sigkill#3: scope qdistro-tier3s-2e99979fc4914f77f5194a4d72796a04.scope gone (unit down, /sys/fs/cgroup/system.slice/qdistro-tier3s-2e99979fc4914f77f5194a4d72796a04.scope absent)
PASS: launcher-sigkill#3: per-launch dir /run/qdistro-tier3s/2e99979fc4914f77f5194a4d72796a04 gone
PASS: launcher-sigkill#3: control record /run/qdistro-tier3s-ctl/2e99979fc4914f77f5194a4d72796a04 gone
PASS: launcher-sigkill#3: container qdistro-tier3s-s122a gone (podman exists rc=1)
PASS: launcher-sigkill#3: no runsc state for 621ebac38357 in /run/qdistro-tier3s-runsc/1000
PASS: sigkill#3: StopSilo afterwards reaches Stopped (Stopped)

## 2. O11: session-manager STOP tears down every live launch
PASS: manager-stop: two launches up (3596123dcdcc63ef05d2b23651903515, 6554488bbc6d124a7f13c6c50a1e2d7e)
PASS: manager-stop: systemctl stop qdistro-session-manager.service rc (0)
PASS: manager-stop: manager inactive (inactive)
PASS: manager-stop: qdistro-tier3s-silo@s122a.service stopped through the verified cleanup (1)
PASS: manager-stop: qdistro-tier3s-silo@s122a.service stopped before the manager (After= order) (yes)
PASS: manager-stop/s122a: all 17 launch processes gone (pid+starttime)
PASS: manager-stop/s122a: scope qdistro-tier3s-3596123dcdcc63ef05d2b23651903515.scope gone (unit down, /sys/fs/cgroup/system.slice/qdistro-tier3s-3596123dcdcc63ef05d2b23651903515.scope absent)
PASS: manager-stop/s122a: per-launch dir /run/qdistro-tier3s/3596123dcdcc63ef05d2b23651903515 gone
PASS: manager-stop/s122a: control record /run/qdistro-tier3s-ctl/3596123dcdcc63ef05d2b23651903515 gone
PASS: manager-stop/s122a: container qdistro-tier3s-s122a gone (podman exists rc=1)
PASS: manager-stop/s122a: no runsc state for 194d9112e428 in /run/qdistro-tier3s-runsc/1000
PASS: manager-stop: qdistro-tier3s-silo@s122b.service stopped through the verified cleanup (1)
PASS: manager-stop: qdistro-tier3s-silo@s122b.service stopped before the manager (After= order) (yes)
PASS: manager-stop/s122b: all 19 launch processes gone (pid+starttime)
PASS: manager-stop/s122b: scope qdistro-tier3s-6554488bbc6d124a7f13c6c50a1e2d7e.scope gone (unit down, /sys/fs/cgroup/system.slice/qdistro-tier3s-6554488bbc6d124a7f13c6c50a1e2d7e.scope absent)
PASS: manager-stop/s122b: per-launch dir /run/qdistro-tier3s/6554488bbc6d124a7f13c6c50a1e2d7e gone
PASS: manager-stop/s122b: control record /run/qdistro-tier3s-ctl/6554488bbc6d124a7f13c6c50a1e2d7e gone
PASS: manager-stop/s122b: container qdistro-tier3s-s122b gone (podman exists rc=1)
PASS: manager-stop/s122b: no runsc state for 07cf0e042650 in /run/qdistro-tier3s-runsc/1000
PASS: manager-stop: control records (0)
PASS: manager-stop: scopes (0)
PASS: manager-stop: labelled containers (0)
PASS: manager-stop: runsc-bundle processes (0)
PASS: manager-stop: state root holds no container state (0)
PASS: manager-stop: no cleanup call scope left (0)
PASS: manager-stop: no cleanup work dir left (0)
PASS: manager-stop: manager started again (yes)
PASS: manager-stop/s122a: relaunched with a fresh token (3f4570ae186f8332f4bdd2c429334878, was 3596123dcdcc63ef05d2b23651903515)
PASS: manager-stop/s122a: the new launch is recorded running (running)
PASS: manager-stop/s122a: its container runs under the new token (running:3f4570ae186f8332f4bdd2c429334878)
PASS: manager-stop/s122a: its owning scope is live (active)
PASS: manager-stop/s122b: relaunched with a fresh token (81dc011a657b4ac1c47cb58fc86d63f2, was 6554488bbc6d124a7f13c6c50a1e2d7e)
PASS: manager-stop/s122b: the new launch is recorded running (running)
PASS: manager-stop/s122b: its container runs under the new token (running:81dc011a657b4ac1c47cb58fc86d63f2)
PASS: manager-stop/s122b: its owning scope is live (active)
PASS: manager-stop-after: control records (0)
PASS: manager-stop-after: scopes (0)
PASS: manager-stop-after: labelled containers (0)
PASS: manager-stop-after: runsc-bundle processes (0)
PASS: manager-stop-after: state root holds no container state (0)
PASS: manager-stop-after: no cleanup call scope left (0)
PASS: manager-stop-after: no cleanup work dir left (0)

## 3. session-manager crash (SIGKILL) and restart
PASS: manager-crash: launch d230fa11340b84189f4e5607d2afa45c up
PASS: manager-crash: manager back with a new pid (yes)
PASS: manager-crash: all 17 launch processes gone (pid+starttime)
PASS: manager-crash: scope qdistro-tier3s-d230fa11340b84189f4e5607d2afa45c.scope gone (unit down, /sys/fs/cgroup/system.slice/qdistro-tier3s-d230fa11340b84189f4e5607d2afa45c.scope absent)
PASS: manager-crash: per-launch dir /run/qdistro-tier3s/d230fa11340b84189f4e5607d2afa45c gone
PASS: manager-crash: control record /run/qdistro-tier3s-ctl/d230fa11340b84189f4e5607d2afa45c gone
PASS: manager-crash: container qdistro-tier3s-s122a gone (podman exists rc=1)
PASS: manager-crash: no runsc state for d89d1d9f7cb8 in /run/qdistro-tier3s-runsc/1000
PASS: manager-crash: relaunched with a fresh token (56b1257359ea0f1a9eb8cd4698a36ce2, was d230fa11340b84189f4e5607d2afa45c)
PASS: manager-crash: the new launch is recorded running (running)
PASS: manager-crash: its container runs under the new token (running:56b1257359ea0f1a9eb8cd4698a36ce2)
PASS: manager-crash: its owning scope is live (active)
    unit: Stopping qdistro tier-3s (gVisor) silo s122a (Experimental, dev profile only)...
    unit: qdistro-tier3s-cleanup: d230fa11340b84189f4e5607d2afa45c: torn down (qdistro-tier3s-s122a)
    unit: spawn-tier3s: signal: tearing down d230fa11340b84189f4e5607d2afa45c
    unit: Stopped qdistro tier-3s (gVisor) silo s122a (Experimental, dev profile only).
PASS: manager-crash: systemd completed a stop job for the old launch unit (yes)
PASS: manager-crash: the old launch got the verified cleanup (1)
PASS: manager-crash: StopSilo (Stopped)
PASS: manager-restart: launch eff2670694838105df2cf7a3eba18654 up
PASS: manager-restart: manager back with a new pid (yes)
PASS: manager-restart: all 19 launch processes gone (pid+starttime)
PASS: manager-restart: scope qdistro-tier3s-eff2670694838105df2cf7a3eba18654.scope gone (unit down, /sys/fs/cgroup/system.slice/qdistro-tier3s-eff2670694838105df2cf7a3eba18654.scope absent)
PASS: manager-restart: per-launch dir /run/qdistro-tier3s/eff2670694838105df2cf7a3eba18654 gone
PASS: manager-restart: control record /run/qdistro-tier3s-ctl/eff2670694838105df2cf7a3eba18654 gone
PASS: manager-restart: container qdistro-tier3s-s122a gone (podman exists rc=1)
PASS: manager-restart: no runsc state for 7784be1e5937 in /run/qdistro-tier3s-runsc/1000
PASS: manager-restart: relaunched with a fresh token (95f4e49ef48a58cd9420e2bc79739b76, was eff2670694838105df2cf7a3eba18654)
PASS: manager-restart: the new launch is recorded running (running)
PASS: manager-restart: its container runs under the new token (running:95f4e49ef48a58cd9420e2bc79739b76)
PASS: manager-restart: its owning scope is live (active)
    unit: Stopping qdistro tier-3s (gVisor) silo s122a (Experimental, dev profile only)...
    unit: qdistro-tier3s-cleanup: eff2670694838105df2cf7a3eba18654: torn down (qdistro-tier3s-s122a)
    unit: spawn-tier3s: signal: tearing down eff2670694838105df2cf7a3eba18654
    unit: Stopped qdistro tier-3s (gVisor) silo s122a (Experimental, dev profile only).
PASS: manager-restart: systemd completed a stop job for the old launch unit (yes)
PASS: manager-restart: the old launch got the verified cleanup (1)
PASS: manager-restart: StopSilo (Stopped)
PASS: manager-restarts: control records (0)
PASS: manager-restarts: scopes (0)
PASS: manager-restarts: labelled containers (0)
PASS: manager-restarts: runsc-bundle processes (0)
PASS: manager-restarts: state root holds no container state (0)
PASS: manager-restarts: no cleanup call scope left (0)
PASS: manager-restarts: no cleanup work dir left (0)

## 4. reconciliation: the manager's in-memory state is lost
PASS: reconcile/recorded: live launch cc26130702287763147dac97f63ed21e started while the manager was down
PASS: reconcile/recorded: the launch is live and labelled (running:cc26130702287763147dac97f63ed21e)
PASS: reconcile/recorded: the restarted manager stopped the unknown launch unit (1)
PASS: reconcile/recorded: all 17 launch processes gone (pid+starttime)
PASS: reconcile/recorded: scope qdistro-tier3s-cc26130702287763147dac97f63ed21e.scope gone (unit down, /sys/fs/cgroup/system.slice/qdistro-tier3s-cc26130702287763147dac97f63ed21e.scope absent)
PASS: reconcile/recorded: per-launch dir /run/qdistro-tier3s/cc26130702287763147dac97f63ed21e gone
PASS: reconcile/recorded: control record /run/qdistro-tier3s-ctl/cc26130702287763147dac97f63ed21e gone
PASS: reconcile/recorded: container qdistro-tier3s-s122a gone (podman exists rc=1)
PASS: reconcile/recorded: no runsc state for 5c13b6b530f8 in /run/qdistro-tier3s-runsc/1000
PASS: reconcile/recorded: silo not relaunched (it was Stopped) (Stopped)
PASS: reconcile/unrecorded: live launch a1987867d7b445404d4d6d29ed689e11 started while the manager was down
PASS: reconcile/unrecorded: the launch is live and labelled (running:a1987867d7b445404d4d6d29ed689e11)
PASS: reconcile/unrecorded: control record removed by hand (no)
PASS: reconcile/unrecorded: the restarted manager stopped the unknown launch unit (1)
PASS: reconcile/unrecorded: all 17 launch processes gone (pid+starttime)
PASS: reconcile/unrecorded: scope qdistro-tier3s-a1987867d7b445404d4d6d29ed689e11.scope gone (unit down, /sys/fs/cgroup/system.slice/qdistro-tier3s-a1987867d7b445404d4d6d29ed689e11.scope absent)
PASS: reconcile/unrecorded: per-launch dir /run/qdistro-tier3s/a1987867d7b445404d4d6d29ed689e11 gone
PASS: reconcile/unrecorded: control record /run/qdistro-tier3s-ctl/a1987867d7b445404d4d6d29ed689e11 gone
PASS: reconcile/unrecorded: container qdistro-tier3s-s122a gone (podman exists rc=1)
PASS: reconcile/unrecorded: no runsc state for 0c8da8805da8 in /run/qdistro-tier3s-runsc/1000
PASS: reconcile/unrecorded: silo not relaunched (it was Stopped) (Stopped)

## 5. reconciliation: a live labelled container with no launch unit at all
PASS: ghost: labelled container live with no unit and no record (running:no:inactive)
PASS: ghost: reconciliation reaped the labelled container (podman exists rc) (1)
PASS: ghost: its sandbox (State.Pid 17403) is gone (no)
PASS: ghost: the manager reported no reconciliation failure (0)

## 6. cleanup
PASS: DeleteSilo s122a (absent)
PASS: DeleteSilo s122b (absent)
PASS: end: control records (0)
PASS: end: scopes (0)
PASS: end: labelled containers (0)
PASS: end: runsc-bundle processes (0)
PASS: end: state root holds no container state (0)
PASS: end: no cleanup call scope left (0)
PASS: end: no cleanup work dir left (0)
[s122] 152 passes, 0 failures
