[vm-exec] guest identity pinned (pid 3419 start 5075)
[vm-exec] Waiting... (polls=30s elapsed=31s)
[vm-exec] Waiting... (polls=60s elapsed=62s)

## 0. preconditions
PASS: probe PASS (0)
PASS: broker allows the smoke spawn (allow)
PASS: launch unit carries StopPropagatedFrom= the manager (O11) (qdistro-session-manager.service)
PASS: pre: control records (0)
PASS: pre: scopes (0)
PASS: pre: labelled containers (0)
PASS: pre: runsc-bundle processes (0)
PASS: pre: state root holds no container state (0)
PASS: pre: no cleanup call scope left (0)
PASS: pre: no cleanup work dir left (0)
PASS: CreateTier3sSilo s122a (Created)
PASS: CreateTier3sSilo s122b (Created)
    silos.yaml: s122a argv -> ["qdistro-tier3s-smoke", "--hold", "600"]
    silos.yaml: s122b argv -> ["qdistro-tier3s-smoke", "--hold", "600"]

## 1. launcher SIGKILL (service failure), three times (ExecStopPost races the scope stop)
PASS: sigkill#1: launch 78ace1148fc9d0276e116f1006c769ce up
PASS: sigkill#1: launch unit failed visibly (failed:signal)
    unit: qdistro-tier3s-silo@s122a.service: Sent signal SIGKILL to main process 4222 (spawn-tier3s.sh) on client request.
    unit: qdistro-tier3s-silo@s122a.service: Main process exited, code=killed, status=9/KILL
    unit: qdistro-tier3s-cleanup: 78ace1148fc9d0276e116f1006c769ce: torn down (qdistro-tier3s-s122a)
    unit: qdistro-tier3s-silo@s122a.service: Failed with result 'signal'.
    unit: qdistro-tier3s-silo@s122a.service: Consumed 1.821s CPU time over 8.192s wall clock time.
PASS: launcher-sigkill#1: all 17 launch processes gone (pid+starttime)
PASS: launcher-sigkill#1: scope qdistro-tier3s-78ace1148fc9d0276e116f1006c769ce.scope gone (unit down, /sys/fs/cgroup/system.slice/qdistro-tier3s-78ace1148fc9d0276e116f1006c769ce.scope absent)
PASS: launcher-sigkill#1: per-launch dir /run/qdistro-tier3s/78ace1148fc9d0276e116f1006c769ce gone
PASS: launcher-sigkill#1: control record /run/qdistro-tier3s-ctl/78ace1148fc9d0276e116f1006c769ce gone
PASS: launcher-sigkill#1: container qdistro-tier3s-s122a gone (podman exists rc=1)
PASS: launcher-sigkill#1: no runsc state for 7a4f969867e9 in /run/qdistro-tier3s-runsc/1000
PASS: sigkill#1: StopSilo afterwards reaches Stopped (Stopped)
PASS: sigkill#2: launch 5df1ea6cb723aa997bebbe1efc59d843 up
PASS: sigkill#2: launch unit failed visibly (failed:signal)
    unit: qdistro-tier3s-silo@s122a.service: Sent signal SIGKILL to main process 5120 (spawn-tier3s.sh) on client request.
    unit: qdistro-tier3s-silo@s122a.service: Main process exited, code=killed, status=9/KILL
    unit: Error: no such container "qdistro-tier3s-s122a"
    unit: qdistro-tier3s-cleanup: 5df1ea6cb723aa997bebbe1efc59d843: qdistro-tier3s-s122a vanished during the teardown (removed concurrently)
    unit: qdistro-tier3s-cleanup: 5df1ea6cb723aa997bebbe1efc59d843: torn down (qdistro-tier3s-s122a)
    unit: qdistro-tier3s-silo@s122a.service: Failed with result 'signal'.
    unit: qdistro-tier3s-silo@s122a.service: Consumed 1.469s CPU time over 5.482s wall clock time.
PASS: launcher-sigkill#2: all 17 launch processes gone (pid+starttime)
PASS: launcher-sigkill#2: scope qdistro-tier3s-5df1ea6cb723aa997bebbe1efc59d843.scope gone (unit down, /sys/fs/cgroup/system.slice/qdistro-tier3s-5df1ea6cb723aa997bebbe1efc59d843.scope absent)
PASS: launcher-sigkill#2: per-launch dir /run/qdistro-tier3s/5df1ea6cb723aa997bebbe1efc59d843 gone
PASS: launcher-sigkill#2: control record /run/qdistro-tier3s-ctl/5df1ea6cb723aa997bebbe1efc59d843 gone
PASS: launcher-sigkill#2: container qdistro-tier3s-s122a gone (podman exists rc=1)
PASS: launcher-sigkill#2: no runsc state for e4c843861df9 in /run/qdistro-tier3s-runsc/1000
PASS: sigkill#2: StopSilo afterwards reaches Stopped (Stopped)
PASS: sigkill#3: launch bc7557774217fb70bb4d405d49ece536 up
PASS: sigkill#3: launch unit failed visibly (failed:signal)
    unit: qdistro-tier3s-silo@s122a.service: Sent signal SIGKILL to main process 5997 (spawn-tier3s.sh) on client request.
    unit: qdistro-tier3s-silo@s122a.service: Main process exited, code=killed, status=9/KILL
    unit: qdistro-tier3s-cleanup: bc7557774217fb70bb4d405d49ece536: torn down (qdistro-tier3s-s122a)
    unit: qdistro-tier3s-silo@s122a.service: Failed with result 'signal'.
    unit: qdistro-tier3s-silo@s122a.service: Consumed 1.373s CPU time over 5.206s wall clock time.
PASS: launcher-sigkill#3: all 17 launch processes gone (pid+starttime)
PASS: launcher-sigkill#3: scope qdistro-tier3s-bc7557774217fb70bb4d405d49ece536.scope gone (unit down, /sys/fs/cgroup/system.slice/qdistro-tier3s-bc7557774217fb70bb4d405d49ece536.scope absent)
PASS: launcher-sigkill#3: per-launch dir /run/qdistro-tier3s/bc7557774217fb70bb4d405d49ece536 gone
PASS: launcher-sigkill#3: control record /run/qdistro-tier3s-ctl/bc7557774217fb70bb4d405d49ece536 gone
PASS: launcher-sigkill#3: container qdistro-tier3s-s122a gone (podman exists rc=1)
PASS: launcher-sigkill#3: no runsc state for 179be5913b0b in /run/qdistro-tier3s-runsc/1000
PASS: sigkill#3: StopSilo afterwards reaches Stopped (Stopped)

## 2. O11: session-manager STOP tears down every live launch
PASS: manager-stop: two launches up (18cb5e268342f81ec875a45a168524df, 24799053d2a254b0cd9e60b6b20420c9)
PASS: manager-stop: systemctl stop qdistro-session-manager.service rc (0)
PASS: manager-stop: manager inactive (inactive)
PASS: manager-stop: qdistro-tier3s-silo@s122a.service stopped through the verified cleanup (1)
PASS: manager-stop: qdistro-tier3s-silo@s122a.service stopped before the manager (After= order) (yes)
PASS: manager-stop/s122a: all 17 launch processes gone (pid+starttime)
PASS: manager-stop/s122a: scope qdistro-tier3s-18cb5e268342f81ec875a45a168524df.scope gone (unit down, /sys/fs/cgroup/system.slice/qdistro-tier3s-18cb5e268342f81ec875a45a168524df.scope absent)
PASS: manager-stop/s122a: per-launch dir /run/qdistro-tier3s/18cb5e268342f81ec875a45a168524df gone
PASS: manager-stop/s122a: control record /run/qdistro-tier3s-ctl/18cb5e268342f81ec875a45a168524df gone
PASS: manager-stop/s122a: container qdistro-tier3s-s122a gone (podman exists rc=1)
PASS: manager-stop/s122a: no runsc state for 85ebc1226c64 in /run/qdistro-tier3s-runsc/1000
PASS: manager-stop: qdistro-tier3s-silo@s122b.service stopped through the verified cleanup (1)
PASS: manager-stop: qdistro-tier3s-silo@s122b.service stopped before the manager (After= order) (yes)
PASS: manager-stop/s122b: all 17 launch processes gone (pid+starttime)
PASS: manager-stop/s122b: scope qdistro-tier3s-24799053d2a254b0cd9e60b6b20420c9.scope gone (unit down, /sys/fs/cgroup/system.slice/qdistro-tier3s-24799053d2a254b0cd9e60b6b20420c9.scope absent)
PASS: manager-stop/s122b: per-launch dir /run/qdistro-tier3s/24799053d2a254b0cd9e60b6b20420c9 gone
PASS: manager-stop/s122b: control record /run/qdistro-tier3s-ctl/24799053d2a254b0cd9e60b6b20420c9 gone
PASS: manager-stop/s122b: container qdistro-tier3s-s122b gone (podman exists rc=1)
PASS: manager-stop/s122b: no runsc state for 61901d24be29 in /run/qdistro-tier3s-runsc/1000
PASS: manager-stop: control records (0)
PASS: manager-stop: scopes (0)
PASS: manager-stop: labelled containers (0)
PASS: manager-stop: runsc-bundle processes (0)
PASS: manager-stop: state root holds no container state (0)
PASS: manager-stop: no cleanup call scope left (0)
PASS: manager-stop: no cleanup work dir left (0)
PASS: manager-stop: manager started again (yes)
PASS: manager-stop/s122a: relaunched with a fresh token (b84c2c9d0a9688f45190277cb8a6bdb6, was 18cb5e268342f81ec875a45a168524df)
PASS: manager-stop/s122a: the new launch is recorded running (running)
PASS: manager-stop/s122a: its container runs under the new token (running:b84c2c9d0a9688f45190277cb8a6bdb6)
PASS: manager-stop/s122a: its owning scope is live (active)
PASS: manager-stop/s122b: relaunched with a fresh token (b8911d39e9fe19a22f50b613888a1c6c, was 24799053d2a254b0cd9e60b6b20420c9)
PASS: manager-stop/s122b: the new launch is recorded running (running)
PASS: manager-stop/s122b: its container runs under the new token (running:b8911d39e9fe19a22f50b613888a1c6c)
PASS: manager-stop/s122b: its owning scope is live (active)
PASS: manager-stop-after: control records (0)
PASS: manager-stop-after: scopes (0)
PASS: manager-stop-after: labelled containers (0)
PASS: manager-stop-after: runsc-bundle processes (0)
PASS: manager-stop-after: state root holds no container state (0)
PASS: manager-stop-after: no cleanup call scope left (0)
PASS: manager-stop-after: no cleanup work dir left (0)

## 3. session-manager crash (SIGKILL) and restart
PASS: manager-crash: launch aa25069b51a764c6343af5118587a423 up
PASS: manager-crash: manager back with a new pid (yes)
PASS: manager-crash: all 17 launch processes gone (pid+starttime)
PASS: manager-crash: scope qdistro-tier3s-aa25069b51a764c6343af5118587a423.scope gone (unit down, /sys/fs/cgroup/system.slice/qdistro-tier3s-aa25069b51a764c6343af5118587a423.scope absent)
PASS: manager-crash: per-launch dir /run/qdistro-tier3s/aa25069b51a764c6343af5118587a423 gone
PASS: manager-crash: control record /run/qdistro-tier3s-ctl/aa25069b51a764c6343af5118587a423 gone
PASS: manager-crash: container qdistro-tier3s-s122a gone (podman exists rc=1)
PASS: manager-crash: no runsc state for 417cae0f1254 in /run/qdistro-tier3s-runsc/1000
PASS: manager-crash: relaunched with a fresh token (786863d4fc0ff5439901b55e485945e6, was aa25069b51a764c6343af5118587a423)
PASS: manager-crash: the new launch is recorded running (running)
PASS: manager-crash: its container runs under the new token (running:786863d4fc0ff5439901b55e485945e6)
PASS: manager-crash: its owning scope is live (active)
    unit: Stopping qdistro tier-3s (gVisor) silo s122a (Experimental, dev profile only)...
    unit: qdistro-tier3s-cleanup: aa25069b51a764c6343af5118587a423: torn down (qdistro-tier3s-s122a)
    unit: spawn-tier3s: signal: tearing down aa25069b51a764c6343af5118587a423
    unit: Stopped qdistro tier-3s (gVisor) silo s122a (Experimental, dev profile only).
PASS: manager-crash: systemd completed a stop job for the old launch unit (yes)
PASS: manager-crash: the old launch got the verified cleanup (1)
PASS: manager-crash: StopSilo (Stopped)
PASS: manager-restart: launch 8a86ffd9dbb64e30b600a139121e67ce up
PASS: manager-restart: manager back with a new pid (yes)
PASS: manager-restart: all 17 launch processes gone (pid+starttime)
PASS: manager-restart: scope qdistro-tier3s-8a86ffd9dbb64e30b600a139121e67ce.scope gone (unit down, /sys/fs/cgroup/system.slice/qdistro-tier3s-8a86ffd9dbb64e30b600a139121e67ce.scope absent)
PASS: manager-restart: per-launch dir /run/qdistro-tier3s/8a86ffd9dbb64e30b600a139121e67ce gone
PASS: manager-restart: control record /run/qdistro-tier3s-ctl/8a86ffd9dbb64e30b600a139121e67ce gone
PASS: manager-restart: container qdistro-tier3s-s122a gone (podman exists rc=1)
PASS: manager-restart: no runsc state for f96fc58773cc in /run/qdistro-tier3s-runsc/1000
PASS: manager-restart: relaunched with a fresh token (ffda6c3973dd2f50205205a7e40c28b8, was 8a86ffd9dbb64e30b600a139121e67ce)
PASS: manager-restart: the new launch is recorded running (running)
PASS: manager-restart: its container runs under the new token (running:ffda6c3973dd2f50205205a7e40c28b8)
PASS: manager-restart: its owning scope is live (active)
    unit: Stopping qdistro tier-3s (gVisor) silo s122a (Experimental, dev profile only)...
    unit: qdistro-tier3s-cleanup: 8a86ffd9dbb64e30b600a139121e67ce: torn down (qdistro-tier3s-s122a)
    unit: spawn-tier3s: signal: tearing down 8a86ffd9dbb64e30b600a139121e67ce
    unit: Stopped qdistro tier-3s (gVisor) silo s122a (Experimental, dev profile only).
PASS: manager-restart: systemd completed a stop job for the old launch unit (yes)
PASS: manager-restart: the old launch got the verified cleanup (1)
PASS: manager-restart: StopSilo (Stopped)
PASS: manager-restarts: control records (0)
PASS: manager-restarts: scopes (0)
PASS: manager-restarts: labelled containers (0)
PASS: manager-restarts: runsc-bundle processes (0)
PASS: manager-restarts: state root holds no container state (0)
PASS: manager-restarts: no cleanup call scope left (0)
PASS: manager-restarts: no cleanup work dir left (0)

## 4. reconciliation: the manager's in-memory state is lost
PASS: reconcile/recorded: live launch 997381dfa5f801421ce9828fe241c353 started while the manager was down
PASS: reconcile/recorded: the launch is live and labelled (running:997381dfa5f801421ce9828fe241c353)
PASS: reconcile/recorded: the restarted manager stopped the unknown launch unit (1)
PASS: reconcile/recorded: all 19 launch processes gone (pid+starttime)
PASS: reconcile/recorded: scope qdistro-tier3s-997381dfa5f801421ce9828fe241c353.scope gone (unit down, /sys/fs/cgroup/system.slice/qdistro-tier3s-997381dfa5f801421ce9828fe241c353.scope absent)
PASS: reconcile/recorded: per-launch dir /run/qdistro-tier3s/997381dfa5f801421ce9828fe241c353 gone
PASS: reconcile/recorded: control record /run/qdistro-tier3s-ctl/997381dfa5f801421ce9828fe241c353 gone
PASS: reconcile/recorded: container qdistro-tier3s-s122a gone (podman exists rc=1)
PASS: reconcile/recorded: no runsc state for 9046de732beb in /run/qdistro-tier3s-runsc/1000
PASS: reconcile/recorded: silo not relaunched (it was Stopped) (Stopped)
PASS: reconcile/unrecorded: live launch cd2fc1368cce824f8f3dacafe9880805 started while the manager was down
PASS: reconcile/unrecorded: the launch is live and labelled (running:cd2fc1368cce824f8f3dacafe9880805)
PASS: reconcile/unrecorded: control record removed by hand (no)
PASS: reconcile/unrecorded: the restarted manager stopped the unknown launch unit (1)
PASS: reconcile/unrecorded: all 17 launch processes gone (pid+starttime)
PASS: reconcile/unrecorded: scope qdistro-tier3s-cd2fc1368cce824f8f3dacafe9880805.scope gone (unit down, /sys/fs/cgroup/system.slice/qdistro-tier3s-cd2fc1368cce824f8f3dacafe9880805.scope absent)
PASS: reconcile/unrecorded: per-launch dir /run/qdistro-tier3s/cd2fc1368cce824f8f3dacafe9880805 gone
PASS: reconcile/unrecorded: control record /run/qdistro-tier3s-ctl/cd2fc1368cce824f8f3dacafe9880805 gone
PASS: reconcile/unrecorded: container qdistro-tier3s-s122a gone (podman exists rc=1)
PASS: reconcile/unrecorded: no runsc state for e4a99c4a858c in /run/qdistro-tier3s-runsc/1000
PASS: reconcile/unrecorded: silo not relaunched (it was Stopped) (Stopped)

## 5. reconciliation: a live labelled container with no launch unit at all
PASS: ghost: labelled container live with no unit and no record (running:no:inactive)
PASS: ghost: reconciliation reaped the labelled container (podman exists rc) (1)
PASS: ghost: its sandbox (State.Pid 17523) is gone (no)
PASS: ghost: the manager reported no reconciliation failure (0)

## 6. cleanup
PASS: DeleteSilo s122a (absent)
PASS: DeleteSilo s122b (absent)
PASS: end: control records (0)
PASS: end: scopes (0)
PASS: end: labelled containers (0)
PASS: end: runsc-bundle processes (0)
PASS: end: state root holds no container state (0)
PASS: end: no cleanup call scope left (0)
PASS: end: no cleanup work dir left (0)
[s122] 152 passes, 0 failures
