[vm-exec] guest identity pinned (pid 3529 start 7801)
[vm-exec] Waiting... (polls=30s elapsed=31s)
[vm-exec] Waiting... (polls=60s elapsed=62s)
[vm-exec] Waiting... (polls=90s elapsed=94s)

## 0. preconditions
PASS: probe PASS (0)
PASS: broker allows the smoke spawn (allow)
PASS: launch unit carries StopPropagatedFrom= the manager (O11) (qdistro-session-manager.service)
PASS: pre: control records (0)
PASS: pre: scopes (0)
PASS: pre: labelled containers (0)
PASS: pre: runsc-bundle processes (0)
PASS: pre: state root holds no container state (0)
PASS: pre: no cleanup call scope left (0)
PASS: pre: no cleanup work dir left (0)
PASS: CreateTier3sSilo s122a (Created)
PASS: CreateTier3sSilo s122b (Created)
    silos.yaml: s122a argv -> ["qdistro-tier3s-smoke", "--hold", "600"]
    silos.yaml: s122b argv -> ["qdistro-tier3s-smoke", "--hold", "600"]

## 1. launcher SIGKILL (service failure), three times (ExecStopPost races the scope stop)
PASS: sigkill#1: launch 1d9747ea79b377efd0da579499a07619 up
PASS: sigkill#1: launch unit failed visibly (failed:signal)
    unit: qdistro-tier3s-silo@s122a.service: Sent signal SIGKILL to main process 4276 (spawn-tier3s.sh) on client request.
    unit: qdistro-tier3s-silo@s122a.service: Main process exited, code=killed, status=9/KILL
    unit: qdistro-tier3s-cleanup: 1d9747ea79b377efd0da579499a07619: torn down (qdistro-tier3s-s122a)
    unit: qdistro-tier3s-silo@s122a.service: Failed with result 'signal'.
    unit: qdistro-tier3s-silo@s122a.service: Consumed 1.356s CPU time over 5.634s wall clock time.
PASS: launcher-sigkill#1: all 17 launch processes gone (pid+starttime)
PASS: launcher-sigkill#1: scope qdistro-tier3s-1d9747ea79b377efd0da579499a07619.scope gone (unit down, /sys/fs/cgroup/system.slice/qdistro-tier3s-1d9747ea79b377efd0da579499a07619.scope absent)
PASS: launcher-sigkill#1: per-launch dir /run/qdistro-tier3s/1d9747ea79b377efd0da579499a07619 gone
PASS: launcher-sigkill#1: control record /run/qdistro-tier3s-ctl/1d9747ea79b377efd0da579499a07619 gone
PASS: launcher-sigkill#1: container qdistro-tier3s-s122a gone (podman exists rc=1)
PASS: launcher-sigkill#1: no runsc state for 9d4da01435bd in /run/qdistro-tier3s-runsc/1000
PASS: sigkill#1: StopSilo afterwards reaches Stopped (Stopped)
PASS: sigkill#2: launch cd8ac51369b40e5d442262a88917cf0f up
PASS: sigkill#2: launch unit failed visibly (failed:signal)
    unit: qdistro-tier3s-silo@s122a.service: Sent signal SIGKILL to main process 5147 (spawn-tier3s.sh) on client request.
    unit: qdistro-tier3s-silo@s122a.service: Main process exited, code=killed, status=9/KILL
    unit: qdistro-tier3s-cleanup: cd8ac51369b40e5d442262a88917cf0f: torn down (qdistro-tier3s-s122a)
    unit: qdistro-tier3s-silo@s122a.service: Failed with result 'signal'.
    unit: qdistro-tier3s-silo@s122a.service: Consumed 1.408s CPU time over 8.665s wall clock time.
PASS: launcher-sigkill#2: all 17 launch processes gone (pid+starttime)
PASS: launcher-sigkill#2: scope qdistro-tier3s-cd8ac51369b40e5d442262a88917cf0f.scope gone (unit down, /sys/fs/cgroup/system.slice/qdistro-tier3s-cd8ac51369b40e5d442262a88917cf0f.scope absent)
PASS: launcher-sigkill#2: per-launch dir /run/qdistro-tier3s/cd8ac51369b40e5d442262a88917cf0f gone
PASS: launcher-sigkill#2: control record /run/qdistro-tier3s-ctl/cd8ac51369b40e5d442262a88917cf0f gone
PASS: launcher-sigkill#2: container qdistro-tier3s-s122a gone (podman exists rc=1)
PASS: launcher-sigkill#2: no runsc state for 9ffa4b1f6594 in /run/qdistro-tier3s-runsc/1000
PASS: sigkill#2: StopSilo afterwards reaches Stopped (Stopped)
PASS: sigkill#3: launch eb75b84592c58d05ada74a7c8e6c1247 up
PASS: sigkill#3: launch unit failed visibly (failed:signal)
    unit: qdistro-tier3s-silo@s122a.service: Sent signal SIGKILL to main process 6012 (spawn-tier3s.sh) on client request.
    unit: qdistro-tier3s-silo@s122a.service: Main process exited, code=killed, status=9/KILL
    unit: qdistro-tier3s-cleanup: eb75b84592c58d05ada74a7c8e6c1247: torn down (qdistro-tier3s-s122a)
    unit: qdistro-tier3s-silo@s122a.service: Failed with result 'signal'.
    unit: qdistro-tier3s-silo@s122a.service: Consumed 1.256s CPU time over 4.559s wall clock time.
PASS: launcher-sigkill#3: all 17 launch processes gone (pid+starttime)
PASS: launcher-sigkill#3: scope qdistro-tier3s-eb75b84592c58d05ada74a7c8e6c1247.scope gone (unit down, /sys/fs/cgroup/system.slice/qdistro-tier3s-eb75b84592c58d05ada74a7c8e6c1247.scope absent)
PASS: launcher-sigkill#3: per-launch dir /run/qdistro-tier3s/eb75b84592c58d05ada74a7c8e6c1247 gone
PASS: launcher-sigkill#3: control record /run/qdistro-tier3s-ctl/eb75b84592c58d05ada74a7c8e6c1247 gone
PASS: launcher-sigkill#3: container qdistro-tier3s-s122a gone (podman exists rc=1)
PASS: launcher-sigkill#3: no runsc state for 76f53c719df2 in /run/qdistro-tier3s-runsc/1000
PASS: sigkill#3: StopSilo afterwards reaches Stopped (Stopped)

## 2. O11: session-manager STOP tears down every live launch
PASS: manager-stop: two launches up (d015272193819e68a38c46cdde1857dd, 253b89e81cbea3add79100caac5f092c)
PASS: manager-stop: systemctl stop qdistro-session-manager.service rc (0)
PASS: manager-stop: manager inactive (inactive)
PASS: manager-stop: qdistro-tier3s-silo@s122a.service stopped through the verified cleanup (1)
PASS: manager-stop: qdistro-tier3s-silo@s122a.service stopped before the manager (After= order) (yes)
PASS: manager-stop/s122a: all 17 launch processes gone (pid+starttime)
PASS: manager-stop/s122a: scope qdistro-tier3s-d015272193819e68a38c46cdde1857dd.scope gone (unit down, /sys/fs/cgroup/system.slice/qdistro-tier3s-d015272193819e68a38c46cdde1857dd.scope absent)
PASS: manager-stop/s122a: per-launch dir /run/qdistro-tier3s/d015272193819e68a38c46cdde1857dd gone
PASS: manager-stop/s122a: control record /run/qdistro-tier3s-ctl/d015272193819e68a38c46cdde1857dd gone
PASS: manager-stop/s122a: container qdistro-tier3s-s122a gone (podman exists rc=1)
PASS: manager-stop/s122a: no runsc state for 5973c702844b in /run/qdistro-tier3s-runsc/1000
PASS: manager-stop: qdistro-tier3s-silo@s122b.service stopped through the verified cleanup (1)
PASS: manager-stop: qdistro-tier3s-silo@s122b.service stopped before the manager (After= order) (yes)
PASS: manager-stop/s122b: all 17 launch processes gone (pid+starttime)
PASS: manager-stop/s122b: scope qdistro-tier3s-253b89e81cbea3add79100caac5f092c.scope gone (unit down, /sys/fs/cgroup/system.slice/qdistro-tier3s-253b89e81cbea3add79100caac5f092c.scope absent)
PASS: manager-stop/s122b: per-launch dir /run/qdistro-tier3s/253b89e81cbea3add79100caac5f092c gone
PASS: manager-stop/s122b: control record /run/qdistro-tier3s-ctl/253b89e81cbea3add79100caac5f092c gone
PASS: manager-stop/s122b: container qdistro-tier3s-s122b gone (podman exists rc=1)
PASS: manager-stop/s122b: no runsc state for 8d883bb0e2e3 in /run/qdistro-tier3s-runsc/1000
PASS: manager-stop: control records (0)
PASS: manager-stop: scopes (0)
PASS: manager-stop: labelled containers (0)
PASS: manager-stop: runsc-bundle processes (0)
PASS: manager-stop: state root holds no container state (0)
PASS: manager-stop: no cleanup call scope left (0)
PASS: manager-stop: no cleanup work dir left (0)
PASS: manager-stop: manager started again (yes)
PASS: manager-stop/s122a: relaunched with a fresh token (aa71befc98994d7774d363df362ac250, was d015272193819e68a38c46cdde1857dd)
PASS: manager-stop/s122a: the new launch is recorded running (running)
PASS: manager-stop/s122a: its container runs under the new token (running:aa71befc98994d7774d363df362ac250)
PASS: manager-stop/s122a: its owning scope is live (active)
PASS: manager-stop/s122b: relaunched with a fresh token (20127139e688a4b7e9dafd555bc219f5, was 253b89e81cbea3add79100caac5f092c)
PASS: manager-stop/s122b: the new launch is recorded running (running)
PASS: manager-stop/s122b: its container runs under the new token (running:20127139e688a4b7e9dafd555bc219f5)
PASS: manager-stop/s122b: its owning scope is live (active)
PASS: manager-stop-after: control records (0)
PASS: manager-stop-after: scopes (0)
PASS: manager-stop-after: labelled containers (0)
PASS: manager-stop-after: runsc-bundle processes (0)
PASS: manager-stop-after: state root holds no container state (0)
PASS: manager-stop-after: no cleanup call scope left (0)
PASS: manager-stop-after: no cleanup work dir left (0)

## 3. session-manager crash (SIGKILL) and restart
PASS: manager-crash: launch 02c8db970d942a796fa28c5b6e9d3dd8 up
PASS: manager-crash: manager back with a new pid (yes)
PASS: manager-crash: all 17 launch processes gone (pid+starttime)
PASS: manager-crash: scope qdistro-tier3s-02c8db970d942a796fa28c5b6e9d3dd8.scope gone (unit down, /sys/fs/cgroup/system.slice/qdistro-tier3s-02c8db970d942a796fa28c5b6e9d3dd8.scope absent)
PASS: manager-crash: per-launch dir /run/qdistro-tier3s/02c8db970d942a796fa28c5b6e9d3dd8 gone
PASS: manager-crash: control record /run/qdistro-tier3s-ctl/02c8db970d942a796fa28c5b6e9d3dd8 gone
PASS: manager-crash: container qdistro-tier3s-s122a gone (podman exists rc=1)
PASS: manager-crash: no runsc state for e4e19cfe530e in /run/qdistro-tier3s-runsc/1000
PASS: manager-crash: relaunched with a fresh token (8a57ea32703d967c4bd4207e6d3af1e7, was 02c8db970d942a796fa28c5b6e9d3dd8)
PASS: manager-crash: the new launch is recorded running (running)
PASS: manager-crash: its container runs under the new token (running:8a57ea32703d967c4bd4207e6d3af1e7)
PASS: manager-crash: its owning scope is live (active)
    unit: Stopping qdistro tier-3s (gVisor) silo s122a (Experimental, dev profile only)...
    unit: qdistro-tier3s-cleanup: 02c8db970d942a796fa28c5b6e9d3dd8: torn down (qdistro-tier3s-s122a)
    unit: spawn-tier3s: signal: tearing down 02c8db970d942a796fa28c5b6e9d3dd8
    unit: Stopped qdistro tier-3s (gVisor) silo s122a (Experimental, dev profile only).
PASS: manager-crash: systemd completed a stop job for the old launch unit (yes)
PASS: manager-crash: the old launch got the verified cleanup (1)
PASS: manager-crash: StopSilo (Stopped)
PASS: manager-restart: launch 2d9d2ef138f88565c064eed62bc4cc2c up
PASS: manager-restart: manager back with a new pid (yes)
PASS: manager-restart: all 17 launch processes gone (pid+starttime)
PASS: manager-restart: scope qdistro-tier3s-2d9d2ef138f88565c064eed62bc4cc2c.scope gone (unit down, /sys/fs/cgroup/system.slice/qdistro-tier3s-2d9d2ef138f88565c064eed62bc4cc2c.scope absent)
PASS: manager-restart: per-launch dir /run/qdistro-tier3s/2d9d2ef138f88565c064eed62bc4cc2c gone
PASS: manager-restart: control record /run/qdistro-tier3s-ctl/2d9d2ef138f88565c064eed62bc4cc2c gone
PASS: manager-restart: container qdistro-tier3s-s122a gone (podman exists rc=1)
PASS: manager-restart: no runsc state for 93e13acbdac4 in /run/qdistro-tier3s-runsc/1000
PASS: manager-restart: relaunched with a fresh token (11199851e00f960acb99917c670c58e0, was 2d9d2ef138f88565c064eed62bc4cc2c)
PASS: manager-restart: the new launch is recorded running (running)
PASS: manager-restart: its container runs under the new token (running:11199851e00f960acb99917c670c58e0)
PASS: manager-restart: its owning scope is live (active)
    unit: Stopping qdistro tier-3s (gVisor) silo s122a (Experimental, dev profile only)...
    unit: qdistro-tier3s-cleanup: 2d9d2ef138f88565c064eed62bc4cc2c: torn down (qdistro-tier3s-s122a)
    unit: spawn-tier3s: signal: tearing down 2d9d2ef138f88565c064eed62bc4cc2c
    unit: Stopped qdistro tier-3s (gVisor) silo s122a (Experimental, dev profile only).
PASS: manager-restart: systemd completed a stop job for the old launch unit (yes)
PASS: manager-restart: the old launch got the verified cleanup (1)
PASS: manager-restart: StopSilo (Stopped)
PASS: manager-restarts: control records (0)
PASS: manager-restarts: scopes (0)
PASS: manager-restarts: labelled containers (0)
PASS: manager-restarts: runsc-bundle processes (0)
PASS: manager-restarts: state root holds no container state (0)
PASS: manager-restarts: no cleanup call scope left (0)
PASS: manager-restarts: no cleanup work dir left (0)

## 4. reconciliation: the manager's in-memory state is lost
PASS: reconcile/recorded: live launch 5c811f5355c1bfd2b4ec9aadc57205b7 started while the manager was down
PASS: reconcile/recorded: the launch is live and labelled (running:5c811f5355c1bfd2b4ec9aadc57205b7)
PASS: reconcile/recorded: the restarted manager stopped the unknown launch unit (1)
PASS: reconcile/recorded: all 19 launch processes gone (pid+starttime)
PASS: reconcile/recorded: scope qdistro-tier3s-5c811f5355c1bfd2b4ec9aadc57205b7.scope gone (unit down, /sys/fs/cgroup/system.slice/qdistro-tier3s-5c811f5355c1bfd2b4ec9aadc57205b7.scope absent)
PASS: reconcile/recorded: per-launch dir /run/qdistro-tier3s/5c811f5355c1bfd2b4ec9aadc57205b7 gone
PASS: reconcile/recorded: control record /run/qdistro-tier3s-ctl/5c811f5355c1bfd2b4ec9aadc57205b7 gone
PASS: reconcile/recorded: container qdistro-tier3s-s122a gone (podman exists rc=1)
PASS: reconcile/recorded: no runsc state for c9ba533aeabc in /run/qdistro-tier3s-runsc/1000
PASS: reconcile/recorded: silo not relaunched (it was Stopped) (Stopped)
PASS: reconcile/unrecorded: live launch 2c55ba49fac9b5927d1ea19e6c80edda started while the manager was down
PASS: reconcile/unrecorded: the launch is live and labelled (running:2c55ba49fac9b5927d1ea19e6c80edda)
PASS: reconcile/unrecorded: control record removed by hand (no)
PASS: reconcile/unrecorded: the restarted manager stopped the unknown launch unit (1)
PASS: reconcile/unrecorded: all 19 launch processes gone (pid+starttime)
PASS: reconcile/unrecorded: scope qdistro-tier3s-2c55ba49fac9b5927d1ea19e6c80edda.scope gone (unit down, /sys/fs/cgroup/system.slice/qdistro-tier3s-2c55ba49fac9b5927d1ea19e6c80edda.scope absent)
PASS: reconcile/unrecorded: per-launch dir /run/qdistro-tier3s/2c55ba49fac9b5927d1ea19e6c80edda gone
PASS: reconcile/unrecorded: control record /run/qdistro-tier3s-ctl/2c55ba49fac9b5927d1ea19e6c80edda gone
PASS: reconcile/unrecorded: container qdistro-tier3s-s122a gone (podman exists rc=1)
PASS: reconcile/unrecorded: no runsc state for abf39d75631c in /run/qdistro-tier3s-runsc/1000
PASS: reconcile/unrecorded: silo not relaunched (it was Stopped) (Stopped)

## 5. reconciliation: a live labelled container with no launch unit at all
PASS: ghost: labelled container live with no unit and no record (running:no:inactive)
PASS: ghost: reconciliation reaped the labelled container (podman exists rc) (1)
PASS: ghost: its sandbox (State.Pid 17212) is gone (no)
PASS: ghost: the manager reported no reconciliation failure (0)

## 6. cleanup
PASS: DeleteSilo s122a (absent)
PASS: DeleteSilo s122b (absent)
PASS: end: control records (0)
PASS: end: scopes (0)
PASS: end: labelled containers (0)
PASS: end: runsc-bundle processes (0)
PASS: end: state root holds no container state (0)
PASS: end: no cleanup call scope left (0)
PASS: end: no cleanup work dir left (0)
[s122] 152 passes, 0 failures
