1..1
# [tier3s] tested commit bb0b25c6b323d7f688d7f34e8dcf4ac522594de5; runsc 20260928.0 (sha512 ok); image 1eee52a21ad86f065d227988b4ff8e279fe838e4ed84ee77f2aed0d372deae92
# [tier3s] staged GUI image weston-terminal (c1cfa112ea7171ba1c62d14d9adda09e40b530bd9f5b3e76cfaf4e29ff0b345e)
# [vm-exec] guest identity pinned (pid 1248 start 1429)
# [vm-exec] Waiting... (polls=30s elapsed=32s)
# 
# ## 0. guest
# INFO: profile: QDISTRO_PROFILE=dev 
# INFO: kernel 7.2.8-1-default; podman version 6.0.2; systemd 261 (261.2); selinux Permissive
# PASS: o10: worker image (built without QDISTRO_TIER3S=1) carries no tier 3s file
# 
# ## 1. stage the tested commit, root-owned
# PASS: staged src.tar
# INFO: tested commit bb0b25c6b323d7f688d7f34e8dcf4ac522594de5
# PASS: staged tree has the tier 3s sources (yes)
# 
# ## 2. installer WITHOUT QDISTRO_TIER3S (owner O10: installs nothing tier 3s)
#     install-session-manager: tier 3s not installed (QDISTRO_TIER3S is not 1; paravirt O10)
# PASS: o10: installer without the flag rc (0)
# PASS: o10: installer without the flag says so (1)
# PASS: o10: no tier 3s file after the installer ran without the flag
# 
# ## 3. installer WITH QDISTRO_TIER3S=1 from the tested commit
#     session manager ready on org.qdistro.SessionManager1
# PASS: installer with QDISTRO_TIER3S=1 rc (0)
# PASS: installed /usr/lib/qdistro/tier3s/spawn-tier3s.sh = tested commit (0fd8c55c2c72d567e5898c54f6877567b558f14436aa159f02104c0c4a4f2035)
# PASS: installed /usr/lib/qdistro/tier3s/spawn-tier3s.sh owner/mode (root:root 755)
# PASS: installed /usr/lib/qdistro/tier3s/probe.sh = tested commit (ab33f366968738fdb5db3e93a9f19308dc8d19bb022815154109f149e73bb1ba)
# PASS: installed /usr/lib/qdistro/tier3s/probe.sh owner/mode (root:root 755)
# PASS: installed /usr/lib/qdistro/tier3s/tier3s-runsc = tested commit (2fb499ed49e8e866a20eea62d85de39653e236a9e4d14db9b608aa76417d4fce)
# PASS: installed /usr/lib/qdistro/tier3s/tier3s-runsc owner/mode (root:root 755)
# PASS: installed /usr/lib/qdistro/tier3s/RUNSC_RELEASE = tested commit (b0b60c5230d11c46eb52588e308ef93eba3cbff4ce5871d929059c8fa969b3a3)
# PASS: installed /usr/lib/qdistro/tier3s/RUNSC_RELEASE owner/mode (root:root 644)
# PASS: installed /usr/lib/qdistro/tier3s/seccomp/foot.json = tested commit (f7b8c94fcc26455cb986e3eb1bbd37785cb1bfd3d54f233a17e6f0ba3c7459f6)
# PASS: installed /usr/lib/qdistro/tier3s/seccomp/foot.json owner/mode (root:root 644)
# PASS: installed /usr/lib/qdistro/tier3s/seccomp/headless-smoke.json = tested commit (13c0e63dd2684e4f9a5c30b38d2e71b363ab33fc1bb7f68b4f53b8a8aa29b41d)
# PASS: installed /usr/lib/qdistro/tier3s/seccomp/headless-smoke.json owner/mode (root:root 644)
# PASS: installed /usr/lib/qdistro/tier3s/seccomp/weston-terminal.json = tested commit (0384b8f78a14e515046bc484c87755e5568e2db5a6e7494e44a68180814e981d)
# PASS: installed /usr/lib/qdistro/tier3s/seccomp/weston-terminal.json owner/mode (root:root 644)
# PASS: installed /usr/libexec/qdistro/qdistro-tier3s-scope = tested commit (ed58ac1beb23dd8bc66d39db6a23c33cc2c80dfe3953ebc835d6275297aec25b)
# PASS: installed /usr/libexec/qdistro/qdistro-tier3s-scope owner/mode (root:root 755)
# PASS: installed /usr/libexec/qdistro/qdistro-tier3s-cleanup = tested commit (99cc7d01197fb87e7331e81482407807f2e480470cf7525d4773bbe8f0a9d26d)
# PASS: installed /usr/libexec/qdistro/qdistro-tier3s-cleanup owner/mode (root:root 755)
# PASS: installed /usr/lib/tmpfiles.d/qdistro-tier3s.conf = tested commit (a4896cb3d4ac70444da2a1a520ec7e9caf2a9232602a70372d38cbded39ee6ca)
# PASS: installed /usr/lib/tmpfiles.d/qdistro-tier3s.conf owner/mode (root:root 644)
# PASS: installed /etc/systemd/system/qdistro-tier3s-silo@.service = tested commit (fb081df29bd074601e35eddd142beb9cdb49c13d85640c8252ee39c19de4d1ff)
# PASS: installed /etc/systemd/system/qdistro-tier3s-silo@.service owner/mode (root:root 644)
# PASS: installed /usr/libexec/qdistro/qdistro-tier3s-silo-launch = tested commit (47778f48cb4735f7abc0882d51fbda407fa6488476d5c1ef0e04a59d928a1692)
# PASS: installed /usr/libexec/qdistro/qdistro-tier3s-silo-launch owner/mode (root:root 755)
# PASS: installed /usr/libexec/qdistro/qdistro_session_manager.py = tested commit (e392b9c2f396e8a49b32d34d845732879b630d15a1a145dab60334696692aae9)
# PASS: installed /usr/libexec/qdistro/qdistro_session_manager.py owner/mode (root:root 755)
# PASS: installed broker = tested commit (795a4606e292760d93968d36f67abacf6c39e54ede90763f2e4a7a0e5e58cc1a)
# PASS: tmpfiles: state root (1000:1000 700)
# PASS: tmpfiles: control dir (root:root 700)
# PASS: tmpfiles: per-launch parent (root:root 755)
# PASS: tmpfiles: tier3s stanza dir (root:root 700)
# PASS: runsc not installed by the installer (no)
# PASS: unit loaded from /etc (/etc/systemd/system/qdistro-tier3s-silo@.service)
# PASS: unit StopPropagatedFrom (O11) (qdistro-session-manager.service)
# PASS: session manager runs the installed code (pid 2088, serves CreateTier3sSilo)
# PASS: broker has the rules-only tier3s prefix (1)
# 
# ## 4. runsc: offline provision from the staged, pin-checked tarball
# PASS: runsc tarball sha512 = pin (20260928.0) (4ce35ca83aef7f96b06cde668e0b23aa98b05aa1829508e974196c2a1e02786c95f5bf79315fd7ddcfd88fe7a00f083ed8053e25eff7673d28d5256440caae8b)
#     provision-runsc: all 6 pinned files verified
#     provision-runsc: runsc --version: runsc version release-20260928.0
#     provision-runsc: PASS: installed runsc 20260928.0 to /usr/libexec/qdistro/runsc
# PASS: provision-runsc.sh --offline rc (0)
#     PASS profile: dev (/etc/qdistro/profile)
#     PASS kernel: >= 5.6 (7.2.8-1-default)
#     PASS seccomp: /proc/sys/kernel/seccomp present (actions: kill_process kill_thread trap errno user_notif trace log allow)
#     PASS userns: max_user_namespaces=15373 (minimum, not capacity)
#     PASS ptrace_scope: 1 (<= 2)
#     PASS subuid: admin:100000:65536
#     PASS subgid: admin:100000:65536
#     PASS newuidmap: /usr/bin/newuidmap
#     PASS newgidmap: /usr/bin/newgidmap
#     PASS pin: /usr/lib/qdistro/tier3s/RUNSC_RELEASE release=20260928.0
#     PASS runsc: release stamp matches pin; /usr/libexec/qdistro/runsc/runsc present (not yet executed)
#     PASS install_path: /usr/libexec/qdistro/runsc and ancestors up to /: real dirs, uid 0, not group/other-writable
#     PASS bundle: /usr/libexec/qdistro/runsc: 6 files, exact set, sha512 match pin
#     PASS runsc_version: runsc version release-20260928.0 (matches pin, rc=0; executed the verified inode 65027:65025568)
#     PASS wrapper: /usr/libexec/qdistro/tier3s-runsc (identical to /usr/lib/qdistro/tier3s/tier3s-runsc)
#     PASS workloads: /usr/lib/qdistro/tier3s/workloads (3 declaration(s))
#     PASS state_root: /run/qdistro-tier3s-runsc/1000 (uid 1000 0700 under /run/qdistro-tier3s-runsc)
#     PASS podman: 6.0.2 (>= 6)
#     PASS podman_runtime: --runtime /usr/libexec/qdistro/tier3s-runsc recorded
#     PASS label_disable: accepted (|[label=disable])
#     INFO kvm: /dev/kvm present (not used: --platform=systrap)
#     INFO selinux: Permissive
#     RESULT PASS: tier 3s prerequisites present
# PASS: installed probe rc (0)
# PASS: installed probe RESULT (1)
# PASS: probe state_root (1)
# 
# ## 5. workload image from the OCI archive (built once with registry access)
# PASS: image archive and manifest staged
#     IMAGE_FOOT=qdistro/tier3s-foot:latest
#     IMAGE_ID_FOOT=4149fd5f34546cf0b73329384de250e6397b2ff8b52783c1aea6faacefa62237
#     IMAGE_DIGEST_FOOT=sha256:a12fd56776fbf601f6deea509f210e38d9938bde4c64f1ae1f2b55ea78b72e1a
#     IMAGE_HEADLESS_SMOKE=qdistro/tier3s-headless-smoke:latest
#     IMAGE_ID_HEADLESS_SMOKE=1eee52a21ad86f065d227988b4ff8e279fe838e4ed84ee77f2aed0d372deae92
#     IMAGE_DIGEST_HEADLESS_SMOKE=sha256:784f5445a0f6471a43ecced8d10e78378b1f06e2319f85d24682e546d013aa6f
#     IMAGE_WESTON_TERMINAL=qdistro/tier3s-weston-terminal:latest
#     IMAGE_ID_WESTON_TERMINAL=c1cfa112ea7171ba1c62d14d9adda09e40b530bd9f5b3e76cfaf4e29ff0b345e
#     IMAGE_DIGEST_WESTON_TERMINAL=sha256:b0e653ce4cff2ba0dd66c184eb8a442f1faa75f92ec98141162b47ce300ff64f
#     IMAGE_SNAPSHOT=20260930
#     IMAGE_ARCHIVE_SHA256_FOOT=5c39ff8f01a7e7fa827dbf281a512609ffa2cd80bb663ede2ae153df70e76695
#     IMAGE_ARCHIVE_SHA256_HEADLESS_SMOKE=6c4d8e6efd1c50fe4e0c664cbc99e2edf62f0eb9ac73e781822c238da1852437
#     IMAGE_ARCHIVE_SHA256_WESTON_TERMINAL=7affcd190a15508bd2d2f9e99cd8050487906d70b13bb3a15c962c05fc425056
#     INPUT_KEY=7a3aa746fecb90fbff03f540eceeb495
#     BUILT_FROM_COMMIT=7517e36e3e3b017cbf4f4607c18a9a7e6c86f4a8
#     BUILD_VM=qdistro-tester5
#     BUILT_AT=2026-10-03T11:00:41Z
#     IMAGE=qdistro/tier3s-headless-smoke:latest
#     IMAGE_ID=1eee52a21ad86f065d227988b4ff8e279fe838e4ed84ee77f2aed0d372deae92
#     IMAGE_DIGEST=sha256:784f5445a0f6471a43ecced8d10e78378b1f06e2319f85d24682e546d013aa6f
#     IMAGE_ARCHIVE_SHA256=6c4d8e6efd1c50fe4e0c664cbc99e2edf62f0eb9ac73e781822c238da1852437
# PASS: archive sha256 = manifest (6c4d8e6efd1c50fe4e0c664cbc99e2edf62f0eb9ac73e781822c238da1852437)
# PASS: manifest snapshot = snapshot.conf pin (20260930)
# PASS: manifest input key = the tested commit's image inputs (7a3aa746fecb90fbff03f540eceeb495)
#     Writing manifest to image destination
#     Loaded image: localhost/qdistro/tier3s-headless-smoke:latest
# PASS: podman load (admin) rc (0)
# PASS: loaded image ID = manifest IMAGE_ID (1eee52a21ad86f065d227988b4ff8e279fe838e4ed84ee77f2aed0d372deae92)
# PASS: image snapshot label = pin (20260930)
# IMAGE_ID=1eee52a21ad86f065d227988b4ff8e279fe838e4ed84ee77f2aed0d372deae92
# IMAGE_DIGEST=sha256:87045662a7f6622895173c482f57ea425abf915facafffd854950d5b5f05d69e
# INFO: the manifest digest changes across the oci-archive round trip (manifest re-serialized; build VM: sha256:784f5445a0f6471a43ecced8d10e78378b1f06e2319f85d24682e546d013aa6f); the asserted identity is the image ID (config digest)
# 
# ## 5b. Phase B: per-workload GUI image archives (weston-terminal)
# PASS: weston-terminal archive sha256 = manifest (7affcd190a15508bd2d2f9e99cd8050487906d70b13bb3a15c962c05fc425056)
#     Writing manifest to image destination
#     Loaded image: localhost/qdistro/tier3s-weston-terminal:latest
# PASS: podman load weston-terminal (admin) rc (0)
# PASS: loaded weston-terminal image ID = manifest (c1cfa112ea7171ba1c62d14d9adda09e40b530bd9f5b3e76cfaf4e29ff0b345e)
# PASS: weston-terminal image snapshot label = pin (20260930)
# PASS: weston-terminal image workload label (weston-terminal)
# PASS: weston-terminal workload declaration installed (GUI=1) (1)
# PASS: admin compositor socket present (yes)
# PASS: qdshell is up (active)
# PASS: tool runuser installed (yes)
# PASS: tool waypipe installed (yes)
# PASS: tool qdistro-secctx-exec installed (yes)
# PASS: tool dbus-send installed (yes)
# PASS: tool sqlite3 installed (yes)
# PASS: tool python3 installed (yes)
# PASS: admin tool qs installed (yes)
# PASS: admin tool ydotool installed (yes)
# PASS: clipboard-source helper installed (/usr/bin/qdistro-test-clipboard-source)
# PASS: pywayland importable as admin (yes)
# 
# ## 6. broker allow rule for the smoke spawn
# PASS: broker without a rule (unknown)
# PASS: broker with the allow rule (allow)
# PASS: setup: control records (0)
# PASS: setup: scopes (0)
# PASS: setup: labelled containers (0)
# PASS: setup: runsc-bundle processes (0)
# PASS: setup: state root holds no container state (0)
# PASS: setup: no cleanup call scope left (0)
# PASS: setup: no cleanup work dir left (0)
# [t3s-setup] 82 passes, 0 failures
# [tier3s] t3s-setup transcript: /var/tmp/t3s-qci-b-4729fce58/ci/runs/bats-20261004T171430Z-298415/bats/phase7-tier3s-chrome-secctx.bats.scratch/t3s-setup.log
# [vm-exec] guest identity pinned (pid 3800 start 6140)
# [vm-exec] Waiting... (polls=30s elapsed=31s)
# [vm-exec] Waiting... (polls=60s elapsed=62s)
# [vm-exec] Waiting... (polls=90s elapsed=93s)
# [vm-exec] Waiting... (polls=120s elapsed=124s)
# [vm-exec] Waiting... (polls=150s elapsed=156s)
# [vm-exec] Waiting... (polls=180s elapsed=187s)
# [vm-exec] Waiting... (polls=210s elapsed=219s)
# [vm-exec] Waiting... (polls=240s elapsed=250s)
# [vm-exec] Waiting... (polls=270s elapsed=282s)
# [vm-exec] Waiting... (polls=300s elapsed=313s)
# [vm-exec] Waiting... (polls=330s elapsed=345s)
# [vm-exec] Waiting... (polls=360s elapsed=376s)
# [vm-exec] Waiting... (polls=390s elapsed=408s)
# [vm-exec] Waiting... (polls=420s elapsed=439s)
# [vm-exec] Waiting... (polls=450s elapsed=471s)
# [vm-exec] Waiting... (polls=480s elapsed=503s)
# [vm-exec] Waiting... (polls=510s elapsed=534s)
# [vm-exec] Waiting... (polls=540s elapsed=566s)
# [vm-exec] Waiting... (polls=570s elapsed=597s)
# [vm-exec] Waiting... (polls=600s elapsed=628s)
# [vm-exec] Waiting... (polls=630s elapsed=660s)
# [vm-exec] Waiting... (polls=660s elapsed=691s)
# [vm-exec] Waiting... (polls=690s elapsed=723s)
# [vm-exec] Waiting... (polls=720s elapsed=754s)
# [vm-exec] Waiting... (polls=750s elapsed=785s)
# [vm-exec] Waiting... (polls=780s elapsed=817s)
# [vm-exec] Waiting... (polls=810s elapsed=848s)
# [vm-exec] Waiting... (polls=840s elapsed=880s)
# [vm-exec] Waiting... (polls=870s elapsed=911s)
# [vm-exec] Waiting... (polls=900s elapsed=943s)
# [vm-exec] Waiting... (polls=930s elapsed=974s)
# [vm-exec] Waiting... (polls=960s elapsed=1006s)
# [vm-exec] Waiting... (polls=990s elapsed=1037s)
# [vm-exec] Waiting... (polls=1020s elapsed=1068s)
# [vm-exec] Waiting... (polls=1050s elapsed=1100s)
# [vm-exec] Waiting... (polls=1080s elapsed=1131s)
# [vm-exec] Waiting... (polls=1110s elapsed=1163s)
# [vm-exec] Waiting... (polls=1140s elapsed=1194s)
# [vm-exec] Waiting... (polls=1170s elapsed=1226s)
# [vm-exec] Waiting... (polls=1200s elapsed=1257s)
# [vm-exec] Waiting... (polls=1230s elapsed=1289s)
# [vm-exec] Waiting... (polls=1260s elapsed=1320s)
# [vm-exec] Waiting... (polls=1290s elapsed=1352s)
# [vm-exec] Waiting... (polls=1320s elapsed=1383s)
# [vm-exec] Waiting... (polls=1350s elapsed=1415s)
# [vm-exec] Waiting... (polls=1380s elapsed=1446s)
# [vm-exec] Waiting... (polls=1410s elapsed=1478s)
# [vm-exec] Waiting... (polls=1440s elapsed=1510s)
# [vm-exec] Waiting... (polls=1470s elapsed=1541s)
# [vm-exec] Waiting... (polls=1500s elapsed=1572s)
# [vm-exec] Waiting... (polls=1530s elapsed=1604s)
# [vm-exec] Waiting... (polls=1560s elapsed=1635s)
# [vm-exec] Waiting... (polls=1590s elapsed=1667s)
# [vm-exec] Waiting... (polls=1620s elapsed=1698s)
# [vm-exec] Waiting... (polls=1650s elapsed=1730s)
# [vm-exec] Waiting... (polls=1680s elapsed=1761s)
# [vm-exec] Waiting... (polls=1710s elapsed=1793s)
# [vm-exec] ERROR: command exceeded 1800s (elapsed 1800s); attempting identity-checked cleanup of guest PID 3800: cd /var/tmp/t3s-dl && for f in tier3s-guest-lib.sh s126-tier3s-chrome-secctx.sh; do curl -fsS -o $f http://10.0.2.2:36361/$f || exit 97; done && bash s126-tier3s-chrome-secctx.sh
# [vm-exec] cleanup verified for guest PID 3800: already-gone pid=3800
# [tier3s] s126 transcript: /var/tmp/t3s-qci-b-4729fce58/ci/runs/bats-20261004T171430Z-298415/bats/phase7-tier3s-chrome-secctx.bats.scratch/s126.log
not ok 1 phase7-tier3s-chrome-secctx: tagged-peer metadata, chrome colour, per-interface global gating
# (from function `assert_success' in file tests/integration/vm/helpers.bash, line 245,
#  in test file tests/integration/vm/phase7-tier3s-chrome-secctx.bats, line 27)
#   `assert_success' failed
# --- command failed (exit=124) ---
# [vm-exec] guest identity pinned (pid 3800 start 6140)
# [vm-exec] Waiting... (polls=30s elapsed=31s)
# [vm-exec] Waiting... (polls=60s elapsed=62s)
# [vm-exec] Waiting... (polls=90s elapsed=93s)
# [vm-exec] Waiting... (polls=120s elapsed=124s)
# [vm-exec] Waiting... (polls=150s elapsed=156s)
# [vm-exec] Waiting... (polls=180s elapsed=187s)
# [vm-exec] Waiting... (polls=210s elapsed=219s)
# [vm-exec] Waiting... (polls=240s elapsed=250s)
# [vm-exec] Waiting... (polls=270s elapsed=282s)
# [vm-exec] Waiting... (polls=300s elapsed=313s)
# [vm-exec] Waiting... (polls=330s elapsed=345s)
# [vm-exec] Waiting... (polls=360s elapsed=376s)
# [vm-exec] Waiting... (polls=390s elapsed=408s)
# [vm-exec] Waiting... (polls=420s elapsed=439s)
# [vm-exec] Waiting... (polls=450s elapsed=471s)
# [vm-exec] Waiting... (polls=480s elapsed=503s)
# [vm-exec] Waiting... (polls=510s elapsed=534s)
# [vm-exec] Waiting... (polls=540s elapsed=566s)
# [vm-exec] Waiting... (polls=570s elapsed=597s)
# [vm-exec] Waiting... (polls=600s elapsed=628s)
# [vm-exec] Waiting... (polls=630s elapsed=660s)
# [vm-exec] Waiting... (polls=660s elapsed=691s)
# [vm-exec] Waiting... (polls=690s elapsed=723s)
# [vm-exec] Waiting... (polls=720s elapsed=754s)
# [vm-exec] Waiting... (polls=750s elapsed=785s)
# [vm-exec] Waiting... (polls=780s elapsed=817s)
# [vm-exec] Waiting... (polls=810s elapsed=848s)
# [vm-exec] Waiting... (polls=840s elapsed=880s)
# [vm-exec] Waiting... (polls=870s elapsed=911s)
# [vm-exec] Waiting... (polls=900s elapsed=943s)
# [vm-exec] Waiting... (polls=930s elapsed=974s)
# [vm-exec] Waiting... (polls=960s elapsed=1006s)
# [vm-exec] Waiting... (polls=990s elapsed=1037s)
# [vm-exec] Waiting... (polls=1020s elapsed=1068s)
# [vm-exec] Waiting... (polls=1050s elapsed=1100s)
# [vm-exec] Waiting... (polls=1080s elapsed=1131s)
# [vm-exec] Waiting... (polls=1110s elapsed=1163s)
# [vm-exec] Waiting... (polls=1140s elapsed=1194s)
# [vm-exec] Waiting... (polls=1170s elapsed=1226s)
# [vm-exec] Waiting... (polls=1200s elapsed=1257s)
# [vm-exec] Waiting... (polls=1230s elapsed=1289s)
# [vm-exec] Waiting... (polls=1260s elapsed=1320s)
# [vm-exec] Waiting... (polls=1290s elapsed=1352s)
# [vm-exec] Waiting... (polls=1320s elapsed=1383s)
# [vm-exec] Waiting... (polls=1350s elapsed=1415s)
# [vm-exec] Waiting... (polls=1380s elapsed=1446s)
# [vm-exec] Waiting... (polls=1410s elapsed=1478s)
# [vm-exec] Waiting... (polls=1440s elapsed=1510s)
# [vm-exec] Waiting... (polls=1470s elapsed=1541s)
# [vm-exec] Waiting... (polls=1500s elapsed=1572s)
# [vm-exec] Waiting... (polls=1530s elapsed=1604s)
# [vm-exec] Waiting... (polls=1560s elapsed=1635s)
# [vm-exec] Waiting... (polls=1590s elapsed=1667s)
# [vm-exec] Waiting... (polls=1620s elapsed=1698s)
# [vm-exec] Waiting... (polls=1650s elapsed=1730s)
# [vm-exec] Waiting... (polls=1680s elapsed=1761s)
# [vm-exec] Waiting... (polls=1710s elapsed=1793s)
# [vm-exec] ERROR: command exceeded 1800s (elapsed 1800s); attempting identity-checked cleanup of guest PID 3800: cd /var/tmp/t3s-dl && for f in tier3s-guest-lib.sh s126-tier3s-chrome-secctx.sh; do curl -fsS -o $f http://10.0.2.2:36361/$f || exit 97; done && bash s126-tier3s-chrome-secctx.sh
# [vm-exec] cleanup verified for guest PID 3800: already-gone pid=3800
