### host 2026-10-01T20:54:26Z: vm-exec tier3s-261001-221428-2070491-12685 <<CMD
cd /root/qdistro-src && curl -fsS http://10.0.2.2:18931/src.tar | tar -xf - && tier3s/spike/s3-cgroups.sh parent-user
CMD
[vm-exec] guest identity pinned (pid 52489 start 238071)
argv (as admin, run -d): podman --runtime /usr/libexec/qdistro/tier3s-runsc --runtime-flag=network=none --runtime-flag=root=/run/user/1000/runsc run --rm --security-opt label=disable --security-opt no-new-privileges --security-opt seccomp=/var/tmp/tier3s-spike/smoke.json --cap-drop=ALL --userns=keep-id --user 1000:1000 --read-only --tmpfs /tmp:size=64m --tmpfs /run/user/1000:rw\,U\,mode=0700 --network=none --name t3s-s3-parent-user --cgroup-parent=t3s-s3.slice localhost/tier3s-spike/tw-terminals:20260929 sleep 45
--- launch output
1f96048c2e56c0f4bd6c472cdf2141b7702a05ea44062c0eabd45c8a0d18b26c
inspect: State=running Cgroups=default CgroupParent=t3s-s3.slice CgroupManager=systemd ConmonPid=52544 Pid=52557
OCI linux.cgroupsPath = t3s-s3.slice:libpod:1f96048c2e56c0f4bd6c472cdf2141b7702a05ea44062c0eabd45c8a0d18b26c
--- target cgroup: /user.slice/user-1000.slice/user@1000.service/t3s-s3.slice
controllers:  | memory.max= pids.max= owner=
--- recursive cgroup.procs of the target
(no cgroup /sys/fs/cgroup/user.slice/user-1000.slice/user@1000.service/t3s-s3.slice)
--- every sandbox process (conmon subtree) classified against the target
OUTSIDE pid=52544 ppid=1 uid=1000 comm=conmon exe=/usr/bin/conmon pin=- cgroup=/user.slice/user-1000.slice/user@1000.service/t3s.slice/t3s-s3.slice/libpod-conmon-1f96048c2e56c0f4bd6c472cdf2141b7702a05ea44062c0eabd45c8a0d18b26c.scope
OUTSIDE pid=52557 ppid=52544 uid=100000 comm=gvisor_sentry exe=/usr/libexec/qdistro/runsc/gvisor-bin/gvisor_sentry pin=sidecar_gvisor_sentry_sha512 cgroup=/user.slice/user-1000.slice/user@1000.service/t3s.slice/t3s-s3.slice/libpod-conmon-1f96048c2e56c0f4bd6c472cdf2141b7702a05ea44062c0eabd45c8a0d18b26c.scope
OUTSIDE pid=52558 ppid=52544 uid=1000 comm=runsc-fd-parkin exe=/usr/libexec/qdistro/runsc/gvisor-bin/runsc-fd-parking pin=sidecar_runsc-fd-parking_sha512 cgroup=/user.slice/user-1000.slice/user@1000.service/t3s.slice/t3s-s3.slice/libpod-conmon-1f96048c2e56c0f4bd6c472cdf2141b7702a05ea44062c0eabd45c8a0d18b26c.scope
OUTSIDE pid=52552 ppid=52544 uid=100000 comm=exe exe=/usr/libexec/qdistro/runsc/runsc pin=runsc_sha512 cgroup=/user.slice/user-1000.slice/user@1000.service/t3s.slice/t3s-s3.slice/libpod-conmon-1f96048c2e56c0f4bd6c472cdf2141b7702a05ea44062c0eabd45c8a0d18b26c.scope
OUTSIDE pid=52575 ppid=52557 uid=100000 comm=gvisor_sentry exe=/usr/libexec/qdistro/runsc/gvisor-bin/gvisor_sentry pin=sidecar_gvisor_sentry_sha512 cgroup=/user.slice/user-1000.slice/user@1000.service/t3s.slice/t3s-s3.slice/libpod-conmon-1f96048c2e56c0f4bd6c472cdf2141b7702a05ea44062c0eabd45c8a0d18b26c.scope
OUTSIDE pid=52588 ppid=52557 uid=100000 comm=gvisor_sentry exe=/usr/libexec/qdistro/runsc/gvisor-bin/gvisor_sentry pin=sidecar_gvisor_sentry_sha512 cgroup=/user.slice/user-1000.slice/user@1000.service/t3s.slice/t3s-s3.slice/libpod-conmon-1f96048c2e56c0f4bd6c472cdf2141b7702a05ea44062c0eabd45c8a0d18b26c.scope
OUTSIDE pid=52589 ppid=52588 uid=100000 comm=gvisor_sentry exe=/usr/libexec/qdistro/runsc/gvisor-bin/gvisor_sentry pin=sidecar_gvisor_sentry_sha512 cgroup=/user.slice/user-1000.slice/user@1000.service/t3s.slice/t3s-s3.slice/libpod-conmon-1f96048c2e56c0f4bd6c472cdf2141b7702a05ea44062c0eabd45c8a0d18b26c.scope
VERDICT shape=parent-user: 0/7 sandbox processes inside /user.slice/user-1000.slice/user@1000.service/t3s-s3.slice -> DOES NOT CONTAIN ALL
--- podman CLI / runuser / systemd-run processes of this launch
pid=52544 comm=conmon cgroup=/user.slice/user-1000.slice/user@1000.service/t3s.slice/t3s-s3.slice/libpod-conmon-1f96048c2e56c0f4bd6c472cdf2141b7702a05ea44062c0eabd45c8a0d18b26c.scope
--- stop
(end leftovers)
target after stop: gone
### exit=0
