[vm-exec] guest identity pinned (pid 3341 start 4278)
[vm-exec] Waiting... (polls=30s elapsed=31s)
[vm-exec] Waiting... (polls=60s elapsed=62s)

## 0. preconditions
PASS: probe PASS (0)
PASS: broker allows the smoke spawn (allow)
PASS: launch unit carries StopPropagatedFrom= the manager (O11) (qdistro-session-manager.service)
PASS: pre: control records (0)
PASS: pre: scopes (0)
PASS: pre: labelled containers (0)
PASS: pre: runsc-bundle processes (0)
PASS: pre: state root holds no container state (0)
PASS: pre: no cleanup call scope left (0)
PASS: pre: no cleanup work dir left (0)
PASS: CreateTier3sSilo s122a (Created)
PASS: CreateTier3sSilo s122b (Created)
    silos.yaml: s122a argv -> ["qdistro-tier3s-smoke", "--hold", "600"]
    silos.yaml: s122b argv -> ["qdistro-tier3s-smoke", "--hold", "600"]

## 1. launcher SIGKILL (service failure), three times (ExecStopPost races the scope stop)
PASS: sigkill#1: launch 85bfad8f8271d7ca9e2a63f2c2b78441 up
PASS: sigkill#1: launch unit failed visibly (failed:signal)
    unit: qdistro-tier3s-silo@s122a.service: Sent signal SIGKILL to main process 4096 (spawn-tier3s.sh) on client request.
    unit: qdistro-tier3s-silo@s122a.service: Main process exited, code=killed, status=9/KILL
    unit: qdistro-tier3s-cleanup: 85bfad8f8271d7ca9e2a63f2c2b78441: torn down (qdistro-tier3s-s122a)
    unit: qdistro-tier3s-silo@s122a.service: Failed with result 'signal'.
    unit: qdistro-tier3s-silo@s122a.service: Consumed 1.773s CPU time over 12.442s wall clock time.
PASS: launcher-sigkill#1: all 19 launch processes gone (pid+starttime)
PASS: launcher-sigkill#1: scope qdistro-tier3s-85bfad8f8271d7ca9e2a63f2c2b78441.scope gone (unit down, /sys/fs/cgroup/system.slice/qdistro-tier3s-85bfad8f8271d7ca9e2a63f2c2b78441.scope absent)
PASS: launcher-sigkill#1: per-launch dir /run/qdistro-tier3s/85bfad8f8271d7ca9e2a63f2c2b78441 gone
PASS: launcher-sigkill#1: control record /run/qdistro-tier3s-ctl/85bfad8f8271d7ca9e2a63f2c2b78441 gone
PASS: launcher-sigkill#1: container qdistro-tier3s-s122a gone (podman exists rc=1)
PASS: launcher-sigkill#1: no runsc state for 0598a0037bea in /run/qdistro-tier3s-runsc/1000
PASS: sigkill#1: StopSilo afterwards reaches Stopped (Stopped)
PASS: sigkill#2: launch eb64be5fe3af954d3afda9a21156df2d up
PASS: sigkill#2: launch unit failed visibly (failed:signal)
    unit: qdistro-tier3s-silo@s122a.service: Sent signal SIGKILL to main process 5005 (spawn-tier3s.sh) on client request.
    unit: qdistro-tier3s-silo@s122a.service: Main process exited, code=killed, status=9/KILL
    unit: qdistro-tier3s-cleanup: eb64be5fe3af954d3afda9a21156df2d: torn down (qdistro-tier3s-s122a)
    unit: qdistro-tier3s-silo@s122a.service: Failed with result 'signal'.
    unit: qdistro-tier3s-silo@s122a.service: Consumed 1.839s CPU time over 7.708s wall clock time.
PASS: launcher-sigkill#2: all 17 launch processes gone (pid+starttime)
PASS: launcher-sigkill#2: scope qdistro-tier3s-eb64be5fe3af954d3afda9a21156df2d.scope gone (unit down, /sys/fs/cgroup/system.slice/qdistro-tier3s-eb64be5fe3af954d3afda9a21156df2d.scope absent)
PASS: launcher-sigkill#2: per-launch dir /run/qdistro-tier3s/eb64be5fe3af954d3afda9a21156df2d gone
PASS: launcher-sigkill#2: control record /run/qdistro-tier3s-ctl/eb64be5fe3af954d3afda9a21156df2d gone
PASS: launcher-sigkill#2: container qdistro-tier3s-s122a gone (podman exists rc=1)
PASS: launcher-sigkill#2: no runsc state for 859ecfd59e2f in /run/qdistro-tier3s-runsc/1000
PASS: sigkill#2: StopSilo afterwards reaches Stopped (Stopped)
PASS: sigkill#3: launch 1b15853bb75664d45f5f9f4fdcca567a up
PASS: sigkill#3: launch unit failed visibly (failed:signal)
    unit: qdistro-tier3s-silo@s122a.service: Sent signal SIGKILL to main process 5868 (spawn-tier3s.sh) on client request.
    unit: qdistro-tier3s-silo@s122a.service: Main process exited, code=killed, status=9/KILL
    unit: qdistro-tier3s-cleanup: 1b15853bb75664d45f5f9f4fdcca567a: torn down (qdistro-tier3s-s122a)
    unit: qdistro-tier3s-silo@s122a.service: Failed with result 'signal'.
    unit: qdistro-tier3s-silo@s122a.service: Consumed 1.390s CPU time over 6.236s wall clock time.
PASS: launcher-sigkill#3: all 19 launch processes gone (pid+starttime)
PASS: launcher-sigkill#3: scope qdistro-tier3s-1b15853bb75664d45f5f9f4fdcca567a.scope gone (unit down, /sys/fs/cgroup/system.slice/qdistro-tier3s-1b15853bb75664d45f5f9f4fdcca567a.scope absent)
PASS: launcher-sigkill#3: per-launch dir /run/qdistro-tier3s/1b15853bb75664d45f5f9f4fdcca567a gone
PASS: launcher-sigkill#3: control record /run/qdistro-tier3s-ctl/1b15853bb75664d45f5f9f4fdcca567a gone
PASS: launcher-sigkill#3: container qdistro-tier3s-s122a gone (podman exists rc=1)
PASS: launcher-sigkill#3: no runsc state for 82aec0a463db in /run/qdistro-tier3s-runsc/1000
PASS: sigkill#3: StopSilo afterwards reaches Stopped (Stopped)

## 2. O11: session-manager STOP tears down every live launch
PASS: manager-stop: two launches up (b4e7160ad03c62ae8706769994e7b57a, 1ae3c872d8f4eb6539d137c222b00296)
PASS: manager-stop: systemctl stop qdistro-session-manager.service rc (0)
PASS: manager-stop: manager inactive (inactive)
PASS: manager-stop: qdistro-tier3s-silo@s122a.service stopped through the verified cleanup (1)
PASS: manager-stop: qdistro-tier3s-silo@s122a.service stopped before the manager (After= order) (yes)
PASS: manager-stop/s122a: all 17 launch processes gone (pid+starttime)
PASS: manager-stop/s122a: scope qdistro-tier3s-b4e7160ad03c62ae8706769994e7b57a.scope gone (unit down, /sys/fs/cgroup/system.slice/qdistro-tier3s-b4e7160ad03c62ae8706769994e7b57a.scope absent)
PASS: manager-stop/s122a: per-launch dir /run/qdistro-tier3s/b4e7160ad03c62ae8706769994e7b57a gone
PASS: manager-stop/s122a: control record /run/qdistro-tier3s-ctl/b4e7160ad03c62ae8706769994e7b57a gone
PASS: manager-stop/s122a: container qdistro-tier3s-s122a gone (podman exists rc=1)
PASS: manager-stop/s122a: no runsc state for 23d98f4c1358 in /run/qdistro-tier3s-runsc/1000
PASS: manager-stop: qdistro-tier3s-silo@s122b.service stopped through the verified cleanup (1)
PASS: manager-stop: qdistro-tier3s-silo@s122b.service stopped before the manager (After= order) (yes)
PASS: manager-stop/s122b: all 19 launch processes gone (pid+starttime)
PASS: manager-stop/s122b: scope qdistro-tier3s-1ae3c872d8f4eb6539d137c222b00296.scope gone (unit down, /sys/fs/cgroup/system.slice/qdistro-tier3s-1ae3c872d8f4eb6539d137c222b00296.scope absent)
PASS: manager-stop/s122b: per-launch dir /run/qdistro-tier3s/1ae3c872d8f4eb6539d137c222b00296 gone
PASS: manager-stop/s122b: control record /run/qdistro-tier3s-ctl/1ae3c872d8f4eb6539d137c222b00296 gone
PASS: manager-stop/s122b: container qdistro-tier3s-s122b gone (podman exists rc=1)
PASS: manager-stop/s122b: no runsc state for 8f781bcfaf7c in /run/qdistro-tier3s-runsc/1000
PASS: manager-stop: control records (0)
PASS: manager-stop: scopes (0)
PASS: manager-stop: labelled containers (0)
PASS: manager-stop: runsc-bundle processes (0)
PASS: manager-stop: state root holds no container state (0)
PASS: manager-stop: no cleanup call scope left (0)
PASS: manager-stop: no cleanup work dir left (0)
PASS: manager-stop: manager started again (yes)
PASS: manager-stop/s122a: relaunched with a fresh token (6bdc3ea27cbe409181943c3d3d37dbf6, was b4e7160ad03c62ae8706769994e7b57a)
PASS: manager-stop/s122a: the new launch is recorded running (running)
PASS: manager-stop/s122a: its container runs under the new token (running:6bdc3ea27cbe409181943c3d3d37dbf6)
PASS: manager-stop/s122a: its owning scope is live (active)
PASS: manager-stop/s122b: relaunched with a fresh token (e1dbd364c0e9d786530f7e5a7d32f9fe, was 1ae3c872d8f4eb6539d137c222b00296)
PASS: manager-stop/s122b: the new launch is recorded running (running)
PASS: manager-stop/s122b: its container runs under the new token (running:e1dbd364c0e9d786530f7e5a7d32f9fe)
PASS: manager-stop/s122b: its owning scope is live (active)
PASS: manager-stop-after: control records (0)
PASS: manager-stop-after: scopes (0)
PASS: manager-stop-after: labelled containers (0)
PASS: manager-stop-after: runsc-bundle processes (0)
PASS: manager-stop-after: state root holds no container state (0)
PASS: manager-stop-after: no cleanup call scope left (0)
PASS: manager-stop-after: no cleanup work dir left (0)

## 3. session-manager crash (SIGKILL) and restart
PASS: manager-crash: launch b2855e7eb6fe188017134342efca3fa4 up
PASS: manager-crash: manager back with a new pid (yes)
PASS: manager-crash: all 17 launch processes gone (pid+starttime)
PASS: manager-crash: scope qdistro-tier3s-b2855e7eb6fe188017134342efca3fa4.scope gone (unit down, /sys/fs/cgroup/system.slice/qdistro-tier3s-b2855e7eb6fe188017134342efca3fa4.scope absent)
PASS: manager-crash: per-launch dir /run/qdistro-tier3s/b2855e7eb6fe188017134342efca3fa4 gone
PASS: manager-crash: control record /run/qdistro-tier3s-ctl/b2855e7eb6fe188017134342efca3fa4 gone
PASS: manager-crash: container qdistro-tier3s-s122a gone (podman exists rc=1)
PASS: manager-crash: no runsc state for 94de8c8313ce in /run/qdistro-tier3s-runsc/1000
PASS: manager-crash: relaunched with a fresh token (d4504a2a37bfb6b88fc6ae94f2cc74c1, was b2855e7eb6fe188017134342efca3fa4)
PASS: manager-crash: the new launch is recorded running (running)
PASS: manager-crash: its container runs under the new token (running:d4504a2a37bfb6b88fc6ae94f2cc74c1)
PASS: manager-crash: its owning scope is live (active)
    unit: Stopping qdistro tier-3s (gVisor) silo s122a (Experimental, dev profile only)...
    unit: qdistro-tier3s-cleanup: b2855e7eb6fe188017134342efca3fa4: torn down (qdistro-tier3s-s122a)
    unit: spawn-tier3s: signal: tearing down b2855e7eb6fe188017134342efca3fa4
    unit: Stopped qdistro tier-3s (gVisor) silo s122a (Experimental, dev profile only).
PASS: manager-crash: systemd completed a stop job for the old launch unit (yes)
PASS: manager-crash: the old launch got the verified cleanup (1)
PASS: manager-crash: StopSilo (Stopped)
PASS: manager-restart: launch be8f8877f40f4f9316456a5464138529 up
PASS: manager-restart: manager back with a new pid (yes)
PASS: manager-restart: all 17 launch processes gone (pid+starttime)
PASS: manager-restart: scope qdistro-tier3s-be8f8877f40f4f9316456a5464138529.scope gone (unit down, /sys/fs/cgroup/system.slice/qdistro-tier3s-be8f8877f40f4f9316456a5464138529.scope absent)
PASS: manager-restart: per-launch dir /run/qdistro-tier3s/be8f8877f40f4f9316456a5464138529 gone
PASS: manager-restart: control record /run/qdistro-tier3s-ctl/be8f8877f40f4f9316456a5464138529 gone
PASS: manager-restart: container qdistro-tier3s-s122a gone (podman exists rc=1)
PASS: manager-restart: no runsc state for 87d2e8ae9410 in /run/qdistro-tier3s-runsc/1000
PASS: manager-restart: relaunched with a fresh token (7154c0326c4322c59563c79abc468961, was be8f8877f40f4f9316456a5464138529)
PASS: manager-restart: the new launch is recorded running (running)
PASS: manager-restart: its container runs under the new token (running:7154c0326c4322c59563c79abc468961)
PASS: manager-restart: its owning scope is live (active)
    unit: Stopping qdistro tier-3s (gVisor) silo s122a (Experimental, dev profile only)...
    unit: qdistro-tier3s-cleanup: be8f8877f40f4f9316456a5464138529: torn down (qdistro-tier3s-s122a)
    unit: spawn-tier3s: signal: tearing down be8f8877f40f4f9316456a5464138529
    unit: Stopped qdistro tier-3s (gVisor) silo s122a (Experimental, dev profile only).
PASS: manager-restart: systemd completed a stop job for the old launch unit (yes)
PASS: manager-restart: the old launch got the verified cleanup (1)
PASS: manager-restart: StopSilo (Stopped)
PASS: manager-restarts: control records (0)
PASS: manager-restarts: scopes (0)
PASS: manager-restarts: labelled containers (0)
PASS: manager-restarts: runsc-bundle processes (0)
PASS: manager-restarts: state root holds no container state (0)
PASS: manager-restarts: no cleanup call scope left (0)
PASS: manager-restarts: no cleanup work dir left (0)

## 4. reconciliation: the manager's in-memory state is lost
PASS: reconcile/recorded: live launch 08a067cd5027f7f39a827f585a9e235b started while the manager was down
PASS: reconcile/recorded: the launch is live and labelled (running:08a067cd5027f7f39a827f585a9e235b)
PASS: reconcile/recorded: the restarted manager stopped the unknown launch unit (1)
PASS: reconcile/recorded: all 17 launch processes gone (pid+starttime)
PASS: reconcile/recorded: scope qdistro-tier3s-08a067cd5027f7f39a827f585a9e235b.scope gone (unit down, /sys/fs/cgroup/system.slice/qdistro-tier3s-08a067cd5027f7f39a827f585a9e235b.scope absent)
PASS: reconcile/recorded: per-launch dir /run/qdistro-tier3s/08a067cd5027f7f39a827f585a9e235b gone
PASS: reconcile/recorded: control record /run/qdistro-tier3s-ctl/08a067cd5027f7f39a827f585a9e235b gone
PASS: reconcile/recorded: container qdistro-tier3s-s122a gone (podman exists rc=1)
PASS: reconcile/recorded: no runsc state for b7433e82c05b in /run/qdistro-tier3s-runsc/1000
PASS: reconcile/recorded: silo not relaunched (it was Stopped) (Stopped)
PASS: reconcile/unrecorded: live launch f770bb9758a99c1ab8acf3be8a2d92e4 started while the manager was down
PASS: reconcile/unrecorded: the launch is live and labelled (running:f770bb9758a99c1ab8acf3be8a2d92e4)
PASS: reconcile/unrecorded: control record removed by hand (no)
PASS: reconcile/unrecorded: the restarted manager stopped the unknown launch unit (1)
PASS: reconcile/unrecorded: all 19 launch processes gone (pid+starttime)
PASS: reconcile/unrecorded: scope qdistro-tier3s-f770bb9758a99c1ab8acf3be8a2d92e4.scope gone (unit down, /sys/fs/cgroup/system.slice/qdistro-tier3s-f770bb9758a99c1ab8acf3be8a2d92e4.scope absent)
PASS: reconcile/unrecorded: per-launch dir /run/qdistro-tier3s/f770bb9758a99c1ab8acf3be8a2d92e4 gone
PASS: reconcile/unrecorded: control record /run/qdistro-tier3s-ctl/f770bb9758a99c1ab8acf3be8a2d92e4 gone
PASS: reconcile/unrecorded: container qdistro-tier3s-s122a gone (podman exists rc=1)
PASS: reconcile/unrecorded: no runsc state for a52cddf2e709 in /run/qdistro-tier3s-runsc/1000
PASS: reconcile/unrecorded: silo not relaunched (it was Stopped) (Stopped)

## 5. reconciliation: a live labelled container with no launch unit at all
PASS: ghost: labelled container live with no unit and no record (running:no:inactive)
PASS: ghost: reconciliation reaped the labelled container (podman exists rc) (1)
PASS: ghost: its sandbox (State.Pid 16978) is gone (no)
PASS: ghost: the manager reported no reconciliation failure (0)

## 6. cleanup
PASS: DeleteSilo s122a (absent)
PASS: DeleteSilo s122b (absent)
PASS: end: control records (0)
PASS: end: scopes (0)
PASS: end: labelled containers (0)
PASS: end: runsc-bundle processes (0)
PASS: end: state root holds no container state (0)
PASS: end: no cleanup call scope left (0)
PASS: end: no cleanup work dir left (0)
[s122] 152 passes, 0 failures
