### host 2026-10-01T20:40:46Z: vm-exec tier3s-261001-221428-2070491-12685 <<CMD
cat /var/tmp/tier3s-spike/closure-nvra.txt; cd /root/qdistro-src && . tier3s/spike/lib.sh && as_admin podman run --rm --network=none 'localhost/tier3s-spike/tw-terminals:20260929' sh -c "head -3 /etc/os-release; ls -l /usr/bin/weston-terminal /usr/bin/foot /usr/bin/waypipe /usr/bin/wayland-info /usr/bin/dmesg /usr/sbin/ip /usr/bin/python3; id"
CMD
[vm-exec] guest identity pinned (pid 30221 start 156091)
Mesa-26.2.3-1.1.x86_64
Mesa-dri-26.2.3-1.1.x86_64
Mesa-libEGL1-26.2.3-1.1.x86_64
Mesa-libGL1-26.2.3-1.1.x86_64
Mesa-vulkan-device-select-26.2.3-1.1.x86_64
bash-5.3.20-9.1.x86_64
bash-sh-5.3.20-9.1.noarch
coreutils-9.12-1.1.x86_64
crypto-policies-20250714.cd6043a-6.1.noarch
cups-config-2.4.19-3.1.x86_64
dbus-1-common-1.14.10-5.6.noarch
dejavu-fonts-2.37-2.3.noarch
filesystem-84.87-21.2.x86_64
findutils-4.11.0-1.2.x86_64
fontconfig-2.18.1-1.3.x86_64
foot-1.28.0-1.1.x86_64
fuse3-3.18.3-1.1.x86_64
gio-branding-openSUSE-42.1-6.4.noarch
glib2-tools-2.88.3-2.1.x86_64
glibc-2.44-2.1.x86_64
grep-3.12-1.5.x86_64
iproute2-7.2-1.1.x86_64
krb5-1.22.2-4.2.x86_64
libFLAC14-1.5.0-1.6.x86_64
libLLVM23-23.1.2-1.1.x86_64
libLerc4-4.1.0-3.3.x86_64
libSPIRV-Tools-2026_4_rc2-2026.4~rc2-1.1.x86_64
libSvtAv1Enc4-4.2.0-1.2.x86_64
libX11-6-1.8.13-3.1.x86_64
libX11-data-1.8.13-3.1.noarch
libX11-xcb1-1.8.13-3.1.x86_64
libXau6-1.0.12-2.5.x86_64
libXcursor1-1.2.3-1.7.x86_64
libXdamage1-1.1.7-1.5.x86_64
libXext6-1.3.7-1.5.x86_64
libXfixes3-6.0.2-2.5.x86_64
libXinerama1-1.1.6-1.5.x86_64
libXrender1-0.9.12-2.1.x86_64
libXtst6-1.2.5-2.1.x86_64
libXxf86vm1-1.1.7-1.5.x86_64
libacl1-2.4.0-1.2.x86_64
libaom3-3.13.1-2.5.x86_64
libasound2-1.2.16.1-2.1.x86_64
libass9-0.17.5-1.3.x86_64
libattr1-2.6.0-1.2.x86_64
libaudit1-4.0.2-3.5.x86_64
libavahi-client3-0.8-45.2.x86_64
libavahi-common3-0.8-45.2.x86_64
libavc1394-0-0.5.4-20.8.x86_64
libavcodec62-8.1.2-5.1.x86_64
libavfilter11-8.1.2-5.1.x86_64
libavformat62-8.1.2-5.1.x86_64
libavutil60-8.1.2-5.1.x86_64
libblkid1-2.42.3-1.1.x86_64
libbluetooth3-5.87-2.1.x86_64
libbluray3-1.4.1-1.3.x86_64
libbpf1-1.7.0-2.1.x86_64
libbrotlicommon1-1.2.0-2.4.x86_64
libbrotlidec1-1.2.0-2.4.x86_64
libbrotlienc1-1.2.0-2.4.x86_64
libbs2b0-3.1.0-14.9.x86_64
libbz2-1-1.0.8-6.1.x86_64
libcairo2-1.18.6-1.1.x86_64
libcamera-base0_7-0.7.2-1.2.x86_64
libcamera0_7-0.7.2-1.2.x86_64
libcap-ng0-0.8.5-1.7.x86_64
libcap2-2.78-1.4.x86_64
libcbor0_14-0.14.0-1.3.x86_64
libcjson1-1.7.19-3.2.x86_64
libcodec2-1_2-1.2.0-2.7.x86_64
libcom_err2-1.47.3-2.2.x86_64
libconfig++15-1.8.1-1.6.x86_64
libcrypt1-4.5.2-2.4.x86_64
libcups2-2.4.19-3.1.x86_64
libdav1d7-1.5.4-1.2.x86_64
libdbus-1-3-1.14.10-5.6.x86_64
libdisplay-info3-0.3.0-2.5.x86_64
libdovi3-3.4.0-1.3.x86_64
libdrm2-2.4.134-2.2.x86_64
libdrm_amdgpu1-2.4.134-2.2.x86_64
libdrm_intel1-2.4.134-2.2.x86_64
libdw1-0.194-1.4.x86_64
libebur128-1-1.2.6-2.7.x86_64
libeconf0-0.8.4-1.2.x86_64
libedit0-20250104.3.1-1.5.x86_64
libelf1-0.194-1.4.x86_64
libevdev2-1.13.7-1.1.x86_64
libexpat1-2.8.4-1.1.x86_64
libfcft4-3.3.3-1.5.x86_64
libfdisk1-2.42.3-1.1.x86_64
libfdk-aac2-2.0.3-1.2.x86_64
libffado2-2.4.9-4.6.x86_64
libffi8-3.5.2-2.5.x86_64
libfftw3-3-3.3.10-6.5.x86_64
libfido2-1-1.16.0-2.1.x86_64
libfontconfig1-2.18.1-1.3.x86_64
libfreerdp3-3-3.31.1-1.1.x86_64
libfreetype6-2.14.3-1.2.x86_64
libfribidi0-1.0.16-1.4.x86_64
libfuse3-4-3.18.3-1.1.x86_64
libgbm1-26.2.3-1.1.x86_64
libgcc_s1-16.2.0+git9497-3.1.x86_64
libgio-2_0-0-2.88.3-2.1.x86_64
libglib-2_0-0-2.88.3-2.1.x86_64
libglibmm-2_4-1-2.66.10-1.1.x86_64
libglslang16-16.6.0-1.1.x86_64
libglvnd-1.7.0-2.4.x86_64
libgmodule-2_0-0-2.88.3-2.1.x86_64
libgmp10-6.3.0-5.6.x86_64
libgnutls30-3.8.13-3.1.x86_64
libgobject-2_0-0-2.88.3-2.1.x86_64
libgomp1-16.2.0+git9497-3.1.x86_64
libgraphite2-3-1.3.15-1.3.x86_64
libgsm1-1.0.24-1.4.x86_64
libgudev-1_0-0-238-1.11.x86_64
libharfbuzz0-14.5.0-1.1.x86_64
libhogweed6-3.10.2-1.5.x86_64
libhwy1-1.4.0-2.1.x86_64
libicu78-78.3-1.4.x86_64
libicu78-ledata-78.3-1.4.noarch
libidn2-0-2.3.8-1.5.x86_64
libiec61883-0-1.2.0-9.5.x86_64
libinput10-1.32-1.1.x86_64
libjbig2-2.1-5.9.x86_64
libjitterentropy3-3.6.3-2.1.x86_64
libjpeg8-8.3.2-85.1.x86_64
libjson-glib-1_0-0-1.10.8-2.1.x86_64
libjxl0_12-0.12.0-1.1.x86_64
libkeyutils1-1.6.3-7.9.x86_64
liblc3-1-1.1.3-1.7.x86_64
liblcms2-2-2.19.1-1.3.x86_64
libldac2-2.0.2.5-1.3.x86_64
libleancrypto1-1.8.0-3.2.x86_64
liblilv-0-0-0.28.0-1.3.x86_64
liblz4-1-1.10.0-2.8.x86_64
liblzma5-5.8.4-1.1.x86_64
libmnl0-1.0.5-2.7.x86_64
libmount1-2.42.3-1.1.x86_64
libmp3lame0-3.100-5.16.x86_64
libmpdec4-4.0.1-2.5.x86_64
libmpg123-0-1.33.7-1.1.x86_64
libmtdev1-1.1.6-1.21.x86_64
libmysofa1-1.3.5-1.1.x86_64
libnanosvg0-2022.12.22-1.10.x86_64
libnanosvgrast0-2022.12.22-1.10.x86_64
libncurses6-6.6.20260919-113.1.x86_64
libnettle8-3.10.2-1.5.x86_64
libogg0-1.3.6-1.5.x86_64
libopencore-amrnb0-0.1.6-1.11.x86_64
libopencore-amrwb0-0.1.6-1.11.x86_64
libopenh264-8-2.6.0~noopenh264-1.4.x86_64
libopenjp2-7-2.5.4-2.6.x86_64
libopenmpt0-0.8.9-1.1.x86_64
libopenssl3-3.5.3-8.1.x86_64
libopus0-1.6.1-1.5.x86_64
libp11-kit0-0.26.5-1.1.x86_64
libpciaccess0-0.19-1.4.x86_64
libpcre2-8-0-10.48-1.1.x86_64
libpgm-5_3-0-5.3.128-3.5.x86_64
libpipewire-0_3-0-1.6.9-1.1.x86_64
libpixman-1-0-0.46.4-2.5.x86_64
libpkgconf7-2.5.1-1.5.x86_64
libplacebo360-7.360.1-1.6.x86_64
libpng16-16-1.6.58-2.1.x86_64
libproc2-1-4.0.7-2.1.x86_64
libpulse0-17.0-7.6.x86_64
libpython3_13-1_0-3.13.15-1.2.x86_64
librav1e0_8-0.8.1-2.4.x86_64
libraw1394-11-2.1.2-2.8.x86_64
librdtk0-0-3.31.1-1.1.x86_64
libreadline8-8.3.6-3.1.x86_64
librist4-0.2.20-1.1.x86_64
librubberband3-4.0.0-1.5.x86_64
libsbc1-2.2-1.4.x86_64
libseat1-0.9.3-2.1.x86_64
libselinux1-3.11-2.1.x86_64
libserd-0-0-0.32.10-1.1.x86_64
libshaderc_shared1-2026.4-1.1.x86_64
libsharpyuv0-1.6.0-2.3.x86_64
libsigc-2_0-0-2.12.1-2.10.x86_64
libsmartcols1-2.42.3-1.1.x86_64
libsndfile1-1.2.2-5.3.x86_64
libsodium26-1.0.22-1.4.x86_64
libsord-0-0-0.16.22-1.3.x86_64
libsoxr0-0.1.3-3.5.x86_64
libspandsp3-3.0.0+g57-1.6.x86_64
libspeex1-1.2.1-2.8.x86_64
libsratom-0-0-0.6.22-1.3.x86_64
libsrt1_5-1.5.7-1.1.x86_64
libssh-config-0.11.5-3.1.noarch
libssh4-0.11.5-3.1.x86_64
libsso-mib0-0.10.1-1.2.x86_64
libstdc++6-16.2.0+git9497-3.1.x86_64
libswresample6-8.1.2-5.1.x86_64
libswscale9-8.1.2-5.1.x86_64
libsystemd0-261.2-1.2.x86_64
libtasn1-6-4.21.0-2.1.x86_64
libtheoradec2-1.2.0-2.5.x86_64
libtheoraenc2-1.2.0-2.5.x86_64
libtiff6-4.7.2-1.2.x86_64
libtwolame0-0.4.0-1.25.x86_64
libudev1-261.2-1.2.x86_64
libudfread3-1.2.0-1.5.x86_64
libunibreak6-6.1-1.5.x86_64
libunistring5-1.4.2-1.4.x86_64
libunwind8-1.8.3-3.3.x86_64
liburiparser1-1.0.2-2.2.x86_64
libusb-1_0-0-1.0.30-1.3.x86_64
libutf8proc3-2.12.0-1.1.x86_64
libuuid1-2.42.3-1.1.x86_64
libva-drm2-2.24.1-1.1.x86_64
libva-x11-2-2.24.1-1.1.x86_64
libva2-2.24.1-1.1.x86_64
libvdpau1-1.5-5.5.x86_64
libverto1-0.3.2-3.9.x86_64
libvidstab1_2-1.1.1-2.5.x86_64
libvmaf3-3.2.1-1.1.x86_64
libvo-amrwbenc0-0.1.3+5-1.10.x86_64
libvorbis0-1.3.7-5.7.x86_64
libvorbisenc2-1.3.7-5.7.x86_64
libvorbisfile3-1.3.7-5.7.x86_64
libvpl2-2.17.0-1.2.x86_64
libvpx12-1.16.0-1.4.x86_64
libvulkan1-1.4.357-1.1.x86_64
libvulkan_lvp-26.2.3-1.1.x86_64
libwacom-data-2.19.1-1.1.x86_64
libwacom9-2.19.1-1.1.x86_64
libwayland-client0-1.26.0-1.2.x86_64
libwayland-cursor0-1.26.0-1.2.x86_64
libwayland-egl1-1.26.0-1.2.x86_64
libwayland-server0-1.26.0-1.2.x86_64
libwebp7-1.6.0-2.3.x86_64
libwebpmux3-1.6.0-2.3.x86_64
libwebrtc-audio-processing-1-3-1.3-2.5.x86_64
libweston-16-16.0.0-1.2.x86_64
libweston-16-0-16.0.0-1.2.x86_64
libwinpr3-3-3.31.1-1.1.x86_64
libxcb-composite0-1.17.0-2.7.x86_64
libxcb-dri3-0-1.17.0-2.7.x86_64
libxcb-glx0-1.17.0-2.7.x86_64
libxcb-present0-1.17.0-2.7.x86_64
libxcb-randr0-1.17.0-2.7.x86_64
libxcb-render0-1.17.0-2.7.x86_64
libxcb-shm0-1.17.0-2.7.x86_64
libxcb-sync1-1.17.0-2.7.x86_64
libxcb-xfixes0-1.17.0-2.7.x86_64
libxcb-xkb1-1.17.0-2.7.x86_64
libxcb1-1.17.0-2.7.x86_64
libxkbcommon0-1.13.2-1.3.x86_64
libxkbfile1-1.2.0-1.5.x86_64
libxml++-3_0-1-3.2.5-2.6.x86_64
libxml2-16-2.15.4-1.1.x86_64
libxshmfence1-1.3.3-1.6.x86_64
libxtables12-1.8.13-1.4.x86_64
libxvidcore4-1.3.7-4.5.x86_64
libyaml-0-2-0.2.5-2.11.x86_64
libyuv0-20230517+a377993-2.5.x86_64
libz1-1.3.1-3.3.x86_64
libzimg2-3.0.6+20260720.g1ad1895-1.1.x86_64
libzix-0-0-0.8.0-1.5.x86_64
libzmq5-4.3.5-1.11.x86_64
libzstd1-1.5.7-6.1.x86_64
libzvbi0-0.2.45-1.1.x86_64
pam-1.7.3-1.1.x86_64
pipewire-modules-0_3-1.6.9-1.1.x86_64
pipewire-spa-plugins-0_2-1.6.9-1.1.x86_64
pkgconf-2.5.1-1.5.x86_64
pkgconf-m4-2.5.1-1.5.noarch
pkgconf-pkg-config-2.5.1-1.5.x86_64
procps-4.0.7-2.1.x86_64
python313-base-3.13.15-1.2.x86_64
sed-4.10-1.4.x86_64
shared-mime-info-2.5.1-1.1.x86_64
system-user-root-20190513-2.20.noarch
terminfo-6.6.20260919-113.1.x86_64
terminfo-base-6.6.20260919-113.1.x86_64
timezone-2026d-1.1.x86_64
util-linux-2.42.3-1.1.x86_64
vpx-tools-1.16.0-1.4.x86_64
wayland-utils-1.3.0-1.6.x86_64
waypipe-0.11.0-1.6.x86_64
weston-16.0.0-1.2.x86_64
xkeyboard-config-2.48-1.2.noarch
NAME="openSUSE Tumbleweed"
# VERSION="20260929"
ID="opensuse-tumbleweed"
-rwxr-xr-x. 1 root root   74352 Sep 20 16:29 /usr/bin/dmesg
-rwxr-xr-x. 1 root root  630536 Sep  2 14:24 /usr/bin/foot
lrwxrwxrwx. 1 root root      10 Sep 16 12:10 /usr/bin/python3 -> python3.13
-rwxr-xr-x. 1 root root   76800 Dec 15  2025 /usr/bin/wayland-info
-rwxr-xr-x. 1 root root 2571936 Feb  8  2026 /usr/bin/waypipe
-rwxr-xr-x. 1 root root  172832 Jul 16 19:30 /usr/bin/weston-terminal
-rwxr-xr-x. 1 root root  840496 Sep  2 20:49 /usr/sbin/ip
uid=1000(admin) gid=1000(admin) groups=1000(admin)
[vm-exec] --- stderr ---
install: cannot stat '/bin/smoke.json': No such file or directory
[vm-exec] --- end stderr ---
### exit=0
