### host 2026-10-01T21:01:45Z: vm-exec tier3s-261001-221428-2070491-12685 <<CMD
cd /root/qdistro-src && tier3s/spike/s2-waypipe.sh start weston-terminal
CMD
[vm-exec] guest identity pinned (pid 80380 start 281992)
client argv (as admin, WAYLAND_DISPLAY=wayland-1): waypipe -s /run/user/1000/t3s-bridge-weston-terminal/link.sock -o --no-gpu --title-prefix \[tier3s\]\  client
total 0
srw-------. 1 admin admin 0 Oct  1 21:01 link.sock
sandbox argv (as admin, in unit t3s-s2-sbx-weston-terminal): podman --runtime /usr/libexec/qdistro/tier3s-runsc --runtime-flag=network=none --runtime-flag=root=/run/user/1000/runsc --runtime-flag=debug --runtime-flag=debug-log=/var/tmp/tier3s-spike/s2-weston-terminal/runsc-debug/ --runtime-flag=host-uds=open run --rm --security-opt label=disable --security-opt no-new-privileges --security-opt seccomp=/var/tmp/tier3s-spike/smoke.json --cap-drop=ALL --userns=keep-id --user 1000:1000 --read-only --tmpfs /tmp:size=64m --tmpfs /run/user/1000:rw\,U\,mode=0700 --network=none --name t3s-s2-weston-terminal -v /run/user/1000/t3s-bridge-weston-terminal:/run/qdistro/link:rw -e XDG_RUNTIME_DIR=/run/user/1000 -e HOME=/tmp -e LANG=C.UTF-8 localhost/tier3s-spike/tw-terminals:20260929 waypipe -s /run/qdistro/link/link.sock -o --no-gpu server -- weston-terminal --shell=/usr/local/bin/t3s-banner
units: client=active sandbox=active
### exit=0
### host 2026-10-01T21:02:11Z: vm-exec tier3s-261001-221428-2070491-12685 <<CMD
cd /root/qdistro-src && tier3s/spike/s2-waypipe.sh status weston-terminal
CMD
[vm-exec] guest identity pinned (pid 80866 start 284623)
units: client=active sandbox=active
OCIRuntime=/usr/libexec/qdistro/tier3s-runsc State=running Pid=80473 ConmonPid=80460 Mounts=/run/user/1000/t3s-bridge-weston-terminal->/run/qdistro/link 
--- sandbox process tree (conmon 80460)
pid=80460 ppid=1 uid=1000 comm=conmon exe=/usr/bin/conmon pin=- cgroup=/user.slice/user-1000.slice/user@1000.service/user.slice/libpod-conmon-5409d4989ac5e0fede0a4a342b8c8ad02dfdb54670b6a408a9bff4b681b935c5.scope
    cmdline=/usr/bin/conmon --api-version 1 -c 5409d4989ac5e0fede0a4a342b8c8ad02dfdb54670b6a408a9bff4b681b935c5 -u 5409d4989ac5e0fede0a4a342b8c8ad02dfdb54670b6a408a9bff4b681b935c5 -r /usr/libexec/qdistro/tier3s-runsc -b /home/admin/.local/share/contain
pid=80473 ppid=80460 uid=100000 comm=gvisor_sentry exe=/usr/libexec/qdistro/runsc/gvisor-bin/gvisor_sentry pin=sidecar_gvisor_sentry_sha512 cgroup=/user.slice/user-1000.slice/user@1000.service/user.slice/libpod-conmon-5409d4989ac5e0fede0a4a342b8c8ad02dfdb54670b6a408a9bff4b681b935c5.scope
    cmdline=runsc-sandbox --ignore-cgroups=true --debug=true --network=none --platform=systrap --oci-seccomp=true --systemd-cgroup=true --root=/run/user/1000/runsc --debug-log=/var/tmp/tier3s-spike/s2-weston-terminal/runsc-debug/ --host-uds=open --debu
pid=80474 ppid=80460 uid=1000 comm=runsc-fd-parkin exe=/usr/libexec/qdistro/runsc/gvisor-bin/runsc-fd-parking pin=sidecar_runsc-fd-parking_sha512 cgroup=/user.slice/user-1000.slice/user@1000.service/user.slice/libpod-conmon-5409d4989ac5e0fede0a4a342b8c8ad02dfdb54670b6a408a9bff4b681b935c5.scope
pid=80468 ppid=80460 uid=100000 comm=exe exe=/usr/libexec/qdistro/runsc/runsc pin=runsc_sha512 cgroup=/user.slice/user-1000.slice/user@1000.service/user.slice/libpod-conmon-5409d4989ac5e0fede0a4a342b8c8ad02dfdb54670b6a408a9bff4b681b935c5.scope
    cmdline=runsc-gofer --systemd-cgroup=true --debug-log=/var/tmp/tier3s-spike/s2-weston-terminal/runsc-debug/ --root=/run/user/1000/runsc --debug=true --host-uds=open --network=none --platform=systrap --oci-seccomp=true --ignore-cgroups=true --debug-
pid=80490 ppid=80473 uid=100000 comm=gvisor_sentry exe=/usr/libexec/qdistro/runsc/gvisor-bin/gvisor_sentry pin=sidecar_gvisor_sentry_sha512 cgroup=/user.slice/user-1000.slice/user@1000.service/user.slice/libpod-conmon-5409d4989ac5e0fede0a4a342b8c8ad02dfdb54670b6a408a9bff4b681b935c5.scope
pid=80509 ppid=80473 uid=100000 comm=gvisor_sentry exe=/usr/libexec/qdistro/runsc/gvisor-bin/gvisor_sentry pin=sidecar_gvisor_sentry_sha512 cgroup=/user.slice/user-1000.slice/user@1000.service/user.slice/libpod-conmon-5409d4989ac5e0fede0a4a342b8c8ad02dfdb54670b6a408a9bff4b681b935c5.scope
pid=80512 ppid=80473 uid=100000 comm=gvisor_sentry exe=/usr/libexec/qdistro/runsc/gvisor-bin/gvisor_sentry pin=sidecar_gvisor_sentry_sha512 cgroup=/user.slice/user-1000.slice/user@1000.service/user.slice/libpod-conmon-5409d4989ac5e0fede0a4a342b8c8ad02dfdb54670b6a408a9bff4b681b935c5.scope
pid=80519 ppid=80473 uid=100000 comm=gvisor_sentry exe=/usr/libexec/qdistro/runsc/gvisor-bin/gvisor_sentry pin=sidecar_gvisor_sentry_sha512 cgroup=/user.slice/user-1000.slice/user@1000.service/user.slice/libpod-conmon-5409d4989ac5e0fede0a4a342b8c8ad02dfdb54670b6a408a9bff4b681b935c5.scope
pid=80521 ppid=80473 uid=100000 comm=gvisor_sentry exe=/usr/libexec/qdistro/runsc/gvisor-bin/gvisor_sentry pin=sidecar_gvisor_sentry_sha512 cgroup=/user.slice/user-1000.slice/user@1000.service/user.slice/libpod-conmon-5409d4989ac5e0fede0a4a342b8c8ad02dfdb54670b6a408a9bff4b681b935c5.scope
pid=80525 ppid=80473 uid=100000 comm=gvisor_sentry exe=/usr/libexec/qdistro/runsc/gvisor-bin/gvisor_sentry pin=sidecar_gvisor_sentry_sha512 cgroup=/user.slice/user-1000.slice/user@1000.service/user.slice/libpod-conmon-5409d4989ac5e0fede0a4a342b8c8ad02dfdb54670b6a408a9bff4b681b935c5.scope
pid=80527 ppid=80473 uid=100000 comm=gvisor_sentry exe=/usr/libexec/qdistro/runsc/gvisor-bin/gvisor_sentry pin=sidecar_gvisor_sentry_sha512 cgroup=/user.slice/user-1000.slice/user@1000.service/user.slice/libpod-conmon-5409d4989ac5e0fede0a4a342b8c8ad02dfdb54670b6a408a9bff4b681b935c5.scope
pid=80529 ppid=80473 uid=100000 comm=gvisor_sentry exe=/usr/libexec/qdistro/runsc/gvisor-bin/gvisor_sentry pin=sidecar_gvisor_sentry_sha512 cgroup=/user.slice/user-1000.slice/user@1000.service/user.slice/libpod-conmon-5409d4989ac5e0fede0a4a342b8c8ad02dfdb54670b6a408a9bff4b681b935c5.scope
pid=80510 ppid=80509 uid=100000 comm=gvisor_sentry exe=/usr/libexec/qdistro/runsc/gvisor-bin/gvisor_sentry pin=sidecar_gvisor_sentry_sha512 cgroup=/user.slice/user-1000.slice/user@1000.service/user.slice/libpod-conmon-5409d4989ac5e0fede0a4a342b8c8ad02dfdb54670b6a408a9bff4b681b935c5.scope
pid=80518 ppid=80509 uid=100000 comm=gvisor_sentry exe=/usr/libexec/qdistro/runsc/gvisor-bin/gvisor_sentry pin=sidecar_gvisor_sentry_sha512 cgroup=/user.slice/user-1000.slice/user@1000.service/user.slice/libpod-conmon-5409d4989ac5e0fede0a4a342b8c8ad02dfdb54670b6a408a9bff4b681b935c5.scope
pid=80523 ppid=80509 uid=100000 comm=gvisor_sentry exe=/usr/libexec/qdistro/runsc/gvisor-bin/gvisor_sentry pin=sidecar_gvisor_sentry_sha512 cgroup=/user.slice/user-1000.slice/user@1000.service/user.slice/libpod-conmon-5409d4989ac5e0fede0a4a342b8c8ad02dfdb54670b6a408a9bff4b681b935c5.scope
pid=80513 ppid=80512 uid=100000 comm=gvisor_sentry exe=/usr/libexec/qdistro/runsc/gvisor-bin/gvisor_sentry pin=sidecar_gvisor_sentry_sha512 cgroup=/user.slice/user-1000.slice/user@1000.service/user.slice/libpod-conmon-5409d4989ac5e0fede0a4a342b8c8ad02dfdb54670b6a408a9bff4b681b935c5.scope
pid=80520 ppid=80519 uid=100000 comm=gvisor_sentry exe=/usr/libexec/qdistro/runsc/gvisor-bin/gvisor_sentry pin=sidecar_gvisor_sentry_sha512 cgroup=/user.slice/user-1000.slice/user@1000.service/user.slice/libpod-conmon-5409d4989ac5e0fede0a4a342b8c8ad02dfdb54670b6a408a9bff4b681b935c5.scope
pid=80522 ppid=80521 uid=100000 comm=gvisor_sentry exe=/usr/libexec/qdistro/runsc/gvisor-bin/gvisor_sentry pin=sidecar_gvisor_sentry_sha512 cgroup=/user.slice/user-1000.slice/user@1000.service/user.slice/libpod-conmon-5409d4989ac5e0fede0a4a342b8c8ad02dfdb54670b6a408a9bff4b681b935c5.scope
pid=80526 ppid=80525 uid=100000 comm=gvisor_sentry exe=/usr/libexec/qdistro/runsc/gvisor-bin/gvisor_sentry pin=sidecar_gvisor_sentry_sha512 cgroup=/user.slice/user-1000.slice/user@1000.service/user.slice/libpod-conmon-5409d4989ac5e0fede0a4a342b8c8ad02dfdb54670b6a408a9bff4b681b935c5.scope
pid=80528 ppid=80527 uid=100000 comm=gvisor_sentry exe=/usr/libexec/qdistro/runsc/gvisor-bin/gvisor_sentry pin=sidecar_gvisor_sentry_sha512 cgroup=/user.slice/user-1000.slice/user@1000.service/user.slice/libpod-conmon-5409d4989ac5e0fede0a4a342b8c8ad02dfdb54670b6a408a9bff4b681b935c5.scope
pid=80530 ppid=80529 uid=100000 comm=gvisor_sentry exe=/usr/libexec/qdistro/runsc/gvisor-bin/gvisor_sentry pin=sidecar_gvisor_sentry_sha512 cgroup=/user.slice/user-1000.slice/user@1000.service/user.slice/libpod-conmon-5409d4989ac5e0fede0a4a342b8c8ad02dfdb54670b6a408a9bff4b681b935c5.scope
--- inside the sandbox (runsc ps, run in podman's userns as admin)
UID       PID       PPID      PGID      C         TTY       STIME     TIME      CMD
1000      1         0         1         1         ?         21:02     70ms      waypipe
1000      2         1         1         0         ?         21:02     10ms      weston-terminal
1000      5         2         5         0         pts/0     21:02     30ms      bash
--- host waypipe client (unit t3s-s2-client-weston-terminal)
pid=80412 comm=runuser uid=0 exe=/usr/sbin/runuser
pid=80415 comm=waypipe uid=1000 exe=/usr/bin/waypipe
--- host processes named like the app (expect none: the app runs inside the Sentry)
(end)
  80412 root     runuser         /usr/sbin/runuser -u admin -- env -i PATH=/usr/bin:/bin HOME=/home/admin XDG_RUNTIME_DIR=/run/user/1000 WAYLAND_DISPLAY=wayland
  80415 admin    waypipe         waypipe -s /run/user/1000/t3s-bridge-weston-terminal/link.sock -o --no-gpu --title-prefix [tier3s]  client
  80447 root     runuser         /usr/sbin/runuser -u admin -- env -i PATH=/usr/bin:/bin HOME=/home/admin USER=admin LOGNAME=admin XDG_RUNTIME_DIR=/run/user/100
  80449 admin    podman          podman --runtime /usr/libexec/qdistro/tier3s-runsc --runtime-flag=network=none --runtime-flag=root=/run/user/1000/runsc --runti
  80866 root     s2-waypipe.sh   /bin/bash tier3s/spike/s2-waypipe.sh status weston-terminal
--- sandbox log
could not load cursor 'dnd-move'
could not load cursor 'dnd-copy'
could not load cursor 'dnd-none'
--- client log
--- Sentry: seccomp denials / unsupported syscalls (x86_64 nr)
      2 Syscall 122: denied by seccomp
      2 Syscall 123: denied by seccomp
      3 Syscall 221: denied by seccomp
      1 Unsupported syscall rseq(…). It is likely that you can safely ignore this message and that this is not the cau
(end denials)
### exit=0
### host 2026-10-01T21:02:14Z: vm-exec tier3s-261001-221428-2070491-12685 <<CMD
cd /root/qdistro-src && tier3s/spike/s2-waypipe.sh stop weston-terminal
CMD
[vm-exec] guest identity pinned (pid 81357 start 284854)
t3s-s2-weston-terminal
podman stop rc=0
units: client=inactive sandbox=inactive
(end ps -a)
(end leftovers)
--- Sentry: seccomp denials / unsupported syscalls (x86_64 nr)
      2 Syscall 122: denied by seccomp
      2 Syscall 123: denied by seccomp
      3 Syscall 221: denied by seccomp
      1 Unsupported syscall rseq(…). It is likely that you can safely ignore this message and that this is not the cau
(end denials)
### exit=0
