### host 2026-10-01T21:03:04Z: vm-exec tier3s-261001-221428-2070491-12685 <<CMD
cd /root/qdistro-src && tier3s/spike/s3-cgroups.sh parent-root
CMD
[vm-exec] guest identity pinned (pid 84543 start 289912)
scope argv: systemd-run --scope --unit=t3s-s3-parent-root -p Delegate=yes -p MemoryMax=1G -p TasksMax=512 -- sh -c <chown own cgroup to admin; mkdir sandbox> runuser -u admin -- env -i …  podman --cgroup-manager=cgroupfs --runtime /usr/libexec/qdistro/tier3s-runsc --runtime-flag=network=none --runtime-flag=root=/run/user/1000/runsc run --rm --security-opt label=disable --security-opt no-new-privileges --security-opt seccomp=/var/tmp/tier3s-spike/smoke.json --cap-drop=ALL --userns=keep-id --user 1000:1000 --read-only --tmpfs /tmp:size=64m --tmpfs /run/user/1000:rw\,U\,mode=0700 --network=none --name t3s-s3-parent-root --cgroup-parent=/system.slice/t3s-s3-parent-root.scope/sandbox localhost/tier3s-spike/tw-terminals:20260929 sleep 45
--- launch output
scope cgroup: /sys/fs/cgroup/system.slice/t3s-s3-parent-root.scope controllers=cpuset cpu io memory pids
inspect: State=running Cgroups=default CgroupParent=/system.slice/t3s-s3-parent-root.scope/sandbox CgroupManager=cgroupfs ConmonPid=84596 Pid=84609
OCI linux.cgroupsPath = /system.slice/t3s-s3-parent-root.scope/sandbox/libpod-f616e72203e874a8e2f75daab46eee343ee651449a09401fd4dc7168bded2348
--- target cgroup: /system.slice/t3s-s3-parent-root.scope
controllers: cpuset cpu io memory pids | memory.max=1073741824 pids.max=512 owner=admin
--- recursive cgroup.procs of the target
/system.slice/t3s-s3-parent-root.scope	pid=84576 comm=runuser exe=/usr/sbin/runuser
/system.slice/t3s-s3-parent-root.scope	pid=84583 comm=podman exe=/usr/bin/podman
/system.slice/t3s-s3-parent-root.scope	pid=84596 comm=conmon exe=/usr/bin/conmon
/system.slice/t3s-s3-parent-root.scope	pid=84604 comm=exe exe=/usr/libexec/qdistro/runsc/runsc
/system.slice/t3s-s3-parent-root.scope	pid=84609 comm=gvisor_sentry exe=/usr/libexec/qdistro/runsc/gvisor-bin/gvisor_sentry
/system.slice/t3s-s3-parent-root.scope	pid=84610 comm=runsc-fd-parkin exe=/usr/libexec/qdistro/runsc/gvisor-bin/runsc-fd-parking
/system.slice/t3s-s3-parent-root.scope	pid=84626 comm=gvisor_sentry exe=/usr/libexec/qdistro/runsc/gvisor-bin/gvisor_sentry
/system.slice/t3s-s3-parent-root.scope	pid=84641 comm=gvisor_sentry exe=/usr/libexec/qdistro/runsc/gvisor-bin/gvisor_sentry
/system.slice/t3s-s3-parent-root.scope	pid=84642 comm=gvisor_sentry exe=/usr/libexec/qdistro/runsc/gvisor-bin/gvisor_sentry
--- every sandbox process (conmon subtree) classified against the target
INSIDE pid=84596 ppid=1 uid=1000 comm=conmon exe=/usr/bin/conmon pin=- cgroup=/system.slice/t3s-s3-parent-root.scope
INSIDE pid=84604 ppid=84596 uid=100000 comm=exe exe=/usr/libexec/qdistro/runsc/runsc pin=runsc_sha512 cgroup=/system.slice/t3s-s3-parent-root.scope
INSIDE pid=84609 ppid=84596 uid=100000 comm=gvisor_sentry exe=/usr/libexec/qdistro/runsc/gvisor-bin/gvisor_sentry pin=sidecar_gvisor_sentry_sha512 cgroup=/system.slice/t3s-s3-parent-root.scope
INSIDE pid=84610 ppid=84596 uid=1000 comm=runsc-fd-parkin exe=/usr/libexec/qdistro/runsc/gvisor-bin/runsc-fd-parking pin=sidecar_runsc-fd-parking_sha512 cgroup=/system.slice/t3s-s3-parent-root.scope
INSIDE pid=84626 ppid=84609 uid=100000 comm=gvisor_sentry exe=/usr/libexec/qdistro/runsc/gvisor-bin/gvisor_sentry pin=sidecar_gvisor_sentry_sha512 cgroup=/system.slice/t3s-s3-parent-root.scope
INSIDE pid=84641 ppid=84609 uid=100000 comm=gvisor_sentry exe=/usr/libexec/qdistro/runsc/gvisor-bin/gvisor_sentry pin=sidecar_gvisor_sentry_sha512 cgroup=/system.slice/t3s-s3-parent-root.scope
INSIDE pid=84642 ppid=84641 uid=100000 comm=gvisor_sentry exe=/usr/libexec/qdistro/runsc/gvisor-bin/gvisor_sentry pin=sidecar_gvisor_sentry_sha512 cgroup=/system.slice/t3s-s3-parent-root.scope
VERDICT shape=parent-root: 7/7 sandbox processes inside /system.slice/t3s-s3-parent-root.scope -> CONTAINS ALL
--- podman CLI / runuser / systemd-run processes of this launch
pid=84576 comm=runuser cgroup=/system.slice/t3s-s3-parent-root.scope
pid=84583 comm=podman cgroup=/system.slice/t3s-s3-parent-root.scope
pid=84596 comm=conmon cgroup=/system.slice/t3s-s3-parent-root.scope
--- stop
(end leftovers)
target after stop: gone
### exit=0
