### host 2026-10-01T21:03:17Z: vm-exec tier3s-261001-221428-2070491-12685 <<CMD
cd /root/qdistro-src && tier3s/spike/s3-cgroups.sh parent-user
CMD
[vm-exec] guest identity pinned (pid 85536 start 291188)
argv (as admin, run -d): podman --runtime /usr/libexec/qdistro/tier3s-runsc --runtime-flag=network=none --runtime-flag=root=/run/user/1000/runsc run --rm --security-opt label=disable --security-opt no-new-privileges --security-opt seccomp=/var/tmp/tier3s-spike/smoke.json --cap-drop=ALL --userns=keep-id --user 1000:1000 --read-only --tmpfs /tmp:size=64m --tmpfs /run/user/1000:rw\,U\,mode=0700 --network=none --name t3s-s3-parent-user --cgroup-parent=t3sspike.slice localhost/tier3s-spike/tw-terminals:20260929 sleep 45
--- launch output
daf69e5cd769a53a616647cc069d48862322e8930e2e274395992b1befde41c1
inspect: State=running Cgroups=default CgroupParent=t3sspike.slice CgroupManager=systemd ConmonPid=85580 Pid=85593
OCI linux.cgroupsPath = t3sspike.slice:libpod:daf69e5cd769a53a616647cc069d48862322e8930e2e274395992b1befde41c1
--- target cgroup: /user.slice/user-1000.slice/user@1000.service/t3sspike.slice
controllers: pids | memory.max= pids.max=max owner=admin
--- recursive cgroup.procs of the target
/user.slice/user-1000.slice/user@1000.service/t3sspike.slice/libpod-conmon-daf69e5cd769a53a616647cc069d48862322e8930e2e274395992b1befde41c1.scope	pid=85580 comm=conmon exe=/usr/bin/conmon
/user.slice/user-1000.slice/user@1000.service/t3sspike.slice/libpod-conmon-daf69e5cd769a53a616647cc069d48862322e8930e2e274395992b1befde41c1.scope	pid=85589 comm=exe exe=/usr/libexec/qdistro/runsc/runsc
/user.slice/user-1000.slice/user@1000.service/t3sspike.slice/libpod-conmon-daf69e5cd769a53a616647cc069d48862322e8930e2e274395992b1befde41c1.scope	pid=85593 comm=gvisor_sentry exe=/usr/libexec/qdistro/runsc/gvisor-bin/gvisor_sentry
/user.slice/user-1000.slice/user@1000.service/t3sspike.slice/libpod-conmon-daf69e5cd769a53a616647cc069d48862322e8930e2e274395992b1befde41c1.scope	pid=85598 comm=runsc-fd-parkin exe=/usr/libexec/qdistro/runsc/gvisor-bin/runsc-fd-parking
/user.slice/user-1000.slice/user@1000.service/t3sspike.slice/libpod-conmon-daf69e5cd769a53a616647cc069d48862322e8930e2e274395992b1befde41c1.scope	pid=85619 comm=gvisor_sentry exe=/usr/libexec/qdistro/runsc/gvisor-bin/gvisor_sentry
/user.slice/user-1000.slice/user@1000.service/t3sspike.slice/libpod-conmon-daf69e5cd769a53a616647cc069d48862322e8930e2e274395992b1befde41c1.scope	pid=85634 comm=gvisor_sentry exe=/usr/libexec/qdistro/runsc/gvisor-bin/gvisor_sentry
/user.slice/user-1000.slice/user@1000.service/t3sspike.slice/libpod-conmon-daf69e5cd769a53a616647cc069d48862322e8930e2e274395992b1befde41c1.scope	pid=85635 comm=gvisor_sentry exe=/usr/libexec/qdistro/runsc/gvisor-bin/gvisor_sentry
--- every sandbox process (conmon subtree) classified against the target
INSIDE pid=85580 ppid=1 uid=1000 comm=conmon exe=/usr/bin/conmon pin=- cgroup=/user.slice/user-1000.slice/user@1000.service/t3sspike.slice/libpod-conmon-daf69e5cd769a53a616647cc069d48862322e8930e2e274395992b1befde41c1.scope
INSIDE pid=85589 ppid=85580 uid=100000 comm=exe exe=/usr/libexec/qdistro/runsc/runsc pin=runsc_sha512 cgroup=/user.slice/user-1000.slice/user@1000.service/t3sspike.slice/libpod-conmon-daf69e5cd769a53a616647cc069d48862322e8930e2e274395992b1befde41c1.scope
INSIDE pid=85593 ppid=85580 uid=100000 comm=gvisor_sentry exe=/usr/libexec/qdistro/runsc/gvisor-bin/gvisor_sentry pin=sidecar_gvisor_sentry_sha512 cgroup=/user.slice/user-1000.slice/user@1000.service/t3sspike.slice/libpod-conmon-daf69e5cd769a53a616647cc069d48862322e8930e2e274395992b1befde41c1.scope
INSIDE pid=85598 ppid=85580 uid=1000 comm=runsc-fd-parkin exe=/usr/libexec/qdistro/runsc/gvisor-bin/runsc-fd-parking pin=sidecar_runsc-fd-parking_sha512 cgroup=/user.slice/user-1000.slice/user@1000.service/t3sspike.slice/libpod-conmon-daf69e5cd769a53a616647cc069d48862322e8930e2e274395992b1befde41c1.scope
INSIDE pid=85619 ppid=85593 uid=100000 comm=gvisor_sentry exe=/usr/libexec/qdistro/runsc/gvisor-bin/gvisor_sentry pin=sidecar_gvisor_sentry_sha512 cgroup=/user.slice/user-1000.slice/user@1000.service/t3sspike.slice/libpod-conmon-daf69e5cd769a53a616647cc069d48862322e8930e2e274395992b1befde41c1.scope
INSIDE pid=85634 ppid=85593 uid=100000 comm=gvisor_sentry exe=/usr/libexec/qdistro/runsc/gvisor-bin/gvisor_sentry pin=sidecar_gvisor_sentry_sha512 cgroup=/user.slice/user-1000.slice/user@1000.service/t3sspike.slice/libpod-conmon-daf69e5cd769a53a616647cc069d48862322e8930e2e274395992b1befde41c1.scope
INSIDE pid=85635 ppid=85634 uid=100000 comm=gvisor_sentry exe=/usr/libexec/qdistro/runsc/gvisor-bin/gvisor_sentry pin=sidecar_gvisor_sentry_sha512 cgroup=/user.slice/user-1000.slice/user@1000.service/t3sspike.slice/libpod-conmon-daf69e5cd769a53a616647cc069d48862322e8930e2e274395992b1befde41c1.scope
VERDICT shape=parent-user: 7/7 sandbox processes inside /user.slice/user-1000.slice/user@1000.service/t3sspike.slice -> CONTAINS ALL
--- podman CLI / runuser / systemd-run processes of this launch
pid=85580 comm=conmon cgroup=/user.slice/user-1000.slice/user@1000.service/t3sspike.slice/libpod-conmon-daf69e5cd769a53a616647cc069d48862322e8930e2e274395992b1befde41c1.scope
--- stop
(end leftovers)
target after stop: exists
### exit=0
