### host: vm-exec tier3s-261001-221428-2070491-12685 'cd /root/qdistro-src && tier3s/probe.sh --user admin'
[vm-exec] guest identity pinned (pid 5214 start 13290)
PASS profile: dev (/etc/qdistro/profile)
PASS kernel: >= 5.6 (7.2.8-1-default)
PASS seccomp: present (Seccomp: 0)
PASS userns: max_user_namespaces=15373 (minimum, not capacity)
PASS ptrace_scope: 1 (<= 2)
PASS subuid: admin:100000:65536
PASS subgid: admin:100000:65536
PASS newuidmap: /usr/bin/newuidmap
PASS newgidmap: /usr/bin/newgidmap
PASS runsc: runsc version release-20260928.0 (matches pin)
PASS sidecars: /usr/libexec/qdistro/runsc/gvisor-bin (5 files)
PASS wrapper: /usr/libexec/qdistro/tier3s-runsc
PASS podman: 6.0.2 (>= 6)
PASS podman_runtime: --runtime /usr/libexec/qdistro/tier3s-runsc recorded
FAIL label_disable: not recorded (system_u:system_r:container_t:s0:c506,c615|[])
INFO kvm: /dev/kvm present (not used: --platform=systrap)
INFO selinux: Permissive
RESULT FAIL: first missing prerequisite: label_disable (not recorded (system_u:system_r:container_t:s0:c506,c615|[]))
### exit=1
