### host: vm-exec tier3s-261001-221428-2070491-12685 'cd /root/qdistro-src && stat -c "%a %n" /usr/libexec/qdistro/runsc/gvisor-bin/runsc-fd-parking; tier3s/probe.sh --user admin | grep -E "^(FAIL|RESULT)"; echo "### probe exit=${PIPESTATUS[0]} (expect 1)"; tier3s/provision-runsc.sh --offline --cache-dir /var/cache/qdistro/runsc; echo "### provision exit=$? (expect 0)"; stat -c "%a %n" /usr/libexec/qdistro/runsc/gvisor-bin/runsc-fd-parking'
[vm-exec] guest identity pinned (pid 16824 start 95641)
644 /usr/libexec/qdistro/runsc/gvisor-bin/runsc-fd-parking
FAIL bundle: file set differs: missing=[f 755 root:root gvisor-bin/runsc-fd-parking,] unexpected=[f 644 root:root gvisor-bin/runsc-fd-parking,]
RESULT FAIL: first missing prerequisite: bundle (file set differs: missing=[f 755 root:root gvisor-bin/runsc-fd-parking,] unexpected=[f 644 root:root gvisor-bin/runsc-fd-parking,])
### probe exit=1 (expect 1)
provision-runsc: tarball sha512 OK (/var/cache/qdistro/runsc/20260928.0/gvisor.tar.zstd)
provision-runsc: all 6 pinned files verified
provision-runsc: runsc --version: runsc version release-20260928.0
provision-runsc: PASS: installed runsc 20260928.0 to /usr/libexec/qdistro/runsc
### provision exit=0 (expect 0)
755 /usr/libexec/qdistro/runsc/gvisor-bin/runsc-fd-parking
### exit=0
[vm-exec] --- stderr ---
comm: file 1 is not in sorted order
comm: file 2 is not in sorted order
comm: input is not in sorted order
comm: file 1 is not in sorted order
comm: file 2 is not in sorted order
comm: input is not in sorted order
[vm-exec] --- end stderr ---
