### host 2026-10-02T09:45:17Z: vm-exec tier3s-261002-113918-2224374-3622 <<CMD
bash /root/qdistro-src/tier3s/spike/phase-a-ii-smoke.sh smoke-exit
CMD
[vm-exec] guest identity pinned (pid 9472 start 34148)
## CreateTier3sSilo + StartSilo, default argv: the smoke runs, exits 0, the launch tears itself down
CHECK silo-absent-before: OK (absent)
CHECK create-rc: OK (0)
CHECK silo-created: OK (Created)
Call failed: freeze/resume is unsupported for tier3s silos
CHECK freeze-on-created-refused: OK (1)
CHECK start-rc: OK (0)
CHECK unit-inactive-after-exit: OK (inactive)
Started qdistro tier-3s (gVisor) silo smoke (Experimental, dev profile only).
pam_unix(runuser:session): session opened for user admin(uid=1000) by (uid=0)
pam_unix(runuser:session): session closed for user admin
pam_unix(runuser:session): session opened for user admin(uid=1000) by (uid=0)
pam_unix(runuser:session): session closed for user admin
pam_unix(runuser:session): session opened for user admin(uid=1000) by (uid=0)
pam_unix(runuser:session): session closed for user admin
pam_unix(runuser:session): session opened for user admin(uid=1000) by (uid=0)
pam_unix(runuser:session): session closed for user admin
pam_unix(runuser:session): session opened for user admin(uid=1000) by (uid=0)
pam_unix(runuser:session): session closed for user admin
pam_unix(runuser:session): session opened for user admin(uid=1000) by (uid=0)
pam_unix(runuser:session): session closed for user admin
pam_unix(runuser:session): session opened for user admin(uid=1000) by (uid=0)
[resolve-binding] silo 'smoke' is untemplated (no binding)
pam_unix(runuser:session): session closed for user admin
spawn-tier3s: silo smoke runs UNTEMPLATED (no binding); image localhost/qdistro/tier3s-headless-smoke:latest
pam_unix(runuser:session): session opened for user admin(uid=1000) by (uid=0)
pam_unix(runuser:session): session closed for user admin
pam_unix(runuser:session): session opened for user admin(uid=1000) by (uid=0)
pam_unix(runuser:session): session closed for user admin
pam_unix(runuser:session): session opened for user admin(uid=1000) by (uid=0)
pam_unix(runuser:session): session closed for user admin
LAUNCH_TOKEN=57407e7fcc80f2c00402f769384ad1ae
CONTAINER=qdistro-tier3s-smoke
IMAGE=localhost/qdistro/tier3s-headless-smoke:latest
SCOPE_UNIT=qdistro-tier3s-57407e7fcc80f2c00402f769384ad1ae.scope
pam_unix(runuser:session): session opened for user admin(uid=1000) by (uid=0)
pam_unix(runuser:session): session closed for user admin
pam_unix(runuser:session): session opened for user admin(uid=1000) by (uid=0)
pam_unix(runuser:session): session closed for user admin
spawn-tier3s: running: qdistro-tier3s-smoke sentry=9878 conmon=9864 in /system.slice/qdistro-tier3s-57407e7fcc80f2c00402f769384ad1ae.scope
pam_unix(runuser:session): session opened for user admin(uid=1000) by (uid=0)
pam_unix(runuser:session): session closed for user admin
/usr/libexec/qdistro/qdistro-tier3s-cleanup: line 59: /proc/9878/stat: No such file or directory
/usr/libexec/qdistro/qdistro-tier3s-cleanup: line 59: /proc/9864/stat: No such file or directory
qdistro-tier3s-cleanup: 57407e7fcc80f2c00402f769384ad1ae: torn down (qdistro-tier3s-smoke)
qdistro-tier3s-silo@smoke.service: Deactivated successfully.
INFO recorded-running: 1
CHECK unit-result: OK (success)
CHECK main-status: OK (0)
CHECK smoke-done: BAD (got '0', want '1')
CHECK smoke-gvisor-kernel: BAD (got '0', want '1')
CHECK torn-down: OK (1)
CHECK stanza-token-in-record-line: OK (1)
CHECK stop-rc: OK (0)
CHECK silo-stopped: OK (Stopped)
CHECK stanza-removed: OK (absent)
CHECK after-exit-records: OK (0)
CHECK after-exit-scopes: OK (0)
CHECK after-exit-container: OK (0)
CHECK after-exit-runsc-procs: OK (0)
CHECK after-exit-state-root-empty: BAD (got '1', want '0')
### BAD=3
### exit=3
