### host 2026-10-02T09:45:21Z: vm-exec tier3s-261002-113918-2224374-3622 <<CMD
bash /root/qdistro-src/tier3s/spike/phase-a-ii-smoke.sh smoke-live
CMD
[vm-exec] guest identity pinned (pid 10457 start 34482)
## argv --hold via silos.yaml (manager restart), StartSilo, live launch checks, StopSilo
# qdistro-session-manager persistence file. Schema:
#   silos:
#     - name: <str>          # POSIX-ish silo name (= Linux user name)
#       uid: <int>           # Linux uid (2000..60000)
#       state: <Created|Active|Frozen|Stopping|Stopped|Deleting>
#       autostart: <bool>    # restart on daemon startup if true
#       created_at: <int>    # epoch seconds
#       last_change: <int>   # epoch seconds of last state change
#       kind: <tier3-user|tier2-template|tier3s>
#       egress: <none|direct|wg:NAME>  # tier3-user netns egress;
#                              # omit/null = legacy host net (no netns)
#       launch:              # tier2-template and tier3s only:
#         workload: <str>    #   spawn-tier2 workload (seccomp/image)
#         template_silo: <str>  # TIER2_SILO (binding to resolve)
#         network: <none|pasta>  # TIER2_NETWORK (legacy slirp4netns→pasta); tier3s: none only
#         argv: [<str>, ...] #   app argv after `--`
#   quarantined_silos:
#     - reason: <str>        # rows preserved but not loaded
#       row_json: <json>     # original row for manual repair
#
# This file is regenerated atomically on every state change.
# Hand-editing while qdistro-session-manager is running will be
# overwritten; stop the service first.
silos:
  - name: smoke
    uid: 1000
    state: Stopped
    autostart: false
    created_at: 1790934332
    last_change: 1790934334
    kind: tier3s
    launch:
      workload: headless-smoke
      template_silo: smoke
      network: none
      argv: ["qdistro-tier3s-smoke", "--hold", "600"]

CHECK silo-stopped-after-restart: OK (Stopped)
CHECK start-rc: OK (0)
CHECK container-running: OK (running)
CHECK silo-active: OK (Active)
token=1a69e7724cd13767f8da4abac9e3eb23
admin_uid=1000
conmon_pid=10931
conmon_starttime=34617
container=qdistro-tier3s-smoke
container_id=0ec7080517414205540060e2049573a972397f34b6787c39c858c40e3c2b8536
per_launch_dir=/run/qdistro-tier3s/1a69e7724cd13767f8da4abac9e3eb23
phase=running
runsc_root=/run/qdistro-tier3s-runsc/1000
schema=1
scope_cgroup=/system.slice/qdistro-tier3s-1a69e7724cd13767f8da4abac9e3eb23.scope
scope_unit=qdistro-tier3s-1a69e7724cd13767f8da4abac9e3eb23.scope
sentry_pid=10946
sentry_starttime=34618
token=1a69e7724cd13767f8da4abac9e3eb23
unit=qdistro-tier3s-silo@smoke.service
CHECK record-unit: OK (qdistro-tier3s-silo@smoke.service)
CHECK record-container: OK (qdistro-tier3s-smoke)
CHECK record-phase: OK (running)
CHECK record-token-is-the-stanza-token: OK (1a69e7724cd13767f8da4abac9e3eb23)
CHECK runtime: OK (/usr/libexec/qdistro/tier3s-runsc)
CHECK scope-active: OK (active)
CHECK runsc-procs-outside-scope: OK (0)
CHECK runsc-procs-in-scope: OK (14)
CHECK sentry-exe-pin: OK (sidecar_gvisor_sentry_sha512)
Call failed: freeze/resume is unsupported for tier3s silos
CHECK freeze-refused: OK (1)
CHECK still-active-after-freeze: OK (Active)
CHECK stop-rc: OK (0)
CHECK silo-stopped: OK (Stopped)
LAUNCH_TOKEN=1a69e7724cd13767f8da4abac9e3eb23
CONTAINER=qdistro-tier3s-smoke
IMAGE=localhost/qdistro/tier3s-headless-smoke:latest
SCOPE_UNIT=qdistro-tier3s-1a69e7724cd13767f8da4abac9e3eb23.scope
pam_unix(runuser:session): session opened for user admin(uid=1000) by (uid=0)
pam_unix(runuser:session): session closed for user admin
spawn-tier3s: running: qdistro-tier3s-smoke sentry=10946 conmon=10931 in /system.slice/qdistro-tier3s-1a69e7724cd13767f8da4abac9e3eb23.scope
Stopping qdistro tier-3s (gVisor) silo smoke (Experimental, dev profile only)...
pam_unix(runuser:session): session opened for user admin(uid=1000) by (uid=0)
pam_unix(runuser:session): session closed for user admin
pam_unix(runuser:session): session opened for user admin(uid=1000) by (uid=0)
pam_unix(runuser:session): session closed for user admin
pam_unix(runuser:session): session opened for user admin(uid=1000) by (uid=0)
pam_unix(runuser:session): session closed for user admin
pam_unix(runuser:session): session opened for user admin(uid=1000) by (uid=0)
pam_unix(runuser:session): session closed for user admin
pam_unix(runuser:session): session opened for user admin(uid=1000) by (uid=0)
pam_unix(runuser:session): session closed for user admin
/usr/libexec/qdistro/qdistro-tier3s-cleanup: line 59: /proc/10946/stat: No such file or directory
/usr/libexec/qdistro/qdistro-tier3s-cleanup: line 59: /proc/10931/stat: No such file or directory
qdistro-tier3s-cleanup: 1a69e7724cd13767f8da4abac9e3eb23: torn down (qdistro-tier3s-smoke)
Terminated                 exit $?
spawn-tier3s: signal: tearing down 1a69e7724cd13767f8da4abac9e3eb23
qdistro-tier3s-silo@smoke.service: Deactivated successfully.
Stopped qdistro tier-3s (gVisor) silo smoke (Experimental, dev profile only).
CHECK smoke-term: BAD (got '0', want '1')
CHECK torn-down: OK (1)
CHECK unit-result: OK (success)
CHECK scope-gone: OK (inactive)
CHECK after-stop-records: OK (0)
CHECK after-stop-scopes: OK (0)
CHECK after-stop-container: OK (0)
CHECK after-stop-runsc-procs: OK (0)
CHECK after-stop-state-root-empty: BAD (got '1', want '0')
### BAD=2
### exit=2
