[vm-exec] guest identity pinned (pid 3824 start 8267)
[vm-exec] Waiting... (polls=30s elapsed=31s)
[vm-exec] Waiting... (polls=60s elapsed=62s)
[vm-exec] Waiting... (polls=90s elapsed=94s)

## 0. preconditions
PASS: probe PASS (0)
PASS: broker allows the smoke spawn (allow)
PASS: launch unit carries StopPropagatedFrom= the manager (O11) (qdistro-session-manager.service)
PASS: pre: control records (0)
PASS: pre: scopes (0)
PASS: pre: labelled containers (0)
PASS: pre: runsc-bundle processes (0)
PASS: pre: state root holds no container state (0)
PASS: pre: no cleanup call scope left (0)
PASS: pre: no cleanup work dir left (0)
PASS: CreateTier3sSilo s122a (Created)
PASS: CreateTier3sSilo s122b (Created)
    silos.yaml: s122a argv -> ["qdistro-tier3s-smoke", "--hold", "600"]
    silos.yaml: s122b argv -> ["qdistro-tier3s-smoke", "--hold", "600"]

## 1. launcher SIGKILL (service failure), three times (ExecStopPost races the scope stop)
PASS: sigkill#1: launch 94f2a40d1c0502a6cef46f0479777ea3 up
PASS: sigkill#1: launch unit failed visibly (failed:signal)
    unit: qdistro-tier3s-silo@s122a.service: Sent signal SIGKILL to main process 4698 (spawn-tier3s.sh) on client request.
    unit: qdistro-tier3s-silo@s122a.service: Main process exited, code=killed, status=9/KILL
    unit: Error: no such container "qdistro-tier3s-s122a"
    unit: qdistro-tier3s-cleanup: 94f2a40d1c0502a6cef46f0479777ea3: qdistro-tier3s-s122a vanished during the teardown (removed concurrently)
    unit: qdistro-tier3s-cleanup: 94f2a40d1c0502a6cef46f0479777ea3: torn down (qdistro-tier3s-s122a)
    unit: qdistro-tier3s-silo@s122a.service: Failed with result 'signal'.
    unit: qdistro-tier3s-silo@s122a.service: Consumed 1.834s CPU time over 21.614s wall clock time.
PASS: launcher-sigkill#1: all 25 launch processes gone (pid+starttime)
PASS: launcher-sigkill#1: scope qdistro-tier3s-94f2a40d1c0502a6cef46f0479777ea3.scope gone (unit down, /sys/fs/cgroup/system.slice/qdistro-tier3s-94f2a40d1c0502a6cef46f0479777ea3.scope absent)
PASS: launcher-sigkill#1: per-launch dir /run/qdistro-tier3s/94f2a40d1c0502a6cef46f0479777ea3 gone
PASS: launcher-sigkill#1: control record /run/qdistro-tier3s-ctl/94f2a40d1c0502a6cef46f0479777ea3 gone
PASS: launcher-sigkill#1: container qdistro-tier3s-s122a gone (podman exists rc=1)
PASS: launcher-sigkill#1: no runsc state for c1130c28ce9f in /run/qdistro-tier3s-runsc/1000
PASS: sigkill#1: StopSilo afterwards reaches Stopped (Stopped)
PASS: sigkill#2: launch 1d5f134a1b4086d465275380529f37ca up
PASS: sigkill#2: launch unit failed visibly (failed:signal)
    unit: qdistro-tier3s-silo@s122a.service: Sent signal SIGKILL to main process 5805 (spawn-tier3s.sh) on client request.
    unit: qdistro-tier3s-silo@s122a.service: Main process exited, code=killed, status=9/KILL
    unit: qdistro-tier3s-cleanup: 1d5f134a1b4086d465275380529f37ca: torn down (qdistro-tier3s-s122a)
    unit: qdistro-tier3s-silo@s122a.service: Failed with result 'signal'.
    unit: qdistro-tier3s-silo@s122a.service: Consumed 1.243s CPU time over 10.597s wall clock time.
PASS: launcher-sigkill#2: all 21 launch processes gone (pid+starttime)
PASS: launcher-sigkill#2: scope qdistro-tier3s-1d5f134a1b4086d465275380529f37ca.scope gone (unit down, /sys/fs/cgroup/system.slice/qdistro-tier3s-1d5f134a1b4086d465275380529f37ca.scope absent)
PASS: launcher-sigkill#2: per-launch dir /run/qdistro-tier3s/1d5f134a1b4086d465275380529f37ca gone
PASS: launcher-sigkill#2: control record /run/qdistro-tier3s-ctl/1d5f134a1b4086d465275380529f37ca gone
PASS: launcher-sigkill#2: container qdistro-tier3s-s122a gone (podman exists rc=1)
PASS: launcher-sigkill#2: no runsc state for cdc8cfdd3523 in /run/qdistro-tier3s-runsc/1000
PASS: sigkill#2: StopSilo afterwards reaches Stopped (Stopped)
PASS: sigkill#3: launch bd81191912bb43b100e4fd23a70326f5 up
PASS: sigkill#3: launch unit failed visibly (failed:signal)
    unit: qdistro-tier3s-silo@s122a.service: Sent signal SIGKILL to main process 6771 (spawn-tier3s.sh) on client request.
    unit: qdistro-tier3s-silo@s122a.service: Main process exited, code=killed, status=9/KILL
    unit: qdistro-tier3s-cleanup: bd81191912bb43b100e4fd23a70326f5: torn down (qdistro-tier3s-s122a)
    unit: qdistro-tier3s-silo@s122a.service: Failed with result 'signal'.
    unit: qdistro-tier3s-silo@s122a.service: Consumed 1.285s CPU time over 6.214s wall clock time.
PASS: launcher-sigkill#3: all 17 launch processes gone (pid+starttime)
PASS: launcher-sigkill#3: scope qdistro-tier3s-bd81191912bb43b100e4fd23a70326f5.scope gone (unit down, /sys/fs/cgroup/system.slice/qdistro-tier3s-bd81191912bb43b100e4fd23a70326f5.scope absent)
PASS: launcher-sigkill#3: per-launch dir /run/qdistro-tier3s/bd81191912bb43b100e4fd23a70326f5 gone
PASS: launcher-sigkill#3: control record /run/qdistro-tier3s-ctl/bd81191912bb43b100e4fd23a70326f5 gone
PASS: launcher-sigkill#3: container qdistro-tier3s-s122a gone (podman exists rc=1)
PASS: launcher-sigkill#3: no runsc state for 2cb29cd64548 in /run/qdistro-tier3s-runsc/1000
PASS: sigkill#3: StopSilo afterwards reaches Stopped (Stopped)

## 2. O11: session-manager STOP tears down every live launch
PASS: manager-stop: two launches up (9ae8fe9eb00871022e7d1a849d8d8094, a64f574df70e8376c6f2dd17dc444898)
PASS: manager-stop: systemctl stop qdistro-session-manager.service rc (0)
PASS: manager-stop: manager inactive (inactive)
PASS: manager-stop: qdistro-tier3s-silo@s122a.service stopped through the verified cleanup (1)
PASS: manager-stop: qdistro-tier3s-silo@s122a.service stopped before the manager (After= order) (yes)
PASS: manager-stop/s122a: all 17 launch processes gone (pid+starttime)
PASS: manager-stop/s122a: scope qdistro-tier3s-9ae8fe9eb00871022e7d1a849d8d8094.scope gone (unit down, /sys/fs/cgroup/system.slice/qdistro-tier3s-9ae8fe9eb00871022e7d1a849d8d8094.scope absent)
PASS: manager-stop/s122a: per-launch dir /run/qdistro-tier3s/9ae8fe9eb00871022e7d1a849d8d8094 gone
PASS: manager-stop/s122a: control record /run/qdistro-tier3s-ctl/9ae8fe9eb00871022e7d1a849d8d8094 gone
PASS: manager-stop/s122a: container qdistro-tier3s-s122a gone (podman exists rc=1)
PASS: manager-stop/s122a: no runsc state for e5fe0c3103e8 in /run/qdistro-tier3s-runsc/1000
PASS: manager-stop: qdistro-tier3s-silo@s122b.service stopped through the verified cleanup (1)
PASS: manager-stop: qdistro-tier3s-silo@s122b.service stopped before the manager (After= order) (yes)
PASS: manager-stop/s122b: all 17 launch processes gone (pid+starttime)
PASS: manager-stop/s122b: scope qdistro-tier3s-a64f574df70e8376c6f2dd17dc444898.scope gone (unit down, /sys/fs/cgroup/system.slice/qdistro-tier3s-a64f574df70e8376c6f2dd17dc444898.scope absent)
PASS: manager-stop/s122b: per-launch dir /run/qdistro-tier3s/a64f574df70e8376c6f2dd17dc444898 gone
PASS: manager-stop/s122b: control record /run/qdistro-tier3s-ctl/a64f574df70e8376c6f2dd17dc444898 gone
PASS: manager-stop/s122b: container qdistro-tier3s-s122b gone (podman exists rc=1)
PASS: manager-stop/s122b: no runsc state for 4a2f2717d66e in /run/qdistro-tier3s-runsc/1000
PASS: manager-stop: control records (0)
PASS: manager-stop: scopes (0)
PASS: manager-stop: labelled containers (0)
PASS: manager-stop: runsc-bundle processes (0)
PASS: manager-stop: state root holds no container state (0)
PASS: manager-stop: no cleanup call scope left (0)
PASS: manager-stop: no cleanup work dir left (0)
PASS: manager-stop: manager started again (yes)
PASS: manager-stop/s122a: relaunched with a fresh token (1de4706921b23f0bdaf2e3dea768b3ce, was 9ae8fe9eb00871022e7d1a849d8d8094)
PASS: manager-stop/s122a: the new launch is recorded running (running)
PASS: manager-stop/s122a: its container runs under the new token (running:1de4706921b23f0bdaf2e3dea768b3ce)
PASS: manager-stop/s122a: its owning scope is live (active)
PASS: manager-stop/s122b: relaunched with a fresh token (87c7abd2a323618523f67a1e4722c492, was a64f574df70e8376c6f2dd17dc444898)
PASS: manager-stop/s122b: the new launch is recorded running (running)
PASS: manager-stop/s122b: its container runs under the new token (running:87c7abd2a323618523f67a1e4722c492)
PASS: manager-stop/s122b: its owning scope is live (active)
PASS: manager-stop-after: control records (0)
PASS: manager-stop-after: scopes (0)
PASS: manager-stop-after: labelled containers (0)
PASS: manager-stop-after: runsc-bundle processes (0)
PASS: manager-stop-after: state root holds no container state (0)
PASS: manager-stop-after: no cleanup call scope left (0)
PASS: manager-stop-after: no cleanup work dir left (0)

## 3. session-manager crash (SIGKILL) and restart
PASS: manager-crash: launch 48e132f902993e33e7aa494bd122df63 up
PASS: manager-crash: manager back with a new pid (yes)
PASS: manager-crash: all 19 launch processes gone (pid+starttime)
PASS: manager-crash: scope qdistro-tier3s-48e132f902993e33e7aa494bd122df63.scope gone (unit down, /sys/fs/cgroup/system.slice/qdistro-tier3s-48e132f902993e33e7aa494bd122df63.scope absent)
PASS: manager-crash: per-launch dir /run/qdistro-tier3s/48e132f902993e33e7aa494bd122df63 gone
PASS: manager-crash: control record /run/qdistro-tier3s-ctl/48e132f902993e33e7aa494bd122df63 gone
PASS: manager-crash: container qdistro-tier3s-s122a gone (podman exists rc=1)
PASS: manager-crash: no runsc state for 66da53744f5e in /run/qdistro-tier3s-runsc/1000
PASS: manager-crash: relaunched with a fresh token (fafddd09304f67f4140434b4a91397a8, was 48e132f902993e33e7aa494bd122df63)
PASS: manager-crash: the new launch is recorded running (running)
PASS: manager-crash: its container runs under the new token (running:fafddd09304f67f4140434b4a91397a8)
PASS: manager-crash: its owning scope is live (active)
    unit: Stopping qdistro tier-3s (gVisor) silo s122a (Experimental, dev profile only)...
    unit: qdistro-tier3s-cleanup: 48e132f902993e33e7aa494bd122df63: torn down (qdistro-tier3s-s122a)
    unit: spawn-tier3s: signal: tearing down 48e132f902993e33e7aa494bd122df63
    unit: Stopped qdistro tier-3s (gVisor) silo s122a (Experimental, dev profile only).
PASS: manager-crash: systemd completed a stop job for the old launch unit (yes)
PASS: manager-crash: the old launch got the verified cleanup (1)
PASS: manager-crash: StopSilo (Stopped)
PASS: manager-restart: launch 4371673f088657a79c84370c5f7bc6df up
PASS: manager-restart: manager back with a new pid (yes)
PASS: manager-restart: all 19 launch processes gone (pid+starttime)
PASS: manager-restart: scope qdistro-tier3s-4371673f088657a79c84370c5f7bc6df.scope gone (unit down, /sys/fs/cgroup/system.slice/qdistro-tier3s-4371673f088657a79c84370c5f7bc6df.scope absent)
PASS: manager-restart: per-launch dir /run/qdistro-tier3s/4371673f088657a79c84370c5f7bc6df gone
PASS: manager-restart: control record /run/qdistro-tier3s-ctl/4371673f088657a79c84370c5f7bc6df gone
PASS: manager-restart: container qdistro-tier3s-s122a gone (podman exists rc=1)
PASS: manager-restart: no runsc state for 1e8e7ef252f2 in /run/qdistro-tier3s-runsc/1000
PASS: manager-restart: relaunched with a fresh token (bc2043f7c6027707b8f6b44ac933ff67, was 4371673f088657a79c84370c5f7bc6df)
PASS: manager-restart: the new launch is recorded running (running)
PASS: manager-restart: its container runs under the new token (running:bc2043f7c6027707b8f6b44ac933ff67)
PASS: manager-restart: its owning scope is live (active)
    unit: Stopping qdistro tier-3s (gVisor) silo s122a (Experimental, dev profile only)...
    unit: qdistro-tier3s-cleanup: 4371673f088657a79c84370c5f7bc6df: torn down (qdistro-tier3s-s122a)
    unit: spawn-tier3s: signal: tearing down 4371673f088657a79c84370c5f7bc6df
    unit: Stopped qdistro tier-3s (gVisor) silo s122a (Experimental, dev profile only).
PASS: manager-restart: systemd completed a stop job for the old launch unit (yes)
PASS: manager-restart: the old launch got the verified cleanup (1)
PASS: manager-restart: StopSilo (Stopped)
PASS: manager-restarts: control records (0)
PASS: manager-restarts: scopes (0)
PASS: manager-restarts: labelled containers (0)
PASS: manager-restarts: runsc-bundle processes (0)
PASS: manager-restarts: state root holds no container state (0)
PASS: manager-restarts: no cleanup call scope left (0)
PASS: manager-restarts: no cleanup work dir left (0)

## 4. reconciliation: the manager's in-memory state is lost
PASS: reconcile/recorded: live launch cf68b8702105f8e095076f6a03418578 started while the manager was down
PASS: reconcile/recorded: the launch is live and labelled (running:cf68b8702105f8e095076f6a03418578)
PASS: reconcile/recorded: the restarted manager stopped the unknown launch unit (1)
PASS: reconcile/recorded: all 17 launch processes gone (pid+starttime)
PASS: reconcile/recorded: scope qdistro-tier3s-cf68b8702105f8e095076f6a03418578.scope gone (unit down, /sys/fs/cgroup/system.slice/qdistro-tier3s-cf68b8702105f8e095076f6a03418578.scope absent)
PASS: reconcile/recorded: per-launch dir /run/qdistro-tier3s/cf68b8702105f8e095076f6a03418578 gone
PASS: reconcile/recorded: control record /run/qdistro-tier3s-ctl/cf68b8702105f8e095076f6a03418578 gone
PASS: reconcile/recorded: container qdistro-tier3s-s122a gone (podman exists rc=1)
PASS: reconcile/recorded: no runsc state for dbcd11a768a8 in /run/qdistro-tier3s-runsc/1000
PASS: reconcile/recorded: silo not relaunched (it was Stopped) (Stopped)
PASS: reconcile/unrecorded: live launch c1636da3fe8103cc65922720a4ac0491 started while the manager was down
PASS: reconcile/unrecorded: the launch is live and labelled (running:c1636da3fe8103cc65922720a4ac0491)
PASS: reconcile/unrecorded: control record removed by hand (no)
PASS: reconcile/unrecorded: the restarted manager stopped the unknown launch unit (1)
PASS: reconcile/unrecorded: all 19 launch processes gone (pid+starttime)
PASS: reconcile/unrecorded: scope qdistro-tier3s-c1636da3fe8103cc65922720a4ac0491.scope gone (unit down, /sys/fs/cgroup/system.slice/qdistro-tier3s-c1636da3fe8103cc65922720a4ac0491.scope absent)
PASS: reconcile/unrecorded: per-launch dir /run/qdistro-tier3s/c1636da3fe8103cc65922720a4ac0491 gone
PASS: reconcile/unrecorded: control record /run/qdistro-tier3s-ctl/c1636da3fe8103cc65922720a4ac0491 gone
PASS: reconcile/unrecorded: container qdistro-tier3s-s122a gone (podman exists rc=1)
PASS: reconcile/unrecorded: no runsc state for 6cee10df30fd in /run/qdistro-tier3s-runsc/1000
PASS: reconcile/unrecorded: silo not relaunched (it was Stopped) (Stopped)

## 5. reconciliation: a live labelled container with no launch unit at all
PASS: ghost: labelled container live with no unit and no record (running:no:inactive)
PASS: ghost: reconciliation reaped the labelled container (podman exists rc) (1)
PASS: ghost: its sandbox (State.Pid 18645) is gone (no)
PASS: ghost: the manager reported no reconciliation failure (0)

## 6. cleanup
PASS: DeleteSilo s122a (absent)
PASS: DeleteSilo s122b (absent)
PASS: end: control records (0)
PASS: end: scopes (0)
PASS: end: labelled containers (0)
PASS: end: runsc-bundle processes (0)
PASS: end: state root holds no container state (0)
PASS: end: no cleanup call scope left (0)
PASS: end: no cleanup work dir left (0)
[s122] 152 passes, 0 failures
