1..1
# [tier3s] tested commit 5a494c448dde1c28bb3d62b038ced451a2cd1345; runsc 20260928.0 (sha512 ok); image 1eee52a21ad86f065d227988b4ff8e279fe838e4ed84ee77f2aed0d372deae92
# [tier3s] staged GUI image weston-terminal (c1cfa112ea7171ba1c62d14d9adda09e40b530bd9f5b3e76cfaf4e29ff0b345e)
# [tier3s] staged GUI image foot (4149fd5f34546cf0b73329384de250e6397b2ff8b52783c1aea6faacefa62237)
# [vm-exec] guest identity pinned (pid 1293 start 1986)
# [vm-exec] Waiting... (polls=30s elapsed=32s)
# 
# ## 0. guest
# INFO: profile: QDISTRO_PROFILE=dev 
# INFO: kernel 7.2.8-1-default; podman version 6.0.2; systemd 261 (261.2); selinux Permissive
# PASS: o10: worker image (built without QDISTRO_TIER3S=1) carries no tier 3s file
# 
# ## 1. stage the tested commit, root-owned
# PASS: staged src.tar
# INFO: tested commit 5a494c448dde1c28bb3d62b038ced451a2cd1345
# PASS: staged tree has the tier 3s sources (yes)
# 
# ## 2. installer WITHOUT QDISTRO_TIER3S (owner O10: installs nothing tier 3s)
#     install-session-manager: tier 3s not installed (QDISTRO_TIER3S is not 1; paravirt O10)
# PASS: o10: installer without the flag rc (0)
# PASS: o10: installer without the flag says so (1)
# PASS: o10: no tier 3s file after the installer ran without the flag
# 
# ## 3. installer WITH QDISTRO_TIER3S=1 from the tested commit
#     session manager ready on org.qdistro.SessionManager1
# PASS: installer with QDISTRO_TIER3S=1 rc (0)
# PASS: installed /usr/lib/qdistro/tier3s/spawn-tier3s.sh = tested commit (eae9ccd15eda99a7eefce63354b1242583ac739281eb3580e879ee6c6bab416d)
# PASS: installed /usr/lib/qdistro/tier3s/spawn-tier3s.sh owner/mode (root:root 755)
# PASS: installed /usr/lib/qdistro/tier3s/probe.sh = tested commit (ab33f366968738fdb5db3e93a9f19308dc8d19bb022815154109f149e73bb1ba)
# PASS: installed /usr/lib/qdistro/tier3s/probe.sh owner/mode (root:root 755)
# PASS: installed /usr/lib/qdistro/tier3s/tier3s-runsc = tested commit (3d55537c56376d12767d8de902ec76f968915f71d2a5433b5d93ab1296c33a85)
# PASS: installed /usr/lib/qdistro/tier3s/tier3s-runsc owner/mode (root:root 755)
# PASS: installed /usr/lib/qdistro/tier3s/RUNSC_RELEASE = tested commit (b0b60c5230d11c46eb52588e308ef93eba3cbff4ce5871d929059c8fa969b3a3)
# PASS: installed /usr/lib/qdistro/tier3s/RUNSC_RELEASE owner/mode (root:root 644)
# PASS: installed /usr/lib/qdistro/tier3s/seccomp/foot.json = tested commit (f7b8c94fcc26455cb986e3eb1bbd37785cb1bfd3d54f233a17e6f0ba3c7459f6)
# PASS: installed /usr/lib/qdistro/tier3s/seccomp/foot.json owner/mode (root:root 644)
# PASS: installed /usr/lib/qdistro/tier3s/seccomp/headless-smoke.json = tested commit (13c0e63dd2684e4f9a5c30b38d2e71b363ab33fc1bb7f68b4f53b8a8aa29b41d)
# PASS: installed /usr/lib/qdistro/tier3s/seccomp/headless-smoke.json owner/mode (root:root 644)
# PASS: installed /usr/lib/qdistro/tier3s/seccomp/weston-terminal.json = tested commit (0384b8f78a14e515046bc484c87755e5568e2db5a6e7494e44a68180814e981d)
# PASS: installed /usr/lib/qdistro/tier3s/seccomp/weston-terminal.json owner/mode (root:root 644)
# PASS: installed /usr/libexec/qdistro/qdistro-tier3s-scope = tested commit (ed58ac1beb23dd8bc66d39db6a23c33cc2c80dfe3953ebc835d6275297aec25b)
# PASS: installed /usr/libexec/qdistro/qdistro-tier3s-scope owner/mode (root:root 755)
# PASS: installed /usr/libexec/qdistro/qdistro-tier3s-cleanup = tested commit (99cc7d01197fb87e7331e81482407807f2e480470cf7525d4773bbe8f0a9d26d)
# PASS: installed /usr/libexec/qdistro/qdistro-tier3s-cleanup owner/mode (root:root 755)
# PASS: installed /usr/lib/tmpfiles.d/qdistro-tier3s.conf = tested commit (a4896cb3d4ac70444da2a1a520ec7e9caf2a9232602a70372d38cbded39ee6ca)
# PASS: installed /usr/lib/tmpfiles.d/qdistro-tier3s.conf owner/mode (root:root 644)
# PASS: installed /etc/systemd/system/qdistro-tier3s-silo@.service = tested commit (fb081df29bd074601e35eddd142beb9cdb49c13d85640c8252ee39c19de4d1ff)
# PASS: installed /etc/systemd/system/qdistro-tier3s-silo@.service owner/mode (root:root 644)
# PASS: installed /usr/libexec/qdistro/qdistro-tier3s-silo-launch = tested commit (47778f48cb4735f7abc0882d51fbda407fa6488476d5c1ef0e04a59d928a1692)
# PASS: installed /usr/libexec/qdistro/qdistro-tier3s-silo-launch owner/mode (root:root 755)
# PASS: installed /usr/libexec/qdistro/qdistro_session_manager.py = tested commit (e392b9c2f396e8a49b32d34d845732879b630d15a1a145dab60334696692aae9)
# PASS: installed /usr/libexec/qdistro/qdistro_session_manager.py owner/mode (root:root 755)
# PASS: installed broker = tested commit (795a4606e292760d93968d36f67abacf6c39e54ede90763f2e4a7a0e5e58cc1a)
# PASS: tmpfiles: state root (1000:1000 700)
# PASS: tmpfiles: control dir (root:root 700)
# PASS: tmpfiles: per-launch parent (root:root 755)
# PASS: tmpfiles: tier3s stanza dir (root:root 700)
# PASS: runsc not installed by the installer (no)
# PASS: unit loaded from /etc (/etc/systemd/system/qdistro-tier3s-silo@.service)
# PASS: unit StopPropagatedFrom (O11) (qdistro-session-manager.service)
# PASS: session manager runs the installed code (pid 2034, serves CreateTier3sSilo)
# PASS: broker has the rules-only tier3s prefix (1)
# 
# ## 4. runsc: offline provision from the staged, pin-checked tarball
# PASS: runsc tarball sha512 = pin (20260928.0) (4ce35ca83aef7f96b06cde668e0b23aa98b05aa1829508e974196c2a1e02786c95f5bf79315fd7ddcfd88fe7a00f083ed8053e25eff7673d28d5256440caae8b)
#     provision-runsc: all 6 pinned files verified
#     provision-runsc: runsc --version: runsc version release-20260928.0
#     provision-runsc: PASS: installed runsc 20260928.0 to /usr/libexec/qdistro/runsc
# PASS: provision-runsc.sh --offline rc (0)
#     PASS profile: dev (/etc/qdistro/profile)
#     PASS kernel: >= 5.6 (7.2.8-1-default)
#     PASS seccomp: /proc/sys/kernel/seccomp present (actions: kill_process kill_thread trap errno user_notif trace log allow)
#     PASS userns: max_user_namespaces=15373 (minimum, not capacity)
#     PASS ptrace_scope: 1 (<= 2)
#     PASS subuid: admin:100000:65536
#     PASS subgid: admin:100000:65536
#     PASS newuidmap: /usr/bin/newuidmap
#     PASS newgidmap: /usr/bin/newgidmap
#     PASS pin: /usr/lib/qdistro/tier3s/RUNSC_RELEASE release=20260928.0
#     PASS runsc: release stamp matches pin; /usr/libexec/qdistro/runsc/runsc present (not yet executed)
#     PASS install_path: /usr/libexec/qdistro/runsc and ancestors up to /: real dirs, uid 0, not group/other-writable
#     PASS bundle: /usr/libexec/qdistro/runsc: 6 files, exact set, sha512 match pin
#     PASS runsc_version: runsc version release-20260928.0 (matches pin, rc=0; executed the verified inode 65027:4442695)
#     PASS wrapper: /usr/libexec/qdistro/tier3s-runsc (identical to /usr/lib/qdistro/tier3s/tier3s-runsc)
#     PASS workloads: /usr/lib/qdistro/tier3s/workloads (3 declaration(s))
#     PASS state_root: /run/qdistro-tier3s-runsc/1000 (uid 1000 0700 under /run/qdistro-tier3s-runsc)
#     PASS podman: 6.0.2 (>= 6)
#     PASS podman_runtime: --runtime /usr/libexec/qdistro/tier3s-runsc recorded
#     PASS label_disable: accepted (|[label=disable])
#     INFO kvm: /dev/kvm present (not used: --platform=systrap)
#     INFO selinux: Permissive
#     RESULT PASS: tier 3s prerequisites present
# PASS: installed probe rc (0)
# PASS: installed probe RESULT (1)
# PASS: probe state_root (1)
# 
# ## 5. workload image from the OCI archive (built once with registry access)
# PASS: image archive and manifest staged
#     IMAGE_FOOT=qdistro/tier3s-foot:latest
#     IMAGE_ID_FOOT=4149fd5f34546cf0b73329384de250e6397b2ff8b52783c1aea6faacefa62237
#     IMAGE_DIGEST_FOOT=sha256:a12fd56776fbf601f6deea509f210e38d9938bde4c64f1ae1f2b55ea78b72e1a
#     IMAGE_HEADLESS_SMOKE=qdistro/tier3s-headless-smoke:latest
#     IMAGE_ID_HEADLESS_SMOKE=1eee52a21ad86f065d227988b4ff8e279fe838e4ed84ee77f2aed0d372deae92
#     IMAGE_DIGEST_HEADLESS_SMOKE=sha256:784f5445a0f6471a43ecced8d10e78378b1f06e2319f85d24682e546d013aa6f
#     IMAGE_WESTON_TERMINAL=qdistro/tier3s-weston-terminal:latest
#     IMAGE_ID_WESTON_TERMINAL=c1cfa112ea7171ba1c62d14d9adda09e40b530bd9f5b3e76cfaf4e29ff0b345e
#     IMAGE_DIGEST_WESTON_TERMINAL=sha256:b0e653ce4cff2ba0dd66c184eb8a442f1faa75f92ec98141162b47ce300ff64f
#     IMAGE_SNAPSHOT=20260930
#     IMAGE_ARCHIVE_SHA256_FOOT=5c39ff8f01a7e7fa827dbf281a512609ffa2cd80bb663ede2ae153df70e76695
#     IMAGE_ARCHIVE_SHA256_HEADLESS_SMOKE=6c4d8e6efd1c50fe4e0c664cbc99e2edf62f0eb9ac73e781822c238da1852437
#     IMAGE_ARCHIVE_SHA256_WESTON_TERMINAL=7affcd190a15508bd2d2f9e99cd8050487906d70b13bb3a15c962c05fc425056
#     INPUT_KEY=7a3aa746fecb90fbff03f540eceeb495
#     BUILT_FROM_COMMIT=7517e36e3e3b017cbf4f4607c18a9a7e6c86f4a8
#     BUILD_VM=qdistro-tester5
#     BUILT_AT=2026-10-03T11:00:41Z
#     IMAGE=qdistro/tier3s-headless-smoke:latest
#     IMAGE_ID=1eee52a21ad86f065d227988b4ff8e279fe838e4ed84ee77f2aed0d372deae92
#     IMAGE_DIGEST=sha256:784f5445a0f6471a43ecced8d10e78378b1f06e2319f85d24682e546d013aa6f
#     IMAGE_ARCHIVE_SHA256=6c4d8e6efd1c50fe4e0c664cbc99e2edf62f0eb9ac73e781822c238da1852437
# PASS: archive sha256 = manifest (6c4d8e6efd1c50fe4e0c664cbc99e2edf62f0eb9ac73e781822c238da1852437)
# PASS: manifest snapshot = snapshot.conf pin (20260930)
# PASS: manifest input key = the tested commit's image inputs (7a3aa746fecb90fbff03f540eceeb495)
#     Writing manifest to image destination
#     Loaded image: localhost/qdistro/tier3s-headless-smoke:latest
# PASS: podman load (admin) rc (0)
# PASS: loaded image ID = manifest IMAGE_ID (1eee52a21ad86f065d227988b4ff8e279fe838e4ed84ee77f2aed0d372deae92)
# PASS: image snapshot label = pin (20260930)
# IMAGE_ID=1eee52a21ad86f065d227988b4ff8e279fe838e4ed84ee77f2aed0d372deae92
# IMAGE_DIGEST=sha256:87045662a7f6622895173c482f57ea425abf915facafffd854950d5b5f05d69e
# INFO: the manifest digest changes across the oci-archive round trip (manifest re-serialized; build VM: sha256:784f5445a0f6471a43ecced8d10e78378b1f06e2319f85d24682e546d013aa6f); the asserted identity is the image ID (config digest)
# 
# ## 5b. Phase B: per-workload GUI image archives (weston-terminal,foot)
# PASS: weston-terminal archive sha256 = manifest (7affcd190a15508bd2d2f9e99cd8050487906d70b13bb3a15c962c05fc425056)
#     Writing manifest to image destination
#     Loaded image: localhost/qdistro/tier3s-weston-terminal:latest
# PASS: podman load weston-terminal (admin) rc (0)
# PASS: loaded weston-terminal image ID = manifest (c1cfa112ea7171ba1c62d14d9adda09e40b530bd9f5b3e76cfaf4e29ff0b345e)
# PASS: weston-terminal image snapshot label = pin (20260930)
# PASS: weston-terminal image workload label (weston-terminal)
# PASS: weston-terminal workload declaration installed (GUI=1) (1)
# PASS: foot archive sha256 = manifest (5c39ff8f01a7e7fa827dbf281a512609ffa2cd80bb663ede2ae153df70e76695)
#     Writing manifest to image destination
#     Loaded image: localhost/qdistro/tier3s-foot:latest
# PASS: podman load foot (admin) rc (0)
# PASS: loaded foot image ID = manifest (4149fd5f34546cf0b73329384de250e6397b2ff8b52783c1aea6faacefa62237)
# PASS: foot image snapshot label = pin (20260930)
# PASS: foot image workload label (foot)
# PASS: foot workload declaration installed (GUI=1) (1)
# PASS: admin compositor socket present (yes)
# PASS: qdshell is up (active)
# PASS: tool runuser installed (yes)
# PASS: tool waypipe installed (yes)
# PASS: tool qdistro-secctx-exec installed (yes)
# PASS: tool dbus-send installed (yes)
# PASS: tool sqlite3 installed (yes)
# PASS: tool python3 installed (yes)
# PASS: admin tool qs installed (yes)
# PASS: admin tool ydotool installed (yes)
# PASS: clipboard-source helper installed (/usr/bin/qdistro-test-clipboard-source)
# PASS: pywayland importable as admin (yes)
# 
# ## 6. broker allow rule for the smoke spawn
# PASS: broker without a rule (unknown)
# PASS: broker with the allow rule (allow)
# PASS: setup: control records (0)
# PASS: setup: scopes (0)
# PASS: setup: labelled containers (0)
# PASS: setup: runsc-bundle processes (0)
# PASS: setup: state root holds no container state (0)
# PASS: setup: no cleanup call scope left (0)
# PASS: setup: no cleanup work dir left (0)
# [t3s-setup] 88 passes, 0 failures
# [tier3s] t3s-setup transcript: /var/tmp/t3s-qci-b-4729fce58/ci/runs/bats-20261004T152921Z-3732618/bats/phase7-tier3s-app.bats.scratch/t3s-setup.log
# [vm-exec] guest identity pinned (pid 4107 start 7319)
# [vm-exec] Waiting... (polls=30s elapsed=30s)
# 
# ## 0. preconditions
# PASS: probe PASS (0)
# PASS: weston-terminal image loaded (yes)
# PASS: foot image loaded (yes)
# PASS: admin compositor socket present (yes)
# PASS: qdshell is up (active)
# PASS: ydotoold socket present (input injection path) (yes)
# PASS: profile is dev (dev)
# PASS: pre: control records (0)
# PASS: pre: scopes (0)
# PASS: pre: labelled containers (0)
# PASS: pre: runsc-bundle processes (0)
# PASS: pre: state root holds no container state (0)
# PASS: pre: no cleanup call scope left (0)
# PASS: pre: no cleanup work dir left (0)
# PASS: CreateTier3sSilo s124w (Created)
# PASS: CreateTier3sSilo s124f (Created)
# PASS: broker answers allow (weston-terminal spawn) (allow)
# PASS: broker answers allow (foot spawn) (allow)
# 
# ## 1. weston-terminal renders through the bridge
# PASS: s124w launch up (token 9570320951ae6559ffa163c0979cb045)
# FAIL: weston toplevel carries the [3s:s124w] title prefix: got '0', want '1'
# PASS: weston: findSiloHandle resolves the tier3s toplevel (HANDLE=1)
# PASS: weston: injectFocus accepted for the tier3s handle (ok handle=1 seat=default)
# PASS: weston: compositor reports focus on handle 1 (yes)
# PASS: weston: compositor mapped a committed frame (mapped handle=1) (1)
# PASS: weston: typed command created /tmp/s124-s124w-typed INSIDE the sandbox
# 
# ## 2. foot renders through the bridge
# PASS: s124f launch up (token aec789faf40375a09a138b6bb07e5b93)
# PASS: foot toplevel carries the [3s:s124f] title prefix (1)
# PASS: foot: findSiloHandle resolves the tier3s toplevel (HANDLE=2)
# PASS: foot: injectFocus accepted for the tier3s handle (ok handle=2 seat=default)
# PASS: foot: compositor reports focus on handle 2 (yes)
# PASS: foot: compositor mapped a committed frame (mapped handle=2) (1)
# PASS: foot: typed command created /tmp/s124-s124f-typed INSIDE the sandbox
# 
# ## 3. per-workload seccomp profile exercised inside each running container
# PASS: s124w: launch argv names the weston-terminal.json profile (weston-terminal.json)
# PASS: s124w: fchmodat ALLOW effective (plain chmod) (chmod_rc=0 mode=600)
# PASS: s124w: fchmodat2 path (chmod -h) EPERM, mode unchanged (nofollow_rc=1 eperm=1 mode=600)
# PASS: s124w: link/linkat DENY effective (ln_rc=1 eperm=1)
# PASS: s124w: llistxattr ALLOW effective (ls -l clean) (ls_rc=0 stderr_bytes=0)
# PASS: s124w: NoNewPrivs + seccomp filter mode inside (nnp=1 seccomp=2)
# PASS: s124f: launch argv names the foot.json profile (foot.json)
# PASS: s124f: fchmodat ALLOW effective (plain chmod) (chmod_rc=0 mode=600)
# PASS: s124f: fchmodat2 path (chmod -h) EPERM, mode unchanged (nofollow_rc=1 eperm=1 mode=600)
# PASS: s124f: link/linkat DENY effective (ln_rc=1 eperm=1)
# PASS: s124f: llistxattr ALLOW effective (ls -l clean) (ls_rc=0 stderr_bytes=0)
# PASS: s124f: NoNewPrivs + seccomp filter mode inside (nnp=1 seccomp=2)
# 
# ## 4. teardown removes both toplevels
# PASS: StopSilo s124w (Stopped)
# PASS: StopSilo s124f (Stopped)
# PASS: teardown/s124w: all 12 launch processes gone (pid+starttime)
# PASS: teardown/s124w: scope qdistro-tier3s-9570320951ae6559ffa163c0979cb045.scope gone (unit down, /sys/fs/cgroup/system.slice/qdistro-tier3s-9570320951ae6559ffa163c0979cb045.scope absent)
# PASS: teardown/s124w: per-launch dir /run/qdistro-tier3s/9570320951ae6559ffa163c0979cb045 gone
# PASS: teardown/s124w: control record /run/qdistro-tier3s-ctl/9570320951ae6559ffa163c0979cb045 gone
# PASS: teardown/s124w: container qdistro-tier3s-s124w gone (podman exists rc=1)
# PASS: teardown/s124w: no runsc state for c884f9c753eb in /run/qdistro-tier3s-runsc/1000
# PASS: teardown/s124w: bridge client+wrapper gone (pid+starttime)
# PASS: teardown/s124w: secctx listener wayland-secctx-5274-0 revoked
# PASS: teardown/s124w: launch record /run/user/1000/qdistro-tier3s-launchrec-40624147e7d06ad3db3d5dbc5b05d827.pid removed
# PASS: s124w: compositor logged toplevel_removed for handle 1 (1)
# PASS: teardown/s124f: all 12 launch processes gone (pid+starttime)
# PASS: teardown/s124f: scope qdistro-tier3s-aec789faf40375a09a138b6bb07e5b93.scope gone (unit down, /sys/fs/cgroup/system.slice/qdistro-tier3s-aec789faf40375a09a138b6bb07e5b93.scope absent)
# PASS: teardown/s124f: per-launch dir /run/qdistro-tier3s/aec789faf40375a09a138b6bb07e5b93 gone
# PASS: teardown/s124f: control record /run/qdistro-tier3s-ctl/aec789faf40375a09a138b6bb07e5b93 gone
# PASS: teardown/s124f: container qdistro-tier3s-s124f gone (podman exists rc=1)
# PASS: teardown/s124f: no runsc state for 11c9ad271086 in /run/qdistro-tier3s-runsc/1000
# PASS: teardown/s124f: bridge client+wrapper gone (pid+starttime)
# PASS: teardown/s124f: secctx listener wayland-secctx-6138-0 revoked
# PASS: teardown/s124f: launch record /run/user/1000/qdistro-tier3s-launchrec-ea6e72a72c5bb601de96b47e4f17b775.pid removed
# PASS: s124f: compositor logged toplevel_removed for handle 2 (1)
# PASS: DeleteSilo s124w (absent)
# PASS: DeleteSilo s124f (absent)
# PASS: end: control records (0)
# PASS: end: scopes (0)
# PASS: end: labelled containers (0)
# PASS: end: runsc-bundle processes (0)
# PASS: end: state root holds no container state (0)
# PASS: end: no cleanup call scope left (0)
# PASS: end: no cleanup work dir left (0)
# [s124] 74 passes, 1 failures
# [tier3s] s124 transcript: /var/tmp/t3s-qci-b-4729fce58/ci/runs/bats-20261004T152921Z-3732618/bats/phase7-tier3s-app.bats.scratch/s124.log
not ok 1 phase7-tier3s-app: weston-terminal and foot render + accept input through the bridge
# (from function `assert_success' in file tests/integration/vm/helpers.bash, line 245,
#  in test file tests/integration/vm/phase7-tier3s-app.bats, line 25)
#   `assert_success' failed
# --- command failed (exit=1) ---
# [vm-exec] guest identity pinned (pid 4107 start 7319)
# [vm-exec] Waiting... (polls=30s elapsed=30s)
#
# ## 0. preconditions
# PASS: probe PASS (0)
# PASS: weston-terminal image loaded (yes)
# PASS: foot image loaded (yes)
# PASS: admin compositor socket present (yes)
# PASS: qdshell is up (active)
# PASS: ydotoold socket present (input injection path) (yes)
# PASS: profile is dev (dev)
# PASS: pre: control records (0)
# PASS: pre: scopes (0)
# PASS: pre: labelled containers (0)
# PASS: pre: runsc-bundle processes (0)
# PASS: pre: state root holds no container state (0)
# PASS: pre: no cleanup call scope left (0)
# PASS: pre: no cleanup work dir left (0)
# PASS: CreateTier3sSilo s124w (Created)
# PASS: CreateTier3sSilo s124f (Created)
# PASS: broker answers allow (weston-terminal spawn) (allow)
# PASS: broker answers allow (foot spawn) (allow)
#
# ## 1. weston-terminal renders through the bridge
# PASS: s124w launch up (token 9570320951ae6559ffa163c0979cb045)
# FAIL: weston toplevel carries the [3s:s124w] title prefix: got '0', want '1'
# PASS: weston: findSiloHandle resolves the tier3s toplevel (HANDLE=1)
# PASS: weston: injectFocus accepted for the tier3s handle (ok handle=1 seat=default)
# PASS: weston: compositor reports focus on handle 1 (yes)
# PASS: weston: compositor mapped a committed frame (mapped handle=1) (1)
# PASS: weston: typed command created /tmp/s124-s124w-typed INSIDE the sandbox
#
# ## 2. foot renders through the bridge
# PASS: s124f launch up (token aec789faf40375a09a138b6bb07e5b93)
# PASS: foot toplevel carries the [3s:s124f] title prefix (1)
# PASS: foot: findSiloHandle resolves the tier3s toplevel (HANDLE=2)
# PASS: foot: injectFocus accepted for the tier3s handle (ok handle=2 seat=default)
# PASS: foot: compositor reports focus on handle 2 (yes)
# PASS: foot: compositor mapped a committed frame (mapped handle=2) (1)
# PASS: foot: typed command created /tmp/s124-s124f-typed INSIDE the sandbox
#
# ## 3. per-workload seccomp profile exercised inside each running container
# PASS: s124w: launch argv names the weston-terminal.json profile (weston-terminal.json)
# PASS: s124w: fchmodat ALLOW effective (plain chmod) (chmod_rc=0 mode=600)
# PASS: s124w: fchmodat2 path (chmod -h) EPERM, mode unchanged (nofollow_rc=1 eperm=1 mode=600)
# PASS: s124w: link/linkat DENY effective (ln_rc=1 eperm=1)
# PASS: s124w: llistxattr ALLOW effective (ls -l clean) (ls_rc=0 stderr_bytes=0)
# PASS: s124w: NoNewPrivs + seccomp filter mode inside (nnp=1 seccomp=2)
# PASS: s124f: launch argv names the foot.json profile (foot.json)
# PASS: s124f: fchmodat ALLOW effective (plain chmod) (chmod_rc=0 mode=600)
# PASS: s124f: fchmodat2 path (chmod -h) EPERM, mode unchanged (nofollow_rc=1 eperm=1 mode=600)
# PASS: s124f: link/linkat DENY effective (ln_rc=1 eperm=1)
# PASS: s124f: llistxattr ALLOW effective (ls -l clean) (ls_rc=0 stderr_bytes=0)
# PASS: s124f: NoNewPrivs + seccomp filter mode inside (nnp=1 seccomp=2)
#
# ## 4. teardown removes both toplevels
# PASS: StopSilo s124w (Stopped)
# PASS: StopSilo s124f (Stopped)
# PASS: teardown/s124w: all 12 launch processes gone (pid+starttime)
# PASS: teardown/s124w: scope qdistro-tier3s-9570320951ae6559ffa163c0979cb045.scope gone (unit down, /sys/fs/cgroup/system.slice/qdistro-tier3s-9570320951ae6559ffa163c0979cb045.scope absent)
# PASS: teardown/s124w: per-launch dir /run/qdistro-tier3s/9570320951ae6559ffa163c0979cb045 gone
# PASS: teardown/s124w: control record /run/qdistro-tier3s-ctl/9570320951ae6559ffa163c0979cb045 gone
# PASS: teardown/s124w: container qdistro-tier3s-s124w gone (podman exists rc=1)
# PASS: teardown/s124w: no runsc state for c884f9c753eb in /run/qdistro-tier3s-runsc/1000
# PASS: teardown/s124w: bridge client+wrapper gone (pid+starttime)
# PASS: teardown/s124w: secctx listener wayland-secctx-5274-0 revoked
# PASS: teardown/s124w: launch record /run/user/1000/qdistro-tier3s-launchrec-40624147e7d06ad3db3d5dbc5b05d827.pid removed
# PASS: s124w: compositor logged toplevel_removed for handle 1 (1)
# PASS: teardown/s124f: all 12 launch processes gone (pid+starttime)
# PASS: teardown/s124f: scope qdistro-tier3s-aec789faf40375a09a138b6bb07e5b93.scope gone (unit down, /sys/fs/cgroup/system.slice/qdistro-tier3s-aec789faf40375a09a138b6bb07e5b93.scope absent)
# PASS: teardown/s124f: per-launch dir /run/qdistro-tier3s/aec789faf40375a09a138b6bb07e5b93 gone
# PASS: teardown/s124f: control record /run/qdistro-tier3s-ctl/aec789faf40375a09a138b6bb07e5b93 gone
# PASS: teardown/s124f: container qdistro-tier3s-s124f gone (podman exists rc=1)
# PASS: teardown/s124f: no runsc state for 11c9ad271086 in /run/qdistro-tier3s-runsc/1000
# PASS: teardown/s124f: bridge client+wrapper gone (pid+starttime)
# PASS: teardown/s124f: secctx listener wayland-secctx-6138-0 revoked
# PASS: teardown/s124f: launch record /run/user/1000/qdistro-tier3s-launchrec-ea6e72a72c5bb601de96b47e4f17b775.pid removed
# PASS: s124f: compositor logged toplevel_removed for handle 2 (1)
# PASS: DeleteSilo s124w (absent)
# PASS: DeleteSilo s124f (absent)
# PASS: end: control records (0)
# PASS: end: scopes (0)
# PASS: end: labelled containers (0)
# PASS: end: runsc-bundle processes (0)
# PASS: end: state root holds no container state (0)
# PASS: end: no cleanup call scope left (0)
# PASS: end: no cleanup work dir left (0)
# [s124] 74 passes, 1 failures
