Oct 03 19:27:25 baseweed-admin systemd[882]: Starting qdshell desktop (Quickshell QML on top of qdwin)...
Oct 03 19:27:26 baseweed-admin systemd[882]: Started qdshell desktop (Quickshell QML on top of qdwin).
Oct 03 19:27:26 baseweed-admin dbus-run-session[1025]: No running instances for "/usr/share/quickshell/qdshell/shell.qml"
Oct 03 19:27:26 baseweed-admin dbus-run-session[1025]:   INFO: Launching config: "/usr/share/quickshell/qdshell/shell.qml"
Oct 03 19:27:26 baseweed-admin dbus-run-session[1025]:   INFO: Shell ID: "0d0d1ceeb7f0392fec595c8531945b05" Path ID "0d0d1ceeb7f0392fec595c8531945b05"
Oct 03 19:27:26 baseweed-admin dbus-run-session[1025]:   INFO: Saving logs to "/run/user/1000/quickshell/by-id/hsqdjcmt/log.qslog"
Oct 03 19:27:26 baseweed-admin dbus-run-session[1025]: MESA-EGL: warning: failed to get driver name for fd -1
Oct 03 19:27:26 baseweed-admin dbus-run-session[1025]: MESA-EGL: warning: MESA-LOADER: failed to retrieve device information
Oct 03 19:27:26 baseweed-admin dbus-run-session[1025]: MESA-EGL: warning: failed to get driver name for fd -1
Oct 03 19:27:26 baseweed-admin dbus-run-session[1025]: MESA: error: ZINK: failed to choose pdev
Oct 03 19:27:26 baseweed-admin dbus-run-session[1025]: MESA-EGL: warning: egl: failed to create dri2 screen
Oct 03 19:27:27 baseweed-admin dbus-run-session[1025]:   INFO qml: [20261003-192727]           I18n Service started
Oct 03 19:27:27 baseweed-admin dbus-run-session[1025]:   INFO qml: [20261003-192727]           I18n Loading "en" (locale: "en-Latn-US")
Oct 03 19:27:27 baseweed-admin dbus-run-session[1025]:   INFO qml: [20261003-192727]          Shell ---------------------------
Oct 03 19:27:27 baseweed-admin dbus-run-session[1025]:   INFO qml: [20261003-192727]          Shell Qdshell Hello!
Oct 03 19:27:27 baseweed-admin dbus-run-session[1025]:   WARN scene: @Commons/I18n.qml[104:5]: Unable to assign QJSValue to QObject*
Oct 03 19:27:27 baseweed-admin dbus-run-session[1025]:   INFO: Configuration Loaded
Oct 03 19:27:27 baseweed-admin dbus-run-session[1025]:   WARN scene: @Commons/I18n.qml[104:5]: Unable to assign QJSValue to QObject*
Oct 03 19:27:27 baseweed-admin dbus-run-session[1025]:   INFO qml: [20261003-192727]       Settings Settings loaded
Oct 03 19:27:27 baseweed-admin dbus-run-session[1025]:   INFO qml: [20261003-192727]           I18n Loaded translations for "en"
Oct 03 19:27:27 baseweed-admin dbus-run-session[1025]:   INFO qml: [20261003-192727] PluginRegistry Loaded plugin states from: /home/admin/.config/qdshell/plugins.json
Oct 03 19:27:27 baseweed-admin dbus-run-session[1025]:   INFO qml: [20261003-192727] PluginRegistry Scanning plugin folder: /home/admin/.config/qdshell/plugins
Oct 03 19:27:27 baseweed-admin dbus-run-session[1025]:   INFO qml: [20261003-192727]          Icons Service started
Oct 03 19:27:27 baseweed-admin dbus-run-session[1025]:   INFO: ctrl-server: listening on /run/user/1000/qdshell.sock
Oct 03 19:27:27 baseweed-admin dbus-run-session[1025]:   WARN scene: QML Connections at @Services/Hardware/BrightnessService.qml[66:3]: Detected function "onEnableDdcSupportChanged" in Connections element. This is probably intended to be a signal handler but no signal of the target matches the name.
Oct 03 19:27:27 baseweed-admin dbus-run-session[1025]:   INFO qml: [20261003-192727]     Brightness Service started
Oct 03 19:27:27 baseweed-admin dbus-run-session[1025]:   INFO qml: [20261003-192727] DesktopWidgetR Service started
Oct 03 19:27:27 baseweed-admin dbus-run-session[1025]:   WARN scene: QML Connections at @Services/UI/BarService.qml[147:3]: Detected function "onDisplayModeChanged" in Connections element. This is probably intended to be a signal handler but no signal of the target matches the name.
Oct 03 19:27:27 baseweed-admin dbus-run-session[1025]:   WARN scene: QML Connections at @Services/UI/BarService.qml[147:3]: Detected function "onScreenOverridesChanged" in Connections element. This is probably intended to be a signal handler but no signal of the target matches the name.
Oct 03 19:27:27 baseweed-admin dbus-run-session[1025]:   INFO qml: [20261003-192727]     BarService Service started
Oct 03 19:27:27 baseweed-admin dbus-run-session[1025]:   WARN scene: QML Connections at @Services/Networking/NetworkService.qml[73:3]: Detected function "onWifiEnabledChanged" in Connections element. This is probably intended to be a signal handler but no signal of the target matches the name.
Oct 03 19:27:27 baseweed-admin dbus-run-session[1025]:   INFO qml: [20261003-192727]        Network Service started
Oct 03 19:27:27 baseweed-admin dbus-run-session[1025]:   WARN scene: QML Connections at @Modules/Panels/Dock/StaticDockPanel.qml[350:3]: Detected function "onPinnedAppsChanged" in Connections element. This is probably intended to be a signal handler but no signal of the target matches the name.
Oct 03 19:27:27 baseweed-admin dbus-run-session[1025]:   WARN scene: QML Connections at @Modules/Panels/Dock/StaticDockPanel.qml[350:3]: Detected function "onOnlySameOutputChanged" in Connections element. This is probably intended to be a signal handler but no signal of the target matches the name.
Oct 03 19:27:27 baseweed-admin dbus-run-session[1025]:   WARN scene: QML Connections at @Services/System/SystemStatService.qml[320:3]: Detected function "onEnableDgpuMonitoringChanged" in Connections element. This is probably intended to be a signal handler but no signal of the target matches the name.
Oct 03 19:27:27 baseweed-admin dbus-run-session[1025]:   INFO qml: [20261003-192727]     SystemStat Service started (polling deferred until a consumer registers).
Oct 03 19:27:27 baseweed-admin dbus-run-session[1025]:   WARN scene: QML Connections at @Modules/Panels/Dock/StaticDockPanel.qml[350:3]: Detected function "onPinnedAppsChanged" in Connections element. This is probably intended to be a signal handler but no signal of the target matches the name.
Oct 03 19:27:27 baseweed-admin dbus-run-session[1025]:   WARN scene: QML Connections at @Modules/Panels/Dock/StaticDockPanel.qml[350:3]: Detected function "onOnlySameOutputChanged" in Connections element. This is probably intended to be a signal handler but no signal of the target matches the name.
Oct 03 19:27:27 baseweed-admin dbus-run-session[1025]:   WARN scene: QML Connections at @Modules/Panels/Dock/StaticDockPanel.qml[350:3]: Detected function "onPinnedAppsChanged" in Connections element. This is probably intended to be a signal handler but no signal of the target matches the name.
Oct 03 19:27:27 baseweed-admin dbus-run-session[1025]:   WARN scene: QML Connections at @Modules/Panels/Dock/StaticDockPanel.qml[350:3]: Detected function "onOnlySameOutputChanged" in Connections element. This is probably intended to be a signal handler but no signal of the target matches the name.
Oct 03 19:27:27 baseweed-admin dbus-run-session[1025]:   WARN scene: QML Connections at @Services/UI/WallpaperService.qml[140:3]: Detected function "onWallpaperDownloaded" in Connections element. This is probably intended to be a signal handler but no signal of the target matches the name.
Oct 03 19:27:27 baseweed-admin dbus-run-session[1025]:   WARN scene: QML Connections at @Services/UI/WallpaperService.qml[61:3]: Detected function "onDirectoryChanged" in Connections element. This is probably intended to be a signal handler but no signal of the target matches the name.
Oct 03 19:27:27 baseweed-admin dbus-run-session[1025]:   WARN scene: QML Connections at @Services/UI/WallpaperService.qml[61:3]: Detected function "onEnableMultiMonitorDirectoriesChanged" in Connections element. This is probably intended to be a signal handler but no signal of the target matches the name.
Oct 03 19:27:27 baseweed-admin dbus-run-session[1025]:   WARN scene: QML Connections at @Services/UI/WallpaperService.qml[61:3]: Detected function "onAutomationEnabledChanged" in Connections element. This is probably intended to be a signal handler but no signal of the target matches the name.
Oct 03 19:27:27 baseweed-admin dbus-run-session[1025]:   WARN scene: QML Connections at @Services/UI/WallpaperService.qml[61:3]: Detected function "onRandomIntervalSecChanged" in Connections element. This is probably intended to be a signal handler but no signal of the target matches the name.
Oct 03 19:27:27 baseweed-admin dbus-run-session[1025]:   WARN scene: QML Connections at @Services/UI/WallpaperService.qml[61:3]: Detected function "onWallpaperChangeModeChanged" in Connections element. This is probably intended to be a signal handler but no signal of the target matches the name.
Oct 03 19:27:27 baseweed-admin dbus-run-session[1025]:   WARN scene: QML Connections at @Services/UI/WallpaperService.qml[61:3]: Detected function "onViewModeChanged" in Connections element. This is probably intended to be a signal handler but no signal of the target matches the name.
Oct 03 19:27:27 baseweed-admin dbus-run-session[1025]:   WARN scene: QML Connections at @Services/UI/WallpaperService.qml[61:3]: Detected function "onShowHiddenFilesChanged" in Connections element. This is probably intended to be a signal handler but no signal of the target matches the name.
Oct 03 19:27:27 baseweed-admin dbus-run-session[1025]:   WARN scene: QML Connections at @Services/UI/WallpaperService.qml[61:3]: Detected function "onUseSolidColorChanged" in Connections element. This is probably intended to be a signal handler but no signal of the target matches the name.
Oct 03 19:27:27 baseweed-admin dbus-run-session[1025]:   WARN scene: QML Connections at @Services/UI/WallpaperService.qml[61:3]: Detected function "onSolidColorChanged" in Connections element. This is probably intended to be a signal handler but no signal of the target matches the name.
Oct 03 19:27:27 baseweed-admin dbus-run-session[1025]:   WARN scene: QML Connections at @Services/UI/WallpaperService.qml[61:3]: Detected function "onSortOrderChanged" in Connections element. This is probably intended to be a signal handler but no signal of the target matches the name.
Oct 03 19:27:27 baseweed-admin dbus-run-session[1025]:   WARN scene: QML Connections at @Modules/Background/Background.qml[80:7]: Detected function "onFillModeChanged" in Connections element. This is probably intended to be a signal handler but no signal of the target matches the name.
Oct 03 19:27:27 baseweed-admin dbus-run-session[1025]:   WARN scene: QML Connections at @Modules/Background/Background.qml[80:7]: Detected function "onFillModeChanged" in Connections element. This is probably intended to be a signal handler but no signal of the target matches the name.
Oct 03 19:27:27 baseweed-admin dbus-run-session[1025]:   WARN scene: QML Connections at @Modules/Background/Background.qml[80:7]: Detected function "onFillModeChanged" in Connections element. This is probably intended to be a signal handler but no signal of the target matches the name.
Oct 03 19:27:27 baseweed-admin dbus-run-session[1025]:   WARN scene: QML Connections at @Modules/Dock/Dock.qml[45:7]: Detected function "onPinnedAppsChanged" in Connections element. This is probably intended to be a signal handler but no signal of the target matches the name.
Oct 03 19:27:27 baseweed-admin dbus-run-session[1025]:   WARN scene: QML Connections at @Modules/Dock/Dock.qml[45:7]: Detected function "onOnlySameOutputChanged" in Connections element. This is probably intended to be a signal handler but no signal of the target matches the name.
Oct 03 19:27:27 baseweed-admin dbus-run-session[1025]:   WARN scene: QML Connections at @Modules/Dock/Dock.qml[45:7]: Detected function "onPinnedAppsChanged" in Connections element. This is probably intended to be a signal handler but no signal of the target matches the name.
Oct 03 19:27:27 baseweed-admin dbus-run-session[1025]:   WARN scene: QML Connections at @Modules/Dock/Dock.qml[45:7]: Detected function "onOnlySameOutputChanged" in Connections element. This is probably intended to be a signal handler but no signal of the target matches the name.
Oct 03 19:27:27 baseweed-admin dbus-run-session[1025]:   WARN scene: QML Connections at @Modules/Dock/Dock.qml[45:7]: Detected function "onPinnedAppsChanged" in Connections element. This is probably intended to be a signal handler but no signal of the target matches the name.
Oct 03 19:27:27 baseweed-admin dbus-run-session[1025]:   WARN scene: QML Connections at @Modules/Dock/Dock.qml[45:7]: Detected function "onOnlySameOutputChanged" in Connections element. This is probably intended to be a signal handler but no signal of the target matches the name.
Oct 03 19:27:27 baseweed-admin dbus-run-session[1025]:   INFO qml: [20261003-192727]          Shell ---------------------------
Oct 03 19:27:27 baseweed-admin dbus-run-session[1025]:   INFO qml: [20261003-192727]      Wallpaper Service started
Oct 03 19:27:27 baseweed-admin dbus-run-session[1025]:   INFO qml: [20261003-192727]     ImageCache Service started
Oct 03 19:27:28 baseweed-admin dbus-run-session[1025]:   WARN scene: QML Connections at @Services/Theming/AppThemeService.qml[30:3]: Detected function "onDarkModeChanged" in Connections element. This is probably intended to be a signal handler but no signal of the target matches the name.
Oct 03 19:27:28 baseweed-admin dbus-run-session[1025]:   WARN scene: QML Connections at @Services/Theming/AppThemeService.qml[30:3]: Detected function "onMonitorForColorsChanged" in Connections element. This is probably intended to be a signal handler but no signal of the target matches the name.
Oct 03 19:27:28 baseweed-admin dbus-run-session[1025]:   WARN scene: QML Connections at @Services/Theming/AppThemeService.qml[30:3]: Detected function "onGenerationMethodChanged" in Connections element. This is probably intended to be a signal handler but no signal of the target matches the name.
Oct 03 19:27:28 baseweed-admin dbus-run-session[1025]:   INFO qml: [20261003-192728] AppThemeServic Service started
Oct 03 19:27:28 baseweed-admin dbus-run-session[1025]:   WARN scene: QML Connections at @Services/Theming/ColorSchemeService.qml[20:3]: Detected function "onDarkModeChanged" in Connections element. This is probably intended to be a signal handler but no signal of the target matches the name.
Oct 03 19:27:28 baseweed-admin dbus-run-session[1025]:   INFO qml: [20261003-192728]    ColorScheme Service started
Oct 03 19:27:28 baseweed-admin dbus-run-session[1025]:   INFO qml: [20261003-192728] AppPresentatio Service started
Oct 03 19:27:28 baseweed-admin dbus-run-session[1025]:   WARN scene: QML Connections at @Services/Location/DarkModeService.qml[43:3]: Detected function "onSchedulingModeChanged" in Connections element. This is probably intended to be a signal handler but no signal of the target matches the name.
Oct 03 19:27:28 baseweed-admin dbus-run-session[1025]:   WARN scene: QML Connections at @Services/Location/DarkModeService.qml[28:3]: Detected function "onManualSunriseChanged" in Connections element. This is probably intended to be a signal handler but no signal of the target matches the name.
Oct 03 19:27:28 baseweed-admin dbus-run-session[1025]:   WARN scene: QML Connections at @Services/Location/DarkModeService.qml[28:3]: Detected function "onManualSunsetChanged" in Connections element. This is probably intended to be a signal handler but no signal of the target matches the name.
Oct 03 19:27:28 baseweed-admin dbus-run-session[1025]:   INFO qml: [20261003-192728] DarkModeServic Service started
Oct 03 19:27:28 baseweed-admin dbus-run-session[1025]:   WARN scene: @Services/Location/DarkModeService.qml[29:5]: Unable to assign QJSValue to QObject*
Oct 03 19:27:28 baseweed-admin dbus-run-session[1025]:   WARN scene: @Services/Location/DarkModeService.qml[44:5]: Unable to assign QJSValue to QObject*
Oct 03 19:27:28 baseweed-admin dbus-run-session[1025]:   WARN scene: @Services/Theming/ColorSchemeService.qml[21:5]: Unable to assign QJSValue to QObject*
Oct 03 19:27:28 baseweed-admin dbus-run-session[1025]:   WARN scene: @Services/Theming/AppThemeService.qml[31:5]: Unable to assign QJSValue to QObject*
Oct 03 19:27:28 baseweed-admin dbus-run-session[1025]:   WARN scene: @Modules/Dock/Dock.qml[46:9]: Unable to assign QJSValue to QObject*
Oct 03 19:27:28 baseweed-admin dbus-run-session[1025]:   WARN scene: @Modules/Dock/Dock.qml[46:9]: Unable to assign QJSValue to QObject*
Oct 03 19:27:28 baseweed-admin dbus-run-session[1025]:   WARN scene: @Modules/Dock/Dock.qml[46:9]: Unable to assign QJSValue to QObject*
Oct 03 19:27:28 baseweed-admin dbus-run-session[1025]:   WARN scene: @Modules/Background/Background.qml[81:9]: Unable to assign QJSValue to QObject*
Oct 03 19:27:28 baseweed-admin dbus-run-session[1025]:   WARN scene: @Modules/Background/Background.qml[81:9]: Unable to assign QJSValue to QObject*
Oct 03 19:27:28 baseweed-admin dbus-run-session[1025]:   WARN scene: @Modules/Background/Background.qml[81:9]: Unable to assign QJSValue to QObject*
Oct 03 19:27:28 baseweed-admin dbus-run-session[1025]:   WARN scene: @Services/UI/WallpaperService.qml[62:5]: Unable to assign QJSValue to QObject*
Oct 03 19:27:28 baseweed-admin dbus-run-session[1025]:   WARN scene: @Modules/Panels/SessionMenu/SessionMenu.qml[152:5]: Unable to assign QJSValue to QObject*
Oct 03 19:27:28 baseweed-admin dbus-run-session[1025]:   WARN scene: @Modules/Panels/Dock/StaticDockPanel.qml[351:5]: Unable to assign QJSValue to QObject*
Oct 03 19:27:28 baseweed-admin dbus-run-session[1025]:   WARN scene: @Modules/Panels/SessionMenu/SessionMenu.qml[152:5]: Unable to assign QJSValue to QObject*
Oct 03 19:27:28 baseweed-admin dbus-run-session[1025]:   WARN scene: @Modules/Panels/Dock/StaticDockPanel.qml[351:5]: Unable to assign QJSValue to QObject*
Oct 03 19:27:28 baseweed-admin dbus-run-session[1025]:   WARN scene: @Services/System/SystemStatService.qml[321:5]: Unable to assign QJSValue to QObject*
Oct 03 19:27:28 baseweed-admin dbus-run-session[1025]:   WARN scene: @Modules/Panels/SessionMenu/SessionMenu.qml[152:5]: Unable to assign QJSValue to QObject*
Oct 03 19:27:28 baseweed-admin dbus-run-session[1025]:   WARN scene: @Services/Networking/NetworkService.qml[74:5]: Unable to assign QJSValue to QObject*
Oct 03 19:27:28 baseweed-admin dbus-run-session[1025]:   WARN scene: @Modules/Panels/Dock/StaticDockPanel.qml[351:5]: Unable to assign QJSValue to QObject*
Oct 03 19:27:28 baseweed-admin dbus-run-session[1025]:   WARN scene: @Services/UI/BarService.qml[148:5]: Unable to assign QJSValue to QObject*
Oct 03 19:27:28 baseweed-admin dbus-run-session[1025]:   WARN scene: @Services/Hardware/BrightnessService.qml[67:5]: Unable to assign QJSValue to QObject*
Oct 03 19:27:28 baseweed-admin dbus-run-session[1025]:   INFO qml: [20261003-192728]      Wallpaper Starting scan for Virtual-1 in /home/admin/Pictures/Wallpapers recursive: false
Oct 03 19:27:28 baseweed-admin dbus-run-session[1025]:   INFO qml: [20261003-192728]      Wallpaper Starting scan for pipewire-0 in /home/admin/Pictures/Wallpapers recursive: false
Oct 03 19:27:28 baseweed-admin dbus-run-session[1025]:   INFO qml: [20261003-192728]      Wallpaper Starting scan for pipewire-1 in /home/admin/Pictures/Wallpapers recursive: false
Oct 03 19:27:28 baseweed-admin dbus-run-session[1025]:   INFO qml: [20261003-192728]       Location Service started
Oct 03 19:27:28 baseweed-admin dbus-run-session[1025]:   WARN scene: QML Connections at @Services/Location/NightLightService.qml[96:3]: Detected function "onEnabledChanged" in Connections element. This is probably intended to be a signal handler but no signal of the target matches the name.
Oct 03 19:27:28 baseweed-admin dbus-run-session[1025]:   WARN scene: QML Connections at @Services/Location/NightLightService.qml[96:3]: Detected function "onForcedChanged" in Connections element. This is probably intended to be a signal handler but no signal of the target matches the name.
Oct 03 19:27:28 baseweed-admin dbus-run-session[1025]:   WARN scene: QML Connections at @Services/Location/NightLightService.qml[96:3]: Detected function "onNightTempChanged" in Connections element. This is probably intended to be a signal handler but no signal of the target matches the name.
Oct 03 19:27:28 baseweed-admin dbus-run-session[1025]:   WARN scene: QML Connections at @Services/Location/NightLightService.qml[96:3]: Detected function "onDayTempChanged" in Connections element. This is probably intended to be a signal handler but no signal of the target matches the name.
Oct 03 19:27:28 baseweed-admin dbus-run-session[1025]:   WARN scene: QML Connections at @Services/Control/HooksService.qml[16:3]: Detected function "onDarkModeChanged" in Connections element. This is probably intended to be a signal handler but no signal of the target matches the name.
Oct 03 19:27:28 baseweed-admin dbus-run-session[1025]:   INFO qml: [20261003-192728]   HooksService Service started
Oct 03 19:27:28 baseweed-admin dbus-run-session[1025]:   WARN quickshell.dbus.objectmanager: Failed to create DBusObjectManagerInterface for "org.bluez" "/" : QDBusError("org.freedesktop.DBus.Error.ServiceUnknown", "The name is not activatable")
Oct 03 19:27:28 baseweed-admin dbus-run-session[1025]:   INFO qml: [20261003-192728]      Bluetooth Service started
Oct 03 19:27:28 baseweed-admin dbus-run-session[1025]:   INFO qml: [20261003-192728]  IdleInhibitor Service started
Oct 03 19:27:28 baseweed-admin dbus-run-session[1025]:   INFO qml: [20261003-192728] CapabilityServ qdwin live-apply capabilities: pointer=false xkb=false wm=false output=false workspace=false idleDpms=false keybind=false
Oct 03 19:27:28 baseweed-admin dbus-run-session[1025]:   INFO qml: [20261003-192728]   PowerService Service started
Oct 03 19:27:28 baseweed-admin dbus-run-session[1025]:   INFO qml: [20261003-192728] AccessibilityS Service started
Oct 03 19:27:28 baseweed-admin dbus-run-session[1025]:   INFO qml: [20261003-192728]  KeyboardInput Service started
Oct 03 19:27:28 baseweed-admin dbus-run-session[1025]:   INFO qml: [20261003-192728] PointerInputSe Service started (qdwin live-apply: persist-only until shell binds >= v28)
Oct 03 19:27:28 baseweed-admin dbus-run-session[1025]:   INFO qml: [20261003-192728] WindowManagerS Service started (qdwin v25 live-apply: false, shortcuts: false)
Oct 03 19:27:28 baseweed-admin dbus-run-session[1025]:   INFO qml: [20261003-192728] SessionService started; saved=0 canApplyPlacement=false
Oct 03 19:27:28 baseweed-admin dbus-run-session[1025]:   INFO qml: [20261003-192728]    HostService Service started
Oct 03 19:27:28 baseweed-admin dbus-run-session[1025]:   INFO qml: [20261003-192728] CustomButtonIP Service started
Oct 03 19:27:28 baseweed-admin dbus-run-session[1025]:   INFO qml: [20261003-192728]     IPCService Service started
Oct 03 19:27:28 baseweed-admin dbus-run-session[1025]:   INFO qml: [20261003-192728]        PodApps service started
Oct 03 19:27:28 baseweed-admin dbus-run-session[1025]:   INFO qml: [20261003-192728]         VMApps service started
Oct 03 19:27:28 baseweed-admin dbus-run-session[1025]:   INFO qml: [20261003-192728]      Tier3Apps service started
Oct 03 19:27:28 baseweed-admin dbus-run-session[1025]:   INFO qml: [20261003-192728]     Tier3sApps service started
Oct 03 19:27:28 baseweed-admin dbus-run-session[1025]:   INFO qml: [20261003-192728]      Tier4Apps service started
Oct 03 19:27:28 baseweed-admin dbus-run-session[1025]:   INFO qml: [20261003-192728] RemoteMachineW service started
Oct 03 19:27:28 baseweed-admin dbus-run-session[1025]:   INFO qml: [20261003-192728]  Tier3FocusIPC service started
Oct 03 19:27:28 baseweed-admin dbus-run-session[1025]:   WARN quickshell.dbus: Could not launch service org.freedesktop.UPower.PowerProfiles: QDBusError(org.freedesktop.DBus.Error.ServiceUnknown, The name is not activatable)
Oct 03 19:27:28 baseweed-admin dbus-run-session[1025]:   WARN quickshell.service.powerprofiles: Could not start PowerProfilesDaemon. The PowerProfiles service will not work.
Oct 03 19:27:28 baseweed-admin dbus-run-session[1025]:   INFO qml: [20261003-192728]          Qdwin qdwin_shell_v1 bound v34
Oct 03 19:27:28 baseweed-admin dbus-run-session[1025]:   INFO qml: [20261003-192728]  ClipboardGate wired to qdwin_shell_v1; broker default=deny
Oct 03 19:27:28 baseweed-admin dbus-run-session[1025]:   INFO qml: [20261003-192728] WindowManagerS applied WM policy focus=click placement=smart snap=true/16
Oct 03 19:27:28 baseweed-admin dbus-run-session[1025]:   INFO qml: [20261003-192728] CapabilityServ wmPolicy -> true
Oct 03 19:27:28 baseweed-admin dbus-run-session[1025]:   INFO qml: [20261003-192728] WindowManagerS registered WM shortcuts (5 active)
Oct 03 19:27:28 baseweed-admin dbus-run-session[1025]:   INFO qml: [20261003-192728] CapabilityServ keybindRegistration -> true
Oct 03 19:27:28 baseweed-admin dbus-run-session[1025]:   INFO qml: [20261003-192728] PointerInputSe applied pointer config accelSpeed=0 profile=0 natural=0 tap=1 scroll=1
Oct 03 19:27:28 baseweed-admin dbus-run-session[1025]:   INFO qml: [20261003-192728] CapabilityServ pointerConfig -> true
Oct 03 19:27:28 baseweed-admin dbus-run-session[1025]:   INFO qml: [20261003-192728]  KeyboardInput applied qdwin key-repeat rate=25 delay=500
Oct 03 19:27:28 baseweed-admin dbus-run-session[1025]:   INFO qml: [20261003-192728] CapabilityServ xkbRepeat -> true
Oct 03 19:27:28 baseweed-admin dbus-run-session[1025]:   INFO qml: [20261003-192728]   PowerService idle policy armed: inactivity=0ms (nothing), displayOff=0ms, presentation=false
Oct 03 19:27:28 baseweed-admin dbus-run-session[1025]:   INFO qml: [20261003-192728] CapabilityServ idleDpms -> true
Oct 03 19:27:28 baseweed-admin dbus-run-session[1025]:   INFO qml: [20261003-192728] CapabilityServ outputManagement -> true
Oct 03 19:27:28 baseweed-admin dbus-run-session[1025]:   WARN qml: [20261003-192728]       Location Weather is still fetching
Oct 03 19:27:28 baseweed-admin dbus-run-session[1025]:   WARN quickshell.dbus: Could not launch service org.freedesktop.UPower: QDBusError(org.freedesktop.DBus.Error.ServiceUnknown, The name is not activatable)
Oct 03 19:27:28 baseweed-admin dbus-run-session[1025]:   WARN quickshell.service.upower: Could not start UPower. The UPower service will not work.
Oct 03 19:27:28 baseweed-admin dbus-run-session[1025]:   INFO qml: [20261003-192728]    HostService Detected openSUSE Tumbleweed
Oct 03 19:27:28 baseweed-admin dbus-run-session[1025]:   INFO qml: [20261003-192728]    HostService Looking for logo icon: distributor-logo-Tumbleweed
Oct 03 19:27:28 baseweed-admin dbus-run-session[1025]:   INFO qml: [20261003-192728]    HostService resolved hostname baseweed-admin
Oct 03 19:27:28 baseweed-admin dbus-run-session[1025]:   WARN: Process failed to start, likely because the binary could not be found. Command: QList("bluetoothctl", "show")
Oct 03 19:27:28 baseweed-admin dbus-run-session[1025]:   WARN: Process failed to start, likely because the binary could not be found. Command: QList("udisksctl", "monitor")
Oct 03 19:27:28 baseweed-admin dbus-run-session[1025]:  ERROR qml: [20261003-192728]       Location Geocoding error: 0
Oct 03 19:27:28 baseweed-admin dbus-run-session[1025]:   WARN scene: QML Connections at qs:/usr/share/quickshell/qdshell/Modules/Bar/Widgets/Taskbar.qml[981:3]: Detected function "onPinnedAppsChanged" in Connections element. This is probably intended to be a signal handler but no signal of the target matches the name.
Oct 03 19:27:28 baseweed-admin dbus-run-session[1025]:   WARN scene: QML Connections at qs:/usr/share/quickshell/qdshell/Modules/Bar/Widgets/Taskbar.qml[981:3]: Detected function "onPinnedAppsChanged" in Connections element. This is probably intended to be a signal handler but no signal of the target matches the name.
Oct 03 19:27:28 baseweed-admin dbus-run-session[1025]:   WARN scene: QML Connections at qs:/usr/share/quickshell/qdshell/Modules/Bar/Widgets/Taskbar.qml[981:3]: Detected function "onPinnedAppsChanged" in Connections element. This is probably intended to be a signal handler but no signal of the target matches the name.
Oct 03 19:27:28 baseweed-admin dbus-run-session[1025]:   WARN: Could not load icon "user-desktop?fallback=application-x-executable" at size QSize(19, 19) from request
Oct 03 19:27:28 baseweed-admin dbus-run-session[1025]:   WARN scene: qs:/usr/share/quickshell/qdshell/Modules/Bar/Widgets/Taskbar.qml[982:5]: Unable to assign QJSValue to QObject*
Oct 03 19:27:28 baseweed-admin dbus-run-session[1025]:   WARN scene: qs:/usr/share/quickshell/qdshell/Modules/Bar/Widgets/Taskbar.qml[982:5]: Unable to assign QJSValue to QObject*
Oct 03 19:27:28 baseweed-admin dbus-run-session[1025]:   WARN scene: qs:/usr/share/quickshell/qdshell/Modules/Bar/Widgets/Taskbar.qml[982:5]: Unable to assign QJSValue to QObject*
Oct 03 19:27:28 baseweed-admin dbus-run-session[1025]:   WARN scene: @Services/Control/HooksService.qml[17:5]: Unable to assign QJSValue to QObject*
Oct 03 19:27:28 baseweed-admin dbus-run-session[1025]:   WARN scene: @Services/Location/NightLightService.qml[97:5]: Unable to assign QJSValue to QObject*
Oct 03 19:27:28 baseweed-admin dbus-run-session[1025]:   INFO qml: [20261003-192728] PluginRegistry All plugin manifests loaded. Total plugins: 0
Oct 03 19:27:28 baseweed-admin dbus-run-session[1025]:   INFO qml: [20261003-192728]  PluginService Initializing plugin system
Oct 03 19:27:28 baseweed-admin dbus-run-session[1025]:   INFO qml: [20261003-192728]  PluginService Found 0 enabled plugins: []
Oct 03 19:27:28 baseweed-admin dbus-run-session[1025]:   INFO qml: [20261003-192728]  PluginService No plugins to load
Oct 03 19:27:28 baseweed-admin dbus-run-session[1025]:   INFO qml: [20261003-192728]  PluginService Refreshing available plugins
Oct 03 19:27:28 baseweed-admin dbus-run-session[1025]:   WARN qml: [20261003-192728]     ImageCache ImageMagick not found, using Qt fallback
Oct 03 19:27:28 baseweed-admin dbus-run-session[1025]:   WARN qml: [20261003-192728]      Wallpaper Scan failed for Virtual-1 exit code: 1 (directory might not exist)
Oct 03 19:27:28 baseweed-admin dbus-run-session[1025]:   WARN qml: [20261003-192728]      Wallpaper Scan failed for pipewire-0 exit code: 1 (directory might not exist)
Oct 03 19:27:28 baseweed-admin dbus-run-session[1025]:   WARN qml: [20261003-192728]      Wallpaper Scan failed for pipewire-1 exit code: 1 (directory might not exist)
Oct 03 19:27:28 baseweed-admin dbus-run-session[1025]:   WARN qml: [20261003-192728]   PowerService Button monitor unavailable (exit 1); releasing key inhibitors, logind will handle power/sleep keys
Oct 03 19:27:28 baseweed-admin dbus-run-session[1025]:   INFO qml: [20261003-192728]  KeyboardInput applied qdwin key-repeat rate=25 delay=500
Oct 03 19:27:28 baseweed-admin dbus-run-session[1025]:   INFO qml: [20261003-192728] PointerInputSe enumerated 3 pointer device(s) via proc
Oct 03 19:27:28 baseweed-admin dbus-run-session[1025]:   INFO qml: [20261003-192728]        PodApps cache refresh loaded 0 apps
Oct 03 19:27:48 baseweed-admin dbus-run-session[1025]:   INFO qml: [20261003-192748]    ColorScheme Applying color scheme: Qdshell (default)
Oct 03 19:27:48 baseweed-admin dbus-run-session[1025]:   INFO qml: [20261003-192748]           Time Time jump detected (22s) - likely system resume
Oct 03 19:27:48 baseweed-admin dbus-run-session[1025]:   INFO qml: [20261003-192748]        Network System resumed - forcing state poll
Oct 03 19:27:48 baseweed-admin dbus-run-session[1025]:   INFO qml: [20261003-192748]     SystemStat System resumed - resetting differential state
Oct 03 19:27:48 baseweed-admin dbus-run-session[1025]:   INFO qml: [20261003-192748] DarkModeServic System resumed - re-evaluating dark mode
Oct 03 19:27:48 baseweed-admin dbus-run-session[1025]:   INFO qml: [20261003-192748]     NightLight System resumed - re-applying night light
Oct 03 19:27:48 baseweed-admin dbus-run-session[1025]:   INFO qml: [20261003-192748]      Bluetooth System resumed - forcing state poll
Oct 03 19:27:49 baseweed-admin dbus-run-session[1025]:   INFO qml: [20261003-192749]           Font Service started
Oct 03 19:27:49 baseweed-admin dbus-run-session[1025]:  ERROR qml: [20261003-192749]  PluginService Empty response from Qdshell Plugins
Oct 03 19:27:49 baseweed-admin dbus-run-session[1025]:  ERROR qml: [20261003-192749]  PluginService Failed to fetch registry from Qdshell Plugins - exit code: 1
Oct 03 19:27:49 baseweed-admin dbus-run-session[1025]:   INFO qml: [20261003-192749]        PodApps cache refresh loaded 0 apps
Oct 03 19:27:50 baseweed-admin dbus-run-session[1025]:   WARN qml: [20261003-192750]        Network Connectivity check error: Error: Not authorized to recheck connectivity.
Oct 03 19:27:50 baseweed-admin dbus-run-session[1025]:   INFO qml: [20261003-192750]           Font Loaded 11 fonts, 3 monospace
Oct 03 19:27:51 baseweed-admin dbus-run-session[1025]:   WARN: Process failed to start, likely because the binary could not be found. Command: QList("bluetoothctl", "show")
Oct 03 19:27:51 baseweed-admin dbus-run-session[1025]:   WARN qml: [20261003-192751]     SystemStat No supported temperature sensor found
Oct 03 19:27:52 baseweed-admin dbus-run-session[1025]:   INFO qml: [20261003-192752] DarkModeServic Resume retry - re-evaluating dark mode again
Oct 03 19:27:52 baseweed-admin dbus-run-session[1025]:   INFO qml: [20261003-192752]     NightLight Resume retry - re-applying night light again
Oct 03 19:27:52 baseweed-admin dbus-run-session[1025]:   WARN: Process failed to start, likely because the binary could not be found. Command: QList("bluetoothctl", "show")
Oct 03 19:27:54 baseweed-admin dbus-run-session[1025]:   WARN: Process failed to start, likely because the binary could not be found. Command: QList("bluetoothctl", "show")
Oct 03 19:27:56 baseweed-admin dbus-run-session[1025]:   WARN: Process failed to start, likely because the binary could not be found. Command: QList("bluetoothctl", "show")
Oct 03 19:27:58 baseweed-admin dbus-run-session[1025]:   WARN: Process failed to start, likely because the binary could not be found. Command: QList("bluetoothctl", "show")
Oct 03 19:28:00 baseweed-admin dbus-run-session[1025]:   WARN: Process failed to start, likely because the binary could not be found. Command: QList("bluetoothctl", "show")
Oct 03 19:28:02 baseweed-admin dbus-run-session[1025]:   WARN: Process failed to start, likely because the binary could not be found. Command: QList("bluetoothctl", "show")
Oct 03 19:28:03 baseweed-admin dbus-run-session[1025]:   WARN qml: [20261003-192803]        Network Connectivity check error: Error: Not authorized to recheck connectivity.
Oct 03 19:28:04 baseweed-admin dbus-run-session[1025]:   WARN: Process failed to start, likely because the binary could not be found. Command: QList("bluetoothctl", "show")
Oct 03 19:28:04 baseweed-admin dbus-run-session[1025]:   WARN qml: [20261003-192804]       Location Weather is still fetching
Oct 03 19:28:04 baseweed-admin dbus-run-session[1025]:  ERROR qml: [20261003-192804]       Location Geocoding error: 0
Oct 03 19:28:06 baseweed-admin dbus-run-session[1025]:   WARN: Process failed to start, likely because the binary could not be found. Command: QList("bluetoothctl", "show")
Oct 03 19:28:08 baseweed-admin dbus-run-session[1025]:   WARN: Process failed to start, likely because the binary could not be found. Command: QList("bluetoothctl", "show")
Oct 03 19:28:10 baseweed-admin dbus-run-session[1025]:   WARN: Process failed to start, likely because the binary could not be found. Command: QList("bluetoothctl", "show")
Oct 03 19:28:12 baseweed-admin dbus-run-session[1025]:   WARN: Process failed to start, likely because the binary could not be found. Command: QList("bluetoothctl", "show")
Oct 03 19:28:13 baseweed-admin dbus-run-session[1025]:   INFO qml: [20261003-192813]          Qdwin toplevel_security_context handle=1 engine=qdistro.tier3s app_id=qdistro.tier3s.s127a instance=5a6c71be047882b0926c1bde3665b12d
Oct 03 19:28:13 baseweed-admin dbus-run-session[1025]:   INFO qml: [20261003-192813]     Tier3sApps [tier3s] toplevel observed silo=s127a secctx=qdistro.tier3s.s127a color=#ffe54c handle=1
Oct 03 19:28:13 baseweed-admin dbus-run-session[1025]:   INFO qml: [20261003-192813]     Tier3sApps [tier3s] silo=s127a color=#ffe54c
Oct 03 19:28:13 baseweed-admin dbus-run-session[1025]:   WARN: Could not load icon "org.freedesktop.weston.wayland-terminal?fallback=application-x-executable" at size QSize(19, 19) from request
Oct 03 19:28:14 baseweed-admin dbus-run-session[1025]:   WARN: Process failed to start, likely because the binary could not be found. Command: QList("bluetoothctl", "show")
Oct 03 19:28:14 baseweed-admin dbus-run-session[1025]:   INFO qml: [20261003-192814]        PodApps cache refresh loaded 0 apps
Oct 03 19:28:14 baseweed-admin dbus-run-session[1025]:   INFO qml: [20261003-192814]        PodApps auto-scan: qdistro-tier3s-s127a transitioned to running
Oct 03 19:28:16 baseweed-admin dbus-run-session[1025]:   WARN: Process failed to start, likely because the binary could not be found. Command: QList("bluetoothctl", "show")
Oct 03 19:28:17 baseweed-admin dbus-run-session[1025]:   INFO qml: [20261003-192817]          Qdwin toplevel_security_context handle=2 engine=qdistro.tier3s app_id=qdistro.tier3s.s127b instance=f9c2872580d0d860f65f30c6c129fd72
Oct 03 19:28:17 baseweed-admin dbus-run-session[1025]:   INFO qml: [20261003-192817]     Tier3sApps [tier3s] toplevel observed silo=s127b secctx=qdistro.tier3s.s127b color=#64b5f6 handle=2
Oct 03 19:28:17 baseweed-admin dbus-run-session[1025]:   INFO qml: [20261003-192817]     Tier3sApps [tier3s] silo=s127b color=#64b5f6
Oct 03 19:28:17 baseweed-admin podman[6087]: 2026-10-03 19:28:17.297813968 +0000 UTC m=+0.080428384 container exec af97daf34eef6e916c638b576ad4ef56dda8ec1cfcaf6568d27a749d4edf8394 (image=localhost/qdistro/tier3s-weston-terminal:latest, name=qdistro-tier3s-s127a, org.opensuse.base.reference=registry.opensuse.org/opensuse/tumbleweed:20260930.37.208, qdistro_tier3s_token=5a6c71be047882b0926c1bde3665b12d, io.buildah.version=1.44.1, org.opencontainers.image.title=openSUSE Tumbleweed Base Container, org.opencontainers.image.version=20260930.37.208, org.opensuse.lifecycle-url=https://en.opensuse.org/Lifetime, org.openbuildservice.disturl=obs://build.opensuse.org/openSUSE:Factory/images/561f9d4c8e4e1a441f95ad4ec6b5a914-opensuse-tumbleweed-image:docker, org.opensuse.base.lifecycle-url=https://en.opensuse.org/Lifetime, org.opensuse.base.disturl=obs://build.opensuse.org/openSUSE:Factory/images/561f9d4c8e4e1a441f95ad4ec6b5a914-opensuse-tumbleweed-image:docker, org.opensuse.base.url=https://www.opensuse.org, org.opensuse.reference=registry.opensuse.org/opensuse/tumbleweed:20260930.37.208, qdistro_tier3s_unit=qdistro-tier3s-silo@s127a.service, org.opencontainers.image.source=https://build.opensuse.org/package/show/openSUSE:Factory/opensuse-tumbleweed-image?rev=561f9d4c8e4e1a441f95ad4ec6b5a914, org.opencontainers.image.created=2026-09-30T20:05:54.126624488Z, org.opensuse.base.created=2026-09-30T20:05:54.126624488Z, org.opensuse.base.vendor=openSUSE Project, org.opencontainers.image.description=Image containing a minimal environment for containers based on openSUSE Tumbleweed., org.qdistro.snapshot=20260930, org.opensuse.base.source=https://build.opensuse.org/package/show/openSUSE:Factory/opensuse-tumbleweed-image?rev=561f9d4c8e4e1a441f95ad4ec6b5a914, org.qdistro.tier3s.workload=weston-terminal, org.opencontainers.image.vendor=openSUSE Project, org.opensuse.base.version=20260930.37.208, org.opencontainers.image.url=https://www.opensuse.org, org.opensuse.base.description=Image containing a minimal environment for containers based on openSUSE Tumbleweed., org.opensuse.base.title=openSUSE Tumbleweed Base Container)
Oct 03 19:28:17 baseweed-admin conmon[6130]: conmon af97daf34eef6e916c63 <nwarn>: Failed to open cgroups file: /sys/fs/cgroup/user.slice/user-1000.slice/user@1000.service/app.slice/qdshell.service/memory.events
Oct 03 19:28:17 baseweed-admin podman[6160]: 2026-10-03 19:28:17.365902876 +0000 UTC m=+0.049414136 container exec_died af97daf34eef6e916c638b576ad4ef56dda8ec1cfcaf6568d27a749d4edf8394 (image=localhost/qdistro/tier3s-weston-terminal:latest, name=qdistro-tier3s-s127a, org.qdistro.snapshot=20260930, org.opencontainers.image.source=https://build.opensuse.org/package/show/openSUSE:Factory/opensuse-tumbleweed-image?rev=561f9d4c8e4e1a441f95ad4ec6b5a914, org.opensuse.base.url=https://www.opensuse.org, org.opencontainers.image.title=openSUSE Tumbleweed Base Container, org.opencontainers.image.url=https://www.opensuse.org, org.opencontainers.image.vendor=openSUSE Project, org.opensuse.base.description=Image containing a minimal environment for containers based on openSUSE Tumbleweed., org.opencontainers.image.version=20260930.37.208, org.opensuse.base.reference=registry.opensuse.org/opensuse/tumbleweed:20260930.37.208, qdistro_tier3s_unit=qdistro-tier3s-silo@s127a.service, org.openbuildservice.disturl=obs://build.opensuse.org/openSUSE:Factory/images/561f9d4c8e4e1a441f95ad4ec6b5a914-opensuse-tumbleweed-image:docker, org.opensuse.base.lifecycle-url=https://en.opensuse.org/Lifetime, org.opensuse.base.vendor=openSUSE Project, org.opensuse.reference=registry.opensuse.org/opensuse/tumbleweed:20260930.37.208, org.opensuse.base.created=2026-09-30T20:05:54.126624488Z, org.opensuse.base.version=20260930.37.208, org.qdistro.tier3s.workload=weston-terminal, qdistro_tier3s_token=5a6c71be047882b0926c1bde3665b12d, org.opensuse.base.disturl=obs://build.opensuse.org/openSUSE:Factory/images/561f9d4c8e4e1a441f95ad4ec6b5a914-opensuse-tumbleweed-image:docker, org.opensuse.lifecycle-url=https://en.opensuse.org/Lifetime, execID=143afd6637cafa2688e5d9fea6e31ca96f16cd05fffedd1095df0b14c1c2dcaf, org.opencontainers.image.description=Image containing a minimal environment for containers based on openSUSE Tumbleweed., org.opensuse.base.source=https://build.opensuse.org/package/show/openSUSE:Factory/opensuse-tumbleweed-image?rev=561f9d4c8e4e1a441f95ad4ec6b5a914, io.buildah.version=1.44.1, org.opencontainers.image.created=2026-09-30T20:05:54.126624488Z, org.opensuse.base.title=openSUSE Tumbleweed Base Container)
Oct 03 19:28:17 baseweed-admin podman[6087]: 2026-10-03 19:28:17.390068321 +0000 UTC m=+0.172682747 container exec_died af97daf34eef6e916c638b576ad4ef56dda8ec1cfcaf6568d27a749d4edf8394 (image=localhost/qdistro/tier3s-weston-terminal:latest, name=qdistro-tier3s-s127a, org.opensuse.base.reference=registry.opensuse.org/opensuse/tumbleweed:20260930.37.208, org.qdistro.tier3s.workload=weston-terminal, org.opensuse.base.created=2026-09-30T20:05:54.126624488Z, org.opensuse.base.lifecycle-url=https://en.opensuse.org/Lifetime, org.opensuse.base.title=openSUSE Tumbleweed Base Container, org.opensuse.lifecycle-url=https://en.opensuse.org/Lifetime, org.opensuse.reference=registry.opensuse.org/opensuse/tumbleweed:20260930.37.208, org.qdistro.snapshot=20260930, qdistro_tier3s_token=5a6c71be047882b0926c1bde3665b12d, org.opencontainers.image.source=https://build.opensuse.org/package/show/openSUSE:Factory/opensuse-tumbleweed-image?rev=561f9d4c8e4e1a441f95ad4ec6b5a914, org.openbuildservice.disturl=obs://build.opensuse.org/openSUSE:Factory/images/561f9d4c8e4e1a441f95ad4ec6b5a914-opensuse-tumbleweed-image:docker, org.opencontainers.image.url=https://www.opensuse.org, org.opensuse.base.description=Image containing a minimal environment for containers based on openSUSE Tumbleweed., org.opensuse.base.source=https://build.opensuse.org/package/show/openSUSE:Factory/opensuse-tumbleweed-image?rev=561f9d4c8e4e1a441f95ad4ec6b5a914, io.buildah.version=1.44.1, execID=143afd6637cafa2688e5d9fea6e31ca96f16cd05fffedd1095df0b14c1c2dcaf, org.opencontainers.image.vendor=openSUSE Project, org.opencontainers.image.version=20260930.37.208, org.opencontainers.image.created=2026-09-30T20:05:54.126624488Z, org.opensuse.base.url=https://www.opensuse.org, org.opensuse.base.version=20260930.37.208, qdistro_tier3s_unit=qdistro-tier3s-silo@s127a.service, org.opencontainers.image.title=openSUSE Tumbleweed Base Container, org.opensuse.base.vendor=openSUSE Project, org.opencontainers.image.description=Image containing a minimal environment for containers based on openSUSE Tumbleweed., org.opensuse.base.disturl=obs://build.opensuse.org/openSUSE:Factory/images/561f9d4c8e4e1a441f95ad4ec6b5a914-opensuse-tumbleweed-image:docker)
Oct 03 19:28:17 baseweed-admin dbus-run-session[1025]:   INFO qml: [20261003-192817]  Tier3FocusIPC findSiloHandle silo=s127a → HANDLE=1
Oct 03 19:28:17 baseweed-admin dbus-run-session[1025]:   INFO qml: [20261003-192817]  Tier3FocusIPC findSiloHandle silo=s127b → HANDLE=2
Oct 03 19:28:17 baseweed-admin dbus-run-session[1025]:   INFO qml: [20261003-192817]        PodApps auto-scan: qdistro-tier3s-s127b transitioned to running
Oct 03 19:28:17 baseweed-admin dbus-run-session[1025]:   INFO qml: [20261003-192817]  Tier3FocusIPC injectFocus handle=2 seat=default
Oct 03 19:28:17 baseweed-admin dbus-run-session[1025]:   INFO qml: [20261003-192817]          Qdwin ipc injectFocus handle=2 seat=default
Oct 03 19:28:17 baseweed-admin dbus-run-session[1025]:   INFO qml: [20261003-192817]        PodApps cache refresh loaded 0 apps
Oct 03 19:28:17 baseweed-admin dbus-run-session[1025]:   INFO qml: [20261003-192817]  ClipboardGate CLIPBOARD_GATE seat=default src_silo=s127a dst_silo=s127b mime_types=text/plain verdict=deny reason=broker:deny
Oct 03 19:28:17 baseweed-admin dbus-run-session[1025]:   INFO qml: [20261003-192817]  ClipboardGate CLIPBOARD_GATE seat=default src_silo=s127b dst_silo=s127b mime_types=text/plain verdict=deny reason=broker:deny
Oct 03 19:28:17 baseweed-admin dbus-run-session[1025]:   INFO qml: [20261003-192817]  ClipboardGate CLIPBOARD_GATE seat=default src_silo=s127b dst_silo=s127b mime_types=text/plain verdict=deny reason=broker:deny
Oct 03 19:28:18 baseweed-admin dbus-run-session[1025]:   INFO qml: [20261003-192818]  ClipboardGate CLIPBOARD_GATE seat=default src_silo=s127b dst_silo=s127b mime_types=text/plain verdict=deny reason=broker:deny
Oct 03 19:28:18 baseweed-admin dbus-run-session[1025]:   INFO qml: [20261003-192818]  ClipboardGate CLIPBOARD_GATE seat=default src_silo=s127b dst_silo=s127b mime_types=text/plain verdict=deny reason=broker:deny
Oct 03 19:28:18 baseweed-admin dbus-run-session[1025]:   WARN: Process failed to start, likely because the binary could not be found. Command: QList("bluetoothctl", "show")
Oct 03 19:28:18 baseweed-admin dbus-run-session[1025]:   WARN qml: [20261003-192818]        Network Connectivity check error: Error: Not authorized to recheck connectivity.
Oct 03 19:28:19 baseweed-admin podman[6372]: 2026-10-03 19:28:19.941751869 +0000 UTC m=+0.337725665 container exec 6f06c6084e96a1d0d7b32e704436f35673be2825e5df1593e6d745c7048a43ba (image=localhost/qdistro/tier3s-weston-terminal:latest, name=qdistro-tier3s-s127b, org.openbuildservice.disturl=obs://build.opensuse.org/openSUSE:Factory/images/561f9d4c8e4e1a441f95ad4ec6b5a914-opensuse-tumbleweed-image:docker, org.opencontainers.image.source=https://build.opensuse.org/package/show/openSUSE:Factory/opensuse-tumbleweed-image?rev=561f9d4c8e4e1a441f95ad4ec6b5a914, org.opencontainers.image.title=openSUSE Tumbleweed Base Container, org.opencontainers.image.created=2026-09-30T20:05:54.126624488Z, org.opencontainers.image.version=20260930.37.208, org.opensuse.base.description=Image containing a minimal environment for containers based on openSUSE Tumbleweed., org.opensuse.base.source=https://build.opensuse.org/package/show/openSUSE:Factory/opensuse-tumbleweed-image?rev=561f9d4c8e4e1a441f95ad4ec6b5a914, org.opensuse.base.version=20260930.37.208, qdistro_tier3s_token=f9c2872580d0d860f65f30c6c129fd72, org.qdistro.tier3s.workload=weston-terminal, io.buildah.version=1.44.1, org.opencontainers.image.vendor=openSUSE Project, org.opensuse.base.vendor=openSUSE Project, org.opencontainers.image.url=https://www.opensuse.org, qdistro_tier3s_unit=qdistro-tier3s-silo@s127b.service, org.opensuse.base.url=https://www.opensuse.org, org.opensuse.base.reference=registry.opensuse.org/opensuse/tumbleweed:20260930.37.208, org.qdistro.snapshot=20260930, org.opensuse.lifecycle-url=https://en.opensuse.org/Lifetime, org.opensuse.base.created=2026-09-30T20:05:54.126624488Z, org.opensuse.base.title=openSUSE Tumbleweed Base Container, org.opensuse.reference=registry.opensuse.org/opensuse/tumbleweed:20260930.37.208, org.opencontainers.image.description=Image containing a minimal environment for containers based on openSUSE Tumbleweed., org.opensuse.base.disturl=obs://build.opensuse.org/openSUSE:Factory/images/561f9d4c8e4e1a441f95ad4ec6b5a914-opensuse-tumbleweed-image:docker, org.opensuse.base.lifecycle-url=https://en.opensuse.org/Lifetime)
Oct 03 19:28:19 baseweed-admin conmon[6388]: conmon 6f06c6084e96a1d0d7b3 <nwarn>: Failed to open cgroups file: /sys/fs/cgroup/user.slice/user-1000.slice/user@1000.service/app.slice/qdshell.service/memory.events
Oct 03 19:28:19 baseweed-admin podman[6402]: 2026-10-03 19:28:19.996059825 +0000 UTC m=+0.039476772 container exec_died 6f06c6084e96a1d0d7b32e704436f35673be2825e5df1593e6d745c7048a43ba (image=localhost/qdistro/tier3s-weston-terminal:latest, name=qdistro-tier3s-s127b, org.qdistro.tier3s.workload=weston-terminal, org.opencontainers.image.created=2026-09-30T20:05:54.126624488Z, io.buildah.version=1.44.1, org.opensuse.reference=registry.opensuse.org/opensuse/tumbleweed:20260930.37.208, org.opensuse.base.vendor=openSUSE Project, org.openbuildservice.disturl=obs://build.opensuse.org/openSUSE:Factory/images/561f9d4c8e4e1a441f95ad4ec6b5a914-opensuse-tumbleweed-image:docker, org.opensuse.base.description=Image containing a minimal environment for containers based on openSUSE Tumbleweed., qdistro_tier3s_token=f9c2872580d0d860f65f30c6c129fd72, org.opencontainers.image.vendor=openSUSE Project, org.opensuse.base.disturl=obs://build.opensuse.org/openSUSE:Factory/images/561f9d4c8e4e1a441f95ad4ec6b5a914-opensuse-tumbleweed-image:docker, org.opensuse.base.source=https://build.opensuse.org/package/show/openSUSE:Factory/opensuse-tumbleweed-image?rev=561f9d4c8e4e1a441f95ad4ec6b5a914, org.opensuse.base.title=openSUSE Tumbleweed Base Container, org.opencontainers.image.source=https://build.opensuse.org/package/show/openSUSE:Factory/opensuse-tumbleweed-image?rev=561f9d4c8e4e1a441f95ad4ec6b5a914, org.opensuse.base.created=2026-09-30T20:05:54.126624488Z, org.opensuse.base.reference=registry.opensuse.org/opensuse/tumbleweed:20260930.37.208, org.opensuse.lifecycle-url=https://en.opensuse.org/Lifetime, org.opencontainers.image.title=openSUSE Tumbleweed Base Container, org.opencontainers.image.version=20260930.37.208, org.opensuse.base.lifecycle-url=https://en.opensuse.org/Lifetime, org.opensuse.base.version=20260930.37.208, org.qdistro.snapshot=20260930, org.opencontainers.image.url=https://www.opensuse.org, org.opencontainers.image.description=Image containing a minimal environment for containers based on openSUSE Tumbleweed., qdistro_tier3s_unit=qdistro-tier3s-silo@s127b.service, org.opensuse.base.url=https://www.opensuse.org, execID=8e08f798ac3f52bc9114bfcba0167df029e359c8f3911b9e5b83a0985b5a74a6)
Oct 03 19:28:20 baseweed-admin podman[6372]: 2026-10-03 19:28:20.221617476 +0000 UTC m=+0.617591292 container exec_died 6f06c6084e96a1d0d7b32e704436f35673be2825e5df1593e6d745c7048a43ba (image=localhost/qdistro/tier3s-weston-terminal:latest, name=qdistro-tier3s-s127b, org.opencontainers.image.version=20260930.37.208, org.opensuse.base.title=openSUSE Tumbleweed Base Container, org.opensuse.base.vendor=openSUSE Project, org.opencontainers.image.description=Image containing a minimal environment for containers based on openSUSE Tumbleweed., org.opensuse.base.reference=registry.opensuse.org/opensuse/tumbleweed:20260930.37.208, org.opensuse.base.source=https://build.opensuse.org/package/show/openSUSE:Factory/opensuse-tumbleweed-image?rev=561f9d4c8e4e1a441f95ad4ec6b5a914, qdistro_tier3s_token=f9c2872580d0d860f65f30c6c129fd72, org.opensuse.base.url=https://www.opensuse.org, org.opencontainers.image.vendor=openSUSE Project, org.opensuse.base.created=2026-09-30T20:05:54.126624488Z, org.opensuse.base.description=Image containing a minimal environment for containers based on openSUSE Tumbleweed., org.opensuse.base.lifecycle-url=https://en.opensuse.org/Lifetime, org.qdistro.snapshot=20260930, qdistro_tier3s_unit=qdistro-tier3s-silo@s127b.service, org.opensuse.reference=registry.opensuse.org/opensuse/tumbleweed:20260930.37.208, org.opensuse.base.disturl=obs://build.opensuse.org/openSUSE:Factory/images/561f9d4c8e4e1a441f95ad4ec6b5a914-opensuse-tumbleweed-image:docker, org.opensuse.base.version=20260930.37.208, org.opencontainers.image.url=https://www.opensuse.org, org.opensuse.lifecycle-url=https://en.opensuse.org/Lifetime, execID=8e08f798ac3f52bc9114bfcba0167df029e359c8f3911b9e5b83a0985b5a74a6, org.opencontainers.image.source=https://build.opensuse.org/package/show/openSUSE:Factory/opensuse-tumbleweed-image?rev=561f9d4c8e4e1a441f95ad4ec6b5a914, io.buildah.version=1.44.1, org.opencontainers.image.created=2026-09-30T20:05:54.126624488Z, org.openbuildservice.disturl=obs://build.opensuse.org/openSUSE:Factory/images/561f9d4c8e4e1a441f95ad4ec6b5a914-opensuse-tumbleweed-image:docker, org.opencontainers.image.title=openSUSE Tumbleweed Base Container, org.qdistro.tier3s.workload=weston-terminal)
Oct 03 19:28:20 baseweed-admin dbus-run-session[1025]:   WARN: Process failed to start, likely because the binary could not be found. Command: QList("bluetoothctl", "show")
Oct 03 19:28:20 baseweed-admin dbus-run-session[1025]:   INFO qml: [20261003-192820]        PodApps cache refresh loaded 0 apps
Oct 03 19:28:22 baseweed-admin dbus-run-session[1025]:   WARN: Process failed to start, likely because the binary could not be found. Command: QList("bluetoothctl", "show")
Oct 03 19:28:24 baseweed-admin dbus-run-session[1025]:   WARN: Process failed to start, likely because the binary could not be found. Command: QList("bluetoothctl", "show")
Oct 03 19:28:24 baseweed-admin dbus-run-session[1025]:   WARN qml: [20261003-192824]       Location Weather is still fetching
Oct 03 19:28:24 baseweed-admin dbus-run-session[1025]:  ERROR qml: [20261003-192824]       Location Geocoding error: 0
Oct 03 19:28:26 baseweed-admin dbus-run-session[1025]:   WARN: Process failed to start, likely because the binary could not be found. Command: QList("bluetoothctl", "show")
Oct 03 19:28:28 baseweed-admin dbus-run-session[1025]:   WARN: Process failed to start, likely because the binary could not be found. Command: QList("bluetoothctl", "show")
Oct 03 19:28:30 baseweed-admin dbus-run-session[1025]:   WARN: Process failed to start, likely because the binary could not be found. Command: QList("bluetoothctl", "show")
Oct 03 19:28:32 baseweed-admin dbus-run-session[1025]:   WARN: Process failed to start, likely because the binary could not be found. Command: QList("bluetoothctl", "show")
Oct 03 19:28:33 baseweed-admin dbus-run-session[1025]:   WARN qml: [20261003-192833]        Network Connectivity check error: Error: Not authorized to recheck connectivity.
Oct 03 19:28:34 baseweed-admin dbus-run-session[1025]:   WARN: Process failed to start, likely because the binary could not be found. Command: QList("bluetoothctl", "show")
Oct 03 19:28:36 baseweed-admin dbus-run-session[1025]:   WARN: Process failed to start, likely because the binary could not be found. Command: QList("bluetoothctl", "show")
Oct 03 19:28:38 baseweed-admin dbus-run-session[1025]:   WARN: Process failed to start, likely because the binary could not be found. Command: QList("bluetoothctl", "show")
Oct 03 19:28:40 baseweed-admin dbus-run-session[1025]:   WARN: Process failed to start, likely because the binary could not be found. Command: QList("bluetoothctl", "show")
Oct 03 19:28:42 baseweed-admin dbus-run-session[1025]:   WARN: Process failed to start, likely because the binary could not be found. Command: QList("bluetoothctl", "show")
Oct 03 19:28:44 baseweed-admin dbus-run-session[1025]:   WARN: Process failed to start, likely because the binary could not be found. Command: QList("bluetoothctl", "show")
Oct 03 19:28:44 baseweed-admin dbus-run-session[1025]:   WARN qml: [20261003-192844]       Location Weather is still fetching
Oct 03 19:28:44 baseweed-admin dbus-run-session[1025]:  ERROR qml: [20261003-192844]       Location Geocoding error: 0
Oct 03 19:28:44 baseweed-admin dbus-run-session[1025]:   INFO qml: [20261003-192844]        PodApps cache refresh loaded 0 apps
Oct 03 19:28:46 baseweed-admin dbus-run-session[1025]:   WARN: Process failed to start, likely because the binary could not be found. Command: QList("bluetoothctl", "show")
Oct 03 19:28:48 baseweed-admin dbus-run-session[1025]:   WARN: Process failed to start, likely because the binary could not be found. Command: QList("bluetoothctl", "show")
Oct 03 19:28:48 baseweed-admin dbus-run-session[1025]:   WARN qml: [20261003-192848]        Network Connectivity check error: Error: Not authorized to recheck connectivity.
Oct 03 19:28:50 baseweed-admin dbus-run-session[1025]:   WARN: Process failed to start, likely because the binary could not be found. Command: QList("bluetoothctl", "show")
Oct 03 19:28:52 baseweed-admin dbus-run-session[1025]:   WARN: Process failed to start, likely because the binary could not be found. Command: QList("bluetoothctl", "show")
Oct 03 19:28:54 baseweed-admin dbus-run-session[1025]:   WARN: Process failed to start, likely because the binary could not be found. Command: QList("bluetoothctl", "show")
Oct 03 19:28:56 baseweed-admin dbus-run-session[1025]:   WARN: Process failed to start, likely because the binary could not be found. Command: QList("bluetoothctl", "show")
Oct 03 19:28:58 baseweed-admin dbus-run-session[1025]:   WARN: Process failed to start, likely because the binary could not be found. Command: QList("bluetoothctl", "show")
Oct 03 19:29:00 baseweed-admin dbus-run-session[1025]:   WARN: Process failed to start, likely because the binary could not be found. Command: QList("bluetoothctl", "show")
Oct 03 19:29:02 baseweed-admin dbus-run-session[1025]:   WARN: Process failed to start, likely because the binary could not be found. Command: QList("bluetoothctl", "show")
Oct 03 19:29:03 baseweed-admin dbus-run-session[1025]:   WARN qml: [20261003-192903]        Network Connectivity check error: Error: Not authorized to recheck connectivity.
Oct 03 19:29:04 baseweed-admin dbus-run-session[1025]:   WARN: Process failed to start, likely because the binary could not be found. Command: QList("bluetoothctl", "show")
Oct 03 19:29:04 baseweed-admin dbus-run-session[1025]:   WARN qml: [20261003-192904]       Location Weather is still fetching
Oct 03 19:29:04 baseweed-admin dbus-run-session[1025]:  ERROR qml: [20261003-192904]       Location Geocoding error: 0
Oct 03 19:29:06 baseweed-admin dbus-run-session[1025]:   WARN: Process failed to start, likely because the binary could not be found. Command: QList("bluetoothctl", "show")
Oct 03 19:29:08 baseweed-admin dbus-run-session[1025]:   WARN: Process failed to start, likely because the binary could not be found. Command: QList("bluetoothctl", "show")
Oct 03 19:29:10 baseweed-admin dbus-run-session[1025]:   WARN: Process failed to start, likely because the binary could not be found. Command: QList("bluetoothctl", "show")
Oct 03 19:29:12 baseweed-admin dbus-run-session[1025]:   WARN: Process failed to start, likely because the binary could not be found. Command: QList("bluetoothctl", "show")
Oct 03 19:29:14 baseweed-admin dbus-run-session[1025]:   WARN: Process failed to start, likely because the binary could not be found. Command: QList("bluetoothctl", "show")
Oct 03 19:29:14 baseweed-admin dbus-run-session[1025]:   INFO qml: [20261003-192914]        PodApps cache refresh loaded 0 apps
Oct 03 19:29:16 baseweed-admin dbus-run-session[1025]:   WARN: Process failed to start, likely because the binary could not be found. Command: QList("bluetoothctl", "show")
Oct 03 19:29:18 baseweed-admin dbus-run-session[1025]:   WARN: Process failed to start, likely because the binary could not be found. Command: QList("bluetoothctl", "show")
Oct 03 19:29:18 baseweed-admin dbus-run-session[1025]:   WARN qml: [20261003-192918]        Network Connectivity check error: Error: Not authorized to recheck connectivity.
Oct 03 19:29:20 baseweed-admin dbus-run-session[1025]:   WARN: Process failed to start, likely because the binary could not be found. Command: QList("bluetoothctl", "show")
Oct 03 19:29:21 baseweed-admin dbus-run-session[1025]:   INFO qml: [20261003-192921]  Tier3FocusIPC injectFocus handle=2 seat=default
Oct 03 19:29:21 baseweed-admin dbus-run-session[1025]:   INFO qml: [20261003-192921]          Qdwin ipc injectFocus handle=2 seat=default
Oct 03 19:29:21 baseweed-admin dbus-run-session[1025]:   INFO qml: [20261003-192921]  ClipboardGate CLIPBOARD_GATE seat=default src_silo=s127b dst_silo=s127b mime_types=text/plain verdict=deny reason=broker:deny
Oct 03 19:29:21 baseweed-admin dbus-run-session[1025]:   INFO qml: [20261003-192921]  ClipboardGate CLIPBOARD_GATE seat=default src_silo=s127b dst_silo=s127b mime_types=text/plain verdict=deny reason=broker:deny
Oct 03 19:29:21 baseweed-admin dbus-run-session[1025]:   INFO qml: [20261003-192921]  ClipboardGate CLIPBOARD_GATE seat=default src_silo=s127b dst_silo=s127b mime_types=text/plain verdict=deny reason=broker:deny
Oct 03 19:29:21 baseweed-admin dbus-run-session[1025]:   INFO qml: [20261003-192921]  ClipboardGate CLIPBOARD_GATE seat=default src_silo=s127b dst_silo=s127b mime_types=text/plain verdict=deny reason=broker:deny
Oct 03 19:29:22 baseweed-admin dbus-run-session[1025]:   WARN: Process failed to start, likely because the binary could not be found. Command: QList("bluetoothctl", "show")
Oct 03 19:29:22 baseweed-admin dbus-run-session[1025]:   INFO qml: [20261003-192922]  Tier3FocusIPC injectFocus handle=1 seat=default
Oct 03 19:29:22 baseweed-admin dbus-run-session[1025]:   INFO qml: [20261003-192922]          Qdwin ipc injectFocus handle=1 seat=default
Oct 03 19:29:22 baseweed-admin dbus-run-session[1025]:   INFO qml: [20261003-192922]  ClipboardGate CLIPBOARD_GATE seat=default src_silo=s127b dst_silo=s127b mime_types=text/plain verdict=deny reason=broker:deny
Oct 03 19:29:22 baseweed-admin dbus-run-session[1025]:   INFO qml: [20261003-192922]  ClipboardGate CLIPBOARD_GATE seat=default src_silo=s127b dst_silo=s127b mime_types=text/plain verdict=deny reason=broker:deny
Oct 03 19:29:22 baseweed-admin dbus-run-session[1025]:   INFO qml: [20261003-192922]  ClipboardGate CLIPBOARD_FOCUS_GATE seat=default src_silo=s127b dst_silo=s127a is_primary=0 verdict=deny reason=focus-cross-silo
Oct 03 19:29:22 baseweed-admin dbus-run-session[1025]:   INFO qml: [20261003-192922]  ClipboardGate CLIPBOARD_GATE seat=default src_silo=s127a dst_silo=s127a mime_types=text/plain verdict=deny reason=broker:deny
Oct 03 19:29:22 baseweed-admin dbus-run-session[1025]:   INFO qml: [20261003-192922]  ClipboardGate CLIPBOARD_GATE seat=default src_silo=s127a dst_silo=s127a mime_types=text/plain verdict=deny reason=broker:deny
Oct 03 19:29:22 baseweed-admin dbus-run-session[1025]:   INFO qml: [20261003-192922]  ClipboardGate CLIPBOARD_GATE seat=default src_silo=s127a dst_silo=s127a mime_types=text/plain verdict=deny reason=broker:deny
Oct 03 19:29:22 baseweed-admin dbus-run-session[1025]:   INFO qml: [20261003-192922]  ClipboardGate CLIPBOARD_GATE seat=default src_silo=s127a dst_silo=s127a mime_types=text/plain verdict=deny reason=broker:deny
Oct 03 19:29:22 baseweed-admin dbus-run-session[1025]:   INFO qml: [20261003-192922]  ClipboardGate CLIPBOARD_GATE seat=default src_silo=s127a dst_silo=s127a mime_types=text/plain verdict=deny reason=broker:deny
Oct 03 19:29:22 baseweed-admin dbus-run-session[1025]:   INFO qml: [20261003-192922]  ClipboardGate CLIPBOARD_GATE seat=default src_silo=s127a dst_silo=s127a mime_types=text/plain verdict=deny reason=broker:deny
Oct 03 19:29:22 baseweed-admin dbus-run-session[1025]:   INFO qml: [20261003-192922]  Tier3FocusIPC injectFocus handle=2 seat=default
Oct 03 19:29:22 baseweed-admin dbus-run-session[1025]:   INFO qml: [20261003-192922]          Qdwin ipc injectFocus handle=2 seat=default
Oct 03 19:29:22 baseweed-admin dbus-run-session[1025]:   INFO qml: [20261003-192922]  ClipboardGate CLIPBOARD_GATE seat=default src_silo=s127a dst_silo=s127a mime_types=text/plain verdict=deny reason=broker:deny
Oct 03 19:29:22 baseweed-admin dbus-run-session[1025]:   INFO qml: [20261003-192922]  ClipboardGate CLIPBOARD_GATE seat=default src_silo=s127a dst_silo=s127a mime_types=text/plain verdict=deny reason=broker:deny
Oct 03 19:29:22 baseweed-admin dbus-run-session[1025]:   INFO qml: [20261003-192922]  ClipboardGate CLIPBOARD_FOCUS_GATE seat=default src_silo=s127a dst_silo=s127b is_primary=0 verdict=deny reason=focus-cross-silo
Oct 03 19:29:23 baseweed-admin dbus-run-session[1025]:   INFO qml: [20261003-192923]  ClipboardGate CLIPBOARD_GATE seat=default src_silo=s127b dst_silo=s127b mime_types=text/plain verdict=deny reason=broker:deny
Oct 03 19:29:23 baseweed-admin dbus-run-session[1025]:   INFO qml: [20261003-192923]  ClipboardGate CLIPBOARD_GATE seat=default src_silo=s127b dst_silo=s127b mime_types=text/plain verdict=deny reason=broker:deny
Oct 03 19:29:24 baseweed-admin dbus-run-session[1025]:   WARN: Process failed to start, likely because the binary could not be found. Command: QList("bluetoothctl", "show")
Oct 03 19:29:24 baseweed-admin dbus-run-session[1025]:   WARN qml: [20261003-192924]       Location Weather is still fetching
Oct 03 19:29:24 baseweed-admin dbus-run-session[1025]:  ERROR qml: [20261003-192924]       Location Geocoding error: 0
Oct 03 19:29:26 baseweed-admin dbus-run-session[1025]:   WARN: Could not load icon "user-desktop?fallback=application-x-executable" at size QSize(19, 19) from request
Oct 03 19:29:26 baseweed-admin dbus-run-session[1025]:   WARN: Process failed to start, likely because the binary could not be found. Command: QList("bluetoothctl", "show")
Oct 03 19:29:28 baseweed-admin dbus-run-session[1025]:   WARN: Process failed to start, likely because the binary could not be found. Command: QList("bluetoothctl", "show")
Oct 03 19:29:28 baseweed-admin dbus-run-session[1025]:   WARN: Could not load icon "user-desktop?fallback=application-x-executable" at size QSize(19, 19) from request
Oct 03 19:29:28 baseweed-admin dbus-run-session[1025]:   INFO qml: [20261003-192928]  ClipboardGate CLIPBOARD_FOCUS_GATE seat=default src_silo=s127b dst_silo=unknown is_primary=0 verdict=deny reason=focus-cross-silo
Oct 03 19:29:28 baseweed-admin dbus-run-session[1025]:   INFO qml: [20261003-192928]  ClipboardGate CLIPBOARD_GATE seat=default src_silo=unknown dst_silo=unknown mime_types=text/plain verdict=deny reason=unknown-identity
Oct 03 19:29:28 baseweed-admin dbus-run-session[1025]:   INFO qml: [20261003-192928]  ClipboardGate CLIPBOARD_GATE seat=default src_silo=unknown dst_silo=unknown mime_types=text/plain verdict=deny reason=unknown-identity
Oct 03 19:29:28 baseweed-admin dbus-run-session[1025]:   INFO qml: [20261003-192928]  ClipboardGate CLIPBOARD_GATE seat=default src_silo=unknown dst_silo=unknown mime_types=text/plain verdict=deny reason=unknown-identity
Oct 03 19:29:28 baseweed-admin dbus-run-session[1025]:   INFO qml: [20261003-192928]  ClipboardGate CLIPBOARD_GATE seat=default src_silo=unknown dst_silo=unknown mime_types=text/plain verdict=deny reason=unknown-identity
Oct 03 19:29:30 baseweed-admin dbus-run-session[1025]:   WARN: Process failed to start, likely because the binary could not be found. Command: QList("bluetoothctl", "show")
Oct 03 19:29:32 baseweed-admin dbus-run-session[1025]:   WARN: Process failed to start, likely because the binary could not be found. Command: QList("bluetoothctl", "show")
