Oct 03 16:39:59 baseweed-admin systemd[858]: Starting qdshell desktop (Quickshell QML on top of qdwin)...
Oct 03 16:40:01 baseweed-admin systemd[858]: Started qdshell desktop (Quickshell QML on top of qdwin).
Oct 03 16:40:01 baseweed-admin dbus-run-session[1026]: No running instances for "/usr/share/quickshell/qdshell/shell.qml"
Oct 03 16:40:01 baseweed-admin dbus-run-session[1026]:   INFO: Launching config: "/usr/share/quickshell/qdshell/shell.qml"
Oct 03 16:40:01 baseweed-admin dbus-run-session[1026]:   INFO: Shell ID: "0d0d1ceeb7f0392fec595c8531945b05" Path ID "0d0d1ceeb7f0392fec595c8531945b05"
Oct 03 16:40:01 baseweed-admin dbus-run-session[1026]:   INFO: Saving logs to "/run/user/1000/quickshell/by-id/ispmbcmt/log.qslog"
Oct 03 16:40:02 baseweed-admin dbus-run-session[1026]: MESA-EGL: warning: failed to get driver name for fd -1
Oct 03 16:40:02 baseweed-admin dbus-run-session[1026]: MESA-EGL: warning: MESA-LOADER: failed to retrieve device information
Oct 03 16:40:02 baseweed-admin dbus-run-session[1026]: MESA-EGL: warning: failed to get driver name for fd -1
Oct 03 16:40:02 baseweed-admin dbus-run-session[1026]: MESA: error: ZINK: failed to choose pdev
Oct 03 16:40:02 baseweed-admin dbus-run-session[1026]: MESA-EGL: warning: egl: failed to create dri2 screen
Oct 03 16:40:19 baseweed-admin dbus-run-session[1026]:   INFO qml: [20261003-164019]           I18n Service started
Oct 03 16:40:19 baseweed-admin dbus-run-session[1026]:   INFO qml: [20261003-164019]           I18n Loading "en" (locale: "en-Latn-US")
Oct 03 16:40:19 baseweed-admin dbus-run-session[1026]:   INFO qml: [20261003-164019]          Shell ---------------------------
Oct 03 16:40:19 baseweed-admin dbus-run-session[1026]:   INFO qml: [20261003-164019]          Shell Qdshell Hello!
Oct 03 16:40:19 baseweed-admin dbus-run-session[1026]:   WARN scene: @Commons/I18n.qml[104:5]: Unable to assign QJSValue to QObject*
Oct 03 16:40:19 baseweed-admin dbus-run-session[1026]:   INFO: Configuration Loaded
Oct 03 16:40:19 baseweed-admin dbus-run-session[1026]:   WARN scene: @Commons/I18n.qml[104:5]: Unable to assign QJSValue to QObject*
Oct 03 16:40:19 baseweed-admin dbus-run-session[1026]:   INFO qml: [20261003-164019]       Settings Settings loaded
Oct 03 16:40:19 baseweed-admin dbus-run-session[1026]:   INFO qml: [20261003-164019]           I18n Loaded translations for "en"
Oct 03 16:40:19 baseweed-admin dbus-run-session[1026]:   INFO qml: [20261003-164019] PluginRegistry Loaded plugin states from: /home/admin/.config/qdshell/plugins.json
Oct 03 16:40:19 baseweed-admin dbus-run-session[1026]:   INFO qml: [20261003-164019] PluginRegistry Scanning plugin folder: /home/admin/.config/qdshell/plugins
Oct 03 16:40:19 baseweed-admin dbus-run-session[1026]:   INFO qml: [20261003-164019]          Icons Service started
Oct 03 16:40:19 baseweed-admin dbus-run-session[1026]:   INFO: ctrl-server: listening on /run/user/1000/qdshell.sock
Oct 03 16:40:19 baseweed-admin dbus-run-session[1026]:   WARN scene: QML Connections at @Services/Hardware/BrightnessService.qml[66:3]: Detected function "onEnableDdcSupportChanged" in Connections element. This is probably intended to be a signal handler but no signal of the target matches the name.
Oct 03 16:40:19 baseweed-admin dbus-run-session[1026]:   INFO qml: [20261003-164019]     Brightness Service started
Oct 03 16:40:20 baseweed-admin dbus-run-session[1026]:   INFO qml: [20261003-164020] DesktopWidgetR Service started
Oct 03 16:40:20 baseweed-admin dbus-run-session[1026]:   WARN scene: QML Connections at @Services/UI/BarService.qml[147:3]: Detected function "onDisplayModeChanged" in Connections element. This is probably intended to be a signal handler but no signal of the target matches the name.
Oct 03 16:40:20 baseweed-admin dbus-run-session[1026]:   WARN scene: QML Connections at @Services/UI/BarService.qml[147:3]: Detected function "onScreenOverridesChanged" in Connections element. This is probably intended to be a signal handler but no signal of the target matches the name.
Oct 03 16:40:20 baseweed-admin dbus-run-session[1026]:   INFO qml: [20261003-164020]     BarService Service started
Oct 03 16:40:20 baseweed-admin dbus-run-session[1026]:   WARN scene: QML Connections at @Services/Networking/NetworkService.qml[73:3]: Detected function "onWifiEnabledChanged" in Connections element. This is probably intended to be a signal handler but no signal of the target matches the name.
Oct 03 16:40:20 baseweed-admin dbus-run-session[1026]:   INFO qml: [20261003-164020]        Network Service started
Oct 03 16:40:20 baseweed-admin dbus-run-session[1026]:   WARN scene: QML Connections at @Modules/Panels/Dock/StaticDockPanel.qml[350:3]: Detected function "onPinnedAppsChanged" in Connections element. This is probably intended to be a signal handler but no signal of the target matches the name.
Oct 03 16:40:20 baseweed-admin dbus-run-session[1026]:   WARN scene: QML Connections at @Modules/Panels/Dock/StaticDockPanel.qml[350:3]: Detected function "onOnlySameOutputChanged" in Connections element. This is probably intended to be a signal handler but no signal of the target matches the name.
Oct 03 16:40:20 baseweed-admin dbus-run-session[1026]:   WARN scene: QML Connections at @Services/System/SystemStatService.qml[320:3]: Detected function "onEnableDgpuMonitoringChanged" in Connections element. This is probably intended to be a signal handler but no signal of the target matches the name.
Oct 03 16:40:20 baseweed-admin dbus-run-session[1026]:   INFO qml: [20261003-164020]     SystemStat Service started (polling deferred until a consumer registers).
Oct 03 16:40:20 baseweed-admin dbus-run-session[1026]:   WARN scene: QML Connections at @Modules/Panels/Dock/StaticDockPanel.qml[350:3]: Detected function "onPinnedAppsChanged" in Connections element. This is probably intended to be a signal handler but no signal of the target matches the name.
Oct 03 16:40:20 baseweed-admin dbus-run-session[1026]:   WARN scene: QML Connections at @Modules/Panels/Dock/StaticDockPanel.qml[350:3]: Detected function "onOnlySameOutputChanged" in Connections element. This is probably intended to be a signal handler but no signal of the target matches the name.
Oct 03 16:40:20 baseweed-admin dbus-run-session[1026]:   WARN scene: QML Connections at @Modules/Panels/Dock/StaticDockPanel.qml[350:3]: Detected function "onPinnedAppsChanged" in Connections element. This is probably intended to be a signal handler but no signal of the target matches the name.
Oct 03 16:40:20 baseweed-admin dbus-run-session[1026]:   WARN scene: QML Connections at @Modules/Panels/Dock/StaticDockPanel.qml[350:3]: Detected function "onOnlySameOutputChanged" in Connections element. This is probably intended to be a signal handler but no signal of the target matches the name.
Oct 03 16:40:20 baseweed-admin dbus-run-session[1026]:   WARN scene: QML Connections at @Services/UI/WallpaperService.qml[140:3]: Detected function "onWallpaperDownloaded" in Connections element. This is probably intended to be a signal handler but no signal of the target matches the name.
Oct 03 16:40:20 baseweed-admin dbus-run-session[1026]:   WARN scene: QML Connections at @Services/UI/WallpaperService.qml[61:3]: Detected function "onDirectoryChanged" in Connections element. This is probably intended to be a signal handler but no signal of the target matches the name.
Oct 03 16:40:20 baseweed-admin dbus-run-session[1026]:   WARN scene: QML Connections at @Services/UI/WallpaperService.qml[61:3]: Detected function "onEnableMultiMonitorDirectoriesChanged" in Connections element. This is probably intended to be a signal handler but no signal of the target matches the name.
Oct 03 16:40:20 baseweed-admin dbus-run-session[1026]:   WARN scene: QML Connections at @Services/UI/WallpaperService.qml[61:3]: Detected function "onAutomationEnabledChanged" in Connections element. This is probably intended to be a signal handler but no signal of the target matches the name.
Oct 03 16:40:20 baseweed-admin dbus-run-session[1026]:   WARN scene: QML Connections at @Services/UI/WallpaperService.qml[61:3]: Detected function "onRandomIntervalSecChanged" in Connections element. This is probably intended to be a signal handler but no signal of the target matches the name.
Oct 03 16:40:20 baseweed-admin dbus-run-session[1026]:   WARN scene: QML Connections at @Services/UI/WallpaperService.qml[61:3]: Detected function "onWallpaperChangeModeChanged" in Connections element. This is probably intended to be a signal handler but no signal of the target matches the name.
Oct 03 16:40:20 baseweed-admin dbus-run-session[1026]:   WARN scene: QML Connections at @Services/UI/WallpaperService.qml[61:3]: Detected function "onViewModeChanged" in Connections element. This is probably intended to be a signal handler but no signal of the target matches the name.
Oct 03 16:40:20 baseweed-admin dbus-run-session[1026]:   WARN scene: QML Connections at @Services/UI/WallpaperService.qml[61:3]: Detected function "onShowHiddenFilesChanged" in Connections element. This is probably intended to be a signal handler but no signal of the target matches the name.
Oct 03 16:40:20 baseweed-admin dbus-run-session[1026]:   WARN scene: QML Connections at @Services/UI/WallpaperService.qml[61:3]: Detected function "onUseSolidColorChanged" in Connections element. This is probably intended to be a signal handler but no signal of the target matches the name.
Oct 03 16:40:20 baseweed-admin dbus-run-session[1026]:   WARN scene: QML Connections at @Services/UI/WallpaperService.qml[61:3]: Detected function "onSolidColorChanged" in Connections element. This is probably intended to be a signal handler but no signal of the target matches the name.
Oct 03 16:40:20 baseweed-admin dbus-run-session[1026]:   WARN scene: QML Connections at @Services/UI/WallpaperService.qml[61:3]: Detected function "onSortOrderChanged" in Connections element. This is probably intended to be a signal handler but no signal of the target matches the name.
Oct 03 16:40:20 baseweed-admin dbus-run-session[1026]:   WARN scene: QML Connections at @Modules/Background/Background.qml[80:7]: Detected function "onFillModeChanged" in Connections element. This is probably intended to be a signal handler but no signal of the target matches the name.
Oct 03 16:40:20 baseweed-admin dbus-run-session[1026]:   WARN scene: QML Connections at @Modules/Background/Background.qml[80:7]: Detected function "onFillModeChanged" in Connections element. This is probably intended to be a signal handler but no signal of the target matches the name.
Oct 03 16:40:20 baseweed-admin dbus-run-session[1026]:   WARN scene: QML Connections at @Modules/Background/Background.qml[80:7]: Detected function "onFillModeChanged" in Connections element. This is probably intended to be a signal handler but no signal of the target matches the name.
Oct 03 16:40:20 baseweed-admin dbus-run-session[1026]:   WARN scene: QML Connections at @Modules/Dock/Dock.qml[45:7]: Detected function "onPinnedAppsChanged" in Connections element. This is probably intended to be a signal handler but no signal of the target matches the name.
Oct 03 16:40:20 baseweed-admin dbus-run-session[1026]:   WARN scene: QML Connections at @Modules/Dock/Dock.qml[45:7]: Detected function "onOnlySameOutputChanged" in Connections element. This is probably intended to be a signal handler but no signal of the target matches the name.
Oct 03 16:40:20 baseweed-admin dbus-run-session[1026]:   WARN scene: QML Connections at @Modules/Dock/Dock.qml[45:7]: Detected function "onPinnedAppsChanged" in Connections element. This is probably intended to be a signal handler but no signal of the target matches the name.
Oct 03 16:40:20 baseweed-admin dbus-run-session[1026]:   WARN scene: QML Connections at @Modules/Dock/Dock.qml[45:7]: Detected function "onOnlySameOutputChanged" in Connections element. This is probably intended to be a signal handler but no signal of the target matches the name.
Oct 03 16:40:20 baseweed-admin dbus-run-session[1026]:   WARN scene: QML Connections at @Modules/Dock/Dock.qml[45:7]: Detected function "onPinnedAppsChanged" in Connections element. This is probably intended to be a signal handler but no signal of the target matches the name.
Oct 03 16:40:20 baseweed-admin dbus-run-session[1026]:   WARN scene: QML Connections at @Modules/Dock/Dock.qml[45:7]: Detected function "onOnlySameOutputChanged" in Connections element. This is probably intended to be a signal handler but no signal of the target matches the name.
Oct 03 16:40:20 baseweed-admin dbus-run-session[1026]:   INFO qml: [20261003-164020]          Shell ---------------------------
Oct 03 16:40:20 baseweed-admin dbus-run-session[1026]:   INFO qml: [20261003-164020]      Wallpaper Service started
Oct 03 16:40:20 baseweed-admin dbus-run-session[1026]:   INFO qml: [20261003-164020]     ImageCache Service started
Oct 03 16:40:20 baseweed-admin dbus-run-session[1026]:   WARN scene: QML Connections at @Services/Theming/AppThemeService.qml[30:3]: Detected function "onDarkModeChanged" in Connections element. This is probably intended to be a signal handler but no signal of the target matches the name.
Oct 03 16:40:20 baseweed-admin dbus-run-session[1026]:   WARN scene: QML Connections at @Services/Theming/AppThemeService.qml[30:3]: Detected function "onMonitorForColorsChanged" in Connections element. This is probably intended to be a signal handler but no signal of the target matches the name.
Oct 03 16:40:20 baseweed-admin dbus-run-session[1026]:   WARN scene: QML Connections at @Services/Theming/AppThemeService.qml[30:3]: Detected function "onGenerationMethodChanged" in Connections element. This is probably intended to be a signal handler but no signal of the target matches the name.
Oct 03 16:40:20 baseweed-admin dbus-run-session[1026]:   INFO qml: [20261003-164020] AppThemeServic Service started
Oct 03 16:40:20 baseweed-admin dbus-run-session[1026]:   WARN scene: QML Connections at @Services/Theming/ColorSchemeService.qml[20:3]: Detected function "onDarkModeChanged" in Connections element. This is probably intended to be a signal handler but no signal of the target matches the name.
Oct 03 16:40:20 baseweed-admin dbus-run-session[1026]:   INFO qml: [20261003-164020]    ColorScheme Service started
Oct 03 16:40:20 baseweed-admin dbus-run-session[1026]:   INFO qml: [20261003-164020] AppPresentatio Service started
Oct 03 16:40:20 baseweed-admin dbus-run-session[1026]:   WARN scene: QML Connections at @Services/Location/DarkModeService.qml[43:3]: Detected function "onSchedulingModeChanged" in Connections element. This is probably intended to be a signal handler but no signal of the target matches the name.
Oct 03 16:40:20 baseweed-admin dbus-run-session[1026]:   WARN scene: QML Connections at @Services/Location/DarkModeService.qml[28:3]: Detected function "onManualSunriseChanged" in Connections element. This is probably intended to be a signal handler but no signal of the target matches the name.
Oct 03 16:40:20 baseweed-admin dbus-run-session[1026]:   WARN scene: QML Connections at @Services/Location/DarkModeService.qml[28:3]: Detected function "onManualSunsetChanged" in Connections element. This is probably intended to be a signal handler but no signal of the target matches the name.
Oct 03 16:40:20 baseweed-admin dbus-run-session[1026]:   INFO qml: [20261003-164020] DarkModeServic Service started
Oct 03 16:40:20 baseweed-admin dbus-run-session[1026]:   WARN scene: @Services/Location/DarkModeService.qml[29:5]: Unable to assign QJSValue to QObject*
Oct 03 16:40:20 baseweed-admin dbus-run-session[1026]:   WARN scene: @Services/Location/DarkModeService.qml[44:5]: Unable to assign QJSValue to QObject*
Oct 03 16:40:20 baseweed-admin dbus-run-session[1026]:   WARN scene: @Services/Theming/ColorSchemeService.qml[21:5]: Unable to assign QJSValue to QObject*
Oct 03 16:40:20 baseweed-admin dbus-run-session[1026]:   WARN scene: @Services/Theming/AppThemeService.qml[31:5]: Unable to assign QJSValue to QObject*
Oct 03 16:40:20 baseweed-admin dbus-run-session[1026]:   WARN scene: @Modules/Dock/Dock.qml[46:9]: Unable to assign QJSValue to QObject*
Oct 03 16:40:20 baseweed-admin dbus-run-session[1026]:   WARN scene: @Modules/Dock/Dock.qml[46:9]: Unable to assign QJSValue to QObject*
Oct 03 16:40:20 baseweed-admin dbus-run-session[1026]:   WARN scene: @Modules/Dock/Dock.qml[46:9]: Unable to assign QJSValue to QObject*
Oct 03 16:40:20 baseweed-admin dbus-run-session[1026]:   WARN scene: @Modules/Background/Background.qml[81:9]: Unable to assign QJSValue to QObject*
Oct 03 16:40:20 baseweed-admin dbus-run-session[1026]:   WARN scene: @Modules/Background/Background.qml[81:9]: Unable to assign QJSValue to QObject*
Oct 03 16:40:20 baseweed-admin dbus-run-session[1026]:   WARN scene: @Modules/Background/Background.qml[81:9]: Unable to assign QJSValue to QObject*
Oct 03 16:40:20 baseweed-admin dbus-run-session[1026]:   WARN scene: @Services/UI/WallpaperService.qml[62:5]: Unable to assign QJSValue to QObject*
Oct 03 16:40:20 baseweed-admin dbus-run-session[1026]:   WARN scene: @Modules/Panels/SessionMenu/SessionMenu.qml[152:5]: Unable to assign QJSValue to QObject*
Oct 03 16:40:20 baseweed-admin dbus-run-session[1026]:   WARN scene: @Modules/Panels/Dock/StaticDockPanel.qml[351:5]: Unable to assign QJSValue to QObject*
Oct 03 16:40:20 baseweed-admin dbus-run-session[1026]:   WARN scene: @Modules/Panels/SessionMenu/SessionMenu.qml[152:5]: Unable to assign QJSValue to QObject*
Oct 03 16:40:20 baseweed-admin dbus-run-session[1026]:   WARN scene: @Modules/Panels/Dock/StaticDockPanel.qml[351:5]: Unable to assign QJSValue to QObject*
Oct 03 16:40:20 baseweed-admin dbus-run-session[1026]:   WARN scene: @Services/System/SystemStatService.qml[321:5]: Unable to assign QJSValue to QObject*
Oct 03 16:40:20 baseweed-admin dbus-run-session[1026]:   WARN scene: @Modules/Panels/SessionMenu/SessionMenu.qml[152:5]: Unable to assign QJSValue to QObject*
Oct 03 16:40:20 baseweed-admin dbus-run-session[1026]:   WARN scene: @Services/Networking/NetworkService.qml[74:5]: Unable to assign QJSValue to QObject*
Oct 03 16:40:20 baseweed-admin dbus-run-session[1026]:   WARN scene: @Modules/Panels/Dock/StaticDockPanel.qml[351:5]: Unable to assign QJSValue to QObject*
Oct 03 16:40:20 baseweed-admin dbus-run-session[1026]:   WARN scene: @Services/UI/BarService.qml[148:5]: Unable to assign QJSValue to QObject*
Oct 03 16:40:20 baseweed-admin dbus-run-session[1026]:   WARN scene: @Services/Hardware/BrightnessService.qml[67:5]: Unable to assign QJSValue to QObject*
Oct 03 16:40:20 baseweed-admin dbus-run-session[1026]:   INFO qml: [20261003-164020]      Wallpaper Starting scan for Virtual-1 in /home/admin/Pictures/Wallpapers recursive: false
Oct 03 16:40:20 baseweed-admin dbus-run-session[1026]:   INFO qml: [20261003-164020]      Wallpaper Starting scan for pipewire-0 in /home/admin/Pictures/Wallpapers recursive: false
Oct 03 16:40:20 baseweed-admin dbus-run-session[1026]:   INFO qml: [20261003-164020]      Wallpaper Starting scan for pipewire-1 in /home/admin/Pictures/Wallpapers recursive: false
Oct 03 16:40:20 baseweed-admin dbus-run-session[1026]:   INFO qml: [20261003-164020]       Location Service started
Oct 03 16:40:20 baseweed-admin dbus-run-session[1026]:   WARN scene: QML Connections at @Services/Location/NightLightService.qml[96:3]: Detected function "onEnabledChanged" in Connections element. This is probably intended to be a signal handler but no signal of the target matches the name.
Oct 03 16:40:20 baseweed-admin dbus-run-session[1026]:   WARN scene: QML Connections at @Services/Location/NightLightService.qml[96:3]: Detected function "onForcedChanged" in Connections element. This is probably intended to be a signal handler but no signal of the target matches the name.
Oct 03 16:40:20 baseweed-admin dbus-run-session[1026]:   WARN scene: QML Connections at @Services/Location/NightLightService.qml[96:3]: Detected function "onNightTempChanged" in Connections element. This is probably intended to be a signal handler but no signal of the target matches the name.
Oct 03 16:40:20 baseweed-admin dbus-run-session[1026]:   WARN scene: QML Connections at @Services/Location/NightLightService.qml[96:3]: Detected function "onDayTempChanged" in Connections element. This is probably intended to be a signal handler but no signal of the target matches the name.
Oct 03 16:40:20 baseweed-admin dbus-run-session[1026]:   WARN scene: QML Connections at @Services/Control/HooksService.qml[16:3]: Detected function "onDarkModeChanged" in Connections element. This is probably intended to be a signal handler but no signal of the target matches the name.
Oct 03 16:40:20 baseweed-admin dbus-run-session[1026]:   INFO qml: [20261003-164020]   HooksService Service started
Oct 03 16:40:20 baseweed-admin dbus-run-session[1026]:   WARN quickshell.dbus.objectmanager: Failed to create DBusObjectManagerInterface for "org.bluez" "/" : QDBusError("org.freedesktop.DBus.Error.ServiceUnknown", "The name is not activatable")
Oct 03 16:40:20 baseweed-admin dbus-run-session[1026]:   INFO qml: [20261003-164020]      Bluetooth Service started
Oct 03 16:40:20 baseweed-admin dbus-run-session[1026]:   INFO qml: [20261003-164020]  IdleInhibitor Service started
Oct 03 16:40:20 baseweed-admin dbus-run-session[1026]:   INFO qml: [20261003-164020] CapabilityServ qdwin live-apply capabilities: pointer=false xkb=false wm=false output=false workspace=false idleDpms=false keybind=false
Oct 03 16:40:20 baseweed-admin dbus-run-session[1026]:   INFO qml: [20261003-164020]   PowerService Service started
Oct 03 16:40:20 baseweed-admin dbus-run-session[1026]:   INFO qml: [20261003-164020] AccessibilityS Service started
Oct 03 16:40:20 baseweed-admin dbus-run-session[1026]:   INFO qml: [20261003-164020]  KeyboardInput Service started
Oct 03 16:40:20 baseweed-admin dbus-run-session[1026]:   INFO qml: [20261003-164020] PointerInputSe Service started (qdwin live-apply: persist-only until shell binds >= v28)
Oct 03 16:40:20 baseweed-admin dbus-run-session[1026]:   INFO qml: [20261003-164020] WindowManagerS Service started (qdwin v25 live-apply: false, shortcuts: false)
Oct 03 16:40:20 baseweed-admin dbus-run-session[1026]:   INFO qml: [20261003-164020] SessionService started; saved=0 canApplyPlacement=false
Oct 03 16:40:20 baseweed-admin dbus-run-session[1026]:   INFO qml: [20261003-164020]    HostService Service started
Oct 03 16:40:20 baseweed-admin dbus-run-session[1026]:   INFO qml: [20261003-164020] CustomButtonIP Service started
Oct 03 16:40:20 baseweed-admin dbus-run-session[1026]:   INFO qml: [20261003-164020]     IPCService Service started
Oct 03 16:40:20 baseweed-admin dbus-run-session[1026]:   INFO qml: [20261003-164020]        PodApps service started
Oct 03 16:40:20 baseweed-admin dbus-run-session[1026]:   INFO qml: [20261003-164020]         VMApps service started
Oct 03 16:40:20 baseweed-admin dbus-run-session[1026]:   INFO qml: [20261003-164020]      Tier3Apps service started
Oct 03 16:40:20 baseweed-admin dbus-run-session[1026]:   INFO qml: [20261003-164020]     Tier3sApps service started
Oct 03 16:40:20 baseweed-admin dbus-run-session[1026]:   INFO qml: [20261003-164020]      Tier4Apps service started
Oct 03 16:40:20 baseweed-admin dbus-run-session[1026]:   INFO qml: [20261003-164020] RemoteMachineW service started
Oct 03 16:40:20 baseweed-admin dbus-run-session[1026]:   INFO qml: [20261003-164020]  Tier3FocusIPC service started
Oct 03 16:40:20 baseweed-admin dbus-run-session[1026]:   WARN quickshell.dbus: Could not launch service org.freedesktop.UPower.PowerProfiles: QDBusError(org.freedesktop.DBus.Error.ServiceUnknown, The name is not activatable)
Oct 03 16:40:20 baseweed-admin dbus-run-session[1026]:   WARN quickshell.service.powerprofiles: Could not start PowerProfilesDaemon. The PowerProfiles service will not work.
Oct 03 16:40:20 baseweed-admin dbus-run-session[1026]:   INFO qml: [20261003-164020]          Qdwin qdwin_shell_v1 bound v34
Oct 03 16:40:20 baseweed-admin dbus-run-session[1026]:   INFO qml: [20261003-164020]  ClipboardGate wired to qdwin_shell_v1; broker default=deny
Oct 03 16:40:20 baseweed-admin dbus-run-session[1026]:   INFO qml: [20261003-164020] WindowManagerS applied WM policy focus=click placement=smart snap=true/16
Oct 03 16:40:20 baseweed-admin dbus-run-session[1026]:   INFO qml: [20261003-164020] CapabilityServ wmPolicy -> true
Oct 03 16:40:20 baseweed-admin dbus-run-session[1026]:   INFO qml: [20261003-164020] WindowManagerS registered WM shortcuts (5 active)
Oct 03 16:40:20 baseweed-admin dbus-run-session[1026]:   INFO qml: [20261003-164020] CapabilityServ keybindRegistration -> true
Oct 03 16:40:20 baseweed-admin dbus-run-session[1026]:   INFO qml: [20261003-164020] PointerInputSe applied pointer config accelSpeed=0 profile=0 natural=0 tap=1 scroll=1
Oct 03 16:40:20 baseweed-admin dbus-run-session[1026]:   INFO qml: [20261003-164020] CapabilityServ pointerConfig -> true
Oct 03 16:40:20 baseweed-admin dbus-run-session[1026]:   INFO qml: [20261003-164020]  KeyboardInput applied qdwin key-repeat rate=25 delay=500
Oct 03 16:40:20 baseweed-admin dbus-run-session[1026]:   INFO qml: [20261003-164020] CapabilityServ xkbRepeat -> true
Oct 03 16:40:20 baseweed-admin dbus-run-session[1026]:   INFO qml: [20261003-164020]   PowerService idle policy armed: inactivity=0ms (nothing), displayOff=0ms, presentation=false
Oct 03 16:40:20 baseweed-admin dbus-run-session[1026]:   INFO qml: [20261003-164020] CapabilityServ idleDpms -> true
Oct 03 16:40:20 baseweed-admin dbus-run-session[1026]:   INFO qml: [20261003-164020] CapabilityServ outputManagement -> true
Oct 03 16:40:20 baseweed-admin dbus-run-session[1026]:   WARN qml: [20261003-164020]       Location Weather is still fetching
Oct 03 16:40:20 baseweed-admin dbus-run-session[1026]:   WARN quickshell.dbus: Could not launch service org.freedesktop.UPower: QDBusError(org.freedesktop.DBus.Error.ServiceUnknown, The name is not activatable)
Oct 03 16:40:20 baseweed-admin dbus-run-session[1026]:   WARN quickshell.service.upower: Could not start UPower. The UPower service will not work.
Oct 03 16:40:20 baseweed-admin dbus-run-session[1026]:   INFO qml: [20261003-164020]    HostService Detected openSUSE Tumbleweed
Oct 03 16:40:20 baseweed-admin dbus-run-session[1026]:   INFO qml: [20261003-164020]    HostService Looking for logo icon: distributor-logo-Tumbleweed
Oct 03 16:40:20 baseweed-admin dbus-run-session[1026]:   INFO qml: [20261003-164020]    HostService resolved hostname baseweed-admin
Oct 03 16:40:20 baseweed-admin dbus-run-session[1026]:   WARN: Process failed to start, likely because the binary could not be found. Command: QList("bluetoothctl", "show")
Oct 03 16:40:20 baseweed-admin dbus-run-session[1026]:   WARN: Process failed to start, likely because the binary could not be found. Command: QList("udisksctl", "monitor")
Oct 03 16:40:20 baseweed-admin dbus-run-session[1026]:  ERROR qml: [20261003-164020]       Location Geocoding error: 0
Oct 03 16:40:20 baseweed-admin dbus-run-session[1026]:   INFO qml: [20261003-164020] PluginRegistry All plugin manifests loaded. Total plugins: 0
Oct 03 16:40:20 baseweed-admin dbus-run-session[1026]:   INFO qml: [20261003-164020]  PluginService Initializing plugin system
Oct 03 16:40:20 baseweed-admin dbus-run-session[1026]:   INFO qml: [20261003-164020]  PluginService Found 0 enabled plugins: []
Oct 03 16:40:20 baseweed-admin dbus-run-session[1026]:   INFO qml: [20261003-164020]  PluginService No plugins to load
Oct 03 16:40:20 baseweed-admin dbus-run-session[1026]:   INFO qml: [20261003-164020]  PluginService Refreshing available plugins
Oct 03 16:40:20 baseweed-admin dbus-run-session[1026]:   WARN qml: [20261003-164020]     ImageCache ImageMagick not found, using Qt fallback
Oct 03 16:40:20 baseweed-admin dbus-run-session[1026]:   WARN qml: [20261003-164020]      Wallpaper Scan failed for Virtual-1 exit code: 1 (directory might not exist)
Oct 03 16:40:20 baseweed-admin dbus-run-session[1026]:   WARN qml: [20261003-164020]      Wallpaper Scan failed for pipewire-0 exit code: 1 (directory might not exist)
Oct 03 16:40:20 baseweed-admin dbus-run-session[1026]:   WARN qml: [20261003-164020]      Wallpaper Scan failed for pipewire-1 exit code: 1 (directory might not exist)
Oct 03 16:40:20 baseweed-admin dbus-run-session[1026]:   WARN qml: [20261003-164020]   PowerService Button monitor unavailable (exit 1); releasing key inhibitors, logind will handle power/sleep keys
Oct 03 16:40:20 baseweed-admin dbus-run-session[1026]:   INFO qml: [20261003-164020]  KeyboardInput applied qdwin key-repeat rate=25 delay=500
Oct 03 16:40:20 baseweed-admin dbus-run-session[1026]:   INFO qml: [20261003-164020] PointerInputSe enumerated 3 pointer device(s) via proc
Oct 03 16:40:20 baseweed-admin dbus-run-session[1026]:   INFO qml: [20261003-164020]        PodApps cache refresh loaded 0 apps
Oct 03 16:40:27 baseweed-admin dbus-run-session[1026]:   WARN scene: QML Connections at qs:/usr/share/quickshell/qdshell/Modules/Bar/Widgets/Taskbar.qml[981:3]: Detected function "onPinnedAppsChanged" in Connections element. This is probably intended to be a signal handler but no signal of the target matches the name.
Oct 03 16:40:27 baseweed-admin dbus-run-session[1026]:   WARN scene: QML Connections at qs:/usr/share/quickshell/qdshell/Modules/Bar/Widgets/Taskbar.qml[981:3]: Detected function "onPinnedAppsChanged" in Connections element. This is probably intended to be a signal handler but no signal of the target matches the name.
Oct 03 16:40:27 baseweed-admin dbus-run-session[1026]:   WARN scene: QML Connections at qs:/usr/share/quickshell/qdshell/Modules/Bar/Widgets/Taskbar.qml[981:3]: Detected function "onPinnedAppsChanged" in Connections element. This is probably intended to be a signal handler but no signal of the target matches the name.
Oct 03 16:40:27 baseweed-admin dbus-run-session[1026]:   WARN: Could not load icon "user-desktop?fallback=application-x-executable" at size QSize(19, 19) from request
Oct 03 16:40:27 baseweed-admin dbus-run-session[1026]:   WARN scene: qs:/usr/share/quickshell/qdshell/Modules/Bar/Widgets/Taskbar.qml[982:5]: Unable to assign QJSValue to QObject*
Oct 03 16:40:27 baseweed-admin dbus-run-session[1026]:   WARN scene: qs:/usr/share/quickshell/qdshell/Modules/Bar/Widgets/Taskbar.qml[982:5]: Unable to assign QJSValue to QObject*
Oct 03 16:40:27 baseweed-admin dbus-run-session[1026]:   WARN scene: qs:/usr/share/quickshell/qdshell/Modules/Bar/Widgets/Taskbar.qml[982:5]: Unable to assign QJSValue to QObject*
Oct 03 16:40:27 baseweed-admin dbus-run-session[1026]:   WARN scene: @Services/Control/HooksService.qml[17:5]: Unable to assign QJSValue to QObject*
Oct 03 16:40:27 baseweed-admin dbus-run-session[1026]:   WARN scene: @Services/Location/NightLightService.qml[97:5]: Unable to assign QJSValue to QObject*
Oct 03 16:40:27 baseweed-admin dbus-run-session[1026]:   INFO qml: [20261003-164027]    ColorScheme Applying color scheme: Qdshell (default)
Oct 03 16:40:28 baseweed-admin dbus-run-session[1026]:   INFO qml: [20261003-164028]           Time Time jump detected (9s) - likely system resume
Oct 03 16:40:28 baseweed-admin dbus-run-session[1026]:   INFO qml: [20261003-164028]        Network System resumed - forcing state poll
Oct 03 16:40:28 baseweed-admin dbus-run-session[1026]:   INFO qml: [20261003-164028]     SystemStat System resumed - resetting differential state
Oct 03 16:40:28 baseweed-admin dbus-run-session[1026]:   INFO qml: [20261003-164028] DarkModeServic System resumed - re-evaluating dark mode
Oct 03 16:40:28 baseweed-admin dbus-run-session[1026]:   INFO qml: [20261003-164028]     NightLight System resumed - re-applying night light
Oct 03 16:40:28 baseweed-admin dbus-run-session[1026]:   INFO qml: [20261003-164028]      Bluetooth System resumed - forcing state poll
Oct 03 16:40:28 baseweed-admin dbus-run-session[1026]:   INFO qml: [20261003-164028]           Font Service started
Oct 03 16:40:28 baseweed-admin dbus-run-session[1026]:  ERROR qml: [20261003-164028]  PluginService Empty response from Qdshell Plugins
Oct 03 16:40:28 baseweed-admin dbus-run-session[1026]:  ERROR qml: [20261003-164028]  PluginService Failed to fetch registry from Qdshell Plugins - exit code: 1
Oct 03 16:40:28 baseweed-admin dbus-run-session[1026]:   INFO qml: [20261003-164028]        PodApps cache refresh loaded 0 apps
Oct 03 16:40:28 baseweed-admin dbus-run-session[1026]:   WARN qml: [20261003-164028]        Network Connectivity check error: Error: Not authorized to recheck connectivity.
Oct 03 16:40:30 baseweed-admin dbus-run-session[1026]:   INFO qml: [20261003-164030]           Font Loaded 11 fonts, 3 monospace
Oct 03 16:40:31 baseweed-admin dbus-run-session[1026]:   WARN: Process failed to start, likely because the binary could not be found. Command: QList("bluetoothctl", "show")
Oct 03 16:40:32 baseweed-admin dbus-run-session[1026]:   WARN qml: [20261003-164032]     SystemStat No supported temperature sensor found
Oct 03 16:40:32 baseweed-admin dbus-run-session[1026]:   INFO qml: [20261003-164032] DarkModeServic Resume retry - re-evaluating dark mode again
Oct 03 16:40:32 baseweed-admin dbus-run-session[1026]:   INFO qml: [20261003-164032]     NightLight Resume retry - re-applying night light again
Oct 03 16:40:33 baseweed-admin dbus-run-session[1026]:   WARN: Process failed to start, likely because the binary could not be found. Command: QList("bluetoothctl", "show")
Oct 03 16:40:33 baseweed-admin dbus-run-session[1026]:   WARN: Process failed to start, likely because the binary could not be found. Command: QList("bluetoothctl", "show")
Oct 03 16:40:35 baseweed-admin dbus-run-session[1026]:   WARN: Process failed to start, likely because the binary could not be found. Command: QList("bluetoothctl", "show")
Oct 03 16:40:37 baseweed-admin dbus-run-session[1026]:   WARN: Process failed to start, likely because the binary could not be found. Command: QList("bluetoothctl", "show")
Oct 03 16:40:39 baseweed-admin dbus-run-session[1026]:   WARN: Process failed to start, likely because the binary could not be found. Command: QList("bluetoothctl", "show")
Oct 03 16:40:40 baseweed-admin dbus-run-session[1026]:   WARN qml: [20261003-164040]       Location Weather is still fetching
Oct 03 16:40:40 baseweed-admin dbus-run-session[1026]:  ERROR qml: [20261003-164040]       Location Geocoding error: 0
Oct 03 16:40:41 baseweed-admin dbus-run-session[1026]:   WARN: Process failed to start, likely because the binary could not be found. Command: QList("bluetoothctl", "show")
Oct 03 16:40:43 baseweed-admin dbus-run-session[1026]:   WARN: Process failed to start, likely because the binary could not be found. Command: QList("bluetoothctl", "show")
Oct 03 16:40:45 baseweed-admin dbus-run-session[1026]:   WARN qml: [20261003-164045]        Network Connectivity check error: Error: Not authorized to recheck connectivity.
Oct 03 16:40:45 baseweed-admin dbus-run-session[1026]:   WARN: Process failed to start, likely because the binary could not be found. Command: QList("bluetoothctl", "show")
Oct 03 16:40:47 baseweed-admin dbus-run-session[1026]:   WARN: Process failed to start, likely because the binary could not be found. Command: QList("bluetoothctl", "show")
Oct 03 16:40:49 baseweed-admin dbus-run-session[1026]:   WARN: Process failed to start, likely because the binary could not be found. Command: QList("bluetoothctl", "show")
Oct 03 16:40:50 baseweed-admin dbus-run-session[1026]:   INFO qml: [20261003-164050]        PodApps cache refresh loaded 0 apps
Oct 03 16:40:51 baseweed-admin dbus-run-session[1026]:   WARN: Process failed to start, likely because the binary could not be found. Command: QList("bluetoothctl", "show")
Oct 03 16:40:53 baseweed-admin dbus-run-session[1026]:   WARN: Process failed to start, likely because the binary could not be found. Command: QList("bluetoothctl", "show")
Oct 03 16:40:55 baseweed-admin dbus-run-session[1026]:   WARN: Process failed to start, likely because the binary could not be found. Command: QList("bluetoothctl", "show")
Oct 03 16:40:57 baseweed-admin dbus-run-session[1026]:   WARN: Process failed to start, likely because the binary could not be found. Command: QList("bluetoothctl", "show")
Oct 03 16:40:57 baseweed-admin dbus-run-session[1026]:   WARN qml: [20261003-164057]        Network Connectivity check error: Error: Not authorized to recheck connectivity.
Oct 03 16:40:59 baseweed-admin dbus-run-session[1026]:   WARN: Process failed to start, likely because the binary could not be found. Command: QList("bluetoothctl", "show")
Oct 03 16:41:00 baseweed-admin dbus-run-session[1026]:   WARN qml: [20261003-164100]       Location Weather is still fetching
Oct 03 16:41:00 baseweed-admin dbus-run-session[1026]:  ERROR qml: [20261003-164100]       Location Geocoding error: 0
Oct 03 16:41:01 baseweed-admin dbus-run-session[1026]:   WARN: Process failed to start, likely because the binary could not be found. Command: QList("bluetoothctl", "show")
Oct 03 16:41:03 baseweed-admin dbus-run-session[1026]:   WARN: Process failed to start, likely because the binary could not be found. Command: QList("bluetoothctl", "show")
Oct 03 16:41:05 baseweed-admin dbus-run-session[1026]:   WARN: Process failed to start, likely because the binary could not be found. Command: QList("bluetoothctl", "show")
Oct 03 16:41:07 baseweed-admin dbus-run-session[1026]:   WARN: Process failed to start, likely because the binary could not be found. Command: QList("bluetoothctl", "show")
Oct 03 16:41:09 baseweed-admin dbus-run-session[1026]:   WARN: Process failed to start, likely because the binary could not be found. Command: QList("bluetoothctl", "show")
Oct 03 16:41:11 baseweed-admin dbus-run-session[1026]:   WARN: Process failed to start, likely because the binary could not be found. Command: QList("bluetoothctl", "show")
Oct 03 16:41:12 baseweed-admin dbus-run-session[1026]:   WARN qml: [20261003-164112]        Network Connectivity check error: Error: Not authorized to recheck connectivity.
Oct 03 16:41:13 baseweed-admin dbus-run-session[1026]:   WARN: Process failed to start, likely because the binary could not be found. Command: QList("bluetoothctl", "show")
Oct 03 16:41:15 baseweed-admin dbus-run-session[1026]:   WARN: Process failed to start, likely because the binary could not be found. Command: QList("bluetoothctl", "show")
Oct 03 16:41:18 baseweed-admin dbus-run-session[1026]:   WARN: Process failed to start, likely because the binary could not be found. Command: QList("bluetoothctl", "show")
Oct 03 16:41:19 baseweed-admin dbus-run-session[1026]:   WARN: Process failed to start, likely because the binary could not be found. Command: QList("bluetoothctl", "show")
Oct 03 16:41:20 baseweed-admin dbus-run-session[1026]:   WARN qml: [20261003-164120]       Location Weather is still fetching
Oct 03 16:41:20 baseweed-admin dbus-run-session[1026]:  ERROR qml: [20261003-164120]       Location Geocoding error: 0
Oct 03 16:41:25 baseweed-admin dbus-run-session[1026]:   WARN: Process failed to start, likely because the binary could not be found. Command: QList("bluetoothctl", "show")
Oct 03 16:41:25 baseweed-admin dbus-run-session[1026]:   WARN: Process failed to start, likely because the binary could not be found. Command: QList("bluetoothctl", "show")
Oct 03 16:41:25 baseweed-admin dbus-run-session[1026]:   INFO qml: [20261003-164125]        PodApps cache refresh loaded 0 apps
Oct 03 16:41:25 baseweed-admin dbus-run-session[1026]:   WARN: Process failed to start, likely because the binary could not be found. Command: QList("bluetoothctl", "show")
Oct 03 16:41:27 baseweed-admin dbus-run-session[1026]:   WARN: Process failed to start, likely because the binary could not be found. Command: QList("bluetoothctl", "show")
Oct 03 16:41:27 baseweed-admin dbus-run-session[1026]:   WARN qml: [20261003-164127]        Network Connectivity check error: Error: Not authorized to recheck connectivity.
Oct 03 16:41:29 baseweed-admin dbus-run-session[1026]:   WARN: Process failed to start, likely because the binary could not be found. Command: QList("bluetoothctl", "show")
Oct 03 16:41:31 baseweed-admin dbus-run-session[1026]:   WARN: Process failed to start, likely because the binary could not be found. Command: QList("bluetoothctl", "show")
Oct 03 16:41:33 baseweed-admin dbus-run-session[1026]:   WARN: Process failed to start, likely because the binary could not be found. Command: QList("bluetoothctl", "show")
Oct 03 16:41:35 baseweed-admin dbus-run-session[1026]:   WARN: Process failed to start, likely because the binary could not be found. Command: QList("bluetoothctl", "show")
Oct 03 16:41:37 baseweed-admin dbus-run-session[1026]:   WARN: Process failed to start, likely because the binary could not be found. Command: QList("bluetoothctl", "show")
Oct 03 16:41:38 baseweed-admin dbus-run-session[1026]:   INFO qml: [20261003-164138]          Qdwin toplevel_security_context handle=1 engine=qdistro.tier3s app_id=qdistro.tier3s.s127a instance=4630c4db645ed4e87610b5ba786de85a
Oct 03 16:41:38 baseweed-admin dbus-run-session[1026]:   INFO qml: [20261003-164138]     Tier3sApps [tier3s] toplevel observed silo=s127a secctx=qdistro.tier3s.s127a color=#ffe54c handle=1
Oct 03 16:41:38 baseweed-admin dbus-run-session[1026]:   INFO qml: [20261003-164138]     Tier3sApps [tier3s] silo=s127a color=#ffe54c
Oct 03 16:41:38 baseweed-admin dbus-run-session[1026]:   WARN: Could not load icon "org.freedesktop.weston.wayland-terminal?fallback=application-x-executable" at size QSize(19, 19) from request
Oct 03 16:41:40 baseweed-admin dbus-run-session[1026]:   WARN: Process failed to start, likely because the binary could not be found. Command: QList("bluetoothctl", "show")
Oct 03 16:41:40 baseweed-admin dbus-run-session[1026]:   WARN qml: [20261003-164140]       Location Weather is still fetching
Oct 03 16:41:40 baseweed-admin dbus-run-session[1026]:  ERROR qml: [20261003-164140]       Location Geocoding error: 0
Oct 03 16:41:41 baseweed-admin dbus-run-session[1026]:   INFO qml: [20261003-164141]        PodApps auto-scan: qdistro-tier3s-s127a transitioned to running
Oct 03 16:41:41 baseweed-admin dbus-run-session[1026]:   WARN: Process failed to start, likely because the binary could not be found. Command: QList("bluetoothctl", "show")
Oct 03 16:41:42 baseweed-admin dbus-run-session[1026]:   WARN qml: [20261003-164142]        Network Connectivity check error: Error: Not authorized to recheck connectivity.
Oct 03 16:41:43 baseweed-admin dbus-run-session[1026]:   WARN: Process failed to start, likely because the binary could not be found. Command: QList("bluetoothctl", "show")
Oct 03 16:41:43 baseweed-admin podman[5494]: 2026-10-03 16:41:43.877093019 +0000 UTC m=+0.218429621 container exec 3d7cf04fed8413c18929c409c6ce6a954018133c2b809822854d39f5150d68f8 (image=localhost/qdistro/tier3s-weston-terminal:latest, name=qdistro-tier3s-s127a, org.opensuse.base.title=openSUSE Tumbleweed Base Container, org.opensuse.lifecycle-url=https://en.opensuse.org/Lifetime, org.opencontainers.image.title=openSUSE Tumbleweed Base Container, org.opensuse.base.source=https://build.opensuse.org/package/show/openSUSE:Factory/opensuse-tumbleweed-image?rev=561f9d4c8e4e1a441f95ad4ec6b5a914, org.qdistro.tier3s.workload=weston-terminal, org.opencontainers.image.url=https://www.opensuse.org, org.opencontainers.image.version=20260930.37.208, org.opensuse.reference=registry.opensuse.org/opensuse/tumbleweed:20260930.37.208, qdistro_tier3s_unit=qdistro-tier3s-silo@s127a.service, org.opencontainers.image.created=2026-09-30T20:05:54.126624488Z, org.opencontainers.image.vendor=openSUSE Project, org.opensuse.base.disturl=obs://build.opensuse.org/openSUSE:Factory/images/561f9d4c8e4e1a441f95ad4ec6b5a914-opensuse-tumbleweed-image:docker, org.opensuse.base.reference=registry.opensuse.org/opensuse/tumbleweed:20260930.37.208, io.buildah.version=1.44.1, org.openbuildservice.disturl=obs://build.opensuse.org/openSUSE:Factory/images/561f9d4c8e4e1a441f95ad4ec6b5a914-opensuse-tumbleweed-image:docker, org.opensuse.base.description=Image containing a minimal environment for containers based on openSUSE Tumbleweed., org.opencontainers.image.description=Image containing a minimal environment for containers based on openSUSE Tumbleweed., org.opensuse.base.url=https://www.opensuse.org, org.opensuse.base.version=20260930.37.208, org.opensuse.base.lifecycle-url=https://en.opensuse.org/Lifetime, org.opencontainers.image.source=https://build.opensuse.org/package/show/openSUSE:Factory/opensuse-tumbleweed-image?rev=561f9d4c8e4e1a441f95ad4ec6b5a914, org.opensuse.base.vendor=openSUSE Project, org.qdistro.snapshot=20260930, qdistro_tier3s_token=4630c4db645ed4e87610b5ba786de85a, org.opensuse.base.created=2026-09-30T20:05:54.126624488Z)
Oct 03 16:41:43 baseweed-admin conmon[5549]: conmon 3d7cf04fed8413c18929 <nwarn>: Failed to open cgroups file: /sys/fs/cgroup/user.slice/user-1000.slice/user@1000.service/app.slice/qdshell.service/memory.events
Oct 03 16:41:44 baseweed-admin podman[5564]: 2026-10-03 16:41:44.010119124 +0000 UTC m=+0.105933407 container exec_died 3d7cf04fed8413c18929c409c6ce6a954018133c2b809822854d39f5150d68f8 (image=localhost/qdistro/tier3s-weston-terminal:latest, name=qdistro-tier3s-s127a, org.opensuse.base.url=https://www.opensuse.org, org.opencontainers.image.version=20260930.37.208, org.opensuse.base.lifecycle-url=https://en.opensuse.org/Lifetime, io.buildah.version=1.44.1, org.opensuse.base.source=https://build.opensuse.org/package/show/openSUSE:Factory/opensuse-tumbleweed-image?rev=561f9d4c8e4e1a441f95ad4ec6b5a914, org.opensuse.base.reference=registry.opensuse.org/opensuse/tumbleweed:20260930.37.208, org.opensuse.base.title=openSUSE Tumbleweed Base Container, org.opensuse.base.vendor=openSUSE Project, org.qdistro.tier3s.workload=weston-terminal, org.opensuse.base.description=Image containing a minimal environment for containers based on openSUSE Tumbleweed., qdistro_tier3s_token=4630c4db645ed4e87610b5ba786de85a, org.opencontainers.image.url=https://www.opensuse.org, org.opencontainers.image.description=Image containing a minimal environment for containers based on openSUSE Tumbleweed., org.qdistro.snapshot=20260930, org.opencontainers.image.title=openSUSE Tumbleweed Base Container, org.opencontainers.image.created=2026-09-30T20:05:54.126624488Z, org.opencontainers.image.vendor=openSUSE Project, execID=3ac2e0555a29956ca514987dd360535951299ad579e098008bbbaf6fef8f2e8e, org.opensuse.lifecycle-url=https://en.opensuse.org/Lifetime, org.opensuse.base.version=20260930.37.208, org.opensuse.reference=registry.opensuse.org/opensuse/tumbleweed:20260930.37.208, org.opencontainers.image.source=https://build.opensuse.org/package/show/openSUSE:Factory/opensuse-tumbleweed-image?rev=561f9d4c8e4e1a441f95ad4ec6b5a914, org.opensuse.base.disturl=obs://build.opensuse.org/openSUSE:Factory/images/561f9d4c8e4e1a441f95ad4ec6b5a914-opensuse-tumbleweed-image:docker, org.openbuildservice.disturl=obs://build.opensuse.org/openSUSE:Factory/images/561f9d4c8e4e1a441f95ad4ec6b5a914-opensuse-tumbleweed-image:docker, org.opensuse.base.created=2026-09-30T20:05:54.126624488Z, qdistro_tier3s_unit=qdistro-tier3s-silo@s127a.service)
Oct 03 16:41:44 baseweed-admin podman[5494]: 2026-10-03 16:41:44.078533696 +0000 UTC m=+0.419870268 container exec_died 3d7cf04fed8413c18929c409c6ce6a954018133c2b809822854d39f5150d68f8 (image=localhost/qdistro/tier3s-weston-terminal:latest, name=qdistro-tier3s-s127a, org.opencontainers.image.vendor=openSUSE Project, qdistro_tier3s_token=4630c4db645ed4e87610b5ba786de85a, org.opensuse.reference=registry.opensuse.org/opensuse/tumbleweed:20260930.37.208, org.opencontainers.image.created=2026-09-30T20:05:54.126624488Z, org.opensuse.base.version=20260930.37.208, org.opensuse.base.source=https://build.opensuse.org/package/show/openSUSE:Factory/opensuse-tumbleweed-image?rev=561f9d4c8e4e1a441f95ad4ec6b5a914, org.opensuse.base.vendor=openSUSE Project, org.opensuse.base.created=2026-09-30T20:05:54.126624488Z, qdistro_tier3s_unit=qdistro-tier3s-silo@s127a.service, org.opencontainers.image.description=Image containing a minimal environment for containers based on openSUSE Tumbleweed., org.opensuse.base.url=https://www.opensuse.org, org.opensuse.base.lifecycle-url=https://en.opensuse.org/Lifetime, io.buildah.version=1.44.1, org.opencontainers.image.source=https://build.opensuse.org/package/show/openSUSE:Factory/opensuse-tumbleweed-image?rev=561f9d4c8e4e1a441f95ad4ec6b5a914, org.qdistro.tier3s.workload=weston-terminal, org.opensuse.base.reference=registry.opensuse.org/opensuse/tumbleweed:20260930.37.208, org.opensuse.base.title=openSUSE Tumbleweed Base Container, org.openbuildservice.disturl=obs://build.opensuse.org/openSUSE:Factory/images/561f9d4c8e4e1a441f95ad4ec6b5a914-opensuse-tumbleweed-image:docker, org.qdistro.snapshot=20260930, execID=3ac2e0555a29956ca514987dd360535951299ad579e098008bbbaf6fef8f2e8e, org.opensuse.lifecycle-url=https://en.opensuse.org/Lifetime, org.opencontainers.image.url=https://www.opensuse.org, org.opencontainers.image.version=20260930.37.208, org.opensuse.base.description=Image containing a minimal environment for containers based on openSUSE Tumbleweed., org.opensuse.base.disturl=obs://build.opensuse.org/openSUSE:Factory/images/561f9d4c8e4e1a441f95ad4ec6b5a914-opensuse-tumbleweed-image:docker, org.opencontainers.image.title=openSUSE Tumbleweed Base Container)
Oct 03 16:41:44 baseweed-admin dbus-run-session[1026]:   INFO qml: [20261003-164144]        PodApps cache refresh loaded 0 apps
Oct 03 16:41:45 baseweed-admin dbus-run-session[1026]:   WARN: Process failed to start, likely because the binary could not be found. Command: QList("bluetoothctl", "show")
Oct 03 16:41:47 baseweed-admin dbus-run-session[1026]:   WARN: Process failed to start, likely because the binary could not be found. Command: QList("bluetoothctl", "show")
Oct 03 16:41:49 baseweed-admin dbus-run-session[1026]:   WARN: Process failed to start, likely because the binary could not be found. Command: QList("bluetoothctl", "show")
Oct 03 16:41:50 baseweed-admin dbus-run-session[1026]:   INFO qml: [20261003-164150]        PodApps cache refresh loaded 0 apps
Oct 03 16:41:51 baseweed-admin dbus-run-session[1026]:   WARN: Process failed to start, likely because the binary could not be found. Command: QList("bluetoothctl", "show")
Oct 03 16:41:53 baseweed-admin dbus-run-session[1026]:   WARN: Process failed to start, likely because the binary could not be found. Command: QList("bluetoothctl", "show")
Oct 03 16:41:55 baseweed-admin dbus-run-session[1026]:   WARN: Process failed to start, likely because the binary could not be found. Command: QList("bluetoothctl", "show")
Oct 03 16:41:57 baseweed-admin dbus-run-session[1026]:   WARN: Process failed to start, likely because the binary could not be found. Command: QList("bluetoothctl", "show")
Oct 03 16:41:57 baseweed-admin dbus-run-session[1026]:   WARN qml: [20261003-164157]        Network Connectivity check error: Error: Not authorized to recheck connectivity.
Oct 03 16:41:59 baseweed-admin dbus-run-session[1026]:   WARN: Process failed to start, likely because the binary could not be found. Command: QList("bluetoothctl", "show")
Oct 03 16:42:00 baseweed-admin dbus-run-session[1026]:   WARN qml: [20261003-164200]       Location Weather is still fetching
Oct 03 16:42:00 baseweed-admin dbus-run-session[1026]:  ERROR qml: [20261003-164200]       Location Geocoding error: 0
Oct 03 16:42:01 baseweed-admin dbus-run-session[1026]:   WARN: Process failed to start, likely because the binary could not be found. Command: QList("bluetoothctl", "show")
Oct 03 16:42:03 baseweed-admin dbus-run-session[1026]:   INFO qml: [20261003-164203]        PodApps auto-scan: qdistro-tier3s-s127a transitioned to running
Oct 03 16:42:03 baseweed-admin dbus-run-session[1026]:   INFO qml: [20261003-164203]        PodApps auto-scan: qdistro-tier3s-s127b transitioned to running
Oct 03 16:42:03 baseweed-admin dbus-run-session[1026]:   WARN: Process failed to start, likely because the binary could not be found. Command: QList("bluetoothctl", "show")
Oct 03 16:42:03 baseweed-admin dbus-run-session[1026]:   INFO qml: [20261003-164203]          Qdwin toplevel_security_context handle=2 engine=qdistro.tier3s app_id=qdistro.tier3s.s127b instance=6b3642d5b943c035f503719f4e34294e
Oct 03 16:42:03 baseweed-admin dbus-run-session[1026]:   INFO qml: [20261003-164203]     Tier3sApps [tier3s] toplevel observed silo=s127b secctx=qdistro.tier3s.s127b color=#64b5f6 handle=2
Oct 03 16:42:03 baseweed-admin dbus-run-session[1026]:   INFO qml: [20261003-164203]     Tier3sApps [tier3s] silo=s127b color=#64b5f6
Oct 03 16:42:04 baseweed-admin dbus-run-session[1026]:   INFO qml: [20261003-164204]  Tier3FocusIPC findSiloHandle silo=s127a → HANDLE=1
Oct 03 16:42:04 baseweed-admin dbus-run-session[1026]:   INFO qml: [20261003-164204]  Tier3FocusIPC findSiloHandle silo=s127b → HANDLE=2
Oct 03 16:42:04 baseweed-admin dbus-run-session[1026]:   INFO qml: [20261003-164204]  Tier3FocusIPC injectFocus handle=2 seat=default
Oct 03 16:42:04 baseweed-admin dbus-run-session[1026]:   INFO qml: [20261003-164204]          Qdwin ipc injectFocus handle=2 seat=default
Oct 03 16:42:04 baseweed-admin dbus-run-session[1026]:   INFO qml: [20261003-164204]  ClipboardGate CLIPBOARD_GATE seat=default src_silo=s127a dst_silo=s127b mime_types=text/plain verdict=deny reason=broker:deny
Oct 03 16:42:04 baseweed-admin dbus-run-session[1026]:   INFO qml: [20261003-164204]  ClipboardGate CLIPBOARD_GATE seat=default src_silo=s127b dst_silo=s127b mime_types=text/plain verdict=deny reason=broker:deny
Oct 03 16:42:04 baseweed-admin dbus-run-session[1026]:   INFO qml: [20261003-164204]  ClipboardGate CLIPBOARD_GATE seat=default src_silo=s127b dst_silo=s127b mime_types=text/plain verdict=deny reason=broker:deny
Oct 03 16:42:04 baseweed-admin dbus-run-session[1026]:   INFO qml: [20261003-164204]  ClipboardGate CLIPBOARD_GATE seat=default src_silo=s127b dst_silo=s127b mime_types=text/plain verdict=deny reason=broker:deny
Oct 03 16:42:04 baseweed-admin dbus-run-session[1026]:   INFO qml: [20261003-164204]  ClipboardGate CLIPBOARD_GATE seat=default src_silo=s127b dst_silo=s127b mime_types=text/plain verdict=deny reason=broker:deny
Oct 03 16:42:05 baseweed-admin dbus-run-session[1026]:   WARN: Process failed to start, likely because the binary could not be found. Command: QList("bluetoothctl", "show")
Oct 03 16:42:05 baseweed-admin podman[6203]: 2026-10-03 16:42:05.897303093 +0000 UTC m=+0.122627527 container exec 3d7cf04fed8413c18929c409c6ce6a954018133c2b809822854d39f5150d68f8 (image=localhost/qdistro/tier3s-weston-terminal:latest, name=qdistro-tier3s-s127a, org.opensuse.reference=registry.opensuse.org/opensuse/tumbleweed:20260930.37.208, org.opensuse.base.source=https://build.opensuse.org/package/show/openSUSE:Factory/opensuse-tumbleweed-image?rev=561f9d4c8e4e1a441f95ad4ec6b5a914, org.opensuse.base.url=https://www.opensuse.org, org.opensuse.lifecycle-url=https://en.opensuse.org/Lifetime, org.qdistro.snapshot=20260930, org.opensuse.base.reference=registry.opensuse.org/opensuse/tumbleweed:20260930.37.208, org.opencontainers.image.title=openSUSE Tumbleweed Base Container, org.opensuse.base.description=Image containing a minimal environment for containers based on openSUSE Tumbleweed., org.opensuse.base.disturl=obs://build.opensuse.org/openSUSE:Factory/images/561f9d4c8e4e1a441f95ad4ec6b5a914-opensuse-tumbleweed-image:docker, org.opensuse.base.lifecycle-url=https://en.opensuse.org/Lifetime, org.opencontainers.image.url=https://www.opensuse.org, org.opencontainers.image.version=20260930.37.208, org.opensuse.base.version=20260930.37.208, org.opensuse.base.title=openSUSE Tumbleweed Base Container, org.opencontainers.image.description=Image containing a minimal environment for containers based on openSUSE Tumbleweed., qdistro_tier3s_unit=qdistro-tier3s-silo@s127a.service, org.openbuildservice.disturl=obs://build.opensuse.org/openSUSE:Factory/images/561f9d4c8e4e1a441f95ad4ec6b5a914-opensuse-tumbleweed-image:docker, org.qdistro.tier3s.workload=weston-terminal, org.opencontainers.image.created=2026-09-30T20:05:54.126624488Z, org.opencontainers.image.vendor=openSUSE Project, org.opensuse.base.created=2026-09-30T20:05:54.126624488Z, org.opensuse.base.vendor=openSUSE Project, org.opencontainers.image.source=https://build.opensuse.org/package/show/openSUSE:Factory/opensuse-tumbleweed-image?rev=561f9d4c8e4e1a441f95ad4ec6b5a914, qdistro_tier3s_token=4630c4db645ed4e87610b5ba786de85a, io.buildah.version=1.44.1)
Oct 03 16:42:05 baseweed-admin conmon[6228]: conmon 3d7cf04fed8413c18929 <nwarn>: Failed to open cgroups file: /sys/fs/cgroup/user.slice/user-1000.slice/user@1000.service/app.slice/qdshell.service/memory.events
Oct 03 16:42:05 baseweed-admin podman[6203]: 2026-10-03 16:42:05.936698429 +0000 UTC m=+0.162022863 container exec_died 3d7cf04fed8413c18929c409c6ce6a954018133c2b809822854d39f5150d68f8 (image=localhost/qdistro/tier3s-weston-terminal:latest, name=qdistro-tier3s-s127a, org.opensuse.base.url=https://www.opensuse.org, org.opencontainers.image.version=20260930.37.208, org.opensuse.base.created=2026-09-30T20:05:54.126624488Z, org.opensuse.lifecycle-url=https://en.opensuse.org/Lifetime, org.qdistro.snapshot=20260930, org.opencontainers.image.source=https://build.opensuse.org/package/show/openSUSE:Factory/opensuse-tumbleweed-image?rev=561f9d4c8e4e1a441f95ad4ec6b5a914, io.buildah.version=1.44.1, org.openbuildservice.disturl=obs://build.opensuse.org/openSUSE:Factory/images/561f9d4c8e4e1a441f95ad4ec6b5a914-opensuse-tumbleweed-image:docker, org.qdistro.tier3s.workload=weston-terminal, org.opencontainers.image.created=2026-09-30T20:05:54.126624488Z, org.opencontainers.image.description=Image containing a minimal environment for containers based on openSUSE Tumbleweed., org.opencontainers.image.vendor=openSUSE Project, org.opensuse.base.description=Image containing a minimal environment for containers based on openSUSE Tumbleweed., qdistro_tier3s_token=4630c4db645ed4e87610b5ba786de85a, org.opensuse.base.version=20260930.37.208, org.opensuse.reference=registry.opensuse.org/opensuse/tumbleweed:20260930.37.208, org.opensuse.base.lifecycle-url=https://en.opensuse.org/Lifetime, org.opencontainers.image.url=https://www.opensuse.org, org.opensuse.base.vendor=openSUSE Project, qdistro_tier3s_unit=qdistro-tier3s-silo@s127a.service, org.opencontainers.image.title=openSUSE Tumbleweed Base Container, org.opensuse.base.disturl=obs://build.opensuse.org/openSUSE:Factory/images/561f9d4c8e4e1a441f95ad4ec6b5a914-opensuse-tumbleweed-image:docker, execID=3d4ca670e3d2b27cbacf8b0558c853e3767e8d6511939e49692b8a6200ad0c4e, org.opensuse.base.reference=registry.opensuse.org/opensuse/tumbleweed:20260930.37.208, org.opensuse.base.title=openSUSE Tumbleweed Base Container, org.opensuse.base.source=https://build.opensuse.org/package/show/openSUSE:Factory/opensuse-tumbleweed-image?rev=561f9d4c8e4e1a441f95ad4ec6b5a914)
Oct 03 16:42:05 baseweed-admin podman[6217]: 2026-10-03 16:42:05.965116592 +0000 UTC m=+0.159075520 container exec fef0095bec624f88ed3a33c94251b97a6ce537283b6fee602d662ce109f641b8 (image=localhost/qdistro/tier3s-weston-terminal:latest, name=qdistro-tier3s-s127b, org.opensuse.base.disturl=obs://build.opensuse.org/openSUSE:Factory/images/561f9d4c8e4e1a441f95ad4ec6b5a914-opensuse-tumbleweed-image:docker, org.opencontainers.image.title=openSUSE Tumbleweed Base Container, org.opensuse.base.version=20260930.37.208, qdistro_tier3s_unit=qdistro-tier3s-silo@s127b.service, org.opensuse.base.description=Image containing a minimal environment for containers based on openSUSE Tumbleweed., org.opensuse.lifecycle-url=https://en.opensuse.org/Lifetime, org.opensuse.base.source=https://build.opensuse.org/package/show/openSUSE:Factory/opensuse-tumbleweed-image?rev=561f9d4c8e4e1a441f95ad4ec6b5a914, org.opensuse.base.title=openSUSE Tumbleweed Base Container, org.opencontainers.image.source=https://build.opensuse.org/package/show/openSUSE:Factory/opensuse-tumbleweed-image?rev=561f9d4c8e4e1a441f95ad4ec6b5a914, qdistro_tier3s_token=6b3642d5b943c035f503719f4e34294e, io.buildah.version=1.44.1, org.opencontainers.image.vendor=openSUSE Project, org.opencontainers.image.created=2026-09-30T20:05:54.126624488Z, org.opensuse.base.url=https://www.opensuse.org, org.opencontainers.image.version=20260930.37.208, org.opensuse.base.created=2026-09-30T20:05:54.126624488Z, org.openbuildservice.disturl=obs://build.opensuse.org/openSUSE:Factory/images/561f9d4c8e4e1a441f95ad4ec6b5a914-opensuse-tumbleweed-image:docker, org.opencontainers.image.description=Image containing a minimal environment for containers based on openSUSE Tumbleweed., org.opensuse.base.lifecycle-url=https://en.opensuse.org/Lifetime, org.opensuse.base.reference=registry.opensuse.org/opensuse/tumbleweed:20260930.37.208, org.opensuse.base.vendor=openSUSE Project, org.qdistro.snapshot=20260930, org.opensuse.reference=registry.opensuse.org/opensuse/tumbleweed:20260930.37.208, org.qdistro.tier3s.workload=weston-terminal, org.opencontainers.image.url=https://www.opensuse.org)
Oct 03 16:42:05 baseweed-admin conmon[6249]: conmon fef0095bec624f88ed3a <nwarn>: Failed to open cgroups file: /sys/fs/cgroup/user.slice/user-1000.slice/user@1000.service/app.slice/qdshell.service/memory.events
Oct 03 16:42:06 baseweed-admin podman[6217]: 2026-10-03 16:42:06.012458408 +0000 UTC m=+0.206417336 container exec_died fef0095bec624f88ed3a33c94251b97a6ce537283b6fee602d662ce109f641b8 (image=localhost/qdistro/tier3s-weston-terminal:latest, name=qdistro-tier3s-s127b, org.opencontainers.image.description=Image containing a minimal environment for containers based on openSUSE Tumbleweed., org.qdistro.tier3s.workload=weston-terminal, org.opensuse.base.reference=registry.opensuse.org/opensuse/tumbleweed:20260930.37.208, org.opencontainers.image.url=https://www.opensuse.org, org.opensuse.base.description=Image containing a minimal environment for containers based on openSUSE Tumbleweed., org.opensuse.base.url=https://www.opensuse.org, org.opensuse.base.vendor=openSUSE Project, org.openbuildservice.disturl=obs://build.opensuse.org/openSUSE:Factory/images/561f9d4c8e4e1a441f95ad4ec6b5a914-opensuse-tumbleweed-image:docker, org.opencontainers.image.created=2026-09-30T20:05:54.126624488Z, org.opensuse.base.source=https://build.opensuse.org/package/show/openSUSE:Factory/opensuse-tumbleweed-image?rev=561f9d4c8e4e1a441f95ad4ec6b5a914, org.opensuse.base.title=openSUSE Tumbleweed Base Container, org.opensuse.base.version=20260930.37.208, org.opensuse.reference=registry.opensuse.org/opensuse/tumbleweed:20260930.37.208, execID=0dc26be4e68db5c8493060a49341cd27f3f2f45f01f388057001ea8e0de29819, org.opensuse.base.lifecycle-url=https://en.opensuse.org/Lifetime, org.opencontainers.image.vendor=openSUSE Project, org.opensuse.lifecycle-url=https://en.opensuse.org/Lifetime, org.opensuse.base.disturl=obs://build.opensuse.org/openSUSE:Factory/images/561f9d4c8e4e1a441f95ad4ec6b5a914-opensuse-tumbleweed-image:docker, org.opencontainers.image.source=https://build.opensuse.org/package/show/openSUSE:Factory/opensuse-tumbleweed-image?rev=561f9d4c8e4e1a441f95ad4ec6b5a914, org.opencontainers.image.title=openSUSE Tumbleweed Base Container, org.opencontainers.image.version=20260930.37.208, qdistro_tier3s_unit=qdistro-tier3s-silo@s127b.service, io.buildah.version=1.44.1, org.qdistro.snapshot=20260930, org.opensuse.base.created=2026-09-30T20:05:54.126624488Z, qdistro_tier3s_token=6b3642d5b943c035f503719f4e34294e)
Oct 03 16:42:06 baseweed-admin dbus-run-session[1026]:   INFO qml: [20261003-164206]        PodApps cache refresh loaded 0 apps
Oct 03 16:42:06 baseweed-admin dbus-run-session[1026]:   INFO qml: [20261003-164206]        PodApps cache refresh loaded 0 apps
Oct 03 16:42:07 baseweed-admin dbus-run-session[1026]:   WARN: Process failed to start, likely because the binary could not be found. Command: QList("bluetoothctl", "show")
Oct 03 16:42:09 baseweed-admin dbus-run-session[1026]:   WARN: Process failed to start, likely because the binary could not be found. Command: QList("bluetoothctl", "show")
Oct 03 16:42:11 baseweed-admin dbus-run-session[1026]:   WARN: Process failed to start, likely because the binary could not be found. Command: QList("bluetoothctl", "show")
Oct 03 16:42:12 baseweed-admin dbus-run-session[1026]:   WARN qml: [20261003-164212]        Network Connectivity check error: Error: Not authorized to recheck connectivity.
Oct 03 16:42:13 baseweed-admin dbus-run-session[1026]:   WARN: Process failed to start, likely because the binary could not be found. Command: QList("bluetoothctl", "show")
Oct 03 16:42:15 baseweed-admin dbus-run-session[1026]:   WARN: Process failed to start, likely because the binary could not be found. Command: QList("bluetoothctl", "show")
Oct 03 16:42:17 baseweed-admin dbus-run-session[1026]:   WARN: Process failed to start, likely because the binary could not be found. Command: QList("bluetoothctl", "show")
Oct 03 16:42:19 baseweed-admin dbus-run-session[1026]:   WARN: Process failed to start, likely because the binary could not be found. Command: QList("bluetoothctl", "show")
Oct 03 16:42:20 baseweed-admin dbus-run-session[1026]:   WARN qml: [20261003-164220]       Location Weather is still fetching
Oct 03 16:42:20 baseweed-admin dbus-run-session[1026]:  ERROR qml: [20261003-164220]       Location Geocoding error: 0
Oct 03 16:42:20 baseweed-admin dbus-run-session[1026]:   INFO qml: [20261003-164220]        PodApps cache refresh loaded 0 apps
Oct 03 16:42:21 baseweed-admin dbus-run-session[1026]:   WARN: Process failed to start, likely because the binary could not be found. Command: QList("bluetoothctl", "show")
Oct 03 16:42:23 baseweed-admin dbus-run-session[1026]:   WARN: Process failed to start, likely because the binary could not be found. Command: QList("bluetoothctl", "show")
Oct 03 16:42:25 baseweed-admin dbus-run-session[1026]:   WARN: Process failed to start, likely because the binary could not be found. Command: QList("bluetoothctl", "show")
Oct 03 16:42:27 baseweed-admin dbus-run-session[1026]:   WARN: Process failed to start, likely because the binary could not be found. Command: QList("bluetoothctl", "show")
Oct 03 16:42:27 baseweed-admin dbus-run-session[1026]:   WARN qml: [20261003-164227]        Network Connectivity check error: Error: Not authorized to recheck connectivity.
Oct 03 16:42:29 baseweed-admin dbus-run-session[1026]:   WARN: Process failed to start, likely because the binary could not be found. Command: QList("bluetoothctl", "show")
Oct 03 16:42:31 baseweed-admin dbus-run-session[1026]:   WARN: Process failed to start, likely because the binary could not be found. Command: QList("bluetoothctl", "show")
Oct 03 16:42:33 baseweed-admin dbus-run-session[1026]:   WARN: Process failed to start, likely because the binary could not be found. Command: QList("bluetoothctl", "show")
Oct 03 16:42:35 baseweed-admin dbus-run-session[1026]:   WARN: Process failed to start, likely because the binary could not be found. Command: QList("bluetoothctl", "show")
Oct 03 16:42:37 baseweed-admin dbus-run-session[1026]:   WARN: Process failed to start, likely because the binary could not be found. Command: QList("bluetoothctl", "show")
Oct 03 16:42:39 baseweed-admin dbus-run-session[1026]:   WARN: Process failed to start, likely because the binary could not be found. Command: QList("bluetoothctl", "show")
Oct 03 16:42:40 baseweed-admin dbus-run-session[1026]:   WARN qml: [20261003-164240]       Location Weather is still fetching
Oct 03 16:42:40 baseweed-admin dbus-run-session[1026]:  ERROR qml: [20261003-164240]       Location Geocoding error: 0
Oct 03 16:42:41 baseweed-admin dbus-run-session[1026]:   WARN: Process failed to start, likely because the binary could not be found. Command: QList("bluetoothctl", "show")
Oct 03 16:42:42 baseweed-admin dbus-run-session[1026]:   WARN qml: [20261003-164242]        Network Connectivity check error: Error: Not authorized to recheck connectivity.
Oct 03 16:42:43 baseweed-admin dbus-run-session[1026]:   WARN: Process failed to start, likely because the binary could not be found. Command: QList("bluetoothctl", "show")
Oct 03 16:42:45 baseweed-admin dbus-run-session[1026]:   WARN: Process failed to start, likely because the binary could not be found. Command: QList("bluetoothctl", "show")
Oct 03 16:42:47 baseweed-admin dbus-run-session[1026]:   WARN: Process failed to start, likely because the binary could not be found. Command: QList("bluetoothctl", "show")
Oct 03 16:42:49 baseweed-admin dbus-run-session[1026]:   WARN: Process failed to start, likely because the binary could not be found. Command: QList("bluetoothctl", "show")
Oct 03 16:42:50 baseweed-admin dbus-run-session[1026]:   INFO qml: [20261003-164250]        PodApps cache refresh loaded 0 apps
Oct 03 16:42:51 baseweed-admin dbus-run-session[1026]:   WARN: Process failed to start, likely because the binary could not be found. Command: QList("bluetoothctl", "show")
Oct 03 16:42:53 baseweed-admin dbus-run-session[1026]:   WARN: Process failed to start, likely because the binary could not be found. Command: QList("bluetoothctl", "show")
Oct 03 16:42:55 baseweed-admin dbus-run-session[1026]:   WARN: Process failed to start, likely because the binary could not be found. Command: QList("bluetoothctl", "show")
Oct 03 16:42:57 baseweed-admin dbus-run-session[1026]:   WARN: Process failed to start, likely because the binary could not be found. Command: QList("bluetoothctl", "show")
Oct 03 16:42:57 baseweed-admin dbus-run-session[1026]:   WARN qml: [20261003-164257]        Network Connectivity check error: Error: Not authorized to recheck connectivity.
Oct 03 16:42:59 baseweed-admin dbus-run-session[1026]:   WARN: Process failed to start, likely because the binary could not be found. Command: QList("bluetoothctl", "show")
Oct 03 16:43:00 baseweed-admin dbus-run-session[1026]:   WARN qml: [20261003-164300]       Location Weather is still fetching
Oct 03 16:43:00 baseweed-admin dbus-run-session[1026]:  ERROR qml: [20261003-164300]       Location Geocoding error: 0
Oct 03 16:43:01 baseweed-admin dbus-run-session[1026]:   WARN: Process failed to start, likely because the binary could not be found. Command: QList("bluetoothctl", "show")
Oct 03 16:43:03 baseweed-admin dbus-run-session[1026]:   WARN: Process failed to start, likely because the binary could not be found. Command: QList("bluetoothctl", "show")
Oct 03 16:43:05 baseweed-admin dbus-run-session[1026]:   WARN: Process failed to start, likely because the binary could not be found. Command: QList("bluetoothctl", "show")
Oct 03 16:43:07 baseweed-admin dbus-run-session[1026]:   WARN: Process failed to start, likely because the binary could not be found. Command: QList("bluetoothctl", "show")
Oct 03 16:43:09 baseweed-admin dbus-run-session[1026]:   WARN: Process failed to start, likely because the binary could not be found. Command: QList("bluetoothctl", "show")
Oct 03 16:43:10 baseweed-admin dbus-run-session[1026]:   INFO qml: [20261003-164310]  Tier3FocusIPC injectFocus handle=2 seat=default
Oct 03 16:43:10 baseweed-admin dbus-run-session[1026]:   INFO qml: [20261003-164310]          Qdwin ipc injectFocus handle=2 seat=default
Oct 03 16:43:10 baseweed-admin dbus-run-session[1026]:   INFO qml: [20261003-164310]  ClipboardGate CLIPBOARD_GATE seat=default src_silo=s127b dst_silo=s127b mime_types=text/plain verdict=deny reason=broker:deny
Oct 03 16:43:10 baseweed-admin dbus-run-session[1026]:   INFO qml: [20261003-164310]  ClipboardGate CLIPBOARD_GATE seat=default src_silo=s127b dst_silo=s127b mime_types=text/plain verdict=deny reason=broker:deny
Oct 03 16:43:10 baseweed-admin dbus-run-session[1026]:   INFO qml: [20261003-164310]  ClipboardGate CLIPBOARD_GATE seat=default src_silo=s127b dst_silo=s127b mime_types=text/plain verdict=deny reason=broker:deny
Oct 03 16:43:10 baseweed-admin dbus-run-session[1026]:   INFO qml: [20261003-164310]  ClipboardGate CLIPBOARD_GATE seat=default src_silo=s127b dst_silo=s127b mime_types=text/plain verdict=deny reason=broker:deny
Oct 03 16:43:11 baseweed-admin dbus-run-session[1026]:   WARN: Process failed to start, likely because the binary could not be found. Command: QList("bluetoothctl", "show")
Oct 03 16:43:12 baseweed-admin dbus-run-session[1026]:   WARN qml: [20261003-164312]        Network Connectivity check error: Error: Not authorized to recheck connectivity.
Oct 03 16:43:13 baseweed-admin dbus-run-session[1026]:   INFO qml: [20261003-164313]  Tier3FocusIPC injectFocus handle=1 seat=default
Oct 03 16:43:13 baseweed-admin dbus-run-session[1026]:   INFO qml: [20261003-164313]          Qdwin ipc injectFocus handle=1 seat=default
Oct 03 16:43:13 baseweed-admin dbus-run-session[1026]:   INFO qml: [20261003-164313]  ClipboardGate CLIPBOARD_GATE seat=default src_silo=s127b dst_silo=s127b mime_types=text/plain verdict=deny reason=broker-unavailable
Oct 03 16:43:13 baseweed-admin dbus-run-session[1026]:   INFO qml: [20261003-164313]  ClipboardGate CLIPBOARD_GATE seat=default src_silo=s127b dst_silo=s127b mime_types=text/plain verdict=deny reason=broker-unavailable
Oct 03 16:43:13 baseweed-admin dbus-run-session[1026]:   INFO qml: [20261003-164313]  ClipboardGate CLIPBOARD_FOCUS_GATE seat=default src_silo=s127b dst_silo=s127a is_primary=0 verdict=deny reason=focus-cross-silo
Oct 03 16:43:14 baseweed-admin dbus-run-session[1026]:   INFO qml: [20261003-164314]  ClipboardGate CLIPBOARD_GATE seat=default src_silo=s127a dst_silo=s127a mime_types=text/plain verdict=deny reason=broker-unavailable
Oct 03 16:43:14 baseweed-admin dbus-run-session[1026]:   INFO qml: [20261003-164314]  ClipboardGate CLIPBOARD_GATE seat=default src_silo=s127a dst_silo=s127a mime_types=text/plain verdict=deny reason=broker-unavailable
Oct 03 16:43:14 baseweed-admin dbus-run-session[1026]:   INFO qml: [20261003-164314]  ClipboardGate CLIPBOARD_GATE seat=default src_silo=s127a dst_silo=s127a mime_types=text/plain verdict=deny reason=broker-unavailable
Oct 03 16:43:14 baseweed-admin dbus-run-session[1026]:   INFO qml: [20261003-164314]  ClipboardGate CLIPBOARD_GATE seat=default src_silo=s127a dst_silo=s127a mime_types=text/plain verdict=deny reason=broker-unavailable
Oct 03 16:43:15 baseweed-admin dbus-run-session[1026]:   INFO qml: [20261003-164315]  ClipboardGate CLIPBOARD_GATE seat=default src_silo=s127a dst_silo=s127a mime_types=text/plain verdict=deny reason=broker-unavailable
Oct 03 16:43:15 baseweed-admin dbus-run-session[1026]:   INFO qml: [20261003-164315]  ClipboardGate CLIPBOARD_GATE seat=default src_silo=s127a dst_silo=s127a mime_types=text/plain verdict=deny reason=broker-unavailable
Oct 03 16:43:15 baseweed-admin dbus-run-session[1026]:   INFO qml: [20261003-164315]  ClipboardGate CLIPBOARD_GATE seat=default src_silo=s127a dst_silo=s127a mime_types=text/plain verdict=deny reason=broker-unavailable
Oct 03 16:43:15 baseweed-admin dbus-run-session[1026]:   INFO qml: [20261003-164315]  ClipboardGate CLIPBOARD_GATE seat=default src_silo=s127a dst_silo=s127a mime_types=text/plain verdict=deny reason=broker-unavailable
Oct 03 16:43:15 baseweed-admin dbus-run-session[1026]:   WARN: Process failed to start, likely because the binary could not be found. Command: QList("bluetoothctl", "show")
Oct 03 16:43:16 baseweed-admin dbus-run-session[1026]:   INFO qml: [20261003-164316]  ClipboardGate CLIPBOARD_GATE seat=default src_silo=s127a dst_silo=s127a mime_types=text/plain verdict=deny reason=broker-unavailable
Oct 03 16:43:16 baseweed-admin dbus-run-session[1026]:   INFO qml: [20261003-164316]  ClipboardGate CLIPBOARD_GATE seat=default src_silo=s127a dst_silo=s127a mime_types=text/plain verdict=deny reason=broker-unavailable
Oct 03 16:43:16 baseweed-admin dbus-run-session[1026]:   INFO qml: [20261003-164316]  Tier3FocusIPC injectFocus handle=2 seat=default
Oct 03 16:43:16 baseweed-admin dbus-run-session[1026]:   INFO qml: [20261003-164316]          Qdwin ipc injectFocus handle=2 seat=default
Oct 03 16:43:16 baseweed-admin dbus-run-session[1026]:   INFO qml: [20261003-164316]  ClipboardGate CLIPBOARD_GATE seat=default src_silo=s127a dst_silo=s127a mime_types=text/plain verdict=deny reason=broker-unavailable
Oct 03 16:43:16 baseweed-admin dbus-run-session[1026]:   INFO qml: [20261003-164316]  ClipboardGate CLIPBOARD_GATE seat=default src_silo=s127a dst_silo=s127a mime_types=text/plain verdict=deny reason=broker-unavailable
Oct 03 16:43:16 baseweed-admin dbus-run-session[1026]:   INFO qml: [20261003-164316]  ClipboardGate CLIPBOARD_GATE seat=default src_silo=s127a dst_silo=s127a mime_types=text/plain verdict=deny reason=broker-unavailable
Oct 03 16:43:17 baseweed-admin dbus-run-session[1026]:   INFO qml: [20261003-164317]  ClipboardGate CLIPBOARD_GATE seat=default src_silo=s127a dst_silo=s127a mime_types=text/plain verdict=deny reason=broker-unavailable
Oct 03 16:43:17 baseweed-admin dbus-run-session[1026]:   INFO qml: [20261003-164317]  ClipboardGate CLIPBOARD_FOCUS_GATE seat=default src_silo=s127a dst_silo=s127b is_primary=0 verdict=deny reason=focus-cross-silo
Oct 03 16:43:17 baseweed-admin dbus-run-session[1026]:   INFO qml: [20261003-164317]  ClipboardGate CLIPBOARD_GATE seat=default src_silo=s127b dst_silo=s127b mime_types=text/plain verdict=deny reason=broker-unavailable
Oct 03 16:43:17 baseweed-admin dbus-run-session[1026]:   INFO qml: [20261003-164317]  ClipboardGate CLIPBOARD_GATE seat=default src_silo=s127b dst_silo=s127b mime_types=text/plain verdict=deny reason=broker-unavailable
Oct 03 16:43:17 baseweed-admin dbus-run-session[1026]:   INFO qml: [20261003-164317]  ClipboardGate CLIPBOARD_GATE seat=default src_silo=s127b dst_silo=s127b mime_types=text/plain verdict=deny reason=broker-unavailable
Oct 03 16:43:18 baseweed-admin dbus-run-session[1026]:   INFO qml: [20261003-164318]  ClipboardGate CLIPBOARD_GATE seat=default src_silo=s127b dst_silo=s127b mime_types=text/plain verdict=deny reason=broker-unavailable
Oct 03 16:43:18 baseweed-admin dbus-run-session[1026]:   WARN: Process failed to start, likely because the binary could not be found. Command: QList("bluetoothctl", "show")
Oct 03 16:43:18 baseweed-admin dbus-run-session[1026]:   INFO qml: [20261003-164318]  ClipboardGate CLIPBOARD_GATE seat=default src_silo=s127b dst_silo=s127b mime_types=text/plain verdict=deny reason=broker-unavailable
Oct 03 16:43:18 baseweed-admin dbus-run-session[1026]:   INFO qml: [20261003-164318]  ClipboardGate CLIPBOARD_GATE seat=default src_silo=s127b dst_silo=s127b mime_types=text/plain verdict=deny reason=broker-unavailable
Oct 03 16:43:18 baseweed-admin dbus-run-session[1026]:   INFO qml: [20261003-164318]  ClipboardGate CLIPBOARD_GATE seat=default src_silo=s127b dst_silo=s127b mime_types=text/plain verdict=deny reason=broker-unavailable
Oct 03 16:43:18 baseweed-admin dbus-run-session[1026]:   INFO qml: [20261003-164318]  ClipboardGate CLIPBOARD_GATE seat=default src_silo=s127b dst_silo=s127b mime_types=text/plain verdict=deny reason=broker-unavailable
Oct 03 16:43:19 baseweed-admin dbus-run-session[1026]:   INFO qml: [20261003-164319]  ClipboardGate CLIPBOARD_GATE seat=default src_silo=s127b dst_silo=s127b mime_types=text/plain verdict=deny reason=broker-unavailable
Oct 03 16:43:19 baseweed-admin dbus-run-session[1026]:   INFO qml: [20261003-164319]  ClipboardGate CLIPBOARD_GATE seat=default src_silo=s127b dst_silo=s127b mime_types=text/plain verdict=deny reason=broker-unavailable
Oct 03 16:43:19 baseweed-admin dbus-run-session[1026]:   INFO qml: [20261003-164319]  ClipboardGate CLIPBOARD_GATE seat=default src_silo=s127b dst_silo=s127b mime_types=text/plain verdict=deny reason=broker-unavailable
Oct 03 16:43:19 baseweed-admin dbus-run-session[1026]:   INFO qml: [20261003-164319]  ClipboardGate CLIPBOARD_GATE seat=default src_silo=s127b dst_silo=s127b mime_types=text/plain verdict=deny reason=broker-unavailable
Oct 03 16:43:19 baseweed-admin dbus-run-session[1026]:   WARN: Process failed to start, likely because the binary could not be found. Command: QList("bluetoothctl", "show")
Oct 03 16:43:20 baseweed-admin dbus-run-session[1026]:   WARN qml: [20261003-164320]       Location Weather is still fetching
Oct 03 16:43:20 baseweed-admin dbus-run-session[1026]:  ERROR qml: [20261003-164320]       Location Geocoding error: 0
Oct 03 16:43:20 baseweed-admin dbus-run-session[1026]:   INFO qml: [20261003-164320]        PodApps cache refresh loaded 0 apps
Oct 03 16:43:21 baseweed-admin dbus-run-session[1026]:   WARN: Process failed to start, likely because the binary could not be found. Command: QList("bluetoothctl", "show")
Oct 03 16:43:23 baseweed-admin dbus-run-session[1026]:   WARN: Process failed to start, likely because the binary could not be found. Command: QList("bluetoothctl", "show")
Oct 03 16:43:25 baseweed-admin dbus-run-session[1026]:   WARN: Process failed to start, likely because the binary could not be found. Command: QList("bluetoothctl", "show")
Oct 03 16:43:27 baseweed-admin dbus-run-session[1026]:   WARN: Process failed to start, likely because the binary could not be found. Command: QList("bluetoothctl", "show")
Oct 03 16:43:27 baseweed-admin dbus-run-session[1026]:   WARN qml: [20261003-164327]        Network Connectivity check error: Error: Not authorized to recheck connectivity.
Oct 03 16:43:29 baseweed-admin dbus-run-session[1026]:   WARN: Process failed to start, likely because the binary could not be found. Command: QList("bluetoothctl", "show")
Oct 03 16:43:31 baseweed-admin dbus-run-session[1026]:   WARN: Process failed to start, likely because the binary could not be found. Command: QList("bluetoothctl", "show")
Oct 03 16:43:33 baseweed-admin dbus-run-session[1026]:   WARN: Process failed to start, likely because the binary could not be found. Command: QList("bluetoothctl", "show")
Oct 03 16:43:35 baseweed-admin dbus-run-session[1026]:   WARN: Process failed to start, likely because the binary could not be found. Command: QList("bluetoothctl", "show")
Oct 03 16:43:37 baseweed-admin dbus-run-session[1026]:   WARN: Process failed to start, likely because the binary could not be found. Command: QList("bluetoothctl", "show")
Oct 03 16:43:39 baseweed-admin dbus-run-session[1026]:   WARN: Process failed to start, likely because the binary could not be found. Command: QList("bluetoothctl", "show")
Oct 03 16:43:40 baseweed-admin dbus-run-session[1026]:   WARN qml: [20261003-164340]       Location Weather is still fetching
Oct 03 16:43:40 baseweed-admin dbus-run-session[1026]:  ERROR qml: [20261003-164340]       Location Geocoding error: 0
Oct 03 16:43:41 baseweed-admin dbus-run-session[1026]:   WARN: Process failed to start, likely because the binary could not be found. Command: QList("bluetoothctl", "show")
Oct 03 16:43:41 baseweed-admin dbus-run-session[1026]:   WARN: Could not load icon "user-desktop?fallback=application-x-executable" at size QSize(19, 19) from request
Oct 03 16:43:42 baseweed-admin dbus-run-session[1026]:   WARN qml: [20261003-164342]        Network Connectivity check error: Error: Not authorized to recheck connectivity.
Oct 03 16:43:43 baseweed-admin dbus-run-session[1026]:   WARN: Process failed to start, likely because the binary could not be found. Command: QList("bluetoothctl", "show")
Oct 03 16:43:45 baseweed-admin dbus-run-session[1026]:   WARN: Could not load icon "user-desktop?fallback=application-x-executable" at size QSize(19, 19) from request
Oct 03 16:43:45 baseweed-admin dbus-run-session[1026]:   INFO qml: [20261003-164345]  ClipboardGate CLIPBOARD_FOCUS_GATE seat=default src_silo=s127b dst_silo=unknown is_primary=0 verdict=deny reason=focus-cross-silo
Oct 03 16:43:45 baseweed-admin dbus-run-session[1026]:   INFO qml: [20261003-164345]  ClipboardGate CLIPBOARD_GATE seat=default src_silo=unknown dst_silo=unknown mime_types=text/plain verdict=deny reason=unknown-identity
Oct 03 16:43:45 baseweed-admin dbus-run-session[1026]:   INFO qml: [20261003-164345]  ClipboardGate CLIPBOARD_GATE seat=default src_silo=unknown dst_silo=unknown mime_types=text/plain verdict=deny reason=unknown-identity
Oct 03 16:43:45 baseweed-admin dbus-run-session[1026]:   INFO qml: [20261003-164345]  ClipboardGate CLIPBOARD_GATE seat=default src_silo=unknown dst_silo=unknown mime_types=text/plain verdict=deny reason=unknown-identity
Oct 03 16:43:45 baseweed-admin dbus-run-session[1026]:   INFO qml: [20261003-164345]  ClipboardGate CLIPBOARD_GATE seat=default src_silo=unknown dst_silo=unknown mime_types=text/plain verdict=deny reason=unknown-identity
Oct 03 16:43:45 baseweed-admin dbus-run-session[1026]:   WARN: Process failed to start, likely because the binary could not be found. Command: QList("bluetoothctl", "show")
Oct 03 16:43:47 baseweed-admin dbus-run-session[1026]:   WARN: Process failed to start, likely because the binary could not be found. Command: QList("bluetoothctl", "show")
Oct 03 16:43:49 baseweed-admin dbus-run-session[1026]:   WARN: Process failed to start, likely because the binary could not be found. Command: QList("bluetoothctl", "show")
Oct 03 16:43:50 baseweed-admin dbus-run-session[1026]:   INFO qml: [20261003-164350]        PodApps cache refresh loaded 0 apps
Oct 03 16:43:51 baseweed-admin dbus-run-session[1026]:   WARN: Process failed to start, likely because the binary could not be found. Command: QList("bluetoothctl", "show")
