Oct 03 16:42:23 baseweed-admin systemd[857]: Starting qdshell desktop (Quickshell QML on top of qdwin)...
Oct 03 16:42:25 baseweed-admin systemd[857]: Started qdshell desktop (Quickshell QML on top of qdwin).
Oct 03 16:42:25 baseweed-admin dbus-run-session[1032]: No running instances for "/usr/share/quickshell/qdshell/shell.qml"
Oct 03 16:42:25 baseweed-admin dbus-run-session[1032]:   INFO: Launching config: "/usr/share/quickshell/qdshell/shell.qml"
Oct 03 16:42:25 baseweed-admin dbus-run-session[1032]:   INFO: Shell ID: "0d0d1ceeb7f0392fec595c8531945b05" Path ID "0d0d1ceeb7f0392fec595c8531945b05"
Oct 03 16:42:25 baseweed-admin dbus-run-session[1032]:   INFO: Saving logs to "/run/user/1000/quickshell/by-id/ospqbcmt/log.qslog"
Oct 03 16:42:26 baseweed-admin dbus-run-session[1032]: MESA-EGL: warning: failed to get driver name for fd -1
Oct 03 16:42:26 baseweed-admin dbus-run-session[1032]: MESA-EGL: warning: MESA-LOADER: failed to retrieve device information
Oct 03 16:42:26 baseweed-admin dbus-run-session[1032]: MESA-EGL: warning: failed to get driver name for fd -1
Oct 03 16:42:26 baseweed-admin dbus-run-session[1032]: MESA: error: ZINK: failed to choose pdev
Oct 03 16:42:26 baseweed-admin dbus-run-session[1032]: MESA-EGL: warning: egl: failed to create dri2 screen
Oct 03 16:42:43 baseweed-admin dbus-run-session[1032]:   INFO qml: [20261003-164243]           I18n Service started
Oct 03 16:42:43 baseweed-admin dbus-run-session[1032]:   INFO qml: [20261003-164243]           I18n Loading "en" (locale: "en-Latn-US")
Oct 03 16:42:43 baseweed-admin dbus-run-session[1032]:   INFO qml: [20261003-164243]          Shell ---------------------------
Oct 03 16:42:43 baseweed-admin dbus-run-session[1032]:   INFO qml: [20261003-164243]          Shell Qdshell Hello!
Oct 03 16:42:43 baseweed-admin dbus-run-session[1032]:   WARN scene: @Commons/I18n.qml[104:5]: Unable to assign QJSValue to QObject*
Oct 03 16:42:43 baseweed-admin dbus-run-session[1032]:   INFO: Configuration Loaded
Oct 03 16:42:43 baseweed-admin dbus-run-session[1032]:   WARN scene: @Commons/I18n.qml[104:5]: Unable to assign QJSValue to QObject*
Oct 03 16:42:43 baseweed-admin dbus-run-session[1032]:   INFO qml: [20261003-164243]       Settings Settings loaded
Oct 03 16:42:43 baseweed-admin dbus-run-session[1032]:   INFO qml: [20261003-164243]           I18n Loaded translations for "en"
Oct 03 16:42:43 baseweed-admin dbus-run-session[1032]:   INFO qml: [20261003-164243] PluginRegistry Loaded plugin states from: /home/admin/.config/qdshell/plugins.json
Oct 03 16:42:43 baseweed-admin dbus-run-session[1032]:   INFO qml: [20261003-164243] PluginRegistry Scanning plugin folder: /home/admin/.config/qdshell/plugins
Oct 03 16:42:43 baseweed-admin dbus-run-session[1032]:   INFO qml: [20261003-164243]          Icons Service started
Oct 03 16:42:43 baseweed-admin dbus-run-session[1032]:   INFO: ctrl-server: listening on /run/user/1000/qdshell.sock
Oct 03 16:42:43 baseweed-admin dbus-run-session[1032]:   WARN scene: QML Connections at @Services/Hardware/BrightnessService.qml[66:3]: Detected function "onEnableDdcSupportChanged" in Connections element. This is probably intended to be a signal handler but no signal of the target matches the name.
Oct 03 16:42:43 baseweed-admin dbus-run-session[1032]:   INFO qml: [20261003-164243]     Brightness Service started
Oct 03 16:42:43 baseweed-admin dbus-run-session[1032]:   INFO qml: [20261003-164243] DesktopWidgetR Service started
Oct 03 16:42:43 baseweed-admin dbus-run-session[1032]:   WARN scene: QML Connections at @Services/UI/BarService.qml[147:3]: Detected function "onDisplayModeChanged" in Connections element. This is probably intended to be a signal handler but no signal of the target matches the name.
Oct 03 16:42:43 baseweed-admin dbus-run-session[1032]:   WARN scene: QML Connections at @Services/UI/BarService.qml[147:3]: Detected function "onScreenOverridesChanged" in Connections element. This is probably intended to be a signal handler but no signal of the target matches the name.
Oct 03 16:42:43 baseweed-admin dbus-run-session[1032]:   INFO qml: [20261003-164243]     BarService Service started
Oct 03 16:42:43 baseweed-admin dbus-run-session[1032]:   WARN scene: QML Connections at @Services/Networking/NetworkService.qml[73:3]: Detected function "onWifiEnabledChanged" in Connections element. This is probably intended to be a signal handler but no signal of the target matches the name.
Oct 03 16:42:43 baseweed-admin dbus-run-session[1032]:   INFO qml: [20261003-164243]        Network Service started
Oct 03 16:42:43 baseweed-admin dbus-run-session[1032]:   WARN scene: QML Connections at @Modules/Panels/Dock/StaticDockPanel.qml[350:3]: Detected function "onPinnedAppsChanged" in Connections element. This is probably intended to be a signal handler but no signal of the target matches the name.
Oct 03 16:42:43 baseweed-admin dbus-run-session[1032]:   WARN scene: QML Connections at @Modules/Panels/Dock/StaticDockPanel.qml[350:3]: Detected function "onOnlySameOutputChanged" in Connections element. This is probably intended to be a signal handler but no signal of the target matches the name.
Oct 03 16:42:43 baseweed-admin dbus-run-session[1032]:   WARN scene: QML Connections at @Services/System/SystemStatService.qml[320:3]: Detected function "onEnableDgpuMonitoringChanged" in Connections element. This is probably intended to be a signal handler but no signal of the target matches the name.
Oct 03 16:42:43 baseweed-admin dbus-run-session[1032]:   INFO qml: [20261003-164243]     SystemStat Service started (polling deferred until a consumer registers).
Oct 03 16:42:43 baseweed-admin dbus-run-session[1032]:   WARN scene: QML Connections at @Modules/Panels/Dock/StaticDockPanel.qml[350:3]: Detected function "onPinnedAppsChanged" in Connections element. This is probably intended to be a signal handler but no signal of the target matches the name.
Oct 03 16:42:43 baseweed-admin dbus-run-session[1032]:   WARN scene: QML Connections at @Modules/Panels/Dock/StaticDockPanel.qml[350:3]: Detected function "onOnlySameOutputChanged" in Connections element. This is probably intended to be a signal handler but no signal of the target matches the name.
Oct 03 16:42:43 baseweed-admin dbus-run-session[1032]:   WARN scene: QML Connections at @Modules/Panels/Dock/StaticDockPanel.qml[350:3]: Detected function "onPinnedAppsChanged" in Connections element. This is probably intended to be a signal handler but no signal of the target matches the name.
Oct 03 16:42:43 baseweed-admin dbus-run-session[1032]:   WARN scene: QML Connections at @Modules/Panels/Dock/StaticDockPanel.qml[350:3]: Detected function "onOnlySameOutputChanged" in Connections element. This is probably intended to be a signal handler but no signal of the target matches the name.
Oct 03 16:42:43 baseweed-admin dbus-run-session[1032]:   WARN scene: QML Connections at @Services/UI/WallpaperService.qml[140:3]: Detected function "onWallpaperDownloaded" in Connections element. This is probably intended to be a signal handler but no signal of the target matches the name.
Oct 03 16:42:43 baseweed-admin dbus-run-session[1032]:   WARN scene: QML Connections at @Services/UI/WallpaperService.qml[61:3]: Detected function "onDirectoryChanged" in Connections element. This is probably intended to be a signal handler but no signal of the target matches the name.
Oct 03 16:42:43 baseweed-admin dbus-run-session[1032]:   WARN scene: QML Connections at @Services/UI/WallpaperService.qml[61:3]: Detected function "onEnableMultiMonitorDirectoriesChanged" in Connections element. This is probably intended to be a signal handler but no signal of the target matches the name.
Oct 03 16:42:43 baseweed-admin dbus-run-session[1032]:   WARN scene: QML Connections at @Services/UI/WallpaperService.qml[61:3]: Detected function "onAutomationEnabledChanged" in Connections element. This is probably intended to be a signal handler but no signal of the target matches the name.
Oct 03 16:42:43 baseweed-admin dbus-run-session[1032]:   WARN scene: QML Connections at @Services/UI/WallpaperService.qml[61:3]: Detected function "onRandomIntervalSecChanged" in Connections element. This is probably intended to be a signal handler but no signal of the target matches the name.
Oct 03 16:42:43 baseweed-admin dbus-run-session[1032]:   WARN scene: QML Connections at @Services/UI/WallpaperService.qml[61:3]: Detected function "onWallpaperChangeModeChanged" in Connections element. This is probably intended to be a signal handler but no signal of the target matches the name.
Oct 03 16:42:43 baseweed-admin dbus-run-session[1032]:   WARN scene: QML Connections at @Services/UI/WallpaperService.qml[61:3]: Detected function "onViewModeChanged" in Connections element. This is probably intended to be a signal handler but no signal of the target matches the name.
Oct 03 16:42:43 baseweed-admin dbus-run-session[1032]:   WARN scene: QML Connections at @Services/UI/WallpaperService.qml[61:3]: Detected function "onShowHiddenFilesChanged" in Connections element. This is probably intended to be a signal handler but no signal of the target matches the name.
Oct 03 16:42:43 baseweed-admin dbus-run-session[1032]:   WARN scene: QML Connections at @Services/UI/WallpaperService.qml[61:3]: Detected function "onUseSolidColorChanged" in Connections element. This is probably intended to be a signal handler but no signal of the target matches the name.
Oct 03 16:42:43 baseweed-admin dbus-run-session[1032]:   WARN scene: QML Connections at @Services/UI/WallpaperService.qml[61:3]: Detected function "onSolidColorChanged" in Connections element. This is probably intended to be a signal handler but no signal of the target matches the name.
Oct 03 16:42:43 baseweed-admin dbus-run-session[1032]:   WARN scene: QML Connections at @Services/UI/WallpaperService.qml[61:3]: Detected function "onSortOrderChanged" in Connections element. This is probably intended to be a signal handler but no signal of the target matches the name.
Oct 03 16:42:43 baseweed-admin dbus-run-session[1032]:   WARN scene: QML Connections at @Modules/Background/Background.qml[80:7]: Detected function "onFillModeChanged" in Connections element. This is probably intended to be a signal handler but no signal of the target matches the name.
Oct 03 16:42:43 baseweed-admin dbus-run-session[1032]:   WARN scene: QML Connections at @Modules/Background/Background.qml[80:7]: Detected function "onFillModeChanged" in Connections element. This is probably intended to be a signal handler but no signal of the target matches the name.
Oct 03 16:42:43 baseweed-admin dbus-run-session[1032]:   WARN scene: QML Connections at @Modules/Background/Background.qml[80:7]: Detected function "onFillModeChanged" in Connections element. This is probably intended to be a signal handler but no signal of the target matches the name.
Oct 03 16:42:43 baseweed-admin dbus-run-session[1032]:   WARN scene: QML Connections at @Modules/Dock/Dock.qml[45:7]: Detected function "onPinnedAppsChanged" in Connections element. This is probably intended to be a signal handler but no signal of the target matches the name.
Oct 03 16:42:43 baseweed-admin dbus-run-session[1032]:   WARN scene: QML Connections at @Modules/Dock/Dock.qml[45:7]: Detected function "onOnlySameOutputChanged" in Connections element. This is probably intended to be a signal handler but no signal of the target matches the name.
Oct 03 16:42:43 baseweed-admin dbus-run-session[1032]:   WARN scene: QML Connections at @Modules/Dock/Dock.qml[45:7]: Detected function "onPinnedAppsChanged" in Connections element. This is probably intended to be a signal handler but no signal of the target matches the name.
Oct 03 16:42:43 baseweed-admin dbus-run-session[1032]:   WARN scene: QML Connections at @Modules/Dock/Dock.qml[45:7]: Detected function "onOnlySameOutputChanged" in Connections element. This is probably intended to be a signal handler but no signal of the target matches the name.
Oct 03 16:42:43 baseweed-admin dbus-run-session[1032]:   WARN scene: QML Connections at @Modules/Dock/Dock.qml[45:7]: Detected function "onPinnedAppsChanged" in Connections element. This is probably intended to be a signal handler but no signal of the target matches the name.
Oct 03 16:42:43 baseweed-admin dbus-run-session[1032]:   WARN scene: QML Connections at @Modules/Dock/Dock.qml[45:7]: Detected function "onOnlySameOutputChanged" in Connections element. This is probably intended to be a signal handler but no signal of the target matches the name.
Oct 03 16:42:43 baseweed-admin dbus-run-session[1032]:   INFO qml: [20261003-164243]          Shell ---------------------------
Oct 03 16:42:43 baseweed-admin dbus-run-session[1032]:   INFO qml: [20261003-164243]      Wallpaper Service started
Oct 03 16:42:43 baseweed-admin dbus-run-session[1032]:   INFO qml: [20261003-164243]     ImageCache Service started
Oct 03 16:42:44 baseweed-admin dbus-run-session[1032]:   WARN scene: QML Connections at @Services/Theming/AppThemeService.qml[30:3]: Detected function "onDarkModeChanged" in Connections element. This is probably intended to be a signal handler but no signal of the target matches the name.
Oct 03 16:42:44 baseweed-admin dbus-run-session[1032]:   WARN scene: QML Connections at @Services/Theming/AppThemeService.qml[30:3]: Detected function "onMonitorForColorsChanged" in Connections element. This is probably intended to be a signal handler but no signal of the target matches the name.
Oct 03 16:42:44 baseweed-admin dbus-run-session[1032]:   WARN scene: QML Connections at @Services/Theming/AppThemeService.qml[30:3]: Detected function "onGenerationMethodChanged" in Connections element. This is probably intended to be a signal handler but no signal of the target matches the name.
Oct 03 16:42:44 baseweed-admin dbus-run-session[1032]:   INFO qml: [20261003-164244] AppThemeServic Service started
Oct 03 16:42:44 baseweed-admin dbus-run-session[1032]:   WARN scene: QML Connections at @Services/Theming/ColorSchemeService.qml[20:3]: Detected function "onDarkModeChanged" in Connections element. This is probably intended to be a signal handler but no signal of the target matches the name.
Oct 03 16:42:44 baseweed-admin dbus-run-session[1032]:   INFO qml: [20261003-164244]    ColorScheme Service started
Oct 03 16:42:44 baseweed-admin dbus-run-session[1032]:   INFO qml: [20261003-164244] AppPresentatio Service started
Oct 03 16:42:44 baseweed-admin dbus-run-session[1032]:   WARN scene: QML Connections at @Services/Location/DarkModeService.qml[43:3]: Detected function "onSchedulingModeChanged" in Connections element. This is probably intended to be a signal handler but no signal of the target matches the name.
Oct 03 16:42:44 baseweed-admin dbus-run-session[1032]:   WARN scene: QML Connections at @Services/Location/DarkModeService.qml[28:3]: Detected function "onManualSunriseChanged" in Connections element. This is probably intended to be a signal handler but no signal of the target matches the name.
Oct 03 16:42:44 baseweed-admin dbus-run-session[1032]:   WARN scene: QML Connections at @Services/Location/DarkModeService.qml[28:3]: Detected function "onManualSunsetChanged" in Connections element. This is probably intended to be a signal handler but no signal of the target matches the name.
Oct 03 16:42:44 baseweed-admin dbus-run-session[1032]:   INFO qml: [20261003-164244] DarkModeServic Service started
Oct 03 16:42:44 baseweed-admin dbus-run-session[1032]:   WARN scene: @Services/Location/DarkModeService.qml[29:5]: Unable to assign QJSValue to QObject*
Oct 03 16:42:44 baseweed-admin dbus-run-session[1032]:   WARN scene: @Services/Location/DarkModeService.qml[44:5]: Unable to assign QJSValue to QObject*
Oct 03 16:42:44 baseweed-admin dbus-run-session[1032]:   WARN scene: @Services/Theming/ColorSchemeService.qml[21:5]: Unable to assign QJSValue to QObject*
Oct 03 16:42:44 baseweed-admin dbus-run-session[1032]:   WARN scene: @Services/Theming/AppThemeService.qml[31:5]: Unable to assign QJSValue to QObject*
Oct 03 16:42:44 baseweed-admin dbus-run-session[1032]:   WARN scene: @Modules/Dock/Dock.qml[46:9]: Unable to assign QJSValue to QObject*
Oct 03 16:42:44 baseweed-admin dbus-run-session[1032]:   WARN scene: @Modules/Dock/Dock.qml[46:9]: Unable to assign QJSValue to QObject*
Oct 03 16:42:44 baseweed-admin dbus-run-session[1032]:   WARN scene: @Modules/Dock/Dock.qml[46:9]: Unable to assign QJSValue to QObject*
Oct 03 16:42:44 baseweed-admin dbus-run-session[1032]:   WARN scene: @Modules/Background/Background.qml[81:9]: Unable to assign QJSValue to QObject*
Oct 03 16:42:44 baseweed-admin dbus-run-session[1032]:   WARN scene: @Modules/Background/Background.qml[81:9]: Unable to assign QJSValue to QObject*
Oct 03 16:42:44 baseweed-admin dbus-run-session[1032]:   WARN scene: @Modules/Background/Background.qml[81:9]: Unable to assign QJSValue to QObject*
Oct 03 16:42:44 baseweed-admin dbus-run-session[1032]:   WARN scene: @Services/UI/WallpaperService.qml[62:5]: Unable to assign QJSValue to QObject*
Oct 03 16:42:44 baseweed-admin dbus-run-session[1032]:   WARN scene: @Modules/Panels/SessionMenu/SessionMenu.qml[152:5]: Unable to assign QJSValue to QObject*
Oct 03 16:42:44 baseweed-admin dbus-run-session[1032]:   WARN scene: @Modules/Panels/Dock/StaticDockPanel.qml[351:5]: Unable to assign QJSValue to QObject*
Oct 03 16:42:44 baseweed-admin dbus-run-session[1032]:   WARN scene: @Modules/Panels/SessionMenu/SessionMenu.qml[152:5]: Unable to assign QJSValue to QObject*
Oct 03 16:42:44 baseweed-admin dbus-run-session[1032]:   WARN scene: @Modules/Panels/Dock/StaticDockPanel.qml[351:5]: Unable to assign QJSValue to QObject*
Oct 03 16:42:44 baseweed-admin dbus-run-session[1032]:   WARN scene: @Services/System/SystemStatService.qml[321:5]: Unable to assign QJSValue to QObject*
Oct 03 16:42:44 baseweed-admin dbus-run-session[1032]:   WARN scene: @Modules/Panels/SessionMenu/SessionMenu.qml[152:5]: Unable to assign QJSValue to QObject*
Oct 03 16:42:44 baseweed-admin dbus-run-session[1032]:   WARN scene: @Services/Networking/NetworkService.qml[74:5]: Unable to assign QJSValue to QObject*
Oct 03 16:42:44 baseweed-admin dbus-run-session[1032]:   WARN scene: @Modules/Panels/Dock/StaticDockPanel.qml[351:5]: Unable to assign QJSValue to QObject*
Oct 03 16:42:44 baseweed-admin dbus-run-session[1032]:   WARN scene: @Services/UI/BarService.qml[148:5]: Unable to assign QJSValue to QObject*
Oct 03 16:42:44 baseweed-admin dbus-run-session[1032]:   WARN scene: @Services/Hardware/BrightnessService.qml[67:5]: Unable to assign QJSValue to QObject*
Oct 03 16:42:44 baseweed-admin dbus-run-session[1032]:   INFO qml: [20261003-164244]      Wallpaper Starting scan for Virtual-1 in /home/admin/Pictures/Wallpapers recursive: false
Oct 03 16:42:44 baseweed-admin dbus-run-session[1032]:   INFO qml: [20261003-164244]      Wallpaper Starting scan for pipewire-0 in /home/admin/Pictures/Wallpapers recursive: false
Oct 03 16:42:44 baseweed-admin dbus-run-session[1032]:   INFO qml: [20261003-164244]      Wallpaper Starting scan for pipewire-1 in /home/admin/Pictures/Wallpapers recursive: false
Oct 03 16:42:44 baseweed-admin dbus-run-session[1032]:   INFO qml: [20261003-164244]       Location Service started
Oct 03 16:42:44 baseweed-admin dbus-run-session[1032]:   WARN scene: QML Connections at @Services/Location/NightLightService.qml[96:3]: Detected function "onEnabledChanged" in Connections element. This is probably intended to be a signal handler but no signal of the target matches the name.
Oct 03 16:42:44 baseweed-admin dbus-run-session[1032]:   WARN scene: QML Connections at @Services/Location/NightLightService.qml[96:3]: Detected function "onForcedChanged" in Connections element. This is probably intended to be a signal handler but no signal of the target matches the name.
Oct 03 16:42:44 baseweed-admin dbus-run-session[1032]:   WARN scene: QML Connections at @Services/Location/NightLightService.qml[96:3]: Detected function "onNightTempChanged" in Connections element. This is probably intended to be a signal handler but no signal of the target matches the name.
Oct 03 16:42:44 baseweed-admin dbus-run-session[1032]:   WARN scene: QML Connections at @Services/Location/NightLightService.qml[96:3]: Detected function "onDayTempChanged" in Connections element. This is probably intended to be a signal handler but no signal of the target matches the name.
Oct 03 16:42:44 baseweed-admin dbus-run-session[1032]:   WARN scene: QML Connections at @Services/Control/HooksService.qml[16:3]: Detected function "onDarkModeChanged" in Connections element. This is probably intended to be a signal handler but no signal of the target matches the name.
Oct 03 16:42:44 baseweed-admin dbus-run-session[1032]:   INFO qml: [20261003-164244]   HooksService Service started
Oct 03 16:42:44 baseweed-admin dbus-run-session[1032]:   WARN quickshell.dbus.objectmanager: Failed to create DBusObjectManagerInterface for "org.bluez" "/" : QDBusError("org.freedesktop.DBus.Error.ServiceUnknown", "The name is not activatable")
Oct 03 16:42:44 baseweed-admin dbus-run-session[1032]:   INFO qml: [20261003-164244]      Bluetooth Service started
Oct 03 16:42:44 baseweed-admin dbus-run-session[1032]:   INFO qml: [20261003-164244]  IdleInhibitor Service started
Oct 03 16:42:44 baseweed-admin dbus-run-session[1032]:   INFO qml: [20261003-164244] CapabilityServ qdwin live-apply capabilities: pointer=false xkb=false wm=false output=false workspace=false idleDpms=false keybind=false
Oct 03 16:42:44 baseweed-admin dbus-run-session[1032]:   INFO qml: [20261003-164244]   PowerService Service started
Oct 03 16:42:44 baseweed-admin dbus-run-session[1032]:   INFO qml: [20261003-164244] AccessibilityS Service started
Oct 03 16:42:44 baseweed-admin dbus-run-session[1032]:   INFO qml: [20261003-164244]  KeyboardInput Service started
Oct 03 16:42:44 baseweed-admin dbus-run-session[1032]:   INFO qml: [20261003-164244] PointerInputSe Service started (qdwin live-apply: persist-only until shell binds >= v28)
Oct 03 16:42:44 baseweed-admin dbus-run-session[1032]:   INFO qml: [20261003-164244] WindowManagerS Service started (qdwin v25 live-apply: false, shortcuts: false)
Oct 03 16:42:44 baseweed-admin dbus-run-session[1032]:   INFO qml: [20261003-164244] SessionService started; saved=0 canApplyPlacement=false
Oct 03 16:42:44 baseweed-admin dbus-run-session[1032]:   INFO qml: [20261003-164244]    HostService Service started
Oct 03 16:42:44 baseweed-admin dbus-run-session[1032]:   INFO qml: [20261003-164244] CustomButtonIP Service started
Oct 03 16:42:44 baseweed-admin dbus-run-session[1032]:   INFO qml: [20261003-164244]     IPCService Service started
Oct 03 16:42:44 baseweed-admin dbus-run-session[1032]:   INFO qml: [20261003-164244]        PodApps service started
Oct 03 16:42:44 baseweed-admin dbus-run-session[1032]:   INFO qml: [20261003-164244]         VMApps service started
Oct 03 16:42:44 baseweed-admin dbus-run-session[1032]:   INFO qml: [20261003-164244]      Tier3Apps service started
Oct 03 16:42:44 baseweed-admin dbus-run-session[1032]:   INFO qml: [20261003-164244]     Tier3sApps service started
Oct 03 16:42:44 baseweed-admin dbus-run-session[1032]:   INFO qml: [20261003-164244]      Tier4Apps service started
Oct 03 16:42:44 baseweed-admin dbus-run-session[1032]:   INFO qml: [20261003-164244] RemoteMachineW service started
Oct 03 16:42:44 baseweed-admin dbus-run-session[1032]:   INFO qml: [20261003-164244]  Tier3FocusIPC service started
Oct 03 16:42:44 baseweed-admin dbus-run-session[1032]:   WARN quickshell.dbus: Could not launch service org.freedesktop.UPower.PowerProfiles: QDBusError(org.freedesktop.DBus.Error.ServiceUnknown, The name is not activatable)
Oct 03 16:42:44 baseweed-admin dbus-run-session[1032]:   WARN quickshell.service.powerprofiles: Could not start PowerProfilesDaemon. The PowerProfiles service will not work.
Oct 03 16:42:44 baseweed-admin dbus-run-session[1032]:   INFO qml: [20261003-164244]          Qdwin qdwin_shell_v1 bound v34
Oct 03 16:42:44 baseweed-admin dbus-run-session[1032]:   INFO qml: [20261003-164244]  ClipboardGate wired to qdwin_shell_v1; broker default=deny
Oct 03 16:42:44 baseweed-admin dbus-run-session[1032]:   INFO qml: [20261003-164244] WindowManagerS applied WM policy focus=click placement=smart snap=true/16
Oct 03 16:42:44 baseweed-admin dbus-run-session[1032]:   INFO qml: [20261003-164244] CapabilityServ wmPolicy -> true
Oct 03 16:42:44 baseweed-admin dbus-run-session[1032]:   INFO qml: [20261003-164244] WindowManagerS registered WM shortcuts (5 active)
Oct 03 16:42:44 baseweed-admin dbus-run-session[1032]:   INFO qml: [20261003-164244] CapabilityServ keybindRegistration -> true
Oct 03 16:42:44 baseweed-admin dbus-run-session[1032]:   INFO qml: [20261003-164244] PointerInputSe applied pointer config accelSpeed=0 profile=0 natural=0 tap=1 scroll=1
Oct 03 16:42:44 baseweed-admin dbus-run-session[1032]:   INFO qml: [20261003-164244] CapabilityServ pointerConfig -> true
Oct 03 16:42:44 baseweed-admin dbus-run-session[1032]:   INFO qml: [20261003-164244]  KeyboardInput applied qdwin key-repeat rate=25 delay=500
Oct 03 16:42:44 baseweed-admin dbus-run-session[1032]:   INFO qml: [20261003-164244] CapabilityServ xkbRepeat -> true
Oct 03 16:42:44 baseweed-admin dbus-run-session[1032]:   INFO qml: [20261003-164244]   PowerService idle policy armed: inactivity=0ms (nothing), displayOff=0ms, presentation=false
Oct 03 16:42:44 baseweed-admin dbus-run-session[1032]:   INFO qml: [20261003-164244] CapabilityServ idleDpms -> true
Oct 03 16:42:44 baseweed-admin dbus-run-session[1032]:   INFO qml: [20261003-164244] CapabilityServ outputManagement -> true
Oct 03 16:42:44 baseweed-admin dbus-run-session[1032]:   WARN qml: [20261003-164244]       Location Weather is still fetching
Oct 03 16:42:44 baseweed-admin dbus-run-session[1032]:   WARN quickshell.dbus: Could not launch service org.freedesktop.UPower: QDBusError(org.freedesktop.DBus.Error.ServiceUnknown, The name is not activatable)
Oct 03 16:42:44 baseweed-admin dbus-run-session[1032]:   WARN quickshell.service.upower: Could not start UPower. The UPower service will not work.
Oct 03 16:42:44 baseweed-admin dbus-run-session[1032]:   INFO qml: [20261003-164244]    HostService resolved hostname baseweed-admin
Oct 03 16:42:44 baseweed-admin dbus-run-session[1032]:   INFO qml: [20261003-164244]    HostService Detected openSUSE Tumbleweed
Oct 03 16:42:44 baseweed-admin dbus-run-session[1032]:   INFO qml: [20261003-164244]    HostService Looking for logo icon: distributor-logo-Tumbleweed
Oct 03 16:42:44 baseweed-admin dbus-run-session[1032]:   WARN: Process failed to start, likely because the binary could not be found. Command: QList("bluetoothctl", "show")
Oct 03 16:42:44 baseweed-admin dbus-run-session[1032]:   WARN: Process failed to start, likely because the binary could not be found. Command: QList("udisksctl", "monitor")
Oct 03 16:42:44 baseweed-admin dbus-run-session[1032]:  ERROR qml: [20261003-164244]       Location Geocoding error: 0
Oct 03 16:42:45 baseweed-admin dbus-run-session[1032]:   WARN scene: QML Connections at qs:/usr/share/quickshell/qdshell/Modules/Bar/Widgets/Taskbar.qml[981:3]: Detected function "onPinnedAppsChanged" in Connections element. This is probably intended to be a signal handler but no signal of the target matches the name.
Oct 03 16:42:45 baseweed-admin dbus-run-session[1032]:   WARN scene: QML Connections at qs:/usr/share/quickshell/qdshell/Modules/Bar/Widgets/Taskbar.qml[981:3]: Detected function "onPinnedAppsChanged" in Connections element. This is probably intended to be a signal handler but no signal of the target matches the name.
Oct 03 16:42:45 baseweed-admin dbus-run-session[1032]:   WARN scene: QML Connections at qs:/usr/share/quickshell/qdshell/Modules/Bar/Widgets/Taskbar.qml[981:3]: Detected function "onPinnedAppsChanged" in Connections element. This is probably intended to be a signal handler but no signal of the target matches the name.
Oct 03 16:42:45 baseweed-admin dbus-run-session[1032]:   INFO qml: [20261003-164245] PluginRegistry All plugin manifests loaded. Total plugins: 0
Oct 03 16:42:45 baseweed-admin dbus-run-session[1032]:   INFO qml: [20261003-164245]  PluginService Initializing plugin system
Oct 03 16:42:45 baseweed-admin dbus-run-session[1032]:   INFO qml: [20261003-164245]  PluginService Found 0 enabled plugins: []
Oct 03 16:42:45 baseweed-admin dbus-run-session[1032]:   INFO qml: [20261003-164245]  PluginService No plugins to load
Oct 03 16:42:45 baseweed-admin dbus-run-session[1032]:   INFO qml: [20261003-164245]  PluginService Refreshing available plugins
Oct 03 16:42:45 baseweed-admin dbus-run-session[1032]:   WARN qml: [20261003-164245]     ImageCache ImageMagick not found, using Qt fallback
Oct 03 16:42:45 baseweed-admin dbus-run-session[1032]:   WARN qml: [20261003-164245]      Wallpaper Scan failed for Virtual-1 exit code: 1 (directory might not exist)
Oct 03 16:42:45 baseweed-admin dbus-run-session[1032]:   WARN qml: [20261003-164245]      Wallpaper Scan failed for pipewire-0 exit code: 1 (directory might not exist)
Oct 03 16:42:45 baseweed-admin dbus-run-session[1032]:   WARN qml: [20261003-164245]      Wallpaper Scan failed for pipewire-1 exit code: 1 (directory might not exist)
Oct 03 16:42:45 baseweed-admin dbus-run-session[1032]:   WARN qml: [20261003-164245]   PowerService Button monitor unavailable (exit 1); releasing key inhibitors, logind will handle power/sleep keys
Oct 03 16:42:45 baseweed-admin dbus-run-session[1032]:   INFO qml: [20261003-164245]  KeyboardInput applied qdwin key-repeat rate=25 delay=500
Oct 03 16:42:45 baseweed-admin dbus-run-session[1032]:   INFO qml: [20261003-164245] PointerInputSe enumerated 3 pointer device(s) via proc
Oct 03 16:42:45 baseweed-admin dbus-run-session[1032]:   INFO qml: [20261003-164245]        PodApps cache refresh loaded 0 apps
Oct 03 16:42:52 baseweed-admin dbus-run-session[1032]:   WARN: Could not load icon "user-desktop?fallback=application-x-executable" at size QSize(19, 19) from request
Oct 03 16:42:52 baseweed-admin dbus-run-session[1032]:   WARN: Could not load icon "user-desktop?fallback=application-x-executable" at size QSize(2, 2) from request
Oct 03 16:42:52 baseweed-admin dbus-run-session[1032]:   WARN scene: qs:/usr/share/quickshell/qdshell/Modules/Bar/Widgets/Taskbar.qml[982:5]: Unable to assign QJSValue to QObject*
Oct 03 16:42:52 baseweed-admin dbus-run-session[1032]:   WARN scene: qs:/usr/share/quickshell/qdshell/Modules/Bar/Widgets/Taskbar.qml[982:5]: Unable to assign QJSValue to QObject*
Oct 03 16:42:52 baseweed-admin dbus-run-session[1032]:   WARN scene: qs:/usr/share/quickshell/qdshell/Modules/Bar/Widgets/Taskbar.qml[982:5]: Unable to assign QJSValue to QObject*
Oct 03 16:42:52 baseweed-admin dbus-run-session[1032]:   WARN scene: @Services/Control/HooksService.qml[17:5]: Unable to assign QJSValue to QObject*
Oct 03 16:42:52 baseweed-admin dbus-run-session[1032]:   WARN scene: @Services/Location/NightLightService.qml[97:5]: Unable to assign QJSValue to QObject*
Oct 03 16:42:52 baseweed-admin dbus-run-session[1032]:   INFO qml: [20261003-164252]    ColorScheme Applying color scheme: Qdshell (default)
Oct 03 16:42:52 baseweed-admin dbus-run-session[1032]:   INFO qml: [20261003-164253]           Time Time jump detected (10s) - likely system resume
Oct 03 16:42:53 baseweed-admin dbus-run-session[1032]:   INFO qml: [20261003-164253]        Network System resumed - forcing state poll
Oct 03 16:42:53 baseweed-admin dbus-run-session[1032]:   INFO qml: [20261003-164253]     SystemStat System resumed - resetting differential state
Oct 03 16:42:53 baseweed-admin dbus-run-session[1032]:   INFO qml: [20261003-164253] DarkModeServic System resumed - re-evaluating dark mode
Oct 03 16:42:53 baseweed-admin dbus-run-session[1032]:   INFO qml: [20261003-164253]     NightLight System resumed - re-applying night light
Oct 03 16:42:53 baseweed-admin dbus-run-session[1032]:   INFO qml: [20261003-164253]      Bluetooth System resumed - forcing state poll
Oct 03 16:42:53 baseweed-admin dbus-run-session[1032]:   INFO qml: [20261003-164253]           Font Service started
Oct 03 16:42:53 baseweed-admin dbus-run-session[1032]:  ERROR qml: [20261003-164253]  PluginService Empty response from Qdshell Plugins
Oct 03 16:42:53 baseweed-admin dbus-run-session[1032]:  ERROR qml: [20261003-164253]  PluginService Failed to fetch registry from Qdshell Plugins - exit code: 1
Oct 03 16:42:53 baseweed-admin dbus-run-session[1032]:   INFO qml: [20261003-164253]        PodApps cache refresh loaded 0 apps
Oct 03 16:42:55 baseweed-admin dbus-run-session[1032]:   WARN qml: [20261003-164255]        Network Connectivity check error: Error: Not authorized to recheck connectivity.
Oct 03 16:42:55 baseweed-admin dbus-run-session[1032]:   INFO qml: [20261003-164255]           Font Loaded 11 fonts, 3 monospace
Oct 03 16:42:57 baseweed-admin dbus-run-session[1032]:   INFO qml: [20261003-164257] DarkModeServic Resume retry - re-evaluating dark mode again
Oct 03 16:42:57 baseweed-admin dbus-run-session[1032]:   INFO qml: [20261003-164257]     NightLight Resume retry - re-applying night light again
Oct 03 16:42:57 baseweed-admin dbus-run-session[1032]:   WARN: Process failed to start, likely because the binary could not be found. Command: QList("bluetoothctl", "show")
Oct 03 16:42:58 baseweed-admin dbus-run-session[1032]:   WARN qml: [20261003-164258]     SystemStat No supported temperature sensor found
Oct 03 16:42:59 baseweed-admin dbus-run-session[1032]:   WARN: Process failed to start, likely because the binary could not be found. Command: QList("bluetoothctl", "show")
Oct 03 16:43:01 baseweed-admin dbus-run-session[1032]:   WARN: Process failed to start, likely because the binary could not be found. Command: QList("bluetoothctl", "show")
Oct 03 16:43:03 baseweed-admin dbus-run-session[1032]:   WARN: Process failed to start, likely because the binary could not be found. Command: QList("bluetoothctl", "show")
Oct 03 16:43:04 baseweed-admin dbus-run-session[1032]:   WARN qml: [20261003-164304]       Location Weather is still fetching
Oct 03 16:43:04 baseweed-admin dbus-run-session[1032]:  ERROR qml: [20261003-164304]       Location Geocoding error: 0
Oct 03 16:43:05 baseweed-admin dbus-run-session[1032]:   WARN: Process failed to start, likely because the binary could not be found. Command: QList("bluetoothctl", "show")
Oct 03 16:43:07 baseweed-admin dbus-run-session[1032]:   WARN: Process failed to start, likely because the binary could not be found. Command: QList("bluetoothctl", "show")
Oct 03 16:43:08 baseweed-admin dbus-run-session[1032]:   WARN qml: [20261003-164308]        Network Connectivity check error: Error: Not authorized to recheck connectivity.
Oct 03 16:43:09 baseweed-admin dbus-run-session[1032]:   WARN: Process failed to start, likely because the binary could not be found. Command: QList("bluetoothctl", "show")
Oct 03 16:43:11 baseweed-admin dbus-run-session[1032]:   WARN: Process failed to start, likely because the binary could not be found. Command: QList("bluetoothctl", "show")
Oct 03 16:43:13 baseweed-admin dbus-run-session[1032]:   WARN: Process failed to start, likely because the binary could not be found. Command: QList("bluetoothctl", "show")
Oct 03 16:43:14 baseweed-admin dbus-run-session[1032]:   INFO qml: [20261003-164314]        PodApps cache refresh loaded 0 apps
Oct 03 16:43:15 baseweed-admin dbus-run-session[1032]:   WARN: Process failed to start, likely because the binary could not be found. Command: QList("bluetoothctl", "show")
Oct 03 16:43:17 baseweed-admin dbus-run-session[1032]:   WARN: Process failed to start, likely because the binary could not be found. Command: QList("bluetoothctl", "show")
Oct 03 16:43:19 baseweed-admin dbus-run-session[1032]:   WARN: Process failed to start, likely because the binary could not be found. Command: QList("bluetoothctl", "show")
Oct 03 16:43:21 baseweed-admin dbus-run-session[1032]:   WARN: Process failed to start, likely because the binary could not be found. Command: QList("bluetoothctl", "show")
Oct 03 16:43:23 baseweed-admin dbus-run-session[1032]:   WARN qml: [20261003-164323]        Network Connectivity check error: Error: Not authorized to recheck connectivity.
Oct 03 16:43:23 baseweed-admin dbus-run-session[1032]:   WARN: Process failed to start, likely because the binary could not be found. Command: QList("bluetoothctl", "show")
Oct 03 16:43:24 baseweed-admin dbus-run-session[1032]:   WARN qml: [20261003-164324]       Location Weather is still fetching
Oct 03 16:43:24 baseweed-admin dbus-run-session[1032]:  ERROR qml: [20261003-164324]       Location Geocoding error: 0
Oct 03 16:43:25 baseweed-admin dbus-run-session[1032]:   WARN: Process failed to start, likely because the binary could not be found. Command: QList("bluetoothctl", "show")
Oct 03 16:43:27 baseweed-admin dbus-run-session[1032]:   WARN: Process failed to start, likely because the binary could not be found. Command: QList("bluetoothctl", "show")
Oct 03 16:43:29 baseweed-admin dbus-run-session[1032]:   WARN: Process failed to start, likely because the binary could not be found. Command: QList("bluetoothctl", "show")
Oct 03 16:43:31 baseweed-admin dbus-run-session[1032]:   WARN: Process failed to start, likely because the binary could not be found. Command: QList("bluetoothctl", "show")
Oct 03 16:43:33 baseweed-admin dbus-run-session[1032]:   WARN: Process failed to start, likely because the binary could not be found. Command: QList("bluetoothctl", "show")
Oct 03 16:43:35 baseweed-admin dbus-run-session[1032]:   WARN: Process failed to start, likely because the binary could not be found. Command: QList("bluetoothctl", "show")
Oct 03 16:43:37 baseweed-admin dbus-run-session[1032]:   WARN: Process failed to start, likely because the binary could not be found. Command: QList("bluetoothctl", "show")
Oct 03 16:43:38 baseweed-admin dbus-run-session[1032]:   WARN qml: [20261003-164338]        Network Connectivity check error: Error: Not authorized to recheck connectivity.
Oct 03 16:43:39 baseweed-admin dbus-run-session[1032]:   WARN: Process failed to start, likely because the binary could not be found. Command: QList("bluetoothctl", "show")
Oct 03 16:43:41 baseweed-admin dbus-run-session[1032]:   WARN: Process failed to start, likely because the binary could not be found. Command: QList("bluetoothctl", "show")
Oct 03 16:43:43 baseweed-admin dbus-run-session[1032]:   WARN: Process failed to start, likely because the binary could not be found. Command: QList("bluetoothctl", "show")
Oct 03 16:43:44 baseweed-admin dbus-run-session[1032]:   WARN qml: [20261003-164344]       Location Weather is still fetching
Oct 03 16:43:44 baseweed-admin dbus-run-session[1032]:  ERROR qml: [20261003-164344]       Location Geocoding error: 0
Oct 03 16:43:44 baseweed-admin dbus-run-session[1032]:   INFO qml: [20261003-164344]        PodApps cache refresh loaded 0 apps
Oct 03 16:43:45 baseweed-admin dbus-run-session[1032]:   WARN: Process failed to start, likely because the binary could not be found. Command: QList("bluetoothctl", "show")
Oct 03 16:43:47 baseweed-admin dbus-run-session[1032]:   WARN: Process failed to start, likely because the binary could not be found. Command: QList("bluetoothctl", "show")
Oct 03 16:43:49 baseweed-admin dbus-run-session[1032]:   WARN: Process failed to start, likely because the binary could not be found. Command: QList("bluetoothctl", "show")
Oct 03 16:43:51 baseweed-admin dbus-run-session[1032]:   WARN: Process failed to start, likely because the binary could not be found. Command: QList("bluetoothctl", "show")
Oct 03 16:43:53 baseweed-admin dbus-run-session[1032]:   WARN qml: [20261003-164353]        Network Connectivity check error: Error: Not authorized to recheck connectivity.
Oct 03 16:43:53 baseweed-admin dbus-run-session[1032]:   WARN: Process failed to start, likely because the binary could not be found. Command: QList("bluetoothctl", "show")
Oct 03 16:43:53 baseweed-admin dbus-run-session[1032]:   INFO qml: [20261003-164353]        PodApps auto-scan: qdistro-tier3s-s122a transitioned to running
Oct 03 16:43:55 baseweed-admin dbus-run-session[1032]:   WARN: Process failed to start, likely because the binary could not be found. Command: QList("bluetoothctl", "show")
Oct 03 16:43:55 baseweed-admin dbus-run-session[1032]:   WARN qml: [20261003-164355]        PodApps scan failed for qdistro-tier3s-s122a (exit 2)
Oct 03 16:43:57 baseweed-admin dbus-run-session[1032]:   WARN: Process failed to start, likely because the binary could not be found. Command: QList("bluetoothctl", "show")
Oct 03 16:43:59 baseweed-admin dbus-run-session[1032]:   WARN: Process failed to start, likely because the binary could not be found. Command: QList("bluetoothctl", "show")
Oct 03 16:44:01 baseweed-admin dbus-run-session[1032]:   WARN: Process failed to start, likely because the binary could not be found. Command: QList("bluetoothctl", "show")
Oct 03 16:44:03 baseweed-admin dbus-run-session[1032]:   WARN: Process failed to start, likely because the binary could not be found. Command: QList("bluetoothctl", "show")
Oct 03 16:44:03 baseweed-admin dbus-run-session[1032]:   INFO qml: [20261003-164403]        PodApps auto-scan: qdistro-tier3s-s122a transitioned to running
Oct 03 16:44:04 baseweed-admin dbus-run-session[1032]:   WARN qml: [20261003-164404]       Location Weather is still fetching
Oct 03 16:44:04 baseweed-admin dbus-run-session[1032]:  ERROR qml: [20261003-164404]       Location Geocoding error: 0
Oct 03 16:44:05 baseweed-admin dbus-run-session[1032]:   WARN: Process failed to start, likely because the binary could not be found. Command: QList("bluetoothctl", "show")
Oct 03 16:44:05 baseweed-admin dbus-run-session[1032]:   WARN qml: [20261003-164405]        PodApps scan failed for qdistro-tier3s-s122a (exit 2)
Oct 03 16:44:07 baseweed-admin dbus-run-session[1032]:   WARN: Process failed to start, likely because the binary could not be found. Command: QList("bluetoothctl", "show")
Oct 03 16:44:08 baseweed-admin dbus-run-session[1032]:   WARN qml: [20261003-164408]        Network Connectivity check error: Error: Not authorized to recheck connectivity.
Oct 03 16:44:09 baseweed-admin dbus-run-session[1032]:   WARN: Process failed to start, likely because the binary could not be found. Command: QList("bluetoothctl", "show")
Oct 03 16:44:11 baseweed-admin dbus-run-session[1032]:   WARN: Process failed to start, likely because the binary could not be found. Command: QList("bluetoothctl", "show")
Oct 03 16:44:13 baseweed-admin dbus-run-session[1032]:   WARN: Process failed to start, likely because the binary could not be found. Command: QList("bluetoothctl", "show")
Oct 03 16:44:14 baseweed-admin dbus-run-session[1032]:   INFO qml: [20261003-164414]        PodApps cache refresh loaded 0 apps
Oct 03 16:44:14 baseweed-admin dbus-run-session[1032]:   INFO qml: [20261003-164414]        PodApps auto-scan: qdistro-tier3s-s122a transitioned to running
Oct 03 16:44:15 baseweed-admin dbus-run-session[1032]:   WARN: Process failed to start, likely because the binary could not be found. Command: QList("bluetoothctl", "show")
Oct 03 16:44:17 baseweed-admin podman[7603]: 2026-10-03 16:44:17.025543281 +0000 UTC m=+0.151551749 container exec 5973c702844b9bebffd6638796b958daa1e033f7fbf308742fdf54f7cdfcd0aa (image=localhost/qdistro/tier3s-headless-smoke:latest, name=qdistro-tier3s-s122a, org.opensuse.base.title=openSUSE Tumbleweed Base Container, org.opensuse.base.url=https://www.opensuse.org, org.opensuse.base.lifecycle-url=https://en.opensuse.org/Lifetime, org.opensuse.reference=registry.opensuse.org/opensuse/tumbleweed:20260930.37.208, org.openbuildservice.disturl=obs://build.opensuse.org/openSUSE:Factory/images/561f9d4c8e4e1a441f95ad4ec6b5a914-opensuse-tumbleweed-image:docker, org.opencontainers.image.title=openSUSE Tumbleweed Base Container, org.qdistro.tier3s.workload=headless-smoke, org.opencontainers.image.description=Image containing a minimal environment for containers based on openSUSE Tumbleweed., io.buildah.version=1.44.1, org.opensuse.base.version=20260930.37.208, org.qdistro.snapshot=20260930, org.opensuse.lifecycle-url=https://en.opensuse.org/Lifetime, org.opencontainers.image.version=20260930.37.208, org.opensuse.base.description=Image containing a minimal environment for containers based on openSUSE Tumbleweed., org.opensuse.base.disturl=obs://build.opensuse.org/openSUSE:Factory/images/561f9d4c8e4e1a441f95ad4ec6b5a914-opensuse-tumbleweed-image:docker, org.opensuse.base.source=https://build.opensuse.org/package/show/openSUSE:Factory/opensuse-tumbleweed-image?rev=561f9d4c8e4e1a441f95ad4ec6b5a914, org.opensuse.base.vendor=openSUSE Project, org.opencontainers.image.source=https://build.opensuse.org/package/show/openSUSE:Factory/opensuse-tumbleweed-image?rev=561f9d4c8e4e1a441f95ad4ec6b5a914, qdistro_tier3s_token=d015272193819e68a38c46cdde1857dd, qdistro_tier3s_unit=qdistro-tier3s-silo@s122a.service, org.opensuse.base.created=2026-09-30T20:05:54.126624488Z, org.opensuse.base.reference=registry.opensuse.org/opensuse/tumbleweed:20260930.37.208, org.opencontainers.image.vendor=openSUSE Project, org.opencontainers.image.created=2026-09-30T20:05:54.126624488Z, org.opencontainers.image.url=https://www.opensuse.org)
Oct 03 16:44:17 baseweed-admin conmon[7626]: conmon 5973c702844b9bebffd6 <nwarn>: Failed to open cgroups file: /sys/fs/cgroup/user.slice/user-1000.slice/user@1000.service/app.slice/qdshell.service/memory.events
Oct 03 16:44:17 baseweed-admin podman[7649]: 2026-10-03 16:44:17.102017973 +0000 UTC m=+0.052787046 container exec_died 5973c702844b9bebffd6638796b958daa1e033f7fbf308742fdf54f7cdfcd0aa (image=localhost/qdistro/tier3s-headless-smoke:latest, name=qdistro-tier3s-s122a, execID=da57c5de71f10c4f0ea28bfc06b89576bbd02e7ef0ba8a7c3dc1e01af7162aa7, org.opencontainers.image.title=openSUSE Tumbleweed Base Container, org.opencontainers.image.url=https://www.opensuse.org, org.opensuse.base.version=20260930.37.208, org.openbuildservice.disturl=obs://build.opensuse.org/openSUSE:Factory/images/561f9d4c8e4e1a441f95ad4ec6b5a914-opensuse-tumbleweed-image:docker, org.opencontainers.image.source=https://build.opensuse.org/package/show/openSUSE:Factory/opensuse-tumbleweed-image?rev=561f9d4c8e4e1a441f95ad4ec6b5a914, org.opencontainers.image.vendor=openSUSE Project, org.opensuse.lifecycle-url=https://en.opensuse.org/Lifetime, org.opensuse.base.title=openSUSE Tumbleweed Base Container, org.opensuse.base.description=Image containing a minimal environment for containers based on openSUSE Tumbleweed., io.buildah.version=1.44.1, org.qdistro.snapshot=20260930, qdistro_tier3s_token=d015272193819e68a38c46cdde1857dd, qdistro_tier3s_unit=qdistro-tier3s-silo@s122a.service, org.opensuse.base.disturl=obs://build.opensuse.org/openSUSE:Factory/images/561f9d4c8e4e1a441f95ad4ec6b5a914-opensuse-tumbleweed-image:docker, org.opencontainers.image.version=20260930.37.208, org.opensuse.base.created=2026-09-30T20:05:54.126624488Z, org.opensuse.base.url=https://www.opensuse.org, org.opencontainers.image.created=2026-09-30T20:05:54.126624488Z, org.qdistro.tier3s.workload=headless-smoke, org.opensuse.base.reference=registry.opensuse.org/opensuse/tumbleweed:20260930.37.208, org.opensuse.base.vendor=openSUSE Project, org.opensuse.reference=registry.opensuse.org/opensuse/tumbleweed:20260930.37.208, org.opensuse.base.lifecycle-url=https://en.opensuse.org/Lifetime, org.opencontainers.image.description=Image containing a minimal environment for containers based on openSUSE Tumbleweed., org.opensuse.base.source=https://build.opensuse.org/package/show/openSUSE:Factory/opensuse-tumbleweed-image?rev=561f9d4c8e4e1a441f95ad4ec6b5a914)
Oct 03 16:44:17 baseweed-admin podman[7603]: 2026-10-03 16:44:17.169220664 +0000 UTC m=+0.295229132 container exec_died 5973c702844b9bebffd6638796b958daa1e033f7fbf308742fdf54f7cdfcd0aa (image=localhost/qdistro/tier3s-headless-smoke:latest, name=qdistro-tier3s-s122a, qdistro_tier3s_unit=qdistro-tier3s-silo@s122a.service, org.opencontainers.image.description=Image containing a minimal environment for containers based on openSUSE Tumbleweed., org.opencontainers.image.version=20260930.37.208, org.qdistro.snapshot=20260930, org.opensuse.lifecycle-url=https://en.opensuse.org/Lifetime, org.opensuse.base.lifecycle-url=https://en.opensuse.org/Lifetime, org.opensuse.base.version=20260930.37.208, org.opensuse.reference=registry.opensuse.org/opensuse/tumbleweed:20260930.37.208, execID=da57c5de71f10c4f0ea28bfc06b89576bbd02e7ef0ba8a7c3dc1e01af7162aa7, org.opencontainers.image.url=https://www.opensuse.org, org.qdistro.tier3s.workload=headless-smoke, org.opensuse.base.description=Image containing a minimal environment for containers based on openSUSE Tumbleweed., org.opensuse.base.source=https://build.opensuse.org/package/show/openSUSE:Factory/opensuse-tumbleweed-image?rev=561f9d4c8e4e1a441f95ad4ec6b5a914, org.opensuse.base.url=https://www.opensuse.org, io.buildah.version=1.44.1, org.opencontainers.image.source=https://build.opensuse.org/package/show/openSUSE:Factory/opensuse-tumbleweed-image?rev=561f9d4c8e4e1a441f95ad4ec6b5a914, org.opencontainers.image.vendor=openSUSE Project, qdistro_tier3s_token=d015272193819e68a38c46cdde1857dd, org.opencontainers.image.title=openSUSE Tumbleweed Base Container, org.opencontainers.image.created=2026-09-30T20:05:54.126624488Z, org.opensuse.base.created=2026-09-30T20:05:54.126624488Z, org.opensuse.base.reference=registry.opensuse.org/opensuse/tumbleweed:20260930.37.208, org.opensuse.base.disturl=obs://build.opensuse.org/openSUSE:Factory/images/561f9d4c8e4e1a441f95ad4ec6b5a914-opensuse-tumbleweed-image:docker, org.opensuse.base.title=openSUSE Tumbleweed Base Container, org.opensuse.base.vendor=openSUSE Project, org.openbuildservice.disturl=obs://build.opensuse.org/openSUSE:Factory/images/561f9d4c8e4e1a441f95ad4ec6b5a914-opensuse-tumbleweed-image:docker)
Oct 03 16:44:17 baseweed-admin dbus-run-session[1032]:   INFO qml: [20261003-164417]        PodApps cache refresh loaded 0 apps
Oct 03 16:44:17 baseweed-admin dbus-run-session[1032]:   WARN: Process failed to start, likely because the binary could not be found. Command: QList("bluetoothctl", "show")
Oct 03 16:44:19 baseweed-admin dbus-run-session[1032]:   WARN: Process failed to start, likely because the binary could not be found. Command: QList("bluetoothctl", "show")
Oct 03 16:44:21 baseweed-admin dbus-run-session[1032]:   WARN: Process failed to start, likely because the binary could not be found. Command: QList("bluetoothctl", "show")
Oct 03 16:44:23 baseweed-admin dbus-run-session[1032]:   WARN qml: [20261003-164423]        Network Connectivity check error: Error: Not authorized to recheck connectivity.
Oct 03 16:44:23 baseweed-admin dbus-run-session[1032]:   WARN: Process failed to start, likely because the binary could not be found. Command: QList("bluetoothctl", "show")
Oct 03 16:44:23 baseweed-admin dbus-run-session[1032]:   INFO qml: [20261003-164423]        PodApps auto-scan: qdistro-tier3s-s122a transitioned to running
Oct 03 16:44:24 baseweed-admin dbus-run-session[1032]:   WARN qml: [20261003-164424]       Location Weather is still fetching
Oct 03 16:44:24 baseweed-admin dbus-run-session[1032]:  ERROR qml: [20261003-164424]       Location Geocoding error: 0
Oct 03 16:44:25 baseweed-admin dbus-run-session[1032]:   WARN: Process failed to start, likely because the binary could not be found. Command: QList("bluetoothctl", "show")
Oct 03 16:44:25 baseweed-admin podman[10219]: 2026-10-03 16:44:25.898875434 +0000 UTC m=+0.170935666 container exec e4c239502a5bd18c8615e8d9a8097054f2a8fec05c611e7613d766a2315fb882 (image=localhost/qdistro/tier3s-headless-smoke:latest, name=qdistro-tier3s-s122a, org.opencontainers.image.version=20260930.37.208, org.opensuse.base.source=https://build.opensuse.org/package/show/openSUSE:Factory/opensuse-tumbleweed-image?rev=561f9d4c8e4e1a441f95ad4ec6b5a914, org.opensuse.base.vendor=openSUSE Project, org.opencontainers.image.url=https://www.opensuse.org, org.qdistro.snapshot=20260930, org.opensuse.base.disturl=obs://build.opensuse.org/openSUSE:Factory/images/561f9d4c8e4e1a441f95ad4ec6b5a914-opensuse-tumbleweed-image:docker, org.openbuildservice.disturl=obs://build.opensuse.org/openSUSE:Factory/images/561f9d4c8e4e1a441f95ad4ec6b5a914-opensuse-tumbleweed-image:docker, org.opensuse.base.created=2026-09-30T20:05:54.126624488Z, io.buildah.version=1.44.1, org.opencontainers.image.description=Image containing a minimal environment for containers based on openSUSE Tumbleweed., org.opencontainers.image.source=https://build.opensuse.org/package/show/openSUSE:Factory/opensuse-tumbleweed-image?rev=561f9d4c8e4e1a441f95ad4ec6b5a914, org.opensuse.base.description=Image containing a minimal environment for containers based on openSUSE Tumbleweed., org.opensuse.base.reference=registry.opensuse.org/opensuse/tumbleweed:20260930.37.208, org.opencontainers.image.title=openSUSE Tumbleweed Base Container, qdistro_tier3s_token=aa71befc98994d7774d363df362ac250, org.opencontainers.image.created=2026-09-30T20:05:54.126624488Z, org.opensuse.base.lifecycle-url=https://en.opensuse.org/Lifetime, org.opensuse.base.title=openSUSE Tumbleweed Base Container, org.qdistro.tier3s.workload=headless-smoke, org.opencontainers.image.vendor=openSUSE Project, org.opensuse.base.url=https://www.opensuse.org, org.opensuse.base.version=20260930.37.208, org.opensuse.reference=registry.opensuse.org/opensuse/tumbleweed:20260930.37.208, org.opensuse.lifecycle-url=https://en.opensuse.org/Lifetime, qdistro_tier3s_unit=qdistro-tier3s-silo@s122a.service)
Oct 03 16:44:25 baseweed-admin conmon[10231]: conmon e4c239502a5bd18c8615 <nwarn>: Failed to open cgroups file: /sys/fs/cgroup/user.slice/user-1000.slice/user@1000.service/app.slice/qdshell.service/memory.events
Oct 03 16:44:25 baseweed-admin podman[10219]: 2026-10-03 16:44:25.961153699 +0000 UTC m=+0.233213931 container exec_died e4c239502a5bd18c8615e8d9a8097054f2a8fec05c611e7613d766a2315fb882 (image=localhost/qdistro/tier3s-headless-smoke:latest, name=qdistro-tier3s-s122a, org.opensuse.base.source=https://build.opensuse.org/package/show/openSUSE:Factory/opensuse-tumbleweed-image?rev=561f9d4c8e4e1a441f95ad4ec6b5a914, org.opensuse.base.url=https://www.opensuse.org, org.opensuse.base.version=20260930.37.208, org.openbuildservice.disturl=obs://build.opensuse.org/openSUSE:Factory/images/561f9d4c8e4e1a441f95ad4ec6b5a914-opensuse-tumbleweed-image:docker, org.opencontainers.image.title=openSUSE Tumbleweed Base Container, qdistro_tier3s_token=aa71befc98994d7774d363df362ac250, qdistro_tier3s_unit=qdistro-tier3s-silo@s122a.service, org.opencontainers.image.version=20260930.37.208, org.opensuse.base.created=2026-09-30T20:05:54.126624488Z, org.opensuse.base.description=Image containing a minimal environment for containers based on openSUSE Tumbleweed., org.opensuse.reference=registry.opensuse.org/opensuse/tumbleweed:20260930.37.208, org.qdistro.tier3s.workload=headless-smoke, org.opensuse.base.disturl=obs://build.opensuse.org/openSUSE:Factory/images/561f9d4c8e4e1a441f95ad4ec6b5a914-opensuse-tumbleweed-image:docker, org.opencontainers.image.vendor=openSUSE Project, org.opencontainers.image.created=2026-09-30T20:05:54.126624488Z, org.opencontainers.image.description=Image containing a minimal environment for containers based on openSUSE Tumbleweed., org.opencontainers.image.source=https://build.opensuse.org/package/show/openSUSE:Factory/opensuse-tumbleweed-image?rev=561f9d4c8e4e1a441f95ad4ec6b5a914, org.opensuse.base.title=openSUSE Tumbleweed Base Container, org.qdistro.snapshot=20260930, org.opensuse.lifecycle-url=https://en.opensuse.org/Lifetime, org.opensuse.base.vendor=openSUSE Project, org.opensuse.base.lifecycle-url=https://en.opensuse.org/Lifetime, io.buildah.version=1.44.1, org.opencontainers.image.url=https://www.opensuse.org, execID=7ade2313bc6fbb9f6ee82e1c7f0a22eb4449b797697779f6fd25ba0df01eadf5, org.opensuse.base.reference=registry.opensuse.org/opensuse/tumbleweed:20260930.37.208)
Oct 03 16:44:26 baseweed-admin dbus-run-session[1032]:   INFO qml: [20261003-164426]        PodApps cache refresh loaded 0 apps
Oct 03 16:44:26 baseweed-admin dbus-run-session[1032]:   INFO qml: [20261003-164426]        PodApps auto-scan: qdistro-tier3s-s122b transitioned to running
Oct 03 16:44:27 baseweed-admin dbus-run-session[1032]:   WARN: Process failed to start, likely because the binary could not be found. Command: QList("bluetoothctl", "show")
Oct 03 16:44:28 baseweed-admin dbus-run-session[1032]:   WARN qml: [20261003-164428]        PodApps scan failed for qdistro-tier3s-s122b (exit 2)
Oct 03 16:44:29 baseweed-admin dbus-run-session[1032]:   WARN: Process failed to start, likely because the binary could not be found. Command: QList("bluetoothctl", "show")
Oct 03 16:44:31 baseweed-admin dbus-run-session[1032]:   WARN: Process failed to start, likely because the binary could not be found. Command: QList("bluetoothctl", "show")
Oct 03 16:44:33 baseweed-admin dbus-run-session[1032]:   WARN: Process failed to start, likely because the binary could not be found. Command: QList("bluetoothctl", "show")
Oct 03 16:44:35 baseweed-admin dbus-run-session[1032]:   WARN: Process failed to start, likely because the binary could not be found. Command: QList("bluetoothctl", "show")
Oct 03 16:44:37 baseweed-admin dbus-run-session[1032]:   WARN: Process failed to start, likely because the binary could not be found. Command: QList("bluetoothctl", "show")
Oct 03 16:44:38 baseweed-admin dbus-run-session[1032]:   WARN qml: [20261003-164438]        Network Connectivity check error: Error: Not authorized to recheck connectivity.
Oct 03 16:44:39 baseweed-admin dbus-run-session[1032]:   WARN: Process failed to start, likely because the binary could not be found. Command: QList("bluetoothctl", "show")
Oct 03 16:44:41 baseweed-admin dbus-run-session[1032]:   WARN: Process failed to start, likely because the binary could not be found. Command: QList("bluetoothctl", "show")
Oct 03 16:44:43 baseweed-admin dbus-run-session[1032]:   WARN: Process failed to start, likely because the binary could not be found. Command: QList("bluetoothctl", "show")
Oct 03 16:44:44 baseweed-admin dbus-run-session[1032]:   WARN qml: [20261003-164444]       Location Weather is still fetching
Oct 03 16:44:44 baseweed-admin dbus-run-session[1032]:  ERROR qml: [20261003-164444]       Location Geocoding error: 0
Oct 03 16:44:44 baseweed-admin dbus-run-session[1032]:   INFO qml: [20261003-164444]        PodApps cache refresh loaded 0 apps
Oct 03 16:44:45 baseweed-admin dbus-run-session[1032]:   WARN: Process failed to start, likely because the binary could not be found. Command: QList("bluetoothctl", "show")
Oct 03 16:44:47 baseweed-admin dbus-run-session[1032]:   WARN: Process failed to start, likely because the binary could not be found. Command: QList("bluetoothctl", "show")
Oct 03 16:44:49 baseweed-admin dbus-run-session[1032]:   WARN: Process failed to start, likely because the binary could not be found. Command: QList("bluetoothctl", "show")
Oct 03 16:44:51 baseweed-admin dbus-run-session[1032]:   WARN: Process failed to start, likely because the binary could not be found. Command: QList("bluetoothctl", "show")
Oct 03 16:44:53 baseweed-admin dbus-run-session[1032]:   WARN qml: [20261003-164453]        Network Connectivity check error: Error: Not authorized to recheck connectivity.
Oct 03 16:44:53 baseweed-admin dbus-run-session[1032]:   WARN: Process failed to start, likely because the binary could not be found. Command: QList("bluetoothctl", "show")
Oct 03 16:44:55 baseweed-admin dbus-run-session[1032]:   WARN: Process failed to start, likely because the binary could not be found. Command: QList("bluetoothctl", "show")
Oct 03 16:44:57 baseweed-admin dbus-run-session[1032]:   WARN: Process failed to start, likely because the binary could not be found. Command: QList("bluetoothctl", "show")
Oct 03 16:44:59 baseweed-admin dbus-run-session[1032]:   WARN: Process failed to start, likely because the binary could not be found. Command: QList("bluetoothctl", "show")
Oct 03 16:45:01 baseweed-admin dbus-run-session[1032]:   WARN: Process failed to start, likely because the binary could not be found. Command: QList("bluetoothctl", "show")
Oct 03 16:45:02 baseweed-admin dbus-run-session[1032]:   INFO qml: [20261003-164502]        PodApps auto-scan: qdistro-tier3s-s122a transitioned to running
Oct 03 16:45:03 baseweed-admin dbus-run-session[1032]:   WARN: Process failed to start, likely because the binary could not be found. Command: QList("bluetoothctl", "show")
Oct 03 16:45:04 baseweed-admin dbus-run-session[1032]:   WARN qml: [20261003-164504]       Location Weather is still fetching
Oct 03 16:45:04 baseweed-admin dbus-run-session[1032]:  ERROR qml: [20261003-164504]       Location Geocoding error: 0
Oct 03 16:45:04 baseweed-admin dbus-run-session[1032]:   WARN qml: [20261003-164504]        PodApps scan failed for qdistro-tier3s-s122a (exit 2)
Oct 03 16:45:05 baseweed-admin dbus-run-session[1032]:   WARN: Process failed to start, likely because the binary could not be found. Command: QList("bluetoothctl", "show")
Oct 03 16:45:07 baseweed-admin dbus-run-session[1032]:   WARN: Process failed to start, likely because the binary could not be found. Command: QList("bluetoothctl", "show")
Oct 03 16:45:08 baseweed-admin dbus-run-session[1032]:   WARN qml: [20261003-164508]        Network Connectivity check error: Error: Not authorized to recheck connectivity.
Oct 03 16:45:09 baseweed-admin dbus-run-session[1032]:   WARN: Process failed to start, likely because the binary could not be found. Command: QList("bluetoothctl", "show")
Oct 03 16:45:11 baseweed-admin dbus-run-session[1032]:   WARN: Process failed to start, likely because the binary could not be found. Command: QList("bluetoothctl", "show")
Oct 03 16:45:13 baseweed-admin dbus-run-session[1032]:   WARN: Process failed to start, likely because the binary could not be found. Command: QList("bluetoothctl", "show")
Oct 03 16:45:14 baseweed-admin dbus-run-session[1032]:   INFO qml: [20261003-164514]        PodApps cache refresh loaded 0 apps
Oct 03 16:45:14 baseweed-admin dbus-run-session[1032]:   INFO qml: [20261003-164514]        PodApps auto-scan: qdistro-tier3s-s122a transitioned to running
Oct 03 16:45:15 baseweed-admin dbus-run-session[1032]:   WARN: Process failed to start, likely because the binary could not be found. Command: QList("bluetoothctl", "show")
Oct 03 16:45:17 baseweed-admin dbus-run-session[1032]:   WARN qml: [20261003-164517]        PodApps scan failed for qdistro-tier3s-s122a (exit 2)
Oct 03 16:45:17 baseweed-admin dbus-run-session[1032]:   WARN: Process failed to start, likely because the binary could not be found. Command: QList("bluetoothctl", "show")
Oct 03 16:45:19 baseweed-admin dbus-run-session[1032]:   WARN: Process failed to start, likely because the binary could not be found. Command: QList("bluetoothctl", "show")
Oct 03 16:45:21 baseweed-admin dbus-run-session[1032]:   WARN: Process failed to start, likely because the binary could not be found. Command: QList("bluetoothctl", "show")
Oct 03 16:45:23 baseweed-admin dbus-run-session[1032]:   WARN qml: [20261003-164523]        Network Connectivity check error: Error: Not authorized to recheck connectivity.
Oct 03 16:45:23 baseweed-admin dbus-run-session[1032]:   WARN: Process failed to start, likely because the binary could not be found. Command: QList("bluetoothctl", "show")
Oct 03 16:45:24 baseweed-admin dbus-run-session[1032]:   WARN qml: [20261003-164524]       Location Weather is still fetching
Oct 03 16:45:24 baseweed-admin dbus-run-session[1032]:  ERROR qml: [20261003-164524]       Location Geocoding error: 0
Oct 03 16:45:25 baseweed-admin dbus-run-session[1032]:   WARN: Process failed to start, likely because the binary could not be found. Command: QList("bluetoothctl", "show")
Oct 03 16:45:27 baseweed-admin dbus-run-session[1032]:   WARN: Process failed to start, likely because the binary could not be found. Command: QList("bluetoothctl", "show")
