Oct 03 16:42:24 baseweed-admin weston[916]: Date: 2026-10-03 UTC
Oct 03 16:42:24 baseweed-admin weston[916]: [16:42:23.711] weston 16.0.0
Oct 03 16:42:24 baseweed-admin weston[916]:                https://wayland.freedesktop.org
Oct 03 16:42:24 baseweed-admin weston[916]:                Bug reports to: https://gitlab.freedesktop.org/wayland/weston/issues/
Oct 03 16:42:24 baseweed-admin weston[916]:                Build: 16.0.0
Oct 03 16:42:24 baseweed-admin weston[916]: [16:42:23.711] Command line: /usr/bin/weston --config=/home/admin/weston.ini --socket=wayland-1
Oct 03 16:42:24 baseweed-admin weston[916]: [16:42:23.711] OS: Linux, 7.2.8-1-default, #1 SMP PREEMPT_DYNAMIC Sat Sep 26 07:00:58 UTC 2026 (9b36732), x86_64
Oct 03 16:42:24 baseweed-admin weston[916]: [16:42:23.711] Flight recorder: enabled, scopes subscribed: log
Oct 03 16:42:24 baseweed-admin weston[916]: [16:42:23.713] Using config file '/home/admin/weston.ini'
Oct 03 16:42:24 baseweed-admin weston[916]: [16:42:23.714] Output repaint window is 7 ms maximum.
Oct 03 16:42:24 baseweed-admin weston[916]: [16:42:23.714] Loading module '/usr/libexec/qdistro/qdwin-libweston/lib64/libweston-16/drm-backend.so'
Oct 03 16:42:24 baseweed-admin weston[916]: [16:42:23.717] initializing drm backend
Oct 03 16:42:24 baseweed-admin weston[916]: [16:42:23.717] Trying libseat launcher...
Oct 03 16:42:24 baseweed-admin weston[916]: [16:42:23.721] [libseat/libseat.c:73] Seat opened with backend 'seatd'
Oct 03 16:42:24 baseweed-admin weston[916]: [16:42:23.721] [libseat/backend/seatd.c:218] Enabling seat
Oct 03 16:42:24 baseweed-admin weston[916]: [16:42:23.721] libseat: session control granted
Oct 03 16:42:24 baseweed-admin weston[916]: [16:42:23.726] using /dev/dri/card0
Oct 03 16:42:24 baseweed-admin weston[916]: [16:42:23.726] DRM: supports atomic modesetting
Oct 03 16:42:24 baseweed-admin weston[916]: [16:42:23.726] DRM: supports cursor-plane hotspot (virtualized cursor)
Oct 03 16:42:24 baseweed-admin weston[916]: [16:42:23.726] DRM: does not support GBM modifiers
Oct 03 16:42:24 baseweed-admin weston[916]: [16:42:23.726] DRM: does not support Atomic async page flip
Oct 03 16:42:24 baseweed-admin weston[916]: [16:42:23.726] DRM: supports picture aspect ratio
Oct 03 16:42:24 baseweed-admin weston[916]: [16:42:23.726] DRM: EDID for the following head fails conformity:
Oct 03 16:42:24 baseweed-admin weston[916]: Block 1, CTA-861 Extension Block:
Oct 03 16:42:24 baseweed-admin weston[916]:   Padding: Contains non-zero bytes.
Oct 03 16:42:24 baseweed-admin weston[916]: [16:42:23.726] DRM: head 'Virtual-1' found, connector 40 is connected, EDID make 'Red Hat, Inc.', model 'QEMU Monitor', serial ''
Oct 03 16:42:24 baseweed-admin weston[916]:                Supported EOTF modes: SDR
Oct 03 16:42:24 baseweed-admin weston[916]:                Supported colorimetry modes: default
Oct 03 16:42:24 baseweed-admin weston[916]:                Supported VRR modes: (none),
Oct 03 16:42:24 baseweed-admin weston[916]:                Supported color formats: AUTO
Oct 03 16:42:23 baseweed-admin systemd[857]: Started qdwin compositor (libweston + qdwin-shell.so).
Oct 03 16:42:23 baseweed-admin systemd[857]: Starting qdistro screen locker (qdlocker)...
Oct 03 16:42:23 baseweed-admin systemd[857]: Starting qdshell desktop (Quickshell QML on top of qdwin)...
Oct 03 16:42:24 baseweed-admin weston[916]: [16:42:24.611] Loading module '/usr/libexec/qdistro/qdwin-libweston/lib64/libweston-16/gl-renderer.so'
Oct 03 16:42:24 baseweed-admin weston[916]: [16:42:24.617] warning: failed to query rendering device from EGL
Oct 03 16:42:24 baseweed-admin weston[916]: [16:42:24.617] EGL version: 1.5
Oct 03 16:42:24 baseweed-admin weston[916]: [16:42:24.617] EGL vendor: Mesa Project
Oct 03 16:42:24 baseweed-admin weston[916]: [16:42:24.617] EGL client APIs: OpenGL OpenGL_ES
Oct 03 16:42:24 baseweed-admin weston[916]: [16:42:24.617] EGL features:
Oct 03 16:42:24 baseweed-admin weston[916]:                EGL Wayland extension: no
Oct 03 16:42:24 baseweed-admin weston[916]:                context priority: no
Oct 03 16:42:24 baseweed-admin weston[916]:                buffer age: yes
Oct 03 16:42:24 baseweed-admin weston[916]:                partial update: no
Oct 03 16:42:24 baseweed-admin weston[916]:                swap buffers with damage: no
Oct 03 16:42:24 baseweed-admin weston[916]:                configless context: yes
Oct 03 16:42:24 baseweed-admin weston[916]:                surfaceless context: yes
Oct 03 16:42:24 baseweed-admin weston[916]:                dmabuf support: modifiers
Oct 03 16:42:24 baseweed-admin weston[916]:                fence sync: yes (wait)
Oct 03 16:42:24 baseweed-admin weston[916]: [16:42:24.803] GL version: OpenGL ES 3.2 Mesa 26.2.3
Oct 03 16:42:24 baseweed-admin weston[916]: [16:42:24.803] GLSL version: OpenGL ES GLSL ES 3.20
Oct 03 16:42:24 baseweed-admin weston[916]: [16:42:24.803] GL vendor: Mesa
Oct 03 16:42:24 baseweed-admin weston[916]: [16:42:24.803] GL renderer: llvmpipe (LLVM 23.1.1, 256 bits)
Oct 03 16:42:24 baseweed-admin weston[916]: [16:42:24.819] GL ES 3.2 - renderer features:
Oct 03 16:42:24 baseweed-admin weston[916]:                read-back format: ARGB8888
Oct 03 16:42:24 baseweed-admin weston[916]:                glReadPixels supports y-flip: yes
Oct 03 16:42:24 baseweed-admin weston[916]:                glReadPixels supports PBO: yes
Oct 03 16:42:24 baseweed-admin weston[916]:                wl_shm 10 bpc formats: yes
Oct 03 16:42:24 baseweed-admin weston[916]:                wl_shm 16 bpc formats: yes
Oct 03 16:42:24 baseweed-admin weston[916]:                wl_shm half-float formats: yes
Oct 03 16:42:24 baseweed-admin weston[916]:                internal R and RG formats: yes
Oct 03 16:42:24 baseweed-admin weston[916]:                OES_EGL_image_external: yes
Oct 03 16:42:24 baseweed-admin weston[916]:                GPU timeline: no
Oct 03 16:42:24 baseweed-admin weston[916]:                Texture immutability: yes
Oct 03 16:42:24 baseweed-admin weston[916]:                Required precision: yes
Oct 03 16:42:24 baseweed-admin weston[916]:                In-shader blending: yes
Oct 03 16:42:24 baseweed-admin weston[916]: [16:42:24.820] Using GL renderer
Oct 03 16:42:24 baseweed-admin weston[916]: [16:42:24.977] event3  - QEMU QEMU USB Tablet: is tagged by udev as: Mouse
Oct 03 16:42:24 baseweed-admin weston[916]: [16:42:24.977] event3  - QEMU QEMU USB Tablet: device is a pointer
Oct 03 16:42:24 baseweed-admin weston[916]: [16:42:24.978] event4  - Power Button: is tagged by udev as: Keyboard
Oct 03 16:42:24 baseweed-admin weston[916]: [16:42:24.978] event4  - Power Button: device is a keyboard
Oct 03 16:42:24 baseweed-admin weston[916]: [16:42:24.979] event0  - AT Translated Set 2 keyboard: is tagged by udev as: Keyboard
Oct 03 16:42:24 baseweed-admin weston[916]: [16:42:24.979] event0  - AT Translated Set 2 keyboard: device is a keyboard
Oct 03 16:42:24 baseweed-admin weston[916]: [16:42:24.980] event2  - VirtualPS/2 VMware VMMouse: is tagged by udev as: Mouse
Oct 03 16:42:24 baseweed-admin weston[916]: [16:42:24.980] event2  - VirtualPS/2 VMware VMMouse: emulating high-resolution scroll wheel events.
Oct 03 16:42:24 baseweed-admin weston[916]: [16:42:24.980] event2  - VirtualPS/2 VMware VMMouse: device is a pointer
Oct 03 16:42:24 baseweed-admin weston[916]: [16:42:24.981] event1  - VirtualPS/2 VMware VMMouse: is tagged by udev as: Mouse
Oct 03 16:42:24 baseweed-admin weston[916]: [16:42:24.981] event1  - VirtualPS/2 VMware VMMouse: device is a pointer
Oct 03 16:42:24 baseweed-admin weston[916]: [16:42:24.982] event5  - PC Speaker: not tagged as supported input device
Oct 03 16:42:24 baseweed-admin weston[916]: [16:42:24.993] event5  - not using input device '/dev/input/event5'
Oct 03 16:42:24 baseweed-admin weston[916]: [16:42:24.994] event6  - ydotoold virtual device: is tagged by udev as: Keyboard
Oct 03 16:42:24 baseweed-admin weston[916]: [16:42:24.994] event6  - ydotoold virtual device: emulating high-resolution scroll wheel events.
Oct 03 16:42:24 baseweed-admin weston[916]: [16:42:24.994] event6  - ydotoold virtual device: device is a keyboard
Oct 03 16:42:24 baseweed-admin weston[916]: [16:42:24.994] libinput: configuring device "QEMU QEMU USB Tablet".
Oct 03 16:42:24 baseweed-admin weston[916]: [16:42:24.995] input device event3 has no enabled output associated (none named), skipping calibration for now.
Oct 03 16:42:25 baseweed-admin weston[916]: [16:42:25.243] libinput: configuring device "Power Button".
Oct 03 16:42:25 baseweed-admin weston[916]: [16:42:25.243] libinput: configuring device "AT Translated Set 2 keyboard".
Oct 03 16:42:25 baseweed-admin weston[916]: [16:42:25.243] libinput: configuring device "VirtualPS/2 VMware VMMouse".
Oct 03 16:42:25 baseweed-admin weston[916]: [16:42:25.243] libinput: configuring device "VirtualPS/2 VMware VMMouse".
Oct 03 16:42:25 baseweed-admin weston[916]: [16:42:25.243] input device event1 has no enabled output associated (none named), skipping calibration for now.
Oct 03 16:42:25 baseweed-admin weston[916]: [16:42:25.243] libinput: configuring device "ydotoold virtual device".
Oct 03 16:42:25 baseweed-admin weston[916]: [16:42:25.243] Registered plugin API 'weston_drm_output_api_v1' of size 40
Oct 03 16:42:25 baseweed-admin weston[916]: [16:42:25.243] Loading module '/usr/libexec/qdistro/qdwin-libweston/lib64/libweston-16/pipewire-backend.so'
Oct 03 16:42:25 baseweed-admin weston[916]: [16:42:25.246] Initializing PipeWire backend
Oct 03 16:42:25 baseweed-admin weston[916]: [16:42:25.252] Registered plugin API 'weston_pipewire_output_api_v2' of size 24
Oct 03 16:42:25 baseweed-admin weston[916]: [16:42:25.252] Color manager: no-op
Oct 03 16:42:25 baseweed-admin weston[916]:                  protocol support: no
Oct 03 16:42:25 baseweed-admin weston[916]: [16:42:25.252] Setting output 'Virtual-1' to color AUTO format
Oct 03 16:42:25 baseweed-admin weston[916]: [16:42:25.252] Output 'Virtual-1' attempts EOTF mode SDR and colorimetry mode default.
Oct 03 16:42:25 baseweed-admin weston[916]: [16:42:25.252] Output 'Virtual-1' using color profile: stock sRGB color profile
Oct 03 16:42:25 baseweed-admin weston[916]: [16:42:25.252] Chosen EGL config details: id:  46 rgba: 8 8 8 0 buf: 24 dep:  0 stcl: 0 int: 1-1 type: win val: fix vis_id: XRGB8888 (0x34325258)
Oct 03 16:42:25 baseweed-admin weston[916]: [16:42:25.252] Output Virtual-1 (crtc 39) video modes:
Oct 03 16:42:25 baseweed-admin weston[916]:                1280x800@75.0, preferred, 107.3 MHz
Oct 03 16:42:25 baseweed-admin weston[916]:                5120x2160@50.0 64:27, 742.5 MHz
Oct 03 16:42:25 baseweed-admin weston[916]:                4096x2160@50.0 256:135, 594.0 MHz
Oct 03 16:42:25 baseweed-admin weston[916]:                3840x2160@60.0 16:9, 594.0 MHz
Oct 03 16:42:25 baseweed-admin weston[916]:                3840x2160@59.9 16:9, 593.4 MHz
Oct 03 16:42:25 baseweed-admin weston[916]:                3840x2160@50.0 16:9, 594.0 MHz
Oct 03 16:42:25 baseweed-admin weston[916]:                1920x1440@60.0, 234.0 MHz
Oct 03 16:42:25 baseweed-admin weston[916]:                2560x1080@50.0 64:27, 185.6 MHz
Oct 03 16:42:25 baseweed-admin weston[916]:                1856x1392@60.0, 218.2 MHz
Oct 03 16:42:25 baseweed-admin weston[916]:                1792x1344@60.0, 204.8 MHz
Oct 03 16:42:25 baseweed-admin weston[916]:                2048x1152@60.0, 162.0 MHz
Oct 03 16:42:25 baseweed-admin weston[916]:                1920x1200@59.9, 193.2 MHz
Oct 03 16:42:25 baseweed-admin weston[916]:                1920x1080@60.0, current, 148.5 MHz
Oct 03 16:42:25 baseweed-admin weston[916]:                1920x1080@50.0 16:9, 148.5 MHz
Oct 03 16:42:25 baseweed-admin weston[916]:                1600x1200@60.0, 162.0 MHz
Oct 03 16:42:25 baseweed-admin weston[916]:                1680x1050@60.0, 146.2 MHz
Oct 03 16:42:25 baseweed-admin weston[916]:                1400x1050@60.0, 121.8 MHz
Oct 03 16:42:25 baseweed-admin weston[916]:                1280x1024@60.0, 108.0 MHz
Oct 03 16:42:25 baseweed-admin weston[916]:                1440x900@59.9, 106.5 MHz
Oct 03 16:42:25 baseweed-admin weston[916]:                1280x960@60.0, 108.0 MHz
Oct 03 16:42:25 baseweed-admin weston[916]:                1360x768@60.0, 85.5 MHz
Oct 03 16:42:25 baseweed-admin weston[916]:                1280x768@59.9, 79.5 MHz
Oct 03 16:42:25 baseweed-admin weston[916]:                1024x768@60.0, 65.0 MHz
Oct 03 16:42:25 baseweed-admin weston[916]:                800x600@60.3, 40.0 MHz
Oct 03 16:42:25 baseweed-admin weston[916]:                640x480@60.0 4:3, 25.2 MHz
Oct 03 16:42:25 baseweed-admin weston[916]:                640x480@59.9, 25.2 MHz
Oct 03 16:42:25 baseweed-admin weston[916]: [16:42:25.253] associating input device event3 with output Virtual-1 (none by udev)
Oct 03 16:42:25 baseweed-admin weston[916]: [16:42:25.253] associating input device event4 with output Virtual-1 (none by udev)
Oct 03 16:42:25 baseweed-admin weston[916]: [16:42:25.253] associating input device event0 with output Virtual-1 (none by udev)
Oct 03 16:42:25 baseweed-admin weston[916]: [16:42:25.253] associating input device event2 with output Virtual-1 (none by udev)
Oct 03 16:42:25 baseweed-admin weston[916]: [16:42:25.253] associating input device event1 with output Virtual-1 (none by udev)
Oct 03 16:42:25 baseweed-admin weston[916]: [16:42:25.253] associating input device event6 with output Virtual-1 (none by udev)
Oct 03 16:42:25 baseweed-admin weston[916]: [16:42:25.253] Output 'Virtual-1' enabled with head(s) Virtual-1
Oct 03 16:42:25 baseweed-admin weston[916]: [16:42:25.253] pipewire_backend_output_configure.. Done
Oct 03 16:42:25 baseweed-admin weston[916]: [16:42:25.253] Output 'pipewire-0' attempts EOTF mode SDR and colorimetry mode default.
Oct 03 16:42:25 baseweed-admin weston[916]: [16:42:25.253] Output 'pipewire-0' using color profile: stock sRGB color profile
Oct 03 16:42:25 baseweed-admin weston[916]: [16:42:25.379] Output 'pipewire-0' enabled with head(s) pipewire-0
Oct 03 16:42:25 baseweed-admin weston[916]: [16:42:25.379] pipewire_backend_output_configure.. Done
Oct 03 16:42:25 baseweed-admin weston[916]: [16:42:25.379] Output 'pipewire-1' attempts EOTF mode SDR and colorimetry mode default.
Oct 03 16:42:25 baseweed-admin weston[916]: [16:42:25.379] Output 'pipewire-1' using color profile: stock sRGB color profile
Oct 03 16:42:25 baseweed-admin weston[916]: [16:42:25.379] Output 'pipewire-1' enabled with head(s) pipewire-1
Oct 03 16:42:25 baseweed-admin weston[916]: [16:42:25.379] Compositor capabilities:
Oct 03 16:42:25 baseweed-admin weston[916]:                arbitrary surface rotation: yes
Oct 03 16:42:25 baseweed-admin weston[916]:                screen capture uses y-flip: yes
Oct 03 16:42:25 baseweed-admin weston[916]:                cursor planes: yes
Oct 03 16:42:25 baseweed-admin weston[916]:                arbitrary resolutions: yes
Oct 03 16:42:25 baseweed-admin weston[916]:                view mask clipping: yes
Oct 03 16:42:25 baseweed-admin weston[916]:                explicit sync: no
Oct 03 16:42:25 baseweed-admin weston[916]:                color operations: yes
Oct 03 16:42:25 baseweed-admin weston[916]:                color representation: yes
Oct 03 16:42:25 baseweed-admin weston[916]:                in-shader blending: yes
Oct 03 16:42:25 baseweed-admin weston[916]:                presentation clock: CLOCK_MONOTONIC, id 1
Oct 03 16:42:25 baseweed-admin weston[916]:                presentation clock resolution: 0.000000001 s
Oct 03 16:42:25 baseweed-admin weston[916]: [16:42:25.379] Loading module '/usr/lib64/weston/qdwin-shell.so'
Oct 03 16:42:25 baseweed-admin weston[916]: [16:42:25.380] qdwin: locker bind policy defaulting to entrypoint=/usr/local/bin/qdlocker:/usr/bin/qdlocker (system interpreter + root-owned entrypoint; no explicit policy configured); set --qdwin-allowed-locker-any to override to uid-only
Oct 03 16:42:25 baseweed-admin weston[916]: [16:42:25.380] qdwin: locker bind policy uid=1000 entrypoint=/usr/local/bin/qdlocker:/usr/bin/qdlocker exe=(any) label=(any)
Oct 03 16:42:25 baseweed-admin weston[916]: [16:42:25.380] qdwin: ext-idle-notify idle_time=0 internal_mode=1
Oct 03 16:42:25 baseweed-admin weston[916]: [16:42:25.381] qdwin: cursor-shape theme=(default) size=24 loaded=0/36
Oct 03 16:42:25 baseweed-admin weston[916]: [16:42:25.381] qdwin: layer-popup grab handler registered
Oct 03 16:42:25 baseweed-admin weston[916]: [16:42:25.381] qdwin/nested-proxy: default keyboard grab installed on seat 'default'
Oct 03 16:42:25 baseweed-admin weston[916]: [16:42:25.381] qdwin: background curtain 3200x1080 installed
Oct 03 16:42:25 baseweed-admin weston[916]: [16:42:25.381] qdwin: WARNING shell-authorized output capture enabled via QDWIN_ENABLE_SHELL_CAPTURE — dev/test only, do not use in production
Oct 03 16:42:25 baseweed-admin weston[916]: [16:42:25.381] qdwin: retained-frame capture armed on output=Virtual-1
Oct 03 16:42:25 baseweed-admin weston[916]: [16:42:25.381] qdwin: shell loaded (allowed_uid=1000); desktop + qdwin_shell_v1 ready
Oct 03 16:42:25 baseweed-admin weston[916]: [16:42:25.381] Loading module '/usr/lib64/libweston-16/xwayland.so'
Oct 03 16:42:25 baseweed-admin weston[916]: [16:42:25.383] Registered plugin API 'weston_xwayland_v3' of size 32
Oct 03 16:42:25 baseweed-admin weston[916]: [16:42:25.383] Registered plugin API 'weston_xwayland_surface_v2' of size 24
Oct 03 16:42:25 baseweed-admin weston[916]: [16:42:25.383] xserver listening on display :0
Oct 03 16:42:25 baseweed-admin systemd[857]: Started qdistro screen locker (qdlocker).
Oct 03 16:42:25 baseweed-admin systemd[857]: Started qdshell desktop (Quickshell QML on top of qdwin).
Oct 03 16:42:25 baseweed-admin weston[916]: [16:42:25.481] qdwin: bind attempt pid=1023 uid=1000 (allowed_uid=1000)
Oct 03 16:42:25 baseweed-admin weston[916]: [16:42:25.481] qdwin: bind accepted for uid=1000, hello sent
Oct 03 16:42:25 baseweed-admin weston[916]: [16:42:25.483] qdwin: cursor-sprite registered shape=default hotspot=3,1
Oct 03 16:42:25 baseweed-admin weston[916]: [16:42:25.483] qdwin: cursor_retry_install: scheduling first retry in 1000ms
Oct 03 16:42:25 baseweed-admin weston[916]: [16:42:25.484] qdwin: cursor-sprite registered shape=context-menu hotspot=3,1
Oct 03 16:42:25 baseweed-admin weston[916]: [16:42:25.484] qdwin: cursor-sprite registered shape=help hotspot=12,21
Oct 03 16:42:25 baseweed-admin weston[916]: [16:42:25.484] qdwin: cursor-sprite registered shape=pointer hotspot=7,5
Oct 03 16:42:25 baseweed-admin weston[916]: [16:42:25.495] qdwin: cursor-sprite registered shape=progress hotspot=3,1
Oct 03 16:42:25 baseweed-admin weston[916]: [16:42:25.506] qdwin: cursor-sprite registered shape=wait hotspot=11,11
Oct 03 16:42:25 baseweed-admin weston[916]: [16:42:25.506] qdwin: cursor-sprite registered shape=cell hotspot=11,11
Oct 03 16:42:25 baseweed-admin weston[916]: [16:42:25.507] qdwin: cursor-sprite registered shape=crosshair hotspot=11,11
Oct 03 16:42:25 baseweed-admin weston[916]: [16:42:25.507] qdwin: cursor-sprite registered shape=text hotspot=11,12
Oct 03 16:42:25 baseweed-admin weston[916]: [16:42:25.507] qdwin: cursor-sprite registered shape=vertical-text hotspot=12,11
Oct 03 16:42:25 baseweed-admin weston[916]: [16:42:25.508] qdwin: cursor-sprite registered shape=alias hotspot=18,5
Oct 03 16:42:25 baseweed-admin weston[916]: [16:42:25.508] qdwin: cursor-sprite registered shape=copy hotspot=3,1
Oct 03 16:42:25 baseweed-admin weston[916]: [16:42:25.508] qdwin: cursor-sprite registered shape=move hotspot=3,1
Oct 03 16:42:25 baseweed-admin weston[916]: [16:42:25.509] qdwin: cursor-sprite registered shape=no-drop hotspot=3,1
Oct 03 16:42:25 baseweed-admin weston[916]: [16:42:25.509] qdwin: cursor-sprite registered shape=not-allowed hotspot=12,12
Oct 03 16:42:25 baseweed-admin weston[916]: [16:42:25.510] qdwin: cursor-sprite registered shape=grab hotspot=11,2
Oct 03 16:42:25 baseweed-admin weston[916]: [16:42:25.510] qdwin: cursor-sprite registered shape=grabbing hotspot=9,5
Oct 03 16:42:25 baseweed-admin weston[916]: [16:42:25.510] qdwin: cursor-sprite registered shape=e-resize hotspot=19,13
Oct 03 16:42:25 baseweed-admin weston[916]: [16:42:25.510] qdwin: cursor-sprite registered shape=n-resize hotspot=13,6
Oct 03 16:42:25 baseweed-admin weston[916]: [16:42:25.511] qdwin: cursor-sprite registered shape=ne-resize hotspot=15,10
Oct 03 16:42:25 baseweed-admin weston[916]: [16:42:25.511] qdwin: cursor-sprite registered shape=nw-resize hotspot=10,10
Oct 03 16:42:25 baseweed-admin weston[916]: [16:42:25.511] qdwin: cursor-sprite registered shape=s-resize hotspot=13,18
Oct 03 16:42:25 baseweed-admin weston[916]: [16:42:25.512] qdwin: cursor-sprite registered shape=se-resize hotspot=15,15
Oct 03 16:42:25 baseweed-admin weston[916]: [16:42:25.512] qdwin: cursor-sprite registered shape=sw-resize hotspot=10,15
Oct 03 16:42:25 baseweed-admin weston[916]: [16:42:25.512] qdwin: cursor-sprite registered shape=w-resize hotspot=6,13
Oct 03 16:42:25 baseweed-admin weston[916]: [16:42:25.512] qdwin: cursor-sprite registered shape=ew-resize hotspot=12,12
Oct 03 16:42:25 baseweed-admin weston[916]: [16:42:25.513] qdwin: cursor-sprite registered shape=ns-resize hotspot=12,13
Oct 03 16:42:25 baseweed-admin weston[916]: [16:42:25.513] qdwin: cursor-sprite registered shape=nesw-resize hotspot=11,11
Oct 03 16:42:25 baseweed-admin weston[916]: [16:42:25.513] qdwin: cursor-sprite registered shape=nwse-resize hotspot=11,11
Oct 03 16:42:25 baseweed-admin weston[916]: [16:42:25.513] qdwin: cursor-sprite registered shape=col-resize hotspot=12,12
Oct 03 16:42:25 baseweed-admin weston[916]: [16:42:25.513] qdwin: cursor-sprite registered shape=row-resize hotspot=12,13
Oct 03 16:42:25 baseweed-admin weston[916]: [16:42:25.513] qdwin: cursor-sprite registered shape=all-scroll hotspot=11,11
Oct 03 16:42:25 baseweed-admin weston[916]: [16:42:25.514] qdwin: cursor-sprite registered shape=zoom-in hotspot=11,10
Oct 03 16:42:25 baseweed-admin weston[916]: [16:42:25.514] qdwin: cursor-sprite registered shape=zoom-out hotspot=11,10
Oct 03 16:42:25 baseweed-admin weston[916]: [16:42:25.514] qdwin: cursor-sprite registered shape=dnd-ask hotspot=3,1
Oct 03 16:42:25 baseweed-admin weston[916]: [16:42:25.514] qdwin: cursor-sprite registered shape=all-resize hotspot=12,11
Oct 03 16:42:25 baseweed-admin dbus-run-session[1032]: No running instances for "/usr/share/quickshell/qdshell/shell.qml"
Oct 03 16:42:25 baseweed-admin dbus-run-session[1032]:   INFO: Launching config: "/usr/share/quickshell/qdshell/shell.qml"
Oct 03 16:42:25 baseweed-admin dbus-run-session[1032]:   INFO: Shell ID: "0d0d1ceeb7f0392fec595c8531945b05" Path ID "0d0d1ceeb7f0392fec595c8531945b05"
Oct 03 16:42:25 baseweed-admin dbus-run-session[1032]:   INFO: Saving logs to "/run/user/1000/quickshell/by-id/ospqbcmt/log.qslog"
Oct 03 16:42:25 baseweed-admin qdlocker[1018]: 2026-10-03 16:42:25,725 qdlocker.app INFO using built-in defaults (no trusted config file found)
Oct 03 16:42:25 baseweed-admin qdlocker[1018]: 2026-10-03 16:42:25,750 qdlocker.auth INFO PAM service from env: qdlocker
Oct 03 16:42:26 baseweed-admin dbus-run-session[1032]: MESA-EGL: warning: failed to get driver name for fd -1
Oct 03 16:42:26 baseweed-admin dbus-run-session[1032]: MESA-EGL: warning: MESA-LOADER: failed to retrieve device information
Oct 03 16:42:26 baseweed-admin dbus-run-session[1032]: MESA-EGL: warning: failed to get driver name for fd -1
Oct 03 16:42:26 baseweed-admin dbus-run-session[1032]: MESA: error: ZINK: failed to choose pdev
Oct 03 16:42:26 baseweed-admin dbus-run-session[1032]: MESA-EGL: warning: egl: failed to create dri2 screen
Oct 03 16:42:26 baseweed-admin weston[916]: [16:42:26.129] qdwin: locker bind attempt pid=1018 uid=1000 (allowed_locker_uid=1000)
Oct 03 16:42:26 baseweed-admin weston[916]: [16:42:26.129] qdwin: locker bound pid=1018 uid=1000 (initially_locked=0)
Oct 03 16:42:26 baseweed-admin qdlocker[1018]: 2026-10-03 16:42:26,130 qdlocker.wayland INFO locker connected
Oct 03 16:42:26 baseweed-admin qdlocker[1018]: 2026-10-03 16:42:26,135 qdlocker.idle INFO idle watcher started; timeout=300000ms
Oct 03 16:42:26 baseweed-admin qdlocker[1018]: 2026-10-03 16:42:26,139 qdlocker.ctrl INFO ctrl socket at /run/user/1000/qdlocker.sock
Oct 03 16:42:26 baseweed-admin qdlocker[1018]: 2026-10-03 16:42:26,144 qdlocker.app INFO locker bound; initially_locked=False
Oct 03 16:42:26 baseweed-admin qdlocker[1018]: 2026-10-03 16:42:26,272 qdlocker.logind INFO logind sleep delay-inhibitor acquired (fd=20)
Oct 03 16:42:26 baseweed-admin qdlocker[1018]: 2026-10-03 16:42:26,275 qdlocker.logind WARNING cannot identify one owned active Wayland session (0 candidates); session lock unavailable
Oct 03 16:42:26 baseweed-admin qdlocker[1018]: 2026-10-03 16:42:26,276 qdlocker.logind INFO logind automatic sleep locking ready; session=None
Oct 03 16:42:43 baseweed-admin dbus-run-session[1032]:   INFO qml: [20261003-164243]           I18n Service started
Oct 03 16:42:43 baseweed-admin dbus-run-session[1032]:   INFO qml: [20261003-164243]           I18n Loading "en" (locale: "en-Latn-US")
Oct 03 16:42:43 baseweed-admin dbus-run-session[1032]:   INFO qml: [20261003-164243]          Shell ---------------------------
Oct 03 16:42:43 baseweed-admin dbus-run-session[1032]:   INFO qml: [20261003-164243]          Shell Qdshell Hello!
Oct 03 16:42:43 baseweed-admin dbus-run-session[1032]:   WARN scene: @Commons/I18n.qml[104:5]: Unable to assign QJSValue to QObject*
Oct 03 16:42:43 baseweed-admin dbus-run-session[1032]:   INFO: Configuration Loaded
Oct 03 16:42:43 baseweed-admin dbus-run-session[1032]:   WARN scene: @Commons/I18n.qml[104:5]: Unable to assign QJSValue to QObject*
Oct 03 16:42:43 baseweed-admin dbus-run-session[1032]:   INFO qml: [20261003-164243]       Settings Settings loaded
Oct 03 16:42:43 baseweed-admin dbus-run-session[1032]:   INFO qml: [20261003-164243]           I18n Loaded translations for "en"
Oct 03 16:42:43 baseweed-admin dbus-run-session[1032]:   INFO qml: [20261003-164243] PluginRegistry Loaded plugin states from: /home/admin/.config/qdshell/plugins.json
Oct 03 16:42:43 baseweed-admin dbus-run-session[1032]:   INFO qml: [20261003-164243] PluginRegistry Scanning plugin folder: /home/admin/.config/qdshell/plugins
Oct 03 16:42:43 baseweed-admin dbus-run-session[1032]:   INFO qml: [20261003-164243]          Icons Service started
Oct 03 16:42:43 baseweed-admin dbus-run-session[1032]:   INFO: ctrl-server: listening on /run/user/1000/qdshell.sock
Oct 03 16:42:43 baseweed-admin dbus-run-session[1032]:   WARN scene: QML Connections at @Services/Hardware/BrightnessService.qml[66:3]: Detected function "onEnableDdcSupportChanged" in Connections element. This is probably intended to be a signal handler but no signal of the target matches the name.
Oct 03 16:42:43 baseweed-admin dbus-run-session[1032]:   INFO qml: [20261003-164243]     Brightness Service started
Oct 03 16:42:43 baseweed-admin dbus-run-session[1032]:   INFO qml: [20261003-164243] DesktopWidgetR Service started
Oct 03 16:42:43 baseweed-admin dbus-run-session[1032]:   WARN scene: QML Connections at @Services/UI/BarService.qml[147:3]: Detected function "onDisplayModeChanged" in Connections element. This is probably intended to be a signal handler but no signal of the target matches the name.
Oct 03 16:42:43 baseweed-admin dbus-run-session[1032]:   WARN scene: QML Connections at @Services/UI/BarService.qml[147:3]: Detected function "onScreenOverridesChanged" in Connections element. This is probably intended to be a signal handler but no signal of the target matches the name.
Oct 03 16:42:43 baseweed-admin dbus-run-session[1032]:   INFO qml: [20261003-164243]     BarService Service started
Oct 03 16:42:43 baseweed-admin dbus-run-session[1032]:   WARN scene: QML Connections at @Services/Networking/NetworkService.qml[73:3]: Detected function "onWifiEnabledChanged" in Connections element. This is probably intended to be a signal handler but no signal of the target matches the name.
Oct 03 16:42:43 baseweed-admin dbus-run-session[1032]:   INFO qml: [20261003-164243]        Network Service started
Oct 03 16:42:43 baseweed-admin dbus-run-session[1032]:   WARN scene: QML Connections at @Modules/Panels/Dock/StaticDockPanel.qml[350:3]: Detected function "onPinnedAppsChanged" in Connections element. This is probably intended to be a signal handler but no signal of the target matches the name.
Oct 03 16:42:43 baseweed-admin dbus-run-session[1032]:   WARN scene: QML Connections at @Modules/Panels/Dock/StaticDockPanel.qml[350:3]: Detected function "onOnlySameOutputChanged" in Connections element. This is probably intended to be a signal handler but no signal of the target matches the name.
Oct 03 16:42:43 baseweed-admin dbus-run-session[1032]:   WARN scene: QML Connections at @Services/System/SystemStatService.qml[320:3]: Detected function "onEnableDgpuMonitoringChanged" in Connections element. This is probably intended to be a signal handler but no signal of the target matches the name.
Oct 03 16:42:43 baseweed-admin dbus-run-session[1032]:   INFO qml: [20261003-164243]     SystemStat Service started (polling deferred until a consumer registers).
Oct 03 16:42:43 baseweed-admin dbus-run-session[1032]:   WARN scene: QML Connections at @Modules/Panels/Dock/StaticDockPanel.qml[350:3]: Detected function "onPinnedAppsChanged" in Connections element. This is probably intended to be a signal handler but no signal of the target matches the name.
Oct 03 16:42:43 baseweed-admin dbus-run-session[1032]:   WARN scene: QML Connections at @Modules/Panels/Dock/StaticDockPanel.qml[350:3]: Detected function "onOnlySameOutputChanged" in Connections element. This is probably intended to be a signal handler but no signal of the target matches the name.
Oct 03 16:42:43 baseweed-admin dbus-run-session[1032]:   WARN scene: QML Connections at @Modules/Panels/Dock/StaticDockPanel.qml[350:3]: Detected function "onPinnedAppsChanged" in Connections element. This is probably intended to be a signal handler but no signal of the target matches the name.
Oct 03 16:42:43 baseweed-admin dbus-run-session[1032]:   WARN scene: QML Connections at @Modules/Panels/Dock/StaticDockPanel.qml[350:3]: Detected function "onOnlySameOutputChanged" in Connections element. This is probably intended to be a signal handler but no signal of the target matches the name.
Oct 03 16:42:43 baseweed-admin dbus-run-session[1032]:   WARN scene: QML Connections at @Services/UI/WallpaperService.qml[140:3]: Detected function "onWallpaperDownloaded" in Connections element. This is probably intended to be a signal handler but no signal of the target matches the name.
Oct 03 16:42:43 baseweed-admin dbus-run-session[1032]:   WARN scene: QML Connections at @Services/UI/WallpaperService.qml[61:3]: Detected function "onDirectoryChanged" in Connections element. This is probably intended to be a signal handler but no signal of the target matches the name.
Oct 03 16:42:43 baseweed-admin dbus-run-session[1032]:   WARN scene: QML Connections at @Services/UI/WallpaperService.qml[61:3]: Detected function "onEnableMultiMonitorDirectoriesChanged" in Connections element. This is probably intended to be a signal handler but no signal of the target matches the name.
Oct 03 16:42:43 baseweed-admin dbus-run-session[1032]:   WARN scene: QML Connections at @Services/UI/WallpaperService.qml[61:3]: Detected function "onAutomationEnabledChanged" in Connections element. This is probably intended to be a signal handler but no signal of the target matches the name.
Oct 03 16:42:43 baseweed-admin dbus-run-session[1032]:   WARN scene: QML Connections at @Services/UI/WallpaperService.qml[61:3]: Detected function "onRandomIntervalSecChanged" in Connections element. This is probably intended to be a signal handler but no signal of the target matches the name.
Oct 03 16:42:43 baseweed-admin dbus-run-session[1032]:   WARN scene: QML Connections at @Services/UI/WallpaperService.qml[61:3]: Detected function "onWallpaperChangeModeChanged" in Connections element. This is probably intended to be a signal handler but no signal of the target matches the name.
Oct 03 16:42:43 baseweed-admin dbus-run-session[1032]:   WARN scene: QML Connections at @Services/UI/WallpaperService.qml[61:3]: Detected function "onViewModeChanged" in Connections element. This is probably intended to be a signal handler but no signal of the target matches the name.
Oct 03 16:42:43 baseweed-admin dbus-run-session[1032]:   WARN scene: QML Connections at @Services/UI/WallpaperService.qml[61:3]: Detected function "onShowHiddenFilesChanged" in Connections element. This is probably intended to be a signal handler but no signal of the target matches the name.
Oct 03 16:42:43 baseweed-admin dbus-run-session[1032]:   WARN scene: QML Connections at @Services/UI/WallpaperService.qml[61:3]: Detected function "onUseSolidColorChanged" in Connections element. This is probably intended to be a signal handler but no signal of the target matches the name.
Oct 03 16:42:43 baseweed-admin dbus-run-session[1032]:   WARN scene: QML Connections at @Services/UI/WallpaperService.qml[61:3]: Detected function "onSolidColorChanged" in Connections element. This is probably intended to be a signal handler but no signal of the target matches the name.
Oct 03 16:42:43 baseweed-admin dbus-run-session[1032]:   WARN scene: QML Connections at @Services/UI/WallpaperService.qml[61:3]: Detected function "onSortOrderChanged" in Connections element. This is probably intended to be a signal handler but no signal of the target matches the name.
Oct 03 16:42:43 baseweed-admin dbus-run-session[1032]:   WARN scene: QML Connections at @Modules/Background/Background.qml[80:7]: Detected function "onFillModeChanged" in Connections element. This is probably intended to be a signal handler but no signal of the target matches the name.
Oct 03 16:42:43 baseweed-admin dbus-run-session[1032]:   WARN scene: QML Connections at @Modules/Background/Background.qml[80:7]: Detected function "onFillModeChanged" in Connections element. This is probably intended to be a signal handler but no signal of the target matches the name.
Oct 03 16:42:43 baseweed-admin dbus-run-session[1032]:   WARN scene: QML Connections at @Modules/Background/Background.qml[80:7]: Detected function "onFillModeChanged" in Connections element. This is probably intended to be a signal handler but no signal of the target matches the name.
Oct 03 16:42:43 baseweed-admin dbus-run-session[1032]:   WARN scene: QML Connections at @Modules/Dock/Dock.qml[45:7]: Detected function "onPinnedAppsChanged" in Connections element. This is probably intended to be a signal handler but no signal of the target matches the name.
Oct 03 16:42:43 baseweed-admin dbus-run-session[1032]:   WARN scene: QML Connections at @Modules/Dock/Dock.qml[45:7]: Detected function "onOnlySameOutputChanged" in Connections element. This is probably intended to be a signal handler but no signal of the target matches the name.
Oct 03 16:42:43 baseweed-admin dbus-run-session[1032]:   WARN scene: QML Connections at @Modules/Dock/Dock.qml[45:7]: Detected function "onPinnedAppsChanged" in Connections element. This is probably intended to be a signal handler but no signal of the target matches the name.
Oct 03 16:42:43 baseweed-admin dbus-run-session[1032]:   WARN scene: QML Connections at @Modules/Dock/Dock.qml[45:7]: Detected function "onOnlySameOutputChanged" in Connections element. This is probably intended to be a signal handler but no signal of the target matches the name.
Oct 03 16:42:43 baseweed-admin dbus-run-session[1032]:   WARN scene: QML Connections at @Modules/Dock/Dock.qml[45:7]: Detected function "onPinnedAppsChanged" in Connections element. This is probably intended to be a signal handler but no signal of the target matches the name.
Oct 03 16:42:43 baseweed-admin dbus-run-session[1032]:   WARN scene: QML Connections at @Modules/Dock/Dock.qml[45:7]: Detected function "onOnlySameOutputChanged" in Connections element. This is probably intended to be a signal handler but no signal of the target matches the name.
Oct 03 16:42:43 baseweed-admin dbus-run-session[1032]:   INFO qml: [20261003-164243]          Shell ---------------------------
Oct 03 16:42:43 baseweed-admin dbus-run-session[1032]:   INFO qml: [20261003-164243]      Wallpaper Service started
Oct 03 16:42:43 baseweed-admin dbus-run-session[1032]:   INFO qml: [20261003-164243]     ImageCache Service started
Oct 03 16:42:44 baseweed-admin dbus-run-session[1032]:   WARN scene: QML Connections at @Services/Theming/AppThemeService.qml[30:3]: Detected function "onDarkModeChanged" in Connections element. This is probably intended to be a signal handler but no signal of the target matches the name.
Oct 03 16:42:44 baseweed-admin dbus-run-session[1032]:   WARN scene: QML Connections at @Services/Theming/AppThemeService.qml[30:3]: Detected function "onMonitorForColorsChanged" in Connections element. This is probably intended to be a signal handler but no signal of the target matches the name.
Oct 03 16:42:44 baseweed-admin dbus-run-session[1032]:   WARN scene: QML Connections at @Services/Theming/AppThemeService.qml[30:3]: Detected function "onGenerationMethodChanged" in Connections element. This is probably intended to be a signal handler but no signal of the target matches the name.
Oct 03 16:42:44 baseweed-admin dbus-run-session[1032]:   INFO qml: [20261003-164244] AppThemeServic Service started
Oct 03 16:42:44 baseweed-admin dbus-run-session[1032]:   WARN scene: QML Connections at @Services/Theming/ColorSchemeService.qml[20:3]: Detected function "onDarkModeChanged" in Connections element. This is probably intended to be a signal handler but no signal of the target matches the name.
Oct 03 16:42:44 baseweed-admin dbus-run-session[1032]:   INFO qml: [20261003-164244]    ColorScheme Service started
Oct 03 16:42:44 baseweed-admin dbus-run-session[1032]:   INFO qml: [20261003-164244] AppPresentatio Service started
Oct 03 16:42:44 baseweed-admin dbus-run-session[1032]:   WARN scene: QML Connections at @Services/Location/DarkModeService.qml[43:3]: Detected function "onSchedulingModeChanged" in Connections element. This is probably intended to be a signal handler but no signal of the target matches the name.
Oct 03 16:42:44 baseweed-admin dbus-run-session[1032]:   WARN scene: QML Connections at @Services/Location/DarkModeService.qml[28:3]: Detected function "onManualSunriseChanged" in Connections element. This is probably intended to be a signal handler but no signal of the target matches the name.
Oct 03 16:42:44 baseweed-admin dbus-run-session[1032]:   WARN scene: QML Connections at @Services/Location/DarkModeService.qml[28:3]: Detected function "onManualSunsetChanged" in Connections element. This is probably intended to be a signal handler but no signal of the target matches the name.
Oct 03 16:42:44 baseweed-admin dbus-run-session[1032]:   INFO qml: [20261003-164244] DarkModeServic Service started
Oct 03 16:42:44 baseweed-admin dbus-run-session[1032]:   WARN scene: @Services/Location/DarkModeService.qml[29:5]: Unable to assign QJSValue to QObject*
Oct 03 16:42:44 baseweed-admin dbus-run-session[1032]:   WARN scene: @Services/Location/DarkModeService.qml[44:5]: Unable to assign QJSValue to QObject*
Oct 03 16:42:44 baseweed-admin dbus-run-session[1032]:   WARN scene: @Services/Theming/ColorSchemeService.qml[21:5]: Unable to assign QJSValue to QObject*
Oct 03 16:42:44 baseweed-admin dbus-run-session[1032]:   WARN scene: @Services/Theming/AppThemeService.qml[31:5]: Unable to assign QJSValue to QObject*
Oct 03 16:42:44 baseweed-admin dbus-run-session[1032]:   WARN scene: @Modules/Dock/Dock.qml[46:9]: Unable to assign QJSValue to QObject*
Oct 03 16:42:44 baseweed-admin dbus-run-session[1032]:   WARN scene: @Modules/Dock/Dock.qml[46:9]: Unable to assign QJSValue to QObject*
Oct 03 16:42:44 baseweed-admin dbus-run-session[1032]:   WARN scene: @Modules/Dock/Dock.qml[46:9]: Unable to assign QJSValue to QObject*
Oct 03 16:42:44 baseweed-admin dbus-run-session[1032]:   WARN scene: @Modules/Background/Background.qml[81:9]: Unable to assign QJSValue to QObject*
Oct 03 16:42:44 baseweed-admin dbus-run-session[1032]:   WARN scene: @Modules/Background/Background.qml[81:9]: Unable to assign QJSValue to QObject*
Oct 03 16:42:44 baseweed-admin dbus-run-session[1032]:   WARN scene: @Modules/Background/Background.qml[81:9]: Unable to assign QJSValue to QObject*
Oct 03 16:42:44 baseweed-admin dbus-run-session[1032]:   WARN scene: @Services/UI/WallpaperService.qml[62:5]: Unable to assign QJSValue to QObject*
Oct 03 16:42:44 baseweed-admin dbus-run-session[1032]:   WARN scene: @Modules/Panels/SessionMenu/SessionMenu.qml[152:5]: Unable to assign QJSValue to QObject*
Oct 03 16:42:44 baseweed-admin dbus-run-session[1032]:   WARN scene: @Modules/Panels/Dock/StaticDockPanel.qml[351:5]: Unable to assign QJSValue to QObject*
Oct 03 16:42:44 baseweed-admin dbus-run-session[1032]:   WARN scene: @Modules/Panels/SessionMenu/SessionMenu.qml[152:5]: Unable to assign QJSValue to QObject*
Oct 03 16:42:44 baseweed-admin dbus-run-session[1032]:   WARN scene: @Modules/Panels/Dock/StaticDockPanel.qml[351:5]: Unable to assign QJSValue to QObject*
Oct 03 16:42:44 baseweed-admin dbus-run-session[1032]:   WARN scene: @Services/System/SystemStatService.qml[321:5]: Unable to assign QJSValue to QObject*
Oct 03 16:42:44 baseweed-admin dbus-run-session[1032]:   WARN scene: @Modules/Panels/SessionMenu/SessionMenu.qml[152:5]: Unable to assign QJSValue to QObject*
Oct 03 16:42:44 baseweed-admin dbus-run-session[1032]:   WARN scene: @Services/Networking/NetworkService.qml[74:5]: Unable to assign QJSValue to QObject*
Oct 03 16:42:44 baseweed-admin dbus-run-session[1032]:   WARN scene: @Modules/Panels/Dock/StaticDockPanel.qml[351:5]: Unable to assign QJSValue to QObject*
Oct 03 16:42:44 baseweed-admin dbus-run-session[1032]:   WARN scene: @Services/UI/BarService.qml[148:5]: Unable to assign QJSValue to QObject*
Oct 03 16:42:44 baseweed-admin dbus-run-session[1032]:   WARN scene: @Services/Hardware/BrightnessService.qml[67:5]: Unable to assign QJSValue to QObject*
Oct 03 16:42:44 baseweed-admin dbus-run-session[1032]:   INFO qml: [20261003-164244]      Wallpaper Starting scan for Virtual-1 in /home/admin/Pictures/Wallpapers recursive: false
Oct 03 16:42:44 baseweed-admin dbus-run-session[1032]:   INFO qml: [20261003-164244]      Wallpaper Starting scan for pipewire-0 in /home/admin/Pictures/Wallpapers recursive: false
Oct 03 16:42:44 baseweed-admin dbus-run-session[1032]:   INFO qml: [20261003-164244]      Wallpaper Starting scan for pipewire-1 in /home/admin/Pictures/Wallpapers recursive: false
Oct 03 16:42:44 baseweed-admin dbus-run-session[1032]:   INFO qml: [20261003-164244]       Location Service started
Oct 03 16:42:44 baseweed-admin dbus-run-session[1032]:   WARN scene: QML Connections at @Services/Location/NightLightService.qml[96:3]: Detected function "onEnabledChanged" in Connections element. This is probably intended to be a signal handler but no signal of the target matches the name.
Oct 03 16:42:44 baseweed-admin dbus-run-session[1032]:   WARN scene: QML Connections at @Services/Location/NightLightService.qml[96:3]: Detected function "onForcedChanged" in Connections element. This is probably intended to be a signal handler but no signal of the target matches the name.
Oct 03 16:42:44 baseweed-admin dbus-run-session[1032]:   WARN scene: QML Connections at @Services/Location/NightLightService.qml[96:3]: Detected function "onNightTempChanged" in Connections element. This is probably intended to be a signal handler but no signal of the target matches the name.
Oct 03 16:42:44 baseweed-admin dbus-run-session[1032]:   WARN scene: QML Connections at @Services/Location/NightLightService.qml[96:3]: Detected function "onDayTempChanged" in Connections element. This is probably intended to be a signal handler but no signal of the target matches the name.
Oct 03 16:42:44 baseweed-admin dbus-run-session[1032]:   WARN scene: QML Connections at @Services/Control/HooksService.qml[16:3]: Detected function "onDarkModeChanged" in Connections element. This is probably intended to be a signal handler but no signal of the target matches the name.
Oct 03 16:42:44 baseweed-admin dbus-run-session[1032]:   INFO qml: [20261003-164244]   HooksService Service started
Oct 03 16:42:44 baseweed-admin dbus-run-session[1032]:   WARN quickshell.dbus.objectmanager: Failed to create DBusObjectManagerInterface for "org.bluez" "/" : QDBusError("org.freedesktop.DBus.Error.ServiceUnknown", "The name is not activatable")
Oct 03 16:42:44 baseweed-admin dbus-run-session[1032]:   INFO qml: [20261003-164244]      Bluetooth Service started
Oct 03 16:42:44 baseweed-admin dbus-run-session[1032]:   INFO qml: [20261003-164244]  IdleInhibitor Service started
Oct 03 16:42:44 baseweed-admin dbus-run-session[1032]:   INFO qml: [20261003-164244] CapabilityServ qdwin live-apply capabilities: pointer=false xkb=false wm=false output=false workspace=false idleDpms=false keybind=false
Oct 03 16:42:44 baseweed-admin dbus-run-session[1032]:   INFO qml: [20261003-164244]   PowerService Service started
Oct 03 16:42:44 baseweed-admin dbus-run-session[1032]:   INFO qml: [20261003-164244] AccessibilityS Service started
Oct 03 16:42:44 baseweed-admin dbus-run-session[1032]:   INFO qml: [20261003-164244]  KeyboardInput Service started
Oct 03 16:42:44 baseweed-admin dbus-run-session[1032]:   INFO qml: [20261003-164244] PointerInputSe Service started (qdwin live-apply: persist-only until shell binds >= v28)
Oct 03 16:42:44 baseweed-admin dbus-run-session[1032]:   INFO qml: [20261003-164244] WindowManagerS Service started (qdwin v25 live-apply: false, shortcuts: false)
Oct 03 16:42:44 baseweed-admin dbus-run-session[1032]:   INFO qml: [20261003-164244] SessionService started; saved=0 canApplyPlacement=false
Oct 03 16:42:44 baseweed-admin dbus-run-session[1032]:   INFO qml: [20261003-164244]    HostService Service started
Oct 03 16:42:44 baseweed-admin dbus-run-session[1032]:   INFO qml: [20261003-164244] CustomButtonIP Service started
Oct 03 16:42:44 baseweed-admin dbus-run-session[1032]:   INFO qml: [20261003-164244]     IPCService Service started
Oct 03 16:42:44 baseweed-admin dbus-run-session[1032]:   INFO qml: [20261003-164244]        PodApps service started
Oct 03 16:42:44 baseweed-admin dbus-run-session[1032]:   INFO qml: [20261003-164244]         VMApps service started
Oct 03 16:42:44 baseweed-admin dbus-run-session[1032]:   INFO qml: [20261003-164244]      Tier3Apps service started
Oct 03 16:42:44 baseweed-admin dbus-run-session[1032]:   INFO qml: [20261003-164244]     Tier3sApps service started
Oct 03 16:42:44 baseweed-admin dbus-run-session[1032]:   INFO qml: [20261003-164244]      Tier4Apps service started
Oct 03 16:42:44 baseweed-admin dbus-run-session[1032]:   INFO qml: [20261003-164244] RemoteMachineW service started
Oct 03 16:42:44 baseweed-admin dbus-run-session[1032]:   INFO qml: [20261003-164244]  Tier3FocusIPC service started
Oct 03 16:42:44 baseweed-admin dbus-run-session[1032]:   WARN quickshell.dbus: Could not launch service org.freedesktop.UPower.PowerProfiles: QDBusError(org.freedesktop.DBus.Error.ServiceUnknown, The name is not activatable)
Oct 03 16:42:44 baseweed-admin dbus-run-session[1032]:   WARN quickshell.service.powerprofiles: Could not start PowerProfilesDaemon. The PowerProfiles service will not work.
Oct 03 16:42:44 baseweed-admin weston[916]: [16:42:44.493] qdwin: bind attempt pid=1032 uid=1000 (allowed_uid=1000)
Oct 03 16:42:44 baseweed-admin weston[916]: [16:42:44.493] qdwin: bind accepted for uid=1000, hello sent
Oct 03 16:42:44 baseweed-admin weston[916]: [16:42:44.493] qdwin: ext_workspace_manager bound (count=4 active=0)
Oct 03 16:42:44 baseweed-admin weston[916]: [16:42:44.493] qdwin: zwlr_output_manager bound (serial=1)
Oct 03 16:42:44 baseweed-admin weston[916]: [16:42:44.493] qdwin: shell bound (uid=1000 pid=1032); replaying 0 toplevels
Oct 03 16:42:44 baseweed-admin weston[916]: [16:42:44.493] qdwin: seat_focus_changed seat=default handle=4294967295
Oct 03 16:42:44 baseweed-admin dbus-run-session[1032]:   INFO qml: [20261003-164244]          Qdwin qdwin_shell_v1 bound v34
Oct 03 16:42:44 baseweed-admin dbus-run-session[1032]:   INFO qml: [20261003-164244]  ClipboardGate wired to qdwin_shell_v1; broker default=deny
Oct 03 16:42:44 baseweed-admin weston[916]: [16:42:44.495] qdwin: workspace 0 name="1"
Oct 03 16:42:44 baseweed-admin weston[916]: [16:42:44.495] qdwin: workspace 1 name="2"
Oct 03 16:42:44 baseweed-admin weston[916]: [16:42:44.495] qdwin: workspace 2 name="3"
Oct 03 16:42:44 baseweed-admin weston[916]: [16:42:44.495] qdwin: workspace 3 name="4"
Oct 03 16:42:44 baseweed-admin weston[916]: [16:42:44.496] qdwin: set_wm_policy focus=0 ffm_delay=0 raise_click=1 raise_hover=0 placement=2 snap=1 dist=16
Oct 03 16:42:44 baseweed-admin dbus-run-session[1032]:   INFO qml: [20261003-164244] WindowManagerS applied WM policy focus=click placement=smart snap=true/16
Oct 03 16:42:44 baseweed-admin dbus-run-session[1032]:   INFO qml: [20261003-164244] CapabilityServ wmPolicy -> true
Oct 03 16:42:44 baseweed-admin weston[916]: [16:42:44.497] qdwin: register_hotkey id=7101 mods=0x2 key=62
Oct 03 16:42:44 baseweed-admin weston[916]: [16:42:44.497] qdwin: register_hotkey id=7102 mods=0x4 key=103
Oct 03 16:42:44 baseweed-admin weston[916]: [16:42:44.497] qdwin: register_hotkey id=7103 mods=0x4 key=33
Oct 03 16:42:44 baseweed-admin weston[916]: [16:42:44.497] qdwin: register_hotkey id=7104 mods=0x4 key=105
Oct 03 16:42:44 baseweed-admin weston[916]: [16:42:44.497] qdwin: register_hotkey id=7105 mods=0x4 key=106
Oct 03 16:42:44 baseweed-admin dbus-run-session[1032]:   INFO qml: [20261003-164244] WindowManagerS registered WM shortcuts (5 active)
Oct 03 16:42:44 baseweed-admin dbus-run-session[1032]:   INFO qml: [20261003-164244] CapabilityServ keybindRegistration -> true
Oct 03 16:42:44 baseweed-admin dbus-run-session[1032]:   INFO qml: [20261003-164244] PointerInputSe applied pointer config accelSpeed=0 profile=0 natural=0 tap=1 scroll=1
Oct 03 16:42:44 baseweed-admin dbus-run-session[1032]:   INFO qml: [20261003-164244] CapabilityServ pointerConfig -> true
Oct 03 16:42:44 baseweed-admin weston[916]: [16:42:44.497] qdwin: set_pointer_config accel=0 profile=0 natural=0 tap=1 left=0 middle=0 dwt=1 scroll=1 (6 devices)
Oct 03 16:42:44 baseweed-admin dbus-run-session[1032]:   INFO qml: [20261003-164244]  KeyboardInput applied qdwin key-repeat rate=25 delay=500
Oct 03 16:42:44 baseweed-admin dbus-run-session[1032]:   INFO qml: [20261003-164244] CapabilityServ xkbRepeat -> true
Oct 03 16:42:44 baseweed-admin dbus-run-session[1032]:   INFO qml: [20261003-164244]   PowerService idle policy armed: inactivity=0ms (nothing), displayOff=0ms, presentation=false
Oct 03 16:42:44 baseweed-admin weston[916]: [16:42:44.497] qdwin: set_key_repeat rate=25 delay=500
Oct 03 16:42:44 baseweed-admin dbus-run-session[1032]:   INFO qml: [20261003-164244] CapabilityServ idleDpms -> true
Oct 03 16:42:44 baseweed-admin dbus-run-session[1032]:   INFO qml: [20261003-164244] CapabilityServ outputManagement -> true
Oct 03 16:42:44 baseweed-admin dbus-run-session[1032]:   WARN qml: [20261003-164244]       Location Weather is still fetching
Oct 03 16:42:44 baseweed-admin dbus-run-session[1032]:   WARN quickshell.dbus: Could not launch service org.freedesktop.UPower: QDBusError(org.freedesktop.DBus.Error.ServiceUnknown, The name is not activatable)
Oct 03 16:42:44 baseweed-admin dbus-run-session[1032]:   WARN quickshell.service.upower: Could not start UPower. The UPower service will not work.
Oct 03 16:42:44 baseweed-admin dbus-run-session[1032]:   INFO qml: [20261003-164244]    HostService resolved hostname baseweed-admin
Oct 03 16:42:44 baseweed-admin dbus-run-session[1032]:   INFO qml: [20261003-164244]    HostService Detected openSUSE Tumbleweed
Oct 03 16:42:44 baseweed-admin dbus-run-session[1032]:   INFO qml: [20261003-164244]    HostService Looking for logo icon: distributor-logo-Tumbleweed
Oct 03 16:42:44 baseweed-admin dbus-run-session[1032]:   WARN: Process failed to start, likely because the binary could not be found. Command: QList("bluetoothctl", "show")
Oct 03 16:42:44 baseweed-admin dbus-run-session[1032]:   WARN: Process failed to start, likely because the binary could not be found. Command: QList("udisksctl", "monitor")
Oct 03 16:42:44 baseweed-admin weston[916]: [16:42:44.751] qdwin: layer-shell get_layer_surface ns=qdshell-background-Virtual-1 layer=2 output=0x55868a3ea450
Oct 03 16:42:44 baseweed-admin weston[916]: [16:42:44.752] qdwin: layer-shell configure ns=qdshell-background-Virtual-1 layer=2 box=0,0 1920x1080 serial=1
Oct 03 16:42:44 baseweed-admin weston[916]: [16:42:44.752] qdwin: layer-shell get_layer_surface ns=qdshell-bar-content-Virtual-1 layer=2 output=0x55868a3ea450
Oct 03 16:42:44 baseweed-admin weston[916]: [16:42:44.752] qdwin: layer-shell configure ns=qdshell-bar-content-Virtual-1 layer=2 box=0,0 1920x31 serial=2
Oct 03 16:42:44 baseweed-admin weston[916]: [16:42:44.752] qdwin: layer-shell get_layer_surface ns=qdshell-bar-exclusion-top-Virtual-1 layer=2 output=0x55868a3ea450
Oct 03 16:42:44 baseweed-admin weston[916]: [16:42:44.752] qdwin: layer-shell configure ns=qdshell-bar-exclusion-top-Virtual-1 layer=2 box=0,0 1920x31 serial=3
Oct 03 16:42:44 baseweed-admin weston[916]: [16:42:44.752] qdwin: layer-shell get_layer_surface ns=qdshell-background-pipewire-0 layer=2 output=0x55868a3eb930
Oct 03 16:42:44 baseweed-admin weston[916]: [16:42:44.752] qdwin: layer-shell configure ns=qdshell-background-pipewire-0 layer=2 box=1920,0 640x480 serial=4
Oct 03 16:42:44 baseweed-admin weston[916]: [16:42:44.752] qdwin: layer-shell get_layer_surface ns=qdshell-bar-content-pipewire-0 layer=2 output=0x55868a3eb930
Oct 03 16:42:44 baseweed-admin weston[916]: [16:42:44.752] qdwin: layer-shell configure ns=qdshell-bar-content-pipewire-0 layer=2 box=1920,0 640x31 serial=5
Oct 03 16:42:44 baseweed-admin weston[916]: [16:42:44.752] qdwin: layer-shell get_layer_surface ns=qdshell-bar-exclusion-top-pipewire-0 layer=2 output=0x55868a3eb930
Oct 03 16:42:44 baseweed-admin weston[916]: [16:42:44.752] qdwin: layer-shell configure ns=qdshell-bar-exclusion-top-pipewire-0 layer=2 box=1920,0 640x31 serial=6
Oct 03 16:42:44 baseweed-admin weston[916]: [16:42:44.752] qdwin: layer-shell get_layer_surface ns=qdshell-background-pipewire-1 layer=2 output=0x55868a411200
Oct 03 16:42:44 baseweed-admin weston[916]: [16:42:44.752] qdwin: layer-shell configure ns=qdshell-background-pipewire-1 layer=2 box=2560,0 640x480 serial=7
Oct 03 16:42:44 baseweed-admin weston[916]: [16:42:44.752] qdwin: layer-shell get_layer_surface ns=qdshell-bar-content-pipewire-1 layer=2 output=0x55868a411200
Oct 03 16:42:44 baseweed-admin weston[916]: [16:42:44.752] qdwin: layer-shell configure ns=qdshell-bar-content-pipewire-1 layer=2 box=2560,0 640x31 serial=8
Oct 03 16:42:44 baseweed-admin weston[916]: [16:42:44.752] qdwin: layer-shell get_layer_surface ns=qdshell-bar-exclusion-top-pipewire-1 layer=2 output=0x55868a411200
Oct 03 16:42:44 baseweed-admin weston[916]: [16:42:44.752] qdwin: layer-shell configure ns=qdshell-bar-exclusion-top-pipewire-1 layer=2 box=2560,0 640x31 serial=9
Oct 03 16:42:44 baseweed-admin weston[916]: [16:42:44.752] qdwin: layer-shell get_layer_surface ns=qdshell-dock-peek-Virtual-1 layer=2 output=0x55868a3ea450
Oct 03 16:42:44 baseweed-admin weston[916]: [16:42:44.752] qdwin: layer-shell configure ns=qdshell-dock-peek-Virtual-1 layer=2 box=0,1079 1920x1 serial=10
Oct 03 16:42:44 baseweed-admin weston[916]: [16:42:44.752] qdwin: layer-shell get_layer_surface ns=qdshell-dock-peek-pipewire-0 layer=2 output=0x55868a3eb930
Oct 03 16:42:44 baseweed-admin weston[916]: [16:42:44.752] qdwin: layer-shell configure ns=qdshell-dock-peek-pipewire-0 layer=2 box=1920,479 640x1 serial=11
Oct 03 16:42:44 baseweed-admin weston[916]: [16:42:44.752] qdwin: layer-shell get_layer_surface ns=qdshell-dock-peek-pipewire-1 layer=2 output=0x55868a411200
Oct 03 16:42:44 baseweed-admin weston[916]: [16:42:44.752] qdwin: layer-shell configure ns=qdshell-dock-peek-pipewire-1 layer=2 box=2560,479 640x1 serial=12
Oct 03 16:42:44 baseweed-admin weston[916]: [16:42:44.752] qdwin: layer-shell get_layer_surface ns=qdshell-image-cache-renderer layer=2 output=(nil)
Oct 03 16:42:44 baseweed-admin weston[916]: [16:42:44.752] qdwin: layer-shell configure ns=qdshell-image-cache-renderer layer=2 box=960,540 1x1 serial=13
Oct 03 16:42:44 baseweed-admin dbus-run-session[1032]:  ERROR qml: [20261003-164244]       Location Geocoding error: 0
Oct 03 16:42:45 baseweed-admin dbus-run-session[1032]:   WARN scene: QML Connections at qs:/usr/share/quickshell/qdshell/Modules/Bar/Widgets/Taskbar.qml[981:3]: Detected function "onPinnedAppsChanged" in Connections element. This is probably intended to be a signal handler but no signal of the target matches the name.
Oct 03 16:42:45 baseweed-admin dbus-run-session[1032]:   WARN scene: QML Connections at qs:/usr/share/quickshell/qdshell/Modules/Bar/Widgets/Taskbar.qml[981:3]: Detected function "onPinnedAppsChanged" in Connections element. This is probably intended to be a signal handler but no signal of the target matches the name.
Oct 03 16:42:45 baseweed-admin dbus-run-session[1032]:   WARN scene: QML Connections at qs:/usr/share/quickshell/qdshell/Modules/Bar/Widgets/Taskbar.qml[981:3]: Detected function "onPinnedAppsChanged" in Connections element. This is probably intended to be a signal handler but no signal of the target matches the name.
Oct 03 16:42:45 baseweed-admin dbus-run-session[1032]:   INFO qml: [20261003-164245] PluginRegistry All plugin manifests loaded. Total plugins: 0
Oct 03 16:42:45 baseweed-admin dbus-run-session[1032]:   INFO qml: [20261003-164245]  PluginService Initializing plugin system
Oct 03 16:42:45 baseweed-admin dbus-run-session[1032]:   INFO qml: [20261003-164245]  PluginService Found 0 enabled plugins: []
Oct 03 16:42:45 baseweed-admin dbus-run-session[1032]:   INFO qml: [20261003-164245]  PluginService No plugins to load
Oct 03 16:42:45 baseweed-admin dbus-run-session[1032]:   INFO qml: [20261003-164245]  PluginService Refreshing available plugins
Oct 03 16:42:45 baseweed-admin dbus-run-session[1032]:   WARN qml: [20261003-164245]     ImageCache ImageMagick not found, using Qt fallback
Oct 03 16:42:45 baseweed-admin dbus-run-session[1032]:   WARN qml: [20261003-164245]      Wallpaper Scan failed for Virtual-1 exit code: 1 (directory might not exist)
Oct 03 16:42:45 baseweed-admin dbus-run-session[1032]:   WARN qml: [20261003-164245]      Wallpaper Scan failed for pipewire-0 exit code: 1 (directory might not exist)
Oct 03 16:42:45 baseweed-admin dbus-run-session[1032]:   WARN qml: [20261003-164245]      Wallpaper Scan failed for pipewire-1 exit code: 1 (directory might not exist)
Oct 03 16:42:45 baseweed-admin dbus-run-session[1032]:   WARN qml: [20261003-164245]   PowerService Button monitor unavailable (exit 1); releasing key inhibitors, logind will handle power/sleep keys
Oct 03 16:42:45 baseweed-admin dbus-run-session[1032]:   INFO qml: [20261003-164245]  KeyboardInput applied qdwin key-repeat rate=25 delay=500
Oct 03 16:42:45 baseweed-admin weston[916]: [16:42:45.226] qdwin: set_key_repeat rate=25 delay=500
Oct 03 16:42:45 baseweed-admin dbus-run-session[1032]:   INFO qml: [20261003-164245] PointerInputSe enumerated 3 pointer device(s) via proc
Oct 03 16:42:45 baseweed-admin dbus-run-session[1032]:   INFO qml: [20261003-164245]        PodApps cache refresh loaded 0 apps
Oct 03 16:42:46 baseweed-admin weston[916]: [16:42:46.760] qdwin: layer-shell mapped ns=qdshell-background-Virtual-1 layer=2 at 0,0 1920x1080
Oct 03 16:42:47 baseweed-admin weston[916]: [16:42:47.018] qdwin: layer-shell mapped ns=qdshell-bar-content-Virtual-1 layer=2 at 0,0 1920x31
Oct 03 16:42:48 baseweed-admin weston[916]: [16:42:48.041] qdwin: layer-shell mapped ns=qdshell-bar-exclusion-top-Virtual-1 layer=2 at 0,0 1920x31
Oct 03 16:42:48 baseweed-admin weston[916]: [16:42:48.676] qdwin: layer-shell mapped ns=qdshell-background-pipewire-0 layer=2 at 1920,0 640x480
Oct 03 16:42:49 baseweed-admin weston[916]: [16:42:49.342] qdwin: layer-shell mapped ns=qdshell-bar-content-pipewire-0 layer=2 at 1920,0 640x31
Oct 03 16:42:49 baseweed-admin weston[916]: [16:42:49.792] qdwin: layer-shell mapped ns=qdshell-bar-exclusion-top-pipewire-0 layer=2 at 1920,0 640x31
Oct 03 16:42:50 baseweed-admin weston[916]: [16:42:50.459] qdwin: layer-shell mapped ns=qdshell-background-pipewire-1 layer=2 at 2560,0 640x480
Oct 03 16:42:51 baseweed-admin weston[916]: [16:42:51.052] qdwin: layer-shell mapped ns=qdshell-bar-content-pipewire-1 layer=2 at 2560,0 640x31
Oct 03 16:42:51 baseweed-admin weston[916]: [16:42:51.617] qdwin: layer-shell mapped ns=qdshell-bar-exclusion-top-pipewire-1 layer=2 at 2560,0 640x31
Oct 03 16:42:52 baseweed-admin weston[916]: [16:42:52.041] qdwin: layer-shell mapped ns=qdshell-dock-peek-Virtual-1 layer=2 at 0,1079 1920x1
Oct 03 16:42:52 baseweed-admin weston[916]: [16:42:52.537] qdwin: layer-shell mapped ns=qdshell-dock-peek-pipewire-0 layer=2 at 1920,479 640x1
Oct 03 16:42:52 baseweed-admin weston[916]: [16:42:52.863] qdwin: layer-shell mapped ns=qdshell-dock-peek-pipewire-1 layer=2 at 2560,479 640x1
Oct 03 16:42:52 baseweed-admin weston[916]: [16:42:52.919] qdwin: layer-shell mapped ns=qdshell-image-cache-renderer layer=2 at 960,540 1x1
Oct 03 16:42:52 baseweed-admin dbus-run-session[1032]:   WARN: Could not load icon "user-desktop?fallback=application-x-executable" at size QSize(19, 19) from request
Oct 03 16:42:52 baseweed-admin dbus-run-session[1032]:   WARN: Could not load icon "user-desktop?fallback=application-x-executable" at size QSize(2, 2) from request
Oct 03 16:42:52 baseweed-admin dbus-run-session[1032]:   WARN scene: qs:/usr/share/quickshell/qdshell/Modules/Bar/Widgets/Taskbar.qml[982:5]: Unable to assign QJSValue to QObject*
Oct 03 16:42:52 baseweed-admin dbus-run-session[1032]:   WARN scene: qs:/usr/share/quickshell/qdshell/Modules/Bar/Widgets/Taskbar.qml[982:5]: Unable to assign QJSValue to QObject*
Oct 03 16:42:52 baseweed-admin dbus-run-session[1032]:   WARN scene: qs:/usr/share/quickshell/qdshell/Modules/Bar/Widgets/Taskbar.qml[982:5]: Unable to assign QJSValue to QObject*
Oct 03 16:42:52 baseweed-admin dbus-run-session[1032]:   WARN scene: @Services/Control/HooksService.qml[17:5]: Unable to assign QJSValue to QObject*
Oct 03 16:42:52 baseweed-admin dbus-run-session[1032]:   WARN scene: @Services/Location/NightLightService.qml[97:5]: Unable to assign QJSValue to QObject*
Oct 03 16:42:52 baseweed-admin dbus-run-session[1032]:   INFO qml: [20261003-164252]    ColorScheme Applying color scheme: Qdshell (default)
Oct 03 16:42:52 baseweed-admin dbus-run-session[1032]:   INFO qml: [20261003-164253]           Time Time jump detected (10s) - likely system resume
Oct 03 16:42:53 baseweed-admin dbus-run-session[1032]:   INFO qml: [20261003-164253]        Network System resumed - forcing state poll
Oct 03 16:42:53 baseweed-admin dbus-run-session[1032]:   INFO qml: [20261003-164253]     SystemStat System resumed - resetting differential state
Oct 03 16:42:53 baseweed-admin dbus-run-session[1032]:   INFO qml: [20261003-164253] DarkModeServic System resumed - re-evaluating dark mode
Oct 03 16:42:53 baseweed-admin dbus-run-session[1032]:   INFO qml: [20261003-164253]     NightLight System resumed - re-applying night light
Oct 03 16:42:53 baseweed-admin dbus-run-session[1032]:   INFO qml: [20261003-164253]      Bluetooth System resumed - forcing state poll
Oct 03 16:42:53 baseweed-admin dbus-run-session[1032]:   INFO qml: [20261003-164253]           Font Service started
Oct 03 16:42:53 baseweed-admin dbus-run-session[1032]:  ERROR qml: [20261003-164253]  PluginService Empty response from Qdshell Plugins
Oct 03 16:42:53 baseweed-admin dbus-run-session[1032]:  ERROR qml: [20261003-164253]  PluginService Failed to fetch registry from Qdshell Plugins - exit code: 1
Oct 03 16:42:53 baseweed-admin weston[916]: [16:42:53.173] qdwin: layer-shell get_layer_surface ns=qdshell-osd-Virtual-1 layer=3 output=0x55868a3ea450
Oct 03 16:42:53 baseweed-admin weston[916]: [16:42:53.173] qdwin: layer-shell configure ns=qdshell-osd-Virtual-1 layer=3 box=1591,40 320x72 serial=14
Oct 03 16:42:53 baseweed-admin weston[916]: [16:42:53.173] qdwin: layer-shell get_layer_surface ns=qdshell-osd-pipewire-0 layer=3 output=0x55868a3eb930
Oct 03 16:42:53 baseweed-admin weston[916]: [16:42:53.173] qdwin: layer-shell configure ns=qdshell-osd-pipewire-0 layer=3 box=2231,40 320x72 serial=15
Oct 03 16:42:53 baseweed-admin weston[916]: [16:42:53.173] qdwin: layer-shell get_layer_surface ns=qdshell-osd-pipewire-1 layer=3 output=0x55868a411200
Oct 03 16:42:53 baseweed-admin weston[916]: [16:42:53.173] qdwin: layer-shell configure ns=qdshell-osd-pipewire-1 layer=3 box=2871,40 320x72 serial=16
Oct 03 16:42:53 baseweed-admin dbus-run-session[1032]:   INFO qml: [20261003-164253]        PodApps cache refresh loaded 0 apps
Oct 03 16:42:53 baseweed-admin weston[916]: [16:42:53.778] qdwin: layer-shell mapped ns=qdshell-osd-Virtual-1 layer=3 at 1591,40 320x72
Oct 03 16:42:53 baseweed-admin weston[916]: [16:42:53.873] qdwin: layer-shell mapped ns=qdshell-osd-pipewire-0 layer=3 at 2231,40 320x72
Oct 03 16:42:55 baseweed-admin weston[916]: [16:42:55.549] qdwin: layer-shell mapped ns=qdshell-osd-pipewire-1 layer=3 at 2871,40 320x72
Oct 03 16:42:55 baseweed-admin dbus-run-session[1032]:   WARN qml: [20261003-164255]        Network Connectivity check error: Error: Not authorized to recheck connectivity.
Oct 03 16:42:55 baseweed-admin dbus-run-session[1032]:   INFO qml: [20261003-164255]           Font Loaded 11 fonts, 3 monospace
Oct 03 16:42:55 baseweed-admin weston[916]: [16:42:55.911] qdwin: layer-shell get_layer_surface ns=qdshell-wallpaper-Virtual-1 layer=0 output=0x55868a3ea450
Oct 03 16:42:55 baseweed-admin weston[916]: [16:42:55.911] qdwin: layer-shell configure ns=qdshell-wallpaper-Virtual-1 layer=0 box=0,0 1920x1080 serial=17
Oct 03 16:42:55 baseweed-admin weston[916]: [16:42:55.911] qdwin: layer-shell get_layer_surface ns=qdshell-wallpaper-pipewire-0 layer=0 output=0x55868a3eb930
Oct 03 16:42:55 baseweed-admin weston[916]: [16:42:55.911] qdwin: layer-shell configure ns=qdshell-wallpaper-pipewire-0 layer=0 box=1920,0 640x480 serial=18
Oct 03 16:42:55 baseweed-admin weston[916]: [16:42:55.911] qdwin: layer-shell get_layer_surface ns=qdshell-wallpaper-pipewire-1 layer=0 output=0x55868a411200
Oct 03 16:42:55 baseweed-admin weston[916]: [16:42:55.911] qdwin: layer-shell configure ns=qdshell-wallpaper-pipewire-1 layer=0 box=2560,0 640x480 serial=19
Oct 03 16:42:56 baseweed-admin weston[916]: [16:42:56.436] qdwin: layer-shell mapped ns=qdshell-wallpaper-Virtual-1 layer=0 at 0,0 1920x1080
Oct 03 16:42:57 baseweed-admin weston[916]: [16:42:57.238] qdwin: layer-shell mapped ns=qdshell-wallpaper-pipewire-0 layer=0 at 1920,0 640x480
Oct 03 16:42:57 baseweed-admin weston[916]: [16:42:57.720] qdwin: layer-shell mapped ns=qdshell-wallpaper-pipewire-1 layer=0 at 2560,0 640x480
Oct 03 16:42:57 baseweed-admin dbus-run-session[1032]:   INFO qml: [20261003-164257] DarkModeServic Resume retry - re-evaluating dark mode again
Oct 03 16:42:57 baseweed-admin dbus-run-session[1032]:   INFO qml: [20261003-164257]     NightLight Resume retry - re-applying night light again
Oct 03 16:42:57 baseweed-admin dbus-run-session[1032]:   WARN: Process failed to start, likely because the binary could not be found. Command: QList("bluetoothctl", "show")
Oct 03 16:42:58 baseweed-admin dbus-run-session[1032]:   WARN qml: [20261003-164258]     SystemStat No supported temperature sensor found
Oct 03 16:42:59 baseweed-admin dbus-run-session[1032]:   WARN: Process failed to start, likely because the binary could not be found. Command: QList("bluetoothctl", "show")
Oct 03 16:43:01 baseweed-admin dbus-run-session[1032]:   WARN: Process failed to start, likely because the binary could not be found. Command: QList("bluetoothctl", "show")
Oct 03 16:43:03 baseweed-admin dbus-run-session[1032]:   WARN: Process failed to start, likely because the binary could not be found. Command: QList("bluetoothctl", "show")
Oct 03 16:43:04 baseweed-admin dbus-run-session[1032]:   WARN qml: [20261003-164304]       Location Weather is still fetching
Oct 03 16:43:04 baseweed-admin dbus-run-session[1032]:  ERROR qml: [20261003-164304]       Location Geocoding error: 0
Oct 03 16:43:05 baseweed-admin dbus-run-session[1032]:   WARN: Process failed to start, likely because the binary could not be found. Command: QList("bluetoothctl", "show")
Oct 03 16:43:07 baseweed-admin dbus-run-session[1032]:   WARN: Process failed to start, likely because the binary could not be found. Command: QList("bluetoothctl", "show")
Oct 03 16:43:08 baseweed-admin dbus-run-session[1032]:   WARN qml: [20261003-164308]        Network Connectivity check error: Error: Not authorized to recheck connectivity.
Oct 03 16:43:09 baseweed-admin dbus-run-session[1032]:   WARN: Process failed to start, likely because the binary could not be found. Command: QList("bluetoothctl", "show")
Oct 03 16:43:11 baseweed-admin dbus-run-session[1032]:   WARN: Process failed to start, likely because the binary could not be found. Command: QList("bluetoothctl", "show")
Oct 03 16:43:13 baseweed-admin dbus-run-session[1032]:   WARN: Process failed to start, likely because the binary could not be found. Command: QList("bluetoothctl", "show")
Oct 03 16:43:14 baseweed-admin dbus-run-session[1032]:   INFO qml: [20261003-164314]        PodApps cache refresh loaded 0 apps
Oct 03 16:43:15 baseweed-admin dbus-run-session[1032]:   WARN: Process failed to start, likely because the binary could not be found. Command: QList("bluetoothctl", "show")
Oct 03 16:43:17 baseweed-admin dbus-run-session[1032]:   WARN: Process failed to start, likely because the binary could not be found. Command: QList("bluetoothctl", "show")
Oct 03 16:43:19 baseweed-admin dbus-run-session[1032]:   WARN: Process failed to start, likely because the binary could not be found. Command: QList("bluetoothctl", "show")
Oct 03 16:43:21 baseweed-admin dbus-run-session[1032]:   WARN: Process failed to start, likely because the binary could not be found. Command: QList("bluetoothctl", "show")
Oct 03 16:43:23 baseweed-admin dbus-run-session[1032]:   WARN qml: [20261003-164323]        Network Connectivity check error: Error: Not authorized to recheck connectivity.
Oct 03 16:43:23 baseweed-admin dbus-run-session[1032]:   WARN: Process failed to start, likely because the binary could not be found. Command: QList("bluetoothctl", "show")
Oct 03 16:43:24 baseweed-admin dbus-run-session[1032]:   WARN qml: [20261003-164324]       Location Weather is still fetching
Oct 03 16:43:24 baseweed-admin dbus-run-session[1032]:  ERROR qml: [20261003-164324]       Location Geocoding error: 0
Oct 03 16:43:25 baseweed-admin dbus-run-session[1032]:   WARN: Process failed to start, likely because the binary could not be found. Command: QList("bluetoothctl", "show")
Oct 03 16:43:27 baseweed-admin dbus-run-session[1032]:   WARN: Process failed to start, likely because the binary could not be found. Command: QList("bluetoothctl", "show")
Oct 03 16:43:29 baseweed-admin dbus-run-session[1032]:   WARN: Process failed to start, likely because the binary could not be found. Command: QList("bluetoothctl", "show")
Oct 03 16:43:31 baseweed-admin dbus-run-session[1032]:   WARN: Process failed to start, likely because the binary could not be found. Command: QList("bluetoothctl", "show")
Oct 03 16:43:33 baseweed-admin dbus-run-session[1032]:   WARN: Process failed to start, likely because the binary could not be found. Command: QList("bluetoothctl", "show")
Oct 03 16:43:35 baseweed-admin dbus-run-session[1032]:   WARN: Process failed to start, likely because the binary could not be found. Command: QList("bluetoothctl", "show")
Oct 03 16:43:37 baseweed-admin dbus-run-session[1032]:   WARN: Process failed to start, likely because the binary could not be found. Command: QList("bluetoothctl", "show")
Oct 03 16:43:38 baseweed-admin dbus-run-session[1032]:   WARN qml: [20261003-164338]        Network Connectivity check error: Error: Not authorized to recheck connectivity.
Oct 03 16:43:39 baseweed-admin dbus-run-session[1032]:   WARN: Process failed to start, likely because the binary could not be found. Command: QList("bluetoothctl", "show")
Oct 03 16:43:41 baseweed-admin dbus-run-session[1032]:   WARN: Process failed to start, likely because the binary could not be found. Command: QList("bluetoothctl", "show")
Oct 03 16:43:43 baseweed-admin dbus-run-session[1032]:   WARN: Process failed to start, likely because the binary could not be found. Command: QList("bluetoothctl", "show")
Oct 03 16:43:44 baseweed-admin dbus-run-session[1032]:   WARN qml: [20261003-164344]       Location Weather is still fetching
Oct 03 16:43:44 baseweed-admin dbus-run-session[1032]:  ERROR qml: [20261003-164344]       Location Geocoding error: 0
Oct 03 16:43:44 baseweed-admin dbus-run-session[1032]:   INFO qml: [20261003-164344]        PodApps cache refresh loaded 0 apps
Oct 03 16:43:45 baseweed-admin dbus-run-session[1032]:   WARN: Process failed to start, likely because the binary could not be found. Command: QList("bluetoothctl", "show")
Oct 03 16:43:47 baseweed-admin dbus-run-session[1032]:   WARN: Process failed to start, likely because the binary could not be found. Command: QList("bluetoothctl", "show")
Oct 03 16:43:49 baseweed-admin dbus-run-session[1032]:   WARN: Process failed to start, likely because the binary could not be found. Command: QList("bluetoothctl", "show")
Oct 03 16:43:51 baseweed-admin dbus-run-session[1032]:   WARN: Process failed to start, likely because the binary could not be found. Command: QList("bluetoothctl", "show")
Oct 03 16:43:53 baseweed-admin dbus-run-session[1032]:   WARN qml: [20261003-164353]        Network Connectivity check error: Error: Not authorized to recheck connectivity.
Oct 03 16:43:53 baseweed-admin dbus-run-session[1032]:   WARN: Process failed to start, likely because the binary could not be found. Command: QList("bluetoothctl", "show")
Oct 03 16:43:53 baseweed-admin dbus-run-session[1032]:   INFO qml: [20261003-164353]        PodApps auto-scan: qdistro-tier3s-s122a transitioned to running
Oct 03 16:43:55 baseweed-admin dbus-run-session[1032]:   WARN: Process failed to start, likely because the binary could not be found. Command: QList("bluetoothctl", "show")
Oct 03 16:43:55 baseweed-admin dbus-run-session[1032]:   WARN qml: [20261003-164355]        PodApps scan failed for qdistro-tier3s-s122a (exit 2)
Oct 03 16:43:57 baseweed-admin dbus-run-session[1032]:   WARN: Process failed to start, likely because the binary could not be found. Command: QList("bluetoothctl", "show")
Oct 03 16:43:59 baseweed-admin dbus-run-session[1032]:   WARN: Process failed to start, likely because the binary could not be found. Command: QList("bluetoothctl", "show")
Oct 03 16:44:01 baseweed-admin dbus-run-session[1032]:   WARN: Process failed to start, likely because the binary could not be found. Command: QList("bluetoothctl", "show")
Oct 03 16:44:03 baseweed-admin dbus-run-session[1032]:   WARN: Process failed to start, likely because the binary could not be found. Command: QList("bluetoothctl", "show")
Oct 03 16:44:03 baseweed-admin dbus-run-session[1032]:   INFO qml: [20261003-164403]        PodApps auto-scan: qdistro-tier3s-s122a transitioned to running
Oct 03 16:44:04 baseweed-admin dbus-run-session[1032]:   WARN qml: [20261003-164404]       Location Weather is still fetching
Oct 03 16:44:04 baseweed-admin dbus-run-session[1032]:  ERROR qml: [20261003-164404]       Location Geocoding error: 0
Oct 03 16:44:05 baseweed-admin dbus-run-session[1032]:   WARN: Process failed to start, likely because the binary could not be found. Command: QList("bluetoothctl", "show")
Oct 03 16:44:05 baseweed-admin dbus-run-session[1032]:   WARN qml: [20261003-164405]        PodApps scan failed for qdistro-tier3s-s122a (exit 2)
Oct 03 16:44:07 baseweed-admin dbus-run-session[1032]:   WARN: Process failed to start, likely because the binary could not be found. Command: QList("bluetoothctl", "show")
Oct 03 16:44:08 baseweed-admin dbus-run-session[1032]:   WARN qml: [20261003-164408]        Network Connectivity check error: Error: Not authorized to recheck connectivity.
Oct 03 16:44:09 baseweed-admin dbus-run-session[1032]:   WARN: Process failed to start, likely because the binary could not be found. Command: QList("bluetoothctl", "show")
Oct 03 16:44:11 baseweed-admin dbus-run-session[1032]:   WARN: Process failed to start, likely because the binary could not be found. Command: QList("bluetoothctl", "show")
Oct 03 16:44:13 baseweed-admin dbus-run-session[1032]:   WARN: Process failed to start, likely because the binary could not be found. Command: QList("bluetoothctl", "show")
Oct 03 16:44:14 baseweed-admin dbus-run-session[1032]:   INFO qml: [20261003-164414]        PodApps cache refresh loaded 0 apps
Oct 03 16:44:14 baseweed-admin dbus-run-session[1032]:   INFO qml: [20261003-164414]        PodApps auto-scan: qdistro-tier3s-s122a transitioned to running
Oct 03 16:44:15 baseweed-admin dbus-run-session[1032]:   WARN: Process failed to start, likely because the binary could not be found. Command: QList("bluetoothctl", "show")
Oct 03 16:44:17 baseweed-admin podman[7603]: 2026-10-03 16:44:17.025543281 +0000 UTC m=+0.151551749 container exec 5973c702844b9bebffd6638796b958daa1e033f7fbf308742fdf54f7cdfcd0aa (image=localhost/qdistro/tier3s-headless-smoke:latest, name=qdistro-tier3s-s122a, org.opensuse.base.title=openSUSE Tumbleweed Base Container, org.opensuse.base.url=https://www.opensuse.org, org.opensuse.base.lifecycle-url=https://en.opensuse.org/Lifetime, org.opensuse.reference=registry.opensuse.org/opensuse/tumbleweed:20260930.37.208, org.openbuildservice.disturl=obs://build.opensuse.org/openSUSE:Factory/images/561f9d4c8e4e1a441f95ad4ec6b5a914-opensuse-tumbleweed-image:docker, org.opencontainers.image.title=openSUSE Tumbleweed Base Container, org.qdistro.tier3s.workload=headless-smoke, org.opencontainers.image.description=Image containing a minimal environment for containers based on openSUSE Tumbleweed., io.buildah.version=1.44.1, org.opensuse.base.version=20260930.37.208, org.qdistro.snapshot=20260930, org.opensuse.lifecycle-url=https://en.opensuse.org/Lifetime, org.opencontainers.image.version=20260930.37.208, org.opensuse.base.description=Image containing a minimal environment for containers based on openSUSE Tumbleweed., org.opensuse.base.disturl=obs://build.opensuse.org/openSUSE:Factory/images/561f9d4c8e4e1a441f95ad4ec6b5a914-opensuse-tumbleweed-image:docker, org.opensuse.base.source=https://build.opensuse.org/package/show/openSUSE:Factory/opensuse-tumbleweed-image?rev=561f9d4c8e4e1a441f95ad4ec6b5a914, org.opensuse.base.vendor=openSUSE Project, org.opencontainers.image.source=https://build.opensuse.org/package/show/openSUSE:Factory/opensuse-tumbleweed-image?rev=561f9d4c8e4e1a441f95ad4ec6b5a914, qdistro_tier3s_token=d015272193819e68a38c46cdde1857dd, qdistro_tier3s_unit=qdistro-tier3s-silo@s122a.service, org.opensuse.base.created=2026-09-30T20:05:54.126624488Z, org.opensuse.base.reference=registry.opensuse.org/opensuse/tumbleweed:20260930.37.208, org.opencontainers.image.vendor=openSUSE Project, org.opencontainers.image.created=2026-09-30T20:05:54.126624488Z, org.opencontainers.image.url=https://www.opensuse.org)
Oct 03 16:44:17 baseweed-admin conmon[7626]: conmon 5973c702844b9bebffd6 <nwarn>: Failed to open cgroups file: /sys/fs/cgroup/user.slice/user-1000.slice/user@1000.service/app.slice/qdshell.service/memory.events
Oct 03 16:44:17 baseweed-admin podman[7649]: 2026-10-03 16:44:17.102017973 +0000 UTC m=+0.052787046 container exec_died 5973c702844b9bebffd6638796b958daa1e033f7fbf308742fdf54f7cdfcd0aa (image=localhost/qdistro/tier3s-headless-smoke:latest, name=qdistro-tier3s-s122a, execID=da57c5de71f10c4f0ea28bfc06b89576bbd02e7ef0ba8a7c3dc1e01af7162aa7, org.opencontainers.image.title=openSUSE Tumbleweed Base Container, org.opencontainers.image.url=https://www.opensuse.org, org.opensuse.base.version=20260930.37.208, org.openbuildservice.disturl=obs://build.opensuse.org/openSUSE:Factory/images/561f9d4c8e4e1a441f95ad4ec6b5a914-opensuse-tumbleweed-image:docker, org.opencontainers.image.source=https://build.opensuse.org/package/show/openSUSE:Factory/opensuse-tumbleweed-image?rev=561f9d4c8e4e1a441f95ad4ec6b5a914, org.opencontainers.image.vendor=openSUSE Project, org.opensuse.lifecycle-url=https://en.opensuse.org/Lifetime, org.opensuse.base.title=openSUSE Tumbleweed Base Container, org.opensuse.base.description=Image containing a minimal environment for containers based on openSUSE Tumbleweed., io.buildah.version=1.44.1, org.qdistro.snapshot=20260930, qdistro_tier3s_token=d015272193819e68a38c46cdde1857dd, qdistro_tier3s_unit=qdistro-tier3s-silo@s122a.service, org.opensuse.base.disturl=obs://build.opensuse.org/openSUSE:Factory/images/561f9d4c8e4e1a441f95ad4ec6b5a914-opensuse-tumbleweed-image:docker, org.opencontainers.image.version=20260930.37.208, org.opensuse.base.created=2026-09-30T20:05:54.126624488Z, org.opensuse.base.url=https://www.opensuse.org, org.opencontainers.image.created=2026-09-30T20:05:54.126624488Z, org.qdistro.tier3s.workload=headless-smoke, org.opensuse.base.reference=registry.opensuse.org/opensuse/tumbleweed:20260930.37.208, org.opensuse.base.vendor=openSUSE Project, org.opensuse.reference=registry.opensuse.org/opensuse/tumbleweed:20260930.37.208, org.opensuse.base.lifecycle-url=https://en.opensuse.org/Lifetime, org.opencontainers.image.description=Image containing a minimal environment for containers based on openSUSE Tumbleweed., org.opensuse.base.source=https://build.opensuse.org/package/show/openSUSE:Factory/opensuse-tumbleweed-image?rev=561f9d4c8e4e1a441f95ad4ec6b5a914)
Oct 03 16:44:17 baseweed-admin podman[7603]: 2026-10-03 16:44:17.169220664 +0000 UTC m=+0.295229132 container exec_died 5973c702844b9bebffd6638796b958daa1e033f7fbf308742fdf54f7cdfcd0aa (image=localhost/qdistro/tier3s-headless-smoke:latest, name=qdistro-tier3s-s122a, qdistro_tier3s_unit=qdistro-tier3s-silo@s122a.service, org.opencontainers.image.description=Image containing a minimal environment for containers based on openSUSE Tumbleweed., org.opencontainers.image.version=20260930.37.208, org.qdistro.snapshot=20260930, org.opensuse.lifecycle-url=https://en.opensuse.org/Lifetime, org.opensuse.base.lifecycle-url=https://en.opensuse.org/Lifetime, org.opensuse.base.version=20260930.37.208, org.opensuse.reference=registry.opensuse.org/opensuse/tumbleweed:20260930.37.208, execID=da57c5de71f10c4f0ea28bfc06b89576bbd02e7ef0ba8a7c3dc1e01af7162aa7, org.opencontainers.image.url=https://www.opensuse.org, org.qdistro.tier3s.workload=headless-smoke, org.opensuse.base.description=Image containing a minimal environment for containers based on openSUSE Tumbleweed., org.opensuse.base.source=https://build.opensuse.org/package/show/openSUSE:Factory/opensuse-tumbleweed-image?rev=561f9d4c8e4e1a441f95ad4ec6b5a914, org.opensuse.base.url=https://www.opensuse.org, io.buildah.version=1.44.1, org.opencontainers.image.source=https://build.opensuse.org/package/show/openSUSE:Factory/opensuse-tumbleweed-image?rev=561f9d4c8e4e1a441f95ad4ec6b5a914, org.opencontainers.image.vendor=openSUSE Project, qdistro_tier3s_token=d015272193819e68a38c46cdde1857dd, org.opencontainers.image.title=openSUSE Tumbleweed Base Container, org.opencontainers.image.created=2026-09-30T20:05:54.126624488Z, org.opensuse.base.created=2026-09-30T20:05:54.126624488Z, org.opensuse.base.reference=registry.opensuse.org/opensuse/tumbleweed:20260930.37.208, org.opensuse.base.disturl=obs://build.opensuse.org/openSUSE:Factory/images/561f9d4c8e4e1a441f95ad4ec6b5a914-opensuse-tumbleweed-image:docker, org.opensuse.base.title=openSUSE Tumbleweed Base Container, org.opensuse.base.vendor=openSUSE Project, org.openbuildservice.disturl=obs://build.opensuse.org/openSUSE:Factory/images/561f9d4c8e4e1a441f95ad4ec6b5a914-opensuse-tumbleweed-image:docker)
Oct 03 16:44:17 baseweed-admin dbus-run-session[1032]:   INFO qml: [20261003-164417]        PodApps cache refresh loaded 0 apps
Oct 03 16:44:17 baseweed-admin dbus-run-session[1032]:   WARN: Process failed to start, likely because the binary could not be found. Command: QList("bluetoothctl", "show")
Oct 03 16:44:19 baseweed-admin dbus-run-session[1032]:   WARN: Process failed to start, likely because the binary could not be found. Command: QList("bluetoothctl", "show")
Oct 03 16:44:21 baseweed-admin dbus-run-session[1032]:   WARN: Process failed to start, likely because the binary could not be found. Command: QList("bluetoothctl", "show")
Oct 03 16:44:23 baseweed-admin dbus-run-session[1032]:   WARN qml: [20261003-164423]        Network Connectivity check error: Error: Not authorized to recheck connectivity.
Oct 03 16:44:23 baseweed-admin dbus-run-session[1032]:   WARN: Process failed to start, likely because the binary could not be found. Command: QList("bluetoothctl", "show")
Oct 03 16:44:23 baseweed-admin dbus-run-session[1032]:   INFO qml: [20261003-164423]        PodApps auto-scan: qdistro-tier3s-s122a transitioned to running
Oct 03 16:44:24 baseweed-admin dbus-run-session[1032]:   WARN qml: [20261003-164424]       Location Weather is still fetching
Oct 03 16:44:24 baseweed-admin dbus-run-session[1032]:  ERROR qml: [20261003-164424]       Location Geocoding error: 0
Oct 03 16:44:25 baseweed-admin dbus-run-session[1032]:   WARN: Process failed to start, likely because the binary could not be found. Command: QList("bluetoothctl", "show")
Oct 03 16:44:25 baseweed-admin podman[10219]: 2026-10-03 16:44:25.898875434 +0000 UTC m=+0.170935666 container exec e4c239502a5bd18c8615e8d9a8097054f2a8fec05c611e7613d766a2315fb882 (image=localhost/qdistro/tier3s-headless-smoke:latest, name=qdistro-tier3s-s122a, org.opencontainers.image.version=20260930.37.208, org.opensuse.base.source=https://build.opensuse.org/package/show/openSUSE:Factory/opensuse-tumbleweed-image?rev=561f9d4c8e4e1a441f95ad4ec6b5a914, org.opensuse.base.vendor=openSUSE Project, org.opencontainers.image.url=https://www.opensuse.org, org.qdistro.snapshot=20260930, org.opensuse.base.disturl=obs://build.opensuse.org/openSUSE:Factory/images/561f9d4c8e4e1a441f95ad4ec6b5a914-opensuse-tumbleweed-image:docker, org.openbuildservice.disturl=obs://build.opensuse.org/openSUSE:Factory/images/561f9d4c8e4e1a441f95ad4ec6b5a914-opensuse-tumbleweed-image:docker, org.opensuse.base.created=2026-09-30T20:05:54.126624488Z, io.buildah.version=1.44.1, org.opencontainers.image.description=Image containing a minimal environment for containers based on openSUSE Tumbleweed., org.opencontainers.image.source=https://build.opensuse.org/package/show/openSUSE:Factory/opensuse-tumbleweed-image?rev=561f9d4c8e4e1a441f95ad4ec6b5a914, org.opensuse.base.description=Image containing a minimal environment for containers based on openSUSE Tumbleweed., org.opensuse.base.reference=registry.opensuse.org/opensuse/tumbleweed:20260930.37.208, org.opencontainers.image.title=openSUSE Tumbleweed Base Container, qdistro_tier3s_token=aa71befc98994d7774d363df362ac250, org.opencontainers.image.created=2026-09-30T20:05:54.126624488Z, org.opensuse.base.lifecycle-url=https://en.opensuse.org/Lifetime, org.opensuse.base.title=openSUSE Tumbleweed Base Container, org.qdistro.tier3s.workload=headless-smoke, org.opencontainers.image.vendor=openSUSE Project, org.opensuse.base.url=https://www.opensuse.org, org.opensuse.base.version=20260930.37.208, org.opensuse.reference=registry.opensuse.org/opensuse/tumbleweed:20260930.37.208, org.opensuse.lifecycle-url=https://en.opensuse.org/Lifetime, qdistro_tier3s_unit=qdistro-tier3s-silo@s122a.service)
Oct 03 16:44:25 baseweed-admin conmon[10231]: conmon e4c239502a5bd18c8615 <nwarn>: Failed to open cgroups file: /sys/fs/cgroup/user.slice/user-1000.slice/user@1000.service/app.slice/qdshell.service/memory.events
Oct 03 16:44:25 baseweed-admin podman[10219]: 2026-10-03 16:44:25.961153699 +0000 UTC m=+0.233213931 container exec_died e4c239502a5bd18c8615e8d9a8097054f2a8fec05c611e7613d766a2315fb882 (image=localhost/qdistro/tier3s-headless-smoke:latest, name=qdistro-tier3s-s122a, org.opensuse.base.source=https://build.opensuse.org/package/show/openSUSE:Factory/opensuse-tumbleweed-image?rev=561f9d4c8e4e1a441f95ad4ec6b5a914, org.opensuse.base.url=https://www.opensuse.org, org.opensuse.base.version=20260930.37.208, org.openbuildservice.disturl=obs://build.opensuse.org/openSUSE:Factory/images/561f9d4c8e4e1a441f95ad4ec6b5a914-opensuse-tumbleweed-image:docker, org.opencontainers.image.title=openSUSE Tumbleweed Base Container, qdistro_tier3s_token=aa71befc98994d7774d363df362ac250, qdistro_tier3s_unit=qdistro-tier3s-silo@s122a.service, org.opencontainers.image.version=20260930.37.208, org.opensuse.base.created=2026-09-30T20:05:54.126624488Z, org.opensuse.base.description=Image containing a minimal environment for containers based on openSUSE Tumbleweed., org.opensuse.reference=registry.opensuse.org/opensuse/tumbleweed:20260930.37.208, org.qdistro.tier3s.workload=headless-smoke, org.opensuse.base.disturl=obs://build.opensuse.org/openSUSE:Factory/images/561f9d4c8e4e1a441f95ad4ec6b5a914-opensuse-tumbleweed-image:docker, org.opencontainers.image.vendor=openSUSE Project, org.opencontainers.image.created=2026-09-30T20:05:54.126624488Z, org.opencontainers.image.description=Image containing a minimal environment for containers based on openSUSE Tumbleweed., org.opencontainers.image.source=https://build.opensuse.org/package/show/openSUSE:Factory/opensuse-tumbleweed-image?rev=561f9d4c8e4e1a441f95ad4ec6b5a914, org.opensuse.base.title=openSUSE Tumbleweed Base Container, org.qdistro.snapshot=20260930, org.opensuse.lifecycle-url=https://en.opensuse.org/Lifetime, org.opensuse.base.vendor=openSUSE Project, org.opensuse.base.lifecycle-url=https://en.opensuse.org/Lifetime, io.buildah.version=1.44.1, org.opencontainers.image.url=https://www.opensuse.org, execID=7ade2313bc6fbb9f6ee82e1c7f0a22eb4449b797697779f6fd25ba0df01eadf5, org.opensuse.base.reference=registry.opensuse.org/opensuse/tumbleweed:20260930.37.208)
Oct 03 16:44:26 baseweed-admin dbus-run-session[1032]:   INFO qml: [20261003-164426]        PodApps cache refresh loaded 0 apps
Oct 03 16:44:26 baseweed-admin dbus-run-session[1032]:   INFO qml: [20261003-164426]        PodApps auto-scan: qdistro-tier3s-s122b transitioned to running
Oct 03 16:44:27 baseweed-admin dbus-run-session[1032]:   WARN: Process failed to start, likely because the binary could not be found. Command: QList("bluetoothctl", "show")
Oct 03 16:44:28 baseweed-admin dbus-run-session[1032]:   WARN qml: [20261003-164428]        PodApps scan failed for qdistro-tier3s-s122b (exit 2)
Oct 03 16:44:29 baseweed-admin dbus-run-session[1032]:   WARN: Process failed to start, likely because the binary could not be found. Command: QList("bluetoothctl", "show")
Oct 03 16:44:31 baseweed-admin dbus-run-session[1032]:   WARN: Process failed to start, likely because the binary could not be found. Command: QList("bluetoothctl", "show")
Oct 03 16:44:33 baseweed-admin dbus-run-session[1032]:   WARN: Process failed to start, likely because the binary could not be found. Command: QList("bluetoothctl", "show")
Oct 03 16:44:35 baseweed-admin dbus-run-session[1032]:   WARN: Process failed to start, likely because the binary could not be found. Command: QList("bluetoothctl", "show")
Oct 03 16:44:37 baseweed-admin dbus-run-session[1032]:   WARN: Process failed to start, likely because the binary could not be found. Command: QList("bluetoothctl", "show")
Oct 03 16:44:38 baseweed-admin dbus-run-session[1032]:   WARN qml: [20261003-164438]        Network Connectivity check error: Error: Not authorized to recheck connectivity.
Oct 03 16:44:39 baseweed-admin dbus-run-session[1032]:   WARN: Process failed to start, likely because the binary could not be found. Command: QList("bluetoothctl", "show")
Oct 03 16:44:41 baseweed-admin dbus-run-session[1032]:   WARN: Process failed to start, likely because the binary could not be found. Command: QList("bluetoothctl", "show")
Oct 03 16:44:43 baseweed-admin dbus-run-session[1032]:   WARN: Process failed to start, likely because the binary could not be found. Command: QList("bluetoothctl", "show")
Oct 03 16:44:44 baseweed-admin dbus-run-session[1032]:   WARN qml: [20261003-164444]       Location Weather is still fetching
Oct 03 16:44:44 baseweed-admin dbus-run-session[1032]:  ERROR qml: [20261003-164444]       Location Geocoding error: 0
Oct 03 16:44:44 baseweed-admin dbus-run-session[1032]:   INFO qml: [20261003-164444]        PodApps cache refresh loaded 0 apps
Oct 03 16:44:45 baseweed-admin dbus-run-session[1032]:   WARN: Process failed to start, likely because the binary could not be found. Command: QList("bluetoothctl", "show")
Oct 03 16:44:47 baseweed-admin dbus-run-session[1032]:   WARN: Process failed to start, likely because the binary could not be found. Command: QList("bluetoothctl", "show")
Oct 03 16:44:49 baseweed-admin dbus-run-session[1032]:   WARN: Process failed to start, likely because the binary could not be found. Command: QList("bluetoothctl", "show")
Oct 03 16:44:51 baseweed-admin dbus-run-session[1032]:   WARN: Process failed to start, likely because the binary could not be found. Command: QList("bluetoothctl", "show")
Oct 03 16:44:53 baseweed-admin dbus-run-session[1032]:   WARN qml: [20261003-164453]        Network Connectivity check error: Error: Not authorized to recheck connectivity.
Oct 03 16:44:53 baseweed-admin dbus-run-session[1032]:   WARN: Process failed to start, likely because the binary could not be found. Command: QList("bluetoothctl", "show")
Oct 03 16:44:55 baseweed-admin dbus-run-session[1032]:   WARN: Process failed to start, likely because the binary could not be found. Command: QList("bluetoothctl", "show")
Oct 03 16:44:57 baseweed-admin dbus-run-session[1032]:   WARN: Process failed to start, likely because the binary could not be found. Command: QList("bluetoothctl", "show")
Oct 03 16:44:59 baseweed-admin dbus-run-session[1032]:   WARN: Process failed to start, likely because the binary could not be found. Command: QList("bluetoothctl", "show")
Oct 03 16:45:01 baseweed-admin dbus-run-session[1032]:   WARN: Process failed to start, likely because the binary could not be found. Command: QList("bluetoothctl", "show")
Oct 03 16:45:02 baseweed-admin dbus-run-session[1032]:   INFO qml: [20261003-164502]        PodApps auto-scan: qdistro-tier3s-s122a transitioned to running
Oct 03 16:45:03 baseweed-admin dbus-run-session[1032]:   WARN: Process failed to start, likely because the binary could not be found. Command: QList("bluetoothctl", "show")
Oct 03 16:45:04 baseweed-admin dbus-run-session[1032]:   WARN qml: [20261003-164504]       Location Weather is still fetching
Oct 03 16:45:04 baseweed-admin dbus-run-session[1032]:  ERROR qml: [20261003-164504]       Location Geocoding error: 0
Oct 03 16:45:04 baseweed-admin dbus-run-session[1032]:   WARN qml: [20261003-164504]        PodApps scan failed for qdistro-tier3s-s122a (exit 2)
Oct 03 16:45:05 baseweed-admin dbus-run-session[1032]:   WARN: Process failed to start, likely because the binary could not be found. Command: QList("bluetoothctl", "show")
Oct 03 16:45:07 baseweed-admin dbus-run-session[1032]:   WARN: Process failed to start, likely because the binary could not be found. Command: QList("bluetoothctl", "show")
Oct 03 16:45:08 baseweed-admin dbus-run-session[1032]:   WARN qml: [20261003-164508]        Network Connectivity check error: Error: Not authorized to recheck connectivity.
Oct 03 16:45:09 baseweed-admin dbus-run-session[1032]:   WARN: Process failed to start, likely because the binary could not be found. Command: QList("bluetoothctl", "show")
Oct 03 16:45:11 baseweed-admin dbus-run-session[1032]:   WARN: Process failed to start, likely because the binary could not be found. Command: QList("bluetoothctl", "show")
Oct 03 16:45:13 baseweed-admin dbus-run-session[1032]:   WARN: Process failed to start, likely because the binary could not be found. Command: QList("bluetoothctl", "show")
Oct 03 16:45:14 baseweed-admin dbus-run-session[1032]:   INFO qml: [20261003-164514]        PodApps cache refresh loaded 0 apps
Oct 03 16:45:14 baseweed-admin dbus-run-session[1032]:   INFO qml: [20261003-164514]        PodApps auto-scan: qdistro-tier3s-s122a transitioned to running
Oct 03 16:45:15 baseweed-admin dbus-run-session[1032]:   WARN: Process failed to start, likely because the binary could not be found. Command: QList("bluetoothctl", "show")
Oct 03 16:45:17 baseweed-admin dbus-run-session[1032]:   WARN qml: [20261003-164517]        PodApps scan failed for qdistro-tier3s-s122a (exit 2)
Oct 03 16:45:17 baseweed-admin dbus-run-session[1032]:   WARN: Process failed to start, likely because the binary could not be found. Command: QList("bluetoothctl", "show")
Oct 03 16:45:19 baseweed-admin dbus-run-session[1032]:   WARN: Process failed to start, likely because the binary could not be found. Command: QList("bluetoothctl", "show")
Oct 03 16:45:21 baseweed-admin dbus-run-session[1032]:   WARN: Process failed to start, likely because the binary could not be found. Command: QList("bluetoothctl", "show")
Oct 03 16:45:23 baseweed-admin dbus-run-session[1032]:   WARN qml: [20261003-164523]        Network Connectivity check error: Error: Not authorized to recheck connectivity.
Oct 03 16:45:23 baseweed-admin dbus-run-session[1032]:   WARN: Process failed to start, likely because the binary could not be found. Command: QList("bluetoothctl", "show")
Oct 03 16:45:24 baseweed-admin dbus-run-session[1032]:   WARN qml: [20261003-164524]       Location Weather is still fetching
Oct 03 16:45:24 baseweed-admin dbus-run-session[1032]:  ERROR qml: [20261003-164524]       Location Geocoding error: 0
Oct 03 16:45:25 baseweed-admin dbus-run-session[1032]:   WARN: Process failed to start, likely because the binary could not be found. Command: QList("bluetoothctl", "show")
Oct 03 16:45:27 baseweed-admin dbus-run-session[1032]:   WARN: Process failed to start, likely because the binary could not be found. Command: QList("bluetoothctl", "show")
