Oct 03 16:39:59 baseweed-admin systemd[858]: Started qdwin compositor (libweston + qdwin-shell.so).
Oct 03 16:40:00 baseweed-admin weston[929]: Date: 2026-10-03 UTC
Oct 03 16:40:00 baseweed-admin weston[929]: [16:40:00.026] weston 16.0.0
Oct 03 16:40:00 baseweed-admin weston[929]:                https://wayland.freedesktop.org
Oct 03 16:40:00 baseweed-admin weston[929]:                Bug reports to: https://gitlab.freedesktop.org/wayland/weston/issues/
Oct 03 16:40:00 baseweed-admin weston[929]:                Build: 16.0.0
Oct 03 16:40:00 baseweed-admin weston[929]: [16:40:00.026] Command line: /usr/bin/weston --config=/home/admin/weston.ini --socket=wayland-1
Oct 03 16:40:00 baseweed-admin weston[929]: [16:40:00.026] OS: Linux, 7.2.8-1-default, #1 SMP PREEMPT_DYNAMIC Sat Sep 26 07:00:58 UTC 2026 (9b36732), x86_64
Oct 03 16:40:00 baseweed-admin weston[929]: [16:40:00.026] Flight recorder: enabled, scopes subscribed: log
Oct 03 16:40:00 baseweed-admin weston[929]: [16:40:00.027] Using config file '/home/admin/weston.ini'
Oct 03 16:40:00 baseweed-admin weston[929]: [16:40:00.027] Output repaint window is 7 ms maximum.
Oct 03 16:40:00 baseweed-admin weston[929]: [16:40:00.028] Loading module '/usr/libexec/qdistro/qdwin-libweston/lib64/libweston-16/drm-backend.so'
Oct 03 16:40:00 baseweed-admin weston[929]: [16:40:00.110] initializing drm backend
Oct 03 16:40:00 baseweed-admin weston[929]: [16:40:00.111] Trying libseat launcher...
Oct 03 16:40:00 baseweed-admin weston[929]: [16:40:00.116] [libseat/libseat.c:73] Seat opened with backend 'seatd'
Oct 03 16:40:00 baseweed-admin weston[929]: [16:40:00.116] [libseat/backend/seatd.c:218] Enabling seat
Oct 03 16:40:00 baseweed-admin weston[929]: [16:40:00.116] libseat: session control granted
Oct 03 16:40:00 baseweed-admin weston[929]: [16:40:00.133] using /dev/dri/card0
Oct 03 16:40:00 baseweed-admin weston[929]: [16:40:00.133] DRM: supports atomic modesetting
Oct 03 16:40:00 baseweed-admin weston[929]: [16:40:00.133] DRM: supports cursor-plane hotspot (virtualized cursor)
Oct 03 16:40:00 baseweed-admin weston[929]: [16:40:00.133] DRM: does not support GBM modifiers
Oct 03 16:40:00 baseweed-admin weston[929]: [16:40:00.133] DRM: does not support Atomic async page flip
Oct 03 16:40:00 baseweed-admin weston[929]: [16:40:00.133] DRM: supports picture aspect ratio
Oct 03 16:40:00 baseweed-admin weston[929]: [16:40:00.134] DRM: EDID for the following head fails conformity:
Oct 03 16:40:00 baseweed-admin weston[929]: Block 1, CTA-861 Extension Block:
Oct 03 16:40:00 baseweed-admin weston[929]:   Padding: Contains non-zero bytes.
Oct 03 16:40:00 baseweed-admin weston[929]: [16:40:00.134] DRM: head 'Virtual-1' found, connector 40 is connected, EDID make 'Red Hat, Inc.', model 'QEMU Monitor', serial ''
Oct 03 16:40:00 baseweed-admin weston[929]:                Supported EOTF modes: SDR
Oct 03 16:40:00 baseweed-admin weston[929]:                Supported colorimetry modes: default
Oct 03 16:40:00 baseweed-admin weston[929]:                Supported VRR modes: (none),
Oct 03 16:40:00 baseweed-admin weston[929]:                Supported color formats: AUTO
Oct 03 16:40:01 baseweed-admin weston[929]: [16:40:01.107] Loading module '/usr/libexec/qdistro/qdwin-libweston/lib64/libweston-16/gl-renderer.so'
Oct 03 16:40:01 baseweed-admin weston[929]: [16:40:01.112] warning: failed to query rendering device from EGL
Oct 03 16:40:01 baseweed-admin weston[929]: [16:40:01.112] EGL version: 1.5
Oct 03 16:40:01 baseweed-admin weston[929]: [16:40:01.112] EGL vendor: Mesa Project
Oct 03 16:40:01 baseweed-admin weston[929]: [16:40:01.112] EGL client APIs: OpenGL OpenGL_ES
Oct 03 16:40:01 baseweed-admin weston[929]: [16:40:01.112] EGL features:
Oct 03 16:40:01 baseweed-admin weston[929]:                EGL Wayland extension: no
Oct 03 16:40:01 baseweed-admin weston[929]:                context priority: no
Oct 03 16:40:01 baseweed-admin weston[929]:                buffer age: yes
Oct 03 16:40:01 baseweed-admin weston[929]:                partial update: no
Oct 03 16:40:01 baseweed-admin weston[929]:                swap buffers with damage: no
Oct 03 16:40:01 baseweed-admin weston[929]:                configless context: yes
Oct 03 16:40:01 baseweed-admin weston[929]:                surfaceless context: yes
Oct 03 16:40:01 baseweed-admin weston[929]:                dmabuf support: modifiers
Oct 03 16:40:01 baseweed-admin weston[929]:                fence sync: yes (wait)
Oct 03 16:40:01 baseweed-admin weston[929]: [16:40:01.157] GL version: OpenGL ES 3.2 Mesa 26.2.3
Oct 03 16:40:01 baseweed-admin weston[929]: [16:40:01.157] GLSL version: OpenGL ES GLSL ES 3.20
Oct 03 16:40:01 baseweed-admin weston[929]: [16:40:01.157] GL vendor: Mesa
Oct 03 16:40:01 baseweed-admin weston[929]: [16:40:01.157] GL renderer: llvmpipe (LLVM 23.1.1, 256 bits)
Oct 03 16:40:01 baseweed-admin weston[929]: [16:40:01.163] GL ES 3.2 - renderer features:
Oct 03 16:40:01 baseweed-admin weston[929]:                read-back format: ARGB8888
Oct 03 16:40:01 baseweed-admin weston[929]:                glReadPixels supports y-flip: yes
Oct 03 16:40:01 baseweed-admin weston[929]:                glReadPixels supports PBO: yes
Oct 03 16:40:01 baseweed-admin weston[929]:                wl_shm 10 bpc formats: yes
Oct 03 16:40:01 baseweed-admin weston[929]:                wl_shm 16 bpc formats: yes
Oct 03 16:40:01 baseweed-admin weston[929]:                wl_shm half-float formats: yes
Oct 03 16:40:01 baseweed-admin weston[929]:                internal R and RG formats: yes
Oct 03 16:40:01 baseweed-admin weston[929]:                OES_EGL_image_external: yes
Oct 03 16:40:01 baseweed-admin weston[929]:                GPU timeline: no
Oct 03 16:40:01 baseweed-admin weston[929]:                Texture immutability: yes
Oct 03 16:40:01 baseweed-admin weston[929]:                Required precision: yes
Oct 03 16:40:01 baseweed-admin weston[929]:                In-shader blending: yes
Oct 03 16:40:01 baseweed-admin weston[929]: [16:40:01.164] Using GL renderer
Oct 03 16:40:01 baseweed-admin weston[929]: [16:40:01.324] event3  - QEMU QEMU USB Tablet: is tagged by udev as: Mouse
Oct 03 16:40:01 baseweed-admin weston[929]: [16:40:01.324] event3  - QEMU QEMU USB Tablet: device is a pointer
Oct 03 16:40:01 baseweed-admin weston[929]: [16:40:01.325] event4  - Power Button: is tagged by udev as: Keyboard
Oct 03 16:40:01 baseweed-admin weston[929]: [16:40:01.325] event4  - Power Button: device is a keyboard
Oct 03 16:40:01 baseweed-admin weston[929]: [16:40:01.325] event0  - AT Translated Set 2 keyboard: is tagged by udev as: Keyboard
Oct 03 16:40:01 baseweed-admin weston[929]: [16:40:01.326] event0  - AT Translated Set 2 keyboard: device is a keyboard
Oct 03 16:40:01 baseweed-admin weston[929]: [16:40:01.326] event2  - VirtualPS/2 VMware VMMouse: is tagged by udev as: Mouse
Oct 03 16:40:01 baseweed-admin weston[929]: [16:40:01.326] event2  - VirtualPS/2 VMware VMMouse: emulating high-resolution scroll wheel events.
Oct 03 16:40:01 baseweed-admin weston[929]: [16:40:01.326] event2  - VirtualPS/2 VMware VMMouse: device is a pointer
Oct 03 16:40:01 baseweed-admin weston[929]: [16:40:01.327] event1  - VirtualPS/2 VMware VMMouse: is tagged by udev as: Mouse
Oct 03 16:40:01 baseweed-admin weston[929]: [16:40:01.327] event1  - VirtualPS/2 VMware VMMouse: device is a pointer
Oct 03 16:40:01 baseweed-admin weston[929]: [16:40:01.328] event5  - PC Speaker: not tagged as supported input device
Oct 03 16:40:01 baseweed-admin weston[929]: [16:40:01.340] event5  - not using input device '/dev/input/event5'
Oct 03 16:40:01 baseweed-admin weston[929]: [16:40:01.341] event6  - ydotoold virtual device: is tagged by udev as: Keyboard
Oct 03 16:40:01 baseweed-admin weston[929]: [16:40:01.341] event6  - ydotoold virtual device: emulating high-resolution scroll wheel events.
Oct 03 16:40:01 baseweed-admin weston[929]: [16:40:01.341] event6  - ydotoold virtual device: device is a keyboard
Oct 03 16:40:01 baseweed-admin weston[929]: [16:40:01.341] libinput: configuring device "QEMU QEMU USB Tablet".
Oct 03 16:40:01 baseweed-admin weston[929]: [16:40:01.341] input device event3 has no enabled output associated (none named), skipping calibration for now.
Oct 03 16:40:01 baseweed-admin weston[929]: [16:40:01.349] libinput: configuring device "Power Button".
Oct 03 16:40:01 baseweed-admin weston[929]: [16:40:01.349] libinput: configuring device "AT Translated Set 2 keyboard".
Oct 03 16:40:01 baseweed-admin weston[929]: [16:40:01.349] libinput: configuring device "VirtualPS/2 VMware VMMouse".
Oct 03 16:40:01 baseweed-admin weston[929]: [16:40:01.349] libinput: configuring device "VirtualPS/2 VMware VMMouse".
Oct 03 16:40:01 baseweed-admin weston[929]: [16:40:01.350] input device event1 has no enabled output associated (none named), skipping calibration for now.
Oct 03 16:40:01 baseweed-admin weston[929]: [16:40:01.350] libinput: configuring device "ydotoold virtual device".
Oct 03 16:40:01 baseweed-admin weston[929]: [16:40:01.350] Registered plugin API 'weston_drm_output_api_v1' of size 40
Oct 03 16:40:01 baseweed-admin weston[929]: [16:40:01.350] Loading module '/usr/libexec/qdistro/qdwin-libweston/lib64/libweston-16/pipewire-backend.so'
Oct 03 16:40:01 baseweed-admin weston[929]: [16:40:01.351] Initializing PipeWire backend
Oct 03 16:40:01 baseweed-admin weston[929]: [16:40:01.356] Registered plugin API 'weston_pipewire_output_api_v2' of size 24
Oct 03 16:40:01 baseweed-admin weston[929]: [16:40:01.356] Color manager: no-op
Oct 03 16:40:01 baseweed-admin weston[929]:                  protocol support: no
Oct 03 16:40:01 baseweed-admin weston[929]: [16:40:01.357] Setting output 'Virtual-1' to color AUTO format
Oct 03 16:40:01 baseweed-admin weston[929]: [16:40:01.357] Output 'Virtual-1' attempts EOTF mode SDR and colorimetry mode default.
Oct 03 16:40:01 baseweed-admin weston[929]: [16:40:01.357] Output 'Virtual-1' using color profile: stock sRGB color profile
Oct 03 16:40:01 baseweed-admin weston[929]: [16:40:01.357] Chosen EGL config details: id:  46 rgba: 8 8 8 0 buf: 24 dep:  0 stcl: 0 int: 1-1 type: win val: fix vis_id: XRGB8888 (0x34325258)
Oct 03 16:40:01 baseweed-admin weston[929]: [16:40:01.357] Output Virtual-1 (crtc 39) video modes:
Oct 03 16:40:01 baseweed-admin weston[929]:                1280x800@75.0, preferred, 107.3 MHz
Oct 03 16:40:01 baseweed-admin weston[929]:                5120x2160@50.0 64:27, 742.5 MHz
Oct 03 16:40:01 baseweed-admin weston[929]:                4096x2160@50.0 256:135, 594.0 MHz
Oct 03 16:40:01 baseweed-admin weston[929]:                3840x2160@60.0 16:9, 594.0 MHz
Oct 03 16:40:01 baseweed-admin weston[929]:                3840x2160@59.9 16:9, 593.4 MHz
Oct 03 16:40:01 baseweed-admin weston[929]:                3840x2160@50.0 16:9, 594.0 MHz
Oct 03 16:40:01 baseweed-admin weston[929]:                1920x1440@60.0, 234.0 MHz
Oct 03 16:40:01 baseweed-admin weston[929]:                2560x1080@50.0 64:27, 185.6 MHz
Oct 03 16:40:01 baseweed-admin weston[929]:                1856x1392@60.0, 218.2 MHz
Oct 03 16:40:01 baseweed-admin weston[929]:                1792x1344@60.0, 204.8 MHz
Oct 03 16:40:01 baseweed-admin weston[929]:                2048x1152@60.0, 162.0 MHz
Oct 03 16:40:01 baseweed-admin weston[929]:                1920x1200@59.9, 193.2 MHz
Oct 03 16:40:01 baseweed-admin weston[929]:                1920x1080@60.0, current, 148.5 MHz
Oct 03 16:40:01 baseweed-admin weston[929]:                1920x1080@50.0 16:9, 148.5 MHz
Oct 03 16:40:01 baseweed-admin weston[929]:                1600x1200@60.0, 162.0 MHz
Oct 03 16:40:01 baseweed-admin weston[929]:                1680x1050@60.0, 146.2 MHz
Oct 03 16:40:01 baseweed-admin weston[929]:                1400x1050@60.0, 121.8 MHz
Oct 03 16:40:01 baseweed-admin weston[929]:                1280x1024@60.0, 108.0 MHz
Oct 03 16:40:01 baseweed-admin weston[929]:                1440x900@59.9, 106.5 MHz
Oct 03 16:40:01 baseweed-admin weston[929]:                1280x960@60.0, 108.0 MHz
Oct 03 16:40:01 baseweed-admin weston[929]:                1360x768@60.0, 85.5 MHz
Oct 03 16:40:01 baseweed-admin weston[929]:                1280x768@59.9, 79.5 MHz
Oct 03 16:40:01 baseweed-admin weston[929]:                1024x768@60.0, 65.0 MHz
Oct 03 16:40:01 baseweed-admin weston[929]:                800x600@60.3, 40.0 MHz
Oct 03 16:40:01 baseweed-admin weston[929]:                640x480@60.0 4:3, 25.2 MHz
Oct 03 16:40:01 baseweed-admin weston[929]:                640x480@59.9, 25.2 MHz
Oct 03 16:40:01 baseweed-admin weston[929]: [16:40:01.357] associating input device event3 with output Virtual-1 (none by udev)
Oct 03 16:40:01 baseweed-admin weston[929]: [16:40:01.357] associating input device event4 with output Virtual-1 (none by udev)
Oct 03 16:40:01 baseweed-admin weston[929]: [16:40:01.357] associating input device event0 with output Virtual-1 (none by udev)
Oct 03 16:40:01 baseweed-admin weston[929]: [16:40:01.357] associating input device event2 with output Virtual-1 (none by udev)
Oct 03 16:40:01 baseweed-admin weston[929]: [16:40:01.357] associating input device event1 with output Virtual-1 (none by udev)
Oct 03 16:40:01 baseweed-admin weston[929]: [16:40:01.358] associating input device event6 with output Virtual-1 (none by udev)
Oct 03 16:40:01 baseweed-admin weston[929]: [16:40:01.358] Output 'Virtual-1' enabled with head(s) Virtual-1
Oct 03 16:40:01 baseweed-admin weston[929]: [16:40:01.358] pipewire_backend_output_configure.. Done
Oct 03 16:40:01 baseweed-admin weston[929]: [16:40:01.358] Output 'pipewire-0' attempts EOTF mode SDR and colorimetry mode default.
Oct 03 16:40:01 baseweed-admin weston[929]: [16:40:01.358] Output 'pipewire-0' using color profile: stock sRGB color profile
Oct 03 16:40:01 baseweed-admin weston[929]: [16:40:01.475] Output 'pipewire-0' enabled with head(s) pipewire-0
Oct 03 16:40:01 baseweed-admin weston[929]: [16:40:01.475] pipewire_backend_output_configure.. Done
Oct 03 16:40:01 baseweed-admin weston[929]: [16:40:01.475] Output 'pipewire-1' attempts EOTF mode SDR and colorimetry mode default.
Oct 03 16:40:01 baseweed-admin weston[929]: [16:40:01.475] Output 'pipewire-1' using color profile: stock sRGB color profile
Oct 03 16:40:01 baseweed-admin weston[929]: [16:40:01.476] Output 'pipewire-1' enabled with head(s) pipewire-1
Oct 03 16:40:01 baseweed-admin weston[929]: [16:40:01.476] Compositor capabilities:
Oct 03 16:40:01 baseweed-admin weston[929]:                arbitrary surface rotation: yes
Oct 03 16:40:01 baseweed-admin weston[929]:                screen capture uses y-flip: yes
Oct 03 16:40:01 baseweed-admin weston[929]:                cursor planes: yes
Oct 03 16:40:01 baseweed-admin weston[929]:                arbitrary resolutions: yes
Oct 03 16:40:01 baseweed-admin weston[929]:                view mask clipping: yes
Oct 03 16:40:01 baseweed-admin weston[929]:                explicit sync: no
Oct 03 16:40:01 baseweed-admin weston[929]:                color operations: yes
Oct 03 16:40:01 baseweed-admin weston[929]:                color representation: yes
Oct 03 16:40:01 baseweed-admin weston[929]:                in-shader blending: yes
Oct 03 16:40:01 baseweed-admin weston[929]:                presentation clock: CLOCK_MONOTONIC, id 1
Oct 03 16:40:01 baseweed-admin weston[929]:                presentation clock resolution: 0.000000001 s
Oct 03 16:40:01 baseweed-admin weston[929]: [16:40:01.477] Loading module '/usr/lib64/weston/qdwin-shell.so'
Oct 03 16:40:01 baseweed-admin weston[929]: [16:40:01.478] qdwin: locker bind policy defaulting to entrypoint=/usr/local/bin/qdlocker:/usr/bin/qdlocker (system interpreter + root-owned entrypoint; no explicit policy configured); set --qdwin-allowed-locker-any to override to uid-only
Oct 03 16:40:01 baseweed-admin weston[929]: [16:40:01.478] qdwin: locker bind policy uid=1000 entrypoint=/usr/local/bin/qdlocker:/usr/bin/qdlocker exe=(any) label=(any)
Oct 03 16:40:01 baseweed-admin weston[929]: [16:40:01.478] qdwin: ext-idle-notify idle_time=0 internal_mode=1
Oct 03 16:40:01 baseweed-admin weston[929]: [16:40:01.478] qdwin: cursor-shape theme=(default) size=24 loaded=0/36
Oct 03 16:40:01 baseweed-admin weston[929]: [16:40:01.478] qdwin: layer-popup grab handler registered
Oct 03 16:40:01 baseweed-admin weston[929]: [16:40:01.478] qdwin/nested-proxy: default keyboard grab installed on seat 'default'
Oct 03 16:40:01 baseweed-admin weston[929]: [16:40:01.478] qdwin: background curtain 3200x1080 installed
Oct 03 16:40:01 baseweed-admin weston[929]: [16:40:01.478] qdwin: WARNING shell-authorized output capture enabled via QDWIN_ENABLE_SHELL_CAPTURE — dev/test only, do not use in production
Oct 03 16:40:01 baseweed-admin weston[929]: [16:40:01.478] qdwin: retained-frame capture armed on output=Virtual-1
Oct 03 16:40:01 baseweed-admin weston[929]: [16:40:01.478] qdwin: shell loaded (allowed_uid=1000); desktop + qdwin_shell_v1 ready
Oct 03 16:40:01 baseweed-admin weston[929]: [16:40:01.478] Loading module '/usr/lib64/libweston-16/xwayland.so'
Oct 03 16:40:01 baseweed-admin weston[929]: [16:40:01.480] Registered plugin API 'weston_xwayland_v3' of size 32
Oct 03 16:40:01 baseweed-admin weston[929]: [16:40:01.480] Registered plugin API 'weston_xwayland_surface_v2' of size 24
Oct 03 16:40:01 baseweed-admin weston[929]: [16:40:01.480] xserver listening on display :0
Oct 03 16:40:01 baseweed-admin weston[929]: [16:40:01.570] qdwin: bind attempt pid=1024 uid=1000 (allowed_uid=1000)
Oct 03 16:40:01 baseweed-admin weston[929]: [16:40:01.570] qdwin: bind accepted for uid=1000, hello sent
Oct 03 16:40:01 baseweed-admin weston[929]: [16:40:01.571] qdwin: cursor-sprite registered shape=default hotspot=3,1
Oct 03 16:40:01 baseweed-admin weston[929]: [16:40:01.571] qdwin: cursor_retry_install: scheduling first retry in 1000ms
Oct 03 16:40:01 baseweed-admin weston[929]: [16:40:01.571] qdwin: cursor-sprite registered shape=context-menu hotspot=3,1
Oct 03 16:40:01 baseweed-admin weston[929]: [16:40:01.571] qdwin: cursor-sprite registered shape=help hotspot=12,21
Oct 03 16:40:01 baseweed-admin weston[929]: [16:40:01.572] qdwin: cursor-sprite registered shape=pointer hotspot=7,5
Oct 03 16:40:01 baseweed-admin weston[929]: [16:40:01.579] qdwin: cursor-sprite registered shape=progress hotspot=3,1
Oct 03 16:40:01 baseweed-admin weston[929]: [16:40:01.590] qdwin: cursor-sprite registered shape=wait hotspot=11,11
Oct 03 16:40:01 baseweed-admin weston[929]: [16:40:01.591] qdwin: cursor-sprite registered shape=cell hotspot=11,11
Oct 03 16:40:01 baseweed-admin weston[929]: [16:40:01.591] qdwin: cursor-sprite registered shape=crosshair hotspot=11,11
Oct 03 16:40:01 baseweed-admin weston[929]: [16:40:01.591] qdwin: cursor-sprite registered shape=text hotspot=11,12
Oct 03 16:40:01 baseweed-admin weston[929]: [16:40:01.591] qdwin: cursor-sprite registered shape=vertical-text hotspot=12,11
Oct 03 16:40:01 baseweed-admin weston[929]: [16:40:01.592] qdwin: cursor-sprite registered shape=alias hotspot=18,5
Oct 03 16:40:01 baseweed-admin weston[929]: [16:40:01.592] qdwin: cursor-sprite registered shape=copy hotspot=3,1
Oct 03 16:40:01 baseweed-admin weston[929]: [16:40:01.592] qdwin: cursor-sprite registered shape=move hotspot=3,1
Oct 03 16:40:01 baseweed-admin weston[929]: [16:40:01.592] qdwin: cursor-sprite registered shape=no-drop hotspot=3,1
Oct 03 16:40:01 baseweed-admin weston[929]: [16:40:01.593] qdwin: cursor-sprite registered shape=not-allowed hotspot=12,12
Oct 03 16:40:01 baseweed-admin weston[929]: [16:40:01.593] qdwin: cursor-sprite registered shape=grab hotspot=11,2
Oct 03 16:40:01 baseweed-admin weston[929]: [16:40:01.593] qdwin: cursor-sprite registered shape=grabbing hotspot=9,5
Oct 03 16:40:01 baseweed-admin weston[929]: [16:40:01.593] qdwin: cursor-sprite registered shape=e-resize hotspot=19,13
Oct 03 16:40:01 baseweed-admin weston[929]: [16:40:01.594] qdwin: cursor-sprite registered shape=n-resize hotspot=13,6
Oct 03 16:40:01 baseweed-admin weston[929]: [16:40:01.594] qdwin: cursor-sprite registered shape=ne-resize hotspot=15,10
Oct 03 16:40:01 baseweed-admin weston[929]: [16:40:01.594] qdwin: cursor-sprite registered shape=nw-resize hotspot=10,10
Oct 03 16:40:01 baseweed-admin weston[929]: [16:40:01.594] qdwin: cursor-sprite registered shape=s-resize hotspot=13,18
Oct 03 16:40:01 baseweed-admin weston[929]: [16:40:01.594] qdwin: cursor-sprite registered shape=se-resize hotspot=15,15
Oct 03 16:40:01 baseweed-admin weston[929]: [16:40:01.595] qdwin: cursor-sprite registered shape=sw-resize hotspot=10,15
Oct 03 16:40:01 baseweed-admin weston[929]: [16:40:01.595] qdwin: cursor-sprite registered shape=w-resize hotspot=6,13
Oct 03 16:40:01 baseweed-admin weston[929]: [16:40:01.595] qdwin: cursor-sprite registered shape=ew-resize hotspot=12,12
Oct 03 16:40:01 baseweed-admin weston[929]: [16:40:01.595] qdwin: cursor-sprite registered shape=ns-resize hotspot=12,13
Oct 03 16:40:01 baseweed-admin weston[929]: [16:40:01.595] qdwin: cursor-sprite registered shape=nesw-resize hotspot=11,11
Oct 03 16:40:01 baseweed-admin weston[929]: [16:40:01.596] qdwin: cursor-sprite registered shape=nwse-resize hotspot=11,11
Oct 03 16:40:01 baseweed-admin weston[929]: [16:40:01.596] qdwin: cursor-sprite registered shape=col-resize hotspot=12,12
Oct 03 16:40:01 baseweed-admin weston[929]: [16:40:01.596] qdwin: cursor-sprite registered shape=row-resize hotspot=12,13
Oct 03 16:40:01 baseweed-admin weston[929]: [16:40:01.596] qdwin: cursor-sprite registered shape=all-scroll hotspot=11,11
Oct 03 16:40:01 baseweed-admin weston[929]: [16:40:01.597] qdwin: cursor-sprite registered shape=zoom-in hotspot=11,10
Oct 03 16:40:01 baseweed-admin weston[929]: [16:40:01.597] qdwin: cursor-sprite registered shape=zoom-out hotspot=11,10
Oct 03 16:40:01 baseweed-admin weston[929]: [16:40:01.597] qdwin: cursor-sprite registered shape=dnd-ask hotspot=3,1
Oct 03 16:40:01 baseweed-admin weston[929]: [16:40:01.597] qdwin: cursor-sprite registered shape=all-resize hotspot=12,11
Oct 03 16:40:02 baseweed-admin weston[929]: [16:40:02.241] qdwin: locker bind attempt pid=1027 uid=1000 (allowed_locker_uid=1000)
Oct 03 16:40:02 baseweed-admin weston[929]: [16:40:02.241] qdwin: locker bound pid=1027 uid=1000 (initially_locked=0)
Oct 03 16:40:20 baseweed-admin weston[929]: [16:40:20.546] qdwin: bind attempt pid=1026 uid=1000 (allowed_uid=1000)
Oct 03 16:40:20 baseweed-admin weston[929]: [16:40:20.546] qdwin: bind accepted for uid=1000, hello sent
Oct 03 16:40:20 baseweed-admin weston[929]: [16:40:20.546] qdwin: ext_workspace_manager bound (count=4 active=0)
Oct 03 16:40:20 baseweed-admin weston[929]: [16:40:20.546] qdwin: zwlr_output_manager bound (serial=1)
Oct 03 16:40:20 baseweed-admin weston[929]: [16:40:20.546] qdwin: shell bound (uid=1000 pid=1026); replaying 0 toplevels
Oct 03 16:40:20 baseweed-admin weston[929]: [16:40:20.546] qdwin: seat_focus_changed seat=default handle=4294967295
Oct 03 16:40:20 baseweed-admin weston[929]: [16:40:20.548] qdwin: workspace 0 name="1"
Oct 03 16:40:20 baseweed-admin weston[929]: [16:40:20.548] qdwin: workspace 1 name="2"
Oct 03 16:40:20 baseweed-admin weston[929]: [16:40:20.548] qdwin: workspace 2 name="3"
Oct 03 16:40:20 baseweed-admin weston[929]: [16:40:20.548] qdwin: workspace 3 name="4"
Oct 03 16:40:20 baseweed-admin weston[929]: [16:40:20.548] qdwin: set_wm_policy focus=0 ffm_delay=0 raise_click=1 raise_hover=0 placement=2 snap=1 dist=16
Oct 03 16:40:20 baseweed-admin weston[929]: [16:40:20.548] qdwin: register_hotkey id=7101 mods=0x2 key=62
Oct 03 16:40:20 baseweed-admin weston[929]: [16:40:20.548] qdwin: register_hotkey id=7102 mods=0x4 key=103
Oct 03 16:40:20 baseweed-admin weston[929]: [16:40:20.549] qdwin: register_hotkey id=7103 mods=0x4 key=33
Oct 03 16:40:20 baseweed-admin weston[929]: [16:40:20.549] qdwin: register_hotkey id=7104 mods=0x4 key=105
Oct 03 16:40:20 baseweed-admin weston[929]: [16:40:20.549] qdwin: register_hotkey id=7105 mods=0x4 key=106
Oct 03 16:40:20 baseweed-admin weston[929]: [16:40:20.549] qdwin: set_pointer_config accel=0 profile=0 natural=0 tap=1 left=0 middle=0 dwt=1 scroll=1 (6 devices)
Oct 03 16:40:20 baseweed-admin weston[929]: [16:40:20.549] qdwin: set_key_repeat rate=25 delay=500
Oct 03 16:40:20 baseweed-admin weston[929]: [16:40:20.802] qdwin: layer-shell get_layer_surface ns=qdshell-background-Virtual-1 layer=2 output=0x56254d294ba0
Oct 03 16:40:20 baseweed-admin weston[929]: [16:40:20.802] qdwin: layer-shell configure ns=qdshell-background-Virtual-1 layer=2 box=0,0 1920x1080 serial=1
Oct 03 16:40:20 baseweed-admin weston[929]: [16:40:20.802] qdwin: layer-shell get_layer_surface ns=qdshell-bar-content-Virtual-1 layer=2 output=0x56254d294ba0
Oct 03 16:40:20 baseweed-admin weston[929]: [16:40:20.802] qdwin: layer-shell configure ns=qdshell-bar-content-Virtual-1 layer=2 box=0,0 1920x31 serial=2
Oct 03 16:40:20 baseweed-admin weston[929]: [16:40:20.802] qdwin: layer-shell get_layer_surface ns=qdshell-bar-exclusion-top-Virtual-1 layer=2 output=0x56254d294ba0
Oct 03 16:40:20 baseweed-admin weston[929]: [16:40:20.803] qdwin: layer-shell configure ns=qdshell-bar-exclusion-top-Virtual-1 layer=2 box=0,0 1920x31 serial=3
Oct 03 16:40:20 baseweed-admin weston[929]: [16:40:20.803] qdwin: layer-shell get_layer_surface ns=qdshell-background-pipewire-0 layer=2 output=0x56254d296000
Oct 03 16:40:20 baseweed-admin weston[929]: [16:40:20.803] qdwin: layer-shell configure ns=qdshell-background-pipewire-0 layer=2 box=1920,0 640x480 serial=4
Oct 03 16:40:20 baseweed-admin weston[929]: [16:40:20.803] qdwin: layer-shell get_layer_surface ns=qdshell-bar-content-pipewire-0 layer=2 output=0x56254d296000
Oct 03 16:40:20 baseweed-admin weston[929]: [16:40:20.803] qdwin: layer-shell configure ns=qdshell-bar-content-pipewire-0 layer=2 box=1920,0 640x31 serial=5
Oct 03 16:40:20 baseweed-admin weston[929]: [16:40:20.803] qdwin: layer-shell get_layer_surface ns=qdshell-bar-exclusion-top-pipewire-0 layer=2 output=0x56254d296000
Oct 03 16:40:20 baseweed-admin weston[929]: [16:40:20.803] qdwin: layer-shell configure ns=qdshell-bar-exclusion-top-pipewire-0 layer=2 box=1920,0 640x31 serial=6
Oct 03 16:40:20 baseweed-admin weston[929]: [16:40:20.803] qdwin: layer-shell get_layer_surface ns=qdshell-background-pipewire-1 layer=2 output=0x56254d2bb900
Oct 03 16:40:20 baseweed-admin weston[929]: [16:40:20.803] qdwin: layer-shell configure ns=qdshell-background-pipewire-1 layer=2 box=2560,0 640x480 serial=7
Oct 03 16:40:20 baseweed-admin weston[929]: [16:40:20.803] qdwin: layer-shell get_layer_surface ns=qdshell-bar-content-pipewire-1 layer=2 output=0x56254d2bb900
Oct 03 16:40:20 baseweed-admin weston[929]: [16:40:20.803] qdwin: layer-shell configure ns=qdshell-bar-content-pipewire-1 layer=2 box=2560,0 640x31 serial=8
Oct 03 16:40:20 baseweed-admin weston[929]: [16:40:20.803] qdwin: layer-shell get_layer_surface ns=qdshell-bar-exclusion-top-pipewire-1 layer=2 output=0x56254d2bb900
Oct 03 16:40:20 baseweed-admin weston[929]: [16:40:20.803] qdwin: layer-shell configure ns=qdshell-bar-exclusion-top-pipewire-1 layer=2 box=2560,0 640x31 serial=9
Oct 03 16:40:20 baseweed-admin weston[929]: [16:40:20.803] qdwin: layer-shell get_layer_surface ns=qdshell-dock-peek-Virtual-1 layer=2 output=0x56254d294ba0
Oct 03 16:40:20 baseweed-admin weston[929]: [16:40:20.803] qdwin: layer-shell configure ns=qdshell-dock-peek-Virtual-1 layer=2 box=0,1079 1920x1 serial=10
Oct 03 16:40:20 baseweed-admin weston[929]: [16:40:20.803] qdwin: layer-shell get_layer_surface ns=qdshell-dock-peek-pipewire-0 layer=2 output=0x56254d296000
Oct 03 16:40:20 baseweed-admin weston[929]: [16:40:20.803] qdwin: layer-shell configure ns=qdshell-dock-peek-pipewire-0 layer=2 box=1920,479 640x1 serial=11
Oct 03 16:40:20 baseweed-admin weston[929]: [16:40:20.803] qdwin: layer-shell get_layer_surface ns=qdshell-dock-peek-pipewire-1 layer=2 output=0x56254d2bb900
Oct 03 16:40:20 baseweed-admin weston[929]: [16:40:20.803] qdwin: layer-shell configure ns=qdshell-dock-peek-pipewire-1 layer=2 box=2560,479 640x1 serial=12
Oct 03 16:40:20 baseweed-admin weston[929]: [16:40:20.803] qdwin: layer-shell get_layer_surface ns=qdshell-image-cache-renderer layer=2 output=(nil)
Oct 03 16:40:20 baseweed-admin weston[929]: [16:40:20.803] qdwin: layer-shell configure ns=qdshell-image-cache-renderer layer=2 box=960,540 1x1 serial=13
Oct 03 16:40:20 baseweed-admin weston[929]: [16:40:20.938] qdwin: set_key_repeat rate=25 delay=500
Oct 03 16:40:22 baseweed-admin weston[929]: [16:40:22.160] qdwin: layer-shell mapped ns=qdshell-background-Virtual-1 layer=2 at 0,0 1920x1080
Oct 03 16:40:22 baseweed-admin weston[929]: [16:40:22.412] qdwin: layer-shell mapped ns=qdshell-bar-content-Virtual-1 layer=2 at 0,0 1920x31
Oct 03 16:40:23 baseweed-admin weston[929]: [16:40:23.015] qdwin: layer-shell mapped ns=qdshell-bar-exclusion-top-Virtual-1 layer=2 at 0,0 1920x31
Oct 03 16:40:23 baseweed-admin weston[929]: [16:40:23.496] qdwin: layer-shell mapped ns=qdshell-background-pipewire-0 layer=2 at 1920,0 640x480
Oct 03 16:40:24 baseweed-admin weston[929]: [16:40:24.007] qdwin: layer-shell mapped ns=qdshell-bar-content-pipewire-0 layer=2 at 1920,0 640x31
Oct 03 16:40:24 baseweed-admin weston[929]: [16:40:24.405] qdwin: layer-shell mapped ns=qdshell-bar-exclusion-top-pipewire-0 layer=2 at 1920,0 640x31
Oct 03 16:40:25 baseweed-admin weston[929]: [16:40:25.176] qdwin: layer-shell mapped ns=qdshell-background-pipewire-1 layer=2 at 2560,0 640x480
Oct 03 16:40:25 baseweed-admin weston[929]: [16:40:25.770] qdwin: layer-shell mapped ns=qdshell-bar-content-pipewire-1 layer=2 at 2560,0 640x31
Oct 03 16:40:26 baseweed-admin weston[929]: [16:40:26.070] qdwin: layer-shell mapped ns=qdshell-bar-exclusion-top-pipewire-1 layer=2 at 2560,0 640x31
Oct 03 16:40:26 baseweed-admin weston[929]: [16:40:26.508] qdwin: layer-shell mapped ns=qdshell-dock-peek-Virtual-1 layer=2 at 0,1079 1920x1
Oct 03 16:40:26 baseweed-admin weston[929]: [16:40:26.870] qdwin: layer-shell mapped ns=qdshell-dock-peek-pipewire-0 layer=2 at 1920,479 640x1
Oct 03 16:40:27 baseweed-admin weston[929]: [16:40:27.510] qdwin: layer-shell mapped ns=qdshell-dock-peek-pipewire-1 layer=2 at 2560,479 640x1
Oct 03 16:40:27 baseweed-admin weston[929]: [16:40:27.759] qdwin: layer-shell mapped ns=qdshell-image-cache-renderer layer=2 at 960,540 1x1
Oct 03 16:40:28 baseweed-admin weston[929]: [16:40:28.809] qdwin: layer-shell get_layer_surface ns=qdshell-osd-Virtual-1 layer=3 output=0x56254d294ba0
Oct 03 16:40:28 baseweed-admin weston[929]: [16:40:28.809] qdwin: layer-shell configure ns=qdshell-osd-Virtual-1 layer=3 box=1591,40 320x72 serial=14
Oct 03 16:40:28 baseweed-admin weston[929]: [16:40:28.809] qdwin: layer-shell get_layer_surface ns=qdshell-osd-pipewire-0 layer=3 output=0x56254d296000
Oct 03 16:40:28 baseweed-admin weston[929]: [16:40:28.809] qdwin: layer-shell configure ns=qdshell-osd-pipewire-0 layer=3 box=2231,40 320x72 serial=15
Oct 03 16:40:28 baseweed-admin weston[929]: [16:40:28.809] qdwin: layer-shell get_layer_surface ns=qdshell-osd-pipewire-1 layer=3 output=0x56254d2bb900
Oct 03 16:40:28 baseweed-admin weston[929]: [16:40:28.809] qdwin: layer-shell configure ns=qdshell-osd-pipewire-1 layer=3 box=2871,40 320x72 serial=16
Oct 03 16:40:29 baseweed-admin weston[929]: [16:40:29.248] qdwin: layer-shell mapped ns=qdshell-osd-Virtual-1 layer=3 at 1591,40 320x72
Oct 03 16:40:29 baseweed-admin weston[929]: [16:40:29.411] qdwin: layer-shell mapped ns=qdshell-osd-pipewire-0 layer=3 at 2231,40 320x72
Oct 03 16:40:30 baseweed-admin weston[929]: [16:40:30.084] qdwin: layer-shell mapped ns=qdshell-osd-pipewire-1 layer=3 at 2871,40 320x72
Oct 03 16:40:30 baseweed-admin weston[929]: [16:40:30.182] qdwin: layer-shell get_layer_surface ns=qdshell-wallpaper-Virtual-1 layer=0 output=0x56254d294ba0
Oct 03 16:40:30 baseweed-admin weston[929]: [16:40:30.183] qdwin: layer-shell configure ns=qdshell-wallpaper-Virtual-1 layer=0 box=0,0 1920x1080 serial=17
Oct 03 16:40:30 baseweed-admin weston[929]: [16:40:30.183] qdwin: layer-shell get_layer_surface ns=qdshell-wallpaper-pipewire-0 layer=0 output=0x56254d296000
Oct 03 16:40:30 baseweed-admin weston[929]: [16:40:30.183] qdwin: layer-shell configure ns=qdshell-wallpaper-pipewire-0 layer=0 box=1920,0 640x480 serial=18
Oct 03 16:40:30 baseweed-admin weston[929]: [16:40:30.183] qdwin: layer-shell get_layer_surface ns=qdshell-wallpaper-pipewire-1 layer=0 output=0x56254d2bb900
Oct 03 16:40:30 baseweed-admin weston[929]: [16:40:30.183] qdwin: layer-shell configure ns=qdshell-wallpaper-pipewire-1 layer=0 box=2560,0 640x480 serial=19
Oct 03 16:40:30 baseweed-admin weston[929]: [16:40:30.786] qdwin: layer-shell mapped ns=qdshell-wallpaper-Virtual-1 layer=0 at 0,0 1920x1080
Oct 03 16:40:31 baseweed-admin weston[929]: [16:40:31.272] qdwin: layer-shell mapped ns=qdshell-wallpaper-pipewire-0 layer=0 at 1920,0 640x480
Oct 03 16:40:31 baseweed-admin weston[929]: [16:40:31.631] qdwin: layer-shell mapped ns=qdshell-wallpaper-pipewire-1 layer=0 at 2560,0 640x480
Oct 03 16:41:31 baseweed-admin weston[929]: [16:41:31.758] qdwin/secctx: helper pid=4865 launcher parent pid=4856 exe unreadable; falling back to verified root-parent + stable-starttime attestation
Oct 03 16:41:31 baseweed-admin weston[929]: [16:41:31.775] qdwin/secctx: helper pid=4865 launcher parent pid=4856 exe unreadable; falling back to verified root-parent + stable-starttime attestation
Oct 03 16:41:31 baseweed-admin weston[929]: [16:41:31.776] qdwin/secctx: helper pid=4865 launcher parent pid=4856 exe unreadable; falling back to verified root-parent + stable-starttime attestation
Oct 03 16:41:31 baseweed-admin weston[929]: [16:41:31.776] qdwin/secctx: helper pid=4865 launcher parent pid=4856 exe unreadable; falling back to verified root-parent + stable-starttime attestation
Oct 03 16:41:31 baseweed-admin weston[929]: [16:41:31.776] qdwin/secctx: manager bound by uid=1000 pid=4865 (helper)
Oct 03 16:41:31 baseweed-admin weston[929]: [16:41:31.777] qdwin/secctx: committed engine=qdistro.tier3s app_id=qdistro.tier3s.s127a instance_id=4630c4db645ed4e87610b5ba786de85a listen_fd=72 close_fd=73
Oct 03 16:41:31 baseweed-admin weston[929]: [16:41:31.852] qdwin/secctx: client accepted engine=qdistro.tier3s app_id=qdistro.tier3s.s127a instance_id=4630c4db645ed4e87610b5ba786de85a (total tagged: 1)
Oct 03 16:41:38 baseweed-admin weston[929]: [16:41:38.910] qdwin: toplevel_added handle=1 uid=1000 pid=4868 app_id=(null) title=""
Oct 03 16:41:38 baseweed-admin weston[929]: [16:41:38.911] qdwin: toplevel_security_context handle=1 engine=qdistro.tier3s app_id=qdistro.tier3s.s127a instance=4630c4db645ed4e87610b5ba786de85a
Oct 03 16:41:38 baseweed-admin weston[929]: [16:41:38.911] qdwin: toplevel_peer_identity handle=1 pid=4868 starttime=8535 uid=1000 exe=/usr/bin/waypipe label=system_u:system_r:unconfined_service_t:s0
Oct 03 16:41:38 baseweed-admin weston[929]: [16:41:38.911] qdwin: holding_released handle=1 via default_toplevel_policy (held → normal)
Oct 03 16:41:38 baseweed-admin weston[929]: [16:41:38.919] Detected an unmapped surface or view in the layer list, which should not occur.
Oct 03 16:41:38 baseweed-admin weston[929]:                Warning: the above message will not be printed again.
Oct 03 16:41:38 baseweed-admin weston[929]: [16:41:38.943] qdwin: toplevel_title handle=1 title="[3s:s127a] Wayland Terminal"
Oct 03 16:41:38 baseweed-admin weston[929]: [16:41:38.943] qdwin: toplevel_app_id handle=1 app_id="org.freedesktop.weston.wayland-terminal"
Oct 03 16:41:38 baseweed-admin weston[929]: [16:41:38.943] qdwin: mapped handle=1 size=806x491 pos=557,310 (normal)
Oct 03 16:41:38 baseweed-admin weston[929]: [16:41:38.943] qdwin: focus handle=1 (was 4294967295) seat=default
Oct 03 16:41:38 baseweed-admin weston[929]: [16:41:38.943] qdwin: seat_focus_changed seat=default handle=1
Oct 03 16:41:44 baseweed-admin weston[929]: [16:41:44.208] qdwin/secctx: helper pid=5623 launcher parent pid=5611 exe unreadable; falling back to verified root-parent + stable-starttime attestation
Oct 03 16:41:44 baseweed-admin weston[929]: [16:41:44.209] qdwin/secctx: helper pid=5623 launcher parent pid=5611 exe unreadable; falling back to verified root-parent + stable-starttime attestation
Oct 03 16:41:44 baseweed-admin weston[929]: [16:41:44.210] qdwin/secctx: helper pid=5623 launcher parent pid=5611 exe unreadable; falling back to verified root-parent + stable-starttime attestation
Oct 03 16:41:44 baseweed-admin weston[929]: [16:41:44.210] qdwin/secctx: helper pid=5623 launcher parent pid=5611 exe unreadable; falling back to verified root-parent + stable-starttime attestation
Oct 03 16:41:44 baseweed-admin weston[929]: [16:41:44.210] qdwin/secctx: manager bound by uid=1000 pid=5623 (helper)
Oct 03 16:41:44 baseweed-admin weston[929]: [16:41:44.210] qdwin/secctx: committed engine=qdistro.tier3s app_id=qdistro.tier3s.s127b instance_id=6b3642d5b943c035f503719f4e34294e listen_fd=80 close_fd=81
Oct 03 16:41:44 baseweed-admin weston[929]: [16:41:44.213] qdwin/secctx: client accepted engine=qdistro.tier3s app_id=qdistro.tier3s.s127b instance_id=6b3642d5b943c035f503719f4e34294e (total tagged: 2)
Oct 03 16:42:03 baseweed-admin weston[929]: [16:42:03.817] qdwin: toplevel_added handle=2 uid=1000 pid=5624 app_id=(null) title=""
Oct 03 16:42:03 baseweed-admin weston[929]: [16:42:03.818] qdwin: toplevel_security_context handle=2 engine=qdistro.tier3s app_id=qdistro.tier3s.s127b instance=6b3642d5b943c035f503719f4e34294e
Oct 03 16:42:03 baseweed-admin weston[929]: [16:42:03.818] qdwin: toplevel_peer_identity handle=2 pid=5624 starttime=9778 uid=1000 exe=/usr/bin/waypipe label=system_u:system_r:unconfined_service_t:s0
Oct 03 16:42:03 baseweed-admin weston[929]: [16:42:03.818] qdwin: holding_released handle=2 via default_toplevel_policy (held → normal)
Oct 03 16:42:03 baseweed-admin weston[929]: [16:42:03.855] qdwin: toplevel_title handle=2 title="[3s:s127b] Wayland Terminal"
Oct 03 16:42:03 baseweed-admin weston[929]: [16:42:03.855] qdwin: toplevel_app_id handle=2 app_id="org.freedesktop.weston.wayland-terminal"
Oct 03 16:42:03 baseweed-admin weston[929]: [16:42:03.855] qdwin: mapped handle=2 size=806x491 pos=0,31 (normal)
Oct 03 16:42:03 baseweed-admin weston[929]: [16:42:03.855] qdwin: focus handle=2 (was 1) seat=default
Oct 03 16:42:03 baseweed-admin weston[929]: [16:42:03.855] qdwin: seat_focus_changed seat=default handle=2
Oct 03 16:42:04 baseweed-admin weston[929]: [16:42:04.239] qdwin: set_keyboard_focus seat=default handle=2
Oct 03 16:42:04 baseweed-admin weston[929]: [16:42:04.239] qdwin: seat_focus_changed seat=default handle=2
Oct 03 16:42:04 baseweed-admin weston[929]: [16:42:04.261] qdwin/secctx: helper pid=6084 launcher parent pid=6079 exe unreadable; falling back to verified root-parent + stable-starttime attestation
Oct 03 16:42:04 baseweed-admin weston[929]: [16:42:04.262] qdwin/secctx: helper pid=6084 launcher parent pid=6079 exe unreadable; falling back to verified root-parent + stable-starttime attestation
Oct 03 16:42:04 baseweed-admin weston[929]: [16:42:04.262] qdwin/secctx: helper pid=6084 launcher parent pid=6079 exe unreadable; falling back to verified root-parent + stable-starttime attestation
Oct 03 16:42:04 baseweed-admin weston[929]: [16:42:04.262] qdwin/secctx: helper pid=6084 launcher parent pid=6079 exe unreadable; falling back to verified root-parent + stable-starttime attestation
Oct 03 16:42:04 baseweed-admin weston[929]: [16:42:04.262] qdwin/secctx: manager bound by uid=1000 pid=6084 (helper)
Oct 03 16:42:04 baseweed-admin weston[929]: [16:42:04.262] qdwin/secctx: committed engine=qdistro.tier3s app_id=qdistro.tier3s.s127a instance_id=clipsrc-s127a listen_fd=88 close_fd=89
Oct 03 16:42:04 baseweed-admin weston[929]: [16:42:04.264] qdwin/secctx: client accepted engine=qdistro.tier3s app_id=qdistro.tier3s.s127a instance_id=clipsrc-s127a (total tagged: 3)
Oct 03 16:42:04 baseweed-admin weston[929]: [16:42:04.264] qdwin: v15 data_source wrap installed src=0x56254d8a9e10 seat=default
Oct 03 16:42:04 baseweed-admin weston[929]: [16:42:04.264] qdwin: selection_set_source_identity engine=qdistro.tier3s app_id=qdistro.tier3s.s127a instance=clipsrc-s127a
Oct 03 16:42:04 baseweed-admin weston[929]: [16:42:04.264] qdwin: selection_set seat=default handle=2 primary=0 mimes='text/plain'
Oct 03 16:42:04 baseweed-admin weston[929]: [16:42:04.312] qdwin: v15 data_source wrap installed src=0x56254d8a8320 seat=default
Oct 03 16:42:04 baseweed-admin weston[929]: [16:42:04.312] qdwin: selection_set seat=default handle=2 primary=0 mimes='text/plain'
Oct 03 16:42:04 baseweed-admin weston[929]: [16:42:04.312] qdwin: selection_set seat=default handle=2 primary=0 mimes='text/plain'
Oct 03 16:42:04 baseweed-admin weston[929]: [16:42:04.312] qdwin: clear_selection seat=default clipboard cleared
Oct 03 16:42:04 baseweed-admin weston[929]: [16:42:04.348] qdwin: selection_set seat=default handle=2 primary=0 mimes='text/plain'
Oct 03 16:42:04 baseweed-admin weston[929]: [16:42:04.348] qdwin: selection_set seat=default handle=2 primary=0 mimes='text/plain'
Oct 03 16:42:04 baseweed-admin weston[929]: [16:42:04.348] qdwin: clear_selection seat=default clipboard cleared
Oct 03 16:42:04 baseweed-admin weston[929]: [16:42:04.554] qdwin/secctx: helper pid=6122 launcher parent pid=6117 exe unreadable; falling back to verified root-parent + stable-starttime attestation
Oct 03 16:42:04 baseweed-admin weston[929]: [16:42:04.554] qdwin/secctx: helper pid=6122 launcher parent pid=6117 exe unreadable; falling back to verified root-parent + stable-starttime attestation
Oct 03 16:42:04 baseweed-admin weston[929]: [16:42:04.555] qdwin/secctx: helper pid=6122 launcher parent pid=6117 exe unreadable; falling back to verified root-parent + stable-starttime attestation
Oct 03 16:42:04 baseweed-admin weston[929]: [16:42:04.555] qdwin/secctx: helper pid=6122 launcher parent pid=6117 exe unreadable; falling back to verified root-parent + stable-starttime attestation
Oct 03 16:42:04 baseweed-admin weston[929]: [16:42:04.555] qdwin/secctx: manager bound by uid=1000 pid=6122 (helper)
Oct 03 16:42:04 baseweed-admin weston[929]: [16:42:04.555] qdwin/secctx: committed engine=qdistro.tier3s app_id=qdistro.tier3s.s127a instance_id=clipsrc-s127a listen_fd=92 close_fd=93
Oct 03 16:42:04 baseweed-admin weston[929]: [16:42:04.555] qdwin/secctx: client accepted engine=qdistro.tier3s app_id=qdistro.tier3s.s127a instance_id=clipsrc-s127a (total tagged: 3)
Oct 03 16:42:39 baseweed-admin weston[929]: [16:42:39.002] qdwin/secctx: helper pid=7169 launcher parent pid=7163 exe unreadable; falling back to verified root-parent + stable-starttime attestation
Oct 03 16:42:39 baseweed-admin weston[929]: [16:42:39.002] qdwin/secctx: helper pid=7169 launcher parent pid=7163 exe unreadable; falling back to verified root-parent + stable-starttime attestation
Oct 03 16:42:39 baseweed-admin weston[929]: [16:42:39.003] qdwin/secctx: helper pid=7169 launcher parent pid=7163 exe unreadable; falling back to verified root-parent + stable-starttime attestation
Oct 03 16:42:39 baseweed-admin weston[929]: [16:42:39.003] qdwin/secctx: helper pid=7169 launcher parent pid=7163 exe unreadable; falling back to verified root-parent + stable-starttime attestation
Oct 03 16:42:39 baseweed-admin weston[929]: [16:42:39.003] qdwin/secctx: manager bound by uid=1000 pid=7169 (helper)
Oct 03 16:42:39 baseweed-admin weston[929]: [16:42:39.003] qdwin/secctx: committed engine=qdistro.tier3s app_id=qdistro.tier3s.s127a instance_id=clipsrc-s127a listen_fd=98 close_fd=99
Oct 03 16:42:39 baseweed-admin weston[929]: [16:42:39.004] qdwin/secctx: client accepted engine=qdistro.tier3s app_id=qdistro.tier3s.s127a instance_id=clipsrc-s127a (total tagged: 4)
Oct 03 16:43:10 baseweed-admin weston[929]: [16:43:10.427] qdwin: selection_set seat=default handle=2 primary=0 mimes='text/plain'
Oct 03 16:43:10 baseweed-admin weston[929]: [16:43:10.427] qdwin: selection_set seat=default handle=2 primary=0 mimes='text/plain'
Oct 03 16:43:10 baseweed-admin weston[929]: [16:43:10.427] qdwin: set_keyboard_focus seat=default handle=2
Oct 03 16:43:10 baseweed-admin weston[929]: [16:43:10.427] qdwin: seat_focus_changed seat=default handle=2
Oct 03 16:43:10 baseweed-admin weston[929]: [16:43:10.496] qdwin: selection_set seat=default handle=2 primary=0 mimes='text/plain'
Oct 03 16:43:10 baseweed-admin weston[929]: [16:43:10.496] qdwin: selection_set seat=default handle=2 primary=0 mimes='text/plain'
Oct 03 16:43:10 baseweed-admin weston[929]: [16:43:10.496] qdwin: clear_selection seat=default clipboard cleared
Oct 03 16:43:11 baseweed-admin weston[929]: [16:43:11.443] qdwin/secctx: helper pid=7994 launcher parent pid=7989 exe unreadable; falling back to verified root-parent + stable-starttime attestation
Oct 03 16:43:11 baseweed-admin weston[929]: [16:43:11.443] qdwin/secctx: helper pid=7994 launcher parent pid=7989 exe unreadable; falling back to verified root-parent + stable-starttime attestation
Oct 03 16:43:11 baseweed-admin weston[929]: [16:43:11.444] qdwin/secctx: helper pid=7994 launcher parent pid=7989 exe unreadable; falling back to verified root-parent + stable-starttime attestation
Oct 03 16:43:11 baseweed-admin weston[929]: [16:43:11.444] qdwin/secctx: helper pid=7994 launcher parent pid=7989 exe unreadable; falling back to verified root-parent + stable-starttime attestation
Oct 03 16:43:11 baseweed-admin weston[929]: [16:43:11.444] qdwin/secctx: manager bound by uid=1000 pid=7994 (helper)
Oct 03 16:43:11 baseweed-admin weston[929]: [16:43:11.444] qdwin/secctx: committed engine=qdistro.tier3s app_id=qdistro.tier3s.s127b instance_id=clipsrc-s127b listen_fd=106 close_fd=107
Oct 03 16:43:11 baseweed-admin weston[929]: [16:43:11.445] qdwin/secctx: client accepted engine=qdistro.tier3s app_id=qdistro.tier3s.s127b instance_id=clipsrc-s127b (total tagged: 5)
Oct 03 16:43:13 baseweed-admin weston[929]: [16:43:13.515] qdwin: selection_set seat=default handle=2 primary=0 mimes='text/plain'
Oct 03 16:43:13 baseweed-admin weston[929]: [16:43:13.515] qdwin: selection_set seat=default handle=2 primary=0 mimes='text/plain'
Oct 03 16:43:13 baseweed-admin weston[929]: [16:43:13.515] qdwin: focus handle=1 (was 2) seat=default
Oct 03 16:43:13 baseweed-admin weston[929]: [16:43:13.515] qdwin: seat_focus_changed seat=default handle=1
Oct 03 16:43:13 baseweed-admin weston[929]: [16:43:13.515] qdwin: set_keyboard_focus seat=default handle=1
Oct 03 16:43:13 baseweed-admin weston[929]: [16:43:13.515] qdwin: seat_focus_changed seat=default handle=1
Oct 03 16:43:13 baseweed-admin weston[929]: [16:43:13.749] qdwin: selection_set seat=default handle=1 primary=0 mimes='text/plain'
Oct 03 16:43:13 baseweed-admin weston[929]: [16:43:13.749] qdwin: selection_set seat=default handle=1 primary=0 mimes='text/plain'
Oct 03 16:43:13 baseweed-admin weston[929]: [16:43:13.749] qdwin: clear_selection seat=default clipboard cleared
Oct 03 16:43:13 baseweed-admin weston[929]: [16:43:13.974] qdwin: selection_set seat=default handle=1 primary=0 mimes='text/plain'
Oct 03 16:43:13 baseweed-admin weston[929]: [16:43:13.974] qdwin: selection_set seat=default handle=1 primary=0 mimes='text/plain'
Oct 03 16:43:13 baseweed-admin weston[929]: [16:43:13.974] qdwin: clear_selection seat=default clipboard cleared
Oct 03 16:43:14 baseweed-admin weston[929]: [16:43:14.217] qdwin: selection_set seat=default handle=1 primary=0 mimes='text/plain'
Oct 03 16:43:14 baseweed-admin weston[929]: [16:43:14.217] qdwin: selection_set seat=default handle=1 primary=0 mimes='text/plain'
Oct 03 16:43:14 baseweed-admin weston[929]: [16:43:14.217] qdwin: clear_selection seat=default clipboard cleared
Oct 03 16:43:14 baseweed-admin weston[929]: [16:43:14.878] qdwin: selection_set seat=default handle=1 primary=0 mimes='text/plain'
Oct 03 16:43:14 baseweed-admin weston[929]: [16:43:14.878] qdwin: selection_set seat=default handle=1 primary=0 mimes='text/plain'
Oct 03 16:43:14 baseweed-admin weston[929]: [16:43:14.878] qdwin: clear_selection seat=default clipboard cleared
Oct 03 16:43:15 baseweed-admin weston[929]: [16:43:15.562] qdwin: selection_set seat=default handle=1 primary=0 mimes='text/plain'
Oct 03 16:43:15 baseweed-admin weston[929]: [16:43:15.562] qdwin: selection_set seat=default handle=1 primary=0 mimes='text/plain'
Oct 03 16:43:15 baseweed-admin weston[929]: [16:43:15.562] qdwin: clear_selection seat=default clipboard cleared
Oct 03 16:43:16 baseweed-admin weston[929]: [16:43:16.248] qdwin: selection_set seat=default handle=1 primary=0 mimes='text/plain'
Oct 03 16:43:16 baseweed-admin weston[929]: [16:43:16.248] qdwin: selection_set seat=default handle=1 primary=0 mimes='text/plain'
Oct 03 16:43:16 baseweed-admin weston[929]: [16:43:16.248] qdwin: clear_selection seat=default clipboard cleared
Oct 03 16:43:16 baseweed-admin weston[929]: [16:43:16.249] qdwin: selection_set seat=default handle=1 primary=0 mimes='text/plain'
Oct 03 16:43:16 baseweed-admin weston[929]: [16:43:16.249] qdwin: selection_set seat=default handle=1 primary=0 mimes='text/plain'
Oct 03 16:43:16 baseweed-admin weston[929]: [16:43:16.249] qdwin: focus handle=2 (was 1) seat=default
Oct 03 16:43:16 baseweed-admin weston[929]: [16:43:16.249] qdwin: seat_focus_changed seat=default handle=2
Oct 03 16:43:16 baseweed-admin weston[929]: [16:43:16.249] qdwin: set_keyboard_focus seat=default handle=2
Oct 03 16:43:16 baseweed-admin weston[929]: [16:43:16.249] qdwin: seat_focus_changed seat=default handle=2
Oct 03 16:43:16 baseweed-admin weston[929]: [16:43:16.960] qdwin: selection_set seat=default handle=2 primary=0 mimes='text/plain'
Oct 03 16:43:16 baseweed-admin weston[929]: [16:43:16.960] qdwin: selection_set seat=default handle=2 primary=0 mimes='text/plain'
Oct 03 16:43:16 baseweed-admin weston[929]: [16:43:16.960] qdwin: clear_selection seat=default clipboard cleared
Oct 03 16:43:17 baseweed-admin weston[929]: [16:43:17.188] qdwin: selection_set seat=default handle=2 primary=0 mimes='text/plain'
Oct 03 16:43:17 baseweed-admin weston[929]: [16:43:17.188] qdwin: selection_set seat=default handle=2 primary=0 mimes='text/plain'
Oct 03 16:43:17 baseweed-admin weston[929]: [16:43:17.188] qdwin: clear_selection seat=default clipboard cleared
Oct 03 16:43:17 baseweed-admin weston[929]: [16:43:17.415] qdwin: selection_set seat=default handle=2 primary=0 mimes='text/plain'
Oct 03 16:43:17 baseweed-admin weston[929]: [16:43:17.415] qdwin: selection_set seat=default handle=2 primary=0 mimes='text/plain'
Oct 03 16:43:17 baseweed-admin weston[929]: [16:43:17.415] qdwin: clear_selection seat=default clipboard cleared
Oct 03 16:43:18 baseweed-admin weston[929]: [16:43:18.078] qdwin: selection_set seat=default handle=2 primary=0 mimes='text/plain'
Oct 03 16:43:18 baseweed-admin weston[929]: [16:43:18.078] qdwin: selection_set seat=default handle=2 primary=0 mimes='text/plain'
Oct 03 16:43:18 baseweed-admin weston[929]: [16:43:18.078] qdwin: clear_selection seat=default clipboard cleared
Oct 03 16:43:18 baseweed-admin weston[929]: [16:43:18.767] qdwin: selection_set seat=default handle=2 primary=0 mimes='text/plain'
Oct 03 16:43:18 baseweed-admin weston[929]: [16:43:18.767] qdwin: selection_set seat=default handle=2 primary=0 mimes='text/plain'
Oct 03 16:43:18 baseweed-admin weston[929]: [16:43:18.767] qdwin: clear_selection seat=default clipboard cleared
Oct 03 16:43:19 baseweed-admin weston[929]: [16:43:19.429] qdwin: selection_set seat=default handle=2 primary=0 mimes='text/plain'
Oct 03 16:43:19 baseweed-admin weston[929]: [16:43:19.429] qdwin: selection_set seat=default handle=2 primary=0 mimes='text/plain'
Oct 03 16:43:19 baseweed-admin weston[929]: [16:43:19.429] qdwin: clear_selection seat=default clipboard cleared
Oct 03 16:43:41 baseweed-admin weston[929]: [16:43:41.831] qdwin: toplevel_removed handle=1
Oct 03 16:43:45 baseweed-admin weston[929]: [16:43:45.348] qdwin: toplevel_removed handle=2
Oct 03 16:43:45 baseweed-admin weston[929]: [16:43:45.348] qdwin: focus handle=4294967295 (was 2) seat=default
Oct 03 16:43:45 baseweed-admin weston[929]: [16:43:45.348] qdwin: seat_focus_changed seat=default handle=4294967295
Oct 03 16:43:45 baseweed-admin weston[929]: [16:43:45.383] qdwin: selection_set seat=default handle=4294967295 primary=0 mimes='text/plain'
Oct 03 16:43:45 baseweed-admin weston[929]: [16:43:45.383] qdwin: selection_set seat=default handle=4294967295 primary=0 mimes='text/plain'
Oct 03 16:43:45 baseweed-admin weston[929]: [16:43:45.384] qdwin: clear_selection seat=default clipboard cleared
Oct 03 16:43:45 baseweed-admin weston[929]: [16:43:45.385] qdwin: selection_set seat=default handle=4294967295 primary=0 mimes='text/plain'
Oct 03 16:43:45 baseweed-admin weston[929]: [16:43:45.385] qdwin: selection_set seat=default handle=4294967295 primary=0 mimes='text/plain'
Oct 03 16:43:45 baseweed-admin weston[929]: [16:43:45.385] qdwin: clear_selection seat=default clipboard cleared
