Oct 03 16:39:59 baseweed-admin systemd[858]: Starting qdshell desktop (Quickshell QML on top of qdwin)...
Oct 03 16:40:01 baseweed-admin systemd[858]: Started qdshell desktop (Quickshell QML on top of qdwin).
Oct 03 16:40:01 baseweed-admin dbus-run-session[1036]: No running instances for "/usr/share/quickshell/qdshell/shell.qml"
Oct 03 16:40:01 baseweed-admin dbus-run-session[1036]:   INFO: Launching config: "/usr/share/quickshell/qdshell/shell.qml"
Oct 03 16:40:01 baseweed-admin dbus-run-session[1036]:   INFO: Shell ID: "0d0d1ceeb7f0392fec595c8531945b05" Path ID "0d0d1ceeb7f0392fec595c8531945b05"
Oct 03 16:40:01 baseweed-admin dbus-run-session[1036]:   INFO: Saving logs to "/run/user/1000/quickshell/by-id/sspmbcmt/log.qslog"
Oct 03 16:40:01 baseweed-admin dbus-run-session[1036]: MESA-EGL: warning: failed to get driver name for fd -1
Oct 03 16:40:01 baseweed-admin dbus-run-session[1036]: MESA-EGL: warning: MESA-LOADER: failed to retrieve device information
Oct 03 16:40:01 baseweed-admin dbus-run-session[1036]: MESA-EGL: warning: failed to get driver name for fd -1
Oct 03 16:40:01 baseweed-admin dbus-run-session[1036]: MESA: error: ZINK: failed to choose pdev
Oct 03 16:40:01 baseweed-admin dbus-run-session[1036]: MESA-EGL: warning: egl: failed to create dri2 screen
Oct 03 16:40:03 baseweed-admin dbus-run-session[1036]:   INFO qml: [20261003-164003]           I18n Service started
Oct 03 16:40:03 baseweed-admin dbus-run-session[1036]:   INFO qml: [20261003-164003]           I18n Loading "en" (locale: "en-Latn-US")
Oct 03 16:40:03 baseweed-admin dbus-run-session[1036]:   INFO qml: [20261003-164003]          Shell ---------------------------
Oct 03 16:40:03 baseweed-admin dbus-run-session[1036]:   INFO qml: [20261003-164003]          Shell Qdshell Hello!
Oct 03 16:40:03 baseweed-admin dbus-run-session[1036]:   WARN scene: @Commons/I18n.qml[104:5]: Unable to assign QJSValue to QObject*
Oct 03 16:40:03 baseweed-admin dbus-run-session[1036]:   INFO: Configuration Loaded
Oct 03 16:40:18 baseweed-admin dbus-run-session[1036]:   WARN scene: @Commons/I18n.qml[104:5]: Unable to assign QJSValue to QObject*
Oct 03 16:40:18 baseweed-admin dbus-run-session[1036]:   INFO qml: [20261003-164018]       Settings Settings loaded
Oct 03 16:40:18 baseweed-admin dbus-run-session[1036]:   INFO qml: [20261003-164018]           I18n Loaded translations for "en"
Oct 03 16:40:18 baseweed-admin dbus-run-session[1036]:   INFO qml: [20261003-164018] PluginRegistry Loaded plugin states from: /home/admin/.config/qdshell/plugins.json
Oct 03 16:40:18 baseweed-admin dbus-run-session[1036]:   INFO qml: [20261003-164018] PluginRegistry Scanning plugin folder: /home/admin/.config/qdshell/plugins
Oct 03 16:40:18 baseweed-admin dbus-run-session[1036]:   INFO qml: [20261003-164018]          Icons Service started
Oct 03 16:40:18 baseweed-admin dbus-run-session[1036]:   INFO: ctrl-server: listening on /run/user/1000/qdshell.sock
Oct 03 16:40:19 baseweed-admin dbus-run-session[1036]:   WARN scene: QML Connections at @Services/Hardware/BrightnessService.qml[66:3]: Detected function "onEnableDdcSupportChanged" in Connections element. This is probably intended to be a signal handler but no signal of the target matches the name.
Oct 03 16:40:19 baseweed-admin dbus-run-session[1036]:   INFO qml: [20261003-164019]     Brightness Service started
Oct 03 16:40:19 baseweed-admin dbus-run-session[1036]:   INFO qml: [20261003-164019] DesktopWidgetR Service started
Oct 03 16:40:19 baseweed-admin dbus-run-session[1036]:   WARN scene: QML Connections at @Services/UI/BarService.qml[147:3]: Detected function "onDisplayModeChanged" in Connections element. This is probably intended to be a signal handler but no signal of the target matches the name.
Oct 03 16:40:19 baseweed-admin dbus-run-session[1036]:   WARN scene: QML Connections at @Services/UI/BarService.qml[147:3]: Detected function "onScreenOverridesChanged" in Connections element. This is probably intended to be a signal handler but no signal of the target matches the name.
Oct 03 16:40:19 baseweed-admin dbus-run-session[1036]:   INFO qml: [20261003-164019]     BarService Service started
Oct 03 16:40:19 baseweed-admin dbus-run-session[1036]:   WARN scene: QML Connections at @Services/Networking/NetworkService.qml[73:3]: Detected function "onWifiEnabledChanged" in Connections element. This is probably intended to be a signal handler but no signal of the target matches the name.
Oct 03 16:40:19 baseweed-admin dbus-run-session[1036]:   INFO qml: [20261003-164019]        Network Service started
Oct 03 16:40:19 baseweed-admin dbus-run-session[1036]:   WARN scene: QML Connections at @Modules/Panels/Dock/StaticDockPanel.qml[350:3]: Detected function "onPinnedAppsChanged" in Connections element. This is probably intended to be a signal handler but no signal of the target matches the name.
Oct 03 16:40:19 baseweed-admin dbus-run-session[1036]:   WARN scene: QML Connections at @Modules/Panels/Dock/StaticDockPanel.qml[350:3]: Detected function "onOnlySameOutputChanged" in Connections element. This is probably intended to be a signal handler but no signal of the target matches the name.
Oct 03 16:40:19 baseweed-admin dbus-run-session[1036]:   WARN scene: QML Connections at @Services/System/SystemStatService.qml[320:3]: Detected function "onEnableDgpuMonitoringChanged" in Connections element. This is probably intended to be a signal handler but no signal of the target matches the name.
Oct 03 16:40:19 baseweed-admin dbus-run-session[1036]:   INFO qml: [20261003-164019]     SystemStat Service started (polling deferred until a consumer registers).
Oct 03 16:40:19 baseweed-admin dbus-run-session[1036]:   WARN scene: QML Connections at @Modules/Panels/Dock/StaticDockPanel.qml[350:3]: Detected function "onPinnedAppsChanged" in Connections element. This is probably intended to be a signal handler but no signal of the target matches the name.
Oct 03 16:40:19 baseweed-admin dbus-run-session[1036]:   WARN scene: QML Connections at @Modules/Panels/Dock/StaticDockPanel.qml[350:3]: Detected function "onOnlySameOutputChanged" in Connections element. This is probably intended to be a signal handler but no signal of the target matches the name.
Oct 03 16:40:19 baseweed-admin dbus-run-session[1036]:   WARN scene: QML Connections at @Modules/Panels/Dock/StaticDockPanel.qml[350:3]: Detected function "onPinnedAppsChanged" in Connections element. This is probably intended to be a signal handler but no signal of the target matches the name.
Oct 03 16:40:19 baseweed-admin dbus-run-session[1036]:   WARN scene: QML Connections at @Modules/Panels/Dock/StaticDockPanel.qml[350:3]: Detected function "onOnlySameOutputChanged" in Connections element. This is probably intended to be a signal handler but no signal of the target matches the name.
Oct 03 16:40:19 baseweed-admin dbus-run-session[1036]:   WARN scene: QML Connections at @Services/UI/WallpaperService.qml[140:3]: Detected function "onWallpaperDownloaded" in Connections element. This is probably intended to be a signal handler but no signal of the target matches the name.
Oct 03 16:40:19 baseweed-admin dbus-run-session[1036]:   WARN scene: QML Connections at @Services/UI/WallpaperService.qml[61:3]: Detected function "onDirectoryChanged" in Connections element. This is probably intended to be a signal handler but no signal of the target matches the name.
Oct 03 16:40:19 baseweed-admin dbus-run-session[1036]:   WARN scene: QML Connections at @Services/UI/WallpaperService.qml[61:3]: Detected function "onEnableMultiMonitorDirectoriesChanged" in Connections element. This is probably intended to be a signal handler but no signal of the target matches the name.
Oct 03 16:40:19 baseweed-admin dbus-run-session[1036]:   WARN scene: QML Connections at @Services/UI/WallpaperService.qml[61:3]: Detected function "onAutomationEnabledChanged" in Connections element. This is probably intended to be a signal handler but no signal of the target matches the name.
Oct 03 16:40:19 baseweed-admin dbus-run-session[1036]:   WARN scene: QML Connections at @Services/UI/WallpaperService.qml[61:3]: Detected function "onRandomIntervalSecChanged" in Connections element. This is probably intended to be a signal handler but no signal of the target matches the name.
Oct 03 16:40:19 baseweed-admin dbus-run-session[1036]:   WARN scene: QML Connections at @Services/UI/WallpaperService.qml[61:3]: Detected function "onWallpaperChangeModeChanged" in Connections element. This is probably intended to be a signal handler but no signal of the target matches the name.
Oct 03 16:40:19 baseweed-admin dbus-run-session[1036]:   WARN scene: QML Connections at @Services/UI/WallpaperService.qml[61:3]: Detected function "onViewModeChanged" in Connections element. This is probably intended to be a signal handler but no signal of the target matches the name.
Oct 03 16:40:19 baseweed-admin dbus-run-session[1036]:   WARN scene: QML Connections at @Services/UI/WallpaperService.qml[61:3]: Detected function "onShowHiddenFilesChanged" in Connections element. This is probably intended to be a signal handler but no signal of the target matches the name.
Oct 03 16:40:19 baseweed-admin dbus-run-session[1036]:   WARN scene: QML Connections at @Services/UI/WallpaperService.qml[61:3]: Detected function "onUseSolidColorChanged" in Connections element. This is probably intended to be a signal handler but no signal of the target matches the name.
Oct 03 16:40:19 baseweed-admin dbus-run-session[1036]:   WARN scene: QML Connections at @Services/UI/WallpaperService.qml[61:3]: Detected function "onSolidColorChanged" in Connections element. This is probably intended to be a signal handler but no signal of the target matches the name.
Oct 03 16:40:19 baseweed-admin dbus-run-session[1036]:   WARN scene: QML Connections at @Services/UI/WallpaperService.qml[61:3]: Detected function "onSortOrderChanged" in Connections element. This is probably intended to be a signal handler but no signal of the target matches the name.
Oct 03 16:40:19 baseweed-admin dbus-run-session[1036]:   WARN scene: QML Connections at @Modules/Background/Background.qml[80:7]: Detected function "onFillModeChanged" in Connections element. This is probably intended to be a signal handler but no signal of the target matches the name.
Oct 03 16:40:19 baseweed-admin dbus-run-session[1036]:   WARN scene: QML Connections at @Modules/Background/Background.qml[80:7]: Detected function "onFillModeChanged" in Connections element. This is probably intended to be a signal handler but no signal of the target matches the name.
Oct 03 16:40:19 baseweed-admin dbus-run-session[1036]:   WARN scene: QML Connections at @Modules/Background/Background.qml[80:7]: Detected function "onFillModeChanged" in Connections element. This is probably intended to be a signal handler but no signal of the target matches the name.
Oct 03 16:40:19 baseweed-admin dbus-run-session[1036]:   WARN scene: QML Connections at @Modules/Dock/Dock.qml[45:7]: Detected function "onPinnedAppsChanged" in Connections element. This is probably intended to be a signal handler but no signal of the target matches the name.
Oct 03 16:40:19 baseweed-admin dbus-run-session[1036]:   WARN scene: QML Connections at @Modules/Dock/Dock.qml[45:7]: Detected function "onOnlySameOutputChanged" in Connections element. This is probably intended to be a signal handler but no signal of the target matches the name.
Oct 03 16:40:19 baseweed-admin dbus-run-session[1036]:   WARN scene: QML Connections at @Modules/Dock/Dock.qml[45:7]: Detected function "onPinnedAppsChanged" in Connections element. This is probably intended to be a signal handler but no signal of the target matches the name.
Oct 03 16:40:19 baseweed-admin dbus-run-session[1036]:   WARN scene: QML Connections at @Modules/Dock/Dock.qml[45:7]: Detected function "onOnlySameOutputChanged" in Connections element. This is probably intended to be a signal handler but no signal of the target matches the name.
Oct 03 16:40:19 baseweed-admin dbus-run-session[1036]:   WARN scene: QML Connections at @Modules/Dock/Dock.qml[45:7]: Detected function "onPinnedAppsChanged" in Connections element. This is probably intended to be a signal handler but no signal of the target matches the name.
Oct 03 16:40:19 baseweed-admin dbus-run-session[1036]:   WARN scene: QML Connections at @Modules/Dock/Dock.qml[45:7]: Detected function "onOnlySameOutputChanged" in Connections element. This is probably intended to be a signal handler but no signal of the target matches the name.
Oct 03 16:40:19 baseweed-admin dbus-run-session[1036]:   INFO qml: [20261003-164019]          Shell ---------------------------
Oct 03 16:40:19 baseweed-admin dbus-run-session[1036]:   INFO qml: [20261003-164019]      Wallpaper Service started
Oct 03 16:40:19 baseweed-admin dbus-run-session[1036]:   INFO qml: [20261003-164019]     ImageCache Service started
Oct 03 16:40:19 baseweed-admin dbus-run-session[1036]:   WARN scene: QML Connections at @Services/Theming/AppThemeService.qml[30:3]: Detected function "onDarkModeChanged" in Connections element. This is probably intended to be a signal handler but no signal of the target matches the name.
Oct 03 16:40:19 baseweed-admin dbus-run-session[1036]:   WARN scene: QML Connections at @Services/Theming/AppThemeService.qml[30:3]: Detected function "onMonitorForColorsChanged" in Connections element. This is probably intended to be a signal handler but no signal of the target matches the name.
Oct 03 16:40:19 baseweed-admin dbus-run-session[1036]:   WARN scene: QML Connections at @Services/Theming/AppThemeService.qml[30:3]: Detected function "onGenerationMethodChanged" in Connections element. This is probably intended to be a signal handler but no signal of the target matches the name.
Oct 03 16:40:19 baseweed-admin dbus-run-session[1036]:   INFO qml: [20261003-164019] AppThemeServic Service started
Oct 03 16:40:19 baseweed-admin dbus-run-session[1036]:   WARN scene: QML Connections at @Services/Theming/ColorSchemeService.qml[20:3]: Detected function "onDarkModeChanged" in Connections element. This is probably intended to be a signal handler but no signal of the target matches the name.
Oct 03 16:40:19 baseweed-admin dbus-run-session[1036]:   INFO qml: [20261003-164019]    ColorScheme Service started
Oct 03 16:40:19 baseweed-admin dbus-run-session[1036]:   INFO qml: [20261003-164019] AppPresentatio Service started
Oct 03 16:40:19 baseweed-admin dbus-run-session[1036]:   WARN scene: QML Connections at @Services/Location/DarkModeService.qml[43:3]: Detected function "onSchedulingModeChanged" in Connections element. This is probably intended to be a signal handler but no signal of the target matches the name.
Oct 03 16:40:19 baseweed-admin dbus-run-session[1036]:   WARN scene: QML Connections at @Services/Location/DarkModeService.qml[28:3]: Detected function "onManualSunriseChanged" in Connections element. This is probably intended to be a signal handler but no signal of the target matches the name.
Oct 03 16:40:19 baseweed-admin dbus-run-session[1036]:   WARN scene: QML Connections at @Services/Location/DarkModeService.qml[28:3]: Detected function "onManualSunsetChanged" in Connections element. This is probably intended to be a signal handler but no signal of the target matches the name.
Oct 03 16:40:19 baseweed-admin dbus-run-session[1036]:   INFO qml: [20261003-164019] DarkModeServic Service started
Oct 03 16:40:19 baseweed-admin dbus-run-session[1036]:   WARN scene: @Services/Location/DarkModeService.qml[29:5]: Unable to assign QJSValue to QObject*
Oct 03 16:40:19 baseweed-admin dbus-run-session[1036]:   WARN scene: @Services/Location/DarkModeService.qml[44:5]: Unable to assign QJSValue to QObject*
Oct 03 16:40:19 baseweed-admin dbus-run-session[1036]:   WARN scene: @Services/Theming/ColorSchemeService.qml[21:5]: Unable to assign QJSValue to QObject*
Oct 03 16:40:19 baseweed-admin dbus-run-session[1036]:   WARN scene: @Services/Theming/AppThemeService.qml[31:5]: Unable to assign QJSValue to QObject*
Oct 03 16:40:19 baseweed-admin dbus-run-session[1036]:   WARN scene: @Modules/Dock/Dock.qml[46:9]: Unable to assign QJSValue to QObject*
Oct 03 16:40:19 baseweed-admin dbus-run-session[1036]:   WARN scene: @Modules/Dock/Dock.qml[46:9]: Unable to assign QJSValue to QObject*
Oct 03 16:40:19 baseweed-admin dbus-run-session[1036]:   WARN scene: @Modules/Dock/Dock.qml[46:9]: Unable to assign QJSValue to QObject*
Oct 03 16:40:19 baseweed-admin dbus-run-session[1036]:   WARN scene: @Modules/Background/Background.qml[81:9]: Unable to assign QJSValue to QObject*
Oct 03 16:40:19 baseweed-admin dbus-run-session[1036]:   WARN scene: @Modules/Background/Background.qml[81:9]: Unable to assign QJSValue to QObject*
Oct 03 16:40:19 baseweed-admin dbus-run-session[1036]:   WARN scene: @Modules/Background/Background.qml[81:9]: Unable to assign QJSValue to QObject*
Oct 03 16:40:19 baseweed-admin dbus-run-session[1036]:   WARN scene: @Services/UI/WallpaperService.qml[62:5]: Unable to assign QJSValue to QObject*
Oct 03 16:40:19 baseweed-admin dbus-run-session[1036]:   WARN scene: @Modules/Panels/SessionMenu/SessionMenu.qml[152:5]: Unable to assign QJSValue to QObject*
Oct 03 16:40:19 baseweed-admin dbus-run-session[1036]:   WARN scene: @Modules/Panels/Dock/StaticDockPanel.qml[351:5]: Unable to assign QJSValue to QObject*
Oct 03 16:40:19 baseweed-admin dbus-run-session[1036]:   WARN scene: @Modules/Panels/SessionMenu/SessionMenu.qml[152:5]: Unable to assign QJSValue to QObject*
Oct 03 16:40:19 baseweed-admin dbus-run-session[1036]:   WARN scene: @Modules/Panels/Dock/StaticDockPanel.qml[351:5]: Unable to assign QJSValue to QObject*
Oct 03 16:40:19 baseweed-admin dbus-run-session[1036]:   WARN scene: @Services/System/SystemStatService.qml[321:5]: Unable to assign QJSValue to QObject*
Oct 03 16:40:19 baseweed-admin dbus-run-session[1036]:   WARN scene: @Modules/Panels/SessionMenu/SessionMenu.qml[152:5]: Unable to assign QJSValue to QObject*
Oct 03 16:40:19 baseweed-admin dbus-run-session[1036]:   WARN scene: @Services/Networking/NetworkService.qml[74:5]: Unable to assign QJSValue to QObject*
Oct 03 16:40:19 baseweed-admin dbus-run-session[1036]:   WARN scene: @Modules/Panels/Dock/StaticDockPanel.qml[351:5]: Unable to assign QJSValue to QObject*
Oct 03 16:40:19 baseweed-admin dbus-run-session[1036]:   WARN scene: @Services/UI/BarService.qml[148:5]: Unable to assign QJSValue to QObject*
Oct 03 16:40:19 baseweed-admin dbus-run-session[1036]:   WARN scene: @Services/Hardware/BrightnessService.qml[67:5]: Unable to assign QJSValue to QObject*
Oct 03 16:40:19 baseweed-admin dbus-run-session[1036]:   INFO qml: [20261003-164019]      Wallpaper Starting scan for Virtual-1 in /home/admin/Pictures/Wallpapers recursive: false
Oct 03 16:40:19 baseweed-admin dbus-run-session[1036]:   INFO qml: [20261003-164019]      Wallpaper Starting scan for pipewire-0 in /home/admin/Pictures/Wallpapers recursive: false
Oct 03 16:40:19 baseweed-admin dbus-run-session[1036]:   INFO qml: [20261003-164019]      Wallpaper Starting scan for pipewire-1 in /home/admin/Pictures/Wallpapers recursive: false
Oct 03 16:40:19 baseweed-admin dbus-run-session[1036]:   INFO qml: [20261003-164019]       Location Service started
Oct 03 16:40:19 baseweed-admin dbus-run-session[1036]:   WARN scene: QML Connections at @Services/Location/NightLightService.qml[96:3]: Detected function "onEnabledChanged" in Connections element. This is probably intended to be a signal handler but no signal of the target matches the name.
Oct 03 16:40:19 baseweed-admin dbus-run-session[1036]:   WARN scene: QML Connections at @Services/Location/NightLightService.qml[96:3]: Detected function "onForcedChanged" in Connections element. This is probably intended to be a signal handler but no signal of the target matches the name.
Oct 03 16:40:19 baseweed-admin dbus-run-session[1036]:   WARN scene: QML Connections at @Services/Location/NightLightService.qml[96:3]: Detected function "onNightTempChanged" in Connections element. This is probably intended to be a signal handler but no signal of the target matches the name.
Oct 03 16:40:19 baseweed-admin dbus-run-session[1036]:   WARN scene: QML Connections at @Services/Location/NightLightService.qml[96:3]: Detected function "onDayTempChanged" in Connections element. This is probably intended to be a signal handler but no signal of the target matches the name.
Oct 03 16:40:19 baseweed-admin dbus-run-session[1036]:   WARN scene: QML Connections at @Services/Control/HooksService.qml[16:3]: Detected function "onDarkModeChanged" in Connections element. This is probably intended to be a signal handler but no signal of the target matches the name.
Oct 03 16:40:19 baseweed-admin dbus-run-session[1036]:   INFO qml: [20261003-164019]   HooksService Service started
Oct 03 16:40:19 baseweed-admin dbus-run-session[1036]:   WARN quickshell.dbus.objectmanager: Failed to create DBusObjectManagerInterface for "org.bluez" "/" : QDBusError("org.freedesktop.DBus.Error.ServiceUnknown", "The name is not activatable")
Oct 03 16:40:19 baseweed-admin dbus-run-session[1036]:   INFO qml: [20261003-164019]      Bluetooth Service started
Oct 03 16:40:19 baseweed-admin dbus-run-session[1036]:   INFO qml: [20261003-164019]  IdleInhibitor Service started
Oct 03 16:40:19 baseweed-admin dbus-run-session[1036]:   INFO qml: [20261003-164019] CapabilityServ qdwin live-apply capabilities: pointer=false xkb=false wm=false output=false workspace=false idleDpms=false keybind=false
Oct 03 16:40:19 baseweed-admin dbus-run-session[1036]:   INFO qml: [20261003-164019]   PowerService Service started
Oct 03 16:40:19 baseweed-admin dbus-run-session[1036]:   INFO qml: [20261003-164019] AccessibilityS Service started
Oct 03 16:40:19 baseweed-admin dbus-run-session[1036]:   INFO qml: [20261003-164019]  KeyboardInput Service started
Oct 03 16:40:19 baseweed-admin dbus-run-session[1036]:   INFO qml: [20261003-164019] PointerInputSe Service started (qdwin live-apply: persist-only until shell binds >= v28)
Oct 03 16:40:19 baseweed-admin dbus-run-session[1036]:   INFO qml: [20261003-164019] WindowManagerS Service started (qdwin v25 live-apply: false, shortcuts: false)
Oct 03 16:40:19 baseweed-admin dbus-run-session[1036]:   INFO qml: [20261003-164019] SessionService started; saved=0 canApplyPlacement=false
Oct 03 16:40:19 baseweed-admin dbus-run-session[1036]:   INFO qml: [20261003-164019]    HostService Service started
Oct 03 16:40:19 baseweed-admin dbus-run-session[1036]:   INFO qml: [20261003-164019] CustomButtonIP Service started
Oct 03 16:40:19 baseweed-admin dbus-run-session[1036]:   INFO qml: [20261003-164019]     IPCService Service started
Oct 03 16:40:19 baseweed-admin dbus-run-session[1036]:   INFO qml: [20261003-164019]        PodApps service started
Oct 03 16:40:19 baseweed-admin dbus-run-session[1036]:   INFO qml: [20261003-164019]         VMApps service started
Oct 03 16:40:19 baseweed-admin dbus-run-session[1036]:   INFO qml: [20261003-164019]      Tier3Apps service started
Oct 03 16:40:19 baseweed-admin dbus-run-session[1036]:   INFO qml: [20261003-164019]     Tier3sApps service started
Oct 03 16:40:19 baseweed-admin dbus-run-session[1036]:   INFO qml: [20261003-164019]      Tier4Apps service started
Oct 03 16:40:19 baseweed-admin dbus-run-session[1036]:   INFO qml: [20261003-164019] RemoteMachineW service started
Oct 03 16:40:19 baseweed-admin dbus-run-session[1036]:   INFO qml: [20261003-164019]  Tier3FocusIPC service started
Oct 03 16:40:19 baseweed-admin dbus-run-session[1036]:   WARN quickshell.dbus: Could not launch service org.freedesktop.UPower.PowerProfiles: QDBusError(org.freedesktop.DBus.Error.ServiceUnknown, The name is not activatable)
Oct 03 16:40:19 baseweed-admin dbus-run-session[1036]:   WARN quickshell.service.powerprofiles: Could not start PowerProfilesDaemon. The PowerProfiles service will not work.
Oct 03 16:40:19 baseweed-admin dbus-run-session[1036]:   INFO qml: [20261003-164019]          Qdwin qdwin_shell_v1 bound v34
Oct 03 16:40:19 baseweed-admin dbus-run-session[1036]:   INFO qml: [20261003-164019]  ClipboardGate wired to qdwin_shell_v1; broker default=deny
Oct 03 16:40:19 baseweed-admin dbus-run-session[1036]:   INFO qml: [20261003-164019] WindowManagerS applied WM policy focus=click placement=smart snap=true/16
Oct 03 16:40:19 baseweed-admin dbus-run-session[1036]:   INFO qml: [20261003-164019] CapabilityServ wmPolicy -> true
Oct 03 16:40:20 baseweed-admin dbus-run-session[1036]:   INFO qml: [20261003-164020] WindowManagerS registered WM shortcuts (5 active)
Oct 03 16:40:20 baseweed-admin dbus-run-session[1036]:   INFO qml: [20261003-164020] CapabilityServ keybindRegistration -> true
Oct 03 16:40:20 baseweed-admin dbus-run-session[1036]:   INFO qml: [20261003-164020] PointerInputSe applied pointer config accelSpeed=0 profile=0 natural=0 tap=1 scroll=1
Oct 03 16:40:20 baseweed-admin dbus-run-session[1036]:   INFO qml: [20261003-164020] CapabilityServ pointerConfig -> true
Oct 03 16:40:20 baseweed-admin dbus-run-session[1036]:   INFO qml: [20261003-164020]  KeyboardInput applied qdwin key-repeat rate=25 delay=500
Oct 03 16:40:20 baseweed-admin dbus-run-session[1036]:   INFO qml: [20261003-164020] CapabilityServ xkbRepeat -> true
Oct 03 16:40:20 baseweed-admin dbus-run-session[1036]:   INFO qml: [20261003-164020]   PowerService idle policy armed: inactivity=0ms (nothing), displayOff=0ms, presentation=false
Oct 03 16:40:20 baseweed-admin dbus-run-session[1036]:   INFO qml: [20261003-164020] CapabilityServ idleDpms -> true
Oct 03 16:40:20 baseweed-admin dbus-run-session[1036]:   INFO qml: [20261003-164020] CapabilityServ outputManagement -> true
Oct 03 16:40:20 baseweed-admin dbus-run-session[1036]:   WARN qml: [20261003-164020]       Location Weather is still fetching
Oct 03 16:40:20 baseweed-admin dbus-run-session[1036]:   WARN quickshell.dbus: Could not launch service org.freedesktop.UPower: QDBusError(org.freedesktop.DBus.Error.ServiceUnknown, The name is not activatable)
Oct 03 16:40:20 baseweed-admin dbus-run-session[1036]:   WARN quickshell.service.upower: Could not start UPower. The UPower service will not work.
Oct 03 16:40:20 baseweed-admin dbus-run-session[1036]:   INFO qml: [20261003-164020]    HostService Detected openSUSE Tumbleweed
Oct 03 16:40:20 baseweed-admin dbus-run-session[1036]:   INFO qml: [20261003-164020]    HostService Looking for logo icon: distributor-logo-Tumbleweed
Oct 03 16:40:20 baseweed-admin dbus-run-session[1036]:   INFO qml: [20261003-164020]    HostService resolved hostname baseweed-admin
Oct 03 16:40:20 baseweed-admin dbus-run-session[1036]:   WARN: Process failed to start, likely because the binary could not be found. Command: QList("bluetoothctl", "show")
Oct 03 16:40:20 baseweed-admin dbus-run-session[1036]:   WARN: Process failed to start, likely because the binary could not be found. Command: QList("udisksctl", "monitor")
Oct 03 16:40:20 baseweed-admin dbus-run-session[1036]:  ERROR qml: [20261003-164020]       Location Geocoding error: 0
Oct 03 16:40:20 baseweed-admin dbus-run-session[1036]:   WARN scene: QML Connections at qs:/usr/share/quickshell/qdshell/Modules/Bar/Widgets/Taskbar.qml[981:3]: Detected function "onPinnedAppsChanged" in Connections element. This is probably intended to be a signal handler but no signal of the target matches the name.
Oct 03 16:40:20 baseweed-admin dbus-run-session[1036]:   WARN scene: QML Connections at qs:/usr/share/quickshell/qdshell/Modules/Bar/Widgets/Taskbar.qml[981:3]: Detected function "onPinnedAppsChanged" in Connections element. This is probably intended to be a signal handler but no signal of the target matches the name.
Oct 03 16:40:20 baseweed-admin dbus-run-session[1036]:   WARN scene: QML Connections at qs:/usr/share/quickshell/qdshell/Modules/Bar/Widgets/Taskbar.qml[981:3]: Detected function "onPinnedAppsChanged" in Connections element. This is probably intended to be a signal handler but no signal of the target matches the name.
Oct 03 16:40:20 baseweed-admin dbus-run-session[1036]:   WARN: Could not load icon "user-desktop?fallback=application-x-executable" at size QSize(2, 2) from request
Oct 03 16:40:20 baseweed-admin dbus-run-session[1036]:   WARN: Could not load icon "user-desktop?fallback=application-x-executable" at size QSize(19, 19) from request
Oct 03 16:40:20 baseweed-admin dbus-run-session[1036]:   WARN: Could not load icon "user-desktop?fallback=application-x-executable" at size QSize(2, 2) from request
Oct 03 16:40:20 baseweed-admin dbus-run-session[1036]:   WARN: Could not load icon "user-desktop?fallback=application-x-executable" at size QSize(2, 2) from request
Oct 03 16:40:20 baseweed-admin dbus-run-session[1036]:   WARN scene: qs:/usr/share/quickshell/qdshell/Modules/Bar/Widgets/Taskbar.qml[982:5]: Unable to assign QJSValue to QObject*
Oct 03 16:40:20 baseweed-admin dbus-run-session[1036]:   WARN scene: qs:/usr/share/quickshell/qdshell/Modules/Bar/Widgets/Taskbar.qml[982:5]: Unable to assign QJSValue to QObject*
Oct 03 16:40:20 baseweed-admin dbus-run-session[1036]:   WARN scene: qs:/usr/share/quickshell/qdshell/Modules/Bar/Widgets/Taskbar.qml[982:5]: Unable to assign QJSValue to QObject*
Oct 03 16:40:20 baseweed-admin dbus-run-session[1036]:   WARN scene: @Services/Control/HooksService.qml[17:5]: Unable to assign QJSValue to QObject*
Oct 03 16:40:20 baseweed-admin dbus-run-session[1036]:   WARN scene: @Services/Location/NightLightService.qml[97:5]: Unable to assign QJSValue to QObject*
Oct 03 16:40:20 baseweed-admin dbus-run-session[1036]:   INFO qml: [20261003-164020] PluginRegistry All plugin manifests loaded. Total plugins: 0
Oct 03 16:40:20 baseweed-admin dbus-run-session[1036]:   INFO qml: [20261003-164020]  PluginService Initializing plugin system
Oct 03 16:40:20 baseweed-admin dbus-run-session[1036]:   INFO qml: [20261003-164020]  PluginService Found 0 enabled plugins: []
Oct 03 16:40:20 baseweed-admin dbus-run-session[1036]:   INFO qml: [20261003-164020]  PluginService No plugins to load
Oct 03 16:40:20 baseweed-admin dbus-run-session[1036]:   INFO qml: [20261003-164020]  PluginService Refreshing available plugins
Oct 03 16:40:20 baseweed-admin dbus-run-session[1036]:   WARN qml: [20261003-164020]     ImageCache ImageMagick not found, using Qt fallback
Oct 03 16:40:20 baseweed-admin dbus-run-session[1036]:   WARN qml: [20261003-164020]      Wallpaper Scan failed for Virtual-1 exit code: 1 (directory might not exist)
Oct 03 16:40:20 baseweed-admin dbus-run-session[1036]:   WARN qml: [20261003-164020]      Wallpaper Scan failed for pipewire-0 exit code: 1 (directory might not exist)
Oct 03 16:40:20 baseweed-admin dbus-run-session[1036]:   WARN qml: [20261003-164020]      Wallpaper Scan failed for pipewire-1 exit code: 1 (directory might not exist)
Oct 03 16:40:20 baseweed-admin dbus-run-session[1036]:   WARN qml: [20261003-164020]   PowerService Button monitor unavailable (exit 1); releasing key inhibitors, logind will handle power/sleep keys
Oct 03 16:40:20 baseweed-admin dbus-run-session[1036]:   INFO qml: [20261003-164020]  KeyboardInput applied qdwin key-repeat rate=25 delay=500
Oct 03 16:40:20 baseweed-admin dbus-run-session[1036]:   INFO qml: [20261003-164020] PointerInputSe enumerated 3 pointer device(s) via proc
Oct 03 16:40:20 baseweed-admin dbus-run-session[1036]:   INFO qml: [20261003-164020]        PodApps cache refresh loaded 0 apps
Oct 03 16:40:26 baseweed-admin dbus-run-session[1036]:   INFO qml: [20261003-164026]    ColorScheme Applying color scheme: Qdshell (default)
Oct 03 16:40:26 baseweed-admin dbus-run-session[1036]:   INFO qml: [20261003-164026]           Time Time jump detected (24s) - likely system resume
Oct 03 16:40:26 baseweed-admin dbus-run-session[1036]:   INFO qml: [20261003-164026]        Network System resumed - forcing state poll
Oct 03 16:40:26 baseweed-admin dbus-run-session[1036]:   INFO qml: [20261003-164026]     SystemStat System resumed - resetting differential state
Oct 03 16:40:26 baseweed-admin dbus-run-session[1036]:   INFO qml: [20261003-164026] DarkModeServic System resumed - re-evaluating dark mode
Oct 03 16:40:26 baseweed-admin dbus-run-session[1036]:   INFO qml: [20261003-164026]     NightLight System resumed - re-applying night light
Oct 03 16:40:26 baseweed-admin dbus-run-session[1036]:   INFO qml: [20261003-164026]      Bluetooth System resumed - forcing state poll
Oct 03 16:40:26 baseweed-admin dbus-run-session[1036]:   INFO qml: [20261003-164026]           Font Service started
Oct 03 16:40:26 baseweed-admin dbus-run-session[1036]:  ERROR qml: [20261003-164026]  PluginService Empty response from Qdshell Plugins
Oct 03 16:40:26 baseweed-admin dbus-run-session[1036]:  ERROR qml: [20261003-164026]  PluginService Failed to fetch registry from Qdshell Plugins - exit code: 1
Oct 03 16:40:27 baseweed-admin dbus-run-session[1036]:   INFO qml: [20261003-164027]        PodApps cache refresh loaded 0 apps
Oct 03 16:40:29 baseweed-admin dbus-run-session[1036]:   WARN qml: [20261003-164029]        Network Connectivity check error: Error: Not authorized to recheck connectivity.
Oct 03 16:40:29 baseweed-admin dbus-run-session[1036]:   INFO qml: [20261003-164029]           Font Loaded 11 fonts, 3 monospace
Oct 03 16:40:31 baseweed-admin dbus-run-session[1036]:   INFO qml: [20261003-164031] DarkModeServic Resume retry - re-evaluating dark mode again
Oct 03 16:40:31 baseweed-admin dbus-run-session[1036]:   INFO qml: [20261003-164031]     NightLight Resume retry - re-applying night light again
Oct 03 16:40:31 baseweed-admin dbus-run-session[1036]:   WARN: Process failed to start, likely because the binary could not be found. Command: QList("bluetoothctl", "show")
Oct 03 16:40:31 baseweed-admin dbus-run-session[1036]:   WARN qml: [20261003-164031]     SystemStat No supported temperature sensor found
Oct 03 16:40:33 baseweed-admin dbus-run-session[1036]:   WARN: Process failed to start, likely because the binary could not be found. Command: QList("bluetoothctl", "show")
Oct 03 16:40:35 baseweed-admin dbus-run-session[1036]:   WARN: Process failed to start, likely because the binary could not be found. Command: QList("bluetoothctl", "show")
Oct 03 16:40:37 baseweed-admin dbus-run-session[1036]:   WARN: Process failed to start, likely because the binary could not be found. Command: QList("bluetoothctl", "show")
Oct 03 16:40:39 baseweed-admin dbus-run-session[1036]:   WARN: Process failed to start, likely because the binary could not be found. Command: QList("bluetoothctl", "show")
Oct 03 16:40:39 baseweed-admin dbus-run-session[1036]:   WARN qml: [20261003-164039]       Location Weather is still fetching
Oct 03 16:40:40 baseweed-admin dbus-run-session[1036]:  ERROR qml: [20261003-164040]       Location Geocoding error: 0
Oct 03 16:40:45 baseweed-admin dbus-run-session[1036]:   WARN: Process failed to start, likely because the binary could not be found. Command: QList("bluetoothctl", "show")
Oct 03 16:40:45 baseweed-admin dbus-run-session[1036]:   WARN: Process failed to start, likely because the binary could not be found. Command: QList("bluetoothctl", "show")
Oct 03 16:40:45 baseweed-admin dbus-run-session[1036]:   WARN: Process failed to start, likely because the binary could not be found. Command: QList("bluetoothctl", "show")
Oct 03 16:40:45 baseweed-admin dbus-run-session[1036]:   WARN qml: [20261003-164045]        Network Connectivity check error: Error: Not authorized to recheck connectivity.
Oct 03 16:40:47 baseweed-admin dbus-run-session[1036]:   WARN: Process failed to start, likely because the binary could not be found. Command: QList("bluetoothctl", "show")
Oct 03 16:40:49 baseweed-admin dbus-run-session[1036]:   WARN: Process failed to start, likely because the binary could not be found. Command: QList("bluetoothctl", "show")
Oct 03 16:40:50 baseweed-admin dbus-run-session[1036]:   INFO qml: [20261003-164050]        PodApps cache refresh loaded 0 apps
Oct 03 16:40:51 baseweed-admin dbus-run-session[1036]:   WARN: Process failed to start, likely because the binary could not be found. Command: QList("bluetoothctl", "show")
Oct 03 16:40:53 baseweed-admin dbus-run-session[1036]:   WARN: Process failed to start, likely because the binary could not be found. Command: QList("bluetoothctl", "show")
Oct 03 16:40:55 baseweed-admin dbus-run-session[1036]:   WARN: Process failed to start, likely because the binary could not be found. Command: QList("bluetoothctl", "show")
Oct 03 16:40:56 baseweed-admin dbus-run-session[1036]:   WARN qml: [20261003-164056]        Network Connectivity check error: Error: Not authorized to recheck connectivity.
Oct 03 16:40:57 baseweed-admin dbus-run-session[1036]:   WARN: Process failed to start, likely because the binary could not be found. Command: QList("bluetoothctl", "show")
Oct 03 16:40:59 baseweed-admin dbus-run-session[1036]:   WARN: Process failed to start, likely because the binary could not be found. Command: QList("bluetoothctl", "show")
Oct 03 16:40:59 baseweed-admin dbus-run-session[1036]:   WARN qml: [20261003-164059]       Location Weather is still fetching
Oct 03 16:40:59 baseweed-admin dbus-run-session[1036]:  ERROR qml: [20261003-164059]       Location Geocoding error: 0
Oct 03 16:41:01 baseweed-admin dbus-run-session[1036]:   WARN: Process failed to start, likely because the binary could not be found. Command: QList("bluetoothctl", "show")
Oct 03 16:41:03 baseweed-admin dbus-run-session[1036]:   WARN: Process failed to start, likely because the binary could not be found. Command: QList("bluetoothctl", "show")
Oct 03 16:41:05 baseweed-admin dbus-run-session[1036]:   WARN: Process failed to start, likely because the binary could not be found. Command: QList("bluetoothctl", "show")
Oct 03 16:41:07 baseweed-admin dbus-run-session[1036]:   WARN: Process failed to start, likely because the binary could not be found. Command: QList("bluetoothctl", "show")
Oct 03 16:41:09 baseweed-admin dbus-run-session[1036]:   WARN: Process failed to start, likely because the binary could not be found. Command: QList("bluetoothctl", "show")
Oct 03 16:41:11 baseweed-admin dbus-run-session[1036]:   WARN: Process failed to start, likely because the binary could not be found. Command: QList("bluetoothctl", "show")
Oct 03 16:41:11 baseweed-admin dbus-run-session[1036]:   WARN qml: [20261003-164111]        Network Connectivity check error: Error: Not authorized to recheck connectivity.
Oct 03 16:41:13 baseweed-admin dbus-run-session[1036]:   WARN: Process failed to start, likely because the binary could not be found. Command: QList("bluetoothctl", "show")
Oct 03 16:41:15 baseweed-admin dbus-run-session[1036]:   WARN: Process failed to start, likely because the binary could not be found. Command: QList("bluetoothctl", "show")
Oct 03 16:41:17 baseweed-admin dbus-run-session[1036]:   WARN: Process failed to start, likely because the binary could not be found. Command: QList("bluetoothctl", "show")
Oct 03 16:41:19 baseweed-admin dbus-run-session[1036]:   WARN: Process failed to start, likely because the binary could not be found. Command: QList("bluetoothctl", "show")
Oct 03 16:41:19 baseweed-admin dbus-run-session[1036]:   WARN qml: [20261003-164119]       Location Weather is still fetching
Oct 03 16:41:20 baseweed-admin dbus-run-session[1036]:  ERROR qml: [20261003-164120]       Location Geocoding error: 0
Oct 03 16:41:20 baseweed-admin dbus-run-session[1036]:   INFO qml: [20261003-164120]        PodApps cache refresh loaded 0 apps
Oct 03 16:41:21 baseweed-admin dbus-run-session[1036]:   WARN: Process failed to start, likely because the binary could not be found. Command: QList("bluetoothctl", "show")
Oct 03 16:41:23 baseweed-admin dbus-run-session[1036]:   WARN: Process failed to start, likely because the binary could not be found. Command: QList("bluetoothctl", "show")
Oct 03 16:41:25 baseweed-admin dbus-run-session[1036]:   WARN: Process failed to start, likely because the binary could not be found. Command: QList("bluetoothctl", "show")
Oct 03 16:41:26 baseweed-admin dbus-run-session[1036]:   WARN qml: [20261003-164126]        Network Connectivity check error: Error: Not authorized to recheck connectivity.
Oct 03 16:41:27 baseweed-admin dbus-run-session[1036]:   WARN: Process failed to start, likely because the binary could not be found. Command: QList("bluetoothctl", "show")
Oct 03 16:41:29 baseweed-admin dbus-run-session[1036]:   WARN: Process failed to start, likely because the binary could not be found. Command: QList("bluetoothctl", "show")
Oct 03 16:41:31 baseweed-admin dbus-run-session[1036]:   WARN: Process failed to start, likely because the binary could not be found. Command: QList("bluetoothctl", "show")
Oct 03 16:41:33 baseweed-admin dbus-run-session[1036]:   WARN: Process failed to start, likely because the binary could not be found. Command: QList("bluetoothctl", "show")
Oct 03 16:41:35 baseweed-admin dbus-run-session[1036]:   WARN: Process failed to start, likely because the binary could not be found. Command: QList("bluetoothctl", "show")
Oct 03 16:41:37 baseweed-admin dbus-run-session[1036]:   WARN: Process failed to start, likely because the binary could not be found. Command: QList("bluetoothctl", "show")
Oct 03 16:41:39 baseweed-admin dbus-run-session[1036]:   WARN: Process failed to start, likely because the binary could not be found. Command: QList("bluetoothctl", "show")
Oct 03 16:41:39 baseweed-admin dbus-run-session[1036]:   WARN qml: [20261003-164139]       Location Weather is still fetching
Oct 03 16:41:40 baseweed-admin dbus-run-session[1036]:  ERROR qml: [20261003-164140]       Location Geocoding error: 0
Oct 03 16:41:41 baseweed-admin dbus-run-session[1036]:   WARN: Process failed to start, likely because the binary could not be found. Command: QList("bluetoothctl", "show")
Oct 03 16:41:41 baseweed-admin dbus-run-session[1036]:   WARN qml: [20261003-164141]        Network Connectivity check error: Error: Not authorized to recheck connectivity.
Oct 03 16:41:43 baseweed-admin dbus-run-session[1036]:   WARN: Process failed to start, likely because the binary could not be found. Command: QList("bluetoothctl", "show")
Oct 03 16:41:45 baseweed-admin dbus-run-session[1036]:   WARN: Process failed to start, likely because the binary could not be found. Command: QList("bluetoothctl", "show")
Oct 03 16:41:47 baseweed-admin dbus-run-session[1036]:   WARN: Process failed to start, likely because the binary could not be found. Command: QList("bluetoothctl", "show")
Oct 03 16:41:49 baseweed-admin dbus-run-session[1036]:   WARN: Process failed to start, likely because the binary could not be found. Command: QList("bluetoothctl", "show")
Oct 03 16:41:50 baseweed-admin dbus-run-session[1036]:   INFO qml: [20261003-164150]        PodApps cache refresh loaded 0 apps
Oct 03 16:41:51 baseweed-admin dbus-run-session[1036]:   WARN: Process failed to start, likely because the binary could not be found. Command: QList("bluetoothctl", "show")
Oct 03 16:41:53 baseweed-admin dbus-run-session[1036]:   WARN: Process failed to start, likely because the binary could not be found. Command: QList("bluetoothctl", "show")
Oct 03 16:41:55 baseweed-admin dbus-run-session[1036]:   WARN: Process failed to start, likely because the binary could not be found. Command: QList("bluetoothctl", "show")
Oct 03 16:41:56 baseweed-admin dbus-run-session[1036]:   WARN qml: [20261003-164156]        Network Connectivity check error: Error: Not authorized to recheck connectivity.
Oct 03 16:41:57 baseweed-admin dbus-run-session[1036]:   WARN: Process failed to start, likely because the binary could not be found. Command: QList("bluetoothctl", "show")
Oct 03 16:41:59 baseweed-admin dbus-run-session[1036]:   WARN: Process failed to start, likely because the binary could not be found. Command: QList("bluetoothctl", "show")
Oct 03 16:41:59 baseweed-admin dbus-run-session[1036]:   WARN qml: [20261003-164159]       Location Weather is still fetching
Oct 03 16:41:59 baseweed-admin dbus-run-session[1036]:  ERROR qml: [20261003-164200]       Location Geocoding error: 0
Oct 03 16:42:01 baseweed-admin dbus-run-session[1036]:   WARN: Process failed to start, likely because the binary could not be found. Command: QList("bluetoothctl", "show")
Oct 03 16:42:03 baseweed-admin dbus-run-session[1036]:   WARN: Process failed to start, likely because the binary could not be found. Command: QList("bluetoothctl", "show")
Oct 03 16:42:05 baseweed-admin dbus-run-session[1036]:   WARN: Process failed to start, likely because the binary could not be found. Command: QList("bluetoothctl", "show")
Oct 03 16:42:07 baseweed-admin dbus-run-session[1036]:   WARN: Process failed to start, likely because the binary could not be found. Command: QList("bluetoothctl", "show")
Oct 03 16:42:09 baseweed-admin dbus-run-session[1036]:   WARN: Process failed to start, likely because the binary could not be found. Command: QList("bluetoothctl", "show")
Oct 03 16:42:11 baseweed-admin dbus-run-session[1036]:   WARN: Process failed to start, likely because the binary could not be found. Command: QList("bluetoothctl", "show")
Oct 03 16:42:11 baseweed-admin dbus-run-session[1036]:   WARN qml: [20261003-164211]        Network Connectivity check error: Error: Not authorized to recheck connectivity.
Oct 03 16:42:13 baseweed-admin dbus-run-session[1036]:   WARN: Process failed to start, likely because the binary could not be found. Command: QList("bluetoothctl", "show")
Oct 03 16:42:14 baseweed-admin dbus-run-session[1036]:   INFO qml: [20261003-164214]          Qdwin toplevel_security_context handle=1 engine=qdistro.tier3s app_id=qdistro.tier3s.s124w instance=e0d4ebbe86042cb2945ad37ffd405f08
Oct 03 16:42:14 baseweed-admin dbus-run-session[1036]:   INFO qml: [20261003-164214]     Tier3sApps [tier3s] toplevel observed silo=s124w secctx=qdistro.tier3s.s124w color=#8bc34a handle=1
Oct 03 16:42:14 baseweed-admin dbus-run-session[1036]:   INFO qml: [20261003-164214]     Tier3sApps [tier3s] silo=s124w color=#8bc34a
Oct 03 16:42:14 baseweed-admin dbus-run-session[1036]:   WARN: Could not load icon "org.freedesktop.weston.wayland-terminal?fallback=application-x-executable" at size QSize(19, 19) from request
Oct 03 16:42:15 baseweed-admin dbus-run-session[1036]:   WARN: Process failed to start, likely because the binary could not be found. Command: QList("bluetoothctl", "show")
Oct 03 16:42:15 baseweed-admin dbus-run-session[1036]:   INFO qml: [20261003-164215]  Tier3FocusIPC findSiloHandle silo=s124w → HANDLE=1
Oct 03 16:42:15 baseweed-admin dbus-run-session[1036]:   INFO qml: [20261003-164215]  Tier3FocusIPC injectFocus handle=1 seat=default
Oct 03 16:42:15 baseweed-admin dbus-run-session[1036]:   INFO qml: [20261003-164215]          Qdwin ipc injectFocus handle=1 seat=default
Oct 03 16:42:17 baseweed-admin dbus-run-session[1036]:   WARN: Process failed to start, likely because the binary could not be found. Command: QList("bluetoothctl", "show")
Oct 03 16:42:17 baseweed-admin dbus-run-session[1036]:   INFO qml: [20261003-164217]        PodApps auto-scan: qdistro-tier3s-s124w transitioned to running
Oct 03 16:42:19 baseweed-admin dbus-run-session[1036]:   WARN: Process failed to start, likely because the binary could not be found. Command: QList("bluetoothctl", "show")
Oct 03 16:42:19 baseweed-admin dbus-run-session[1036]:   WARN qml: [20261003-164219]       Location Weather is still fetching
Oct 03 16:42:20 baseweed-admin dbus-run-session[1036]:  ERROR qml: [20261003-164220]       Location Geocoding error: 0
Oct 03 16:42:20 baseweed-admin dbus-run-session[1036]:   INFO qml: [20261003-164220]        PodApps cache refresh loaded 0 apps
Oct 03 16:42:21 baseweed-admin dbus-run-session[1036]:   INFO qml: [20261003-164221]        PodApps auto-scan: qdistro-tier3s-s124f transitioned to running
Oct 03 16:42:21 baseweed-admin dbus-run-session[1036]:   WARN: Process failed to start, likely because the binary could not be found. Command: QList("bluetoothctl", "show")
Oct 03 16:42:21 baseweed-admin podman[6679]: 2026-10-03 16:42:21.161497201 +0000 UTC m=+0.175978611 container exec 2fc5beccaeb318daf1f70a6e84ad6fa70fa082884bf748ee37436fc5b89ddd10 (image=localhost/qdistro/tier3s-weston-terminal:latest, name=qdistro-tier3s-s124w, qdistro_tier3s_unit=qdistro-tier3s-silo@s124w.service, org.opencontainers.image.created=2026-09-30T20:05:54.126624488Z, org.opencontainers.image.title=openSUSE Tumbleweed Base Container, org.opensuse.base.created=2026-09-30T20:05:54.126624488Z, org.opensuse.base.lifecycle-url=https://en.opensuse.org/Lifetime, org.opencontainers.image.version=20260930.37.208, qdistro_tier3s_token=e0d4ebbe86042cb2945ad37ffd405f08, org.openbuildservice.disturl=obs://build.opensuse.org/openSUSE:Factory/images/561f9d4c8e4e1a441f95ad4ec6b5a914-opensuse-tumbleweed-image:docker, org.opencontainers.image.vendor=openSUSE Project, org.opensuse.base.reference=registry.opensuse.org/opensuse/tumbleweed:20260930.37.208, io.buildah.version=1.44.1, org.opensuse.base.disturl=obs://build.opensuse.org/openSUSE:Factory/images/561f9d4c8e4e1a441f95ad4ec6b5a914-opensuse-tumbleweed-image:docker, org.opencontainers.image.source=https://build.opensuse.org/package/show/openSUSE:Factory/opensuse-tumbleweed-image?rev=561f9d4c8e4e1a441f95ad4ec6b5a914, org.opencontainers.image.url=https://www.opensuse.org, org.opencontainers.image.description=Image containing a minimal environment for containers based on openSUSE Tumbleweed., org.opensuse.base.vendor=openSUSE Project, org.opensuse.lifecycle-url=https://en.opensuse.org/Lifetime, org.opensuse.base.description=Image containing a minimal environment for containers based on openSUSE Tumbleweed., org.opensuse.base.version=20260930.37.208, org.qdistro.tier3s.workload=weston-terminal, org.opensuse.base.url=https://www.opensuse.org, org.qdistro.snapshot=20260930, org.opensuse.base.source=https://build.opensuse.org/package/show/openSUSE:Factory/opensuse-tumbleweed-image?rev=561f9d4c8e4e1a441f95ad4ec6b5a914, org.opensuse.reference=registry.opensuse.org/opensuse/tumbleweed:20260930.37.208, org.opensuse.base.title=openSUSE Tumbleweed Base Container)
Oct 03 16:42:21 baseweed-admin conmon[6757]: conmon 2fc5beccaeb318daf1f7 <nwarn>: Failed to open cgroups file: /sys/fs/cgroup/user.slice/user-1000.slice/user@1000.service/app.slice/qdshell.service/memory.events
Oct 03 16:42:21 baseweed-admin podman[6679]: 2026-10-03 16:42:21.228823191 +0000 UTC m=+0.243304591 container exec_died 2fc5beccaeb318daf1f70a6e84ad6fa70fa082884bf748ee37436fc5b89ddd10 (image=localhost/qdistro/tier3s-weston-terminal:latest, name=qdistro-tier3s-s124w, org.opensuse.base.lifecycle-url=https://en.opensuse.org/Lifetime, org.opensuse.base.reference=registry.opensuse.org/opensuse/tumbleweed:20260930.37.208, org.opensuse.base.disturl=obs://build.opensuse.org/openSUSE:Factory/images/561f9d4c8e4e1a441f95ad4ec6b5a914-opensuse-tumbleweed-image:docker, org.opensuse.base.source=https://build.opensuse.org/package/show/openSUSE:Factory/opensuse-tumbleweed-image?rev=561f9d4c8e4e1a441f95ad4ec6b5a914, org.opensuse.base.vendor=openSUSE Project, execID=3a24032f15715a70e4d3ec4e832700754e7af4e81f8c9cc0d1bc6d456cee49b4, org.opencontainers.image.created=2026-09-30T20:05:54.126624488Z, org.opencontainers.image.source=https://build.opensuse.org/package/show/openSUSE:Factory/opensuse-tumbleweed-image?rev=561f9d4c8e4e1a441f95ad4ec6b5a914, qdistro_tier3s_unit=qdistro-tier3s-silo@s124w.service, org.opensuse.base.created=2026-09-30T20:05:54.126624488Z, io.buildah.version=1.44.1, org.opensuse.lifecycle-url=https://en.opensuse.org/Lifetime, org.opensuse.reference=registry.opensuse.org/opensuse/tumbleweed:20260930.37.208, org.opencontainers.image.version=20260930.37.208, org.opensuse.base.description=Image containing a minimal environment for containers based on openSUSE Tumbleweed., org.opensuse.base.title=openSUSE Tumbleweed Base Container, org.qdistro.tier3s.workload=weston-terminal, org.opencontainers.image.url=https://www.opensuse.org, org.opencontainers.image.vendor=openSUSE Project, org.opensuse.base.url=https://www.opensuse.org, org.qdistro.snapshot=20260930, org.opencontainers.image.description=Image containing a minimal environment for containers based on openSUSE Tumbleweed., org.opensuse.base.version=20260930.37.208, qdistro_tier3s_token=e0d4ebbe86042cb2945ad37ffd405f08, org.openbuildservice.disturl=obs://build.opensuse.org/openSUSE:Factory/images/561f9d4c8e4e1a441f95ad4ec6b5a914-opensuse-tumbleweed-image:docker, org.opencontainers.image.title=openSUSE Tumbleweed Base Container)
Oct 03 16:42:21 baseweed-admin dbus-run-session[1036]:   INFO qml: [20261003-164221]          Qdwin toplevel_security_context handle=2 engine=qdistro.tier3s app_id=qdistro.tier3s.s124f instance=a861201af73f03577d57332ce4e3bc2f
Oct 03 16:42:21 baseweed-admin dbus-run-session[1036]:   INFO qml: [20261003-164221]     Tier3sApps [tier3s] toplevel observed silo=s124f secctx=qdistro.tier3s.s124f color=#ce93d8 handle=2
Oct 03 16:42:21 baseweed-admin dbus-run-session[1036]:   INFO qml: [20261003-164221]     Tier3sApps [tier3s] silo=s124f color=#ce93d8
Oct 03 16:42:21 baseweed-admin dbus-run-session[1036]:   INFO qml: [20261003-164221]        PodApps cache refresh loaded 0 apps
Oct 03 16:42:21 baseweed-admin dbus-run-session[1036]:   INFO qml: [20261003-164221]  Tier3FocusIPC findSiloHandle silo=s124f → HANDLE=2
Oct 03 16:42:21 baseweed-admin dbus-run-session[1036]:   INFO qml: [20261003-164221]  Tier3FocusIPC injectFocus handle=2 seat=default
Oct 03 16:42:21 baseweed-admin dbus-run-session[1036]:   INFO qml: [20261003-164221]          Qdwin ipc injectFocus handle=2 seat=default
Oct 03 16:42:23 baseweed-admin dbus-run-session[1036]:   WARN: Process failed to start, likely because the binary could not be found. Command: QList("bluetoothctl", "show")
Oct 03 16:42:23 baseweed-admin podman[6958]: 2026-10-03 16:42:23.609914085 +0000 UTC m=+0.232900032 container exec 91b0fc7693c36e00dd8659c69cdc87079e6a9cbe98e6fa7dfe9a30d82b8c686a (image=localhost/qdistro/tier3s-foot:latest, name=qdistro-tier3s-s124f, qdistro_tier3s_token=a861201af73f03577d57332ce4e3bc2f, org.opensuse.base.vendor=openSUSE Project, org.opencontainers.image.description=Image containing a minimal environment for containers based on openSUSE Tumbleweed., org.opencontainers.image.title=openSUSE Tumbleweed Base Container, org.opensuse.base.reference=registry.opensuse.org/opensuse/tumbleweed:20260930.37.208, org.opencontainers.image.created=2026-09-30T20:05:54.126624488Z, org.opensuse.base.disturl=obs://build.opensuse.org/openSUSE:Factory/images/561f9d4c8e4e1a441f95ad4ec6b5a914-opensuse-tumbleweed-image:docker, org.opencontainers.image.vendor=openSUSE Project, org.opencontainers.image.url=https://www.opensuse.org, org.opensuse.base.version=20260930.37.208, org.opensuse.base.created=2026-09-30T20:05:54.126624488Z, org.opensuse.base.description=Image containing a minimal environment for containers based on openSUSE Tumbleweed., org.opencontainers.image.source=https://build.opensuse.org/package/show/openSUSE:Factory/opensuse-tumbleweed-image?rev=561f9d4c8e4e1a441f95ad4ec6b5a914, org.opensuse.base.title=openSUSE Tumbleweed Base Container, org.opensuse.reference=registry.opensuse.org/opensuse/tumbleweed:20260930.37.208, org.qdistro.snapshot=20260930, org.opensuse.base.url=https://www.opensuse.org, org.opensuse.lifecycle-url=https://en.opensuse.org/Lifetime, org.qdistro.tier3s.workload=foot, qdistro_tier3s_unit=qdistro-tier3s-silo@s124f.service, io.buildah.version=1.44.1, org.opensuse.base.source=https://build.opensuse.org/package/show/openSUSE:Factory/opensuse-tumbleweed-image?rev=561f9d4c8e4e1a441f95ad4ec6b5a914, org.openbuildservice.disturl=obs://build.opensuse.org/openSUSE:Factory/images/561f9d4c8e4e1a441f95ad4ec6b5a914-opensuse-tumbleweed-image:docker, org.opencontainers.image.version=20260930.37.208, org.opensuse.base.lifecycle-url=https://en.opensuse.org/Lifetime)
Oct 03 16:42:23 baseweed-admin conmon[6996]: conmon 91b0fc7693c36e00dd86 <nwarn>: Failed to open cgroups file: /sys/fs/cgroup/user.slice/user-1000.slice/user@1000.service/app.slice/qdshell.service/memory.events
Oct 03 16:42:23 baseweed-admin podman[6958]: 2026-10-03 16:42:23.756453482 +0000 UTC m=+0.379439429 container exec_died 91b0fc7693c36e00dd8659c69cdc87079e6a9cbe98e6fa7dfe9a30d82b8c686a (image=localhost/qdistro/tier3s-foot:latest, name=qdistro-tier3s-s124f, org.opensuse.base.reference=registry.opensuse.org/opensuse/tumbleweed:20260930.37.208, org.opensuse.base.lifecycle-url=https://en.opensuse.org/Lifetime, org.opensuse.base.description=Image containing a minimal environment for containers based on openSUSE Tumbleweed., qdistro_tier3s_unit=qdistro-tier3s-silo@s124f.service, org.opencontainers.image.vendor=openSUSE Project, org.opensuse.base.vendor=openSUSE Project, execID=ae2ca022e35a1f13b352cd73d9bc8632d2a7e8b9b4f1adc2caadbed94c0d7f29, org.opencontainers.image.title=openSUSE Tumbleweed Base Container, org.opencontainers.image.created=2026-09-30T20:05:54.126624488Z, org.opencontainers.image.url=https://www.opensuse.org, org.opensuse.base.disturl=obs://build.opensuse.org/openSUSE:Factory/images/561f9d4c8e4e1a441f95ad4ec6b5a914-opensuse-tumbleweed-image:docker, org.opensuse.reference=registry.opensuse.org/opensuse/tumbleweed:20260930.37.208, io.buildah.version=1.44.1, org.opencontainers.image.description=Image containing a minimal environment for containers based on openSUSE Tumbleweed., org.opensuse.base.source=https://build.opensuse.org/package/show/openSUSE:Factory/opensuse-tumbleweed-image?rev=561f9d4c8e4e1a441f95ad4ec6b5a914, org.opensuse.base.url=https://www.opensuse.org, org.opensuse.base.version=20260930.37.208, org.opensuse.lifecycle-url=https://en.opensuse.org/Lifetime, qdistro_tier3s_token=a861201af73f03577d57332ce4e3bc2f, org.opencontainers.image.source=https://build.opensuse.org/package/show/openSUSE:Factory/opensuse-tumbleweed-image?rev=561f9d4c8e4e1a441f95ad4ec6b5a914, org.openbuildservice.disturl=obs://build.opensuse.org/openSUSE:Factory/images/561f9d4c8e4e1a441f95ad4ec6b5a914-opensuse-tumbleweed-image:docker, org.opencontainers.image.version=20260930.37.208, org.opensuse.base.created=2026-09-30T20:05:54.126624488Z, org.qdistro.tier3s.workload=foot, org.opensuse.base.title=openSUSE Tumbleweed Base Container, org.qdistro.snapshot=20260930)
Oct 03 16:42:24 baseweed-admin podman[7066]: 2026-10-03 16:42:24.022660958 +0000 UTC m=+0.114866508 container exec 91b0fc7693c36e00dd8659c69cdc87079e6a9cbe98e6fa7dfe9a30d82b8c686a (image=localhost/qdistro/tier3s-foot:latest, name=qdistro-tier3s-s124f, org.opencontainers.image.source=https://build.opensuse.org/package/show/openSUSE:Factory/opensuse-tumbleweed-image?rev=561f9d4c8e4e1a441f95ad4ec6b5a914, org.opensuse.base.disturl=obs://build.opensuse.org/openSUSE:Factory/images/561f9d4c8e4e1a441f95ad4ec6b5a914-opensuse-tumbleweed-image:docker, org.opensuse.base.url=https://www.opensuse.org, org.opensuse.base.created=2026-09-30T20:05:54.126624488Z, io.buildah.version=1.44.1, org.opensuse.base.description=Image containing a minimal environment for containers based on openSUSE Tumbleweed., org.qdistro.tier3s.workload=foot, org.opencontainers.image.description=Image containing a minimal environment for containers based on openSUSE Tumbleweed., org.opensuse.base.lifecycle-url=https://en.opensuse.org/Lifetime, org.opencontainers.image.vendor=openSUSE Project, org.opencontainers.image.version=20260930.37.208, org.opensuse.base.title=openSUSE Tumbleweed Base Container, org.opensuse.base.vendor=openSUSE Project, org.opencontainers.image.title=openSUSE Tumbleweed Base Container, qdistro_tier3s_unit=qdistro-tier3s-silo@s124f.service, org.qdistro.snapshot=20260930, org.opensuse.base.reference=registry.opensuse.org/opensuse/tumbleweed:20260930.37.208, org.opensuse.base.version=20260930.37.208, org.opensuse.reference=registry.opensuse.org/opensuse/tumbleweed:20260930.37.208, org.openbuildservice.disturl=obs://build.opensuse.org/openSUSE:Factory/images/561f9d4c8e4e1a441f95ad4ec6b5a914-opensuse-tumbleweed-image:docker, org.opencontainers.image.created=2026-09-30T20:05:54.126624488Z, org.opencontainers.image.url=https://www.opensuse.org, org.opensuse.lifecycle-url=https://en.opensuse.org/Lifetime, org.opensuse.base.source=https://build.opensuse.org/package/show/openSUSE:Factory/opensuse-tumbleweed-image?rev=561f9d4c8e4e1a441f95ad4ec6b5a914, qdistro_tier3s_token=a861201af73f03577d57332ce4e3bc2f)
Oct 03 16:42:24 baseweed-admin conmon[7210]: conmon 91b0fc7693c36e00dd86 <nwarn>: Failed to open cgroups file: /sys/fs/cgroup/user.slice/user-1000.slice/user@1000.service/app.slice/qdshell.service/memory.events
Oct 03 16:42:24 baseweed-admin podman[7286]: 2026-10-03 16:42:24.090044107 +0000 UTC m=+0.046103576 container exec_died 91b0fc7693c36e00dd8659c69cdc87079e6a9cbe98e6fa7dfe9a30d82b8c686a (image=localhost/qdistro/tier3s-foot:latest, name=qdistro-tier3s-s124f, org.opencontainers.image.vendor=openSUSE Project, org.opensuse.base.title=openSUSE Tumbleweed Base Container, org.qdistro.snapshot=20260930, qdistro_tier3s_unit=qdistro-tier3s-silo@s124f.service, org.opensuse.lifecycle-url=https://en.opensuse.org/Lifetime, org.opensuse.reference=registry.opensuse.org/opensuse/tumbleweed:20260930.37.208, org.opencontainers.image.url=https://www.opensuse.org, org.openbuildservice.disturl=obs://build.opensuse.org/openSUSE:Factory/images/561f9d4c8e4e1a441f95ad4ec6b5a914-opensuse-tumbleweed-image:docker, org.opensuse.base.lifecycle-url=https://en.opensuse.org/Lifetime, org.opencontainers.image.description=Image containing a minimal environment for containers based on openSUSE Tumbleweed., org.opensuse.base.reference=registry.opensuse.org/opensuse/tumbleweed:20260930.37.208, org.opensuse.base.version=20260930.37.208, org.qdistro.tier3s.workload=foot, execID=f73d27429f82a9358bdcbc56696baed37db347a8fa034e54576429d4079bf52f, org.opensuse.base.created=2026-09-30T20:05:54.126624488Z, org.opensuse.base.disturl=obs://build.opensuse.org/openSUSE:Factory/images/561f9d4c8e4e1a441f95ad4ec6b5a914-opensuse-tumbleweed-image:docker, org.opensuse.base.url=https://www.opensuse.org, org.opensuse.base.vendor=openSUSE Project, org.opencontainers.image.created=2026-09-30T20:05:54.126624488Z, org.opencontainers.image.title=openSUSE Tumbleweed Base Container, qdistro_tier3s_token=a861201af73f03577d57332ce4e3bc2f, org.opensuse.base.description=Image containing a minimal environment for containers based on openSUSE Tumbleweed., io.buildah.version=1.44.1, org.opencontainers.image.version=20260930.37.208, org.opensuse.base.source=https://build.opensuse.org/package/show/openSUSE:Factory/opensuse-tumbleweed-image?rev=561f9d4c8e4e1a441f95ad4ec6b5a914, org.opencontainers.image.source=https://build.opensuse.org/package/show/openSUSE:Factory/opensuse-tumbleweed-image?rev=561f9d4c8e4e1a441f95ad4ec6b5a914)
Oct 03 16:42:24 baseweed-admin podman[7066]: 2026-10-03 16:42:24.122388023 +0000 UTC m=+0.214593563 container exec_died 91b0fc7693c36e00dd8659c69cdc87079e6a9cbe98e6fa7dfe9a30d82b8c686a (image=localhost/qdistro/tier3s-foot:latest, name=qdistro-tier3s-s124f, org.opensuse.base.url=https://www.opensuse.org, org.opensuse.lifecycle-url=https://en.opensuse.org/Lifetime, org.opensuse.base.created=2026-09-30T20:05:54.126624488Z, org.opensuse.reference=registry.opensuse.org/opensuse/tumbleweed:20260930.37.208, org.opensuse.base.vendor=openSUSE Project, qdistro_tier3s_token=a861201af73f03577d57332ce4e3bc2f, org.openbuildservice.disturl=obs://build.opensuse.org/openSUSE:Factory/images/561f9d4c8e4e1a441f95ad4ec6b5a914-opensuse-tumbleweed-image:docker, org.opencontainers.image.created=2026-09-30T20:05:54.126624488Z, qdistro_tier3s_unit=qdistro-tier3s-silo@s124f.service, org.qdistro.snapshot=20260930, org.opencontainers.image.version=20260930.37.208, org.opensuse.base.description=Image containing a minimal environment for containers based on openSUSE Tumbleweed., org.opencontainers.image.source=https://build.opensuse.org/package/show/openSUSE:Factory/opensuse-tumbleweed-image?rev=561f9d4c8e4e1a441f95ad4ec6b5a914, org.opensuse.base.lifecycle-url=https://en.opensuse.org/Lifetime, execID=f73d27429f82a9358bdcbc56696baed37db347a8fa034e54576429d4079bf52f, org.opencontainers.image.url=https://www.opensuse.org, org.opensuse.base.disturl=obs://build.opensuse.org/openSUSE:Factory/images/561f9d4c8e4e1a441f95ad4ec6b5a914-opensuse-tumbleweed-image:docker, org.opensuse.base.reference=registry.opensuse.org/opensuse/tumbleweed:20260930.37.208, org.opensuse.base.version=20260930.37.208, org.opensuse.base.title=openSUSE Tumbleweed Base Container, org.opencontainers.image.vendor=openSUSE Project, io.buildah.version=1.44.1, org.opensuse.base.source=https://build.opensuse.org/package/show/openSUSE:Factory/opensuse-tumbleweed-image?rev=561f9d4c8e4e1a441f95ad4ec6b5a914, org.qdistro.tier3s.workload=foot, org.opencontainers.image.description=Image containing a minimal environment for containers based on openSUSE Tumbleweed., org.opencontainers.image.title=openSUSE Tumbleweed Base Container)
Oct 03 16:42:24 baseweed-admin podman[7476]: 2026-10-03 16:42:24.619519808 +0000 UTC m=+0.416817775 container exec 91b0fc7693c36e00dd8659c69cdc87079e6a9cbe98e6fa7dfe9a30d82b8c686a (image=localhost/qdistro/tier3s-foot:latest, name=qdistro-tier3s-s124f, org.opensuse.base.created=2026-09-30T20:05:54.126624488Z, org.opencontainers.image.created=2026-09-30T20:05:54.126624488Z, org.opencontainers.image.url=https://www.opensuse.org, org.qdistro.tier3s.workload=foot, qdistro_tier3s_token=a861201af73f03577d57332ce4e3bc2f, org.opencontainers.image.title=openSUSE Tumbleweed Base Container, org.opensuse.base.url=https://www.opensuse.org, org.openbuildservice.disturl=obs://build.opensuse.org/openSUSE:Factory/images/561f9d4c8e4e1a441f95ad4ec6b5a914-opensuse-tumbleweed-image:docker, org.opencontainers.image.description=Image containing a minimal environment for containers based on openSUSE Tumbleweed., org.opensuse.base.vendor=openSUSE Project, org.opencontainers.image.source=https://build.opensuse.org/package/show/openSUSE:Factory/opensuse-tumbleweed-image?rev=561f9d4c8e4e1a441f95ad4ec6b5a914, org.opencontainers.image.version=20260930.37.208, org.opensuse.base.disturl=obs://build.opensuse.org/openSUSE:Factory/images/561f9d4c8e4e1a441f95ad4ec6b5a914-opensuse-tumbleweed-image:docker, org.opensuse.base.description=Image containing a minimal environment for containers based on openSUSE Tumbleweed., org.opensuse.base.version=20260930.37.208, org.qdistro.snapshot=20260930, io.buildah.version=1.44.1, org.opensuse.base.title=openSUSE Tumbleweed Base Container, org.opencontainers.image.vendor=openSUSE Project, qdistro_tier3s_unit=qdistro-tier3s-silo@s124f.service, org.opensuse.base.lifecycle-url=https://en.opensuse.org/Lifetime, org.opensuse.lifecycle-url=https://en.opensuse.org/Lifetime, org.opensuse.reference=registry.opensuse.org/opensuse/tumbleweed:20260930.37.208, org.opensuse.base.reference=registry.opensuse.org/opensuse/tumbleweed:20260930.37.208, org.opensuse.base.source=https://build.opensuse.org/package/show/openSUSE:Factory/opensuse-tumbleweed-image?rev=561f9d4c8e4e1a441f95ad4ec6b5a914)
Oct 03 16:42:24 baseweed-admin conmon[7842]: conmon 91b0fc7693c36e00dd86 <nwarn>: Failed to open cgroups file: /sys/fs/cgroup/user.slice/user-1000.slice/user@1000.service/app.slice/qdshell.service/memory.events
Oct 03 16:42:24 baseweed-admin podman[7858]: 2026-10-03 16:42:24.735318653 +0000 UTC m=+0.099997799 container exec_died 91b0fc7693c36e00dd8659c69cdc87079e6a9cbe98e6fa7dfe9a30d82b8c686a (image=localhost/qdistro/tier3s-foot:latest, name=qdistro-tier3s-s124f, org.opencontainers.image.description=Image containing a minimal environment for containers based on openSUSE Tumbleweed., org.opensuse.base.reference=registry.opensuse.org/opensuse/tumbleweed:20260930.37.208, org.opencontainers.image.url=https://www.opensuse.org, org.opensuse.base.created=2026-09-30T20:05:54.126624488Z, org.opencontainers.image.version=20260930.37.208, qdistro_tier3s_unit=qdistro-tier3s-silo@s124f.service, org.opencontainers.image.source=https://build.opensuse.org/package/show/openSUSE:Factory/opensuse-tumbleweed-image?rev=561f9d4c8e4e1a441f95ad4ec6b5a914, org.opencontainers.image.vendor=openSUSE Project, org.opensuse.base.title=openSUSE Tumbleweed Base Container, io.buildah.version=1.44.1, org.openbuildservice.disturl=obs://build.opensuse.org/openSUSE:Factory/images/561f9d4c8e4e1a441f95ad4ec6b5a914-opensuse-tumbleweed-image:docker, org.opensuse.base.disturl=obs://build.opensuse.org/openSUSE:Factory/images/561f9d4c8e4e1a441f95ad4ec6b5a914-opensuse-tumbleweed-image:docker, org.opensuse.base.url=https://www.opensuse.org, qdistro_tier3s_token=a861201af73f03577d57332ce4e3bc2f, org.opensuse.base.lifecycle-url=https://en.opensuse.org/Lifetime, org.opencontainers.image.title=openSUSE Tumbleweed Base Container, org.opensuse.base.description=Image containing a minimal environment for containers based on openSUSE Tumbleweed., org.opensuse.base.source=https://build.opensuse.org/package/show/openSUSE:Factory/opensuse-tumbleweed-image?rev=561f9d4c8e4e1a441f95ad4ec6b5a914, org.opencontainers.image.created=2026-09-30T20:05:54.126624488Z, execID=dfa2c92728f3105a79dff10114f2ac33693be57726c9f4c47eb429c82e19ddd0, org.opensuse.lifecycle-url=https://en.opensuse.org/Lifetime, org.qdistro.snapshot=20260930, org.opensuse.reference=registry.opensuse.org/opensuse/tumbleweed:20260930.37.208, org.qdistro.tier3s.workload=foot, org.opensuse.base.vendor=openSUSE Project, org.opensuse.base.version=20260930.37.208)
Oct 03 16:42:24 baseweed-admin podman[7476]: 2026-10-03 16:42:24.774140162 +0000 UTC m=+0.571438129 container exec_died 91b0fc7693c36e00dd8659c69cdc87079e6a9cbe98e6fa7dfe9a30d82b8c686a (image=localhost/qdistro/tier3s-foot:latest, name=qdistro-tier3s-s124f, org.opensuse.base.reference=registry.opensuse.org/opensuse/tumbleweed:20260930.37.208, org.opensuse.base.source=https://build.opensuse.org/package/show/openSUSE:Factory/opensuse-tumbleweed-image?rev=561f9d4c8e4e1a441f95ad4ec6b5a914, org.opensuse.base.url=https://www.opensuse.org, org.opensuse.base.version=20260930.37.208, qdistro_tier3s_unit=qdistro-tier3s-silo@s124f.service, org.openbuildservice.disturl=obs://build.opensuse.org/openSUSE:Factory/images/561f9d4c8e4e1a441f95ad4ec6b5a914-opensuse-tumbleweed-image:docker, org.opencontainers.image.source=https://build.opensuse.org/package/show/openSUSE:Factory/opensuse-tumbleweed-image?rev=561f9d4c8e4e1a441f95ad4ec6b5a914, org.opencontainers.image.created=2026-09-30T20:05:54.126624488Z, execID=dfa2c92728f3105a79dff10114f2ac33693be57726c9f4c47eb429c82e19ddd0, org.opensuse.base.vendor=openSUSE Project, org.opensuse.lifecycle-url=https://en.opensuse.org/Lifetime, io.buildah.version=1.44.1, org.opensuse.base.disturl=obs://build.opensuse.org/openSUSE:Factory/images/561f9d4c8e4e1a441f95ad4ec6b5a914-opensuse-tumbleweed-image:docker, org.opensuse.base.title=openSUSE Tumbleweed Base Container, org.opencontainers.image.url=https://www.opensuse.org, org.qdistro.tier3s.workload=foot, qdistro_tier3s_token=a861201af73f03577d57332ce4e3bc2f, org.opensuse.base.lifecycle-url=https://en.opensuse.org/Lifetime, org.qdistro.snapshot=20260930, org.opencontainers.image.description=Image containing a minimal environment for containers based on openSUSE Tumbleweed., org.opencontainers.image.version=20260930.37.208, org.opensuse.base.created=2026-09-30T20:05:54.126624488Z, org.opencontainers.image.vendor=openSUSE Project, org.opensuse.reference=registry.opensuse.org/opensuse/tumbleweed:20260930.37.208, org.opencontainers.image.title=openSUSE Tumbleweed Base Container, org.opensuse.base.description=Image containing a minimal environment for containers based on openSUSE Tumbleweed.)
Oct 03 16:42:25 baseweed-admin podman[7904]: 2026-10-03 16:42:25.085029881 +0000 UTC m=+0.232464262 container exec 91b0fc7693c36e00dd8659c69cdc87079e6a9cbe98e6fa7dfe9a30d82b8c686a (image=localhost/qdistro/tier3s-foot:latest, name=qdistro-tier3s-s124f, org.opencontainers.image.title=openSUSE Tumbleweed Base Container, org.opencontainers.image.vendor=openSUSE Project, org.opensuse.base.vendor=openSUSE Project, org.openbuildservice.disturl=obs://build.opensuse.org/openSUSE:Factory/images/561f9d4c8e4e1a441f95ad4ec6b5a914-opensuse-tumbleweed-image:docker, qdistro_tier3s_token=a861201af73f03577d57332ce4e3bc2f, org.opensuse.base.created=2026-09-30T20:05:54.126624488Z, org.opencontainers.image.created=2026-09-30T20:05:54.126624488Z, org.opensuse.lifecycle-url=https://en.opensuse.org/Lifetime, qdistro_tier3s_unit=qdistro-tier3s-silo@s124f.service, org.opensuse.base.lifecycle-url=https://en.opensuse.org/Lifetime, org.opensuse.base.disturl=obs://build.opensuse.org/openSUSE:Factory/images/561f9d4c8e4e1a441f95ad4ec6b5a914-opensuse-tumbleweed-image:docker, org.opencontainers.image.description=Image containing a minimal environment for containers based on openSUSE Tumbleweed., org.opencontainers.image.url=https://www.opensuse.org, org.opencontainers.image.version=20260930.37.208, org.opensuse.reference=registry.opensuse.org/opensuse/tumbleweed:20260930.37.208, org.qdistro.snapshot=20260930, org.opensuse.base.reference=registry.opensuse.org/opensuse/tumbleweed:20260930.37.208, io.buildah.version=1.44.1, org.opensuse.base.url=https://www.opensuse.org, org.opensuse.base.title=openSUSE Tumbleweed Base Container, org.opensuse.base.source=https://build.opensuse.org/package/show/openSUSE:Factory/opensuse-tumbleweed-image?rev=561f9d4c8e4e1a441f95ad4ec6b5a914, org.qdistro.tier3s.workload=foot, org.opensuse.base.description=Image containing a minimal environment for containers based on openSUSE Tumbleweed., org.opensuse.base.version=20260930.37.208, org.opencontainers.image.source=https://build.opensuse.org/package/show/openSUSE:Factory/opensuse-tumbleweed-image?rev=561f9d4c8e4e1a441f95ad4ec6b5a914)
Oct 03 16:42:25 baseweed-admin conmon[8066]: conmon 91b0fc7693c36e00dd86 <nwarn>: Failed to open cgroups file: /sys/fs/cgroup/user.slice/user-1000.slice/user@1000.service/app.slice/qdshell.service/memory.events
Oct 03 16:42:25 baseweed-admin podman[7904]: 2026-10-03 16:42:25.182692855 +0000 UTC m=+0.330127236 container exec_died 91b0fc7693c36e00dd8659c69cdc87079e6a9cbe98e6fa7dfe9a30d82b8c686a (image=localhost/qdistro/tier3s-foot:latest, name=qdistro-tier3s-s124f, qdistro_tier3s_unit=qdistro-tier3s-silo@s124f.service, org.opensuse.base.reference=registry.opensuse.org/opensuse/tumbleweed:20260930.37.208, io.buildah.version=1.44.1, org.qdistro.tier3s.workload=foot, org.opensuse.base.disturl=obs://build.opensuse.org/openSUSE:Factory/images/561f9d4c8e4e1a441f95ad4ec6b5a914-opensuse-tumbleweed-image:docker, org.opencontainers.image.vendor=openSUSE Project, org.opensuse.base.lifecycle-url=https://en.opensuse.org/Lifetime, org.opensuse.base.description=Image containing a minimal environment for containers based on openSUSE Tumbleweed., org.opencontainers.image.description=Image containing a minimal environment for containers based on openSUSE Tumbleweed., org.opensuse.base.title=openSUSE Tumbleweed Base Container, org.opencontainers.image.created=2026-09-30T20:05:54.126624488Z, org.openbuildservice.disturl=obs://build.opensuse.org/openSUSE:Factory/images/561f9d4c8e4e1a441f95ad4ec6b5a914-opensuse-tumbleweed-image:docker, org.opensuse.base.version=20260930.37.208, org.opencontainers.image.title=openSUSE Tumbleweed Base Container, org.opencontainers.image.version=20260930.37.208, org.opensuse.base.created=2026-09-30T20:05:54.126624488Z, org.opensuse.base.source=https://build.opensuse.org/package/show/openSUSE:Factory/opensuse-tumbleweed-image?rev=561f9d4c8e4e1a441f95ad4ec6b5a914, org.opensuse.lifecycle-url=https://en.opensuse.org/Lifetime, org.opensuse.base.url=https://www.opensuse.org, org.opensuse.base.vendor=openSUSE Project, qdistro_tier3s_token=a861201af73f03577d57332ce4e3bc2f, org.opencontainers.image.source=https://build.opensuse.org/package/show/openSUSE:Factory/opensuse-tumbleweed-image?rev=561f9d4c8e4e1a441f95ad4ec6b5a914, org.opencontainers.image.url=https://www.opensuse.org, execID=8d0e09297e793e74c090d424341e1739619dc9b8711783462d86e14f1040b780, org.opensuse.reference=registry.opensuse.org/opensuse/tumbleweed:20260930.37.208, org.qdistro.snapshot=20260930)
Oct 03 16:42:25 baseweed-admin dbus-run-session[1036]:   WARN: Process failed to start, likely because the binary could not be found. Command: QList("bluetoothctl", "show")
Oct 03 16:42:25 baseweed-admin dbus-run-session[1036]:   INFO qml: [20261003-164225]        PodApps cache refresh loaded 3 apps
Oct 03 16:42:26 baseweed-admin dbus-run-session[1036]:   WARN qml: [20261003-164226]        Network Connectivity check error: Error: Not authorized to recheck connectivity.
Oct 03 16:42:27 baseweed-admin dbus-run-session[1036]:   WARN: Process failed to start, likely because the binary could not be found. Command: QList("bluetoothctl", "show")
Oct 03 16:42:29 baseweed-admin dbus-run-session[1036]:   WARN: Process failed to start, likely because the binary could not be found. Command: QList("bluetoothctl", "show")
Oct 03 16:42:31 baseweed-admin dbus-run-session[1036]:   WARN: Process failed to start, likely because the binary could not be found. Command: QList("bluetoothctl", "show")
