Oct 03 16:42:06 baseweed-admin systemd[862]: Starting qdshell desktop (Quickshell QML on top of qdwin)...
Oct 03 16:42:06 baseweed-admin systemd[862]: Started qdshell desktop (Quickshell QML on top of qdwin).
Oct 03 16:42:07 baseweed-admin dbus-run-session[1026]: No running instances for "/usr/share/quickshell/qdshell/shell.qml"
Oct 03 16:42:07 baseweed-admin dbus-run-session[1026]:   INFO: Launching config: "/usr/share/quickshell/qdshell/shell.qml"
Oct 03 16:42:07 baseweed-admin dbus-run-session[1026]:   INFO: Shell ID: "0d0d1ceeb7f0392fec595c8531945b05" Path ID "0d0d1ceeb7f0392fec595c8531945b05"
Oct 03 16:42:07 baseweed-admin dbus-run-session[1026]:   INFO: Saving logs to "/run/user/1000/quickshell/by-id/is7qbcmt/log.qslog"
Oct 03 16:42:07 baseweed-admin dbus-run-session[1026]: MESA-EGL: warning: failed to get driver name for fd -1
Oct 03 16:42:07 baseweed-admin dbus-run-session[1026]: MESA-EGL: warning: MESA-LOADER: failed to retrieve device information
Oct 03 16:42:07 baseweed-admin dbus-run-session[1026]: MESA-EGL: warning: failed to get driver name for fd -1
Oct 03 16:42:07 baseweed-admin dbus-run-session[1026]: MESA: error: ZINK: failed to choose pdev
Oct 03 16:42:07 baseweed-admin dbus-run-session[1026]: MESA-EGL: warning: egl: failed to create dri2 screen
Oct 03 16:42:08 baseweed-admin dbus-run-session[1026]:   INFO qml: [20261003-164208]           I18n Service started
Oct 03 16:42:08 baseweed-admin dbus-run-session[1026]:   INFO qml: [20261003-164208]           I18n Loading "en" (locale: "en-Latn-US")
Oct 03 16:42:08 baseweed-admin dbus-run-session[1026]:   INFO qml: [20261003-164208]          Shell ---------------------------
Oct 03 16:42:08 baseweed-admin dbus-run-session[1026]:   INFO qml: [20261003-164208]          Shell Qdshell Hello!
Oct 03 16:42:08 baseweed-admin dbus-run-session[1026]:   WARN scene: @Commons/I18n.qml[104:5]: Unable to assign QJSValue to QObject*
Oct 03 16:42:08 baseweed-admin dbus-run-session[1026]:   INFO: Configuration Loaded
Oct 03 16:42:08 baseweed-admin dbus-run-session[1026]:   WARN scene: @Commons/I18n.qml[104:5]: Unable to assign QJSValue to QObject*
Oct 03 16:42:08 baseweed-admin dbus-run-session[1026]:   INFO qml: [20261003-164208]       Settings Settings loaded
Oct 03 16:42:08 baseweed-admin dbus-run-session[1026]:   INFO qml: [20261003-164208]           I18n Loaded translations for "en"
Oct 03 16:42:08 baseweed-admin dbus-run-session[1026]:   INFO qml: [20261003-164208] PluginRegistry Loaded plugin states from: /home/admin/.config/qdshell/plugins.json
Oct 03 16:42:08 baseweed-admin dbus-run-session[1026]:   INFO qml: [20261003-164208] PluginRegistry Scanning plugin folder: /home/admin/.config/qdshell/plugins
Oct 03 16:42:08 baseweed-admin dbus-run-session[1026]:   INFO qml: [20261003-164208]          Icons Service started
Oct 03 16:42:08 baseweed-admin dbus-run-session[1026]:   INFO: ctrl-server: listening on /run/user/1000/qdshell.sock
Oct 03 16:42:08 baseweed-admin dbus-run-session[1026]:   WARN scene: QML Connections at @Services/Hardware/BrightnessService.qml[66:3]: Detected function "onEnableDdcSupportChanged" in Connections element. This is probably intended to be a signal handler but no signal of the target matches the name.
Oct 03 16:42:08 baseweed-admin dbus-run-session[1026]:   INFO qml: [20261003-164208]     Brightness Service started
Oct 03 16:42:09 baseweed-admin dbus-run-session[1026]:   INFO qml: [20261003-164209] DesktopWidgetR Service started
Oct 03 16:42:09 baseweed-admin dbus-run-session[1026]:   WARN scene: QML Connections at @Services/UI/BarService.qml[147:3]: Detected function "onDisplayModeChanged" in Connections element. This is probably intended to be a signal handler but no signal of the target matches the name.
Oct 03 16:42:09 baseweed-admin dbus-run-session[1026]:   WARN scene: QML Connections at @Services/UI/BarService.qml[147:3]: Detected function "onScreenOverridesChanged" in Connections element. This is probably intended to be a signal handler but no signal of the target matches the name.
Oct 03 16:42:09 baseweed-admin dbus-run-session[1026]:   INFO qml: [20261003-164209]     BarService Service started
Oct 03 16:42:09 baseweed-admin dbus-run-session[1026]:   WARN scene: QML Connections at @Services/Networking/NetworkService.qml[73:3]: Detected function "onWifiEnabledChanged" in Connections element. This is probably intended to be a signal handler but no signal of the target matches the name.
Oct 03 16:42:09 baseweed-admin dbus-run-session[1026]:   INFO qml: [20261003-164209]        Network Service started
Oct 03 16:42:09 baseweed-admin dbus-run-session[1026]:   WARN scene: QML Connections at @Modules/Panels/Dock/StaticDockPanel.qml[350:3]: Detected function "onPinnedAppsChanged" in Connections element. This is probably intended to be a signal handler but no signal of the target matches the name.
Oct 03 16:42:09 baseweed-admin dbus-run-session[1026]:   WARN scene: QML Connections at @Modules/Panels/Dock/StaticDockPanel.qml[350:3]: Detected function "onOnlySameOutputChanged" in Connections element. This is probably intended to be a signal handler but no signal of the target matches the name.
Oct 03 16:42:09 baseweed-admin dbus-run-session[1026]:   WARN scene: QML Connections at @Services/System/SystemStatService.qml[320:3]: Detected function "onEnableDgpuMonitoringChanged" in Connections element. This is probably intended to be a signal handler but no signal of the target matches the name.
Oct 03 16:42:09 baseweed-admin dbus-run-session[1026]:   INFO qml: [20261003-164209]     SystemStat Service started (polling deferred until a consumer registers).
Oct 03 16:42:09 baseweed-admin dbus-run-session[1026]:   WARN scene: QML Connections at @Modules/Panels/Dock/StaticDockPanel.qml[350:3]: Detected function "onPinnedAppsChanged" in Connections element. This is probably intended to be a signal handler but no signal of the target matches the name.
Oct 03 16:42:09 baseweed-admin dbus-run-session[1026]:   WARN scene: QML Connections at @Modules/Panels/Dock/StaticDockPanel.qml[350:3]: Detected function "onOnlySameOutputChanged" in Connections element. This is probably intended to be a signal handler but no signal of the target matches the name.
Oct 03 16:42:09 baseweed-admin dbus-run-session[1026]:   WARN scene: QML Connections at @Modules/Panels/Dock/StaticDockPanel.qml[350:3]: Detected function "onPinnedAppsChanged" in Connections element. This is probably intended to be a signal handler but no signal of the target matches the name.
Oct 03 16:42:09 baseweed-admin dbus-run-session[1026]:   WARN scene: QML Connections at @Modules/Panels/Dock/StaticDockPanel.qml[350:3]: Detected function "onOnlySameOutputChanged" in Connections element. This is probably intended to be a signal handler but no signal of the target matches the name.
Oct 03 16:42:09 baseweed-admin dbus-run-session[1026]:   WARN scene: QML Connections at @Services/UI/WallpaperService.qml[140:3]: Detected function "onWallpaperDownloaded" in Connections element. This is probably intended to be a signal handler but no signal of the target matches the name.
Oct 03 16:42:09 baseweed-admin dbus-run-session[1026]:   WARN scene: QML Connections at @Services/UI/WallpaperService.qml[61:3]: Detected function "onDirectoryChanged" in Connections element. This is probably intended to be a signal handler but no signal of the target matches the name.
Oct 03 16:42:09 baseweed-admin dbus-run-session[1026]:   WARN scene: QML Connections at @Services/UI/WallpaperService.qml[61:3]: Detected function "onEnableMultiMonitorDirectoriesChanged" in Connections element. This is probably intended to be a signal handler but no signal of the target matches the name.
Oct 03 16:42:09 baseweed-admin dbus-run-session[1026]:   WARN scene: QML Connections at @Services/UI/WallpaperService.qml[61:3]: Detected function "onAutomationEnabledChanged" in Connections element. This is probably intended to be a signal handler but no signal of the target matches the name.
Oct 03 16:42:09 baseweed-admin dbus-run-session[1026]:   WARN scene: QML Connections at @Services/UI/WallpaperService.qml[61:3]: Detected function "onRandomIntervalSecChanged" in Connections element. This is probably intended to be a signal handler but no signal of the target matches the name.
Oct 03 16:42:09 baseweed-admin dbus-run-session[1026]:   WARN scene: QML Connections at @Services/UI/WallpaperService.qml[61:3]: Detected function "onWallpaperChangeModeChanged" in Connections element. This is probably intended to be a signal handler but no signal of the target matches the name.
Oct 03 16:42:09 baseweed-admin dbus-run-session[1026]:   WARN scene: QML Connections at @Services/UI/WallpaperService.qml[61:3]: Detected function "onViewModeChanged" in Connections element. This is probably intended to be a signal handler but no signal of the target matches the name.
Oct 03 16:42:09 baseweed-admin dbus-run-session[1026]:   WARN scene: QML Connections at @Services/UI/WallpaperService.qml[61:3]: Detected function "onShowHiddenFilesChanged" in Connections element. This is probably intended to be a signal handler but no signal of the target matches the name.
Oct 03 16:42:09 baseweed-admin dbus-run-session[1026]:   WARN scene: QML Connections at @Services/UI/WallpaperService.qml[61:3]: Detected function "onUseSolidColorChanged" in Connections element. This is probably intended to be a signal handler but no signal of the target matches the name.
Oct 03 16:42:09 baseweed-admin dbus-run-session[1026]:   WARN scene: QML Connections at @Services/UI/WallpaperService.qml[61:3]: Detected function "onSolidColorChanged" in Connections element. This is probably intended to be a signal handler but no signal of the target matches the name.
Oct 03 16:42:09 baseweed-admin dbus-run-session[1026]:   WARN scene: QML Connections at @Services/UI/WallpaperService.qml[61:3]: Detected function "onSortOrderChanged" in Connections element. This is probably intended to be a signal handler but no signal of the target matches the name.
Oct 03 16:42:09 baseweed-admin dbus-run-session[1026]:   WARN scene: QML Connections at @Modules/Background/Background.qml[80:7]: Detected function "onFillModeChanged" in Connections element. This is probably intended to be a signal handler but no signal of the target matches the name.
Oct 03 16:42:09 baseweed-admin dbus-run-session[1026]:   WARN scene: QML Connections at @Modules/Background/Background.qml[80:7]: Detected function "onFillModeChanged" in Connections element. This is probably intended to be a signal handler but no signal of the target matches the name.
Oct 03 16:42:09 baseweed-admin dbus-run-session[1026]:   WARN scene: QML Connections at @Modules/Background/Background.qml[80:7]: Detected function "onFillModeChanged" in Connections element. This is probably intended to be a signal handler but no signal of the target matches the name.
Oct 03 16:42:09 baseweed-admin dbus-run-session[1026]:   WARN scene: QML Connections at @Modules/Dock/Dock.qml[45:7]: Detected function "onPinnedAppsChanged" in Connections element. This is probably intended to be a signal handler but no signal of the target matches the name.
Oct 03 16:42:09 baseweed-admin dbus-run-session[1026]:   WARN scene: QML Connections at @Modules/Dock/Dock.qml[45:7]: Detected function "onOnlySameOutputChanged" in Connections element. This is probably intended to be a signal handler but no signal of the target matches the name.
Oct 03 16:42:09 baseweed-admin dbus-run-session[1026]:   WARN scene: QML Connections at @Modules/Dock/Dock.qml[45:7]: Detected function "onPinnedAppsChanged" in Connections element. This is probably intended to be a signal handler but no signal of the target matches the name.
Oct 03 16:42:09 baseweed-admin dbus-run-session[1026]:   WARN scene: QML Connections at @Modules/Dock/Dock.qml[45:7]: Detected function "onOnlySameOutputChanged" in Connections element. This is probably intended to be a signal handler but no signal of the target matches the name.
Oct 03 16:42:09 baseweed-admin dbus-run-session[1026]:   WARN scene: QML Connections at @Modules/Dock/Dock.qml[45:7]: Detected function "onPinnedAppsChanged" in Connections element. This is probably intended to be a signal handler but no signal of the target matches the name.
Oct 03 16:42:09 baseweed-admin dbus-run-session[1026]:   WARN scene: QML Connections at @Modules/Dock/Dock.qml[45:7]: Detected function "onOnlySameOutputChanged" in Connections element. This is probably intended to be a signal handler but no signal of the target matches the name.
Oct 03 16:42:09 baseweed-admin dbus-run-session[1026]:   INFO qml: [20261003-164209]          Shell ---------------------------
Oct 03 16:42:09 baseweed-admin dbus-run-session[1026]:   INFO qml: [20261003-164209]      Wallpaper Service started
Oct 03 16:42:09 baseweed-admin dbus-run-session[1026]:   INFO qml: [20261003-164209]     ImageCache Service started
Oct 03 16:42:09 baseweed-admin dbus-run-session[1026]:   WARN scene: QML Connections at @Services/Theming/AppThemeService.qml[30:3]: Detected function "onDarkModeChanged" in Connections element. This is probably intended to be a signal handler but no signal of the target matches the name.
Oct 03 16:42:09 baseweed-admin dbus-run-session[1026]:   WARN scene: QML Connections at @Services/Theming/AppThemeService.qml[30:3]: Detected function "onMonitorForColorsChanged" in Connections element. This is probably intended to be a signal handler but no signal of the target matches the name.
Oct 03 16:42:09 baseweed-admin dbus-run-session[1026]:   WARN scene: QML Connections at @Services/Theming/AppThemeService.qml[30:3]: Detected function "onGenerationMethodChanged" in Connections element. This is probably intended to be a signal handler but no signal of the target matches the name.
Oct 03 16:42:09 baseweed-admin dbus-run-session[1026]:   INFO qml: [20261003-164209] AppThemeServic Service started
Oct 03 16:42:09 baseweed-admin dbus-run-session[1026]:   WARN scene: QML Connections at @Services/Theming/ColorSchemeService.qml[20:3]: Detected function "onDarkModeChanged" in Connections element. This is probably intended to be a signal handler but no signal of the target matches the name.
Oct 03 16:42:09 baseweed-admin dbus-run-session[1026]:   INFO qml: [20261003-164209]    ColorScheme Service started
Oct 03 16:42:09 baseweed-admin dbus-run-session[1026]:   INFO qml: [20261003-164209] AppPresentatio Service started
Oct 03 16:42:09 baseweed-admin dbus-run-session[1026]:   WARN scene: QML Connections at @Services/Location/DarkModeService.qml[43:3]: Detected function "onSchedulingModeChanged" in Connections element. This is probably intended to be a signal handler but no signal of the target matches the name.
Oct 03 16:42:09 baseweed-admin dbus-run-session[1026]:   WARN scene: QML Connections at @Services/Location/DarkModeService.qml[28:3]: Detected function "onManualSunriseChanged" in Connections element. This is probably intended to be a signal handler but no signal of the target matches the name.
Oct 03 16:42:09 baseweed-admin dbus-run-session[1026]:   WARN scene: QML Connections at @Services/Location/DarkModeService.qml[28:3]: Detected function "onManualSunsetChanged" in Connections element. This is probably intended to be a signal handler but no signal of the target matches the name.
Oct 03 16:42:09 baseweed-admin dbus-run-session[1026]:   INFO qml: [20261003-164209] DarkModeServic Service started
Oct 03 16:42:09 baseweed-admin dbus-run-session[1026]:   WARN scene: @Services/Location/DarkModeService.qml[29:5]: Unable to assign QJSValue to QObject*
Oct 03 16:42:09 baseweed-admin dbus-run-session[1026]:   WARN scene: @Services/Location/DarkModeService.qml[44:5]: Unable to assign QJSValue to QObject*
Oct 03 16:42:09 baseweed-admin dbus-run-session[1026]:   WARN scene: @Services/Theming/ColorSchemeService.qml[21:5]: Unable to assign QJSValue to QObject*
Oct 03 16:42:09 baseweed-admin dbus-run-session[1026]:   WARN scene: @Services/Theming/AppThemeService.qml[31:5]: Unable to assign QJSValue to QObject*
Oct 03 16:42:09 baseweed-admin dbus-run-session[1026]:   WARN scene: @Modules/Dock/Dock.qml[46:9]: Unable to assign QJSValue to QObject*
Oct 03 16:42:09 baseweed-admin dbus-run-session[1026]:   WARN scene: @Modules/Dock/Dock.qml[46:9]: Unable to assign QJSValue to QObject*
Oct 03 16:42:09 baseweed-admin dbus-run-session[1026]:   WARN scene: @Modules/Dock/Dock.qml[46:9]: Unable to assign QJSValue to QObject*
Oct 03 16:42:09 baseweed-admin dbus-run-session[1026]:   WARN scene: @Modules/Background/Background.qml[81:9]: Unable to assign QJSValue to QObject*
Oct 03 16:42:09 baseweed-admin dbus-run-session[1026]:   WARN scene: @Modules/Background/Background.qml[81:9]: Unable to assign QJSValue to QObject*
Oct 03 16:42:09 baseweed-admin dbus-run-session[1026]:   WARN scene: @Modules/Background/Background.qml[81:9]: Unable to assign QJSValue to QObject*
Oct 03 16:42:09 baseweed-admin dbus-run-session[1026]:   WARN scene: @Services/UI/WallpaperService.qml[62:5]: Unable to assign QJSValue to QObject*
Oct 03 16:42:09 baseweed-admin dbus-run-session[1026]:   WARN scene: @Modules/Panels/SessionMenu/SessionMenu.qml[152:5]: Unable to assign QJSValue to QObject*
Oct 03 16:42:09 baseweed-admin dbus-run-session[1026]:   WARN scene: @Modules/Panels/Dock/StaticDockPanel.qml[351:5]: Unable to assign QJSValue to QObject*
Oct 03 16:42:09 baseweed-admin dbus-run-session[1026]:   WARN scene: @Modules/Panels/SessionMenu/SessionMenu.qml[152:5]: Unable to assign QJSValue to QObject*
Oct 03 16:42:09 baseweed-admin dbus-run-session[1026]:   WARN scene: @Modules/Panels/Dock/StaticDockPanel.qml[351:5]: Unable to assign QJSValue to QObject*
Oct 03 16:42:09 baseweed-admin dbus-run-session[1026]:   WARN scene: @Services/System/SystemStatService.qml[321:5]: Unable to assign QJSValue to QObject*
Oct 03 16:42:09 baseweed-admin dbus-run-session[1026]:   WARN scene: @Modules/Panels/SessionMenu/SessionMenu.qml[152:5]: Unable to assign QJSValue to QObject*
Oct 03 16:42:09 baseweed-admin dbus-run-session[1026]:   WARN scene: @Services/Networking/NetworkService.qml[74:5]: Unable to assign QJSValue to QObject*
Oct 03 16:42:09 baseweed-admin dbus-run-session[1026]:   WARN scene: @Modules/Panels/Dock/StaticDockPanel.qml[351:5]: Unable to assign QJSValue to QObject*
Oct 03 16:42:09 baseweed-admin dbus-run-session[1026]:   WARN scene: @Services/UI/BarService.qml[148:5]: Unable to assign QJSValue to QObject*
Oct 03 16:42:09 baseweed-admin dbus-run-session[1026]:   WARN scene: @Services/Hardware/BrightnessService.qml[67:5]: Unable to assign QJSValue to QObject*
Oct 03 16:42:09 baseweed-admin dbus-run-session[1026]:   INFO qml: [20261003-164209]      Wallpaper Starting scan for Virtual-1 in /home/admin/Pictures/Wallpapers recursive: false
Oct 03 16:42:09 baseweed-admin dbus-run-session[1026]:   INFO qml: [20261003-164209]      Wallpaper Starting scan for pipewire-0 in /home/admin/Pictures/Wallpapers recursive: false
Oct 03 16:42:09 baseweed-admin dbus-run-session[1026]:   INFO qml: [20261003-164209]      Wallpaper Starting scan for pipewire-1 in /home/admin/Pictures/Wallpapers recursive: false
Oct 03 16:42:09 baseweed-admin dbus-run-session[1026]:   INFO qml: [20261003-164209]       Location Service started
Oct 03 16:42:09 baseweed-admin dbus-run-session[1026]:   WARN scene: QML Connections at @Services/Location/NightLightService.qml[96:3]: Detected function "onEnabledChanged" in Connections element. This is probably intended to be a signal handler but no signal of the target matches the name.
Oct 03 16:42:09 baseweed-admin dbus-run-session[1026]:   WARN scene: QML Connections at @Services/Location/NightLightService.qml[96:3]: Detected function "onForcedChanged" in Connections element. This is probably intended to be a signal handler but no signal of the target matches the name.
Oct 03 16:42:09 baseweed-admin dbus-run-session[1026]:   WARN scene: QML Connections at @Services/Location/NightLightService.qml[96:3]: Detected function "onNightTempChanged" in Connections element. This is probably intended to be a signal handler but no signal of the target matches the name.
Oct 03 16:42:09 baseweed-admin dbus-run-session[1026]:   WARN scene: QML Connections at @Services/Location/NightLightService.qml[96:3]: Detected function "onDayTempChanged" in Connections element. This is probably intended to be a signal handler but no signal of the target matches the name.
Oct 03 16:42:09 baseweed-admin dbus-run-session[1026]:   WARN scene: QML Connections at @Services/Control/HooksService.qml[16:3]: Detected function "onDarkModeChanged" in Connections element. This is probably intended to be a signal handler but no signal of the target matches the name.
Oct 03 16:42:09 baseweed-admin dbus-run-session[1026]:   INFO qml: [20261003-164209]   HooksService Service started
Oct 03 16:42:09 baseweed-admin dbus-run-session[1026]:   WARN quickshell.dbus.objectmanager: Failed to create DBusObjectManagerInterface for "org.bluez" "/" : QDBusError("org.freedesktop.DBus.Error.ServiceUnknown", "The name is not activatable")
Oct 03 16:42:09 baseweed-admin dbus-run-session[1026]:   INFO qml: [20261003-164209]      Bluetooth Service started
Oct 03 16:42:09 baseweed-admin dbus-run-session[1026]:   INFO qml: [20261003-164209]  IdleInhibitor Service started
Oct 03 16:42:09 baseweed-admin dbus-run-session[1026]:   INFO qml: [20261003-164209] CapabilityServ qdwin live-apply capabilities: pointer=false xkb=false wm=false output=false workspace=false idleDpms=false keybind=false
Oct 03 16:42:09 baseweed-admin dbus-run-session[1026]:   INFO qml: [20261003-164209]   PowerService Service started
Oct 03 16:42:10 baseweed-admin dbus-run-session[1026]:   INFO qml: [20261003-164210] AccessibilityS Service started
Oct 03 16:42:10 baseweed-admin dbus-run-session[1026]:   INFO qml: [20261003-164210]  KeyboardInput Service started
Oct 03 16:42:10 baseweed-admin dbus-run-session[1026]:   INFO qml: [20261003-164210] PointerInputSe Service started (qdwin live-apply: persist-only until shell binds >= v28)
Oct 03 16:42:10 baseweed-admin dbus-run-session[1026]:   INFO qml: [20261003-164210] WindowManagerS Service started (qdwin v25 live-apply: false, shortcuts: false)
Oct 03 16:42:10 baseweed-admin dbus-run-session[1026]:   INFO qml: [20261003-164210] SessionService started; saved=0 canApplyPlacement=false
Oct 03 16:42:10 baseweed-admin dbus-run-session[1026]:   INFO qml: [20261003-164210]    HostService Service started
Oct 03 16:42:10 baseweed-admin dbus-run-session[1026]:   INFO qml: [20261003-164210] CustomButtonIP Service started
Oct 03 16:42:10 baseweed-admin dbus-run-session[1026]:   INFO qml: [20261003-164210]     IPCService Service started
Oct 03 16:42:10 baseweed-admin dbus-run-session[1026]:   INFO qml: [20261003-164210]        PodApps service started
Oct 03 16:42:10 baseweed-admin dbus-run-session[1026]:   INFO qml: [20261003-164210]         VMApps service started
Oct 03 16:42:10 baseweed-admin dbus-run-session[1026]:   INFO qml: [20261003-164210]      Tier3Apps service started
Oct 03 16:42:10 baseweed-admin dbus-run-session[1026]:   INFO qml: [20261003-164210]     Tier3sApps service started
Oct 03 16:42:10 baseweed-admin dbus-run-session[1026]:   INFO qml: [20261003-164210]      Tier4Apps service started
Oct 03 16:42:10 baseweed-admin dbus-run-session[1026]:   INFO qml: [20261003-164210] RemoteMachineW service started
Oct 03 16:42:10 baseweed-admin dbus-run-session[1026]:   INFO qml: [20261003-164210]  Tier3FocusIPC service started
Oct 03 16:42:10 baseweed-admin dbus-run-session[1026]:   WARN quickshell.dbus: Could not launch service org.freedesktop.UPower.PowerProfiles: QDBusError(org.freedesktop.DBus.Error.ServiceUnknown, The name is not activatable)
Oct 03 16:42:10 baseweed-admin dbus-run-session[1026]:   WARN quickshell.service.powerprofiles: Could not start PowerProfilesDaemon. The PowerProfiles service will not work.
Oct 03 16:42:10 baseweed-admin dbus-run-session[1026]:   INFO qml: [20261003-164210]          Qdwin qdwin_shell_v1 bound v34
Oct 03 16:42:10 baseweed-admin dbus-run-session[1026]:   INFO qml: [20261003-164210]  ClipboardGate wired to qdwin_shell_v1; broker default=deny
Oct 03 16:42:10 baseweed-admin dbus-run-session[1026]:   INFO qml: [20261003-164210] WindowManagerS applied WM policy focus=click placement=smart snap=true/16
Oct 03 16:42:10 baseweed-admin dbus-run-session[1026]:   INFO qml: [20261003-164210] CapabilityServ wmPolicy -> true
Oct 03 16:42:10 baseweed-admin dbus-run-session[1026]:   INFO qml: [20261003-164210] WindowManagerS registered WM shortcuts (5 active)
Oct 03 16:42:10 baseweed-admin dbus-run-session[1026]:   INFO qml: [20261003-164210] CapabilityServ keybindRegistration -> true
Oct 03 16:42:10 baseweed-admin dbus-run-session[1026]:   INFO qml: [20261003-164210] PointerInputSe applied pointer config accelSpeed=0 profile=0 natural=0 tap=1 scroll=1
Oct 03 16:42:10 baseweed-admin dbus-run-session[1026]:   INFO qml: [20261003-164210] CapabilityServ pointerConfig -> true
Oct 03 16:42:10 baseweed-admin dbus-run-session[1026]:   INFO qml: [20261003-164210]  KeyboardInput applied qdwin key-repeat rate=25 delay=500
Oct 03 16:42:10 baseweed-admin dbus-run-session[1026]:   INFO qml: [20261003-164210] CapabilityServ xkbRepeat -> true
Oct 03 16:42:10 baseweed-admin dbus-run-session[1026]:   INFO qml: [20261003-164210]   PowerService idle policy armed: inactivity=0ms (nothing), displayOff=0ms, presentation=false
Oct 03 16:42:10 baseweed-admin dbus-run-session[1026]:   INFO qml: [20261003-164210] CapabilityServ idleDpms -> true
Oct 03 16:42:10 baseweed-admin dbus-run-session[1026]:   INFO qml: [20261003-164210] CapabilityServ outputManagement -> true
Oct 03 16:42:10 baseweed-admin dbus-run-session[1026]:   WARN qml: [20261003-164210]       Location Weather is still fetching
Oct 03 16:42:10 baseweed-admin dbus-run-session[1026]:   WARN quickshell.dbus: Could not launch service org.freedesktop.UPower: QDBusError(org.freedesktop.DBus.Error.ServiceUnknown, The name is not activatable)
Oct 03 16:42:10 baseweed-admin dbus-run-session[1026]:   WARN quickshell.service.upower: Could not start UPower. The UPower service will not work.
Oct 03 16:42:10 baseweed-admin dbus-run-session[1026]:   INFO qml: [20261003-164210]    HostService Detected openSUSE Tumbleweed
Oct 03 16:42:10 baseweed-admin dbus-run-session[1026]:   INFO qml: [20261003-164210]    HostService Looking for logo icon: distributor-logo-Tumbleweed
Oct 03 16:42:10 baseweed-admin dbus-run-session[1026]:   INFO qml: [20261003-164210]    HostService resolved hostname baseweed-admin
Oct 03 16:42:10 baseweed-admin dbus-run-session[1026]:   WARN: Process failed to start, likely because the binary could not be found. Command: QList("bluetoothctl", "show")
Oct 03 16:42:10 baseweed-admin dbus-run-session[1026]:   WARN: Process failed to start, likely because the binary could not be found. Command: QList("udisksctl", "monitor")
Oct 03 16:42:10 baseweed-admin dbus-run-session[1026]:  ERROR qml: [20261003-164210]       Location Geocoding error: 0
Oct 03 16:42:10 baseweed-admin dbus-run-session[1026]:   WARN scene: QML Connections at qs:/usr/share/quickshell/qdshell/Modules/Bar/Widgets/Taskbar.qml[981:3]: Detected function "onPinnedAppsChanged" in Connections element. This is probably intended to be a signal handler but no signal of the target matches the name.
Oct 03 16:42:10 baseweed-admin dbus-run-session[1026]:   WARN scene: QML Connections at qs:/usr/share/quickshell/qdshell/Modules/Bar/Widgets/Taskbar.qml[981:3]: Detected function "onPinnedAppsChanged" in Connections element. This is probably intended to be a signal handler but no signal of the target matches the name.
Oct 03 16:42:10 baseweed-admin dbus-run-session[1026]:   WARN scene: QML Connections at qs:/usr/share/quickshell/qdshell/Modules/Bar/Widgets/Taskbar.qml[981:3]: Detected function "onPinnedAppsChanged" in Connections element. This is probably intended to be a signal handler but no signal of the target matches the name.
Oct 03 16:42:10 baseweed-admin dbus-run-session[1026]:   WARN: Could not load icon "user-desktop?fallback=application-x-executable" at size QSize(19, 19) from request
Oct 03 16:42:10 baseweed-admin dbus-run-session[1026]:   WARN: Could not load icon "user-desktop?fallback=application-x-executable" at size QSize(2, 2) from request
Oct 03 16:42:10 baseweed-admin dbus-run-session[1026]:   WARN: Could not load icon "user-desktop?fallback=application-x-executable" at size QSize(2, 2) from request
Oct 03 16:42:10 baseweed-admin dbus-run-session[1026]:   WARN scene: qs:/usr/share/quickshell/qdshell/Modules/Bar/Widgets/Taskbar.qml[982:5]: Unable to assign QJSValue to QObject*
Oct 03 16:42:10 baseweed-admin dbus-run-session[1026]:   WARN scene: qs:/usr/share/quickshell/qdshell/Modules/Bar/Widgets/Taskbar.qml[982:5]: Unable to assign QJSValue to QObject*
Oct 03 16:42:10 baseweed-admin dbus-run-session[1026]:   WARN scene: qs:/usr/share/quickshell/qdshell/Modules/Bar/Widgets/Taskbar.qml[982:5]: Unable to assign QJSValue to QObject*
Oct 03 16:42:10 baseweed-admin dbus-run-session[1026]:   WARN scene: @Services/Control/HooksService.qml[17:5]: Unable to assign QJSValue to QObject*
Oct 03 16:42:10 baseweed-admin dbus-run-session[1026]:   WARN scene: @Services/Location/NightLightService.qml[97:5]: Unable to assign QJSValue to QObject*
Oct 03 16:42:10 baseweed-admin dbus-run-session[1026]:   INFO qml: [20261003-164210] PluginRegistry All plugin manifests loaded. Total plugins: 0
Oct 03 16:42:10 baseweed-admin dbus-run-session[1026]:   INFO qml: [20261003-164210]  PluginService Initializing plugin system
Oct 03 16:42:10 baseweed-admin dbus-run-session[1026]:   INFO qml: [20261003-164210]  PluginService Found 0 enabled plugins: []
Oct 03 16:42:10 baseweed-admin dbus-run-session[1026]:   INFO qml: [20261003-164210]  PluginService No plugins to load
Oct 03 16:42:10 baseweed-admin dbus-run-session[1026]:   INFO qml: [20261003-164210]  PluginService Refreshing available plugins
Oct 03 16:42:10 baseweed-admin dbus-run-session[1026]:   WARN qml: [20261003-164210]     ImageCache ImageMagick not found, using Qt fallback
Oct 03 16:42:10 baseweed-admin dbus-run-session[1026]:   WARN qml: [20261003-164210]      Wallpaper Scan failed for Virtual-1 exit code: 1 (directory might not exist)
Oct 03 16:42:10 baseweed-admin dbus-run-session[1026]:   WARN qml: [20261003-164210]      Wallpaper Scan failed for pipewire-0 exit code: 1 (directory might not exist)
Oct 03 16:42:10 baseweed-admin dbus-run-session[1026]:   WARN qml: [20261003-164210]      Wallpaper Scan failed for pipewire-1 exit code: 1 (directory might not exist)
Oct 03 16:42:10 baseweed-admin dbus-run-session[1026]:   WARN qml: [20261003-164210]   PowerService Button monitor unavailable (exit 1); releasing key inhibitors, logind will handle power/sleep keys
Oct 03 16:42:10 baseweed-admin dbus-run-session[1026]:   INFO qml: [20261003-164210]  KeyboardInput applied qdwin key-repeat rate=25 delay=500
Oct 03 16:42:10 baseweed-admin dbus-run-session[1026]:   INFO qml: [20261003-164210] PointerInputSe enumerated 3 pointer device(s) via proc
Oct 03 16:42:10 baseweed-admin dbus-run-session[1026]:   INFO qml: [20261003-164210]        PodApps cache refresh loaded 0 apps
Oct 03 16:42:32 baseweed-admin dbus-run-session[1026]:   INFO qml: [20261003-164232]    ColorScheme Applying color scheme: Qdshell (default)
Oct 03 16:42:32 baseweed-admin dbus-run-session[1026]:   INFO qml: [20261003-164232]           Time Time jump detected (24s) - likely system resume
Oct 03 16:42:32 baseweed-admin dbus-run-session[1026]:   INFO qml: [20261003-164232]        Network System resumed - forcing state poll
Oct 03 16:42:32 baseweed-admin dbus-run-session[1026]:   INFO qml: [20261003-164232]     SystemStat System resumed - resetting differential state
Oct 03 16:42:32 baseweed-admin dbus-run-session[1026]:   INFO qml: [20261003-164232] DarkModeServic System resumed - re-evaluating dark mode
Oct 03 16:42:32 baseweed-admin dbus-run-session[1026]:   INFO qml: [20261003-164232]     NightLight System resumed - re-applying night light
Oct 03 16:42:32 baseweed-admin dbus-run-session[1026]:   INFO qml: [20261003-164232]      Bluetooth System resumed - forcing state poll
Oct 03 16:42:32 baseweed-admin dbus-run-session[1026]:   INFO qml: [20261003-164232]           Font Service started
Oct 03 16:42:32 baseweed-admin dbus-run-session[1026]:  ERROR qml: [20261003-164232]  PluginService Empty response from Qdshell Plugins
Oct 03 16:42:32 baseweed-admin dbus-run-session[1026]:  ERROR qml: [20261003-164232]  PluginService Failed to fetch registry from Qdshell Plugins - exit code: 1
Oct 03 16:42:33 baseweed-admin dbus-run-session[1026]:   INFO qml: [20261003-164233]        PodApps cache refresh loaded 0 apps
Oct 03 16:42:34 baseweed-admin dbus-run-session[1026]:   WARN qml: [20261003-164234]        Network Connectivity check error: Error: Not authorized to recheck connectivity.
Oct 03 16:42:34 baseweed-admin dbus-run-session[1026]:   INFO qml: [20261003-164234]           Font Loaded 11 fonts, 3 monospace
Oct 03 16:42:35 baseweed-admin dbus-run-session[1026]:   WARN: Process failed to start, likely because the binary could not be found. Command: QList("bluetoothctl", "show")
Oct 03 16:42:35 baseweed-admin dbus-run-session[1026]:   WARN qml: [20261003-164235]     SystemStat No supported temperature sensor found
Oct 03 16:42:36 baseweed-admin dbus-run-session[1026]:   INFO qml: [20261003-164236] DarkModeServic Resume retry - re-evaluating dark mode again
Oct 03 16:42:36 baseweed-admin dbus-run-session[1026]:   INFO qml: [20261003-164236]     NightLight Resume retry - re-applying night light again
Oct 03 16:42:36 baseweed-admin dbus-run-session[1026]:   WARN: Process failed to start, likely because the binary could not be found. Command: QList("bluetoothctl", "show")
Oct 03 16:42:37 baseweed-admin dbus-run-session[1026]:   WARN: Process failed to start, likely because the binary could not be found. Command: QList("bluetoothctl", "show")
Oct 03 16:42:39 baseweed-admin dbus-run-session[1026]:   WARN: Process failed to start, likely because the binary could not be found. Command: QList("bluetoothctl", "show")
Oct 03 16:42:41 baseweed-admin dbus-run-session[1026]:   WARN: Process failed to start, likely because the binary could not be found. Command: QList("bluetoothctl", "show")
Oct 03 16:42:43 baseweed-admin dbus-run-session[1026]:   WARN: Process failed to start, likely because the binary could not be found. Command: QList("bluetoothctl", "show")
Oct 03 16:42:45 baseweed-admin dbus-run-session[1026]:   WARN: Process failed to start, likely because the binary could not be found. Command: QList("bluetoothctl", "show")
Oct 03 16:42:46 baseweed-admin dbus-run-session[1026]:   WARN qml: [20261003-164246]       Location Weather is still fetching
Oct 03 16:42:46 baseweed-admin dbus-run-session[1026]:  ERROR qml: [20261003-164246]       Location Geocoding error: 0
Oct 03 16:42:47 baseweed-admin dbus-run-session[1026]:   WARN: Process failed to start, likely because the binary could not be found. Command: QList("bluetoothctl", "show")
Oct 03 16:42:47 baseweed-admin dbus-run-session[1026]:   WARN qml: [20261003-164247]        Network Connectivity check error: Error: Not authorized to recheck connectivity.
Oct 03 16:42:49 baseweed-admin dbus-run-session[1026]:   WARN: Process failed to start, likely because the binary could not be found. Command: QList("bluetoothctl", "show")
Oct 03 16:42:51 baseweed-admin dbus-run-session[1026]:   WARN: Process failed to start, likely because the binary could not be found. Command: QList("bluetoothctl", "show")
Oct 03 16:42:53 baseweed-admin dbus-run-session[1026]:   WARN: Process failed to start, likely because the binary could not be found. Command: QList("bluetoothctl", "show")
Oct 03 16:42:55 baseweed-admin dbus-run-session[1026]:   WARN: Process failed to start, likely because the binary could not be found. Command: QList("bluetoothctl", "show")
Oct 03 16:42:56 baseweed-admin dbus-run-session[1026]:   INFO qml: [20261003-164256]        PodApps cache refresh loaded 0 apps
Oct 03 16:42:57 baseweed-admin dbus-run-session[1026]:   WARN: Process failed to start, likely because the binary could not be found. Command: QList("bluetoothctl", "show")
Oct 03 16:42:59 baseweed-admin dbus-run-session[1026]:   WARN: Process failed to start, likely because the binary could not be found. Command: QList("bluetoothctl", "show")
Oct 03 16:43:01 baseweed-admin dbus-run-session[1026]:   WARN: Process failed to start, likely because the binary could not be found. Command: QList("bluetoothctl", "show")
Oct 03 16:43:02 baseweed-admin dbus-run-session[1026]:   WARN qml: [20261003-164302]        Network Connectivity check error: Error: Not authorized to recheck connectivity.
Oct 03 16:43:03 baseweed-admin dbus-run-session[1026]:   WARN: Process failed to start, likely because the binary could not be found. Command: QList("bluetoothctl", "show")
Oct 03 16:43:05 baseweed-admin dbus-run-session[1026]:   WARN: Process failed to start, likely because the binary could not be found. Command: QList("bluetoothctl", "show")
Oct 03 16:43:06 baseweed-admin dbus-run-session[1026]:   WARN qml: [20261003-164306]       Location Weather is still fetching
Oct 03 16:43:06 baseweed-admin dbus-run-session[1026]:  ERROR qml: [20261003-164306]       Location Geocoding error: 0
Oct 03 16:43:07 baseweed-admin dbus-run-session[1026]:   WARN: Process failed to start, likely because the binary could not be found. Command: QList("bluetoothctl", "show")
Oct 03 16:43:09 baseweed-admin dbus-run-session[1026]:   WARN: Process failed to start, likely because the binary could not be found. Command: QList("bluetoothctl", "show")
Oct 03 16:43:11 baseweed-admin dbus-run-session[1026]:   WARN: Process failed to start, likely because the binary could not be found. Command: QList("bluetoothctl", "show")
Oct 03 16:43:13 baseweed-admin dbus-run-session[1026]:   WARN: Process failed to start, likely because the binary could not be found. Command: QList("bluetoothctl", "show")
Oct 03 16:43:15 baseweed-admin dbus-run-session[1026]:   WARN: Process failed to start, likely because the binary could not be found. Command: QList("bluetoothctl", "show")
Oct 03 16:43:17 baseweed-admin dbus-run-session[1026]:   WARN: Process failed to start, likely because the binary could not be found. Command: QList("bluetoothctl", "show")
Oct 03 16:43:17 baseweed-admin dbus-run-session[1026]:   WARN qml: [20261003-164317]        Network Connectivity check error: Error: Not authorized to recheck connectivity.
Oct 03 16:43:19 baseweed-admin dbus-run-session[1026]:   WARN: Process failed to start, likely because the binary could not be found. Command: QList("bluetoothctl", "show")
Oct 03 16:43:21 baseweed-admin dbus-run-session[1026]:   WARN: Process failed to start, likely because the binary could not be found. Command: QList("bluetoothctl", "show")
Oct 03 16:43:23 baseweed-admin dbus-run-session[1026]:   WARN: Process failed to start, likely because the binary could not be found. Command: QList("bluetoothctl", "show")
Oct 03 16:43:25 baseweed-admin dbus-run-session[1026]:   WARN: Process failed to start, likely because the binary could not be found. Command: QList("bluetoothctl", "show")
Oct 03 16:43:26 baseweed-admin dbus-run-session[1026]:   WARN qml: [20261003-164326]       Location Weather is still fetching
Oct 03 16:43:26 baseweed-admin dbus-run-session[1026]:  ERROR qml: [20261003-164326]       Location Geocoding error: 0
Oct 03 16:43:26 baseweed-admin dbus-run-session[1026]:   INFO qml: [20261003-164326]        PodApps cache refresh loaded 0 apps
Oct 03 16:43:27 baseweed-admin dbus-run-session[1026]:   WARN: Process failed to start, likely because the binary could not be found. Command: QList("bluetoothctl", "show")
Oct 03 16:43:29 baseweed-admin dbus-run-session[1026]:   WARN: Process failed to start, likely because the binary could not be found. Command: QList("bluetoothctl", "show")
Oct 03 16:43:31 baseweed-admin dbus-run-session[1026]:   WARN: Process failed to start, likely because the binary could not be found. Command: QList("bluetoothctl", "show")
Oct 03 16:43:32 baseweed-admin dbus-run-session[1026]:   WARN qml: [20261003-164332]        Network Connectivity check error: Error: Not authorized to recheck connectivity.
Oct 03 16:43:33 baseweed-admin dbus-run-session[1026]:   WARN: Process failed to start, likely because the binary could not be found. Command: QList("bluetoothctl", "show")
Oct 03 16:43:35 baseweed-admin dbus-run-session[1026]:   WARN: Process failed to start, likely because the binary could not be found. Command: QList("bluetoothctl", "show")
Oct 03 16:43:37 baseweed-admin dbus-run-session[1026]:   WARN: Process failed to start, likely because the binary could not be found. Command: QList("bluetoothctl", "show")
Oct 03 16:43:39 baseweed-admin dbus-run-session[1026]:   WARN: Process failed to start, likely because the binary could not be found. Command: QList("bluetoothctl", "show")
Oct 03 16:43:41 baseweed-admin dbus-run-session[1026]:   WARN: Process failed to start, likely because the binary could not be found. Command: QList("bluetoothctl", "show")
Oct 03 16:43:43 baseweed-admin dbus-run-session[1026]:   WARN: Process failed to start, likely because the binary could not be found. Command: QList("bluetoothctl", "show")
Oct 03 16:43:45 baseweed-admin dbus-run-session[1026]:   WARN: Process failed to start, likely because the binary could not be found. Command: QList("bluetoothctl", "show")
Oct 03 16:43:46 baseweed-admin dbus-run-session[1026]:   WARN qml: [20261003-164346]       Location Weather is still fetching
Oct 03 16:43:46 baseweed-admin dbus-run-session[1026]:  ERROR qml: [20261003-164346]       Location Geocoding error: 0
Oct 03 16:43:47 baseweed-admin dbus-run-session[1026]:   WARN: Process failed to start, likely because the binary could not be found. Command: QList("bluetoothctl", "show")
Oct 03 16:43:47 baseweed-admin dbus-run-session[1026]:   WARN qml: [20261003-164347]        Network Connectivity check error: Error: Not authorized to recheck connectivity.
Oct 03 16:43:49 baseweed-admin dbus-run-session[1026]:   WARN: Process failed to start, likely because the binary could not be found. Command: QList("bluetoothctl", "show")
Oct 03 16:43:51 baseweed-admin dbus-run-session[1026]:   WARN: Process failed to start, likely because the binary could not be found. Command: QList("bluetoothctl", "show")
Oct 03 16:43:53 baseweed-admin dbus-run-session[1026]:   WARN: Process failed to start, likely because the binary could not be found. Command: QList("bluetoothctl", "show")
Oct 03 16:43:55 baseweed-admin dbus-run-session[1026]:   WARN: Process failed to start, likely because the binary could not be found. Command: QList("bluetoothctl", "show")
Oct 03 16:43:56 baseweed-admin dbus-run-session[1026]:   INFO qml: [20261003-164356]        PodApps cache refresh loaded 0 apps
Oct 03 16:43:57 baseweed-admin dbus-run-session[1026]:   WARN: Process failed to start, likely because the binary could not be found. Command: QList("bluetoothctl", "show")
Oct 03 16:43:59 baseweed-admin dbus-run-session[1026]:   WARN: Process failed to start, likely because the binary could not be found. Command: QList("bluetoothctl", "show")
Oct 03 16:44:01 baseweed-admin dbus-run-session[1026]:   WARN: Process failed to start, likely because the binary could not be found. Command: QList("bluetoothctl", "show")
Oct 03 16:44:02 baseweed-admin dbus-run-session[1026]:   WARN qml: [20261003-164402]        Network Connectivity check error: Error: Not authorized to recheck connectivity.
Oct 03 16:44:03 baseweed-admin dbus-run-session[1026]:   WARN: Process failed to start, likely because the binary could not be found. Command: QList("bluetoothctl", "show")
Oct 03 16:44:05 baseweed-admin dbus-run-session[1026]:   WARN: Process failed to start, likely because the binary could not be found. Command: QList("bluetoothctl", "show")
Oct 03 16:44:06 baseweed-admin dbus-run-session[1026]:   WARN qml: [20261003-164406]       Location Weather is still fetching
Oct 03 16:44:06 baseweed-admin dbus-run-session[1026]:  ERROR qml: [20261003-164406]       Location Geocoding error: 0
Oct 03 16:44:07 baseweed-admin dbus-run-session[1026]:   WARN: Process failed to start, likely because the binary could not be found. Command: QList("bluetoothctl", "show")
Oct 03 16:44:09 baseweed-admin dbus-run-session[1026]:   WARN: Process failed to start, likely because the binary could not be found. Command: QList("bluetoothctl", "show")
Oct 03 16:44:11 baseweed-admin dbus-run-session[1026]:   WARN: Process failed to start, likely because the binary could not be found. Command: QList("bluetoothctl", "show")
Oct 03 16:44:13 baseweed-admin dbus-run-session[1026]:   WARN: Process failed to start, likely because the binary could not be found. Command: QList("bluetoothctl", "show")
Oct 03 16:44:14 baseweed-admin dbus-run-session[1026]:   INFO qml: [20261003-164414]          Qdwin toplevel_security_context handle=1 engine=qdistro.tier3s app_id=qdistro.tier3s.s125a instance=8fc09bf0670fb19121c72fca9f1d0456
Oct 03 16:44:14 baseweed-admin dbus-run-session[1026]:   INFO qml: [20261003-164414]     Tier3sApps [tier3s] toplevel observed silo=s125a secctx=qdistro.tier3s.s125a color=#26c6da handle=1
Oct 03 16:44:14 baseweed-admin dbus-run-session[1026]:   INFO qml: [20261003-164414]     Tier3sApps [tier3s] silo=s125a color=#26c6da
Oct 03 16:44:14 baseweed-admin dbus-run-session[1026]:   WARN: Could not load icon "org.freedesktop.weston.wayland-terminal?fallback=application-x-executable" at size QSize(19, 19) from request
Oct 03 16:44:15 baseweed-admin dbus-run-session[1026]:   WARN: Process failed to start, likely because the binary could not be found. Command: QList("bluetoothctl", "show")
Oct 03 16:44:17 baseweed-admin dbus-run-session[1026]:   WARN: Process failed to start, likely because the binary could not be found. Command: QList("bluetoothctl", "show")
Oct 03 16:44:17 baseweed-admin dbus-run-session[1026]:   WARN qml: [20261003-164417]        Network Connectivity check error: Error: Not authorized to recheck connectivity.
Oct 03 16:44:19 baseweed-admin dbus-run-session[1026]:   WARN: Process failed to start, likely because the binary could not be found. Command: QList("bluetoothctl", "show")
Oct 03 16:44:19 baseweed-admin dbus-run-session[1026]:   INFO qml: [20261003-164419]          Qdwin toplevel_security_context handle=2 engine=qdistro.tier3s app_id=qdistro.tier3s.s125a instance=687c12461869c1afb331a3a87210c2f5
Oct 03 16:44:19 baseweed-admin dbus-run-session[1026]:   INFO qml: [20261003-164419]     Tier3sApps [tier3s] toplevel observed silo=s125a secctx=qdistro.tier3s.s125a color=#26c6da handle=2
Oct 03 16:44:19 baseweed-admin dbus-run-session[1026]:   INFO qml: [20261003-164419]     Tier3sApps [tier3s] silo=s125a color=#26c6da
Oct 03 16:44:20 baseweed-admin dbus-run-session[1026]:   INFO qml: [20261003-164420]        PodApps auto-scan: qdistro-tier3s-s125a transitioned to running
Oct 03 16:44:21 baseweed-admin dbus-run-session[1026]:   WARN: Process failed to start, likely because the binary could not be found. Command: QList("bluetoothctl", "show")
Oct 03 16:44:21 baseweed-admin dbus-run-session[1026]:   INFO qml: [20261003-164421]          Qdwin toplevel_security_context handle=3 engine=qdistro.tier3s app_id=qdistro.tier3s.s125b instance=03f8d3e0b857b4aa4d168fe10d4c4e5b
Oct 03 16:44:21 baseweed-admin dbus-run-session[1026]:   INFO qml: [20261003-164421]     Tier3sApps [tier3s] toplevel observed silo=s125b secctx=qdistro.tier3s.s125b color=#8bc34a handle=3
Oct 03 16:44:21 baseweed-admin dbus-run-session[1026]:   INFO qml: [20261003-164421]     Tier3sApps [tier3s] silo=s125b color=#8bc34a
Oct 03 16:44:22 baseweed-admin podman[13423]: 2026-10-03 16:44:22.440640043 +0000 UTC m=+0.150411127 container exec 2c2c557d8858fca472b8169556a90e3f064f1c43e7528a6f2faf79f03a8bf9ca (image=localhost/qdistro/tier3s-weston-terminal:latest, name=qdistro-tier3s-s125a, org.opencontainers.image.version=20260930.37.208, org.opensuse.base.reference=registry.opensuse.org/opensuse/tumbleweed:20260930.37.208, io.buildah.version=1.44.1, org.opensuse.base.vendor=openSUSE Project, org.opencontainers.image.created=2026-09-30T20:05:54.126624488Z, org.opencontainers.image.description=Image containing a minimal environment for containers based on openSUSE Tumbleweed., org.opensuse.base.disturl=obs://build.opensuse.org/openSUSE:Factory/images/561f9d4c8e4e1a441f95ad4ec6b5a914-opensuse-tumbleweed-image:docker, org.opensuse.base.title=openSUSE Tumbleweed Base Container, qdistro_tier3s_token=687c12461869c1afb331a3a87210c2f5, org.opencontainers.image.title=openSUSE Tumbleweed Base Container, org.opencontainers.image.vendor=openSUSE Project, org.opensuse.base.lifecycle-url=https://en.opensuse.org/Lifetime, org.opencontainers.image.url=https://www.opensuse.org, org.opensuse.base.version=20260930.37.208, org.opensuse.base.url=https://www.opensuse.org, org.opensuse.lifecycle-url=https://en.opensuse.org/Lifetime, org.opencontainers.image.source=https://build.opensuse.org/package/show/openSUSE:Factory/opensuse-tumbleweed-image?rev=561f9d4c8e4e1a441f95ad4ec6b5a914, org.qdistro.tier3s.workload=weston-terminal, org.opensuse.base.created=2026-09-30T20:05:54.126624488Z, org.openbuildservice.disturl=obs://build.opensuse.org/openSUSE:Factory/images/561f9d4c8e4e1a441f95ad4ec6b5a914-opensuse-tumbleweed-image:docker, org.opensuse.base.description=Image containing a minimal environment for containers based on openSUSE Tumbleweed., org.opensuse.reference=registry.opensuse.org/opensuse/tumbleweed:20260930.37.208, org.opensuse.base.source=https://build.opensuse.org/package/show/openSUSE:Factory/opensuse-tumbleweed-image?rev=561f9d4c8e4e1a441f95ad4ec6b5a914, org.qdistro.snapshot=20260930, qdistro_tier3s_unit=qdistro-tier3s-silo@s125a.service)
Oct 03 16:44:22 baseweed-admin conmon[13446]: conmon 2c2c557d8858fca472b8 <nwarn>: Failed to open cgroups file: /sys/fs/cgroup/user.slice/user-1000.slice/user@1000.service/app.slice/qdshell.service/memory.events
Oct 03 16:44:22 baseweed-admin podman[13423]: 2026-10-03 16:44:22.569213207 +0000 UTC m=+0.278984271 container exec_died 2c2c557d8858fca472b8169556a90e3f064f1c43e7528a6f2faf79f03a8bf9ca (image=localhost/qdistro/tier3s-weston-terminal:latest, name=qdistro-tier3s-s125a, org.openbuildservice.disturl=obs://build.opensuse.org/openSUSE:Factory/images/561f9d4c8e4e1a441f95ad4ec6b5a914-opensuse-tumbleweed-image:docker, org.opensuse.base.disturl=obs://build.opensuse.org/openSUSE:Factory/images/561f9d4c8e4e1a441f95ad4ec6b5a914-opensuse-tumbleweed-image:docker, execID=54585545716eb97b121d1361a13d535127ef491ad326f986609d269b7bbc294f, org.opencontainers.image.vendor=openSUSE Project, org.opencontainers.image.description=Image containing a minimal environment for containers based on openSUSE Tumbleweed., org.opensuse.base.source=https://build.opensuse.org/package/show/openSUSE:Factory/opensuse-tumbleweed-image?rev=561f9d4c8e4e1a441f95ad4ec6b5a914, org.qdistro.snapshot=20260930, org.opencontainers.image.version=20260930.37.208, qdistro_tier3s_token=687c12461869c1afb331a3a87210c2f5, org.opencontainers.image.title=openSUSE Tumbleweed Base Container, org.opencontainers.image.url=https://www.opensuse.org, org.opensuse.base.description=Image containing a minimal environment for containers based on openSUSE Tumbleweed., org.opencontainers.image.created=2026-09-30T20:05:54.126624488Z, org.opensuse.base.url=https://www.opensuse.org, org.qdistro.tier3s.workload=weston-terminal, qdistro_tier3s_unit=qdistro-tier3s-silo@s125a.service, org.opensuse.base.lifecycle-url=https://en.opensuse.org/Lifetime, org.opensuse.base.reference=registry.opensuse.org/opensuse/tumbleweed:20260930.37.208, io.buildah.version=1.44.1, org.opensuse.lifecycle-url=https://en.opensuse.org/Lifetime, org.opensuse.reference=registry.opensuse.org/opensuse/tumbleweed:20260930.37.208, org.opencontainers.image.source=https://build.opensuse.org/package/show/openSUSE:Factory/opensuse-tumbleweed-image?rev=561f9d4c8e4e1a441f95ad4ec6b5a914, org.opensuse.base.created=2026-09-30T20:05:54.126624488Z, org.opensuse.base.title=openSUSE Tumbleweed Base Container, org.opensuse.base.vendor=openSUSE Project, org.opensuse.base.version=20260930.37.208)
Oct 03 16:44:22 baseweed-admin dbus-run-session[1026]:   INFO qml: [20261003-164422]        PodApps cache refresh loaded 0 apps
Oct 03 16:44:23 baseweed-admin dbus-run-session[1026]:   INFO qml: [20261003-164423]        PodApps auto-scan: qdistro-tier3s-s125b transitioned to running
Oct 03 16:44:23 baseweed-admin dbus-run-session[1026]:   WARN: Process failed to start, likely because the binary could not be found. Command: QList("bluetoothctl", "show")
Oct 03 16:44:25 baseweed-admin dbus-run-session[1026]:   WARN: Process failed to start, likely because the binary could not be found. Command: QList("bluetoothctl", "show")
Oct 03 16:44:25 baseweed-admin podman[13772]: 2026-10-03 16:44:25.607829694 +0000 UTC m=+0.122892748 container exec ff5cf8118f5533a28685596748667115c443c8a83305b4aa72d2ac3ed6309b01 (image=localhost/qdistro/tier3s-weston-terminal:latest, name=qdistro-tier3s-s125b, org.opensuse.base.description=Image containing a minimal environment for containers based on openSUSE Tumbleweed., org.qdistro.tier3s.workload=weston-terminal, qdistro_tier3s_unit=qdistro-tier3s-silo@s125b.service, org.opensuse.reference=registry.opensuse.org/opensuse/tumbleweed:20260930.37.208, org.opencontainers.image.source=https://build.opensuse.org/package/show/openSUSE:Factory/opensuse-tumbleweed-image?rev=561f9d4c8e4e1a441f95ad4ec6b5a914, org.opensuse.base.created=2026-09-30T20:05:54.126624488Z, org.opencontainers.image.description=Image containing a minimal environment for containers based on openSUSE Tumbleweed., org.opencontainers.image.version=20260930.37.208, org.opencontainers.image.created=2026-09-30T20:05:54.126624488Z, org.opencontainers.image.vendor=openSUSE Project, org.opensuse.base.reference=registry.opensuse.org/opensuse/tumbleweed:20260930.37.208, org.opencontainers.image.url=https://www.opensuse.org, org.opensuse.lifecycle-url=https://en.opensuse.org/Lifetime, org.opensuse.base.vendor=openSUSE Project, org.openbuildservice.disturl=obs://build.opensuse.org/openSUSE:Factory/images/561f9d4c8e4e1a441f95ad4ec6b5a914-opensuse-tumbleweed-image:docker, org.opencontainers.image.title=openSUSE Tumbleweed Base Container, org.opensuse.base.source=https://build.opensuse.org/package/show/openSUSE:Factory/opensuse-tumbleweed-image?rev=561f9d4c8e4e1a441f95ad4ec6b5a914, org.opensuse.base.url=https://www.opensuse.org, org.qdistro.snapshot=20260930, org.opensuse.base.title=openSUSE Tumbleweed Base Container, qdistro_tier3s_token=03f8d3e0b857b4aa4d168fe10d4c4e5b, io.buildah.version=1.44.1, org.opensuse.base.disturl=obs://build.opensuse.org/openSUSE:Factory/images/561f9d4c8e4e1a441f95ad4ec6b5a914-opensuse-tumbleweed-image:docker, org.opensuse.base.version=20260930.37.208, org.opensuse.base.lifecycle-url=https://en.opensuse.org/Lifetime)
Oct 03 16:44:25 baseweed-admin conmon[13786]: conmon ff5cf8118f5533a28685 <nwarn>: Failed to open cgroups file: /sys/fs/cgroup/user.slice/user-1000.slice/user@1000.service/app.slice/qdshell.service/memory.events
Oct 03 16:44:25 baseweed-admin podman[13810]: 2026-10-03 16:44:25.689692617 +0000 UTC m=+0.056981579 container exec_died ff5cf8118f5533a28685596748667115c443c8a83305b4aa72d2ac3ed6309b01 (image=localhost/qdistro/tier3s-weston-terminal:latest, name=qdistro-tier3s-s125b, org.opensuse.base.created=2026-09-30T20:05:54.126624488Z, org.qdistro.snapshot=20260930, qdistro_tier3s_token=03f8d3e0b857b4aa4d168fe10d4c4e5b, org.opencontainers.image.title=openSUSE Tumbleweed Base Container, org.opencontainers.image.created=2026-09-30T20:05:54.126624488Z, org.opencontainers.image.source=https://build.opensuse.org/package/show/openSUSE:Factory/opensuse-tumbleweed-image?rev=561f9d4c8e4e1a441f95ad4ec6b5a914, org.opensuse.base.disturl=obs://build.opensuse.org/openSUSE:Factory/images/561f9d4c8e4e1a441f95ad4ec6b5a914-opensuse-tumbleweed-image:docker, org.opensuse.base.lifecycle-url=https://en.opensuse.org/Lifetime, org.qdistro.tier3s.workload=weston-terminal, org.opensuse.base.url=https://www.opensuse.org, org.opensuse.base.version=20260930.37.208, io.buildah.version=1.44.1, execID=1fc61288fd89784bfc4d47d69c8689ed9dd82c51b82c2a9a516aef5b4e6016bc, qdistro_tier3s_unit=qdistro-tier3s-silo@s125b.service, org.opensuse.base.vendor=openSUSE Project, org.openbuildservice.disturl=obs://build.opensuse.org/openSUSE:Factory/images/561f9d4c8e4e1a441f95ad4ec6b5a914-opensuse-tumbleweed-image:docker, org.opensuse.base.description=Image containing a minimal environment for containers based on openSUSE Tumbleweed., org.opensuse.base.reference=registry.opensuse.org/opensuse/tumbleweed:20260930.37.208, org.opensuse.lifecycle-url=https://en.opensuse.org/Lifetime, org.opencontainers.image.description=Image containing a minimal environment for containers based on openSUSE Tumbleweed., org.opensuse.base.source=https://build.opensuse.org/package/show/openSUSE:Factory/opensuse-tumbleweed-image?rev=561f9d4c8e4e1a441f95ad4ec6b5a914, org.opensuse.base.title=openSUSE Tumbleweed Base Container, org.opencontainers.image.url=https://www.opensuse.org, org.opencontainers.image.vendor=openSUSE Project, org.opensuse.reference=registry.opensuse.org/opensuse/tumbleweed:20260930.37.208, org.opencontainers.image.version=20260930.37.208)
Oct 03 16:44:25 baseweed-admin podman[13772]: 2026-10-03 16:44:25.723036362 +0000 UTC m=+0.238099396 container exec_died ff5cf8118f5533a28685596748667115c443c8a83305b4aa72d2ac3ed6309b01 (image=localhost/qdistro/tier3s-weston-terminal:latest, name=qdistro-tier3s-s125b, org.opencontainers.image.title=openSUSE Tumbleweed Base Container, org.qdistro.tier3s.workload=weston-terminal, qdistro_tier3s_unit=qdistro-tier3s-silo@s125b.service, org.opensuse.reference=registry.opensuse.org/opensuse/tumbleweed:20260930.37.208, org.opensuse.base.disturl=obs://build.opensuse.org/openSUSE:Factory/images/561f9d4c8e4e1a441f95ad4ec6b5a914-opensuse-tumbleweed-image:docker, org.opensuse.base.vendor=openSUSE Project, org.opensuse.base.description=Image containing a minimal environment for containers based on openSUSE Tumbleweed., qdistro_tier3s_token=03f8d3e0b857b4aa4d168fe10d4c4e5b, org.opensuse.base.reference=registry.opensuse.org/opensuse/tumbleweed:20260930.37.208, org.opensuse.base.source=https://build.opensuse.org/package/show/openSUSE:Factory/opensuse-tumbleweed-image?rev=561f9d4c8e4e1a441f95ad4ec6b5a914, org.opensuse.base.url=https://www.opensuse.org, org.opensuse.lifecycle-url=https://en.opensuse.org/Lifetime, org.opencontainers.image.version=20260930.37.208, execID=1fc61288fd89784bfc4d47d69c8689ed9dd82c51b82c2a9a516aef5b4e6016bc, io.buildah.version=1.44.1, org.opensuse.base.lifecycle-url=https://en.opensuse.org/Lifetime, org.openbuildservice.disturl=obs://build.opensuse.org/openSUSE:Factory/images/561f9d4c8e4e1a441f95ad4ec6b5a914-opensuse-tumbleweed-image:docker, org.opencontainers.image.created=2026-09-30T20:05:54.126624488Z, org.opencontainers.image.vendor=openSUSE Project, org.opencontainers.image.url=https://www.opensuse.org, org.opencontainers.image.description=Image containing a minimal environment for containers based on openSUSE Tumbleweed., org.opensuse.base.version=20260930.37.208, org.opensuse.base.title=openSUSE Tumbleweed Base Container, org.opencontainers.image.source=https://build.opensuse.org/package/show/openSUSE:Factory/opensuse-tumbleweed-image?rev=561f9d4c8e4e1a441f95ad4ec6b5a914, org.opensuse.base.created=2026-09-30T20:05:54.126624488Z, org.qdistro.snapshot=20260930)
Oct 03 16:44:25 baseweed-admin dbus-run-session[1026]:   INFO qml: [20261003-164425]  Tier3FocusIPC findSiloHandle silo=s125b → HANDLE=3
Oct 03 16:44:25 baseweed-admin dbus-run-session[1026]:   INFO qml: [20261003-164425]        PodApps cache refresh loaded 0 apps
Oct 03 16:44:26 baseweed-admin dbus-run-session[1026]:   WARN qml: [20261003-164426]       Location Weather is still fetching
Oct 03 16:44:26 baseweed-admin dbus-run-session[1026]:   INFO qml: [20261003-164426]        PodApps cache refresh loaded 0 apps
Oct 03 16:44:26 baseweed-admin dbus-run-session[1026]:  ERROR qml: [20261003-164426]       Location Geocoding error: 0
Oct 03 16:44:27 baseweed-admin dbus-run-session[1026]:   WARN: Process failed to start, likely because the binary could not be found. Command: QList("bluetoothctl", "show")
Oct 03 16:44:29 baseweed-admin dbus-run-session[1026]:   WARN: Process failed to start, likely because the binary could not be found. Command: QList("bluetoothctl", "show")
