Oct 03 16:39:58 baseweed-admin systemd[882]: Starting qdshell desktop (Quickshell QML on top of qdwin)...
Oct 03 16:40:00 baseweed-admin systemd[882]: Started qdshell desktop (Quickshell QML on top of qdwin).
Oct 03 16:40:00 baseweed-admin dbus-run-session[1038]: No running instances for "/usr/share/quickshell/qdshell/shell.qml"
Oct 03 16:40:00 baseweed-admin dbus-run-session[1038]:   INFO: Launching config: "/usr/share/quickshell/qdshell/shell.qml"
Oct 03 16:40:00 baseweed-admin dbus-run-session[1038]:   INFO: Shell ID: "0d0d1ceeb7f0392fec595c8531945b05" Path ID "0d0d1ceeb7f0392fec595c8531945b05"
Oct 03 16:40:00 baseweed-admin dbus-run-session[1038]:   INFO: Saving logs to "/run/user/1000/quickshell/by-id/usombcmt/log.qslog"
Oct 03 16:40:00 baseweed-admin dbus-run-session[1038]: MESA-EGL: warning: failed to get driver name for fd -1
Oct 03 16:40:00 baseweed-admin dbus-run-session[1038]: MESA-EGL: warning: MESA-LOADER: failed to retrieve device information
Oct 03 16:40:00 baseweed-admin dbus-run-session[1038]: MESA-EGL: warning: failed to get driver name for fd -1
Oct 03 16:40:00 baseweed-admin dbus-run-session[1038]: MESA: error: ZINK: failed to choose pdev
Oct 03 16:40:00 baseweed-admin dbus-run-session[1038]: MESA-EGL: warning: egl: failed to create dri2 screen
Oct 03 16:40:18 baseweed-admin dbus-run-session[1038]:   INFO qml: [20261003-164018]           I18n Service started
Oct 03 16:40:18 baseweed-admin dbus-run-session[1038]:   INFO qml: [20261003-164018]           I18n Loading "en" (locale: "en-Latn-US")
Oct 03 16:40:18 baseweed-admin dbus-run-session[1038]:   INFO qml: [20261003-164018]          Shell ---------------------------
Oct 03 16:40:18 baseweed-admin dbus-run-session[1038]:   INFO qml: [20261003-164018]          Shell Qdshell Hello!
Oct 03 16:40:18 baseweed-admin dbus-run-session[1038]:   WARN scene: @Commons/I18n.qml[104:5]: Unable to assign QJSValue to QObject*
Oct 03 16:40:18 baseweed-admin dbus-run-session[1038]:   INFO: Configuration Loaded
Oct 03 16:40:18 baseweed-admin dbus-run-session[1038]:   WARN scene: @Commons/I18n.qml[104:5]: Unable to assign QJSValue to QObject*
Oct 03 16:40:18 baseweed-admin dbus-run-session[1038]:   INFO qml: [20261003-164018]       Settings Settings loaded
Oct 03 16:40:18 baseweed-admin dbus-run-session[1038]:   INFO qml: [20261003-164018]           I18n Loaded translations for "en"
Oct 03 16:40:18 baseweed-admin dbus-run-session[1038]:   INFO qml: [20261003-164018] PluginRegistry Loaded plugin states from: /home/admin/.config/qdshell/plugins.json
Oct 03 16:40:18 baseweed-admin dbus-run-session[1038]:   INFO qml: [20261003-164018] PluginRegistry Scanning plugin folder: /home/admin/.config/qdshell/plugins
Oct 03 16:40:18 baseweed-admin dbus-run-session[1038]:   INFO qml: [20261003-164018]          Icons Service started
Oct 03 16:40:18 baseweed-admin dbus-run-session[1038]:   INFO: ctrl-server: listening on /run/user/1000/qdshell.sock
Oct 03 16:40:18 baseweed-admin dbus-run-session[1038]:   WARN scene: QML Connections at @Services/Hardware/BrightnessService.qml[66:3]: Detected function "onEnableDdcSupportChanged" in Connections element. This is probably intended to be a signal handler but no signal of the target matches the name.
Oct 03 16:40:18 baseweed-admin dbus-run-session[1038]:   INFO qml: [20261003-164018]     Brightness Service started
Oct 03 16:40:19 baseweed-admin dbus-run-session[1038]:   INFO qml: [20261003-164019] DesktopWidgetR Service started
Oct 03 16:40:19 baseweed-admin dbus-run-session[1038]:   WARN scene: QML Connections at @Services/UI/BarService.qml[147:3]: Detected function "onDisplayModeChanged" in Connections element. This is probably intended to be a signal handler but no signal of the target matches the name.
Oct 03 16:40:19 baseweed-admin dbus-run-session[1038]:   WARN scene: QML Connections at @Services/UI/BarService.qml[147:3]: Detected function "onScreenOverridesChanged" in Connections element. This is probably intended to be a signal handler but no signal of the target matches the name.
Oct 03 16:40:19 baseweed-admin dbus-run-session[1038]:   INFO qml: [20261003-164019]     BarService Service started
Oct 03 16:40:19 baseweed-admin dbus-run-session[1038]:   WARN scene: QML Connections at @Services/Networking/NetworkService.qml[73:3]: Detected function "onWifiEnabledChanged" in Connections element. This is probably intended to be a signal handler but no signal of the target matches the name.
Oct 03 16:40:19 baseweed-admin dbus-run-session[1038]:   INFO qml: [20261003-164019]        Network Service started
Oct 03 16:40:19 baseweed-admin dbus-run-session[1038]:   WARN scene: QML Connections at @Modules/Panels/Dock/StaticDockPanel.qml[350:3]: Detected function "onPinnedAppsChanged" in Connections element. This is probably intended to be a signal handler but no signal of the target matches the name.
Oct 03 16:40:19 baseweed-admin dbus-run-session[1038]:   WARN scene: QML Connections at @Modules/Panels/Dock/StaticDockPanel.qml[350:3]: Detected function "onOnlySameOutputChanged" in Connections element. This is probably intended to be a signal handler but no signal of the target matches the name.
Oct 03 16:40:19 baseweed-admin dbus-run-session[1038]:   WARN scene: QML Connections at @Services/System/SystemStatService.qml[320:3]: Detected function "onEnableDgpuMonitoringChanged" in Connections element. This is probably intended to be a signal handler but no signal of the target matches the name.
Oct 03 16:40:19 baseweed-admin dbus-run-session[1038]:   INFO qml: [20261003-164019]     SystemStat Service started (polling deferred until a consumer registers).
Oct 03 16:40:19 baseweed-admin dbus-run-session[1038]:   WARN scene: QML Connections at @Modules/Panels/Dock/StaticDockPanel.qml[350:3]: Detected function "onPinnedAppsChanged" in Connections element. This is probably intended to be a signal handler but no signal of the target matches the name.
Oct 03 16:40:19 baseweed-admin dbus-run-session[1038]:   WARN scene: QML Connections at @Modules/Panels/Dock/StaticDockPanel.qml[350:3]: Detected function "onOnlySameOutputChanged" in Connections element. This is probably intended to be a signal handler but no signal of the target matches the name.
Oct 03 16:40:19 baseweed-admin dbus-run-session[1038]:   WARN scene: QML Connections at @Modules/Panels/Dock/StaticDockPanel.qml[350:3]: Detected function "onPinnedAppsChanged" in Connections element. This is probably intended to be a signal handler but no signal of the target matches the name.
Oct 03 16:40:19 baseweed-admin dbus-run-session[1038]:   WARN scene: QML Connections at @Modules/Panels/Dock/StaticDockPanel.qml[350:3]: Detected function "onOnlySameOutputChanged" in Connections element. This is probably intended to be a signal handler but no signal of the target matches the name.
Oct 03 16:40:19 baseweed-admin dbus-run-session[1038]:   WARN scene: QML Connections at @Services/UI/WallpaperService.qml[140:3]: Detected function "onWallpaperDownloaded" in Connections element. This is probably intended to be a signal handler but no signal of the target matches the name.
Oct 03 16:40:19 baseweed-admin dbus-run-session[1038]:   WARN scene: QML Connections at @Services/UI/WallpaperService.qml[61:3]: Detected function "onDirectoryChanged" in Connections element. This is probably intended to be a signal handler but no signal of the target matches the name.
Oct 03 16:40:19 baseweed-admin dbus-run-session[1038]:   WARN scene: QML Connections at @Services/UI/WallpaperService.qml[61:3]: Detected function "onEnableMultiMonitorDirectoriesChanged" in Connections element. This is probably intended to be a signal handler but no signal of the target matches the name.
Oct 03 16:40:19 baseweed-admin dbus-run-session[1038]:   WARN scene: QML Connections at @Services/UI/WallpaperService.qml[61:3]: Detected function "onAutomationEnabledChanged" in Connections element. This is probably intended to be a signal handler but no signal of the target matches the name.
Oct 03 16:40:19 baseweed-admin dbus-run-session[1038]:   WARN scene: QML Connections at @Services/UI/WallpaperService.qml[61:3]: Detected function "onRandomIntervalSecChanged" in Connections element. This is probably intended to be a signal handler but no signal of the target matches the name.
Oct 03 16:40:19 baseweed-admin dbus-run-session[1038]:   WARN scene: QML Connections at @Services/UI/WallpaperService.qml[61:3]: Detected function "onWallpaperChangeModeChanged" in Connections element. This is probably intended to be a signal handler but no signal of the target matches the name.
Oct 03 16:40:19 baseweed-admin dbus-run-session[1038]:   WARN scene: QML Connections at @Services/UI/WallpaperService.qml[61:3]: Detected function "onViewModeChanged" in Connections element. This is probably intended to be a signal handler but no signal of the target matches the name.
Oct 03 16:40:19 baseweed-admin dbus-run-session[1038]:   WARN scene: QML Connections at @Services/UI/WallpaperService.qml[61:3]: Detected function "onShowHiddenFilesChanged" in Connections element. This is probably intended to be a signal handler but no signal of the target matches the name.
Oct 03 16:40:19 baseweed-admin dbus-run-session[1038]:   WARN scene: QML Connections at @Services/UI/WallpaperService.qml[61:3]: Detected function "onUseSolidColorChanged" in Connections element. This is probably intended to be a signal handler but no signal of the target matches the name.
Oct 03 16:40:19 baseweed-admin dbus-run-session[1038]:   WARN scene: QML Connections at @Services/UI/WallpaperService.qml[61:3]: Detected function "onSolidColorChanged" in Connections element. This is probably intended to be a signal handler but no signal of the target matches the name.
Oct 03 16:40:19 baseweed-admin dbus-run-session[1038]:   WARN scene: QML Connections at @Services/UI/WallpaperService.qml[61:3]: Detected function "onSortOrderChanged" in Connections element. This is probably intended to be a signal handler but no signal of the target matches the name.
Oct 03 16:40:19 baseweed-admin dbus-run-session[1038]:   WARN scene: QML Connections at @Modules/Background/Background.qml[80:7]: Detected function "onFillModeChanged" in Connections element. This is probably intended to be a signal handler but no signal of the target matches the name.
Oct 03 16:40:19 baseweed-admin dbus-run-session[1038]:   WARN scene: QML Connections at @Modules/Background/Background.qml[80:7]: Detected function "onFillModeChanged" in Connections element. This is probably intended to be a signal handler but no signal of the target matches the name.
Oct 03 16:40:19 baseweed-admin dbus-run-session[1038]:   WARN scene: QML Connections at @Modules/Background/Background.qml[80:7]: Detected function "onFillModeChanged" in Connections element. This is probably intended to be a signal handler but no signal of the target matches the name.
Oct 03 16:40:19 baseweed-admin dbus-run-session[1038]:   WARN scene: QML Connections at @Modules/Dock/Dock.qml[45:7]: Detected function "onPinnedAppsChanged" in Connections element. This is probably intended to be a signal handler but no signal of the target matches the name.
Oct 03 16:40:19 baseweed-admin dbus-run-session[1038]:   WARN scene: QML Connections at @Modules/Dock/Dock.qml[45:7]: Detected function "onOnlySameOutputChanged" in Connections element. This is probably intended to be a signal handler but no signal of the target matches the name.
Oct 03 16:40:19 baseweed-admin dbus-run-session[1038]:   WARN scene: QML Connections at @Modules/Dock/Dock.qml[45:7]: Detected function "onPinnedAppsChanged" in Connections element. This is probably intended to be a signal handler but no signal of the target matches the name.
Oct 03 16:40:19 baseweed-admin dbus-run-session[1038]:   WARN scene: QML Connections at @Modules/Dock/Dock.qml[45:7]: Detected function "onOnlySameOutputChanged" in Connections element. This is probably intended to be a signal handler but no signal of the target matches the name.
Oct 03 16:40:19 baseweed-admin dbus-run-session[1038]:   WARN scene: QML Connections at @Modules/Dock/Dock.qml[45:7]: Detected function "onPinnedAppsChanged" in Connections element. This is probably intended to be a signal handler but no signal of the target matches the name.
Oct 03 16:40:19 baseweed-admin dbus-run-session[1038]:   WARN scene: QML Connections at @Modules/Dock/Dock.qml[45:7]: Detected function "onOnlySameOutputChanged" in Connections element. This is probably intended to be a signal handler but no signal of the target matches the name.
Oct 03 16:40:19 baseweed-admin dbus-run-session[1038]:   INFO qml: [20261003-164019]          Shell ---------------------------
Oct 03 16:40:19 baseweed-admin dbus-run-session[1038]:   INFO qml: [20261003-164019]      Wallpaper Service started
Oct 03 16:40:19 baseweed-admin dbus-run-session[1038]:   INFO qml: [20261003-164019]     ImageCache Service started
Oct 03 16:40:19 baseweed-admin dbus-run-session[1038]:   WARN scene: QML Connections at @Services/Theming/AppThemeService.qml[30:3]: Detected function "onDarkModeChanged" in Connections element. This is probably intended to be a signal handler but no signal of the target matches the name.
Oct 03 16:40:19 baseweed-admin dbus-run-session[1038]:   WARN scene: QML Connections at @Services/Theming/AppThemeService.qml[30:3]: Detected function "onMonitorForColorsChanged" in Connections element. This is probably intended to be a signal handler but no signal of the target matches the name.
Oct 03 16:40:19 baseweed-admin dbus-run-session[1038]:   WARN scene: QML Connections at @Services/Theming/AppThemeService.qml[30:3]: Detected function "onGenerationMethodChanged" in Connections element. This is probably intended to be a signal handler but no signal of the target matches the name.
Oct 03 16:40:19 baseweed-admin dbus-run-session[1038]:   INFO qml: [20261003-164019] AppThemeServic Service started
Oct 03 16:40:19 baseweed-admin dbus-run-session[1038]:   WARN scene: QML Connections at @Services/Theming/ColorSchemeService.qml[20:3]: Detected function "onDarkModeChanged" in Connections element. This is probably intended to be a signal handler but no signal of the target matches the name.
Oct 03 16:40:19 baseweed-admin dbus-run-session[1038]:   INFO qml: [20261003-164019]    ColorScheme Service started
Oct 03 16:40:19 baseweed-admin dbus-run-session[1038]:   INFO qml: [20261003-164019] AppPresentatio Service started
Oct 03 16:40:19 baseweed-admin dbus-run-session[1038]:   WARN scene: QML Connections at @Services/Location/DarkModeService.qml[43:3]: Detected function "onSchedulingModeChanged" in Connections element. This is probably intended to be a signal handler but no signal of the target matches the name.
Oct 03 16:40:19 baseweed-admin dbus-run-session[1038]:   WARN scene: QML Connections at @Services/Location/DarkModeService.qml[28:3]: Detected function "onManualSunriseChanged" in Connections element. This is probably intended to be a signal handler but no signal of the target matches the name.
Oct 03 16:40:19 baseweed-admin dbus-run-session[1038]:   WARN scene: QML Connections at @Services/Location/DarkModeService.qml[28:3]: Detected function "onManualSunsetChanged" in Connections element. This is probably intended to be a signal handler but no signal of the target matches the name.
Oct 03 16:40:19 baseweed-admin dbus-run-session[1038]:   INFO qml: [20261003-164019] DarkModeServic Service started
Oct 03 16:40:19 baseweed-admin dbus-run-session[1038]:   WARN scene: @Services/Location/DarkModeService.qml[29:5]: Unable to assign QJSValue to QObject*
Oct 03 16:40:19 baseweed-admin dbus-run-session[1038]:   WARN scene: @Services/Location/DarkModeService.qml[44:5]: Unable to assign QJSValue to QObject*
Oct 03 16:40:19 baseweed-admin dbus-run-session[1038]:   WARN scene: @Services/Theming/ColorSchemeService.qml[21:5]: Unable to assign QJSValue to QObject*
Oct 03 16:40:19 baseweed-admin dbus-run-session[1038]:   WARN scene: @Services/Theming/AppThemeService.qml[31:5]: Unable to assign QJSValue to QObject*
Oct 03 16:40:19 baseweed-admin dbus-run-session[1038]:   WARN scene: @Modules/Dock/Dock.qml[46:9]: Unable to assign QJSValue to QObject*
Oct 03 16:40:19 baseweed-admin dbus-run-session[1038]:   WARN scene: @Modules/Dock/Dock.qml[46:9]: Unable to assign QJSValue to QObject*
Oct 03 16:40:19 baseweed-admin dbus-run-session[1038]:   WARN scene: @Modules/Dock/Dock.qml[46:9]: Unable to assign QJSValue to QObject*
Oct 03 16:40:19 baseweed-admin dbus-run-session[1038]:   WARN scene: @Modules/Background/Background.qml[81:9]: Unable to assign QJSValue to QObject*
Oct 03 16:40:19 baseweed-admin dbus-run-session[1038]:   WARN scene: @Modules/Background/Background.qml[81:9]: Unable to assign QJSValue to QObject*
Oct 03 16:40:19 baseweed-admin dbus-run-session[1038]:   WARN scene: @Modules/Background/Background.qml[81:9]: Unable to assign QJSValue to QObject*
Oct 03 16:40:19 baseweed-admin dbus-run-session[1038]:   WARN scene: @Services/UI/WallpaperService.qml[62:5]: Unable to assign QJSValue to QObject*
Oct 03 16:40:19 baseweed-admin dbus-run-session[1038]:   WARN scene: @Modules/Panels/SessionMenu/SessionMenu.qml[152:5]: Unable to assign QJSValue to QObject*
Oct 03 16:40:19 baseweed-admin dbus-run-session[1038]:   WARN scene: @Modules/Panels/Dock/StaticDockPanel.qml[351:5]: Unable to assign QJSValue to QObject*
Oct 03 16:40:19 baseweed-admin dbus-run-session[1038]:   WARN scene: @Modules/Panels/SessionMenu/SessionMenu.qml[152:5]: Unable to assign QJSValue to QObject*
Oct 03 16:40:19 baseweed-admin dbus-run-session[1038]:   WARN scene: @Modules/Panels/Dock/StaticDockPanel.qml[351:5]: Unable to assign QJSValue to QObject*
Oct 03 16:40:19 baseweed-admin dbus-run-session[1038]:   WARN scene: @Services/System/SystemStatService.qml[321:5]: Unable to assign QJSValue to QObject*
Oct 03 16:40:19 baseweed-admin dbus-run-session[1038]:   WARN scene: @Modules/Panels/SessionMenu/SessionMenu.qml[152:5]: Unable to assign QJSValue to QObject*
Oct 03 16:40:19 baseweed-admin dbus-run-session[1038]:   WARN scene: @Services/Networking/NetworkService.qml[74:5]: Unable to assign QJSValue to QObject*
Oct 03 16:40:19 baseweed-admin dbus-run-session[1038]:   WARN scene: @Modules/Panels/Dock/StaticDockPanel.qml[351:5]: Unable to assign QJSValue to QObject*
Oct 03 16:40:19 baseweed-admin dbus-run-session[1038]:   WARN scene: @Services/UI/BarService.qml[148:5]: Unable to assign QJSValue to QObject*
Oct 03 16:40:19 baseweed-admin dbus-run-session[1038]:   WARN scene: @Services/Hardware/BrightnessService.qml[67:5]: Unable to assign QJSValue to QObject*
Oct 03 16:40:19 baseweed-admin dbus-run-session[1038]:   INFO qml: [20261003-164019]      Wallpaper Starting scan for Virtual-1 in /home/admin/Pictures/Wallpapers recursive: false
Oct 03 16:40:19 baseweed-admin dbus-run-session[1038]:   INFO qml: [20261003-164019]      Wallpaper Starting scan for pipewire-0 in /home/admin/Pictures/Wallpapers recursive: false
Oct 03 16:40:19 baseweed-admin dbus-run-session[1038]:   INFO qml: [20261003-164019]      Wallpaper Starting scan for pipewire-1 in /home/admin/Pictures/Wallpapers recursive: false
Oct 03 16:40:19 baseweed-admin dbus-run-session[1038]:   INFO qml: [20261003-164019]       Location Service started
Oct 03 16:40:19 baseweed-admin dbus-run-session[1038]:   WARN scene: QML Connections at @Services/Location/NightLightService.qml[96:3]: Detected function "onEnabledChanged" in Connections element. This is probably intended to be a signal handler but no signal of the target matches the name.
Oct 03 16:40:19 baseweed-admin dbus-run-session[1038]:   WARN scene: QML Connections at @Services/Location/NightLightService.qml[96:3]: Detected function "onForcedChanged" in Connections element. This is probably intended to be a signal handler but no signal of the target matches the name.
Oct 03 16:40:19 baseweed-admin dbus-run-session[1038]:   WARN scene: QML Connections at @Services/Location/NightLightService.qml[96:3]: Detected function "onNightTempChanged" in Connections element. This is probably intended to be a signal handler but no signal of the target matches the name.
Oct 03 16:40:19 baseweed-admin dbus-run-session[1038]:   WARN scene: QML Connections at @Services/Location/NightLightService.qml[96:3]: Detected function "onDayTempChanged" in Connections element. This is probably intended to be a signal handler but no signal of the target matches the name.
Oct 03 16:40:19 baseweed-admin dbus-run-session[1038]:   WARN scene: QML Connections at @Services/Control/HooksService.qml[16:3]: Detected function "onDarkModeChanged" in Connections element. This is probably intended to be a signal handler but no signal of the target matches the name.
Oct 03 16:40:19 baseweed-admin dbus-run-session[1038]:   INFO qml: [20261003-164019]   HooksService Service started
Oct 03 16:40:19 baseweed-admin dbus-run-session[1038]:   WARN quickshell.dbus.objectmanager: Failed to create DBusObjectManagerInterface for "org.bluez" "/" : QDBusError("org.freedesktop.DBus.Error.ServiceUnknown", "The name is not activatable")
Oct 03 16:40:19 baseweed-admin dbus-run-session[1038]:   INFO qml: [20261003-164019]      Bluetooth Service started
Oct 03 16:40:19 baseweed-admin dbus-run-session[1038]:   INFO qml: [20261003-164019]  IdleInhibitor Service started
Oct 03 16:40:19 baseweed-admin dbus-run-session[1038]:   INFO qml: [20261003-164019] CapabilityServ qdwin live-apply capabilities: pointer=false xkb=false wm=false output=false workspace=false idleDpms=false keybind=false
Oct 03 16:40:19 baseweed-admin dbus-run-session[1038]:   INFO qml: [20261003-164019]   PowerService Service started
Oct 03 16:40:19 baseweed-admin dbus-run-session[1038]:   INFO qml: [20261003-164019] AccessibilityS Service started
Oct 03 16:40:19 baseweed-admin dbus-run-session[1038]:   INFO qml: [20261003-164019]  KeyboardInput Service started
Oct 03 16:40:19 baseweed-admin dbus-run-session[1038]:   INFO qml: [20261003-164019] PointerInputSe Service started (qdwin live-apply: persist-only until shell binds >= v28)
Oct 03 16:40:19 baseweed-admin dbus-run-session[1038]:   INFO qml: [20261003-164019] WindowManagerS Service started (qdwin v25 live-apply: false, shortcuts: false)
Oct 03 16:40:19 baseweed-admin dbus-run-session[1038]:   INFO qml: [20261003-164019] SessionService started; saved=0 canApplyPlacement=false
Oct 03 16:40:19 baseweed-admin dbus-run-session[1038]:   INFO qml: [20261003-164019]    HostService Service started
Oct 03 16:40:19 baseweed-admin dbus-run-session[1038]:   INFO qml: [20261003-164019] CustomButtonIP Service started
Oct 03 16:40:19 baseweed-admin dbus-run-session[1038]:   INFO qml: [20261003-164019]     IPCService Service started
Oct 03 16:40:19 baseweed-admin dbus-run-session[1038]:   INFO qml: [20261003-164019]        PodApps service started
Oct 03 16:40:19 baseweed-admin dbus-run-session[1038]:   INFO qml: [20261003-164019]         VMApps service started
Oct 03 16:40:19 baseweed-admin dbus-run-session[1038]:   INFO qml: [20261003-164019]      Tier3Apps service started
Oct 03 16:40:19 baseweed-admin dbus-run-session[1038]:   INFO qml: [20261003-164019]     Tier3sApps service started
Oct 03 16:40:19 baseweed-admin dbus-run-session[1038]:   INFO qml: [20261003-164019]      Tier4Apps service started
Oct 03 16:40:19 baseweed-admin dbus-run-session[1038]:   INFO qml: [20261003-164019] RemoteMachineW service started
Oct 03 16:40:19 baseweed-admin dbus-run-session[1038]:   INFO qml: [20261003-164019]  Tier3FocusIPC service started
Oct 03 16:40:19 baseweed-admin dbus-run-session[1038]:   WARN quickshell.dbus: Could not launch service org.freedesktop.UPower.PowerProfiles: QDBusError(org.freedesktop.DBus.Error.ServiceUnknown, The name is not activatable)
Oct 03 16:40:19 baseweed-admin dbus-run-session[1038]:   WARN quickshell.service.powerprofiles: Could not start PowerProfilesDaemon. The PowerProfiles service will not work.
Oct 03 16:40:19 baseweed-admin dbus-run-session[1038]:   INFO qml: [20261003-164019]          Qdwin qdwin_shell_v1 bound v34
Oct 03 16:40:19 baseweed-admin dbus-run-session[1038]:   INFO qml: [20261003-164019]  ClipboardGate wired to qdwin_shell_v1; broker default=deny
Oct 03 16:40:19 baseweed-admin dbus-run-session[1038]:   INFO qml: [20261003-164019] WindowManagerS applied WM policy focus=click placement=smart snap=true/16
Oct 03 16:40:19 baseweed-admin dbus-run-session[1038]:   INFO qml: [20261003-164019] CapabilityServ wmPolicy -> true
Oct 03 16:40:19 baseweed-admin dbus-run-session[1038]:   INFO qml: [20261003-164019] WindowManagerS registered WM shortcuts (5 active)
Oct 03 16:40:19 baseweed-admin dbus-run-session[1038]:   INFO qml: [20261003-164019] CapabilityServ keybindRegistration -> true
Oct 03 16:40:19 baseweed-admin dbus-run-session[1038]:   INFO qml: [20261003-164019] PointerInputSe applied pointer config accelSpeed=0 profile=0 natural=0 tap=1 scroll=1
Oct 03 16:40:19 baseweed-admin dbus-run-session[1038]:   INFO qml: [20261003-164019] CapabilityServ pointerConfig -> true
Oct 03 16:40:19 baseweed-admin dbus-run-session[1038]:   INFO qml: [20261003-164019]  KeyboardInput applied qdwin key-repeat rate=25 delay=500
Oct 03 16:40:19 baseweed-admin dbus-run-session[1038]:   INFO qml: [20261003-164019] CapabilityServ xkbRepeat -> true
Oct 03 16:40:19 baseweed-admin dbus-run-session[1038]:   INFO qml: [20261003-164019]   PowerService idle policy armed: inactivity=0ms (nothing), displayOff=0ms, presentation=false
Oct 03 16:40:19 baseweed-admin dbus-run-session[1038]:   INFO qml: [20261003-164019] CapabilityServ idleDpms -> true
Oct 03 16:40:19 baseweed-admin dbus-run-session[1038]:   INFO qml: [20261003-164019] CapabilityServ outputManagement -> true
Oct 03 16:40:19 baseweed-admin dbus-run-session[1038]:   WARN qml: [20261003-164019]       Location Weather is still fetching
Oct 03 16:40:19 baseweed-admin dbus-run-session[1038]:   WARN quickshell.dbus: Could not launch service org.freedesktop.UPower: QDBusError(org.freedesktop.DBus.Error.ServiceUnknown, The name is not activatable)
Oct 03 16:40:19 baseweed-admin dbus-run-session[1038]:   WARN quickshell.service.upower: Could not start UPower. The UPower service will not work.
Oct 03 16:40:19 baseweed-admin dbus-run-session[1038]:   INFO qml: [20261003-164019]    HostService Detected openSUSE Tumbleweed
Oct 03 16:40:19 baseweed-admin dbus-run-session[1038]:   INFO qml: [20261003-164019]    HostService Looking for logo icon: distributor-logo-Tumbleweed
Oct 03 16:40:19 baseweed-admin dbus-run-session[1038]:   INFO qml: [20261003-164019]    HostService resolved hostname baseweed-admin
Oct 03 16:40:20 baseweed-admin dbus-run-session[1038]:   WARN: Process failed to start, likely because the binary could not be found. Command: QList("bluetoothctl", "show")
Oct 03 16:40:20 baseweed-admin dbus-run-session[1038]:   WARN: Process failed to start, likely because the binary could not be found. Command: QList("udisksctl", "monitor")
Oct 03 16:40:20 baseweed-admin dbus-run-session[1038]:  ERROR qml: [20261003-164020]       Location Geocoding error: 0
Oct 03 16:40:20 baseweed-admin dbus-run-session[1038]:   WARN scene: QML Connections at qs:/usr/share/quickshell/qdshell/Modules/Bar/Widgets/Taskbar.qml[981:3]: Detected function "onPinnedAppsChanged" in Connections element. This is probably intended to be a signal handler but no signal of the target matches the name.
Oct 03 16:40:20 baseweed-admin dbus-run-session[1038]:   WARN scene: QML Connections at qs:/usr/share/quickshell/qdshell/Modules/Bar/Widgets/Taskbar.qml[981:3]: Detected function "onPinnedAppsChanged" in Connections element. This is probably intended to be a signal handler but no signal of the target matches the name.
Oct 03 16:40:20 baseweed-admin dbus-run-session[1038]:   WARN scene: QML Connections at qs:/usr/share/quickshell/qdshell/Modules/Bar/Widgets/Taskbar.qml[981:3]: Detected function "onPinnedAppsChanged" in Connections element. This is probably intended to be a signal handler but no signal of the target matches the name.
Oct 03 16:40:20 baseweed-admin dbus-run-session[1038]:   WARN: Could not load icon "user-desktop?fallback=application-x-executable" at size QSize(19, 19) from request
Oct 03 16:40:20 baseweed-admin dbus-run-session[1038]:   INFO qml: [20261003-164020] PluginRegistry All plugin manifests loaded. Total plugins: 0
Oct 03 16:40:20 baseweed-admin dbus-run-session[1038]:   INFO qml: [20261003-164020]  PluginService Initializing plugin system
Oct 03 16:40:20 baseweed-admin dbus-run-session[1038]:   INFO qml: [20261003-164020]  PluginService Found 0 enabled plugins: []
Oct 03 16:40:20 baseweed-admin dbus-run-session[1038]:   INFO qml: [20261003-164020]  PluginService No plugins to load
Oct 03 16:40:20 baseweed-admin dbus-run-session[1038]:   INFO qml: [20261003-164020]  PluginService Refreshing available plugins
Oct 03 16:40:20 baseweed-admin dbus-run-session[1038]:   WARN qml: [20261003-164020]     ImageCache ImageMagick not found, using Qt fallback
Oct 03 16:40:20 baseweed-admin dbus-run-session[1038]:   WARN qml: [20261003-164020]      Wallpaper Scan failed for Virtual-1 exit code: 1 (directory might not exist)
Oct 03 16:40:20 baseweed-admin dbus-run-session[1038]:   WARN qml: [20261003-164020]      Wallpaper Scan failed for pipewire-0 exit code: 1 (directory might not exist)
Oct 03 16:40:20 baseweed-admin dbus-run-session[1038]:   WARN qml: [20261003-164020]      Wallpaper Scan failed for pipewire-1 exit code: 1 (directory might not exist)
Oct 03 16:40:20 baseweed-admin dbus-run-session[1038]:   WARN qml: [20261003-164020]   PowerService Button monitor unavailable (exit 1); releasing key inhibitors, logind will handle power/sleep keys
Oct 03 16:40:20 baseweed-admin dbus-run-session[1038]:   INFO qml: [20261003-164020]  KeyboardInput applied qdwin key-repeat rate=25 delay=500
Oct 03 16:40:20 baseweed-admin dbus-run-session[1038]:   INFO qml: [20261003-164020] PointerInputSe enumerated 3 pointer device(s) via proc
Oct 03 16:40:20 baseweed-admin dbus-run-session[1038]:   INFO qml: [20261003-164020]        PodApps cache refresh loaded 0 apps
Oct 03 16:40:26 baseweed-admin dbus-run-session[1038]:   WARN scene: qs:/usr/share/quickshell/qdshell/Modules/Bar/Widgets/Taskbar.qml[982:5]: Unable to assign QJSValue to QObject*
Oct 03 16:40:26 baseweed-admin dbus-run-session[1038]:   WARN scene: qs:/usr/share/quickshell/qdshell/Modules/Bar/Widgets/Taskbar.qml[982:5]: Unable to assign QJSValue to QObject*
Oct 03 16:40:26 baseweed-admin dbus-run-session[1038]:   WARN scene: qs:/usr/share/quickshell/qdshell/Modules/Bar/Widgets/Taskbar.qml[982:5]: Unable to assign QJSValue to QObject*
Oct 03 16:40:26 baseweed-admin dbus-run-session[1038]:   WARN scene: @Services/Control/HooksService.qml[17:5]: Unable to assign QJSValue to QObject*
Oct 03 16:40:26 baseweed-admin dbus-run-session[1038]:   WARN scene: @Services/Location/NightLightService.qml[97:5]: Unable to assign QJSValue to QObject*
Oct 03 16:40:26 baseweed-admin dbus-run-session[1038]:   INFO qml: [20261003-164026]    ColorScheme Applying color scheme: Qdshell (default)
Oct 03 16:40:26 baseweed-admin dbus-run-session[1038]:   INFO qml: [20261003-164026]           Time Time jump detected (8s) - likely system resume
Oct 03 16:40:26 baseweed-admin dbus-run-session[1038]:   INFO qml: [20261003-164026]        Network System resumed - forcing state poll
Oct 03 16:40:26 baseweed-admin dbus-run-session[1038]:   INFO qml: [20261003-164026]     SystemStat System resumed - resetting differential state
Oct 03 16:40:26 baseweed-admin dbus-run-session[1038]:   INFO qml: [20261003-164026] DarkModeServic System resumed - re-evaluating dark mode
Oct 03 16:40:26 baseweed-admin dbus-run-session[1038]:   INFO qml: [20261003-164026]     NightLight System resumed - re-applying night light
Oct 03 16:40:26 baseweed-admin dbus-run-session[1038]:   INFO qml: [20261003-164026]      Bluetooth System resumed - forcing state poll
Oct 03 16:40:26 baseweed-admin dbus-run-session[1038]:   INFO qml: [20261003-164026]           Font Service started
Oct 03 16:40:26 baseweed-admin dbus-run-session[1038]:  ERROR qml: [20261003-164026]  PluginService Empty response from Qdshell Plugins
Oct 03 16:40:26 baseweed-admin dbus-run-session[1038]:  ERROR qml: [20261003-164026]  PluginService Failed to fetch registry from Qdshell Plugins - exit code: 1
Oct 03 16:40:27 baseweed-admin dbus-run-session[1038]:   INFO qml: [20261003-164027]        PodApps cache refresh loaded 0 apps
Oct 03 16:40:28 baseweed-admin dbus-run-session[1038]:   WARN qml: [20261003-164028]        Network Connectivity check error: Error: Not authorized to recheck connectivity.
Oct 03 16:40:28 baseweed-admin dbus-run-session[1038]:   INFO qml: [20261003-164028]           Font Loaded 11 fonts, 3 monospace
Oct 03 16:40:30 baseweed-admin dbus-run-session[1038]:   INFO qml: [20261003-164030] DarkModeServic Resume retry - re-evaluating dark mode again
Oct 03 16:40:30 baseweed-admin dbus-run-session[1038]:   INFO qml: [20261003-164030]     NightLight Resume retry - re-applying night light again
Oct 03 16:40:30 baseweed-admin dbus-run-session[1038]:   WARN: Process failed to start, likely because the binary could not be found. Command: QList("bluetoothctl", "show")
Oct 03 16:40:31 baseweed-admin dbus-run-session[1038]:   WARN qml: [20261003-164031]     SystemStat No supported temperature sensor found
Oct 03 16:40:41 baseweed-admin dbus-run-session[1038]:   INFO qml: [20261003-164041]           Time Time jump detected (10s) - likely system resume
Oct 03 16:40:41 baseweed-admin dbus-run-session[1038]:   INFO qml: [20261003-164041]        Network System resumed - forcing state poll
Oct 03 16:40:41 baseweed-admin dbus-run-session[1038]:   INFO qml: [20261003-164041]     SystemStat System resumed - resetting differential state
Oct 03 16:40:41 baseweed-admin dbus-run-session[1038]:   INFO qml: [20261003-164041] DarkModeServic System resumed - re-evaluating dark mode
Oct 03 16:40:41 baseweed-admin dbus-run-session[1038]:   INFO qml: [20261003-164041]     NightLight System resumed - re-applying night light
Oct 03 16:40:41 baseweed-admin dbus-run-session[1038]:   INFO qml: [20261003-164041]      Bluetooth System resumed - forcing state poll
Oct 03 16:40:41 baseweed-admin dbus-run-session[1038]:   WARN qml: [20261003-164041]       Location Weather is still fetching
Oct 03 16:40:41 baseweed-admin dbus-run-session[1038]:   WARN: Process failed to start, likely because the binary could not be found. Command: QList("bluetoothctl", "show")
Oct 03 16:40:41 baseweed-admin dbus-run-session[1038]:  ERROR qml: [20261003-164041]       Location Geocoding error: 0
Oct 03 16:40:41 baseweed-admin dbus-run-session[1038]:   WARN qml: [20261003-164041]        Network Connectivity check error: Error: Not authorized to recheck connectivity.
Oct 03 16:40:41 baseweed-admin dbus-run-session[1038]:   WARN qml: [20261003-164041]        Network Connectivity check error: Error: Not authorized to recheck connectivity.
Oct 03 16:40:41 baseweed-admin dbus-run-session[1038]:   WARN: Process failed to start, likely because the binary could not be found. Command: QList("bluetoothctl", "show")
Oct 03 16:40:43 baseweed-admin dbus-run-session[1038]:   INFO qml: [20261003-164043] DarkModeServic Resume retry - re-evaluating dark mode again
Oct 03 16:40:43 baseweed-admin dbus-run-session[1038]:   INFO qml: [20261003-164043]     NightLight Resume retry - re-applying night light again
Oct 03 16:40:43 baseweed-admin dbus-run-session[1038]:   WARN: Process failed to start, likely because the binary could not be found. Command: QList("bluetoothctl", "show")
Oct 03 16:40:45 baseweed-admin dbus-run-session[1038]:   WARN: Process failed to start, likely because the binary could not be found. Command: QList("bluetoothctl", "show")
Oct 03 16:40:47 baseweed-admin dbus-run-session[1038]:   WARN: Process failed to start, likely because the binary could not be found. Command: QList("bluetoothctl", "show")
Oct 03 16:40:49 baseweed-admin dbus-run-session[1038]:   INFO qml: [20261003-164049]        PodApps cache refresh loaded 0 apps
Oct 03 16:40:49 baseweed-admin dbus-run-session[1038]:   WARN: Process failed to start, likely because the binary could not be found. Command: QList("bluetoothctl", "show")
Oct 03 16:40:51 baseweed-admin dbus-run-session[1038]:   WARN: Process failed to start, likely because the binary could not be found. Command: QList("bluetoothctl", "show")
Oct 03 16:40:53 baseweed-admin dbus-run-session[1038]:   WARN: Process failed to start, likely because the binary could not be found. Command: QList("bluetoothctl", "show")
Oct 03 16:40:55 baseweed-admin dbus-run-session[1038]:   WARN: Process failed to start, likely because the binary could not be found. Command: QList("bluetoothctl", "show")
Oct 03 16:40:56 baseweed-admin dbus-run-session[1038]:   WARN qml: [20261003-164056]        Network Connectivity check error: Error: Not authorized to recheck connectivity.
Oct 03 16:40:57 baseweed-admin dbus-run-session[1038]:   WARN: Process failed to start, likely because the binary could not be found. Command: QList("bluetoothctl", "show")
Oct 03 16:40:59 baseweed-admin dbus-run-session[1038]:   WARN qml: [20261003-164059]       Location Weather is still fetching
Oct 03 16:40:59 baseweed-admin dbus-run-session[1038]:   WARN: Process failed to start, likely because the binary could not be found. Command: QList("bluetoothctl", "show")
Oct 03 16:40:59 baseweed-admin dbus-run-session[1038]:  ERROR qml: [20261003-164059]       Location Geocoding error: 0
Oct 03 16:41:01 baseweed-admin dbus-run-session[1038]:   WARN: Process failed to start, likely because the binary could not be found. Command: QList("bluetoothctl", "show")
Oct 03 16:41:03 baseweed-admin dbus-run-session[1038]:   WARN: Process failed to start, likely because the binary could not be found. Command: QList("bluetoothctl", "show")
Oct 03 16:41:05 baseweed-admin dbus-run-session[1038]:   WARN: Process failed to start, likely because the binary could not be found. Command: QList("bluetoothctl", "show")
Oct 03 16:41:07 baseweed-admin dbus-run-session[1038]:   WARN: Process failed to start, likely because the binary could not be found. Command: QList("bluetoothctl", "show")
Oct 03 16:41:09 baseweed-admin dbus-run-session[1038]:   WARN: Process failed to start, likely because the binary could not be found. Command: QList("bluetoothctl", "show")
Oct 03 16:41:11 baseweed-admin dbus-run-session[1038]:   WARN qml: [20261003-164111]        Network Connectivity check error: Error: Not authorized to recheck connectivity.
Oct 03 16:41:11 baseweed-admin dbus-run-session[1038]:   WARN: Process failed to start, likely because the binary could not be found. Command: QList("bluetoothctl", "show")
Oct 03 16:41:13 baseweed-admin dbus-run-session[1038]:   WARN: Process failed to start, likely because the binary could not be found. Command: QList("bluetoothctl", "show")
Oct 03 16:41:15 baseweed-admin dbus-run-session[1038]:   WARN: Process failed to start, likely because the binary could not be found. Command: QList("bluetoothctl", "show")
Oct 03 16:41:17 baseweed-admin dbus-run-session[1038]:   WARN: Process failed to start, likely because the binary could not be found. Command: QList("bluetoothctl", "show")
Oct 03 16:41:19 baseweed-admin dbus-run-session[1038]:   WARN qml: [20261003-164119]       Location Weather is still fetching
Oct 03 16:41:19 baseweed-admin dbus-run-session[1038]:  ERROR qml: [20261003-164119]       Location Geocoding error: 0
Oct 03 16:41:19 baseweed-admin dbus-run-session[1038]:   INFO qml: [20261003-164119]        PodApps cache refresh loaded 0 apps
Oct 03 16:41:19 baseweed-admin dbus-run-session[1038]:   WARN: Process failed to start, likely because the binary could not be found. Command: QList("bluetoothctl", "show")
Oct 03 16:41:21 baseweed-admin dbus-run-session[1038]:   WARN: Process failed to start, likely because the binary could not be found. Command: QList("bluetoothctl", "show")
Oct 03 16:41:23 baseweed-admin dbus-run-session[1038]:   WARN: Process failed to start, likely because the binary could not be found. Command: QList("bluetoothctl", "show")
Oct 03 16:41:25 baseweed-admin dbus-run-session[1038]:   INFO qml: [20261003-164125]        PodApps auto-scan: qdistro-tier3s-s120x transitioned to running
Oct 03 16:41:25 baseweed-admin dbus-run-session[1038]:   WARN: Process failed to start, likely because the binary could not be found. Command: QList("bluetoothctl", "show")
Oct 03 16:41:26 baseweed-admin dbus-run-session[1038]:   WARN qml: [20261003-164126]        Network Connectivity check error: Error: Not authorized to recheck connectivity.
Oct 03 16:41:27 baseweed-admin dbus-run-session[1038]:   WARN: Process failed to start, likely because the binary could not be found. Command: QList("bluetoothctl", "show")
Oct 03 16:41:27 baseweed-admin podman[4984]: 2026-10-03 16:41:27.927247427 +0000 UTC m=+0.135044018 container exec 3b85b842226d7f21c4d61c1c6f8b0313a286fbc3f59209651fff9f71d3939c4a (image=localhost/qdistro/tier3s-headless-smoke:latest, name=qdistro-tier3s-s120x, org.opensuse.base.version=20260930.37.208, org.opencontainers.image.source=https://build.opensuse.org/package/show/openSUSE:Factory/opensuse-tumbleweed-image?rev=561f9d4c8e4e1a441f95ad4ec6b5a914, org.opensuse.base.source=https://build.opensuse.org/package/show/openSUSE:Factory/opensuse-tumbleweed-image?rev=561f9d4c8e4e1a441f95ad4ec6b5a914, qdistro_tier3s_unit=qdistro-tier3s-silo@s120x.service, org.opencontainers.image.url=https://www.opensuse.org, org.opencontainers.image.version=20260930.37.208, org.opencontainers.image.vendor=openSUSE Project, org.opensuse.base.created=2026-09-30T20:05:54.126624488Z, org.opensuse.base.title=openSUSE Tumbleweed Base Container, org.opensuse.reference=registry.opensuse.org/opensuse/tumbleweed:20260930.37.208, org.qdistro.tier3s.workload=headless-smoke, io.buildah.version=1.44.1, org.qdistro.snapshot=20260930, org.opensuse.base.reference=registry.opensuse.org/opensuse/tumbleweed:20260930.37.208, org.opensuse.lifecycle-url=https://en.opensuse.org/Lifetime, org.opencontainers.image.description=Image containing a minimal environment for containers based on openSUSE Tumbleweed., qdistro_tier3s_token=bbc31e8b46d132f03ae08f11ce4901d4, org.opensuse.base.url=https://www.opensuse.org, org.openbuildservice.disturl=obs://build.opensuse.org/openSUSE:Factory/images/561f9d4c8e4e1a441f95ad4ec6b5a914-opensuse-tumbleweed-image:docker, org.opensuse.base.disturl=obs://build.opensuse.org/openSUSE:Factory/images/561f9d4c8e4e1a441f95ad4ec6b5a914-opensuse-tumbleweed-image:docker, org.opensuse.base.lifecycle-url=https://en.opensuse.org/Lifetime, org.opensuse.base.vendor=openSUSE Project, org.opencontainers.image.title=openSUSE Tumbleweed Base Container, org.opensuse.base.description=Image containing a minimal environment for containers based on openSUSE Tumbleweed., org.opencontainers.image.created=2026-09-30T20:05:54.126624488Z)
Oct 03 16:41:27 baseweed-admin conmon[4997]: conmon 3b85b842226d7f21c4d6 <nwarn>: Failed to open cgroups file: /sys/fs/cgroup/user.slice/user-1000.slice/user@1000.service/app.slice/qdshell.service/memory.events
Oct 03 16:41:27 baseweed-admin podman[5011]: 2026-10-03 16:41:27.99120287 +0000 UTC m=+0.043328475 container exec_died 3b85b842226d7f21c4d61c1c6f8b0313a286fbc3f59209651fff9f71d3939c4a (image=localhost/qdistro/tier3s-headless-smoke:latest, name=qdistro-tier3s-s120x, io.buildah.version=1.44.1, org.opencontainers.image.created=2026-09-30T20:05:54.126624488Z, org.opensuse.reference=registry.opensuse.org/opensuse/tumbleweed:20260930.37.208, qdistro_tier3s_unit=qdistro-tier3s-silo@s120x.service, org.opensuse.base.created=2026-09-30T20:05:54.126624488Z, org.opensuse.base.lifecycle-url=https://en.opensuse.org/Lifetime, org.opensuse.lifecycle-url=https://en.opensuse.org/Lifetime, org.opencontainers.image.title=openSUSE Tumbleweed Base Container, org.opensuse.base.reference=registry.opensuse.org/opensuse/tumbleweed:20260930.37.208, org.opensuse.base.url=https://www.opensuse.org, org.opensuse.base.disturl=obs://build.opensuse.org/openSUSE:Factory/images/561f9d4c8e4e1a441f95ad4ec6b5a914-opensuse-tumbleweed-image:docker, org.opensuse.base.description=Image containing a minimal environment for containers based on openSUSE Tumbleweed., org.opensuse.base.source=https://build.opensuse.org/package/show/openSUSE:Factory/opensuse-tumbleweed-image?rev=561f9d4c8e4e1a441f95ad4ec6b5a914, org.openbuildservice.disturl=obs://build.opensuse.org/openSUSE:Factory/images/561f9d4c8e4e1a441f95ad4ec6b5a914-opensuse-tumbleweed-image:docker, org.opensuse.base.title=openSUSE Tumbleweed Base Container, org.qdistro.tier3s.workload=headless-smoke, qdistro_tier3s_token=bbc31e8b46d132f03ae08f11ce4901d4, org.opencontainers.image.description=Image containing a minimal environment for containers based on openSUSE Tumbleweed., org.opensuse.base.version=20260930.37.208, execID=b227c1d5be34bb8115d3b6eba6aaac1a157c41b4f52ae2b3b0b7ca4bcc902344, org.opensuse.base.vendor=openSUSE Project, org.opencontainers.image.vendor=openSUSE Project, org.opencontainers.image.version=20260930.37.208, org.opencontainers.image.source=https://build.opensuse.org/package/show/openSUSE:Factory/opensuse-tumbleweed-image?rev=561f9d4c8e4e1a441f95ad4ec6b5a914, org.opencontainers.image.url=https://www.opensuse.org, org.qdistro.snapshot=20260930)
Oct 03 16:41:28 baseweed-admin podman[4984]: 2026-10-03 16:41:28.025180198 +0000 UTC m=+0.232976800 container exec_died 3b85b842226d7f21c4d61c1c6f8b0313a286fbc3f59209651fff9f71d3939c4a (image=localhost/qdistro/tier3s-headless-smoke:latest, name=qdistro-tier3s-s120x, org.opensuse.base.version=20260930.37.208, org.opensuse.reference=registry.opensuse.org/opensuse/tumbleweed:20260930.37.208, io.buildah.version=1.44.1, org.opensuse.base.vendor=openSUSE Project, org.opensuse.base.source=https://build.opensuse.org/package/show/openSUSE:Factory/opensuse-tumbleweed-image?rev=561f9d4c8e4e1a441f95ad4ec6b5a914, org.opensuse.base.description=Image containing a minimal environment for containers based on openSUSE Tumbleweed., org.opensuse.lifecycle-url=https://en.opensuse.org/Lifetime, org.qdistro.tier3s.workload=headless-smoke, org.opencontainers.image.source=https://build.opensuse.org/package/show/openSUSE:Factory/opensuse-tumbleweed-image?rev=561f9d4c8e4e1a441f95ad4ec6b5a914, qdistro_tier3s_token=bbc31e8b46d132f03ae08f11ce4901d4, qdistro_tier3s_unit=qdistro-tier3s-silo@s120x.service, org.openbuildservice.disturl=obs://build.opensuse.org/openSUSE:Factory/images/561f9d4c8e4e1a441f95ad4ec6b5a914-opensuse-tumbleweed-image:docker, org.opencontainers.image.version=20260930.37.208, org.opensuse.base.disturl=obs://build.opensuse.org/openSUSE:Factory/images/561f9d4c8e4e1a441f95ad4ec6b5a914-opensuse-tumbleweed-image:docker, org.opensuse.base.lifecycle-url=https://en.opensuse.org/Lifetime, org.opencontainers.image.description=Image containing a minimal environment for containers based on openSUSE Tumbleweed., org.opencontainers.image.title=openSUSE Tumbleweed Base Container, org.opencontainers.image.url=https://www.opensuse.org, org.opencontainers.image.vendor=openSUSE Project, org.opensuse.base.created=2026-09-30T20:05:54.126624488Z, org.opensuse.base.title=openSUSE Tumbleweed Base Container, org.opensuse.base.url=https://www.opensuse.org, org.qdistro.snapshot=20260930, org.opensuse.base.reference=registry.opensuse.org/opensuse/tumbleweed:20260930.37.208, org.opencontainers.image.created=2026-09-30T20:05:54.126624488Z, execID=b227c1d5be34bb8115d3b6eba6aaac1a157c41b4f52ae2b3b0b7ca4bcc902344)
Oct 03 16:41:28 baseweed-admin dbus-run-session[1038]:   INFO qml: [20261003-164128]        PodApps cache refresh loaded 0 apps
Oct 03 16:41:29 baseweed-admin dbus-run-session[1038]:   WARN: Process failed to start, likely because the binary could not be found. Command: QList("bluetoothctl", "show")
Oct 03 16:41:31 baseweed-admin dbus-run-session[1038]:   WARN: Process failed to start, likely because the binary could not be found. Command: QList("bluetoothctl", "show")
Oct 03 16:41:33 baseweed-admin dbus-run-session[1038]:   WARN: Process failed to start, likely because the binary could not be found. Command: QList("bluetoothctl", "show")
Oct 03 16:41:35 baseweed-admin dbus-run-session[1038]:   WARN: Process failed to start, likely because the binary could not be found. Command: QList("bluetoothctl", "show")
Oct 03 16:41:37 baseweed-admin dbus-run-session[1038]:   WARN: Process failed to start, likely because the binary could not be found. Command: QList("bluetoothctl", "show")
Oct 03 16:41:39 baseweed-admin dbus-run-session[1038]:   WARN qml: [20261003-164139]       Location Weather is still fetching
Oct 03 16:41:39 baseweed-admin dbus-run-session[1038]:  ERROR qml: [20261003-164139]       Location Geocoding error: 0
Oct 03 16:41:39 baseweed-admin dbus-run-session[1038]:   WARN: Process failed to start, likely because the binary could not be found. Command: QList("bluetoothctl", "show")
Oct 03 16:41:41 baseweed-admin dbus-run-session[1038]:   WARN qml: [20261003-164141]        Network Connectivity check error: Error: Not authorized to recheck connectivity.
Oct 03 16:41:41 baseweed-admin dbus-run-session[1038]:   WARN: Process failed to start, likely because the binary could not be found. Command: QList("bluetoothctl", "show")
Oct 03 16:41:43 baseweed-admin dbus-run-session[1038]:   WARN: Process failed to start, likely because the binary could not be found. Command: QList("bluetoothctl", "show")
Oct 03 16:41:43 baseweed-admin dbus-run-session[1038]:   INFO qml: [20261003-164143]        PodApps auto-scan: qdistro-tier3s-s120a transitioned to running
Oct 03 16:41:45 baseweed-admin dbus-run-session[1038]:   WARN: Process failed to start, likely because the binary could not be found. Command: QList("bluetoothctl", "show")
Oct 03 16:41:46 baseweed-admin podman[7517]: 2026-10-03 16:41:46.968001767 +0000 UTC m=+0.947117556 container exec a0250197549dda2fd667964eb4fcc3084e442668030476991f9f7b98da1b60d2 (image=localhost/qdistro/tier3s-headless-smoke:latest, name=qdistro-tier3s-s120a, org.opencontainers.image.url=https://www.opensuse.org, org.opensuse.base.lifecycle-url=https://en.opensuse.org/Lifetime, org.opensuse.base.created=2026-09-30T20:05:54.126624488Z, org.opensuse.base.source=https://build.opensuse.org/package/show/openSUSE:Factory/opensuse-tumbleweed-image?rev=561f9d4c8e4e1a441f95ad4ec6b5a914, org.qdistro.tier3s.workload=headless-smoke, qdistro_tier3s_token=2b01cf4c7552de8479637f47ca31fb86, org.opencontainers.image.source=https://build.opensuse.org/package/show/openSUSE:Factory/opensuse-tumbleweed-image?rev=561f9d4c8e4e1a441f95ad4ec6b5a914, org.opencontainers.image.version=20260930.37.208, org.opensuse.lifecycle-url=https://en.opensuse.org/Lifetime, org.opensuse.base.reference=registry.opensuse.org/opensuse/tumbleweed:20260930.37.208, io.buildah.version=1.44.1, org.opencontainers.image.vendor=openSUSE Project, org.opensuse.base.url=https://www.opensuse.org, org.opensuse.base.version=20260930.37.208, org.opensuse.base.description=Image containing a minimal environment for containers based on openSUSE Tumbleweed., org.opensuse.reference=registry.opensuse.org/opensuse/tumbleweed:20260930.37.208, org.opensuse.base.disturl=obs://build.opensuse.org/openSUSE:Factory/images/561f9d4c8e4e1a441f95ad4ec6b5a914-opensuse-tumbleweed-image:docker, org.opensuse.base.title=openSUSE Tumbleweed Base Container, qdistro_tier3s_unit=qdistro-tier3s-silo@s120a.service, org.opencontainers.image.created=2026-09-30T20:05:54.126624488Z, org.opencontainers.image.description=Image containing a minimal environment for containers based on openSUSE Tumbleweed., org.openbuildservice.disturl=obs://build.opensuse.org/openSUSE:Factory/images/561f9d4c8e4e1a441f95ad4ec6b5a914-opensuse-tumbleweed-image:docker, org.qdistro.snapshot=20260930, org.opencontainers.image.title=openSUSE Tumbleweed Base Container, org.opensuse.base.vendor=openSUSE Project)
Oct 03 16:41:46 baseweed-admin conmon[7545]: conmon a0250197549dda2fd667 <nwarn>: Failed to open cgroups file: /sys/fs/cgroup/user.slice/user-1000.slice/user@1000.service/app.slice/qdshell.service/memory.events
Oct 03 16:41:47 baseweed-admin podman[7517]: 2026-10-03 16:41:47.384740286 +0000 UTC m=+1.363856045 container exec_died a0250197549dda2fd667964eb4fcc3084e442668030476991f9f7b98da1b60d2 (image=localhost/qdistro/tier3s-headless-smoke:latest, name=qdistro-tier3s-s120a, org.opensuse.base.source=https://build.opensuse.org/package/show/openSUSE:Factory/opensuse-tumbleweed-image?rev=561f9d4c8e4e1a441f95ad4ec6b5a914, org.opensuse.reference=registry.opensuse.org/opensuse/tumbleweed:20260930.37.208, org.opensuse.base.title=openSUSE Tumbleweed Base Container, org.opensuse.base.url=https://www.opensuse.org, org.opensuse.base.version=20260930.37.208, org.opencontainers.image.title=openSUSE Tumbleweed Base Container, org.opensuse.base.vendor=openSUSE Project, org.qdistro.tier3s.workload=headless-smoke, qdistro_tier3s_token=2b01cf4c7552de8479637f47ca31fb86, org.opencontainers.image.source=https://build.opensuse.org/package/show/openSUSE:Factory/opensuse-tumbleweed-image?rev=561f9d4c8e4e1a441f95ad4ec6b5a914, org.opencontainers.image.version=20260930.37.208, org.opensuse.base.disturl=obs://build.opensuse.org/openSUSE:Factory/images/561f9d4c8e4e1a441f95ad4ec6b5a914-opensuse-tumbleweed-image:docker, org.opencontainers.image.vendor=openSUSE Project, org.qdistro.snapshot=20260930, execID=3ab5ac83b4100a5eea80896317bedeb58a107b7db65b04321c2f830bbb1b53e7, qdistro_tier3s_unit=qdistro-tier3s-silo@s120a.service, org.openbuildservice.disturl=obs://build.opensuse.org/openSUSE:Factory/images/561f9d4c8e4e1a441f95ad4ec6b5a914-opensuse-tumbleweed-image:docker, org.opensuse.lifecycle-url=https://en.opensuse.org/Lifetime, org.opensuse.base.description=Image containing a minimal environment for containers based on openSUSE Tumbleweed., org.opencontainers.image.created=2026-09-30T20:05:54.126624488Z, org.opencontainers.image.description=Image containing a minimal environment for containers based on openSUSE Tumbleweed., org.opencontainers.image.url=https://www.opensuse.org, org.opensuse.base.lifecycle-url=https://en.opensuse.org/Lifetime, org.opensuse.base.reference=registry.opensuse.org/opensuse/tumbleweed:20260930.37.208, io.buildah.version=1.44.1, org.opensuse.base.created=2026-09-30T20:05:54.126624488Z)
Oct 03 16:41:47 baseweed-admin dbus-run-session[1038]:   WARN: Process failed to start, likely because the binary could not be found. Command: QList("bluetoothctl", "show")
Oct 03 16:41:48 baseweed-admin dbus-run-session[1038]:   INFO qml: [20261003-164148]        PodApps cache refresh loaded 0 apps
Oct 03 16:41:49 baseweed-admin dbus-run-session[1038]:   INFO qml: [20261003-164149]        PodApps cache refresh loaded 0 apps
Oct 03 16:41:49 baseweed-admin dbus-run-session[1038]:   WARN: Process failed to start, likely because the binary could not be found. Command: QList("bluetoothctl", "show")
Oct 03 16:41:51 baseweed-admin dbus-run-session[1038]:   WARN: Process failed to start, likely because the binary could not be found. Command: QList("bluetoothctl", "show")
Oct 03 16:41:53 baseweed-admin dbus-run-session[1038]:   INFO qml: [20261003-164153]        PodApps auto-scan: qdistro-tier3s-s120b transitioned to running
Oct 03 16:41:53 baseweed-admin dbus-run-session[1038]:   WARN: Process failed to start, likely because the binary could not be found. Command: QList("bluetoothctl", "show")
Oct 03 16:41:55 baseweed-admin dbus-run-session[1038]:   WARN: Process failed to start, likely because the binary could not be found. Command: QList("bluetoothctl", "show")
Oct 03 16:41:56 baseweed-admin dbus-run-session[1038]:   WARN qml: [20261003-164156]        Network Connectivity check error: Error: Not authorized to recheck connectivity.
Oct 03 16:41:57 baseweed-admin dbus-run-session[1038]:   WARN: Process failed to start, likely because the binary could not be found. Command: QList("bluetoothctl", "show")
Oct 03 16:41:59 baseweed-admin dbus-run-session[1038]:   INFO qml: [20261003-164159]        PodApps auto-scan: qdistro-tier3s-s120b transitioned to running
Oct 03 16:41:59 baseweed-admin podman[9557]: 2026-10-03 16:41:59.414275739 +0000 UTC m=+0.318389033 container exec f66ccc3cff7b57bb0a11d08d27d06cd2a77c6e08c56abb1da9149d4c315f7987 (image=localhost/qdistro/tier3s-headless-smoke:latest, name=qdistro-tier3s-s120b, org.opencontainers.image.vendor=openSUSE Project, org.opensuse.base.lifecycle-url=https://en.opensuse.org/Lifetime, org.opensuse.base.url=https://www.opensuse.org, org.opensuse.base.created=2026-09-30T20:05:54.126624488Z, org.opensuse.base.reference=registry.opensuse.org/opensuse/tumbleweed:20260930.37.208, org.qdistro.snapshot=20260930, org.qdistro.tier3s.workload=headless-smoke, org.opensuse.base.title=openSUSE Tumbleweed Base Container, org.opencontainers.image.source=https://build.opensuse.org/package/show/openSUSE:Factory/opensuse-tumbleweed-image?rev=561f9d4c8e4e1a441f95ad4ec6b5a914, org.opensuse.base.disturl=obs://build.opensuse.org/openSUSE:Factory/images/561f9d4c8e4e1a441f95ad4ec6b5a914-opensuse-tumbleweed-image:docker, org.opensuse.base.vendor=openSUSE Project, org.opencontainers.image.created=2026-09-30T20:05:54.126624488Z, org.opencontainers.image.version=20260930.37.208, org.opensuse.reference=registry.opensuse.org/opensuse/tumbleweed:20260930.37.208, qdistro_tier3s_unit=qdistro-tier3s-silo@s120b.service, io.buildah.version=1.44.1, org.opensuse.base.source=https://build.opensuse.org/package/show/openSUSE:Factory/opensuse-tumbleweed-image?rev=561f9d4c8e4e1a441f95ad4ec6b5a914, org.opencontainers.image.description=Image containing a minimal environment for containers based on openSUSE Tumbleweed., org.opencontainers.image.title=openSUSE Tumbleweed Base Container, org.opencontainers.image.url=https://www.opensuse.org, org.opensuse.base.description=Image containing a minimal environment for containers based on openSUSE Tumbleweed., org.opensuse.base.version=20260930.37.208, org.opensuse.lifecycle-url=https://en.opensuse.org/Lifetime, qdistro_tier3s_token=c82435466bbeca12300f891cf96f3f45, org.openbuildservice.disturl=obs://build.opensuse.org/openSUSE:Factory/images/561f9d4c8e4e1a441f95ad4ec6b5a914-opensuse-tumbleweed-image:docker)
Oct 03 16:41:59 baseweed-admin conmon[9587]: conmon f66ccc3cff7b57bb0a11 <nwarn>: Failed to open cgroups file: /sys/fs/cgroup/user.slice/user-1000.slice/user@1000.service/app.slice/qdshell.service/memory.events
Oct 03 16:41:59 baseweed-admin podman[9605]: 2026-10-03 16:41:59.507074171 +0000 UTC m=+0.051535662 container exec_died f66ccc3cff7b57bb0a11d08d27d06cd2a77c6e08c56abb1da9149d4c315f7987 (image=localhost/qdistro/tier3s-headless-smoke:latest, name=qdistro-tier3s-s120b, execID=4fd909b5b824e11ac27dacaf9b0aa9800d534e7c94b6ed0a46227ed1f6afc2da, org.opensuse.reference=registry.opensuse.org/opensuse/tumbleweed:20260930.37.208, org.opencontainers.image.description=Image containing a minimal environment for containers based on openSUSE Tumbleweed., org.opencontainers.image.vendor=openSUSE Project, qdistro_tier3s_unit=qdistro-tier3s-silo@s120b.service, org.opencontainers.image.created=2026-09-30T20:05:54.126624488Z, org.opensuse.base.reference=registry.opensuse.org/opensuse/tumbleweed:20260930.37.208, org.qdistro.tier3s.workload=headless-smoke, org.opencontainers.image.source=https://build.opensuse.org/package/show/openSUSE:Factory/opensuse-tumbleweed-image?rev=561f9d4c8e4e1a441f95ad4ec6b5a914, org.opencontainers.image.url=https://www.opensuse.org, org.opensuse.base.version=20260930.37.208, qdistro_tier3s_token=c82435466bbeca12300f891cf96f3f45, org.opencontainers.image.title=openSUSE Tumbleweed Base Container, org.opensuse.lifecycle-url=https://en.opensuse.org/Lifetime, org.openbuildservice.disturl=obs://build.opensuse.org/openSUSE:Factory/images/561f9d4c8e4e1a441f95ad4ec6b5a914-opensuse-tumbleweed-image:docker, org.opensuse.base.source=https://build.opensuse.org/package/show/openSUSE:Factory/opensuse-tumbleweed-image?rev=561f9d4c8e4e1a441f95ad4ec6b5a914, org.opensuse.base.title=openSUSE Tumbleweed Base Container, org.opencontainers.image.version=20260930.37.208, org.opensuse.base.lifecycle-url=https://en.opensuse.org/Lifetime, org.opensuse.base.description=Image containing a minimal environment for containers based on openSUSE Tumbleweed., org.opensuse.base.disturl=obs://build.opensuse.org/openSUSE:Factory/images/561f9d4c8e4e1a441f95ad4ec6b5a914-opensuse-tumbleweed-image:docker, org.opensuse.base.vendor=openSUSE Project, org.opensuse.base.created=2026-09-30T20:05:54.126624488Z, io.buildah.version=1.44.1, org.opensuse.base.url=https://www.opensuse.org, org.qdistro.snapshot=20260930)
Oct 03 16:41:59 baseweed-admin podman[9557]: 2026-10-03 16:41:59.557210071 +0000 UTC m=+0.461323375 container exec_died f66ccc3cff7b57bb0a11d08d27d06cd2a77c6e08c56abb1da9149d4c315f7987 (image=localhost/qdistro/tier3s-headless-smoke:latest, name=qdistro-tier3s-s120b, org.qdistro.snapshot=20260930, org.qdistro.tier3s.workload=headless-smoke, org.opensuse.base.disturl=obs://build.opensuse.org/openSUSE:Factory/images/561f9d4c8e4e1a441f95ad4ec6b5a914-opensuse-tumbleweed-image:docker, io.buildah.version=1.44.1, qdistro_tier3s_token=c82435466bbeca12300f891cf96f3f45, org.opencontainers.image.description=Image containing a minimal environment for containers based on openSUSE Tumbleweed., org.opensuse.base.url=https://www.opensuse.org, org.opensuse.base.reference=registry.opensuse.org/opensuse/tumbleweed:20260930.37.208, org.opensuse.base.version=20260930.37.208, org.opensuse.lifecycle-url=https://en.opensuse.org/Lifetime, org.opensuse.reference=registry.opensuse.org/opensuse/tumbleweed:20260930.37.208, org.opencontainers.image.url=https://www.opensuse.org, org.opensuse.base.description=Image containing a minimal environment for containers based on openSUSE Tumbleweed., org.opensuse.base.lifecycle-url=https://en.opensuse.org/Lifetime, qdistro_tier3s_unit=qdistro-tier3s-silo@s120b.service, org.opencontainers.image.created=2026-09-30T20:05:54.126624488Z, org.opencontainers.image.version=20260930.37.208, org.opensuse.base.source=https://build.opensuse.org/package/show/openSUSE:Factory/opensuse-tumbleweed-image?rev=561f9d4c8e4e1a441f95ad4ec6b5a914, org.opencontainers.image.vendor=openSUSE Project, execID=4fd909b5b824e11ac27dacaf9b0aa9800d534e7c94b6ed0a46227ed1f6afc2da, org.opencontainers.image.source=https://build.opensuse.org/package/show/openSUSE:Factory/opensuse-tumbleweed-image?rev=561f9d4c8e4e1a441f95ad4ec6b5a914, org.opensuse.base.title=openSUSE Tumbleweed Base Container, org.opensuse.base.vendor=openSUSE Project, org.openbuildservice.disturl=obs://build.opensuse.org/openSUSE:Factory/images/561f9d4c8e4e1a441f95ad4ec6b5a914-opensuse-tumbleweed-image:docker, org.opencontainers.image.title=openSUSE Tumbleweed Base Container, org.opensuse.base.created=2026-09-30T20:05:54.126624488Z)
Oct 03 16:41:59 baseweed-admin dbus-run-session[1038]:   INFO qml: [20261003-164159]        PodApps cache refresh loaded 0 apps
Oct 03 16:41:59 baseweed-admin dbus-run-session[1038]:   WARN qml: [20261003-164159]       Location Weather is still fetching
Oct 03 16:41:59 baseweed-admin dbus-run-session[1038]:  ERROR qml: [20261003-164159]       Location Geocoding error: 0
Oct 03 16:41:59 baseweed-admin dbus-run-session[1038]:   WARN: Process failed to start, likely because the binary could not be found. Command: QList("bluetoothctl", "show")
Oct 03 16:42:01 baseweed-admin dbus-run-session[1038]:   WARN qml: [20261003-164201]        PodApps scan failed for qdistro-tier3s-s120b (exit 2)
Oct 03 16:42:01 baseweed-admin dbus-run-session[1038]:   WARN: Process failed to start, likely because the binary could not be found. Command: QList("bluetoothctl", "show")
Oct 03 16:42:03 baseweed-admin dbus-run-session[1038]:   WARN: Process failed to start, likely because the binary could not be found. Command: QList("bluetoothctl", "show")
Oct 03 16:42:05 baseweed-admin dbus-run-session[1038]:   WARN: Process failed to start, likely because the binary could not be found. Command: QList("bluetoothctl", "show")
Oct 03 16:42:07 baseweed-admin dbus-run-session[1038]:   WARN: Process failed to start, likely because the binary could not be found. Command: QList("bluetoothctl", "show")
Oct 03 16:42:09 baseweed-admin dbus-run-session[1038]:   WARN: Process failed to start, likely because the binary could not be found. Command: QList("bluetoothctl", "show")
Oct 03 16:42:11 baseweed-admin dbus-run-session[1038]:   WARN qml: [20261003-164211]        Network Connectivity check error: Error: Not authorized to recheck connectivity.
Oct 03 16:42:11 baseweed-admin dbus-run-session[1038]:   WARN: Process failed to start, likely because the binary could not be found. Command: QList("bluetoothctl", "show")
Oct 03 16:42:13 baseweed-admin dbus-run-session[1038]:   WARN: Process failed to start, likely because the binary could not be found. Command: QList("bluetoothctl", "show")
Oct 03 16:42:15 baseweed-admin dbus-run-session[1038]:   WARN: Process failed to start, likely because the binary could not be found. Command: QList("bluetoothctl", "show")
Oct 03 16:42:17 baseweed-admin dbus-run-session[1038]:   WARN: Process failed to start, likely because the binary could not be found. Command: QList("bluetoothctl", "show")
Oct 03 16:42:19 baseweed-admin dbus-run-session[1038]:   WARN qml: [20261003-164219]       Location Weather is still fetching
Oct 03 16:42:19 baseweed-admin dbus-run-session[1038]:  ERROR qml: [20261003-164219]       Location Geocoding error: 0
Oct 03 16:42:19 baseweed-admin dbus-run-session[1038]:   INFO qml: [20261003-164219]        PodApps cache refresh loaded 0 apps
Oct 03 16:42:19 baseweed-admin dbus-run-session[1038]:   WARN: Process failed to start, likely because the binary could not be found. Command: QList("bluetoothctl", "show")
Oct 03 16:42:21 baseweed-admin dbus-run-session[1038]:   WARN: Process failed to start, likely because the binary could not be found. Command: QList("bluetoothctl", "show")
Oct 03 16:42:23 baseweed-admin dbus-run-session[1038]:   WARN: Process failed to start, likely because the binary could not be found. Command: QList("bluetoothctl", "show")
Oct 03 16:42:25 baseweed-admin dbus-run-session[1038]:   WARN: Process failed to start, likely because the binary could not be found. Command: QList("bluetoothctl", "show")
Oct 03 16:42:26 baseweed-admin dbus-run-session[1038]:   WARN qml: [20261003-164226]        Network Connectivity check error: Error: Not authorized to recheck connectivity.
Oct 03 16:42:27 baseweed-admin dbus-run-session[1038]:   WARN: Process failed to start, likely because the binary could not be found. Command: QList("bluetoothctl", "show")
Oct 03 16:42:29 baseweed-admin dbus-run-session[1038]:   WARN: Process failed to start, likely because the binary could not be found. Command: QList("bluetoothctl", "show")
Oct 03 16:42:31 baseweed-admin dbus-run-session[1038]:   WARN: Process failed to start, likely because the binary could not be found. Command: QList("bluetoothctl", "show")
Oct 03 16:42:33 baseweed-admin dbus-run-session[1038]:   WARN: Process failed to start, likely because the binary could not be found. Command: QList("bluetoothctl", "show")
Oct 03 16:42:35 baseweed-admin dbus-run-session[1038]:   WARN: Process failed to start, likely because the binary could not be found. Command: QList("bluetoothctl", "show")
Oct 03 16:42:37 baseweed-admin dbus-run-session[1038]:   WARN: Process failed to start, likely because the binary could not be found. Command: QList("bluetoothctl", "show")
Oct 03 16:42:37 baseweed-admin dbus-run-session[1038]:   INFO qml: [20261003-164237]        PodApps auto-scan: qdistro-tier3s-s120a transitioned to running
Oct 03 16:42:39 baseweed-admin dbus-run-session[1038]:   WARN qml: [20261003-164239]       Location Weather is still fetching
Oct 03 16:42:39 baseweed-admin dbus-run-session[1038]:  ERROR qml: [20261003-164239]       Location Geocoding error: 0
Oct 03 16:42:39 baseweed-admin dbus-run-session[1038]:   WARN: Process failed to start, likely because the binary could not be found. Command: QList("bluetoothctl", "show")
Oct 03 16:42:41 baseweed-admin dbus-run-session[1038]:   WARN qml: [20261003-164241]        Network Connectivity check error: Error: Not authorized to recheck connectivity.
Oct 03 16:42:41 baseweed-admin dbus-run-session[1038]:   WARN qml: [20261003-164241]        PodApps scan failed for qdistro-tier3s-s120a (exit 2)
Oct 03 16:42:41 baseweed-admin dbus-run-session[1038]:   WARN: Process failed to start, likely because the binary could not be found. Command: QList("bluetoothctl", "show")
Oct 03 16:42:43 baseweed-admin dbus-run-session[1038]:   WARN: Process failed to start, likely because the binary could not be found. Command: QList("bluetoothctl", "show")
Oct 03 16:42:45 baseweed-admin dbus-run-session[1038]:   WARN: Process failed to start, likely because the binary could not be found. Command: QList("bluetoothctl", "show")
Oct 03 16:42:47 baseweed-admin dbus-run-session[1038]:   WARN: Process failed to start, likely because the binary could not be found. Command: QList("bluetoothctl", "show")
Oct 03 16:42:49 baseweed-admin dbus-run-session[1038]:   INFO qml: [20261003-164249]        PodApps cache refresh loaded 0 apps
Oct 03 16:42:49 baseweed-admin dbus-run-session[1038]:   WARN: Process failed to start, likely because the binary could not be found. Command: QList("bluetoothctl", "show")
