Oct 03 16:42:15 baseweed-admin systemd[870]: Starting qdshell desktop (Quickshell QML on top of qdwin)...
Oct 03 16:42:17 baseweed-admin systemd[870]: Started qdshell desktop (Quickshell QML on top of qdwin).
Oct 03 16:42:17 baseweed-admin dbus-run-session[1031]: No running instances for "/usr/share/quickshell/qdshell/shell.qml"
Oct 03 16:42:17 baseweed-admin dbus-run-session[1031]:   INFO: Launching config: "/usr/share/quickshell/qdshell/shell.qml"
Oct 03 16:42:17 baseweed-admin dbus-run-session[1031]:   INFO: Shell ID: "0d0d1ceeb7f0392fec595c8531945b05" Path ID "0d0d1ceeb7f0392fec595c8531945b05"
Oct 03 16:42:17 baseweed-admin dbus-run-session[1031]:   INFO: Saving logs to "/run/user/1000/quickshell/by-id/nshqbcmt/log.qslog"
Oct 03 16:42:17 baseweed-admin dbus-run-session[1031]: MESA-EGL: warning: failed to get driver name for fd -1
Oct 03 16:42:17 baseweed-admin dbus-run-session[1031]: MESA-EGL: warning: MESA-LOADER: failed to retrieve device information
Oct 03 16:42:17 baseweed-admin dbus-run-session[1031]: MESA-EGL: warning: failed to get driver name for fd -1
Oct 03 16:42:17 baseweed-admin dbus-run-session[1031]: MESA: error: ZINK: failed to choose pdev
Oct 03 16:42:17 baseweed-admin dbus-run-session[1031]: MESA-EGL: warning: egl: failed to create dri2 screen
Oct 03 16:42:18 baseweed-admin dbus-run-session[1031]:   INFO qml: [20261003-164218]           I18n Service started
Oct 03 16:42:18 baseweed-admin dbus-run-session[1031]:   INFO qml: [20261003-164218]           I18n Loading "en" (locale: "en-Latn-US")
Oct 03 16:42:18 baseweed-admin dbus-run-session[1031]:   INFO qml: [20261003-164218]          Shell ---------------------------
Oct 03 16:42:18 baseweed-admin dbus-run-session[1031]:   INFO qml: [20261003-164218]          Shell Qdshell Hello!
Oct 03 16:42:18 baseweed-admin dbus-run-session[1031]:   WARN scene: @Commons/I18n.qml[104:5]: Unable to assign QJSValue to QObject*
Oct 03 16:42:18 baseweed-admin dbus-run-session[1031]:   INFO: Configuration Loaded
Oct 03 16:42:19 baseweed-admin dbus-run-session[1031]:   WARN scene: @Commons/I18n.qml[104:5]: Unable to assign QJSValue to QObject*
Oct 03 16:42:19 baseweed-admin dbus-run-session[1031]:   INFO qml: [20261003-164219]       Settings Settings loaded
Oct 03 16:42:19 baseweed-admin dbus-run-session[1031]:   INFO qml: [20261003-164219]           I18n Loaded translations for "en"
Oct 03 16:42:19 baseweed-admin dbus-run-session[1031]:   INFO qml: [20261003-164219] PluginRegistry Loaded plugin states from: /home/admin/.config/qdshell/plugins.json
Oct 03 16:42:19 baseweed-admin dbus-run-session[1031]:   INFO qml: [20261003-164219] PluginRegistry Scanning plugin folder: /home/admin/.config/qdshell/plugins
Oct 03 16:42:19 baseweed-admin dbus-run-session[1031]:   INFO qml: [20261003-164219]          Icons Service started
Oct 03 16:42:19 baseweed-admin dbus-run-session[1031]:   INFO: ctrl-server: listening on /run/user/1000/qdshell.sock
Oct 03 16:42:19 baseweed-admin dbus-run-session[1031]:   WARN scene: QML Connections at @Services/Hardware/BrightnessService.qml[66:3]: Detected function "onEnableDdcSupportChanged" in Connections element. This is probably intended to be a signal handler but no signal of the target matches the name.
Oct 03 16:42:19 baseweed-admin dbus-run-session[1031]:   INFO qml: [20261003-164219]     Brightness Service started
Oct 03 16:42:19 baseweed-admin dbus-run-session[1031]:   INFO qml: [20261003-164219] DesktopWidgetR Service started
Oct 03 16:42:19 baseweed-admin dbus-run-session[1031]:   WARN scene: QML Connections at @Services/UI/BarService.qml[147:3]: Detected function "onDisplayModeChanged" in Connections element. This is probably intended to be a signal handler but no signal of the target matches the name.
Oct 03 16:42:19 baseweed-admin dbus-run-session[1031]:   WARN scene: QML Connections at @Services/UI/BarService.qml[147:3]: Detected function "onScreenOverridesChanged" in Connections element. This is probably intended to be a signal handler but no signal of the target matches the name.
Oct 03 16:42:19 baseweed-admin dbus-run-session[1031]:   INFO qml: [20261003-164219]     BarService Service started
Oct 03 16:42:19 baseweed-admin dbus-run-session[1031]:   WARN scene: QML Connections at @Services/Networking/NetworkService.qml[73:3]: Detected function "onWifiEnabledChanged" in Connections element. This is probably intended to be a signal handler but no signal of the target matches the name.
Oct 03 16:42:19 baseweed-admin dbus-run-session[1031]:   INFO qml: [20261003-164219]        Network Service started
Oct 03 16:42:19 baseweed-admin dbus-run-session[1031]:   WARN scene: QML Connections at @Modules/Panels/Dock/StaticDockPanel.qml[350:3]: Detected function "onPinnedAppsChanged" in Connections element. This is probably intended to be a signal handler but no signal of the target matches the name.
Oct 03 16:42:19 baseweed-admin dbus-run-session[1031]:   WARN scene: QML Connections at @Modules/Panels/Dock/StaticDockPanel.qml[350:3]: Detected function "onOnlySameOutputChanged" in Connections element. This is probably intended to be a signal handler but no signal of the target matches the name.
Oct 03 16:42:19 baseweed-admin dbus-run-session[1031]:   WARN scene: QML Connections at @Services/System/SystemStatService.qml[320:3]: Detected function "onEnableDgpuMonitoringChanged" in Connections element. This is probably intended to be a signal handler but no signal of the target matches the name.
Oct 03 16:42:19 baseweed-admin dbus-run-session[1031]:   INFO qml: [20261003-164219]     SystemStat Service started (polling deferred until a consumer registers).
Oct 03 16:42:19 baseweed-admin dbus-run-session[1031]:   WARN scene: QML Connections at @Modules/Panels/Dock/StaticDockPanel.qml[350:3]: Detected function "onPinnedAppsChanged" in Connections element. This is probably intended to be a signal handler but no signal of the target matches the name.
Oct 03 16:42:19 baseweed-admin dbus-run-session[1031]:   WARN scene: QML Connections at @Modules/Panels/Dock/StaticDockPanel.qml[350:3]: Detected function "onOnlySameOutputChanged" in Connections element. This is probably intended to be a signal handler but no signal of the target matches the name.
Oct 03 16:42:19 baseweed-admin dbus-run-session[1031]:   WARN scene: QML Connections at @Modules/Panels/Dock/StaticDockPanel.qml[350:3]: Detected function "onPinnedAppsChanged" in Connections element. This is probably intended to be a signal handler but no signal of the target matches the name.
Oct 03 16:42:19 baseweed-admin dbus-run-session[1031]:   WARN scene: QML Connections at @Modules/Panels/Dock/StaticDockPanel.qml[350:3]: Detected function "onOnlySameOutputChanged" in Connections element. This is probably intended to be a signal handler but no signal of the target matches the name.
Oct 03 16:42:19 baseweed-admin dbus-run-session[1031]:   WARN scene: QML Connections at @Services/UI/WallpaperService.qml[140:3]: Detected function "onWallpaperDownloaded" in Connections element. This is probably intended to be a signal handler but no signal of the target matches the name.
Oct 03 16:42:19 baseweed-admin dbus-run-session[1031]:   WARN scene: QML Connections at @Services/UI/WallpaperService.qml[61:3]: Detected function "onDirectoryChanged" in Connections element. This is probably intended to be a signal handler but no signal of the target matches the name.
Oct 03 16:42:19 baseweed-admin dbus-run-session[1031]:   WARN scene: QML Connections at @Services/UI/WallpaperService.qml[61:3]: Detected function "onEnableMultiMonitorDirectoriesChanged" in Connections element. This is probably intended to be a signal handler but no signal of the target matches the name.
Oct 03 16:42:19 baseweed-admin dbus-run-session[1031]:   WARN scene: QML Connections at @Services/UI/WallpaperService.qml[61:3]: Detected function "onAutomationEnabledChanged" in Connections element. This is probably intended to be a signal handler but no signal of the target matches the name.
Oct 03 16:42:19 baseweed-admin dbus-run-session[1031]:   WARN scene: QML Connections at @Services/UI/WallpaperService.qml[61:3]: Detected function "onRandomIntervalSecChanged" in Connections element. This is probably intended to be a signal handler but no signal of the target matches the name.
Oct 03 16:42:19 baseweed-admin dbus-run-session[1031]:   WARN scene: QML Connections at @Services/UI/WallpaperService.qml[61:3]: Detected function "onWallpaperChangeModeChanged" in Connections element. This is probably intended to be a signal handler but no signal of the target matches the name.
Oct 03 16:42:19 baseweed-admin dbus-run-session[1031]:   WARN scene: QML Connections at @Services/UI/WallpaperService.qml[61:3]: Detected function "onViewModeChanged" in Connections element. This is probably intended to be a signal handler but no signal of the target matches the name.
Oct 03 16:42:19 baseweed-admin dbus-run-session[1031]:   WARN scene: QML Connections at @Services/UI/WallpaperService.qml[61:3]: Detected function "onShowHiddenFilesChanged" in Connections element. This is probably intended to be a signal handler but no signal of the target matches the name.
Oct 03 16:42:19 baseweed-admin dbus-run-session[1031]:   WARN scene: QML Connections at @Services/UI/WallpaperService.qml[61:3]: Detected function "onUseSolidColorChanged" in Connections element. This is probably intended to be a signal handler but no signal of the target matches the name.
Oct 03 16:42:19 baseweed-admin dbus-run-session[1031]:   WARN scene: QML Connections at @Services/UI/WallpaperService.qml[61:3]: Detected function "onSolidColorChanged" in Connections element. This is probably intended to be a signal handler but no signal of the target matches the name.
Oct 03 16:42:19 baseweed-admin dbus-run-session[1031]:   WARN scene: QML Connections at @Services/UI/WallpaperService.qml[61:3]: Detected function "onSortOrderChanged" in Connections element. This is probably intended to be a signal handler but no signal of the target matches the name.
Oct 03 16:42:19 baseweed-admin dbus-run-session[1031]:   WARN scene: QML Connections at @Modules/Background/Background.qml[80:7]: Detected function "onFillModeChanged" in Connections element. This is probably intended to be a signal handler but no signal of the target matches the name.
Oct 03 16:42:19 baseweed-admin dbus-run-session[1031]:   WARN scene: QML Connections at @Modules/Background/Background.qml[80:7]: Detected function "onFillModeChanged" in Connections element. This is probably intended to be a signal handler but no signal of the target matches the name.
Oct 03 16:42:19 baseweed-admin dbus-run-session[1031]:   WARN scene: QML Connections at @Modules/Background/Background.qml[80:7]: Detected function "onFillModeChanged" in Connections element. This is probably intended to be a signal handler but no signal of the target matches the name.
Oct 03 16:42:19 baseweed-admin dbus-run-session[1031]:   WARN scene: QML Connections at @Modules/Dock/Dock.qml[45:7]: Detected function "onPinnedAppsChanged" in Connections element. This is probably intended to be a signal handler but no signal of the target matches the name.
Oct 03 16:42:19 baseweed-admin dbus-run-session[1031]:   WARN scene: QML Connections at @Modules/Dock/Dock.qml[45:7]: Detected function "onOnlySameOutputChanged" in Connections element. This is probably intended to be a signal handler but no signal of the target matches the name.
Oct 03 16:42:19 baseweed-admin dbus-run-session[1031]:   WARN scene: QML Connections at @Modules/Dock/Dock.qml[45:7]: Detected function "onPinnedAppsChanged" in Connections element. This is probably intended to be a signal handler but no signal of the target matches the name.
Oct 03 16:42:19 baseweed-admin dbus-run-session[1031]:   WARN scene: QML Connections at @Modules/Dock/Dock.qml[45:7]: Detected function "onOnlySameOutputChanged" in Connections element. This is probably intended to be a signal handler but no signal of the target matches the name.
Oct 03 16:42:19 baseweed-admin dbus-run-session[1031]:   WARN scene: QML Connections at @Modules/Dock/Dock.qml[45:7]: Detected function "onPinnedAppsChanged" in Connections element. This is probably intended to be a signal handler but no signal of the target matches the name.
Oct 03 16:42:19 baseweed-admin dbus-run-session[1031]:   WARN scene: QML Connections at @Modules/Dock/Dock.qml[45:7]: Detected function "onOnlySameOutputChanged" in Connections element. This is probably intended to be a signal handler but no signal of the target matches the name.
Oct 03 16:42:19 baseweed-admin dbus-run-session[1031]:   INFO qml: [20261003-164219]          Shell ---------------------------
Oct 03 16:42:19 baseweed-admin dbus-run-session[1031]:   INFO qml: [20261003-164219]      Wallpaper Service started
Oct 03 16:42:19 baseweed-admin dbus-run-session[1031]:   INFO qml: [20261003-164219]     ImageCache Service started
Oct 03 16:42:19 baseweed-admin dbus-run-session[1031]:   WARN scene: QML Connections at @Services/Theming/AppThemeService.qml[30:3]: Detected function "onDarkModeChanged" in Connections element. This is probably intended to be a signal handler but no signal of the target matches the name.
Oct 03 16:42:19 baseweed-admin dbus-run-session[1031]:   WARN scene: QML Connections at @Services/Theming/AppThemeService.qml[30:3]: Detected function "onMonitorForColorsChanged" in Connections element. This is probably intended to be a signal handler but no signal of the target matches the name.
Oct 03 16:42:19 baseweed-admin dbus-run-session[1031]:   WARN scene: QML Connections at @Services/Theming/AppThemeService.qml[30:3]: Detected function "onGenerationMethodChanged" in Connections element. This is probably intended to be a signal handler but no signal of the target matches the name.
Oct 03 16:42:19 baseweed-admin dbus-run-session[1031]:   INFO qml: [20261003-164219] AppThemeServic Service started
Oct 03 16:42:19 baseweed-admin dbus-run-session[1031]:   WARN scene: QML Connections at @Services/Theming/ColorSchemeService.qml[20:3]: Detected function "onDarkModeChanged" in Connections element. This is probably intended to be a signal handler but no signal of the target matches the name.
Oct 03 16:42:19 baseweed-admin dbus-run-session[1031]:   INFO qml: [20261003-164219]    ColorScheme Service started
Oct 03 16:42:19 baseweed-admin dbus-run-session[1031]:   INFO qml: [20261003-164219] AppPresentatio Service started
Oct 03 16:42:19 baseweed-admin dbus-run-session[1031]:   WARN scene: QML Connections at @Services/Location/DarkModeService.qml[43:3]: Detected function "onSchedulingModeChanged" in Connections element. This is probably intended to be a signal handler but no signal of the target matches the name.
Oct 03 16:42:19 baseweed-admin dbus-run-session[1031]:   WARN scene: QML Connections at @Services/Location/DarkModeService.qml[28:3]: Detected function "onManualSunriseChanged" in Connections element. This is probably intended to be a signal handler but no signal of the target matches the name.
Oct 03 16:42:19 baseweed-admin dbus-run-session[1031]:   WARN scene: QML Connections at @Services/Location/DarkModeService.qml[28:3]: Detected function "onManualSunsetChanged" in Connections element. This is probably intended to be a signal handler but no signal of the target matches the name.
Oct 03 16:42:19 baseweed-admin dbus-run-session[1031]:   INFO qml: [20261003-164219] DarkModeServic Service started
Oct 03 16:42:19 baseweed-admin dbus-run-session[1031]:   WARN scene: @Services/Location/DarkModeService.qml[29:5]: Unable to assign QJSValue to QObject*
Oct 03 16:42:19 baseweed-admin dbus-run-session[1031]:   WARN scene: @Services/Location/DarkModeService.qml[44:5]: Unable to assign QJSValue to QObject*
Oct 03 16:42:19 baseweed-admin dbus-run-session[1031]:   WARN scene: @Services/Theming/ColorSchemeService.qml[21:5]: Unable to assign QJSValue to QObject*
Oct 03 16:42:19 baseweed-admin dbus-run-session[1031]:   WARN scene: @Services/Theming/AppThemeService.qml[31:5]: Unable to assign QJSValue to QObject*
Oct 03 16:42:19 baseweed-admin dbus-run-session[1031]:   WARN scene: @Modules/Dock/Dock.qml[46:9]: Unable to assign QJSValue to QObject*
Oct 03 16:42:19 baseweed-admin dbus-run-session[1031]:   WARN scene: @Modules/Dock/Dock.qml[46:9]: Unable to assign QJSValue to QObject*
Oct 03 16:42:19 baseweed-admin dbus-run-session[1031]:   WARN scene: @Modules/Dock/Dock.qml[46:9]: Unable to assign QJSValue to QObject*
Oct 03 16:42:19 baseweed-admin dbus-run-session[1031]:   WARN scene: @Modules/Background/Background.qml[81:9]: Unable to assign QJSValue to QObject*
Oct 03 16:42:19 baseweed-admin dbus-run-session[1031]:   WARN scene: @Modules/Background/Background.qml[81:9]: Unable to assign QJSValue to QObject*
Oct 03 16:42:19 baseweed-admin dbus-run-session[1031]:   WARN scene: @Modules/Background/Background.qml[81:9]: Unable to assign QJSValue to QObject*
Oct 03 16:42:19 baseweed-admin dbus-run-session[1031]:   WARN scene: @Services/UI/WallpaperService.qml[62:5]: Unable to assign QJSValue to QObject*
Oct 03 16:42:19 baseweed-admin dbus-run-session[1031]:   WARN scene: @Modules/Panels/SessionMenu/SessionMenu.qml[152:5]: Unable to assign QJSValue to QObject*
Oct 03 16:42:19 baseweed-admin dbus-run-session[1031]:   WARN scene: @Modules/Panels/Dock/StaticDockPanel.qml[351:5]: Unable to assign QJSValue to QObject*
Oct 03 16:42:19 baseweed-admin dbus-run-session[1031]:   WARN scene: @Modules/Panels/SessionMenu/SessionMenu.qml[152:5]: Unable to assign QJSValue to QObject*
Oct 03 16:42:19 baseweed-admin dbus-run-session[1031]:   WARN scene: @Modules/Panels/Dock/StaticDockPanel.qml[351:5]: Unable to assign QJSValue to QObject*
Oct 03 16:42:19 baseweed-admin dbus-run-session[1031]:   WARN scene: @Services/System/SystemStatService.qml[321:5]: Unable to assign QJSValue to QObject*
Oct 03 16:42:19 baseweed-admin dbus-run-session[1031]:   WARN scene: @Modules/Panels/SessionMenu/SessionMenu.qml[152:5]: Unable to assign QJSValue to QObject*
Oct 03 16:42:19 baseweed-admin dbus-run-session[1031]:   WARN scene: @Services/Networking/NetworkService.qml[74:5]: Unable to assign QJSValue to QObject*
Oct 03 16:42:19 baseweed-admin dbus-run-session[1031]:   WARN scene: @Modules/Panels/Dock/StaticDockPanel.qml[351:5]: Unable to assign QJSValue to QObject*
Oct 03 16:42:19 baseweed-admin dbus-run-session[1031]:   WARN scene: @Services/UI/BarService.qml[148:5]: Unable to assign QJSValue to QObject*
Oct 03 16:42:19 baseweed-admin dbus-run-session[1031]:   WARN scene: @Services/Hardware/BrightnessService.qml[67:5]: Unable to assign QJSValue to QObject*
Oct 03 16:42:19 baseweed-admin dbus-run-session[1031]:   INFO qml: [20261003-164219]      Wallpaper Starting scan for Virtual-1 in /home/admin/Pictures/Wallpapers recursive: false
Oct 03 16:42:35 baseweed-admin dbus-run-session[1031]:   INFO qml: [20261003-164235]      Wallpaper Starting scan for pipewire-0 in /home/admin/Pictures/Wallpapers recursive: false
Oct 03 16:42:35 baseweed-admin dbus-run-session[1031]:   INFO qml: [20261003-164235]      Wallpaper Starting scan for pipewire-1 in /home/admin/Pictures/Wallpapers recursive: false
Oct 03 16:42:36 baseweed-admin dbus-run-session[1031]:   INFO qml: [20261003-164236]       Location Service started
Oct 03 16:42:36 baseweed-admin dbus-run-session[1031]:   WARN scene: QML Connections at @Services/Location/NightLightService.qml[96:3]: Detected function "onEnabledChanged" in Connections element. This is probably intended to be a signal handler but no signal of the target matches the name.
Oct 03 16:42:36 baseweed-admin dbus-run-session[1031]:   WARN scene: QML Connections at @Services/Location/NightLightService.qml[96:3]: Detected function "onForcedChanged" in Connections element. This is probably intended to be a signal handler but no signal of the target matches the name.
Oct 03 16:42:36 baseweed-admin dbus-run-session[1031]:   WARN scene: QML Connections at @Services/Location/NightLightService.qml[96:3]: Detected function "onNightTempChanged" in Connections element. This is probably intended to be a signal handler but no signal of the target matches the name.
Oct 03 16:42:36 baseweed-admin dbus-run-session[1031]:   WARN scene: QML Connections at @Services/Location/NightLightService.qml[96:3]: Detected function "onDayTempChanged" in Connections element. This is probably intended to be a signal handler but no signal of the target matches the name.
Oct 03 16:42:36 baseweed-admin dbus-run-session[1031]:   WARN scene: QML Connections at @Services/Control/HooksService.qml[16:3]: Detected function "onDarkModeChanged" in Connections element. This is probably intended to be a signal handler but no signal of the target matches the name.
Oct 03 16:42:36 baseweed-admin dbus-run-session[1031]:   INFO qml: [20261003-164236]   HooksService Service started
Oct 03 16:42:36 baseweed-admin dbus-run-session[1031]:   WARN quickshell.dbus.objectmanager: Failed to create DBusObjectManagerInterface for "org.bluez" "/" : QDBusError("org.freedesktop.DBus.Error.ServiceUnknown", "The name is not activatable")
Oct 03 16:42:36 baseweed-admin dbus-run-session[1031]:   INFO qml: [20261003-164236]      Bluetooth Service started
Oct 03 16:42:36 baseweed-admin dbus-run-session[1031]:   INFO qml: [20261003-164236]  IdleInhibitor Service started
Oct 03 16:42:36 baseweed-admin dbus-run-session[1031]:   INFO qml: [20261003-164236] CapabilityServ qdwin live-apply capabilities: pointer=false xkb=false wm=false output=false workspace=false idleDpms=false keybind=false
Oct 03 16:42:36 baseweed-admin dbus-run-session[1031]:   INFO qml: [20261003-164236]   PowerService Service started
Oct 03 16:42:36 baseweed-admin dbus-run-session[1031]:   INFO qml: [20261003-164236] AccessibilityS Service started
Oct 03 16:42:36 baseweed-admin dbus-run-session[1031]:   INFO qml: [20261003-164236]  KeyboardInput Service started
Oct 03 16:42:36 baseweed-admin dbus-run-session[1031]:   INFO qml: [20261003-164236] PointerInputSe Service started (qdwin live-apply: persist-only until shell binds >= v28)
Oct 03 16:42:36 baseweed-admin dbus-run-session[1031]:   INFO qml: [20261003-164236] WindowManagerS Service started (qdwin v25 live-apply: false, shortcuts: false)
Oct 03 16:42:36 baseweed-admin dbus-run-session[1031]:   INFO qml: [20261003-164236] SessionService started; saved=0 canApplyPlacement=false
Oct 03 16:42:36 baseweed-admin dbus-run-session[1031]:   INFO qml: [20261003-164236]    HostService Service started
Oct 03 16:42:36 baseweed-admin dbus-run-session[1031]:   INFO qml: [20261003-164236] CustomButtonIP Service started
Oct 03 16:42:36 baseweed-admin dbus-run-session[1031]:   INFO qml: [20261003-164236]     IPCService Service started
Oct 03 16:42:36 baseweed-admin dbus-run-session[1031]:   INFO qml: [20261003-164236]        PodApps service started
Oct 03 16:42:36 baseweed-admin dbus-run-session[1031]:   INFO qml: [20261003-164236]         VMApps service started
Oct 03 16:42:36 baseweed-admin dbus-run-session[1031]:   INFO qml: [20261003-164236]      Tier3Apps service started
Oct 03 16:42:36 baseweed-admin dbus-run-session[1031]:   INFO qml: [20261003-164236]     Tier3sApps service started
Oct 03 16:42:36 baseweed-admin dbus-run-session[1031]:   INFO qml: [20261003-164236]      Tier4Apps service started
Oct 03 16:42:36 baseweed-admin dbus-run-session[1031]:   INFO qml: [20261003-164236] RemoteMachineW service started
Oct 03 16:42:36 baseweed-admin dbus-run-session[1031]:   INFO qml: [20261003-164236]  Tier3FocusIPC service started
Oct 03 16:42:36 baseweed-admin dbus-run-session[1031]:   WARN quickshell.dbus: Could not launch service org.freedesktop.UPower.PowerProfiles: QDBusError(org.freedesktop.DBus.Error.ServiceUnknown, The name is not activatable)
Oct 03 16:42:36 baseweed-admin dbus-run-session[1031]:   WARN quickshell.service.powerprofiles: Could not start PowerProfilesDaemon. The PowerProfiles service will not work.
Oct 03 16:42:36 baseweed-admin dbus-run-session[1031]:   INFO qml: [20261003-164236]          Qdwin qdwin_shell_v1 bound v34
Oct 03 16:42:36 baseweed-admin dbus-run-session[1031]:   INFO qml: [20261003-164236]  ClipboardGate wired to qdwin_shell_v1; broker default=deny
Oct 03 16:42:36 baseweed-admin dbus-run-session[1031]:   INFO qml: [20261003-164236] WindowManagerS applied WM policy focus=click placement=smart snap=true/16
Oct 03 16:42:36 baseweed-admin dbus-run-session[1031]:   INFO qml: [20261003-164236] CapabilityServ wmPolicy -> true
Oct 03 16:42:36 baseweed-admin dbus-run-session[1031]:   INFO qml: [20261003-164236] WindowManagerS registered WM shortcuts (5 active)
Oct 03 16:42:36 baseweed-admin dbus-run-session[1031]:   INFO qml: [20261003-164236] CapabilityServ keybindRegistration -> true
Oct 03 16:42:36 baseweed-admin dbus-run-session[1031]:   INFO qml: [20261003-164236] PointerInputSe applied pointer config accelSpeed=0 profile=0 natural=0 tap=1 scroll=1
Oct 03 16:42:36 baseweed-admin dbus-run-session[1031]:   INFO qml: [20261003-164236] CapabilityServ pointerConfig -> true
Oct 03 16:42:36 baseweed-admin dbus-run-session[1031]:   INFO qml: [20261003-164236]  KeyboardInput applied qdwin key-repeat rate=25 delay=500
Oct 03 16:42:36 baseweed-admin dbus-run-session[1031]:   INFO qml: [20261003-164236] CapabilityServ xkbRepeat -> true
Oct 03 16:42:36 baseweed-admin dbus-run-session[1031]:   INFO qml: [20261003-164236]   PowerService idle policy armed: inactivity=0ms (nothing), displayOff=0ms, presentation=false
Oct 03 16:42:36 baseweed-admin dbus-run-session[1031]:   INFO qml: [20261003-164236] CapabilityServ idleDpms -> true
Oct 03 16:42:36 baseweed-admin dbus-run-session[1031]:   INFO qml: [20261003-164236] CapabilityServ outputManagement -> true
Oct 03 16:42:36 baseweed-admin dbus-run-session[1031]:   WARN qml: [20261003-164236]       Location Weather is still fetching
Oct 03 16:42:36 baseweed-admin dbus-run-session[1031]:   WARN quickshell.dbus: Could not launch service org.freedesktop.UPower: QDBusError(org.freedesktop.DBus.Error.ServiceUnknown, The name is not activatable)
Oct 03 16:42:36 baseweed-admin dbus-run-session[1031]:   WARN quickshell.service.upower: Could not start UPower. The UPower service will not work.
Oct 03 16:42:36 baseweed-admin dbus-run-session[1031]:   INFO qml: [20261003-164236]    HostService Detected openSUSE Tumbleweed
Oct 03 16:42:36 baseweed-admin dbus-run-session[1031]:   INFO qml: [20261003-164236]    HostService Looking for logo icon: distributor-logo-Tumbleweed
Oct 03 16:42:36 baseweed-admin dbus-run-session[1031]:   INFO qml: [20261003-164236]    HostService resolved hostname baseweed-admin
Oct 03 16:42:36 baseweed-admin dbus-run-session[1031]:   WARN: Process failed to start, likely because the binary could not be found. Command: QList("bluetoothctl", "show")
Oct 03 16:42:36 baseweed-admin dbus-run-session[1031]:   WARN: Process failed to start, likely because the binary could not be found. Command: QList("udisksctl", "monitor")
Oct 03 16:42:36 baseweed-admin dbus-run-session[1031]:   INFO qml: [20261003-164236]           Time Time jump detected (18s) - likely system resume
Oct 03 16:42:36 baseweed-admin dbus-run-session[1031]:   INFO qml: [20261003-164236]        Network System resumed - forcing state poll
Oct 03 16:42:36 baseweed-admin dbus-run-session[1031]:   INFO qml: [20261003-164236]     SystemStat System resumed - resetting differential state
Oct 03 16:42:36 baseweed-admin dbus-run-session[1031]:   INFO qml: [20261003-164236] DarkModeServic System resumed - re-evaluating dark mode
Oct 03 16:42:36 baseweed-admin dbus-run-session[1031]:   INFO qml: [20261003-164236]     NightLight System resumed - re-applying night light
Oct 03 16:42:36 baseweed-admin dbus-run-session[1031]:   INFO qml: [20261003-164236]      Bluetooth System resumed - forcing state poll
Oct 03 16:42:36 baseweed-admin dbus-run-session[1031]:  ERROR qml: [20261003-164236]       Location Geocoding error: 0
Oct 03 16:42:36 baseweed-admin dbus-run-session[1031]:   INFO qml: [20261003-164236] PluginRegistry All plugin manifests loaded. Total plugins: 0
Oct 03 16:42:36 baseweed-admin dbus-run-session[1031]:   INFO qml: [20261003-164236]  PluginService Initializing plugin system
Oct 03 16:42:36 baseweed-admin dbus-run-session[1031]:   INFO qml: [20261003-164236]  PluginService Found 0 enabled plugins: []
Oct 03 16:42:36 baseweed-admin dbus-run-session[1031]:   INFO qml: [20261003-164236]  PluginService No plugins to load
Oct 03 16:42:36 baseweed-admin dbus-run-session[1031]:   INFO qml: [20261003-164236]  PluginService Refreshing available plugins
Oct 03 16:42:36 baseweed-admin dbus-run-session[1031]:   WARN qml: [20261003-164236]     ImageCache ImageMagick not found, using Qt fallback
Oct 03 16:42:36 baseweed-admin dbus-run-session[1031]:   WARN qml: [20261003-164236]      Wallpaper Scan failed for Virtual-1 exit code: 1 (directory might not exist)
Oct 03 16:42:36 baseweed-admin dbus-run-session[1031]:   WARN qml: [20261003-164236]      Wallpaper Scan failed for pipewire-0 exit code: 1 (directory might not exist)
Oct 03 16:42:36 baseweed-admin dbus-run-session[1031]:   WARN qml: [20261003-164236]      Wallpaper Scan failed for pipewire-1 exit code: 1 (directory might not exist)
Oct 03 16:42:36 baseweed-admin dbus-run-session[1031]:   WARN qml: [20261003-164236]   PowerService Button monitor unavailable (exit 1); releasing key inhibitors, logind will handle power/sleep keys
Oct 03 16:42:36 baseweed-admin dbus-run-session[1031]:   INFO qml: [20261003-164236]  KeyboardInput applied qdwin key-repeat rate=25 delay=500
Oct 03 16:42:36 baseweed-admin dbus-run-session[1031]:   INFO qml: [20261003-164236] PointerInputSe enumerated 3 pointer device(s) via proc
Oct 03 16:42:36 baseweed-admin dbus-run-session[1031]:   INFO qml: [20261003-164236]        PodApps cache refresh loaded 0 apps
Oct 03 16:42:42 baseweed-admin dbus-run-session[1031]:   WARN scene: QML Connections at qs:/usr/share/quickshell/qdshell/Modules/Bar/Widgets/Taskbar.qml[981:3]: Detected function "onPinnedAppsChanged" in Connections element. This is probably intended to be a signal handler but no signal of the target matches the name.
Oct 03 16:42:42 baseweed-admin dbus-run-session[1031]:   WARN scene: QML Connections at qs:/usr/share/quickshell/qdshell/Modules/Bar/Widgets/Taskbar.qml[981:3]: Detected function "onPinnedAppsChanged" in Connections element. This is probably intended to be a signal handler but no signal of the target matches the name.
Oct 03 16:42:42 baseweed-admin dbus-run-session[1031]:   WARN scene: QML Connections at qs:/usr/share/quickshell/qdshell/Modules/Bar/Widgets/Taskbar.qml[981:3]: Detected function "onPinnedAppsChanged" in Connections element. This is probably intended to be a signal handler but no signal of the target matches the name.
Oct 03 16:42:42 baseweed-admin dbus-run-session[1031]:   WARN: Could not load icon "user-desktop?fallback=application-x-executable" at size QSize(19, 19) from request
Oct 03 16:42:42 baseweed-admin dbus-run-session[1031]:   WARN scene: qs:/usr/share/quickshell/qdshell/Modules/Bar/Widgets/Taskbar.qml[982:5]: Unable to assign QJSValue to QObject*
Oct 03 16:42:42 baseweed-admin dbus-run-session[1031]:   WARN scene: qs:/usr/share/quickshell/qdshell/Modules/Bar/Widgets/Taskbar.qml[982:5]: Unable to assign QJSValue to QObject*
Oct 03 16:42:42 baseweed-admin dbus-run-session[1031]:   WARN scene: qs:/usr/share/quickshell/qdshell/Modules/Bar/Widgets/Taskbar.qml[982:5]: Unable to assign QJSValue to QObject*
Oct 03 16:42:42 baseweed-admin dbus-run-session[1031]:   WARN scene: @Services/Control/HooksService.qml[17:5]: Unable to assign QJSValue to QObject*
Oct 03 16:42:42 baseweed-admin dbus-run-session[1031]:   WARN scene: @Services/Location/NightLightService.qml[97:5]: Unable to assign QJSValue to QObject*
Oct 03 16:42:42 baseweed-admin dbus-run-session[1031]:   INFO qml: [20261003-164242]    ColorScheme Applying color scheme: Qdshell (default)
Oct 03 16:42:42 baseweed-admin dbus-run-session[1031]:   INFO qml: [20261003-164242]           Font Service started
Oct 03 16:42:42 baseweed-admin dbus-run-session[1031]:   WARN qml: [20261003-164242]        Network Connectivity check error: Error: Not authorized to recheck connectivity.
Oct 03 16:42:42 baseweed-admin dbus-run-session[1031]:  ERROR qml: [20261003-164242]  PluginService Empty response from Qdshell Plugins
Oct 03 16:42:42 baseweed-admin dbus-run-session[1031]:  ERROR qml: [20261003-164242]  PluginService Failed to fetch registry from Qdshell Plugins - exit code: 1
Oct 03 16:42:43 baseweed-admin dbus-run-session[1031]:   INFO qml: [20261003-164243]        PodApps cache refresh loaded 0 apps
Oct 03 16:42:47 baseweed-admin dbus-run-session[1031]:   INFO qml: [20261003-164247]           Font Loaded 11 fonts, 3 monospace
Oct 03 16:42:47 baseweed-admin dbus-run-session[1031]:   WARN: Process failed to start, likely because the binary could not be found. Command: QList("bluetoothctl", "show")
Oct 03 16:42:47 baseweed-admin dbus-run-session[1031]:   INFO qml: [20261003-164247]           Time Time jump detected (11s) - likely system resume
Oct 03 16:42:47 baseweed-admin dbus-run-session[1031]:   INFO qml: [20261003-164247]        Network System resumed - forcing state poll
Oct 03 16:42:47 baseweed-admin dbus-run-session[1031]:   INFO qml: [20261003-164247]     SystemStat System resumed - resetting differential state
Oct 03 16:42:47 baseweed-admin dbus-run-session[1031]:   INFO qml: [20261003-164247] DarkModeServic System resumed - re-evaluating dark mode
Oct 03 16:42:47 baseweed-admin dbus-run-session[1031]:   INFO qml: [20261003-164247]     NightLight System resumed - re-applying night light
Oct 03 16:42:47 baseweed-admin dbus-run-session[1031]:   INFO qml: [20261003-164247]      Bluetooth System resumed - forcing state poll
Oct 03 16:42:48 baseweed-admin dbus-run-session[1031]:   WARN qml: [20261003-164248]        Network Connectivity check error: Error: Not authorized to recheck connectivity.
Oct 03 16:42:48 baseweed-admin dbus-run-session[1031]:   WARN qml: [20261003-164248]     SystemStat No supported temperature sensor found
Oct 03 16:42:48 baseweed-admin dbus-run-session[1031]:   WARN: Process failed to start, likely because the binary could not be found. Command: QList("bluetoothctl", "show")
Oct 03 16:42:48 baseweed-admin dbus-run-session[1031]:   INFO qml: [20261003-164248] DarkModeServic Resume retry - re-evaluating dark mode again
Oct 03 16:42:48 baseweed-admin dbus-run-session[1031]:   INFO qml: [20261003-164248]     NightLight Resume retry - re-applying night light again
Oct 03 16:42:48 baseweed-admin dbus-run-session[1031]:   WARN: Process failed to start, likely because the binary could not be found. Command: QList("bluetoothctl", "show")
Oct 03 16:42:50 baseweed-admin dbus-run-session[1031]:   WARN: Process failed to start, likely because the binary could not be found. Command: QList("bluetoothctl", "show")
Oct 03 16:42:52 baseweed-admin dbus-run-session[1031]:   WARN: Process failed to start, likely because the binary could not be found. Command: QList("bluetoothctl", "show")
Oct 03 16:42:54 baseweed-admin dbus-run-session[1031]:   WARN: Process failed to start, likely because the binary could not be found. Command: QList("bluetoothctl", "show")
Oct 03 16:42:56 baseweed-admin dbus-run-session[1031]:   WARN: Process failed to start, likely because the binary could not be found. Command: QList("bluetoothctl", "show")
Oct 03 16:42:56 baseweed-admin dbus-run-session[1031]:   WARN qml: [20261003-164256]       Location Weather is still fetching
Oct 03 16:42:56 baseweed-admin dbus-run-session[1031]:  ERROR qml: [20261003-164256]       Location Geocoding error: 0
Oct 03 16:42:57 baseweed-admin dbus-run-session[1031]:   WARN qml: [20261003-164257]        Network Connectivity check error: Error: Not authorized to recheck connectivity.
Oct 03 16:42:58 baseweed-admin dbus-run-session[1031]:   WARN: Process failed to start, likely because the binary could not be found. Command: QList("bluetoothctl", "show")
Oct 03 16:43:00 baseweed-admin dbus-run-session[1031]:   WARN: Process failed to start, likely because the binary could not be found. Command: QList("bluetoothctl", "show")
Oct 03 16:43:02 baseweed-admin dbus-run-session[1031]:   WARN: Process failed to start, likely because the binary could not be found. Command: QList("bluetoothctl", "show")
Oct 03 16:43:04 baseweed-admin dbus-run-session[1031]:   WARN: Process failed to start, likely because the binary could not be found. Command: QList("bluetoothctl", "show")
Oct 03 16:43:06 baseweed-admin dbus-run-session[1031]:   WARN: Process failed to start, likely because the binary could not be found. Command: QList("bluetoothctl", "show")
Oct 03 16:43:06 baseweed-admin dbus-run-session[1031]:   INFO qml: [20261003-164306]        PodApps cache refresh loaded 0 apps
Oct 03 16:43:08 baseweed-admin dbus-run-session[1031]:   WARN: Process failed to start, likely because the binary could not be found. Command: QList("bluetoothctl", "show")
Oct 03 16:43:10 baseweed-admin dbus-run-session[1031]:   WARN: Process failed to start, likely because the binary could not be found. Command: QList("bluetoothctl", "show")
Oct 03 16:43:12 baseweed-admin dbus-run-session[1031]:   WARN: Process failed to start, likely because the binary could not be found. Command: QList("bluetoothctl", "show")
Oct 03 16:43:12 baseweed-admin dbus-run-session[1031]:   WARN qml: [20261003-164312]        Network Connectivity check error: Error: Not authorized to recheck connectivity.
Oct 03 16:43:14 baseweed-admin dbus-run-session[1031]:   WARN: Process failed to start, likely because the binary could not be found. Command: QList("bluetoothctl", "show")
Oct 03 16:43:16 baseweed-admin dbus-run-session[1031]:   WARN: Process failed to start, likely because the binary could not be found. Command: QList("bluetoothctl", "show")
Oct 03 16:43:16 baseweed-admin dbus-run-session[1031]:   WARN qml: [20261003-164316]       Location Weather is still fetching
Oct 03 16:43:16 baseweed-admin dbus-run-session[1031]:  ERROR qml: [20261003-164316]       Location Geocoding error: 0
Oct 03 16:43:18 baseweed-admin dbus-run-session[1031]:   WARN: Process failed to start, likely because the binary could not be found. Command: QList("bluetoothctl", "show")
Oct 03 16:43:20 baseweed-admin dbus-run-session[1031]:   WARN: Process failed to start, likely because the binary could not be found. Command: QList("bluetoothctl", "show")
Oct 03 16:43:22 baseweed-admin dbus-run-session[1031]:   WARN: Process failed to start, likely because the binary could not be found. Command: QList("bluetoothctl", "show")
Oct 03 16:43:24 baseweed-admin dbus-run-session[1031]:   WARN: Process failed to start, likely because the binary could not be found. Command: QList("bluetoothctl", "show")
Oct 03 16:43:26 baseweed-admin dbus-run-session[1031]:   WARN: Process failed to start, likely because the binary could not be found. Command: QList("bluetoothctl", "show")
Oct 03 16:43:27 baseweed-admin dbus-run-session[1031]:   WARN qml: [20261003-164327]        Network Connectivity check error: Error: Not authorized to recheck connectivity.
Oct 03 16:43:28 baseweed-admin dbus-run-session[1031]:   WARN: Process failed to start, likely because the binary could not be found. Command: QList("bluetoothctl", "show")
Oct 03 16:43:30 baseweed-admin dbus-run-session[1031]:   WARN: Process failed to start, likely because the binary could not be found. Command: QList("bluetoothctl", "show")
Oct 03 16:43:32 baseweed-admin dbus-run-session[1031]:   WARN: Process failed to start, likely because the binary could not be found. Command: QList("bluetoothctl", "show")
Oct 03 16:43:34 baseweed-admin dbus-run-session[1031]:   WARN: Process failed to start, likely because the binary could not be found. Command: QList("bluetoothctl", "show")
Oct 03 16:43:36 baseweed-admin dbus-run-session[1031]:   WARN: Process failed to start, likely because the binary could not be found. Command: QList("bluetoothctl", "show")
Oct 03 16:43:36 baseweed-admin dbus-run-session[1031]:   WARN qml: [20261003-164336]       Location Weather is still fetching
Oct 03 16:43:36 baseweed-admin dbus-run-session[1031]:  ERROR qml: [20261003-164336]       Location Geocoding error: 0
Oct 03 16:43:36 baseweed-admin dbus-run-session[1031]:   INFO qml: [20261003-164336]        PodApps cache refresh loaded 0 apps
Oct 03 16:43:38 baseweed-admin dbus-run-session[1031]:   WARN: Process failed to start, likely because the binary could not be found. Command: QList("bluetoothctl", "show")
Oct 03 16:43:40 baseweed-admin dbus-run-session[1031]:   WARN: Process failed to start, likely because the binary could not be found. Command: QList("bluetoothctl", "show")
Oct 03 16:43:42 baseweed-admin dbus-run-session[1031]:   WARN: Process failed to start, likely because the binary could not be found. Command: QList("bluetoothctl", "show")
Oct 03 16:43:42 baseweed-admin dbus-run-session[1031]:   WARN qml: [20261003-164342]        Network Connectivity check error: Error: Not authorized to recheck connectivity.
Oct 03 16:43:44 baseweed-admin dbus-run-session[1031]:   WARN: Process failed to start, likely because the binary could not be found. Command: QList("bluetoothctl", "show")
Oct 03 16:43:46 baseweed-admin dbus-run-session[1031]:   WARN: Process failed to start, likely because the binary could not be found. Command: QList("bluetoothctl", "show")
Oct 03 16:43:48 baseweed-admin dbus-run-session[1031]:   WARN: Process failed to start, likely because the binary could not be found. Command: QList("bluetoothctl", "show")
Oct 03 16:43:50 baseweed-admin dbus-run-session[1031]:   WARN: Process failed to start, likely because the binary could not be found. Command: QList("bluetoothctl", "show")
Oct 03 16:43:52 baseweed-admin dbus-run-session[1031]:   WARN: Process failed to start, likely because the binary could not be found. Command: QList("bluetoothctl", "show")
Oct 03 16:43:54 baseweed-admin dbus-run-session[1031]:   WARN: Process failed to start, likely because the binary could not be found. Command: QList("bluetoothctl", "show")
Oct 03 16:43:56 baseweed-admin dbus-run-session[1031]:   WARN: Process failed to start, likely because the binary could not be found. Command: QList("bluetoothctl", "show")
Oct 03 16:43:56 baseweed-admin dbus-run-session[1031]:   WARN qml: [20261003-164356]       Location Weather is still fetching
Oct 03 16:43:56 baseweed-admin dbus-run-session[1031]:  ERROR qml: [20261003-164356]       Location Geocoding error: 0
Oct 03 16:43:57 baseweed-admin dbus-run-session[1031]:   WARN qml: [20261003-164357]        Network Connectivity check error: Error: Not authorized to recheck connectivity.
Oct 03 16:43:58 baseweed-admin dbus-run-session[1031]:   WARN: Process failed to start, likely because the binary could not be found. Command: QList("bluetoothctl", "show")
Oct 03 16:44:00 baseweed-admin dbus-run-session[1031]:   WARN: Process failed to start, likely because the binary could not be found. Command: QList("bluetoothctl", "show")
Oct 03 16:44:02 baseweed-admin dbus-run-session[1031]:   WARN: Process failed to start, likely because the binary could not be found. Command: QList("bluetoothctl", "show")
Oct 03 16:44:04 baseweed-admin dbus-run-session[1031]:   WARN: Process failed to start, likely because the binary could not be found. Command: QList("bluetoothctl", "show")
Oct 03 16:44:05 baseweed-admin dbus-run-session[1031]:   INFO qml: [20261003-164405]          Qdwin toplevel_security_context handle=1 engine=qdistro.tier3s app_id=qdistro.tier3s.s128a instance=7a0ef08c23d54c438329a8f84d4bcc0b
Oct 03 16:44:05 baseweed-admin dbus-run-session[1031]:   INFO qml: [20261003-164405]     Tier3sApps [tier3s] toplevel observed silo=s128a secctx=qdistro.tier3s.s128a color=#64b5f6 handle=1
Oct 03 16:44:05 baseweed-admin dbus-run-session[1031]:   INFO qml: [20261003-164405]     Tier3sApps [tier3s] silo=s128a color=#64b5f6
Oct 03 16:44:05 baseweed-admin dbus-run-session[1031]:   WARN: Could not load icon "org.freedesktop.weston.wayland-terminal?fallback=application-x-executable" at size QSize(19, 19) from request
Oct 03 16:44:06 baseweed-admin dbus-run-session[1031]:   WARN: Process failed to start, likely because the binary could not be found. Command: QList("bluetoothctl", "show")
Oct 03 16:44:06 baseweed-admin dbus-run-session[1031]:   INFO qml: [20261003-164406]        PodApps cache refresh loaded 0 apps
Oct 03 16:44:06 baseweed-admin dbus-run-session[1031]:   INFO qml: [20261003-164406]        PodApps auto-scan: qdistro-tier3s-s128a transitioned to running
Oct 03 16:44:08 baseweed-admin dbus-run-session[1031]:   WARN: Process failed to start, likely because the binary could not be found. Command: QList("bluetoothctl", "show")
Oct 03 16:44:08 baseweed-admin podman[5472]: 2026-10-03 16:44:08.622632648 +0000 UTC m=+0.095816860 container exec 68623fef0411f3ecd396db1b28125827101074fa5b29bae467cf0d1b3578630f (image=localhost/qdistro/tier3s-weston-terminal:latest, name=qdistro-tier3s-s128a, org.qdistro.snapshot=20260930, org.qdistro.tier3s.workload=weston-terminal, io.buildah.version=1.44.1, org.opencontainers.image.url=https://www.opensuse.org, qdistro_tier3s_unit=qdistro-tier3s-silo@s128a.service, org.opensuse.base.reference=registry.opensuse.org/opensuse/tumbleweed:20260930.37.208, org.opensuse.lifecycle-url=https://en.opensuse.org/Lifetime, org.opensuse.reference=registry.opensuse.org/opensuse/tumbleweed:20260930.37.208, org.opencontainers.image.description=Image containing a minimal environment for containers based on openSUSE Tumbleweed., org.opencontainers.image.title=openSUSE Tumbleweed Base Container, org.opensuse.base.source=https://build.opensuse.org/package/show/openSUSE:Factory/opensuse-tumbleweed-image?rev=561f9d4c8e4e1a441f95ad4ec6b5a914, org.opencontainers.image.created=2026-09-30T20:05:54.126624488Z, org.opencontainers.image.vendor=openSUSE Project, org.opencontainers.image.version=20260930.37.208, org.opensuse.base.lifecycle-url=https://en.opensuse.org/Lifetime, org.opensuse.base.version=20260930.37.208, org.opensuse.base.created=2026-09-30T20:05:54.126624488Z, org.opensuse.base.title=openSUSE Tumbleweed Base Container, org.opensuse.base.vendor=openSUSE Project, org.opensuse.base.description=Image containing a minimal environment for containers based on openSUSE Tumbleweed., qdistro_tier3s_token=7a0ef08c23d54c438329a8f84d4bcc0b, org.opensuse.base.url=https://www.opensuse.org, org.openbuildservice.disturl=obs://build.opensuse.org/openSUSE:Factory/images/561f9d4c8e4e1a441f95ad4ec6b5a914-opensuse-tumbleweed-image:docker, org.opensuse.base.disturl=obs://build.opensuse.org/openSUSE:Factory/images/561f9d4c8e4e1a441f95ad4ec6b5a914-opensuse-tumbleweed-image:docker, org.opencontainers.image.source=https://build.opensuse.org/package/show/openSUSE:Factory/opensuse-tumbleweed-image?rev=561f9d4c8e4e1a441f95ad4ec6b5a914)
Oct 03 16:44:08 baseweed-admin conmon[5485]: conmon 68623fef0411f3ecd396 <nwarn>: Failed to open cgroups file: /sys/fs/cgroup/user.slice/user-1000.slice/user@1000.service/app.slice/qdshell.service/memory.events
Oct 03 16:44:08 baseweed-admin podman[5500]: 2026-10-03 16:44:08.681168108 +0000 UTC m=+0.046842970 container exec_died 68623fef0411f3ecd396db1b28125827101074fa5b29bae467cf0d1b3578630f (image=localhost/qdistro/tier3s-weston-terminal:latest, name=qdistro-tier3s-s128a, io.buildah.version=1.44.1, org.opencontainers.image.source=https://build.opensuse.org/package/show/openSUSE:Factory/opensuse-tumbleweed-image?rev=561f9d4c8e4e1a441f95ad4ec6b5a914, org.opensuse.base.title=openSUSE Tumbleweed Base Container, org.opencontainers.image.vendor=openSUSE Project, org.opensuse.base.reference=registry.opensuse.org/opensuse/tumbleweed:20260930.37.208, org.opensuse.reference=registry.opensuse.org/opensuse/tumbleweed:20260930.37.208, org.opencontainers.image.description=Image containing a minimal environment for containers based on openSUSE Tumbleweed., org.opensuse.base.created=2026-09-30T20:05:54.126624488Z, org.opensuse.base.disturl=obs://build.opensuse.org/openSUSE:Factory/images/561f9d4c8e4e1a441f95ad4ec6b5a914-opensuse-tumbleweed-image:docker, execID=5421263f40a5247b6f6a93eb05025b3bde1c2ded7a0631e32d108102e8ff2548, org.qdistro.snapshot=20260930, org.opensuse.base.lifecycle-url=https://en.opensuse.org/Lifetime, qdistro_tier3s_unit=qdistro-tier3s-silo@s128a.service, org.opencontainers.image.url=https://www.opensuse.org, org.opensuse.base.url=https://www.opensuse.org, qdistro_tier3s_token=7a0ef08c23d54c438329a8f84d4bcc0b, org.opencontainers.image.title=openSUSE Tumbleweed Base Container, org.opensuse.base.description=Image containing a minimal environment for containers based on openSUSE Tumbleweed., org.opensuse.base.source=https://build.opensuse.org/package/show/openSUSE:Factory/opensuse-tumbleweed-image?rev=561f9d4c8e4e1a441f95ad4ec6b5a914, org.qdistro.tier3s.workload=weston-terminal, org.opencontainers.image.version=20260930.37.208, org.opensuse.base.vendor=openSUSE Project, org.opensuse.base.version=20260930.37.208, org.opensuse.lifecycle-url=https://en.opensuse.org/Lifetime, org.openbuildservice.disturl=obs://build.opensuse.org/openSUSE:Factory/images/561f9d4c8e4e1a441f95ad4ec6b5a914-opensuse-tumbleweed-image:docker, org.opencontainers.image.created=2026-09-30T20:05:54.126624488Z)
Oct 03 16:44:08 baseweed-admin podman[5472]: 2026-10-03 16:44:08.69477384 +0000 UTC m=+0.167958042 container exec_died 68623fef0411f3ecd396db1b28125827101074fa5b29bae467cf0d1b3578630f (image=localhost/qdistro/tier3s-weston-terminal:latest, name=qdistro-tier3s-s128a, org.opensuse.reference=registry.opensuse.org/opensuse/tumbleweed:20260930.37.208, org.openbuildservice.disturl=obs://build.opensuse.org/openSUSE:Factory/images/561f9d4c8e4e1a441f95ad4ec6b5a914-opensuse-tumbleweed-image:docker, org.opencontainers.image.source=https://build.opensuse.org/package/show/openSUSE:Factory/opensuse-tumbleweed-image?rev=561f9d4c8e4e1a441f95ad4ec6b5a914, org.opencontainers.image.vendor=openSUSE Project, org.opensuse.base.description=Image containing a minimal environment for containers based on openSUSE Tumbleweed., qdistro_tier3s_unit=qdistro-tier3s-silo@s128a.service, org.opencontainers.image.version=20260930.37.208, org.opensuse.base.lifecycle-url=https://en.opensuse.org/Lifetime, io.buildah.version=1.44.1, org.opencontainers.image.description=Image containing a minimal environment for containers based on openSUSE Tumbleweed., org.opensuse.base.disturl=obs://build.opensuse.org/openSUSE:Factory/images/561f9d4c8e4e1a441f95ad4ec6b5a914-opensuse-tumbleweed-image:docker, org.opencontainers.image.created=2026-09-30T20:05:54.126624488Z, org.opencontainers.image.url=https://www.opensuse.org, org.opensuse.base.url=https://www.opensuse.org, org.qdistro.snapshot=20260930, org.qdistro.tier3s.workload=weston-terminal, org.opencontainers.image.title=openSUSE Tumbleweed Base Container, org.opensuse.base.source=https://build.opensuse.org/package/show/openSUSE:Factory/opensuse-tumbleweed-image?rev=561f9d4c8e4e1a441f95ad4ec6b5a914, qdistro_tier3s_token=7a0ef08c23d54c438329a8f84d4bcc0b, org.opensuse.base.version=20260930.37.208, org.opensuse.base.created=2026-09-30T20:05:54.126624488Z, org.opensuse.base.reference=registry.opensuse.org/opensuse/tumbleweed:20260930.37.208, org.opensuse.lifecycle-url=https://en.opensuse.org/Lifetime, execID=5421263f40a5247b6f6a93eb05025b3bde1c2ded7a0631e32d108102e8ff2548, org.opensuse.base.title=openSUSE Tumbleweed Base Container, org.opensuse.base.vendor=openSUSE Project)
Oct 03 16:44:08 baseweed-admin dbus-run-session[1031]:   INFO qml: [20261003-164408]        PodApps cache refresh loaded 0 apps
Oct 03 16:44:10 baseweed-admin dbus-run-session[1031]:   WARN: Process failed to start, likely because the binary could not be found. Command: QList("bluetoothctl", "show")
Oct 03 16:44:12 baseweed-admin dbus-run-session[1031]:   WARN: Process failed to start, likely because the binary could not be found. Command: QList("bluetoothctl", "show")
Oct 03 16:44:12 baseweed-admin dbus-run-session[1031]:   WARN qml: [20261003-164412]        Network Connectivity check error: Error: Not authorized to recheck connectivity.
Oct 03 16:44:14 baseweed-admin dbus-run-session[1031]:   WARN: Process failed to start, likely because the binary could not be found. Command: QList("bluetoothctl", "show")
Oct 03 16:44:16 baseweed-admin dbus-run-session[1031]:   WARN: Process failed to start, likely because the binary could not be found. Command: QList("bluetoothctl", "show")
Oct 03 16:44:16 baseweed-admin dbus-run-session[1031]:   WARN qml: [20261003-164416]       Location Weather is still fetching
Oct 03 16:44:16 baseweed-admin dbus-run-session[1031]:  ERROR qml: [20261003-164416]       Location Geocoding error: 0
Oct 03 16:44:18 baseweed-admin dbus-run-session[1031]:   WARN: Process failed to start, likely because the binary could not be found. Command: QList("bluetoothctl", "show")
Oct 03 16:44:20 baseweed-admin dbus-run-session[1031]:   WARN: Process failed to start, likely because the binary could not be found. Command: QList("bluetoothctl", "show")
Oct 03 16:44:22 baseweed-admin dbus-run-session[1031]:   WARN: Process failed to start, likely because the binary could not be found. Command: QList("bluetoothctl", "show")
Oct 03 16:44:24 baseweed-admin dbus-run-session[1031]:   WARN: Process failed to start, likely because the binary could not be found. Command: QList("bluetoothctl", "show")
Oct 03 16:44:26 baseweed-admin dbus-run-session[1031]:   WARN: Process failed to start, likely because the binary could not be found. Command: QList("bluetoothctl", "show")
Oct 03 16:44:27 baseweed-admin dbus-run-session[1031]:   WARN qml: [20261003-164427]        Network Connectivity check error: Error: Not authorized to recheck connectivity.
Oct 03 16:44:28 baseweed-admin dbus-run-session[1031]:   WARN: Process failed to start, likely because the binary could not be found. Command: QList("bluetoothctl", "show")
Oct 03 16:44:30 baseweed-admin dbus-run-session[1031]:   WARN: Process failed to start, likely because the binary could not be found. Command: QList("bluetoothctl", "show")
Oct 03 16:44:32 baseweed-admin dbus-run-session[1031]:   WARN: Process failed to start, likely because the binary could not be found. Command: QList("bluetoothctl", "show")
Oct 03 16:44:34 baseweed-admin dbus-run-session[1031]:   WARN: Process failed to start, likely because the binary could not be found. Command: QList("bluetoothctl", "show")
