[vm-exec] guest identity pinned (pid 3428 start 5278)
[vm-exec] Waiting... (polls=30s elapsed=31s)
[vm-exec] Waiting... (polls=60s elapsed=62s)
[vm-exec] Waiting... (polls=90s elapsed=93s)

## 0. preconditions
PASS: probe PASS (0)
PASS: broker allows the smoke spawn (allow)
PASS: launch unit carries StopPropagatedFrom= the manager (O11) (qdistro-session-manager.service)
PASS: pre: control records (0)
PASS: pre: scopes (0)
PASS: pre: labelled containers (0)
PASS: pre: runsc-bundle processes (0)
PASS: pre: state root holds no container state (0)
PASS: pre: no cleanup call scope left (0)
PASS: pre: no cleanup work dir left (0)
PASS: CreateTier3sSilo s122a (Created)
PASS: CreateTier3sSilo s122b (Created)
    silos.yaml: s122a argv -> ["qdistro-tier3s-smoke", "--hold", "600"]
    silos.yaml: s122b argv -> ["qdistro-tier3s-smoke", "--hold", "600"]

## 1. launcher SIGKILL (service failure), three times (ExecStopPost races the scope stop)
PASS: sigkill#1: launch a7ba69339fbd5ba0cd00023236179229 up
PASS: sigkill#1: launch unit failed visibly (failed:signal)
    unit: qdistro-tier3s-silo@s122a.service: Sent signal SIGKILL to main process 4215 (spawn-tier3s.sh) on client request.
    unit: qdistro-tier3s-silo@s122a.service: Main process exited, code=killed, status=9/KILL
    unit: qdistro-tier3s-cleanup: a7ba69339fbd5ba0cd00023236179229: torn down (qdistro-tier3s-s122a)
    unit: qdistro-tier3s-silo@s122a.service: Failed with result 'signal'.
    unit: qdistro-tier3s-silo@s122a.service: Consumed 2.239s CPU time over 19.122s wall clock time.
PASS: launcher-sigkill#1: all 21 launch processes gone (pid+starttime)
PASS: launcher-sigkill#1: scope qdistro-tier3s-a7ba69339fbd5ba0cd00023236179229.scope gone (unit down, /sys/fs/cgroup/system.slice/qdistro-tier3s-a7ba69339fbd5ba0cd00023236179229.scope absent)
PASS: launcher-sigkill#1: per-launch dir /run/qdistro-tier3s/a7ba69339fbd5ba0cd00023236179229 gone
PASS: launcher-sigkill#1: control record /run/qdistro-tier3s-ctl/a7ba69339fbd5ba0cd00023236179229 gone
PASS: launcher-sigkill#1: container qdistro-tier3s-s122a gone (podman exists rc=1)
PASS: launcher-sigkill#1: no runsc state for b14559a441e1 in /run/qdistro-tier3s-runsc/1000
PASS: sigkill#1: StopSilo afterwards reaches Stopped (Stopped)
PASS: sigkill#2: launch 9800400c23ca407b5213eba8de61cdd7 up
PASS: sigkill#2: launch unit failed visibly (failed:signal)
    unit: qdistro-tier3s-silo@s122a.service: Sent signal SIGKILL to main process 5273 (spawn-tier3s.sh) on client request.
    unit: qdistro-tier3s-silo@s122a.service: Main process exited, code=killed, status=9/KILL
    unit: qdistro-tier3s-cleanup: 9800400c23ca407b5213eba8de61cdd7: torn down (qdistro-tier3s-s122a)
    unit: qdistro-tier3s-silo@s122a.service: Failed with result 'signal'.
    unit: qdistro-tier3s-silo@s122a.service: Consumed 1.175s CPU time over 8.380s wall clock time.
PASS: launcher-sigkill#2: all 17 launch processes gone (pid+starttime)
PASS: launcher-sigkill#2: scope qdistro-tier3s-9800400c23ca407b5213eba8de61cdd7.scope gone (unit down, /sys/fs/cgroup/system.slice/qdistro-tier3s-9800400c23ca407b5213eba8de61cdd7.scope absent)
PASS: launcher-sigkill#2: per-launch dir /run/qdistro-tier3s/9800400c23ca407b5213eba8de61cdd7 gone
PASS: launcher-sigkill#2: control record /run/qdistro-tier3s-ctl/9800400c23ca407b5213eba8de61cdd7 gone
PASS: launcher-sigkill#2: container qdistro-tier3s-s122a gone (podman exists rc=1)
PASS: launcher-sigkill#2: no runsc state for 8b9bf062bb61 in /run/qdistro-tier3s-runsc/1000
PASS: sigkill#2: StopSilo afterwards reaches Stopped (Stopped)
PASS: sigkill#3: launch 7bb270dbe0f8fc803f31fbef19601ffc up
PASS: sigkill#3: launch unit failed visibly (failed:signal)
    unit: qdistro-tier3s-silo@s122a.service: Sent signal SIGKILL to main process 6293 (spawn-tier3s.sh) on client request.
    unit: qdistro-tier3s-silo@s122a.service: Main process exited, code=killed, status=9/KILL
    unit: qdistro-tier3s-cleanup: 7bb270dbe0f8fc803f31fbef19601ffc: torn down (qdistro-tier3s-s122a)
    unit: qdistro-tier3s-silo@s122a.service: Failed with result 'signal'.
    unit: qdistro-tier3s-silo@s122a.service: Consumed 1.215s CPU time over 8.297s wall clock time.
PASS: launcher-sigkill#3: all 19 launch processes gone (pid+starttime)
PASS: launcher-sigkill#3: scope qdistro-tier3s-7bb270dbe0f8fc803f31fbef19601ffc.scope gone (unit down, /sys/fs/cgroup/system.slice/qdistro-tier3s-7bb270dbe0f8fc803f31fbef19601ffc.scope absent)
PASS: launcher-sigkill#3: per-launch dir /run/qdistro-tier3s/7bb270dbe0f8fc803f31fbef19601ffc gone
PASS: launcher-sigkill#3: control record /run/qdistro-tier3s-ctl/7bb270dbe0f8fc803f31fbef19601ffc gone
PASS: launcher-sigkill#3: container qdistro-tier3s-s122a gone (podman exists rc=1)
PASS: launcher-sigkill#3: no runsc state for 08a6421c92a1 in /run/qdistro-tier3s-runsc/1000
PASS: sigkill#3: StopSilo afterwards reaches Stopped (Stopped)

## 2. O11: session-manager STOP tears down every live launch
PASS: manager-stop: two launches up (bf9f016178ddc80dd7ae37a72ca88502, 8eecc1cbefb6fe9a60fc1ad1c8fa1826)
PASS: manager-stop: systemctl stop qdistro-session-manager.service rc (0)
PASS: manager-stop: manager inactive (inactive)
PASS: manager-stop: qdistro-tier3s-silo@s122a.service stopped through the verified cleanup (1)
PASS: manager-stop: qdistro-tier3s-silo@s122a.service stopped before the manager (After= order) (yes)
PASS: manager-stop/s122a: all 17 launch processes gone (pid+starttime)
PASS: manager-stop/s122a: scope qdistro-tier3s-bf9f016178ddc80dd7ae37a72ca88502.scope gone (unit down, /sys/fs/cgroup/system.slice/qdistro-tier3s-bf9f016178ddc80dd7ae37a72ca88502.scope absent)
PASS: manager-stop/s122a: per-launch dir /run/qdistro-tier3s/bf9f016178ddc80dd7ae37a72ca88502 gone
PASS: manager-stop/s122a: control record /run/qdistro-tier3s-ctl/bf9f016178ddc80dd7ae37a72ca88502 gone
PASS: manager-stop/s122a: container qdistro-tier3s-s122a gone (podman exists rc=1)
PASS: manager-stop/s122a: no runsc state for 2da8384f6321 in /run/qdistro-tier3s-runsc/1000
PASS: manager-stop: qdistro-tier3s-silo@s122b.service stopped through the verified cleanup (1)
PASS: manager-stop: qdistro-tier3s-silo@s122b.service stopped before the manager (After= order) (yes)
PASS: manager-stop/s122b: all 19 launch processes gone (pid+starttime)
PASS: manager-stop/s122b: scope qdistro-tier3s-8eecc1cbefb6fe9a60fc1ad1c8fa1826.scope gone (unit down, /sys/fs/cgroup/system.slice/qdistro-tier3s-8eecc1cbefb6fe9a60fc1ad1c8fa1826.scope absent)
PASS: manager-stop/s122b: per-launch dir /run/qdistro-tier3s/8eecc1cbefb6fe9a60fc1ad1c8fa1826 gone
PASS: manager-stop/s122b: control record /run/qdistro-tier3s-ctl/8eecc1cbefb6fe9a60fc1ad1c8fa1826 gone
PASS: manager-stop/s122b: container qdistro-tier3s-s122b gone (podman exists rc=1)
PASS: manager-stop/s122b: no runsc state for b770bd649501 in /run/qdistro-tier3s-runsc/1000
PASS: manager-stop: control records (0)
PASS: manager-stop: scopes (0)
PASS: manager-stop: labelled containers (0)
PASS: manager-stop: runsc-bundle processes (0)
PASS: manager-stop: state root holds no container state (0)
PASS: manager-stop: no cleanup call scope left (0)
PASS: manager-stop: no cleanup work dir left (0)
PASS: manager-stop: manager started again (yes)
PASS: manager-stop/s122a: relaunched with a fresh token (b7653aaab11645ecb29d6e228d1b5089, was bf9f016178ddc80dd7ae37a72ca88502)
PASS: manager-stop/s122a: the new launch is recorded running (running)
PASS: manager-stop/s122a: its container runs under the new token (running:b7653aaab11645ecb29d6e228d1b5089)
PASS: manager-stop/s122a: its owning scope is live (active)
PASS: manager-stop/s122b: relaunched with a fresh token (582d7a8d7ca0c0a2c599ee27a6694367, was 8eecc1cbefb6fe9a60fc1ad1c8fa1826)
PASS: manager-stop/s122b: the new launch is recorded running (running)
PASS: manager-stop/s122b: its container runs under the new token (running:582d7a8d7ca0c0a2c599ee27a6694367)
PASS: manager-stop/s122b: its owning scope is live (active)
PASS: manager-stop-after: control records (0)
PASS: manager-stop-after: scopes (0)
PASS: manager-stop-after: labelled containers (0)
PASS: manager-stop-after: runsc-bundle processes (0)
PASS: manager-stop-after: state root holds no container state (0)
PASS: manager-stop-after: no cleanup call scope left (0)
PASS: manager-stop-after: no cleanup work dir left (0)

## 3. session-manager crash (SIGKILL) and restart
PASS: manager-crash: launch 1c34e0f1567c853df562c03160065b79 up
PASS: manager-crash: manager back with a new pid (yes)
PASS: manager-crash: all 19 launch processes gone (pid+starttime)
PASS: manager-crash: scope qdistro-tier3s-1c34e0f1567c853df562c03160065b79.scope gone (unit down, /sys/fs/cgroup/system.slice/qdistro-tier3s-1c34e0f1567c853df562c03160065b79.scope absent)
PASS: manager-crash: per-launch dir /run/qdistro-tier3s/1c34e0f1567c853df562c03160065b79 gone
PASS: manager-crash: control record /run/qdistro-tier3s-ctl/1c34e0f1567c853df562c03160065b79 gone
PASS: manager-crash: container qdistro-tier3s-s122a gone (podman exists rc=1)
PASS: manager-crash: no runsc state for c6a552a62b91 in /run/qdistro-tier3s-runsc/1000
PASS: manager-crash: relaunched with a fresh token (f723471ab999dfa278d4d1ae1a3153be, was 1c34e0f1567c853df562c03160065b79)
PASS: manager-crash: the new launch is recorded running (running)
PASS: manager-crash: its container runs under the new token (running:f723471ab999dfa278d4d1ae1a3153be)
PASS: manager-crash: its owning scope is live (active)
    unit: Stopping qdistro tier-3s (gVisor) silo s122a (Experimental, dev profile only)...
    unit: qdistro-tier3s-cleanup: 1c34e0f1567c853df562c03160065b79: torn down (qdistro-tier3s-s122a)
    unit: spawn-tier3s: signal: tearing down 1c34e0f1567c853df562c03160065b79
    unit: Stopped qdistro tier-3s (gVisor) silo s122a (Experimental, dev profile only).
PASS: manager-crash: systemd completed a stop job for the old launch unit (yes)
PASS: manager-crash: the old launch got the verified cleanup (1)
PASS: manager-crash: StopSilo (Stopped)
PASS: manager-restart: launch 02109f72353ae7be696563576d18f455 up
PASS: manager-restart: manager back with a new pid (yes)
PASS: manager-restart: all 17 launch processes gone (pid+starttime)
PASS: manager-restart: scope qdistro-tier3s-02109f72353ae7be696563576d18f455.scope gone (unit down, /sys/fs/cgroup/system.slice/qdistro-tier3s-02109f72353ae7be696563576d18f455.scope absent)
PASS: manager-restart: per-launch dir /run/qdistro-tier3s/02109f72353ae7be696563576d18f455 gone
PASS: manager-restart: control record /run/qdistro-tier3s-ctl/02109f72353ae7be696563576d18f455 gone
PASS: manager-restart: container qdistro-tier3s-s122a gone (podman exists rc=1)
PASS: manager-restart: no runsc state for 14cb110ae383 in /run/qdistro-tier3s-runsc/1000
PASS: manager-restart: relaunched with a fresh token (32dfe76257dd5b76b382145fa55d981b, was 02109f72353ae7be696563576d18f455)
PASS: manager-restart: the new launch is recorded running (running)
PASS: manager-restart: its container runs under the new token (running:32dfe76257dd5b76b382145fa55d981b)
PASS: manager-restart: its owning scope is live (active)
    unit: Stopping qdistro tier-3s (gVisor) silo s122a (Experimental, dev profile only)...
    unit: qdistro-tier3s-cleanup: 02109f72353ae7be696563576d18f455: torn down (qdistro-tier3s-s122a)
    unit: spawn-tier3s: signal: tearing down 02109f72353ae7be696563576d18f455
    unit: Stopped qdistro tier-3s (gVisor) silo s122a (Experimental, dev profile only).
PASS: manager-restart: systemd completed a stop job for the old launch unit (yes)
PASS: manager-restart: the old launch got the verified cleanup (1)
PASS: manager-restart: StopSilo (Stopped)
PASS: manager-restarts: control records (0)
PASS: manager-restarts: scopes (0)
PASS: manager-restarts: labelled containers (0)
PASS: manager-restarts: runsc-bundle processes (0)
PASS: manager-restarts: state root holds no container state (0)
PASS: manager-restarts: no cleanup call scope left (0)
PASS: manager-restarts: no cleanup work dir left (0)

## 4. reconciliation: the manager's in-memory state is lost
PASS: reconcile/recorded: live launch 4ec1e0bd3f6a24e7da2c6e180c80961f started while the manager was down
PASS: reconcile/recorded: the launch is live and labelled (running:4ec1e0bd3f6a24e7da2c6e180c80961f)
PASS: reconcile/recorded: the restarted manager stopped the unknown launch unit (1)
PASS: reconcile/recorded: all 17 launch processes gone (pid+starttime)
PASS: reconcile/recorded: scope qdistro-tier3s-4ec1e0bd3f6a24e7da2c6e180c80961f.scope gone (unit down, /sys/fs/cgroup/system.slice/qdistro-tier3s-4ec1e0bd3f6a24e7da2c6e180c80961f.scope absent)
PASS: reconcile/recorded: per-launch dir /run/qdistro-tier3s/4ec1e0bd3f6a24e7da2c6e180c80961f gone
PASS: reconcile/recorded: control record /run/qdistro-tier3s-ctl/4ec1e0bd3f6a24e7da2c6e180c80961f gone
PASS: reconcile/recorded: container qdistro-tier3s-s122a gone (podman exists rc=1)
PASS: reconcile/recorded: no runsc state for 9a8f9305f2b6 in /run/qdistro-tier3s-runsc/1000
PASS: reconcile/recorded: silo not relaunched (it was Stopped) (Stopped)
PASS: reconcile/unrecorded: live launch 4cdee9241c520caaf3dfb833f9e1bca0 started while the manager was down
PASS: reconcile/unrecorded: the launch is live and labelled (running:4cdee9241c520caaf3dfb833f9e1bca0)
PASS: reconcile/unrecorded: control record removed by hand (no)
PASS: reconcile/unrecorded: the restarted manager stopped the unknown launch unit (1)
PASS: reconcile/unrecorded: all 23 launch processes gone (pid+starttime)
PASS: reconcile/unrecorded: scope qdistro-tier3s-4cdee9241c520caaf3dfb833f9e1bca0.scope gone (unit down, /sys/fs/cgroup/system.slice/qdistro-tier3s-4cdee9241c520caaf3dfb833f9e1bca0.scope absent)
PASS: reconcile/unrecorded: per-launch dir /run/qdistro-tier3s/4cdee9241c520caaf3dfb833f9e1bca0 gone
PASS: reconcile/unrecorded: control record /run/qdistro-tier3s-ctl/4cdee9241c520caaf3dfb833f9e1bca0 gone
PASS: reconcile/unrecorded: container qdistro-tier3s-s122a gone (podman exists rc=1)
PASS: reconcile/unrecorded: no runsc state for 9cca5b06f57e in /run/qdistro-tier3s-runsc/1000
PASS: reconcile/unrecorded: silo not relaunched (it was Stopped) (Stopped)

## 5. reconciliation: a live labelled container with no launch unit at all
PASS: ghost: labelled container live with no unit and no record (running:no:inactive)
PASS: ghost: reconciliation reaped the labelled container (podman exists rc) (1)
PASS: ghost: its sandbox (State.Pid 17992) is gone (no)
PASS: ghost: the manager reported no reconciliation failure (0)

## 6. cleanup
PASS: DeleteSilo s122a (absent)
PASS: DeleteSilo s122b (absent)
PASS: end: control records (0)
PASS: end: scopes (0)
PASS: end: labelled containers (0)
PASS: end: runsc-bundle processes (0)
PASS: end: state root holds no container state (0)
PASS: end: no cleanup call scope left (0)
PASS: end: no cleanup work dir left (0)
[s122] 152 passes, 0 failures
