[vm-exec] guest identity pinned (pid 3392 start 2417)
[vm-exec] Waiting... (polls=30s elapsed=30s)
[vm-exec] Waiting... (polls=60s elapsed=61s)
[vm-exec] Waiting... (polls=90s elapsed=93s)
[vm-exec] Waiting... (polls=120s elapsed=124s)

## 0. preconditions (setup ran)
PASS: probe PASS before the launches (0:1)
PASS: image present (yes)
PASS: broker allows the smoke spawn (allow)
PASS: pre: control records (0)
PASS: pre: scopes (0)
PASS: pre: labelled containers (0)
PASS: pre: runsc-bundle processes (0)
PASS: pre: state root holds no container state (0)
PASS: pre: no cleanup call scope left (0)
PASS: pre: no cleanup work dir left (0)
PASS: CreateTier3sSilo s130a (Created)
PASS: CreateTier3sSilo s130b (Created)
PASS: CreateTier3sSilo s130c (Created)
    silos.yaml: s130a argv -> ["qdistro-tier3s-smoke", "--hold", "600"]
    silos.yaml: s130b argv -> ["qdistro-tier3s-smoke", "--hold", "600"]
    silos.yaml: s130c argv -> ["qdistro-tier3s-smoke", "--hold", "600"]
PASS: argv set with the manager restarted (yes)

## 1. live silo A: the scope's limit files, values, ownership; placement
PASS: silo A a8200e5da56a642775843d2516188587 recorded running
PASS: limits: memory.max = MemoryMax=2G (2147483648)
PASS: limits: memory.swap.max = MemorySwapMax=0 (0)
PASS: limits: pids.max = TasksMax=1024 (1024)
PASS: limits: cpu.max = CPUQuota=200% (200000 100000)
PASS: limits: memory.max is root's, not admin's (0)
PASS: limits: admin write to memory.max fails (EACCES)
PASS: limits: memory.swap.max is root's, not admin's (0)
PASS: limits: admin write to memory.swap.max fails (EACCES)
PASS: limits: pids.max is root's, not admin's (0)
PASS: limits: admin write to pids.max fails (EACCES)
PASS: limits: cpu.max is root's, not admin's (0)
PASS: limits: admin write to cpu.max fails (EACCES)
PASS: limits: scope dir itself is delegated to admin (1000)
PASS: limits: cgroup.procs delegated (admin-writable) (yes)
PASS: placement[A]: runuser x1 inside the scope
PASS: placement[A]: podman-cli x1 inside the scope
PASS: placement[A]: conmon x1 inside the scope
PASS: placement[A]: runsc-gofer x1 inside the scope
PASS: placement[A]: runsc-sandbox x1 inside the scope
PASS: placement[A]: runsc-fd-parking x1 inside the scope
PASS: placement[A]: systrap-stub x15 inside the scope
PASS: placement[A]: runsc-bundle processes outside the owning scope (0)

## 2. CPUQuota=200% on silo A: in-sandbox burn grows cpu.stat throttling
PASS: cpu: counters readable before the burn (yes)
PASS: cpu: burn ran inside the sandbox (1)
PASS: cpu: nr_throttled grew under a 400%-hungry load (0 -> 121, peak 121)
PASS: cpu: throttled_usec grew (yes)

## 3. TasksMax=1024 on silo C: a guest fork bomb plateaus at pids.max
PASS: silo C bb6502657eeee02d79288d74754d0c1a recorded running
INFO: pids.current before the bomb: 53 (limit 1024)
PASS: tasks: an outside admin process cannot inject itself into the scope (MOVED=no)
    guest bomb: waiting on pid 54: waiting on PID 54 in sandbox "f40812f91d6c737de2bf568c84339789caa3d3a6f5b22a96000634665b388eda": urpc method "containerManager.WaitPID" failed: EOF
INFO: guest bomb: host peak pids.current=1004 (limit 1024), guest jobs=died, fork-error lines: 0
PASS: tasks: host pids.current never exceeded pids.max (yes)
PASS: tasks: the ceiling was actually reached (1004 over baseline 53) (yes)
PASS: tasks: the bomb was bounded (guest jobs=died, ctr=gone)
INFO: memory.events on C's scope after the bomb: low 0 high 0 max 0 oom 0 oom_kill 0 oom_group_kill 0 sock_throttled 0 
PASS: tasks teardown: StopSilo C rc (0)
PASS: tasks: all 17 launch processes gone (pid+starttime)
PASS: tasks: scope qdistro-tier3s-bb6502657eeee02d79288d74754d0c1a.scope gone (unit down, /sys/fs/cgroup/system.slice/qdistro-tier3s-bb6502657eeee02d79288d74754d0c1a.scope absent)
PASS: tasks: per-launch dir /run/qdistro-tier3s/bb6502657eeee02d79288d74754d0c1a gone
PASS: tasks: control record /run/qdistro-tier3s-ctl/bb6502657eeee02d79288d74754d0c1a gone
PASS: tasks: container qdistro-tier3s-s130c gone (podman exists rc=1)
PASS: tasks: no runsc state for f40812f91d6c in /run/qdistro-tier3s-runsc/1000

## 4. MemoryMax=2G on silo B: a guest hog triggers the scope's OOM kill
PASS: silo B e74689f19b9a66fd5ab19cd90b9f5cbb recorded running
INFO: memory.events before the hog: low 0 high 0 max 0 oom 0 oom_kill 0 oom_group_kill 0 sock_throttled 0 
    hog: waiting on pid 54: waiting on PID 54 in sandbox "b0c5cca427b41b62466dec2fec0c2ac08c6e270f7a4ca6025080c4d5b96f3864": urpc method "containerManager.WaitPID" failed: EOF|
    kernel oom lines since launch: 6
PASS: memory: scope OOM-killed the 2.6 GiB hog (oom_kill 0 -> 2, peak 1)
PASS: memory: the hog's launch unit is down (success)
PASS: memory: all 17 launch processes gone (pid+starttime)
PASS: memory: scope qdistro-tier3s-e74689f19b9a66fd5ab19cd90b9f5cbb.scope gone (unit down, /sys/fs/cgroup/system.slice/qdistro-tier3s-e74689f19b9a66fd5ab19cd90b9f5cbb.scope absent)
PASS: memory: per-launch dir /run/qdistro-tier3s/e74689f19b9a66fd5ab19cd90b9f5cbb gone
PASS: memory: control record /run/qdistro-tier3s-ctl/e74689f19b9a66fd5ab19cd90b9f5cbb gone
PASS: memory: container qdistro-tier3s-s130b gone (podman exists rc=1)
PASS: memory: no runsc state for b0c5cca427b4 in /run/qdistro-tier3s-runsc/1000
PASS: memory: StopSilo B afterwards (Stopped)

## 5. teardown of silo A + all clear
PASS: StopSilo A rc (0)
PASS: cpu: all 17 launch processes gone (pid+starttime)
PASS: cpu: scope qdistro-tier3s-a8200e5da56a642775843d2516188587.scope gone (unit down, /sys/fs/cgroup/system.slice/qdistro-tier3s-a8200e5da56a642775843d2516188587.scope absent)
PASS: cpu: per-launch dir /run/qdistro-tier3s/a8200e5da56a642775843d2516188587 gone
PASS: cpu: control record /run/qdistro-tier3s-ctl/a8200e5da56a642775843d2516188587 gone
PASS: cpu: container qdistro-tier3s-s130a gone (podman exists rc=1)
PASS: cpu: no runsc state for fc690cd4c58c in /run/qdistro-tier3s-runsc/1000
PASS: DeleteSilo s130a (absent)
PASS: DeleteSilo s130b (absent)
PASS: DeleteSilo s130c (absent)
PASS: end: control records (0)
PASS: end: scopes (0)
PASS: end: labelled containers (0)
PASS: end: runsc-bundle processes (0)
PASS: end: state root holds no container state (0)
PASS: end: no cleanup call scope left (0)
PASS: end: no cleanup work dir left (0)
[s130] 80 passes, 0 failures
