### host 2026-10-02T06:38:45Z: vm-exec tier3s-261002-075043-707631-1147 <<CMD
. /root/qdistro-src/tier3s/spike/phase0-fix-lib.sh; probe_strace; expect_rc probe-exit 1 $PRC
has first-missing-is-runsc $PO 'RESULT FAIL: first missing prerequisite: runsc (not provisioned'
never_executed unprovisioned; finish
CMD
[vm-exec] guest identity pinned (pid 188314 start 286509)
PASS profile: dev (/etc/qdistro/profile)
PASS kernel: >= 5.6 (7.2.8-1-default)
PASS seccomp: /proc/sys/kernel/seccomp present (actions: kill_process kill_thread trap errno user_notif trace log allow)
PASS userns: max_user_namespaces=15373 (minimum, not capacity)
PASS ptrace_scope: 1 (<= 2)
PASS subuid: admin:100000:65536
PASS subgid: admin:100000:65536
PASS newuidmap: /usr/bin/newuidmap
PASS newgidmap: /usr/bin/newgidmap
PASS pin: /root/qdistro-src/tier3s/RUNSC_RELEASE release=20260928.0
FAIL runsc: not provisioned (/etc/qdistro/runsc-release missing; run tier3s/provision-runsc.sh as root)
FAIL install_path: untrusted: /usr/libexec/qdistro/runsc is not a directory
FAIL bundle: /usr/libexec/qdistro/runsc missing or a symlink
FAIL runsc_version: not executed: installation integrity checks failed (see above)
FAIL wrapper: not checked: install path untrusted (see install_path)
PASS podman: 6.0.2 (>= 6)
FAIL podman_runtime: not checked: podman missing or wrapper not verified
FAIL label_disable: not checked: podman missing or wrapper not verified
INFO kvm: /dev/kvm present (not used: --platform=systrap)
INFO selinux: Permissive
RESULT FAIL: first missing prerequisite: runsc (not provisioned (/etc/qdistro/runsc-release missing; run tier3s/provision-runsc.sh as root))
--- runsc-bundle / fd executions seen by strace -f -e trace=execve:
(none)
CHECK probe-exit: OK (rc=1)
CHECK first-missing-is-runsc: OK
CHECK unprovisioned-reported-not-executed: OK
CHECK unprovisioned-strace-runsc-execs: OK (0)
### checks failed: 0
### exit=0
