### host 2026-10-02T06:38:54Z: vm-exec tier3s-261002-075043-707631-1147 <<CMD
. /root/qdistro-src/tier3s/spike/phase0-fix-lib.sh; mv $R /var/tmp/t3s-runsc.aside
probe_strace; expect_rc probe-exit 1 $PRC
has names-runsc $PO 'RESULT FAIL: first missing prerequisite: runsc (/usr/libexec/qdistro/runsc/runsc missing'
never_executed removed
mv /var/tmp/t3s-runsc.aside $R; probe_tail_pass restored; finish
CMD
[vm-exec] guest identity pinned (pid 188943 start 287326)
PASS profile: dev (/etc/qdistro/profile)
PASS kernel: >= 5.6 (7.2.8-1-default)
PASS seccomp: /proc/sys/kernel/seccomp present (actions: kill_process kill_thread trap errno user_notif trace log allow)
PASS userns: max_user_namespaces=15373 (minimum, not capacity)
PASS ptrace_scope: 1 (<= 2)
PASS subuid: admin:100000:65536
PASS subgid: admin:100000:65536
PASS newuidmap: /usr/bin/newuidmap
PASS newgidmap: /usr/bin/newgidmap
PASS pin: /root/qdistro-src/tier3s/RUNSC_RELEASE release=20260928.0
FAIL runsc: /usr/libexec/qdistro/runsc/runsc missing (run tier3s/provision-runsc.sh as root)
PASS install_path: /usr/libexec/qdistro/runsc and ancestors up to /: real dirs, uid 0, not group/other-writable
FAIL bundle: file set differs: missing=[f 755 root:root runsc,] unexpected=[]
FAIL runsc_version: not executed: installation integrity checks failed (see above)
PASS wrapper: /usr/libexec/qdistro/tier3s-runsc (identical to /root/qdistro-src/tier3s/tier3s-runsc)
PASS podman: 6.0.2 (>= 6)
PASS podman_runtime: --runtime /usr/libexec/qdistro/tier3s-runsc recorded
PASS label_disable: accepted (|[label=disable])
INFO kvm: /dev/kvm present (not used: --platform=systrap)
INFO selinux: Permissive
RESULT FAIL: first missing prerequisite: runsc (/usr/libexec/qdistro/runsc/runsc missing (run tier3s/provision-runsc.sh as root))
--- runsc-bundle / fd executions seen by strace -f -e trace=execve:
(none)
CHECK probe-exit: OK (rc=1)
CHECK names-runsc: OK
CHECK removed-reported-not-executed: OK
CHECK removed-strace-runsc-execs: OK (0)
RESULT PASS: tier 3s prerequisites present
CHECK restored-probe-exit: OK (rc=0)
CHECK restored-probe-pass: OK
### checks failed: 0
### exit=0
