### host 2026-10-02T06:52:39Z: vm-exec tier3s-261002-075043-707631-1147 <<CMD
. /root/qdistro-src/tier3s/spike/phase0-fix-lib.sh; provision idempotent-exit 0; has nothing-to-do $VO 'already installed and matching pin 20260928.0; nothing to do'
probe_strace; expect_rc probe-exit 0 $PRC; has result-pass $PO 'RESULT PASS: tier 3s prerequisites present'
is strace-one-runsc-exec "$NEXEC" 1; is no-leftovers "$(leftovers)" 0; finish
CMD
[vm-exec] guest identity pinned (pid 230332 start 369889)
provision-runsc: holding the provisioning lock /run/qdistro-runsc/provision.lock
provision-runsc: already installed and matching pin 20260928.0; nothing to do
CHECK idempotent-exit: OK (rc=0)
CHECK nothing-to-do: OK
PASS profile: dev (/etc/qdistro/profile)
PASS kernel: >= 5.6 (7.2.8-1-default)
PASS seccomp: /proc/sys/kernel/seccomp present (actions: kill_process kill_thread trap errno user_notif trace log allow)
PASS userns: max_user_namespaces=15373 (minimum, not capacity)
PASS ptrace_scope: 1 (<= 2)
PASS subuid: admin:100000:65536
PASS subgid: admin:100000:65536
PASS newuidmap: /usr/bin/newuidmap
PASS newgidmap: /usr/bin/newgidmap
PASS pin: /root/qdistro-src/tier3s/RUNSC_RELEASE release=20260928.0
PASS runsc: release stamp matches pin; /usr/libexec/qdistro/runsc/runsc present (not yet executed)
PASS install_path: /usr/libexec/qdistro/runsc and ancestors up to /: real dirs, uid 0, not group/other-writable
PASS bundle: /usr/libexec/qdistro/runsc: 6 files, exact set, sha512 match pin
PASS runsc_version: runsc version release-20260928.0 (matches pin, rc=0; executed the verified inode 65027:61866945)
PASS wrapper: /usr/libexec/qdistro/tier3s-runsc (identical to /root/qdistro-src/tier3s/tier3s-runsc)
PASS podman: 6.0.2 (>= 6)
PASS podman_runtime: --runtime /usr/libexec/qdistro/tier3s-runsc recorded
PASS label_disable: accepted (|[label=disable])
INFO kvm: /dev/kvm present (not used: --platform=systrap)
INFO selinux: Permissive
RESULT PASS: tier 3s prerequisites present
--- runsc-bundle / fd executions seen by strace -f -e trace=execve:
230511 execve("/proc/self/fd/10", ["/proc/self/fd/10", "--version"], 0x555d1c8fcbc0 /* 1 var */) = 0
CHECK probe-exit: OK (rc=0)
CHECK result-pass: OK
CHECK strace-one-runsc-exec: OK (1)
CHECK no-leftovers: OK (0)
### checks failed: 0
### exit=0
