### host 2026-10-02T06:26:27Z: vm-exec tier3s-261002-075043-707631-1147 <<CMD
. /root/qdistro-src/tier3s/spike/phase0-fix-lib.sh
echo '## as admin: all mutations (copy in /var/tmp/t3s-unit)'
( cd /var/tmp/t3s-unit && runuser -u admin -- env -i PATH=/usr/bin:/bin HOME=/home/admin python3 tier3s/spike/mutate-guards.py ); expect_rc harness-admin 0 $?
echo '## as root: the root guards reached with real euid 0'
python3 tier3s/spike/mutate-guards.py --only V2,V3,V4; expect_rc harness-root 0 $?
sha256sum tier3s/probe.sh tier3s/provision-runsc.sh tier3s/tier3s-runsc
rm -rf /var/tmp/t3s-unit; finish
CMD
[vm-exec] guest identity pinned (pid 144022 start 212706)
[vm-exec] Waiting... (polls=30s elapsed=30s)
## as admin: all mutations (copy in /var/tmp/t3s-unit)
original sha256 6a94fbff2f0e5e887cfd38004b69c639cbb0e853831a936f5f835cb5606ce396  tier3s/probe.sh
original sha256 f90e4d4d5c7ba807585511e1c4e5f8f57f1a1d250ed360fb8f0b9241a3bc5fc6  tier3s/provision-runsc.sh
original sha256 eed0d492aef801fd01ffe41cd02551f0ce39a2fd1ac86e0658782ff09387a984  tier3s/tier3s-runsc
BASELINE (no mutation): rc=0 42 passed, 1 skipped in 3.95s
MUTATION P1 exec gate removed [tier3s/probe.sh]: CAUGHT; pytest rc=1; 2 failed in 0.12s
    FAILED  test_byte_only_tamper_of_sidecar_hits_the_hash_loop
    FAILED  test_writable_ancestor_is_never_executed
MUTATION P2 fd identity re-check removed [tier3s/probe.sh]: CAUGHT; pytest rc=1; 1 failed in 0.17s
    FAILED  test_swap_between_validation_and_open_is_never_executed
MUTATION P3 fd sha512 re-check removed [tier3s/probe.sh]: CAUGHT; pytest rc=1; 1 failed in 0.17s
    FAILED  test_in_place_rewrite_between_validation_and_open_is_never_executed
MUTATION P4 exec by path instead of the verified fd [tier3s/probe.sh]: CAUGHT; pytest rc=1; 1 failed in 0.17s
    FAILED  test_swap_between_verify_and_exec_runs_the_verified_inode
MUTATION P5 TEST-PASS exits 0 [tier3s/probe.sh]: CAUGHT; pytest rc=1; 1 failed in 0.06s
    FAILED  test_test_root_never_exits_zero
MUTATION P6 per-file sha512 loop removed [tier3s/probe.sh]: CAUGHT; pytest rc=1; 3 failed in 0.14s
    FAILED  test_byte_only_tamper_of_sidecar_hits_the_hash_loop
    FAILED  test_byte_only_tamper_of_runsc_is_never_executed
    FAILED  test_replaced_runsc_with_correct_stamp_is_never_executed
MUTATION P7 trusted-ancestor check removed [tier3s/probe.sh]: CAUGHT; pytest rc=1; 2 failed in 0.09s
    FAILED  test_symlinked_runsc_dir_is_never_executed
    FAILED  test_writable_ancestor_is_never_executed
MUTATION P8 version rc ignored [tier3s/probe.sh]: CAUGHT; pytest rc=1; 1 failed in 0.06s
    FAILED  test_version_text_with_nonzero_exit_fails
MUTATION P9 unverified wrapper handed to podman [tier3s/probe.sh]: CAUGHT; pytest rc=1; 1 failed in 0.06s
    FAILED  test_unverified_wrapper_is_not_handed_to_podman
MUTATION P10 test hooks honoured without the test root [tier3s/probe.sh]: CAUGHT; pytest rc=1; 2 failed in 1.45s
    FAILED  test_pin_hook_refused_without_test_root
    FAILED  test_test_hooks_refused_without_test_root
MUTATION P11 exact file-set check removed [tier3s/probe.sh]: CAUGHT; pytest rc=1; 1 failed in 0.05s
    FAILED  test_group_writable_runsc_is_never_executed
MUTATION P12 content read under an untrusted path [tier3s/probe.sh]: CAUGHT; pytest rc=1; 2 failed in 20.06s
    FAILED  test_fifo_swapped_in_under_untrusted_path_does_not_hang
    FAILED  test_writable_ancestor_is_never_executed
MUTATION V1 provisioning lock not taken [tier3s/provision-runsc.sh]: CAUGHT; pytest rc=1; 1 failed in 0.27s
    FAILED  test_concurrent_provisions_are_serialized
MUTATION V2 --pin guard removed [tier3s/provision-runsc.sh]: CAUGHT; pytest rc=1; 1 failed in 0.03s
    FAILED  test_pin_override_refused_for_root
MUTATION V3 prefix-for-root guard removed [tier3s/provision-runsc.sh]: CAUGHT; pytest rc=1; 1 failed in 0.04s
    FAILED  test_prefix_hook_refused_for_root
MUTATION V4 test-hook refusal removed [tier3s/provision-runsc.sh]: CAUGHT; pytest rc=1; 2 failed in 0.03s
    FAILED  test_test_hooks_refused_for_root[QDISTRO_RUNSC_FAIL_AFTER_SWAP]
    FAILED  test_test_hooks_refused_for_root[QDISTRO_RUNSC_PAUSE_AFTER_SWAP]
MUTATION V5 version rc ignored [tier3s/provision-runsc.sh]: CAUGHT; pytest rc=1; 1 failed in 0.09s
    FAILED  test_version_text_with_nonzero_exit_fails_closed
MUTATION V6 failed rollback cleans up anyway [tier3s/provision-runsc.sh]: CAUGHT; pytest rc=1; 1 failed in 0.30s
    FAILED  test_failed_rollback_preserves_recovery_material
MUTATION V7 trusted_chain disabled [tier3s/provision-runsc.sh]: CAUGHT; pytest rc=1; 2 failed in 0.13s
    FAILED  test_untrusted_lock_dir_is_refused
    FAILED  test_symlinked_lock_dir_is_refused
MUTATION V8 download published before verification [tier3s/provision-runsc.sh]: CAUGHT; pytest rc=1; 1 failed in 0.04s
    FAILED  test_download_is_verified_before_it_is_published
MUTATION V9 download into an unchecked cache dir [tier3s/provision-runsc.sh]: CAUGHT; pytest rc=1; 2 failed in 0.06s
    FAILED  test_download_refused_into_writable_cache_dir
    FAILED  test_download_refused_through_symlinked_cache_dir
MUTATION W1 wrapper keeps the caller environment [tier3s/tier3s-runsc]: CAUGHT; pytest rc=1; 1 failed in 0.02s
    FAILED  test_wrapper_scrubs_environment_and_fixes_flags
restored OK sha256 6a94fbff2f0e5e887cfd38004b69c639cbb0e853831a936f5f835cb5606ce396  tier3s/probe.sh
restored OK sha256 f90e4d4d5c7ba807585511e1c4e5f8f57f1a1d250ed360fb8f0b9241a3bc5fc6  tier3s/provision-runsc.sh
restored OK sha256 eed0d492aef801fd01ffe41cd02551f0ce39a2fd1ac86e0658782ff09387a984  tier3s/tier3s-runsc
AFTER RESTORE: rc=0 42 passed, 1 skipped in 3.28s
RESULT PASS: 22 mutations, 0 problem(s)
CHECK harness-admin: OK (rc=0)
## as root: the root guards reached with real euid 0
original sha256 6a94fbff2f0e5e887cfd38004b69c639cbb0e853831a936f5f835cb5606ce396  tier3s/probe.sh
original sha256 f90e4d4d5c7ba807585511e1c4e5f8f57f1a1d250ed360fb8f0b9241a3bc5fc6  tier3s/provision-runsc.sh
original sha256 eed0d492aef801fd01ffe41cd02551f0ce39a2fd1ac86e0658782ff09387a984  tier3s/tier3s-runsc
BASELINE (no mutation): rc=0 24 passed, 19 skipped, 1 warning in 1.17s
MUTATION V2 --pin guard removed [tier3s/provision-runsc.sh]: CAUGHT; pytest rc=1; 1 failed, 1 warning in 0.05s
    FAILED  test_pin_override_refused_for_root
MUTATION V3 prefix-for-root guard removed [tier3s/provision-runsc.sh]: CAUGHT; pytest rc=1; 1 failed, 1 warning in 0.06s
    FAILED  test_prefix_hook_refused_for_root
MUTATION V4 test-hook refusal removed [tier3s/provision-runsc.sh]: CAUGHT; pytest rc=1; 2 failed, 1 warning in 0.73s
    FAILED  test_test_hooks_refused_for_root[QDISTRO_RUNSC_FAIL_AFTER_SWAP]
    FAILED  test_test_hooks_refused_for_root[QDISTRO_RUNSC_PAUSE_AFTER_SWAP]
restored OK sha256 6a94fbff2f0e5e887cfd38004b69c639cbb0e853831a936f5f835cb5606ce396  tier3s/probe.sh
restored OK sha256 f90e4d4d5c7ba807585511e1c4e5f8f57f1a1d250ed360fb8f0b9241a3bc5fc6  tier3s/provision-runsc.sh
restored OK sha256 eed0d492aef801fd01ffe41cd02551f0ce39a2fd1ac86e0658782ff09387a984  tier3s/tier3s-runsc
AFTER RESTORE: rc=0 24 passed, 19 skipped, 1 warning in 1.16s
RESULT PASS: 3 mutations, 0 problem(s)
CHECK harness-root: OK (rc=0)
6a94fbff2f0e5e887cfd38004b69c639cbb0e853831a936f5f835cb5606ce396  tier3s/probe.sh
f90e4d4d5c7ba807585511e1c4e5f8f57f1a1d250ed360fb8f0b9241a3bc5fc6  tier3s/provision-runsc.sh
eed0d492aef801fd01ffe41cd02551f0ce39a2fd1ac86e0658782ff09387a984  tier3s/tier3s-runsc
### checks failed: 0
### exit=0
