### host 2026-10-02T06:52:33Z: vm-exec tier3s-261002-075043-707631-1147 <<CMD
. /root/qdistro-src/tier3s/spike/phase0-fix-lib.sh; rm -rf /var/tmp/t3s-hostile /etc/t3s-sentinel
runuser -u admin -- env -i PATH=/usr/bin:/bin HOME=/home/admin XDG_RUNTIME_DIR=/run/user/1000 podman rmi -f localhost/tier3s-probe:empty
if runuser -u admin -- env -i PATH=/usr/bin:/bin HOME=/home/admin XDG_RUNTIME_DIR=/run/user/1000 podman image exists localhost/tier3s-probe:empty; then bad scratch-image-absent; else ok scratch-image-absent; fi
mkdir -m 0777 /var/tmp/t3s-hostile; printf 'precious\n' > /etc/t3s-sentinel; chmod 0600 /etc/t3s-sentinel
s0=$(stat -c '%a %U %s' /etc/t3s-sentinel)$(sha256sum < /etc/t3s-sentinel)
echo '## probe as root with a hostile TMPDIR (0777, not sticky) and the scratch image absent'
TMPDIR=/var/tmp/t3s-hostile strace -f -qq -e trace=mkdir,mkdirat,chmod,fchmod,fchmodat,fchmodat2 -o /var/tmp/t3s-tr-ch tier3s/probe.sh --user admin > $PO 2>&1; PRC=$?
cat $PO; expect_rc probe-exit 0 $PRC
has probe-pass $PO 'RESULT PASS: tier 3s prerequisites present'
has runtime-recorded $PO 'PASS podman_runtime: --runtime /usr/libexec/qdistro/tier3s-runsc recorded'
echo "--- mkdir/chmod-family syscalls naming the hostile TMPDIR: $(grep -c t3s-hostile /var/tmp/t3s-tr-ch)"
is no-syscall-touches-tmpdir "$(grep -c t3s-hostile /var/tmp/t3s-tr-ch)" 0
is hostile-tmpdir-empty "$(ls -A /var/tmp/t3s-hostile | wc -l)" 0
is sentinel-unchanged "$(stat -c '%a %U %s' /etc/t3s-sentinel)$(sha256sum < /etc/t3s-sentinel)" "$s0"
if runuser -u admin -- env -i PATH=/usr/bin:/bin HOME=/home/admin XDG_RUNTIME_DIR=/run/user/1000 podman image exists localhost/tier3s-probe:empty; then ok scratch-image-imported; else bad scratch-image-imported; fi
runuser -u admin -- env -i PATH=/usr/bin:/bin HOME=/home/admin XDG_RUNTIME_DIR=/run/user/1000 podman image inspect --format '{{.Id}} layers={{len .RootFS.Layers}}' localhost/tier3s-probe:empty
rm -rf /var/tmp/t3s-hostile /etc/t3s-sentinel; finish
CMD
[vm-exec] guest identity pinned (pid 229392 start 369305)
Untagged: localhost/tier3s-probe:empty
Deleted: 95382523122799f4bfd3d60b5d267dfae6c4ce9421364be3ba27950bccc661da
CHECK scratch-image-absent: OK
## probe as root with a hostile TMPDIR (0777, not sticky) and the scratch image absent
PASS profile: dev (/etc/qdistro/profile)
PASS kernel: >= 5.6 (7.2.8-1-default)
PASS seccomp: /proc/sys/kernel/seccomp present (actions: kill_process kill_thread trap errno user_notif trace log allow)
PASS userns: max_user_namespaces=15373 (minimum, not capacity)
PASS ptrace_scope: 1 (<= 2)
PASS subuid: admin:100000:65536
PASS subgid: admin:100000:65536
PASS newuidmap: /usr/bin/newuidmap
PASS newgidmap: /usr/bin/newgidmap
PASS pin: /root/qdistro-src/tier3s/RUNSC_RELEASE release=20260928.0
PASS runsc: release stamp matches pin; /usr/libexec/qdistro/runsc/runsc present (not yet executed)
PASS install_path: /usr/libexec/qdistro/runsc and ancestors up to /: real dirs, uid 0, not group/other-writable
PASS bundle: /usr/libexec/qdistro/runsc: 6 files, exact set, sha512 match pin
PASS runsc_version: runsc version release-20260928.0 (matches pin, rc=0; executed the verified inode 65027:61866945)
PASS wrapper: /usr/libexec/qdistro/tier3s-runsc (identical to /root/qdistro-src/tier3s/tier3s-runsc)
PASS podman: 6.0.2 (>= 6)
PASS podman_runtime: --runtime /usr/libexec/qdistro/tier3s-runsc recorded
PASS label_disable: accepted (|[label=disable])
INFO kvm: /dev/kvm present (not used: --platform=systrap)
INFO selinux: Permissive
RESULT PASS: tier 3s prerequisites present
CHECK probe-exit: OK (rc=0)
CHECK probe-pass: OK
CHECK runtime-recorded: OK
--- mkdir/chmod-family syscalls naming the hostile TMPDIR: 0
CHECK no-syscall-touches-tmpdir: OK (0)
CHECK hostile-tmpdir-empty: OK (0)
CHECK sentinel-unchanged: OK (600 root 9a37214679d4cdc0b4724e05883a60eb979d19dd3a394438f17ef85846fadcee0  -)
CHECK scratch-image-imported: OK
c869e8c2409a08b34fb53a7a1758c5d8933242f8878830da86fda43a37baa380 layers=1
### checks failed: 0
### exit=0
